[10000000000000000000, 18446744073709551616) on NVIDIA GB10: wheel 37 (1516640125 classes, ~1.73e+15 candidates), B = 65536 (42 pattern, 510 medium, 5978 large primes), 46284 chunks of 16384
classes [758333440, 1516640125) of 1516640125 only (partial count)
progress: 0.3s  chunks 1/46284 (0.002%)  6.84e+10 bits/s  found 215631  ETA 3h30m25s
progress: 5m00s  chunks 2054/46284 (4.438%)  1.27e+11 bits/s  found 441753191  ETA 1h47m51s
progress: 10m00s  chunks 4102/46284 (8.863%)  1.27e+11 bits/s  found 882202017  ETA 1h42m55s
progress: 15m00s  chunks 6128/46284 (13.240%)  1.27e+11 bits/s  found 1317911065  ETA 1h38m21s
progress: 20m00s  chunks 8174/46284 (17.661%)  1.27e+11 bits/s  found 1757887018  ETA 1h33m18s
progress: 25m00s  chunks 10208/46284 (22.055%)  1.27e+11 bits/s  found 2195298754  ETA 1h28m24s
progress: 30m00s  chunks 12240/46284 (26.445%)  1.27e+11 bits/s  found 2632314698  ETA 1h23m29s
progress: 35m00s  chunks 14264/46284 (30.818%)  1.27e+11 bits/s  found 3067612480  ETA 1h18m36s
progress: 40m01s  chunks 16292/46284 (35.200%)  1.27e+11 bits/s  found 3503725756  SPSP!  ETA 1h13m40s
progress: 45m01s  chunks 18332/46284 (39.608%)  1.27e+11 bits/s  found 3942468758  SPSP!  ETA 1h08m38s
progress: 50m01s  chunks 20376/46284 (44.024%)  1.27e+11 bits/s  found 4382037001  SPSP!  ETA 1h03m36s
progress: 55m01s  chunks 22420/46284 (48.440%)  1.27e+11 bits/s  found 4821618473  SPSP!  ETA 58m34s
progress: 1h00m01s  chunks 24446/46284 (52.817%)  1.27e+11 bits/s  found 5257356399  SPSP!  ETA 53m37s
progress: 1h05m01s  chunks 26486/46284 (57.225%)  1.27e+11 bits/s  found 5696041251  SPSP!  ETA 48m36s
progress: 1h10m02s  chunks 28532/46284 (61.645%)  1.27e+11 bits/s  found 6136036322  SPSP!  ETA 43m34s
progress: 1h15m02s  chunks 30580/46284 (66.070%)  1.27e+11 bits/s  found 6576457353  SPSP!  ETA 38m32s
progress: 1h20m02s  chunks 32628/46284 (70.495%)  1.27e+11 bits/s  found 7016891860  SPSP!  ETA 33m29s
progress: 1h25m02s  chunks 34676/46284 (74.920%)  1.27e+11 bits/s  found 7457335240  SPSP!  ETA 28m28s
progress: 1h30m02s  chunks 36724/46284 (79.345%)  1.27e+11 bits/s  found 7897771524  SPSP!  ETA 23m26s
progress: 1h35m02s  chunks 38772/46284 (83.770%)  1.27e+11 bits/s  found 8338207207  SPSP!  ETA 18m24s
progress: 1h40m03s  chunks 40820/46284 (88.195%)  1.27e+11 bits/s  found 8778638909  SPSP!  ETA 13m23s
progress: 1h45m03s  chunks 42868/46284 (92.619%)  1.27e+11 bits/s  found 9219121915  SPSP!  ETA 8m22s
progress: 1h50m03s  chunks 44916/46284 (97.044%)  1.27e+11 bits/s  found 9659559916  SPSP!  ETA 3m21s
done in 1h53m23s (1.27e+11 bits/s)
