[10000000000000000000, 18446744073709551616) on NVIDIA GB10: wheel 37 (1516640125 classes, ~1.73e+15 candidates), B = 65536 (42 pattern, 510 medium, 5978 large primes), 46285 chunks of 16384
classes [0, 758333440) of 1516640125 only (partial count)
progress: 0.3s  chunks 1/46285 (0.002%)  6.82e+10 bits/s  found 213989  ETA 3h30m47s
progress: 5m00s  chunks 2034/46285 (4.395%)  1.26e+11 bits/s  found 437420482  ETA 1h48m53s
progress: 10m00s  chunks 4066/46285 (8.785%)  1.26e+11 bits/s  found 874438317  ETA 1h43m54s
progress: 15m00s  chunks 6098/46285 (13.175%)  1.26e+11 bits/s  found 1311438946  ETA 1h38m53s
progress: 20m00s  chunks 8138/46285 (17.582%)  1.26e+11 bits/s  found 1750202635  ETA 1h33m48s
progress: 25m00s  chunks 10188/46285 (22.011%)  1.27e+11 bits/s  found 2191057419  ETA 1h28m37s
progress: 30m00s  chunks 12236/46285 (26.436%)  1.27e+11 bits/s  found 2631537658  ETA 1h23m31s
progress: 35m00s  chunks 14272/46285 (30.835%)  1.27e+11 bits/s  found 3069399521  ETA 1h18m32s
progress: 40m01s  chunks 16312/46285 (35.243%)  1.27e+11 bits/s  found 3508120529  ETA 1h13m32s
progress: 45m01s  chunks 18362/46285 (39.672%)  1.27e+11 bits/s  found 3948990669  ETA 1h08m27s
progress: 50m01s  chunks 20396/46285 (44.066%)  1.27e+11 bits/s  found 4386429184  ETA 1h03m29s
progress: 55m01s  chunks 22430/46285 (48.461%)  1.27e+11 bits/s  found 4823844365  ETA 58m31s
progress: 1h00m01s  chunks 24466/46285 (52.859%)  1.27e+11 bits/s  found 5261693843  ETA 53m32s
progress: 1h05m01s  chunks 26502/46285 (57.258%)  1.27e+11 bits/s  found 5699573576  ETA 48m32s
progress: 1h10m02s  chunks 28552/46285 (61.687%)  1.27e+11 bits/s  found 6140442426  ETA 43m29s
progress: 1h15m02s  chunks 30602/46285 (66.116%)  1.27e+11 bits/s  found 6581256408  ETA 38m27s
progress: 1h20m02s  chunks 32640/46285 (70.520%)  1.27e+11 bits/s  found 7019559827  ETA 33m27s
progress: 1h25m02s  chunks 34678/46285 (74.923%)  1.27e+11 bits/s  found 7457812730  ETA 28m27s
progress: 1h30m03s  chunks 36726/46285 (79.348%)  1.27e+11 bits/s  found 7898276930  ETA 23m26s
progress: 1h35m03s  chunks 38760/46285 (83.742%)  1.27e+11 bits/s  found 8335701908  ETA 18m27s
progress: 1h40m03s  chunks 40792/46285 (88.132%)  1.27e+11 bits/s  found 8772678089  ETA 13m28s
progress: 1h45m03s  chunks 42826/46285 (92.527%)  1.27e+11 bits/s  found 9210074357  ETA 8m29s
progress: 1h50m03s  chunks 44858/46285 (96.917%)  1.27e+11 bits/s  found 9647072986  ETA 3m30s
done in 1h53m32s (1.27e+11 bits/s)
