build: 7c75e38c1115 clang++ 21.0.0 arm64
fen: 1nbqkbn1/pppppppp/8/8/8/8/PPPPPPPP/1NBQKBN1 w - - 0 1
threads: 24  table: 32768 MB  seed: 2  ttmin: 2
build: 7c75e38c1115 clang++ 21.0.0 arm64
fen: 1nbqkbn1/pppppppp/8/8/8/8/PPPPPPPP/1NBQKBN1 w - - 0 1
threads: 24  table: 32768 MB  seed: 2  ttmin: 2
split ply 6: 8095245 unique positions (106770421 paths), 10.3s
  86948/8095245 tasks (1.07%)  610s elapsed  ETA 55275s
  167744/8095245 tasks (2.07%)  1211s elapsed  ETA 56726s
  245682/8095245 tasks (3.03%)  1811s elapsed  ETA 57527s
  314160/8095245 tasks (3.88%)  2411s elapsed  ETA 59461s
  375588/8095245 tasks (4.64%)  3011s elapsed  ETA 61679s
  433575/8095245 tasks (5.36%)  3611s elapsed  ETA 63634s
  488117/8095245 tasks (6.03%)  4211s elapsed  ETA 65474s
  559103/8095245 tasks (6.91%)  4812s elapsed  ETA 64716s
  618123/8095245 tasks (7.64%)  5412s elapsed  ETA 65337s
  663882/8095245 tasks (8.20%)  6012s elapsed  ETA 67180s
  727347/8095245 tasks (8.98%)  6612s elapsed  ETA 66874s
  785091/8095245 tasks (9.70%)  7212s elapsed  ETA 67058s
  841641/8095245 tasks (10.40%)  7812s elapsed  ETA 67240s
  899644/8095245 tasks (11.11%)  8412s elapsed  ETA 67202s
  958674/8095245 tasks (11.84%)  9012s elapsed  ETA 67013s
  1010353/8095245 tasks (12.48%)  9612s elapsed  ETA 67333s
  1060068/8095245 tasks (13.09%)  10213s elapsed  ETA 67707s
  1107426/8095245 tasks (13.68%)  10813s elapsed  ETA 68162s
  1145702/8095245 tasks (14.15%)  11413s elapsed  ETA 69164s
  1204817/8095245 tasks (14.88%)  12013s elapsed  ETA 68643s
  1258660/8095245 tasks (15.55%)  12613s elapsed  ETA 68453s
  1302934/8095245 tasks (16.10%)  13213s elapsed  ETA 68826s
  1340437/8095245 tasks (16.56%)  13813s elapsed  ETA 69555s
  1393484/8095245 tasks (17.21%)  14413s elapsed  ETA 69268s
  1451253/8095245 tasks (17.93%)  15013s elapsed  ETA 68685s
  1504633/8095245 tasks (18.59%)  15613s elapsed  ETA 68345s
  1561153/8095245 tasks (19.28%)  16213s elapsed  ETA 67817s
  1619781/8095245 tasks (20.01%)  16814s elapsed  ETA 67176s
  1669310/8095245 tasks (20.62%)  17414s elapsed  ETA 66994s
  1718193/8095245 tasks (21.22%)  18014s elapsed  ETA 66820s
  1765629/8095245 tasks (21.81%)  18614s elapsed  ETA 66693s
  1803754/8095245 tasks (22.28%)  19214s elapsed  ETA 66983s
  1860375/8095245 tasks (22.98%)  19814s elapsed  ETA 66371s
  1912661/8095245 tasks (23.63%)  20414s elapsed  ETA 65955s
  1955252/8095245 tasks (24.15%)  21014s elapsed  ETA 65958s
  1995518/8095245 tasks (24.65%)  21614s elapsed  ETA 66038s
  2051996/8095245 tasks (25.35%)  22214s elapsed  ETA 65393s
  2103859/8095245 tasks (25.99%)  22815s elapsed  ETA 64942s
  2156517/8095245 tasks (26.64%)  23415s elapsed  ETA 64452s
  2210269/8095245 tasks (27.30%)  24015s elapsed  ETA 63914s
  2256573/8095245 tasks (27.88%)  24615s elapsed  ETA 63662s
  2304666/8095245 tasks (28.47%)  25215s elapsed  ETA 63328s
  2343817/8095245 tasks (28.95%)  25815s elapsed  ETA 63322s
  2396898/8095245 tasks (29.61%)  26415s elapsed  ETA 62775s
  2447257/8095245 tasks (30.23%)  27015s elapsed  ETA 62325s
  2484848/8095245 tasks (30.70%)  27615s elapsed  ETA 62328s
  2539233/8095245 tasks (31.37%)  28216s elapsed  ETA 61715s
  2590065/8095245 tasks (31.99%)  28816s elapsed  ETA 61226s
  2643932/8095245 tasks (32.66%)  29416s elapsed  ETA 60629s
  2699916/8095245 tasks (33.35%)  30016s elapsed  ETA 59961s
  2749379/8095245 tasks (33.96%)  30616s elapsed  ETA 59509s
  2795838/8095245 tasks (34.54%)  31216s elapsed  ETA 59149s
  2837136/8095245 tasks (35.05%)  31816s elapsed  ETA 58946s
  2890476/8095245 tasks (35.71%)  32416s elapsed  ETA 58352s
  2941195/8095245 tasks (36.33%)  33016s elapsed  ETA 57839s
  2977758/8095245 tasks (36.78%)  33616s elapsed  ETA 57754s
  3026600/8095245 tasks (37.39%)  34217s elapsed  ETA 57285s
  3070372/8095245 tasks (37.93%)  34817s elapsed  ETA 56963s
  3115166/8095245 tasks (38.48%)  35417s elapsed  ETA 56603s
  3162685/8095245 tasks (39.07%)  36017s elapsed  ETA 56156s
  3208712/8095245 tasks (39.64%)  36617s elapsed  ETA 55748s
  3250473/8095245 tasks (40.15%)  37217s elapsed  ETA 55456s
  3291159/8095245 tasks (40.66%)  37817s elapsed  ETA 55187s
  3329812/8095245 tasks (41.13%)  38417s elapsed  ETA 54966s
  3365245/8095245 tasks (41.57%)  39017s elapsed  ETA 54826s
  3412426/8095245 tasks (42.15%)  39618s elapsed  ETA 54352s
  3458421/8095245 tasks (42.72%)  40218s elapsed  ETA 53907s
  3492830/8095245 tasks (43.15%)  40818s elapsed  ETA 53771s
  3529178/8095245 tasks (43.60%)  41418s elapsed  ETA 53573s
  3574127/8095245 tasks (44.15%)  42018s elapsed  ETA 53138s
  3617066/8095245 tasks (44.68%)  42618s elapsed  ETA 52752s
  3660072/8095245 tasks (45.21%)  43218s elapsed  ETA 52358s
  3702930/8095245 tasks (45.74%)  43818s elapsed  ETA 51964s
  3749503/8095245 tasks (46.32%)  44418s elapsed  ETA 51470s
  3789764/8095245 tasks (46.81%)  45018s elapsed  ETA 51133s
  3827739/8095245 tasks (47.28%)  45619s elapsed  ETA 50848s
  3866540/8095245 tasks (47.76%)  46219s elapsed  ETA 50537s
  3899158/8095245 tasks (48.17%)  46819s elapsed  ETA 50373s
  3934016/8095245 tasks (48.60%)  47419s elapsed  ETA 50147s
  3982682/8095245 tasks (49.20%)  48019s elapsed  ETA 49574s
  4025341/8095245 tasks (49.72%)  48619s elapsed  ETA 49147s
  4058028/8095245 tasks (50.13%)  49219s elapsed  ETA 48957s
  4091312/8095245 tasks (50.54%)  49819s elapsed  ETA 48745s
  4137183/8095245 tasks (51.11%)  50419s elapsed  ETA 48227s
  4181081/8095245 tasks (51.65%)  51020s elapsed  ETA 47753s
  4217019/8095245 tasks (52.09%)  51620s elapsed  ETA 47463s
  4258328/8095245 tasks (52.60%)  52220s elapsed  ETA 47043s
  4300325/8095245 tasks (53.12%)  52820s elapsed  ETA 46603s
  4342997/8095245 tasks (53.65%)  53420s elapsed  ETA 46145s
  4385749/8095245 tasks (54.18%)  54020s elapsed  ETA 45682s
  4423981/8095245 tasks (54.65%)  54620s elapsed  ETA 45318s
  4460530/8095245 tasks (55.10%)  55220s elapsed  ETA 44989s
