[psph] h=9 k=8 TGT=6083 threads=10
[psph] bounds a_{j+1} <= n_h(j)+1: n(1)=9 n(2)=34 n(3)=112 n(4)=326 n(5)=797 n(6)=1617 n(7)=3191
[psph] lower bounds a_j >= LOW[j]: L2=2 L3=2 L4=2 L5=2 L6=9 L7=75 L8=676
[psph] split depth 4: 11003 work items (generated in 0.00s)
[psph] processing work items [4200, 4450) of 11003
[psph] 1/250 items (0.4%) [range 4200..4450 of 11003] elapsed 5.0m, ETA 20.75h, leaf cand 1.23e+11, full checks 490963025, sols 0
[psph] 9/250 items (3.6%) [range 4200..4450 of 11003] elapsed 10.0m, ETA 4.46h, leaf cand 2.17e+11, full checks 1313766432, sols 0
[psph] 14/250 items (5.6%) [range 4200..4450 of 11003] elapsed 15.0m, ETA 4.21h, leaf cand 3.02e+11, full checks 2195074340, sols 0
[psph] 18/250 items (7.2%) [range 4200..4450 of 11003] elapsed 20.0m, ETA 4.30h, leaf cand 3.84e+11, full checks 3136022428, sols 0
[psph] 23/250 items (9.2%) [range 4200..4450 of 11003] elapsed 25.0m, ETA 4.11h, leaf cand 4.64e+11, full checks 4066317462, sols 0
[psph] 27/250 items (10.8%) [range 4200..4450 of 11003] elapsed 30.0m, ETA 4.13h, leaf cand 5.33e+11, full checks 5122257703, sols 0
[psph] 31/250 items (12.4%) [range 4200..4450 of 11003] elapsed 35.0m, ETA 4.12h, leaf cand 6.08e+11, full checks 6074704399, sols 0
[psph] 33/250 items (13.2%) [range 4200..4450 of 11003] elapsed 40.0m, ETA 4.38h, leaf cand 6.67e+11, full checks 7253091044, sols 0
[psph] 36/250 items (14.4%) [range 4200..4450 of 11003] elapsed 45.0m, ETA 4.46h, leaf cand 7.21e+11, full checks 8554389013, sols 0
[psph] 41/250 items (16.4%) [range 4200..4450 of 11003] elapsed 50.0m, ETA 4.25h, leaf cand 7.81e+11, full checks 9722245842, sols 0
[psph] 44/250 items (17.6%) [range 4200..4450 of 11003] elapsed 55.0m, ETA 4.29h, leaf cand 8.4e+11, full checks 10861308078, sols 0
[psph] 47/250 items (18.8%) [range 4200..4450 of 11003] elapsed 60.0m, ETA 4.32h, leaf cand 8.99e+11, full checks 11998084805, sols 0
[psph] 55/250 items (22.0%) [range 4200..4450 of 11003] elapsed 65.0m, ETA 3.84h, leaf cand 9.79e+11, full checks 13031223298, sols 0
[psph] 59/250 items (23.6%) [range 4200..4450 of 11003] elapsed 70.0m, ETA 3.78h, leaf cand 1.06e+12, full checks 14082201552, sols 0
[psph] 67/250 items (26.8%) [range 4200..4450 of 11003] elapsed 75.0m, ETA 3.41h, leaf cand 1.15e+12, full checks 14939654387, sols 0
[psph] 73/250 items (29.2%) [range 4200..4450 of 11003] elapsed 80.0m, ETA 3.23h, leaf cand 1.25e+12, full checks 15678962180, sols 0
[psph] 77/250 items (30.8%) [range 4200..4450 of 11003] elapsed 85.0m, ETA 3.18h, leaf cand 1.33e+12, full checks 16656687266, sols 0
[psph] 83/250 items (33.2%) [range 4200..4450 of 11003] elapsed 90.0m, ETA 3.02h, leaf cand 1.42e+12, full checks 17484330044, sols 0
[psph] 85/250 items (34.0%) [range 4200..4450 of 11003] elapsed 95.0m, ETA 3.07h, leaf cand 1.49e+12, full checks 18502473475, sols 0
[psph] 88/250 items (35.2%) [range 4200..4450 of 11003] elapsed 100.0m, ETA 3.07h, leaf cand 1.56e+12, full checks 19627173952, sols 0
[psph] 95/250 items (38.0%) [range 4200..4450 of 11003] elapsed 105.0m, ETA 2.86h, leaf cand 1.63e+12, full checks 20608365420, sols 0
[psph] 100/250 items (40.0%) [range 4200..4450 of 11003] elapsed 110.0m, ETA 2.75h, leaf cand 1.7e+12, full checks 21615286429, sols 0
[psph] 103/250 items (41.2%) [range 4200..4450 of 11003] elapsed 115.0m, ETA 2.74h, leaf cand 1.76e+12, full checks 22732429970, sols 0
[psph] 107/250 items (42.8%) [range 4200..4450 of 11003] elapsed 2.00h, ETA 2.67h, leaf cand 1.81e+12, full checks 23990645856, sols 0
[psph] 111/250 items (44.4%) [range 4200..4450 of 11003] elapsed 2.08h, ETA 2.61h, leaf cand 1.87e+12, full checks 25137981323, sols 0
[psph] 114/250 items (45.6%) [range 4200..4450 of 11003] elapsed 2.17h, ETA 2.58h, leaf cand 1.93e+12, full checks 26363864275, sols 0
[psph] 121/250 items (48.4%) [range 4200..4450 of 11003] elapsed 2.25h, ETA 2.40h, leaf cand 2.01e+12, full checks 27352377972, sols 0
[psph] 126/250 items (50.4%) [range 4200..4450 of 11003] elapsed 2.33h, ETA 2.30h, leaf cand 2.1e+12, full checks 28326705403, sols 0
[psph] 133/250 items (53.2%) [range 4200..4450 of 11003] elapsed 2.42h, ETA 2.13h, leaf cand 2.19e+12, full checks 29121021415, sols 0
[psph] 138/250 items (55.2%) [range 4200..4450 of 11003] elapsed 2.50h, ETA 2.03h, leaf cand 2.28e+12, full checks 29986151673, sols 0
[psph] 141/250 items (56.4%) [range 4200..4450 of 11003] elapsed 2.58h, ETA 119.8m, leaf cand 2.35e+12, full checks 31026913632, sols 0
[psph] 147/250 items (58.8%) [range 4200..4450 of 11003] elapsed 2.67h, ETA 112.1m, leaf cand 2.44e+12, full checks 31950819070, sols 0
[psph] 150/250 items (60.0%) [range 4200..4450 of 11003] elapsed 2.75h, ETA 110.0m, leaf cand 2.51e+12, full checks 32928630578, sols 0
[psph] 154/250 items (61.6%) [range 4200..4450 of 11003] elapsed 2.83h, ETA 106.0m, leaf cand 2.58e+12, full checks 33984562921, sols 0
[psph] 154/250 items (61.6%) [range 4200..4450 of 11003] elapsed 2.92h, ETA 109.1m, leaf cand 2.64e+12, full checks 35158347305, sols 0
[psph] 161/250 items (64.4%) [range 4200..4450 of 11003] elapsed 3.00h, ETA 99.5m, leaf cand 2.71e+12, full checks 36311043835, sols 0
[psph] 165/250 items (66.0%) [range 4200..4450 of 11003] elapsed 3.08h, ETA 95.3m, leaf cand 2.77e+12, full checks 37303636827, sols 0
[psph] 173/250 items (69.2%) [range 4200..4450 of 11003] elapsed 3.17h, ETA 84.6m, leaf cand 2.83e+12, full checks 38388670385, sols 0
[psph] 173/250 items (69.2%) [range 4200..4450 of 11003] elapsed 3.25h, ETA 86.8m, leaf cand 2.89e+12, full checks 39475157988, sols 0
[psph] 178/250 items (71.2%) [range 4200..4450 of 11003] elapsed 3.33h, ETA 80.9m, leaf cand 2.94e+12, full checks 40713616159, sols 0
[psph] 179/250 items (71.6%) [range 4200..4450 of 11003] elapsed 3.42h, ETA 81.3m, leaf cand 2.99e+12, full checks 42093784741, sols 0
[psph] 189/250 items (75.6%) [range 4200..4450 of 11003] elapsed 3.50h, ETA 67.8m, leaf cand 3.07e+12, full checks 43194098377, sols 0
[psph] 193/250 items (77.2%) [range 4200..4450 of 11003] elapsed 3.58h, ETA 63.5m, leaf cand 3.16e+12, full checks 44063835329, sols 0
[psph] 197/250 items (78.8%) [range 4200..4450 of 11003] elapsed 3.67h, ETA 59.2m, leaf cand 3.24e+12, full checks 44997904087, sols 0
[psph] 201/250 items (80.4%) [range 4200..4450 of 11003] elapsed 3.75h, ETA 54.9m, leaf cand 3.32e+12, full checks 45968908283, sols 0
