2026-09-27 11:14:58  started (pid 7269): ./gapsieve -l 17 -s 2.329e20 -e 2.656e20 --first -c a16w19.ck -r --log a16w19.log -q --gpu
2026-09-27 11:14:58  consecutive primes, chain length >= 17, range 232900000000000000000..265600000000000000000, GPU (Apple M4 Max) plus 12 CPU threads, first match only
2026-09-27 11:14:58  (sieve: wheel 9699690 with 12960 classes; 38 primes pre-sieved in 12 patterns, 6 offsets to depth 199; segment 1.27e+12)
2026-09-27 11:15:59  0.23%  eta 07:13:57  no hit yet  1.25P/s  at 2.32975e+20  elapsed 00:01:00
2026-09-27 11:16:59  0.46%  eta 07:10:12  no hit yet  1.26P/s  at 2.33052e+20  elapsed 00:02:00
2026-09-27 11:17:59  0.70%  eta 07:08:20  no hit yet  1.26P/s  at 2.33128e+20  elapsed 00:03:00
2026-09-27 11:18:59  0.93%  eta 07:06:38  no hit yet  1.27P/s  at 2.33205e+20  elapsed 00:04:00
2026-09-27 11:19:59  1.17%  eta 07:05:03  no hit yet  1.27P/s  at 2.33281e+20  elapsed 00:05:01
2026-09-27 11:21:00  1.40%  eta 07:04:29  no hit yet  1.27P/s  at 2.33357e+20  elapsed 00:06:01
2026-09-27 11:22:00  1.63%  eta 07:03:20  no hit yet  1.27P/s  at 2.33433e+20  elapsed 00:07:01
2026-09-27 11:23:00  1.86%  eta 07:02:12  no hit yet  1.27P/s  at 2.3351e+20  elapsed 00:08:01
2026-09-27 11:24:00  2.10%  eta 07:01:06  no hit yet  1.27P/s  at 2.33586e+20  elapsed 00:09:01
2026-09-27 11:25:00  2.33%  eta 07:00:12  no hit yet  1.27P/s  at 2.33662e+20  elapsed 00:10:01
2026-09-27 11:26:00  2.56%  eta 06:59:15  no hit yet  1.27P/s  at 2.33738e+20  elapsed 00:11:01
2026-09-27 11:27:00  2.80%  eta 06:58:14  no hit yet  1.27P/s  at 2.33814e+20  elapsed 00:12:01
2026-09-27 11:28:00  3.03%  eta 06:57:07  no hit yet  1.27P/s  at 2.33891e+20  elapsed 00:13:01
2026-09-27 11:29:00  3.26%  eta 06:56:04  no hit yet  1.27P/s  at 2.33967e+20  elapsed 00:14:01
2026-09-27 11:30:00  3.50%  eta 06:55:01  no hit yet  1.27P/s  at 2.34043e+20  elapsed 00:15:01
2026-09-27 11:31:00  3.73%  eta 06:53:56  no hit yet  1.27P/s  at 2.34119e+20  elapsed 00:16:01
2026-09-27 11:32:00  3.96%  eta 06:52:50  no hit yet  1.27P/s  at 2.34196e+20  elapsed 00:17:02
2026-09-27 11:33:01  4.20%  eta 06:51:46  no hit yet  1.27P/s  at 2.34272e+20  elapsed 00:18:02
2026-09-27 11:34:01  4.43%  eta 06:50:42  no hit yet  1.27P/s  at 2.34349e+20  elapsed 00:19:02
2026-09-27 11:35:01  4.66%  eta 06:49:39  no hit yet  1.27P/s  at 2.34425e+20  elapsed 00:20:02
2026-09-27 11:36:01  4.90%  eta 06:48:38  no hit yet  1.27P/s  at 2.34502e+20  elapsed 00:21:02
2026-09-27 11:37:01  5.13%  eta 06:47:38  no hit yet  1.27P/s  at 2.34578e+20  elapsed 00:22:03
2026-09-27 11:38:02  5.37%  eta 06:46:37  no hit yet  1.27P/s  at 2.34655e+20  elapsed 00:23:03
2026-09-27 11:39:02  5.60%  eta 06:45:34  no hit yet  1.27P/s  at 2.34731e+20  elapsed 00:24:03
2026-09-27 11:40:02  5.83%  eta 06:44:33  no hit yet  1.27P/s  at 2.34808e+20  elapsed 00:25:03
2026-09-27 11:41:02  6.07%  eta 06:43:30  no hit yet  1.27P/s  at 2.34884e+20  elapsed 00:26:03
2026-09-27 11:42:02  6.30%  eta 06:42:27  no hit yet  1.27P/s  at 2.34961e+20  elapsed 00:27:04
2026-09-27 11:43:02  6.54%  eta 06:41:25  no hit yet  1.27P/s  at 2.35037e+20  elapsed 00:28:04
2026-09-27 11:44:03  6.77%  eta 06:40:24  no hit yet  1.27P/s  at 2.35114e+20  elapsed 00:29:04
2026-09-27 11:45:03  7.00%  eta 06:39:22  no hit yet  1.27P/s  at 2.3519e+20  elapsed 00:30:04
2026-09-27 11:46:03  7.24%  eta 06:38:20  no hit yet  1.27P/s  at 2.35267e+20  elapsed 00:31:04
2026-09-27 11:47:03  7.47%  eta 06:37:19  no hit yet  1.27P/s  at 2.35343e+20  elapsed 00:32:04
2026-09-27 11:48:03  7.71%  eta 06:36:17  no hit yet  1.27P/s  at 2.3542e+20  elapsed 00:33:05
2026-09-27 11:49:03  7.94%  eta 06:35:15  no hit yet  1.27P/s  at 2.35496e+20  elapsed 00:34:05
2026-09-27 11:50:04  8.17%  eta 06:34:14  no hit yet  1.27P/s  at 2.35572e+20  elapsed 00:35:05
2026-09-27 11:51:04  8.41%  eta 06:33:13  no hit yet  1.27P/s  at 2.35649e+20  elapsed 00:36:05
2026-09-27 11:52:04  8.64%  eta 06:32:12  no hit yet  1.27P/s  at 2.35725e+20  elapsed 00:37:05
2026-09-27 11:53:04  8.87%  eta 06:31:11  no hit yet  1.27P/s  at 2.35802e+20  elapsed 00:38:05
2026-09-27 11:54:04  9.11%  eta 06:30:11  no hit yet  1.27P/s  at 2.35878e+20  elapsed 00:39:05
2026-09-27 11:55:04  9.34%  eta 06:29:08  no hit yet  1.27P/s  at 2.35955e+20  elapsed 00:40:05
2026-09-27 11:56:04  9.58%  eta 06:28:06  no hit yet  1.27P/s  at 2.36031e+20  elapsed 00:41:05
2026-09-27 11:57:04  9.81%  eta 06:27:04  no hit yet  1.27P/s  at 2.36108e+20  elapsed 00:42:06
2026-09-27 11:58:05  10.04%  eta 06:26:02  no hit yet  1.27P/s  at 2.36184e+20  elapsed 00:43:06
2026-09-27 11:59:05  10.28%  eta 06:25:00  no hit yet  1.27P/s  at 2.36261e+20  elapsed 00:44:06
2026-09-27 12:00:05  10.51%  eta 06:23:58  no hit yet  1.27P/s  at 2.36338e+20  elapsed 00:45:06
2026-09-27 12:01:05  10.75%  eta 06:22:57  no hit yet  1.27P/s  at 2.36414e+20  elapsed 00:46:06
2026-09-27 12:02:05  10.98%  eta 06:21:55  no hit yet  1.27P/s  at 2.36491e+20  elapsed 00:47:06
2026-09-27 12:03:06  11.22%  eta 06:20:53  no hit yet  1.27P/s  at 2.36568e+20  elapsed 00:48:07
2026-09-27 12:04:06  11.45%  eta 06:19:51  no hit yet  1.27P/s  at 2.36645e+20  elapsed 00:49:07
2026-09-27 12:05:06  11.69%  eta 06:18:50  no hit yet  1.27P/s  at 2.36721e+20  elapsed 00:50:07
2026-09-27 12:06:06  11.92%  eta 06:17:48  no hit yet  1.27P/s  at 2.36798e+20  elapsed 00:51:07
2026-09-27 12:07:06  12.15%  eta 06:16:47  no hit yet  1.27P/s  at 2.36874e+20  elapsed 00:52:07
2026-09-27 12:08:06  12.39%  eta 06:15:46  no hit yet  1.27P/s  at 2.36951e+20  elapsed 00:53:07
2026-09-27 12:09:06  12.62%  eta 06:14:45  no hit yet  1.27P/s  at 2.37027e+20  elapsed 00:54:07
2026-09-27 12:10:06  12.86%  eta 06:13:44  no hit yet  1.27P/s  at 2.37104e+20  elapsed 00:55:07
2026-09-27 12:11:07  13.09%  eta 06:12:43  no hit yet  1.27P/s  at 2.3718e+20  elapsed 00:56:08
2026-09-27 12:12:07  13.32%  eta 06:11:42  no hit yet  1.27P/s  at 2.37257e+20  elapsed 00:57:08
2026-09-27 12:13:07  13.56%  eta 06:10:40  no hit yet  1.27P/s  at 2.37334e+20  elapsed 00:58:08
2026-09-27 12:14:07  13.79%  eta 06:09:39  no hit yet  1.27P/s  at 2.3741e+20  elapsed 00:59:08
2026-09-27 12:15:07  14.03%  eta 06:08:38  no hit yet  1.27P/s  at 2.37487e+20  elapsed 01:00:08
2026-09-27 12:16:07  14.26%  eta 06:07:46  no hit yet  1.27P/s  at 2.37562e+20  elapsed 01:01:09
2026-09-27 12:17:07  14.49%  eta 06:06:49  no hit yet  1.27P/s  at 2.37638e+20  elapsed 01:02:09
2026-09-27 12:18:08  14.72%  eta 06:05:50  no hit yet  1.27P/s  at 2.37714e+20  elapsed 01:03:09
2026-09-27 12:19:08  14.95%  eta 06:04:50  no hit yet  1.27P/s  at 2.3779e+20  elapsed 01:04:09
2026-09-27 12:20:08  15.19%  eta 06:03:49  no hit yet  1.27P/s  at 2.37867e+20  elapsed 01:05:09
2026-09-27 12:21:08  15.42%  eta 06:02:49  no hit yet  1.27P/s  at 2.37943e+20  elapsed 01:06:09
2026-09-27 12:22:08  15.66%  eta 06:01:48  no hit yet  1.27P/s  at 2.38019e+20  elapsed 01:07:09
2026-09-27 12:23:08  15.89%  eta 06:00:51  no hit yet  1.27P/s  at 2.38095e+20  elapsed 01:08:09
2026-09-27 12:24:08  16.12%  eta 05:59:52  no hit yet  1.27P/s  at 2.38171e+20  elapsed 01:09:09
2026-09-27 12:25:08  16.35%  eta 05:58:51  no hit yet  1.27P/s  at 2.38248e+20  elapsed 01:10:09
2026-09-27 12:26:08  16.59%  eta 05:57:51  no hit yet  1.27P/s  at 2.38324e+20  elapsed 01:11:09
2026-09-27 12:27:08  16.82%  eta 05:56:51  no hit yet  1.27P/s  at 2.38401e+20  elapsed 01:12:09
2026-09-27 12:28:08  17.06%  eta 05:55:50  no hit yet  1.27P/s  at 2.38477e+20  elapsed 01:13:10
2026-09-27 12:29:09  17.29%  eta 05:54:50  no hit yet  1.27P/s  at 2.38554e+20  elapsed 01:14:10
2026-09-27 12:30:09  17.52%  eta 05:53:49  no hit yet  1.27P/s  at 2.3863e+20  elapsed 01:15:10
2026-09-27 12:31:09  17.76%  eta 05:52:49  no hit yet  1.27P/s  at 2.38707e+20  elapsed 01:16:10
2026-09-27 12:32:09  17.99%  eta 05:51:48  no hit yet  1.27P/s  at 2.38783e+20  elapsed 01:17:10
2026-09-27 12:33:09  18.23%  eta 05:50:47  no hit yet  1.27P/s  at 2.3886e+20  elapsed 01:18:11
2026-09-27 12:34:09  18.46%  eta 05:49:47  no hit yet  1.27P/s  at 2.38936e+20  elapsed 01:19:11
2026-09-27 12:35:10  18.69%  eta 05:48:46  no hit yet  1.27P/s  at 2.39013e+20  elapsed 01:20:11
2026-09-27 12:36:10  18.93%  eta 05:47:46  no hit yet  1.27P/s  at 2.39089e+20  elapsed 01:21:11
2026-09-27 12:37:10  19.16%  eta 05:46:45  no hit yet  1.27P/s  at 2.39166e+20  elapsed 01:22:11
2026-09-27 12:38:10  19.40%  eta 05:45:44  no hit yet  1.27P/s  at 2.39242e+20  elapsed 01:23:11
2026-09-27 12:39:10  19.63%  eta 05:44:44  no hit yet  1.27P/s  at 2.39319e+20  elapsed 01:24:11
2026-09-27 12:40:10  19.86%  eta 05:43:43  no hit yet  1.27P/s  at 2.39395e+20  elapsed 01:25:11
2026-09-27 12:41:10  20.10%  eta 05:42:43  no hit yet  1.27P/s  at 2.39472e+20  elapsed 01:26:11
2026-09-27 12:42:10  20.33%  eta 05:41:42  no hit yet  1.27P/s  at 2.39548e+20  elapsed 01:27:11
2026-09-27 12:43:10  20.56%  eta 05:40:42  no hit yet  1.27P/s  at 2.39624e+20  elapsed 01:28:11
2026-09-27 12:44:11  20.80%  eta 05:39:41  no hit yet  1.27P/s  at 2.39701e+20  elapsed 01:29:12
2026-09-27 12:45:11  21.03%  eta 05:38:41  no hit yet  1.27P/s  at 2.39778e+20  elapsed 01:30:12
2026-09-27 12:46:11  21.27%  eta 05:37:40  no hit yet  1.27P/s  at 2.39854e+20  elapsed 01:31:12
2026-09-27 12:47:11  21.50%  eta 05:36:42  no hit yet  1.27P/s  at 2.3993e+20  elapsed 01:32:12
2026-09-27 12:48:11  21.73%  eta 05:35:43  no hit yet  1.27P/s  at 2.40006e+20  elapsed 01:33:12
2026-09-27 12:49:11  21.96%  eta 05:34:44  no hit yet  1.27P/s  at 2.40082e+20  elapsed 01:34:12
2026-09-27 12:50:11  22.20%  eta 05:33:44  no hit yet  1.27P/s  at 2.40158e+20  elapsed 01:35:12
2026-09-27 12:51:11  22.43%  eta 05:32:44  no hit yet  1.27P/s  at 2.40235e+20  elapsed 01:36:13
2026-09-27 12:52:11  22.66%  eta 05:31:43  no hit yet  1.27P/s  at 2.40311e+20  elapsed 01:37:13
2026-09-27 12:53:12  22.90%  eta 05:30:43  no hit yet  1.27P/s  at 2.40388e+20  elapsed 01:38:13
2026-09-27 12:54:12  23.13%  eta 05:29:43  no hit yet  1.27P/s  at 2.40464e+20  elapsed 01:39:13
2026-09-27 12:55:12  23.36%  eta 05:28:43  no hit yet  1.27P/s  at 2.4054e+20  elapsed 01:40:13
2026-09-27 12:56:12  23.60%  eta 05:27:44  no hit yet  1.27P/s  at 2.40616e+20  elapsed 01:41:13
2026-09-27 12:57:12  23.83%  eta 05:26:44  no hit yet  1.27P/s  at 2.40693e+20  elapsed 01:42:13
2026-09-27 12:58:12  24.06%  eta 05:25:45  no hit yet  1.27P/s  at 2.40769e+20  elapsed 01:43:13
2026-09-27 12:59:12  24.30%  eta 05:24:46  no hit yet  1.27P/s  at 2.40845e+20  elapsed 01:44:13
2026-09-27 13:00:12  24.53%  eta 05:23:47  no hit yet  1.27P/s  at 2.40921e+20  elapsed 01:45:13
2026-09-27 13:01:12  24.76%  eta 05:22:47  no hit yet  1.27P/s  at 2.40997e+20  elapsed 01:46:13
2026-09-27 13:02:12  24.99%  eta 05:21:48  no hit yet  1.27P/s  at 2.41073e+20  elapsed 01:47:13
2026-09-27 13:03:12  25.22%  eta 05:20:51  no hit yet  1.27P/s  at 2.41148e+20  elapsed 01:48:14
2026-09-27 13:04:13  25.46%  eta 05:19:52  no hit yet  1.27P/s  at 2.41224e+20  elapsed 01:49:14
2026-09-27 13:05:13  25.69%  eta 05:18:53  no hit yet  1.27P/s  at 2.413e+20  elapsed 01:50:14
2026-09-27 13:06:13  25.92%  eta 05:17:54  no hit yet  1.27P/s  at 2.41377e+20  elapsed 01:51:14
2026-09-27 13:07:13  26.16%  eta 05:16:54  no hit yet  1.27P/s  at 2.41453e+20  elapsed 01:52:14
2026-09-27 13:08:13  26.39%  eta 05:15:55  no hit yet  1.27P/s  at 2.41529e+20  elapsed 01:53:15
2026-09-27 13:09:14  26.62%  eta 05:14:56  no hit yet  1.27P/s  at 2.41605e+20  elapsed 01:54:15
2026-09-27 13:10:14  26.85%  eta 05:13:57  no hit yet  1.27P/s  at 2.41681e+20  elapsed 01:55:15
2026-09-27 13:11:14  27.09%  eta 05:12:57  no hit yet  1.27P/s  at 2.41757e+20  elapsed 01:56:15
2026-09-27 13:12:14  27.32%  eta 05:11:58  no hit yet  1.27P/s  at 2.41834e+20  elapsed 01:57:15
2026-09-27 13:13:14  27.55%  eta 05:10:58  no hit yet  1.27P/s  at 2.41909e+20  elapsed 01:58:15
2026-09-27 13:14:15  27.78%  eta 05:09:59  no hit yet  1.27P/s  at 2.41986e+20  elapsed 01:59:16
2026-09-27 13:15:15  28.02%  eta 05:08:59  no hit yet  1.27P/s  at 2.42062e+20  elapsed 02:00:16
2026-09-27 13:16:15  28.25%  eta 05:08:01  no hit yet  1.27P/s  at 2.42138e+20  elapsed 02:01:16
2026-09-27 13:17:15  28.48%  eta 05:07:02  no hit yet  1.27P/s  at 2.42214e+20  elapsed 02:02:16
2026-09-27 13:18:15  28.71%  eta 05:06:03  no hit yet  1.27P/s  at 2.42289e+20  elapsed 02:03:16
2026-09-27 13:19:15  28.95%  eta 05:05:03  no hit yet  1.27P/s  at 2.42366e+20  elapsed 02:04:16
2026-09-27 13:20:15  29.18%  eta 05:04:04  no hit yet  1.27P/s  at 2.42442e+20  elapsed 02:05:16
2026-09-27 13:21:15  29.41%  eta 05:03:03  no hit yet  1.27P/s  at 2.42518e+20  elapsed 02:06:17
2026-09-27 13:22:16  29.65%  eta 05:02:03  no hit yet  1.27P/s  at 2.42595e+20  elapsed 02:07:17
2026-09-27 13:23:16  29.88%  eta 05:01:03  no hit yet  1.27P/s  at 2.42671e+20  elapsed 02:08:17
2026-09-27 13:24:16  30.11%  eta 05:00:02  no hit yet  1.27P/s  at 2.42747e+20  elapsed 02:09:17
2026-09-27 13:25:16  30.35%  eta 04:59:02  no hit yet  1.27P/s  at 2.42824e+20  elapsed 02:10:17
2026-09-27 13:26:16  30.58%  eta 04:58:02  no hit yet  1.27P/s  at 2.429e+20  elapsed 02:11:17
2026-09-27 13:27:16  30.81%  eta 04:57:02  no hit yet  1.27P/s  at 2.42976e+20  elapsed 02:12:17
2026-09-27 13:28:17  31.05%  eta 04:56:02  no hit yet  1.27P/s  at 2.43053e+20  elapsed 02:13:18
2026-09-27 13:29:17  31.28%  eta 04:55:02  no hit yet  1.27P/s  at 2.43129e+20  elapsed 02:14:18
2026-09-27 13:30:17  31.52%  eta 04:54:01  no hit yet  1.27P/s  at 2.43206e+20  elapsed 02:15:18
2026-09-27 13:31:17  31.75%  eta 04:53:01  no hit yet  1.27P/s  at 2.43282e+20  elapsed 02:16:18
2026-09-27 13:32:17  31.98%  eta 04:52:01  no hit yet  1.27P/s  at 2.43358e+20  elapsed 02:17:18
2026-09-27 13:33:17  32.22%  eta 04:51:01  no hit yet  1.27P/s  at 2.43434e+20  elapsed 02:18:18
2026-09-27 13:34:17  32.45%  eta 04:50:01  no hit yet  1.27P/s  at 2.43511e+20  elapsed 02:19:18
2026-09-27 13:35:17  32.68%  eta 04:49:03  no hit yet  1.27P/s  at 2.43586e+20  elapsed 02:20:18
2026-09-27 13:36:17  32.91%  eta 04:48:04  no hit yet  1.27P/s  at 2.43662e+20  elapsed 02:21:18
2026-09-27 13:37:17  33.14%  eta 04:47:06  no hit yet  1.27P/s  at 2.43737e+20  elapsed 02:22:19
2026-09-27 13:38:18  33.37%  eta 04:46:09  no hit yet  1.27P/s  at 2.43813e+20  elapsed 02:23:19
2026-09-27 13:39:18  33.60%  eta 04:45:10  no hit yet  1.27P/s  at 2.43888e+20  elapsed 02:24:19
2026-09-27 13:40:18  33.84%  eta 04:44:10  no hit yet  1.27P/s  at 2.43964e+20  elapsed 02:25:19
2026-09-27 13:41:18  34.07%  eta 04:43:12  no hit yet  1.27P/s  at 2.4404e+20  elapsed 02:26:19
2026-09-27 13:42:18  34.30%  eta 04:42:14  no hit yet  1.27P/s  at 2.44115e+20  elapsed 02:27:19
2026-09-27 13:43:18  34.53%  eta 04:41:15  no hit yet  1.27P/s  at 2.44191e+20  elapsed 02:28:19
2026-09-27 13:44:18  34.76%  eta 04:40:16  no hit yet  1.27P/s  at 2.44267e+20  elapsed 02:29:19
2026-09-27 13:45:18  34.99%  eta 04:39:16  no hit yet  1.27P/s  at 2.44343e+20  elapsed 02:30:20
2026-09-27 13:46:18  35.23%  eta 04:38:16  no hit yet  1.27P/s  at 2.44419e+20  elapsed 02:31:20
2026-09-27 13:47:19  35.46%  eta 04:37:15  no hit yet  1.27P/s  at 2.44495e+20  elapsed 02:32:20
2026-09-27 13:48:19  35.69%  eta 04:36:15  no hit yet  1.27P/s  at 2.44572e+20  elapsed 02:33:20
2026-09-27 13:49:19  35.93%  eta 04:35:14  no hit yet  1.27P/s  at 2.44648e+20  elapsed 02:34:20
2026-09-27 13:50:19  36.16%  eta 04:34:14  no hit yet  1.27P/s  at 2.44725e+20  elapsed 02:35:20
2026-09-27 13:51:19  36.39%  eta 04:33:14  no hit yet  1.27P/s  at 2.44801e+20  elapsed 02:36:20
2026-09-27 13:52:19  36.63%  eta 04:32:14  no hit yet  1.27P/s  at 2.44877e+20  elapsed 02:37:20
2026-09-27 13:53:19  36.86%  eta 04:31:13  no hit yet  1.27P/s  at 2.44954e+20  elapsed 02:38:20
2026-09-27 13:54:20  37.10%  eta 04:30:13  no hit yet  1.27P/s  at 2.4503e+20  elapsed 02:39:21
2026-09-27 13:55:20  37.33%  eta 04:29:12  no hit yet  1.27P/s  at 2.45107e+20  elapsed 02:40:21
2026-09-27 13:56:20  37.56%  eta 04:28:12  no hit yet  1.27P/s  at 2.45183e+20  elapsed 02:41:21
2026-09-27 13:57:20  37.79%  eta 04:27:13  no hit yet  1.27P/s  at 2.45259e+20  elapsed 02:42:21
2026-09-27 13:58:20  38.03%  eta 04:26:13  no hit yet  1.27P/s  at 2.45335e+20  elapsed 02:43:21
2026-09-27 13:59:20  38.26%  eta 04:25:13  no hit yet  1.27P/s  at 2.45411e+20  elapsed 02:44:21
2026-09-27 14:00:20  38.49%  eta 04:24:12  no hit yet  1.27P/s  at 2.45488e+20  elapsed 02:45:21
2026-09-27 14:01:20  38.73%  eta 04:23:12  no hit yet  1.27P/s  at 2.45564e+20  elapsed 02:46:21
2026-09-27 14:02:20  38.96%  eta 04:22:12  no hit yet  1.27P/s  at 2.45641e+20  elapsed 02:47:22
2026-09-27 14:03:21  39.20%  eta 04:21:11  no hit yet  1.27P/s  at 2.45717e+20  elapsed 02:48:22
2026-09-27 14:04:21  39.43%  eta 04:20:11  no hit yet  1.27P/s  at 2.45793e+20  elapsed 02:49:22
2026-09-27 14:05:21  39.66%  eta 04:19:10  no hit yet  1.27P/s  at 2.4587e+20  elapsed 02:50:22
2026-09-27 14:06:21  39.90%  eta 04:18:10  no hit yet  1.27P/s  at 2.45946e+20  elapsed 02:51:22
2026-09-27 14:07:21  40.13%  eta 04:17:09  no hit yet  1.27P/s  at 2.46023e+20  elapsed 02:52:22
2026-09-27 14:08:21  40.36%  eta 04:16:09  no hit yet  1.27P/s  at 2.46099e+20  elapsed 02:53:23
2026-09-27 14:09:22  40.60%  eta 04:15:08  no hit yet  1.27P/s  at 2.46176e+20  elapsed 02:54:23
2026-09-27 14:10:22  40.83%  eta 04:14:08  no hit yet  1.27P/s  at 2.46252e+20  elapsed 02:55:23
2026-09-27 14:11:22  41.07%  eta 04:13:08  no hit yet  1.27P/s  at 2.46329e+20  elapsed 02:56:23
2026-09-27 14:12:22  41.30%  eta 04:12:07  no hit yet  1.27P/s  at 2.46405e+20  elapsed 02:57:23
2026-09-27 14:13:22  41.53%  eta 04:11:07  no hit yet  1.27P/s  at 2.46482e+20  elapsed 02:58:23
2026-09-27 14:14:22  41.77%  eta 04:10:06  no hit yet  1.27P/s  at 2.46558e+20  elapsed 02:59:23
2026-09-27 14:15:22  42.00%  eta 04:09:06  no hit yet  1.27P/s  at 2.46634e+20  elapsed 03:00:24
2026-09-27 14:16:22  42.23%  eta 04:08:07  no hit yet  1.27P/s  at 2.4671e+20  elapsed 03:01:24
2026-09-27 14:17:22  42.47%  eta 04:07:07  no hit yet  1.27P/s  at 2.46786e+20  elapsed 03:02:24
2026-09-27 14:18:23  42.70%  eta 04:06:07  no hit yet  1.27P/s  at 2.46863e+20  elapsed 03:03:24
2026-09-27 14:19:23  42.93%  eta 04:05:06  no hit yet  1.27P/s  at 2.46939e+20  elapsed 03:04:24
2026-09-27 14:20:23  43.17%  eta 04:04:05  no hit yet  1.27P/s  at 2.47016e+20  elapsed 03:05:24
2026-09-27 14:21:23  43.40%  eta 04:03:04  no hit yet  1.27P/s  at 2.47093e+20  elapsed 03:06:24
2026-09-27 14:22:23  43.64%  eta 04:02:03  no hit yet  1.27P/s  at 2.4717e+20  elapsed 03:07:25
2026-09-27 14:23:23  43.87%  eta 04:01:03  no hit yet  1.27P/s  at 2.47246e+20  elapsed 03:08:25
2026-09-27 14:24:24  44.11%  eta 04:00:02  no hit yet  1.27P/s  at 2.47323e+20  elapsed 03:09:25
2026-09-27 14:25:24  44.34%  eta 03:59:01  no hit yet  1.27P/s  at 2.474e+20  elapsed 03:10:25
2026-09-27 14:26:24  44.57%  eta 03:58:01  no hit yet  1.27P/s  at 2.47476e+20  elapsed 03:11:25
2026-09-27 14:27:24  44.81%  eta 03:57:01  no hit yet  1.27P/s  at 2.47552e+20  elapsed 03:12:25
2026-09-27 14:28:24  45.04%  eta 03:56:01  no hit yet  1.27P/s  at 2.47628e+20  elapsed 03:13:25
2026-09-27 14:29:24  45.27%  eta 03:55:01  no hit yet  1.27P/s  at 2.47704e+20  elapsed 03:14:25
2026-09-27 14:30:24  45.50%  eta 03:54:02  no hit yet  1.27P/s  at 2.4778e+20  elapsed 03:15:25
2026-09-27 14:31:24  45.74%  eta 03:53:02  no hit yet  1.27P/s  at 2.47856e+20  elapsed 03:16:25
2026-09-27 14:32:24  45.97%  eta 03:52:02  no hit yet  1.27P/s  at 2.47932e+20  elapsed 03:17:25
2026-09-27 14:33:24  46.20%  eta 03:51:03  no hit yet  1.27P/s  at 2.48008e+20  elapsed 03:18:25
2026-09-27 14:34:24  46.44%  eta 03:50:03  no hit yet  1.27P/s  at 2.48084e+20  elapsed 03:19:25
2026-09-27 14:35:24  46.67%  eta 03:49:03  no hit yet  1.27P/s  at 2.48161e+20  elapsed 03:20:25
2026-09-27 14:36:24  46.90%  eta 03:48:03  no hit yet  1.27P/s  at 2.48237e+20  elapsed 03:21:26
2026-09-27 14:37:24  47.13%  eta 03:47:04  no hit yet  1.27P/s  at 2.48312e+20  elapsed 03:22:26
2026-09-27 14:38:25  47.36%  eta 03:46:05  no hit yet  1.27P/s  at 2.48388e+20  elapsed 03:23:26
2026-09-27 14:39:25  47.59%  eta 03:45:06  no hit yet  1.27P/s  at 2.48464e+20  elapsed 03:24:26
2026-09-27 14:40:25  47.83%  eta 03:44:06  no hit yet  1.27P/s  at 2.48539e+20  elapsed 03:25:26
2026-09-27 14:41:25  48.06%  eta 03:43:06  no hit yet  1.27P/s  at 2.48615e+20  elapsed 03:26:26
2026-09-27 14:42:25  48.29%  eta 03:42:07  no hit yet  1.27P/s  at 2.48691e+20  elapsed 03:27:26
2026-09-27 14:43:25  48.52%  eta 03:41:07  no hit yet  1.27P/s  at 2.48767e+20  elapsed 03:28:26
2026-09-27 14:44:25  48.76%  eta 03:40:08  no hit yet  1.27P/s  at 2.48843e+20  elapsed 03:29:26
2026-09-27 14:45:25  48.99%  eta 03:39:09  no hit yet  1.27P/s  at 2.48919e+20  elapsed 03:30:26
2026-09-27 14:46:25  49.22%  eta 03:38:09  no hit yet  1.27P/s  at 2.48994e+20  elapsed 03:31:27
2026-09-27 14:47:25  49.45%  eta 03:37:10  no hit yet  1.27P/s  at 2.4907e+20  elapsed 03:32:27
2026-09-27 14:48:26  49.68%  eta 03:36:10  no hit yet  1.27P/s  at 2.49146e+20  elapsed 03:33:27
2026-09-27 14:49:26  49.92%  eta 03:35:10  no hit yet  1.27P/s  at 2.49222e+20  elapsed 03:34:27
2026-09-27 14:50:26  50.15%  eta 03:34:10  no hit yet  1.27P/s  at 2.49298e+20  elapsed 03:35:27
2026-09-27 14:51:26  50.38%  eta 03:33:11  no hit yet  1.27P/s  at 2.49375e+20  elapsed 03:36:27
2026-09-27 14:52:26  50.61%  eta 03:32:11  no hit yet  1.27P/s  at 2.49451e+20  elapsed 03:37:27
2026-09-27 14:53:26  50.85%  eta 03:31:11  no hit yet  1.27P/s  at 2.49527e+20  elapsed 03:38:27
2026-09-27 14:54:26  51.08%  eta 03:30:11  no hit yet  1.27P/s  at 2.49603e+20  elapsed 03:39:27
2026-09-27 14:55:26  51.31%  eta 03:29:11  no hit yet  1.27P/s  at 2.49679e+20  elapsed 03:40:27
2026-09-27 14:56:26  51.55%  eta 03:28:10  no hit yet  1.27P/s  at 2.49756e+20  elapsed 03:41:27
2026-09-27 14:57:26  51.78%  eta 03:27:10  no hit yet  1.27P/s  at 2.49832e+20  elapsed 03:42:28
2026-09-27 14:58:26  52.01%  eta 03:26:10  no hit yet  1.27P/s  at 2.49908e+20  elapsed 03:43:28
2026-09-27 14:59:26  52.24%  eta 03:25:10  no hit yet  1.27P/s  at 2.49984e+20  elapsed 03:44:28
2026-09-27 15:00:27  52.48%  eta 03:24:10  no hit yet  1.27P/s  at 2.5006e+20  elapsed 03:45:28
2026-09-27 15:01:27  52.71%  eta 03:23:10  no hit yet  1.27P/s  at 2.50136e+20  elapsed 03:46:28
2026-09-27 15:02:27  52.94%  eta 03:22:10  no hit yet  1.27P/s  at 2.50213e+20  elapsed 03:47:28
2026-09-27 15:03:27  53.18%  eta 03:21:10  no hit yet  1.27P/s  at 2.50289e+20  elapsed 03:48:28
2026-09-27 15:04:27  53.41%  eta 03:20:09  no hit yet  1.27P/s  at 2.50366e+20  elapsed 03:49:28
2026-09-27 15:05:27  53.64%  eta 03:19:09  no hit yet  1.27P/s  at 2.50442e+20  elapsed 03:50:28
2026-09-27 15:06:27  53.88%  eta 03:18:09  no hit yet  1.27P/s  at 2.50518e+20  elapsed 03:51:29
2026-09-27 15:07:27  54.11%  eta 03:17:09  no hit yet  1.27P/s  at 2.50595e+20  elapsed 03:52:29
2026-09-27 15:08:28  54.35%  eta 03:16:08  no hit yet  1.27P/s  at 2.50671e+20  elapsed 03:53:29
2026-09-27 15:09:28  54.58%  eta 03:15:08  no hit yet  1.27P/s  at 2.50748e+20  elapsed 03:54:29
2026-09-27 15:10:28  54.81%  eta 03:14:07  no hit yet  1.27P/s  at 2.50824e+20  elapsed 03:55:29
2026-09-27 15:11:28  55.05%  eta 03:13:07  no hit yet  1.27P/s  at 2.50901e+20  elapsed 03:56:29
2026-09-27 15:12:28  55.28%  eta 03:12:07  no hit yet  1.27P/s  at 2.50977e+20  elapsed 03:57:30
2026-09-27 15:13:29  55.52%  eta 03:11:06  no hit yet  1.27P/s  at 2.51054e+20  elapsed 03:58:30
2026-09-27 15:14:29  55.75%  eta 03:10:06  no hit yet  1.27P/s  at 2.5113e+20  elapsed 03:59:30
2026-09-27 15:15:29  55.98%  eta 03:09:07  no hit yet  1.27P/s  at 2.51205e+20  elapsed 04:00:30
2026-09-27 15:16:29  56.21%  eta 03:08:08  no hit yet  1.27P/s  at 2.51281e+20  elapsed 04:01:30
2026-09-27 15:17:29  56.44%  eta 03:07:08  no hit yet  1.27P/s  at 2.51357e+20  elapsed 04:02:30
2026-09-27 15:18:29  56.68%  eta 03:06:08  no hit yet  1.27P/s  at 2.51433e+20  elapsed 04:03:30
2026-09-27 15:19:30  56.91%  eta 03:05:08  no hit yet  1.27P/s  at 2.5151e+20  elapsed 04:04:31
2026-09-27 15:20:30  57.14%  eta 03:04:07  no hit yet  1.27P/s  at 2.51586e+20  elapsed 04:05:31
2026-09-27 15:21:30  57.38%  eta 03:03:07  no hit yet  1.27P/s  at 2.51663e+20  elapsed 04:06:31
2026-09-27 15:22:30  57.61%  eta 03:02:06  no hit yet  1.27P/s  at 2.51739e+20  elapsed 04:07:31
2026-09-27 15:23:30  57.85%  eta 03:01:06  no hit yet  1.27P/s  at 2.51816e+20  elapsed 04:08:32
2026-09-27 15:24:31  58.08%  eta 03:00:05  no hit yet  1.27P/s  at 2.51893e+20  elapsed 04:09:32
2026-09-27 15:25:31  58.32%  eta 02:59:05  no hit yet  1.27P/s  at 2.51969e+20  elapsed 04:10:32
2026-09-27 15:26:31  58.55%  eta 02:58:04  no hit yet  1.27P/s  at 2.52046e+20  elapsed 04:11:32
2026-09-27 15:27:31  58.78%  eta 02:57:04  no hit yet  1.27P/s  at 2.52123e+20  elapsed 04:12:32
2026-09-27 15:28:31  59.02%  eta 02:56:03  no hit yet  1.27P/s  at 2.52199e+20  elapsed 04:13:33
2026-09-27 15:29:32  59.25%  eta 02:55:03  no hit yet  1.27P/s  at 2.52276e+20  elapsed 04:14:33
2026-09-27 15:30:32  59.49%  eta 02:54:02  no hit yet  1.27P/s  at 2.52352e+20  elapsed 04:15:33
2026-09-27 15:31:32  59.72%  eta 02:53:01  no hit yet  1.27P/s  at 2.52429e+20  elapsed 04:16:33
2026-09-27 15:32:32  59.96%  eta 02:52:01  no hit yet  1.27P/s  at 2.52506e+20  elapsed 04:17:33
2026-09-27 15:33:32  60.19%  eta 02:51:00  no hit yet  1.27P/s  at 2.52582e+20  elapsed 04:18:34
2026-09-27 15:34:33  60.43%  eta 02:50:00  no hit yet  1.27P/s  at 2.52659e+20  elapsed 04:19:34
2026-09-27 15:35:33  60.66%  eta 02:48:59  no hit yet  1.27P/s  at 2.52736e+20  elapsed 04:20:34
2026-09-27 15:36:33  60.89%  eta 02:48:00  no hit yet  1.27P/s  at 2.52811e+20  elapsed 04:21:34
2026-09-27 15:37:33  61.12%  eta 02:47:00  no hit yet  1.27P/s  at 2.52888e+20  elapsed 04:22:34
2026-09-27 15:38:33  61.36%  eta 02:46:00  no hit yet  1.27P/s  at 2.52964e+20  elapsed 04:23:34
2026-09-27 15:38:39  interrupt: finishing segments in flight...
2026-09-27 15:38:39  stopped at 61.38% of 232900000000000000000..265600000000000000000 with no chain of length >= 17 yet, 04:23:40 elapsed
2026-09-27 15:38:39  resume with: -c a16w19.ck -r
2026-09-27 15:38:39  exit 130
