2026-09-27 09:46:19  started (pid 6207): ./gapsieve -l 17 -s 166246697682959073280 -e 173000000000000000000 --first -c a16w17.ck -r --log a16w17.log -q --gpu
2026-09-27 09:46:19  consecutive primes, chain length >= 17, range 166246697682959073280..173000000000000000000, GPU (Apple M4 Max) plus 12 CPU threads, first match only
2026-09-27 09:46:19  (sieve: wheel 9699690 with 12960 classes; 38 primes pre-sieved in 12 patterns, 6 offsets to depth 199; segment 1.27e+12)
2026-09-27 09:47:19  1.10%  eta 01:29:51  no hit yet  1.24P/s  at 1.66321e+20  elapsed 00:01:00
2026-09-27 09:48:19  2.22%  eta 01:28:05  no hit yet  1.25P/s  at 1.66397e+20  elapsed 00:02:00
2026-09-27 09:49:19  3.35%  eta 01:26:46  no hit yet  1.25P/s  at 1.66473e+20  elapsed 00:03:00
2026-09-27 09:50:19  4.47%  eta 01:25:31  no hit yet  1.26P/s  at 1.66549e+20  elapsed 00:04:00
2026-09-27 09:51:19  5.60%  eta 01:24:21  no hit yet  1.26P/s  at 1.66625e+20  elapsed 00:05:00
2026-09-27 09:52:20  6.73%  eta 01:23:15  no hit yet  1.26P/s  at 1.66701e+20  elapsed 00:06:00
2026-09-27 09:53:20  7.86%  eta 01:22:10  no hit yet  1.26P/s  at 1.66777e+20  elapsed 00:07:00
2026-09-27 09:54:20  8.98%  eta 01:21:08  no hit yet  1.26P/s  at 1.66853e+20  elapsed 00:08:00
2026-09-27 09:55:20  10.11%  eta 01:20:05  no hit yet  1.26P/s  at 1.6693e+20  elapsed 00:09:00
2026-09-27 09:56:20  11.25%  eta 01:19:01  no hit yet  1.26P/s  at 1.67006e+20  elapsed 00:10:00
2026-09-27 09:57:20  12.37%  eta 01:18:00  no hit yet  1.26P/s  at 1.67082e+20  elapsed 00:11:00
2026-09-27 09:58:20  13.50%  eta 01:16:59  no hit yet  1.26P/s  at 1.67158e+20  elapsed 00:12:00
2026-09-27 09:59:20  14.63%  eta 01:15:57  no hit yet  1.27P/s  at 1.67235e+20  elapsed 00:13:01
2026-09-27 10:00:20  15.76%  eta 01:14:55  no hit yet  1.27P/s  at 1.67311e+20  elapsed 00:14:01
2026-09-27 10:01:20  16.89%  eta 01:13:55  no hit yet  1.27P/s  at 1.67387e+20  elapsed 00:15:01
2026-09-27 10:02:20  18.02%  eta 01:12:54  no hit yet  1.27P/s  at 1.67463e+20  elapsed 00:16:01
2026-09-27 10:03:20  19.15%  eta 01:11:53  no hit yet  1.27P/s  at 1.6754e+20  elapsed 00:17:01
2026-09-27 10:04:20  20.28%  eta 01:10:52  no hit yet  1.27P/s  at 1.67616e+20  elapsed 00:18:01
2026-09-27 10:05:21  21.41%  eta 01:09:51  no hit yet  1.27P/s  at 1.67692e+20  elapsed 00:19:01
2026-09-27 10:06:21  22.53%  eta 01:08:50  no hit yet  1.27P/s  at 1.67768e+20  elapsed 00:20:01
2026-09-27 10:07:21  23.66%  eta 01:07:51  no hit yet  1.27P/s  at 1.67845e+20  elapsed 00:21:01
2026-09-27 10:08:21  24.79%  eta 01:06:50  no hit yet  1.27P/s  at 1.67921e+20  elapsed 00:22:01
2026-09-27 10:09:21  25.92%  eta 01:05:49  no hit yet  1.27P/s  at 1.67997e+20  elapsed 00:23:02
2026-09-27 10:10:21  27.05%  eta 01:04:49  no hit yet  1.27P/s  at 1.68074e+20  elapsed 00:24:02
2026-09-27 10:11:22  28.18%  eta 01:03:48  no hit yet  1.27P/s  at 1.6815e+20  elapsed 00:25:02
2026-09-27 10:12:22  29.31%  eta 01:02:47  no hit yet  1.27P/s  at 1.68226e+20  elapsed 00:26:02
2026-09-27 10:13:22  30.44%  eta 01:01:47  no hit yet  1.27P/s  at 1.68302e+20  elapsed 00:27:02
2026-09-27 10:14:22  31.57%  eta 01:00:46  no hit yet  1.27P/s  at 1.68379e+20  elapsed 00:28:02
2026-09-27 10:15:22  32.70%  eta 00:59:46  no hit yet  1.27P/s  at 1.68455e+20  elapsed 00:29:02
2026-09-27 10:16:22  33.83%  eta 00:58:45  no hit yet  1.27P/s  at 1.68532e+20  elapsed 00:30:02
2026-09-27 10:17:22  34.96%  eta 00:57:45  no hit yet  1.27P/s  at 1.68608e+20  elapsed 00:31:02
2026-09-27 10:18:22  36.08%  eta 00:56:46  no hit yet  1.27P/s  at 1.68683e+20  elapsed 00:32:03
2026-09-27 10:19:22  37.20%  eta 00:55:47  no hit yet  1.27P/s  at 1.68759e+20  elapsed 00:33:03
2026-09-27 10:20:22  38.33%  eta 00:54:47  no hit yet  1.27P/s  at 1.68835e+20  elapsed 00:34:03
2026-09-27 10:21:23  39.46%  eta 00:53:47  no hit yet  1.27P/s  at 1.68911e+20  elapsed 00:35:03
2026-09-27 10:22:23  40.59%  eta 00:52:47  no hit yet  1.27P/s  at 1.68988e+20  elapsed 00:36:03
2026-09-27 10:23:23  41.71%  eta 00:51:46  no hit yet  1.27P/s  at 1.69064e+20  elapsed 00:37:03
2026-09-27 10:24:23  42.85%  eta 00:50:46  no hit yet  1.27P/s  at 1.6914e+20  elapsed 00:38:03
2026-09-27 10:25:23  43.98%  eta 00:49:46  no hit yet  1.27P/s  at 1.69217e+20  elapsed 00:39:03
2026-09-27 10:26:23  45.11%  eta 00:48:45  no hit yet  1.27P/s  at 1.69293e+20  elapsed 00:40:04
2026-09-27 10:27:23  46.24%  eta 00:47:45  no hit yet  1.27P/s  at 1.69369e+20  elapsed 00:41:04
2026-09-27 10:28:24  47.37%  eta 00:46:44  no hit yet  1.27P/s  at 1.69446e+20  elapsed 00:42:04
2026-09-27 10:29:24  48.50%  eta 00:45:44  no hit yet  1.27P/s  at 1.69522e+20  elapsed 00:43:04
2026-09-27 10:30:24  49.63%  eta 00:44:44  no hit yet  1.27P/s  at 1.69599e+20  elapsed 00:44:05
2026-09-27 10:31:24  50.76%  eta 00:43:44  no hit yet  1.27P/s  at 1.69675e+20  elapsed 00:45:05
2026-09-27 10:32:24  51.89%  eta 00:42:43  no hit yet  1.27P/s  at 1.69751e+20  elapsed 00:46:05
2026-09-27 10:33:25  53.02%  eta 00:41:43  no hit yet  1.27P/s  at 1.69828e+20  elapsed 00:47:05
2026-09-27 10:34:25  54.15%  eta 00:40:42  no hit yet  1.27P/s  at 1.69904e+20  elapsed 00:48:05
2026-09-27 10:35:25  55.29%  eta 00:39:42  no hit yet  1.27P/s  at 1.6998e+20  elapsed 00:49:05
2026-09-27 10:36:25  56.42%  eta 00:38:42  no hit yet  1.27P/s  at 1.70057e+20  elapsed 00:50:06
2026-09-27 10:37:25  57.54%  eta 00:37:42  no hit yet  1.27P/s  at 1.70133e+20  elapsed 00:51:06
2026-09-27 10:38:25  58.67%  eta 00:36:42  no hit yet  1.27P/s  at 1.70209e+20  elapsed 00:52:06
2026-09-27 10:39:26  59.80%  eta 00:35:41  no hit yet  1.27P/s  at 1.70285e+20  elapsed 00:53:06
2026-09-27 10:40:26  60.93%  eta 00:34:41  no hit yet  1.27P/s  at 1.70361e+20  elapsed 00:54:06
2026-09-27 10:41:26  62.06%  eta 00:33:41  no hit yet  1.27P/s  at 1.70438e+20  elapsed 00:55:06
2026-09-27 10:42:26  63.19%  eta 00:32:41  no hit yet  1.27P/s  at 1.70514e+20  elapsed 00:56:06
2026-09-27 10:43:26  64.32%  eta 00:31:41  no hit yet  1.27P/s  at 1.7059e+20  elapsed 00:57:06
2026-09-27 10:44:26  65.45%  eta 00:30:40  no hit yet  1.27P/s  at 1.70667e+20  elapsed 00:58:07
2026-09-27 10:45:26  66.59%  eta 00:29:40  no hit yet  1.27P/s  at 1.70743e+20  elapsed 00:59:07
2026-09-27 10:46:27  67.72%  eta 00:28:39  no hit yet  1.27P/s  at 1.7082e+20  elapsed 01:00:07
2026-09-27 10:47:27  68.85%  eta 00:27:38  no hit yet  1.27P/s  at 1.70897e+20  elapsed 01:01:07
2026-09-27 10:48:27  69.99%  eta 00:26:38  no hit yet  1.27P/s  at 1.70973e+20  elapsed 01:02:07
2026-09-27 10:49:27  71.12%  eta 00:25:38  no hit yet  1.27P/s  at 1.7105e+20  elapsed 01:03:07
2026-09-27 10:50:27  72.25%  eta 00:24:37  no hit yet  1.27P/s  at 1.71126e+20  elapsed 01:04:07
2026-09-27 10:51:27  73.39%  eta 00:23:37  no hit yet  1.27P/s  at 1.71203e+20  elapsed 01:05:08
2026-09-27 10:52:27  74.52%  eta 00:22:36  no hit yet  1.27P/s  at 1.71279e+20  elapsed 01:06:08
2026-09-27 10:53:27  75.66%  eta 00:21:36  no hit yet  1.27P/s  at 1.71356e+20  elapsed 01:07:08
2026-09-27 10:54:28  76.79%  eta 00:20:35  no hit yet  1.27P/s  at 1.71433e+20  elapsed 01:08:08
2026-09-27 10:55:28  77.93%  eta 00:19:35  no hit yet  1.27P/s  at 1.71509e+20  elapsed 01:09:08
2026-09-27 10:56:28  79.07%  eta 00:18:34  no hit yet  1.27P/s  at 1.71586e+20  elapsed 01:10:08
2026-09-27 10:57:28  80.20%  eta 00:17:33  no hit yet  1.27P/s  at 1.71663e+20  elapsed 01:11:09
2026-09-27 10:58:28  81.34%  eta 00:16:33  no hit yet  1.27P/s  at 1.7174e+20  elapsed 01:12:09
2026-09-27 10:59:28  82.47%  eta 00:15:33  no hit yet  1.27P/s  at 1.71816e+20  elapsed 01:13:09
2026-09-27 11:00:29  83.61%  eta 00:14:32  no hit yet  1.27P/s  at 1.71893e+20  elapsed 01:14:09
2026-09-27 11:01:29  84.74%  eta 00:13:32  no hit yet  1.27P/s  at 1.71969e+20  elapsed 01:15:09
2026-09-27 11:02:29  85.87%  eta 00:12:31  no hit yet  1.27P/s  at 1.72046e+20  elapsed 01:16:09
2026-09-27 11:03:29  87.01%  eta 00:11:31  no hit yet  1.27P/s  at 1.72122e+20  elapsed 01:17:09
2026-09-27 11:04:29  88.14%  eta 00:10:30  no hit yet  1.27P/s  at 1.72199e+20  elapsed 01:18:10
2026-09-27 11:05:29  89.28%  eta 00:09:30  no hit yet  1.27P/s  at 1.72276e+20  elapsed 01:19:10
2026-09-27 11:06:29  90.41%  eta 00:08:30  no hit yet  1.27P/s  at 1.72352e+20  elapsed 01:20:10
2026-09-27 11:07:30  91.55%  eta 00:07:29  no hit yet  1.27P/s  at 1.72429e+20  elapsed 01:21:10
2026-09-27 11:08:30  92.68%  eta 00:06:29  no hit yet  1.27P/s  at 1.72506e+20  elapsed 01:22:10
2026-09-27 11:09:30  93.82%  eta 00:05:28  no hit yet  1.27P/s  at 1.72582e+20  elapsed 01:23:10
2026-09-27 11:10:30  94.95%  eta 00:04:28  no hit yet  1.27P/s  at 1.72659e+20  elapsed 01:24:11
2026-09-27 11:11:30  96.09%  eta 00:03:28  no hit yet  1.27P/s  at 1.72736e+20  elapsed 01:25:11
2026-09-27 11:12:31  97.23%  eta 00:02:27  no hit yet  1.27P/s  at 1.72813e+20  elapsed 01:26:11
2026-09-27 11:13:31  98.36%  eta 00:01:27  no hit yet  1.27P/s  at 1.72889e+20  elapsed 01:27:11
2026-09-27 11:14:31  99.49%  eta 00:00:26  no hit yet  1.27P/s  at 1.72966e+20  elapsed 01:28:11
2026-09-27 11:14:58  no chain of length >= 17 in 166246697682959073280..173000000000000000000, 01:28:39 elapsed
2026-09-27 11:14:58  exit 0
