2026-09-27 16:36:14  started (pid 24835): ./gapsieve -l 17 -s 252971263259530362880 -e 255239263259530362880 --first -c a16w80.ck -r --log a16w80.log -q --gpu
2026-09-27 16:36:14  consecutive primes, chain length >= 17, range 252971263259530362880..255239263259530362880, GPU (Apple M4 Max) plus 12 CPU threads, first match only
2026-09-27 16:36:14  (sieve: wheel 9699690 with 12960 classes; 38 primes pre-sieved in 12 patterns, 6 offsets to depth 199; segment 1.27e+12)
2026-09-27 16:37:14  3.27%  eta 00:29:39  no hit yet  1.23P/s  at 2.53046e+20  elapsed 00:01:00
2026-09-27 16:38:14  6.58%  eta 00:28:31  no hit yet  1.24P/s  at 2.5312e+20  elapsed 00:02:00
2026-09-27 16:39:14  9.91%  eta 00:27:22  no hit yet  1.24P/s  at 2.53196e+20  elapsed 00:03:00
2026-09-27 16:40:14  13.25%  eta 00:26:15  no hit yet  1.25P/s  at 2.53272e+20  elapsed 00:04:00
2026-09-27 16:41:15  16.61%  eta 00:25:10  no hit yet  1.25P/s  at 2.53348e+20  elapsed 00:05:00
2026-09-27 16:42:15  19.97%  eta 00:24:06  no hit yet  1.25P/s  at 2.53424e+20  elapsed 00:06:00
2026-09-27 16:43:15  23.32%  eta 00:23:04  no hit yet  1.26P/s  at 2.535e+20  elapsed 00:07:00
2026-09-27 16:44:15  26.68%  eta 00:22:02  no hit yet  1.26P/s  at 2.53576e+20  elapsed 00:08:01
2026-09-27 16:45:15  30.04%  eta 00:21:00  no hit yet  1.26P/s  at 2.53652e+20  elapsed 00:09:01
2026-09-27 16:46:15  33.40%  eta 00:19:59  no hit yet  1.26P/s  at 2.53729e+20  elapsed 00:10:01
2026-09-27 16:47:15  36.77%  eta 00:18:57  no hit yet  1.26P/s  at 2.53805e+20  elapsed 00:11:01
2026-09-27 16:48:16  40.14%  eta 00:17:56  no hit yet  1.26P/s  at 2.53882e+20  elapsed 00:12:02
2026-09-27 16:49:16  43.42%  eta 00:16:58  no hit yet  1.26P/s  at 2.53956e+20  elapsed 00:13:02
2026-09-27 16:50:16  46.76%  eta 00:15:58  no hit yet  1.26P/s  at 2.54032e+20  elapsed 00:14:02
2026-09-27 16:51:16  50.12%  eta 00:14:57  no hit yet  1.26P/s  at 2.54108e+20  elapsed 00:15:02
2026-09-27 16:52:16  53.48%  eta 00:13:56  no hit yet  1.26P/s  at 2.54184e+20  elapsed 00:16:02
2026-09-27 16:53:16  56.85%  eta 00:12:56  no hit yet  1.26P/s  at 2.54261e+20  elapsed 00:17:02
2026-09-27 16:54:16  60.20%  eta 00:11:55  no hit yet  1.26P/s  at 2.54337e+20  elapsed 00:18:02
2026-09-27 16:54:23  candidate: 254345176718302423991 (length 17, segment 1080666); finishing earlier segments
2026-09-27 16:54:23  17: 254345176718302423991 254345176718302423993 254345176718302423997 254345176718302424003 254345176718302424011 254345176718302424021 254345176718302424033 254345176718302424047 254345176718302424063 254345176718302424081 254345176718302424101 254345176718302424123 254345176718302424147 254345176718302424173 254345176718302424201 254345176718302424231 254345176718302424263
2026-09-27 16:54:23  first chain of length >= 17 is at 254345176718302423991, after searching 60.58% of the range in 00:18:09
2026-09-27 16:54:23  exit 0
