2026-09-23 17:18:51  started (pid 92883): ./gapsieve -l 16 -s 221860944705726407 -e 1397398433200922807 --first -c confirm15.ck -r --log confirm15.log
2026-09-23 17:18:51  consecutive primes, chain length >= 16, range 221860944705726407..1397398433200922807, 14 threads, first match only
2026-09-23 17:18:51  (sieve: wheel 9699690 with 12960 classes; 38 primes pre-sieved in 12 patterns, 6 offsets to depth 199; segment 1.27e+12)
2026-09-23 17:19:51  0.38%  eta 04:19:28  no hit yet  75.21T/s  at 2.26383e+17  elapsed 00:01:00
2026-09-23 17:20:51  0.77%  eta 04:18:10  no hit yet  75.30T/s  at 2.30919e+17  elapsed 00:02:00
2026-09-23 17:21:12  interrupt: finishing segments in flight...
2026-09-23 17:21:12  stopped at 0.90% of 221860944705726407..1397398433200922807 with no chain of length >= 16 yet, 00:02:20 elapsed
2026-09-23 17:21:12  resume with: -c confirm15.ck -r
2026-09-23 17:21:12  exit 130
2026-09-23 18:26:31  started (pid 93883): ./gapsieve -l 16 -s 221860944705726407 -e 1397398433200922807 --first -c confirm15.ck -r --log confirm15.log
2026-09-23 18:26:31  resuming from confirm15.ck at 8325/924632 segments (0.90%)
2026-09-23 18:26:31  consecutive primes, chain length >= 16, range 221860944705726407..1397398433200922807, 14 threads, first match only
2026-09-23 18:26:31  (sieve: wheel 9699690 with 12960 classes; 38 primes pre-sieved in 12 patterns, 6 offsets to depth 199; segment 1.27e+12)
2026-09-23 18:27:31  1.66%  eta 02:09:07  no hit yet  149.20T/s  at 2.41413e+17  elapsed 00:01:00
2026-09-23 18:28:31  2.43%  eta 02:08:02  no hit yet  149.30T/s  at 2.50405e+17  elapsed 00:02:00
2026-09-23 18:29:31  3.21%  eta 02:06:04  no hit yet  150.41T/s  at 2.5959e+17  elapsed 00:03:00
2026-09-23 18:30:31  3.99%  eta 02:04:38  no hit yet  150.91T/s  at 2.68766e+17  elapsed 00:04:00
2026-09-23 18:31:31  4.77%  eta 02:03:17  no hit yet  151.33T/s  at 2.77962e+17  elapsed 00:05:00
2026-09-23 18:32:32  5.55%  eta 02:02:07  no hit yet  151.52T/s  at 2.87129e+17  elapsed 00:06:00
2026-09-23 18:33:32  6.33%  eta 02:01:02  no hit yet  151.62T/s  at 2.963e+17  elapsed 00:07:01
2026-09-23 18:34:32  7.11%  eta 01:59:59  no hit yet  151.66T/s  at 3.05443e+17  elapsed 00:08:01
2026-09-23 18:35:32  7.89%  eta 01:58:59  no hit yet  151.66T/s  at 3.14573e+17  elapsed 00:09:01
2026-09-23 18:36:32  8.66%  eta 01:57:59  no hit yet  151.66T/s  at 3.23698e+17  elapsed 00:10:01
2026-09-23 18:37:32  9.43%  eta 01:57:06  no hit yet  151.52T/s  at 3.32717e+17  elapsed 00:11:01
2026-09-23 18:38:32  10.19%  eta 01:56:16  no hit yet  151.33T/s  at 3.41683e+17  elapsed 00:12:01
2026-09-23 18:39:33  10.97%  eta 01:55:17  no hit yet  151.31T/s  at 3.50761e+17  elapsed 00:13:01
2026-09-23 18:40:33  11.74%  eta 01:54:18  no hit yet  151.29T/s  at 3.59835e+17  elapsed 00:14:02
2026-09-23 18:41:33  12.50%  eta 01:53:24  no hit yet  151.17T/s  at 3.68821e+17  elapsed 00:15:02
2026-09-23 18:42:33  13.26%  eta 01:52:34  no hit yet  150.96T/s  at 3.77701e+17  elapsed 00:16:02
2026-09-23 18:43:33  14.02%  eta 01:51:41  no hit yet  150.83T/s  at 3.86633e+17  elapsed 00:17:02
2026-09-23 18:44:33  14.79%  eta 01:50:41  no hit yet  150.82T/s  at 3.9569e+17  elapsed 00:18:02
2026-09-23 18:45:33  15.56%  eta 01:49:41  no hit yet  150.82T/s  at 4.04747e+17  elapsed 00:19:02
2026-09-23 18:46:33  16.33%  eta 01:48:41  no hit yet  150.83T/s  at 4.13823e+17  elapsed 00:20:02
2026-09-23 18:47:33  17.10%  eta 01:47:39  no hit yet  150.85T/s  at 4.22916e+17  elapsed 00:21:02
2026-09-23 18:48:33  17.87%  eta 01:46:39  no hit yet  150.85T/s  at 4.31981e+17  elapsed 00:22:02
2026-09-23 18:49:33  18.64%  eta 01:45:40  no hit yet  150.84T/s  at 4.41026e+17  elapsed 00:23:02
2026-09-23 18:50:33  19.41%  eta 01:44:41  no hit yet  150.82T/s  at 4.50056e+17  elapsed 00:24:02
2026-09-23 18:51:34  20.18%  eta 01:43:42  no hit yet  150.79T/s  at 4.5908e+17  elapsed 00:25:02
2026-09-23 18:52:34  20.94%  eta 01:42:45  no hit yet  150.73T/s  at 4.68056e+17  elapsed 00:26:03
2026-09-23 18:53:34  21.72%  eta 01:41:44  no hit yet  150.76T/s  at 4.77155e+17  elapsed 00:27:03
2026-09-23 18:54:34  22.49%  eta 01:40:44  no hit yet  150.75T/s  at 4.86199e+17  elapsed 00:28:03
2026-09-23 18:55:34  23.27%  eta 01:39:40  no hit yet  150.82T/s  at 4.95372e+17  elapsed 00:29:03
2026-09-23 18:56:34  24.05%  eta 01:38:37  no hit yet  150.88T/s  at 5.0455e+17  elapsed 00:30:03
2026-09-23 18:57:34  24.83%  eta 01:37:34  no hit yet  150.94T/s  at 5.1373e+17  elapsed 00:31:03
2026-09-23 18:58:34  25.60%  eta 01:36:33  no hit yet  150.96T/s  at 5.22842e+17  elapsed 00:32:03
2026-09-23 18:59:34  26.37%  eta 01:35:35  no hit yet  150.92T/s  at 5.31828e+17  elapsed 00:33:03
2026-09-23 19:00:34  27.13%  eta 01:34:37  no hit yet  150.88T/s  at 5.40814e+17  elapsed 00:34:03
2026-09-23 19:01:35  27.90%  eta 01:33:38  no hit yet  150.85T/s  at 5.49829e+17  elapsed 00:35:03
2026-09-23 19:02:35  28.67%  eta 01:32:39  no hit yet  150.82T/s  at 5.58843e+17  elapsed 00:36:04
2026-09-23 19:03:35  29.43%  eta 01:31:40  no hit yet  150.81T/s  at 5.67866e+17  elapsed 00:37:04
2026-09-23 19:04:35  30.20%  eta 01:30:42  no hit yet  150.78T/s  at 5.7686e+17  elapsed 00:38:04
2026-09-23 19:05:35  30.97%  eta 01:29:42  no hit yet  150.76T/s  at 5.85903e+17  elapsed 00:39:04
2026-09-23 19:06:35  31.74%  eta 01:28:43  no hit yet  150.74T/s  at 5.94928e+17  elapsed 00:40:04
2026-09-23 19:07:35  32.50%  eta 01:27:43  no hit yet  150.73T/s  at 6.03959e+17  elapsed 00:41:04
2026-09-23 19:08:35  33.27%  eta 01:26:44  no hit yet  150.72T/s  at 6.12976e+17  elapsed 00:42:04
2026-09-23 19:09:36  34.04%  eta 01:25:45  no hit yet  150.70T/s  at 6.21989e+17  elapsed 00:43:04
2026-09-23 19:10:36  34.81%  eta 01:24:45  no hit yet  150.68T/s  at 6.31019e+17  elapsed 00:44:05
2026-09-23 19:11:36  35.58%  eta 01:23:46  no hit yet  150.67T/s  at 6.40064e+17  elapsed 00:45:05
2026-09-23 19:12:36  36.34%  eta 01:22:46  no hit yet  150.66T/s  at 6.49075e+17  elapsed 00:46:05
2026-09-23 19:13:36  37.11%  eta 01:21:46  no hit yet  150.66T/s  at 6.58143e+17  elapsed 00:47:05
2026-09-23 19:14:36  37.87%  eta 01:20:49  no hit yet  150.61T/s  at 6.67051e+17  elapsed 00:48:05
2026-09-23 19:15:36  38.63%  eta 01:19:50  no hit yet  150.58T/s  at 6.76009e+17  elapsed 00:49:05
2026-09-23 19:16:37  39.41%  eta 01:18:50  no hit yet  150.58T/s  at 6.85087e+17  elapsed 00:50:05
2026-09-23 19:17:37  40.18%  eta 01:17:49  no hit yet  150.60T/s  at 6.94188e+17  elapsed 00:51:06
2026-09-23 19:18:37  40.95%  eta 01:16:48  no hit yet  150.61T/s  at 7.03275e+17  elapsed 00:52:06
2026-09-23 19:19:37  41.73%  eta 01:15:48  no hit yet  150.62T/s  at 7.12358e+17  elapsed 00:53:06
2026-09-23 19:20:37  42.50%  eta 01:14:47  no hit yet  150.63T/s  at 7.21466e+17  elapsed 00:54:06
2026-09-23 19:21:37  43.28%  eta 01:13:46  no hit yet  150.65T/s  at 7.30595e+17  elapsed 00:55:06
2026-09-23 19:22:38  44.05%  eta 01:12:44  no hit yet  150.67T/s  at 7.39736e+17  elapsed 00:56:06
2026-09-23 19:23:38  44.83%  eta 01:11:43  no hit yet  150.70T/s  at 7.48863e+17  elapsed 00:57:06
2026-09-23 19:24:38  45.61%  eta 01:10:42  no hit yet  150.72T/s  at 7.58022e+17  elapsed 00:58:07
2026-09-23 19:25:38  46.39%  eta 01:09:40  no hit yet  150.74T/s  at 7.6715e+17  elapsed 00:59:07
2026-09-23 19:26:38  47.16%  eta 01:08:39  no hit yet  150.76T/s  at 7.76273e+17  elapsed 01:00:07
2026-09-23 19:27:38  47.94%  eta 01:07:38  no hit yet  150.78T/s  at 7.85392e+17  elapsed 01:01:07
2026-09-23 19:28:38  48.72%  eta 01:06:37  no hit yet  150.81T/s  at 7.94534e+17  elapsed 01:02:07
2026-09-23 19:29:38  49.49%  eta 01:05:36  no hit yet  150.82T/s  at 8.03676e+17  elapsed 01:03:07
2026-09-23 19:30:38  50.27%  eta 01:04:35  no hit yet  150.84T/s  at 8.1282e+17  elapsed 01:04:07
2026-09-23 19:31:38  51.05%  eta 01:03:34  no hit yet  150.86T/s  at 8.21989e+17  elapsed 01:05:07
2026-09-23 19:32:39  51.83%  eta 01:02:32  no hit yet  150.89T/s  at 8.31167e+17  elapsed 01:06:08
2026-09-23 19:33:39  52.61%  eta 01:01:32  no hit yet  150.89T/s  at 8.40274e+17  elapsed 01:07:08
2026-09-23 19:34:39  53.38%  eta 01:00:31  no hit yet  150.91T/s  at 8.49416e+17  elapsed 01:08:08
2026-09-23 19:35:39  54.16%  eta 00:59:30  no hit yet  150.93T/s  at 8.58556e+17  elapsed 01:09:08
2026-09-23 19:36:39  54.93%  eta 00:58:30  no hit yet  150.93T/s  at 8.67619e+17  elapsed 01:10:08
2026-09-23 19:37:39  55.71%  eta 00:57:29  no hit yet  150.94T/s  at 8.76723e+17  elapsed 01:11:08
2026-09-23 19:38:39  56.48%  eta 00:56:29  no hit yet  150.93T/s  at 8.85767e+17  elapsed 01:12:08
2026-09-23 19:39:39  57.25%  eta 00:55:30  no hit yet  150.92T/s  at 8.94808e+17  elapsed 01:13:08
2026-09-23 19:40:40  58.02%  eta 00:54:30  no hit yet  150.92T/s  at 9.03868e+17  elapsed 01:14:08
2026-09-23 19:41:40  58.79%  eta 00:53:30  no hit yet  150.91T/s  at 9.12919e+17  elapsed 01:15:09
2026-09-23 19:42:40  59.56%  eta 00:52:30  no hit yet  150.91T/s  at 9.21977e+17  elapsed 01:16:09
2026-09-23 19:43:40  60.32%  eta 00:51:31  no hit yet  150.88T/s  at 9.30926e+17  elapsed 01:17:09
2026-09-23 19:44:40  61.08%  eta 00:50:32  no hit yet  150.86T/s  at 9.39928e+17  elapsed 01:18:09
2026-09-23 19:45:40  61.86%  eta 00:49:31  no hit yet  150.87T/s  at 9.49018e+17  elapsed 01:19:09
2026-09-23 19:46:40  62.63%  eta 00:48:31  no hit yet  150.87T/s  at 9.581e+17  elapsed 01:20:09
2026-09-23 19:47:40  63.40%  eta 00:47:31  no hit yet  150.88T/s  at 9.67196e+17  elapsed 01:21:09
2026-09-23 19:48:41  64.17%  eta 00:46:31  no hit yet  150.87T/s  at 9.76219e+17  elapsed 01:22:09
2026-09-23 19:49:41  64.93%  eta 00:45:33  no hit yet  150.84T/s  at 9.85155e+17  elapsed 01:23:10
2026-09-23 19:50:41  65.69%  eta 00:44:34  no hit yet  150.80T/s  at 9.94044e+17  elapsed 01:24:10
2026-09-23 19:51:41  66.45%  eta 00:43:35  no hit yet  150.78T/s  at 1.003e+18  elapsed 01:25:10
2026-09-23 19:52:41  67.21%  eta 00:42:36  no hit yet  150.76T/s  at 1.01196e+18  elapsed 01:26:10
2026-09-23 19:53:41  67.96%  eta 00:41:38  no hit yet  150.71T/s  at 1.02081e+18  elapsed 01:27:10
2026-09-23 19:54:42  68.73%  eta 00:40:39  no hit yet  150.70T/s  at 1.0298e+18  elapsed 01:28:11
2026-09-23 19:55:42  69.49%  eta 00:39:40  no hit yet  150.68T/s  at 1.03876e+18  elapsed 01:29:11
2026-09-23 19:56:42  70.24%  eta 00:38:42  no hit yet  150.64T/s  at 1.04757e+18  elapsed 01:30:11
2026-09-23 19:57:42  70.99%  eta 00:37:44  no hit yet  150.59T/s  at 1.05637e+18  elapsed 01:31:11
2026-09-23 19:58:42  71.74%  eta 00:36:47  no hit yet  150.54T/s  at 1.06516e+18  elapsed 01:32:11
2026-09-23 19:59:42  72.49%  eta 00:35:48  no hit yet  150.50T/s  at 1.07403e+18  elapsed 01:33:11
2026-09-23 20:00:43  73.24%  eta 00:34:50  no hit yet  150.46T/s  at 1.08287e+18  elapsed 01:34:11
2026-09-23 20:01:43  74.00%  eta 00:33:51  no hit yet  150.44T/s  at 1.09177e+18  elapsed 01:35:12
2026-09-23 20:02:43  74.76%  eta 00:32:52  no hit yet  150.41T/s  at 1.10066e+18  elapsed 01:36:12
2026-09-23 20:03:43  75.51%  eta 00:31:54  no hit yet  150.37T/s  at 1.10949e+18  elapsed 01:37:12
2026-09-23 20:04:43  76.26%  eta 00:30:55  no hit yet  150.34T/s  at 1.11837e+18  elapsed 01:38:12
2026-09-23 20:05:44  77.02%  eta 00:29:57  no hit yet  150.31T/s  at 1.12721e+18  elapsed 01:39:12
2026-09-23 20:06:44  77.78%  eta 00:28:58  no hit yet  150.29T/s  at 1.13618e+18  elapsed 01:40:13
2026-09-23 20:07:44  78.54%  eta 00:27:58  no hit yet  150.28T/s  at 1.14511e+18  elapsed 01:41:13
2026-09-23 20:08:44  79.31%  eta 00:26:58  no hit yet  150.27T/s  at 1.15413e+18  elapsed 01:42:13
2026-09-23 20:09:44  80.07%  eta 00:25:58  no hit yet  150.27T/s  at 1.16316e+18  elapsed 01:43:13
2026-09-23 20:10:44  80.84%  eta 00:24:58  no hit yet  150.27T/s  at 1.17216e+18  elapsed 01:44:13
2026-09-23 20:11:44  81.61%  eta 00:23:59  no hit yet  150.26T/s  at 1.18117e+18  elapsed 01:45:13
2026-09-23 20:12:44  82.37%  eta 00:22:59  no hit yet  150.26T/s  at 1.19014e+18  elapsed 01:46:13
2026-09-23 20:13:45  83.14%  eta 00:21:59  no hit yet  150.26T/s  at 1.19918e+18  elapsed 01:47:13
2026-09-23 20:14:45  83.91%  eta 00:20:59  no hit yet  150.25T/s  at 1.20821e+18  elapsed 01:48:14
2026-09-23 20:15:45  84.67%  eta 00:19:59  no hit yet  150.25T/s  at 1.21722e+18  elapsed 01:49:14
2026-09-23 20:16:45  85.44%  eta 00:18:58  no hit yet  150.25T/s  at 1.22627e+18  elapsed 01:50:14
2026-09-23 20:17:45  86.21%  eta 00:17:58  no hit yet  150.26T/s  at 1.23533e+18  elapsed 01:51:14
2026-09-23 20:18:45  86.98%  eta 00:16:58  no hit yet  150.26T/s  at 1.24436e+18  elapsed 01:52:14
2026-09-23 20:19:45  87.75%  eta 00:15:58  no hit yet  150.26T/s  at 1.25341e+18  elapsed 01:53:14
2026-09-23 20:20:45  88.52%  eta 00:14:58  no hit yet  150.26T/s  at 1.26242e+18  elapsed 01:54:14
2026-09-23 20:21:46  89.29%  eta 00:13:58  no hit yet  150.26T/s  at 1.27146e+18  elapsed 01:55:14
2026-09-23 20:22:46  90.06%  eta 00:12:57  no hit yet  150.26T/s  at 1.28055e+18  elapsed 01:56:15
2026-09-23 20:23:46  90.83%  eta 00:11:57  no hit yet  150.26T/s  at 1.28959e+18  elapsed 01:57:15
2026-09-23 20:24:46  91.60%  eta 00:10:56  no hit yet  150.27T/s  at 1.29869e+18  elapsed 01:58:15
2026-09-23 20:25:46  92.37%  eta 00:09:56  no hit yet  150.28T/s  at 1.30776e+18  elapsed 01:59:15
2026-09-23 20:26:46  93.15%  eta 00:08:55  no hit yet  150.28T/s  at 1.31685e+18  elapsed 02:00:15
2026-09-23 20:27:46  93.92%  eta 00:07:55  no hit yet  150.29T/s  at 1.32594e+18  elapsed 02:01:15
2026-09-23 20:28:47  94.69%  eta 00:06:55  no hit yet  150.30T/s  at 1.33502e+18  elapsed 02:02:15
2026-09-23 20:29:47  95.46%  eta 00:05:54  no hit yet  150.30T/s  at 1.34407e+18  elapsed 02:03:15
2026-09-23 20:30:47  96.24%  eta 00:04:54  no hit yet  150.30T/s  at 1.35315e+18  elapsed 02:04:16
2026-09-23 20:31:47  97.01%  eta 00:03:54  no hit yet  150.31T/s  at 1.36221e+18  elapsed 02:05:16
2026-09-23 20:32:47  97.78%  eta 00:02:53  no hit yet  150.32T/s  at 1.37131e+18  elapsed 02:06:16
2026-09-23 20:33:47  98.55%  eta 00:01:53  no hit yet  150.32T/s  at 1.38037e+18  elapsed 02:07:16
2026-09-23 20:34:47  99.32%  eta 00:00:53  no hit yet  150.32T/s  at 1.38943e+18  elapsed 02:08:16
2026-09-23 20:35:40  candidate: 1397398433200922807 (length 16, segment 924631)
2026-09-23 20:35:40  16: 1397398433200922807 1397398433200922809 1397398433200922813 1397398433200922819 1397398433200922827 1397398433200922837 1397398433200922849 1397398433200922863 1397398433200922879 1397398433200922897 1397398433200922917 1397398433200922939 1397398433200922963 1397398433200922989 1397398433200923017 1397398433200923047
2026-09-23 20:35:40  first chain of length >= 16 is at 1397398433200922807, after searching 100.00% of the range in 02:09:09
2026-09-23 20:35:40  exit 0
