2026-09-26 18:49:54  started (pid 94471): ./gapsieve -l 17 -s 1.07e20 -e 1.85e20 --first --gaps dec -c d16w14.ck -r --log d16w14.log -q --gpu
2026-09-26 18:49:54  consecutive primes, decreasing gaps, chain length >= 17, range 107000000000000000000..185000000000000000000, GPU (Apple M4 Max) plus 12 CPU threads, first match only
2026-09-26 18:49:54  (sieve: wheel 9699690 with 12960 classes; 38 primes pre-sieved in 12 patterns, 6 offsets to depth 199; segment 1.27e+12)
2026-09-26 18:50:54  0.10%  eta 17:20:06  no hit yet  1.25P/s  at 1.07075e+20  elapsed 00:01:00
2026-09-26 18:51:54  0.19%  eta 17:14:09  no hit yet  1.25P/s  at 1.07151e+20  elapsed 00:02:00
2026-09-26 18:52:54  0.29%  eta 17:09:12  no hit yet  1.26P/s  at 1.07227e+20  elapsed 00:03:00
2026-09-26 18:53:55  0.39%  eta 17:05:16  no hit yet  1.26P/s  at 1.07304e+20  elapsed 00:04:00
2026-09-26 18:54:55  0.49%  eta 17:02:08  no hit yet  1.27P/s  at 1.0738e+20  elapsed 00:05:00
2026-09-26 18:55:55  0.59%  eta 16:59:33  no hit yet  1.27P/s  at 1.07457e+20  elapsed 00:06:00
2026-09-26 18:56:55  0.68%  eta 16:57:32  no hit yet  1.27P/s  at 1.07534e+20  elapsed 00:07:00
2026-09-26 18:57:55  0.78%  eta 16:55:47  no hit yet  1.27P/s  at 1.07611e+20  elapsed 00:08:01
2026-09-26 18:58:55  0.88%  eta 16:54:09  no hit yet  1.27P/s  at 1.07688e+20  elapsed 00:09:01
2026-09-26 18:59:55  0.98%  eta 16:52:37  no hit yet  1.27P/s  at 1.07765e+20  elapsed 00:10:01
2026-09-26 19:00:56  1.08%  eta 16:51:13  no hit yet  1.27P/s  at 1.07841e+20  elapsed 00:11:01
2026-09-26 19:01:56  1.18%  eta 16:49:51  no hit yet  1.27P/s  at 1.07918e+20  elapsed 00:12:01
2026-09-26 19:02:56  1.28%  eta 16:48:34  no hit yet  1.27P/s  at 1.07995e+20  elapsed 00:13:01
2026-09-26 19:03:56  1.37%  eta 16:47:19  no hit yet  1.27P/s  at 1.08072e+20  elapsed 00:14:02
2026-09-26 19:04:56  1.47%  eta 16:46:06  no hit yet  1.27P/s  at 1.08149e+20  elapsed 00:15:02
2026-09-26 19:05:57  1.57%  eta 16:44:54  no hit yet  1.27P/s  at 1.08226e+20  elapsed 00:16:02
2026-09-26 19:06:57  1.67%  eta 16:43:44  no hit yet  1.27P/s  at 1.08302e+20  elapsed 00:17:02
2026-09-26 19:07:57  1.77%  eta 16:42:39  no hit yet  1.27P/s  at 1.08379e+20  elapsed 00:18:02
2026-09-26 19:08:57  1.87%  eta 16:41:32  no hit yet  1.27P/s  at 1.08456e+20  elapsed 00:19:03
2026-09-26 19:09:57  1.97%  eta 16:40:26  no hit yet  1.27P/s  at 1.08533e+20  elapsed 00:20:03
2026-09-26 19:10:58  2.06%  eta 16:39:19  no hit yet  1.27P/s  at 1.0861e+20  elapsed 00:21:03
2026-09-26 19:11:58  2.16%  eta 16:38:12  no hit yet  1.27P/s  at 1.08687e+20  elapsed 00:22:03
2026-09-26 19:12:58  2.26%  eta 16:37:06  no hit yet  1.27P/s  at 1.08763e+20  elapsed 00:23:03
2026-09-26 19:13:58  2.36%  eta 16:36:02  no hit yet  1.27P/s  at 1.0884e+20  elapsed 00:24:03
2026-09-26 19:14:58  2.46%  eta 16:34:57  no hit yet  1.27P/s  at 1.08917e+20  elapsed 00:25:04
2026-09-26 19:15:58  2.56%  eta 16:34:08  no hit yet  1.27P/s  at 1.08993e+20  elapsed 00:26:04
2026-09-26 19:16:58  2.65%  eta 16:33:11  no hit yet  1.27P/s  at 1.0907e+20  elapsed 00:27:04
2026-09-26 19:17:59  2.75%  eta 16:32:10  no hit yet  1.27P/s  at 1.09146e+20  elapsed 00:28:04
2026-09-26 19:18:59  2.85%  eta 16:31:09  no hit yet  1.27P/s  at 1.09223e+20  elapsed 00:29:04
2026-09-26 19:19:59  2.95%  eta 16:30:06  no hit yet  1.27P/s  at 1.093e+20  elapsed 00:30:04
2026-09-26 19:20:59  3.05%  eta 16:29:03  no hit yet  1.27P/s  at 1.09377e+20  elapsed 00:31:05
2026-09-26 19:21:59  3.15%  eta 16:28:03  no hit yet  1.27P/s  at 1.09453e+20  elapsed 00:32:05
2026-09-26 19:22:59  3.24%  eta 16:27:02  no hit yet  1.27P/s  at 1.0953e+20  elapsed 00:33:05
2026-09-26 19:24:00  3.34%  eta 16:25:57  no hit yet  1.27P/s  at 1.09607e+20  elapsed 00:34:05
2026-09-26 19:25:00  3.44%  eta 16:24:55  no hit yet  1.27P/s  at 1.09684e+20  elapsed 00:35:05
2026-09-26 19:26:00  3.54%  eta 16:23:51  no hit yet  1.27P/s  at 1.0976e+20  elapsed 00:36:05
2026-09-26 19:27:00  3.64%  eta 16:22:47  no hit yet  1.27P/s  at 1.09837e+20  elapsed 00:37:05
2026-09-26 19:28:00  3.74%  eta 16:21:46  no hit yet  1.27P/s  at 1.09914e+20  elapsed 00:38:05
2026-09-26 19:29:00  3.83%  eta 16:20:43  no hit yet  1.27P/s  at 1.0999e+20  elapsed 00:39:05
2026-09-26 19:30:00  3.93%  eta 16:19:40  no hit yet  1.27P/s  at 1.10067e+20  elapsed 00:40:06
2026-09-26 19:31:00  4.03%  eta 16:18:37  no hit yet  1.27P/s  at 1.10144e+20  elapsed 00:41:06
2026-09-26 19:32:01  4.13%  eta 16:17:35  no hit yet  1.27P/s  at 1.10221e+20  elapsed 00:42:06
2026-09-26 19:33:01  4.23%  eta 16:16:33  no hit yet  1.27P/s  at 1.10298e+20  elapsed 00:43:06
2026-09-26 19:34:01  4.33%  eta 16:15:32  no hit yet  1.27P/s  at 1.10375e+20  elapsed 00:44:06
2026-09-26 19:35:01  4.42%  eta 16:14:31  no hit yet  1.27P/s  at 1.10451e+20  elapsed 00:45:07
2026-09-26 19:36:01  4.52%  eta 16:13:32  no hit yet  1.27P/s  at 1.10528e+20  elapsed 00:46:07
2026-09-26 19:37:02  4.62%  eta 16:12:30  no hit yet  1.27P/s  at 1.10605e+20  elapsed 00:47:07
2026-09-26 19:38:02  4.72%  eta 16:11:28  no hit yet  1.28P/s  at 1.10682e+20  elapsed 00:48:07
2026-09-26 19:39:02  4.82%  eta 16:10:26  no hit yet  1.28P/s  at 1.10758e+20  elapsed 00:49:07
2026-09-26 19:40:02  4.92%  eta 16:09:24  no hit yet  1.28P/s  at 1.10835e+20  elapsed 00:50:07
2026-09-26 19:41:02  5.02%  eta 16:08:22  no hit yet  1.28P/s  at 1.10912e+20  elapsed 00:51:08
2026-09-26 19:42:02  5.11%  eta 16:07:19  no hit yet  1.28P/s  at 1.10989e+20  elapsed 00:52:08
2026-09-26 19:43:02  5.21%  eta 16:06:18  no hit yet  1.28P/s  at 1.11066e+20  elapsed 00:53:08
2026-09-26 19:44:02  5.31%  eta 16:05:15  no hit yet  1.28P/s  at 1.11142e+20  elapsed 00:54:08
2026-09-26 19:45:03  5.41%  eta 16:04:14  no hit yet  1.28P/s  at 1.11219e+20  elapsed 00:55:08
2026-09-26 19:46:03  5.51%  eta 16:03:12  no hit yet  1.28P/s  at 1.11296e+20  elapsed 00:56:08
2026-09-26 19:47:03  5.61%  eta 16:02:10  no hit yet  1.28P/s  at 1.11373e+20  elapsed 00:57:08
2026-09-26 19:48:03  5.71%  eta 16:01:09  no hit yet  1.28P/s  at 1.1145e+20  elapsed 00:58:09
2026-09-26 19:49:03  5.80%  eta 16:00:08  no hit yet  1.28P/s  at 1.11527e+20  elapsed 00:59:09
2026-09-26 19:50:04  5.90%  eta 15:59:07  no hit yet  1.28P/s  at 1.11604e+20  elapsed 01:00:09
2026-09-26 19:51:04  6.00%  eta 15:58:05  no hit yet  1.28P/s  at 1.1168e+20  elapsed 01:01:09
2026-09-26 19:52:04  6.10%  eta 15:57:04  no hit yet  1.28P/s  at 1.11757e+20  elapsed 01:02:09
2026-09-26 19:53:04  6.20%  eta 15:56:02  no hit yet  1.28P/s  at 1.11834e+20  elapsed 01:03:10
2026-09-26 19:54:04  6.30%  eta 15:55:01  no hit yet  1.28P/s  at 1.11911e+20  elapsed 01:04:10
2026-09-26 19:55:04  6.39%  eta 15:54:00  no hit yet  1.28P/s  at 1.11988e+20  elapsed 01:05:10
2026-09-26 19:56:05  6.49%  eta 15:52:59  no hit yet  1.28P/s  at 1.12065e+20  elapsed 01:06:10
2026-09-26 19:57:05  6.59%  eta 15:51:57  no hit yet  1.28P/s  at 1.12142e+20  elapsed 01:07:10
2026-09-26 19:58:05  6.69%  eta 15:50:56  no hit yet  1.28P/s  at 1.12218e+20  elapsed 01:08:10
2026-09-26 19:59:05  6.79%  eta 15:49:55  no hit yet  1.28P/s  at 1.12295e+20  elapsed 01:09:11
2026-09-26 20:00:05  6.89%  eta 15:48:54  no hit yet  1.28P/s  at 1.12372e+20  elapsed 01:10:11
2026-09-26 20:01:05  6.99%  eta 15:47:53  no hit yet  1.28P/s  at 1.12449e+20  elapsed 01:11:11
2026-09-26 20:02:06  7.08%  eta 15:46:52  no hit yet  1.28P/s  at 1.12526e+20  elapsed 01:12:11
2026-09-26 20:03:06  7.18%  eta 15:45:51  no hit yet  1.28P/s  at 1.12603e+20  elapsed 01:13:11
2026-09-26 20:04:06  7.28%  eta 15:44:50  no hit yet  1.28P/s  at 1.1268e+20  elapsed 01:14:12
2026-09-26 20:05:06  7.38%  eta 15:43:48  no hit yet  1.28P/s  at 1.12756e+20  elapsed 01:15:12
2026-09-26 20:06:06  7.48%  eta 15:42:47  no hit yet  1.28P/s  at 1.12833e+20  elapsed 01:16:12
2026-09-26 20:07:07  7.58%  eta 15:41:47  no hit yet  1.28P/s  at 1.1291e+20  elapsed 01:17:12
2026-09-26 20:08:07  7.68%  eta 15:40:45  no hit yet  1.28P/s  at 1.12987e+20  elapsed 01:18:12
2026-09-26 20:09:07  7.77%  eta 15:39:45  no hit yet  1.28P/s  at 1.13064e+20  elapsed 01:19:12
2026-09-26 20:10:07  7.87%  eta 15:38:45  no hit yet  1.28P/s  at 1.13141e+20  elapsed 01:20:13
2026-09-26 20:11:07  7.97%  eta 15:37:45  no hit yet  1.28P/s  at 1.13217e+20  elapsed 01:21:13
2026-09-26 20:12:08  8.07%  eta 15:36:44  no hit yet  1.28P/s  at 1.13294e+20  elapsed 01:22:13
2026-09-26 20:13:08  8.17%  eta 15:35:44  no hit yet  1.28P/s  at 1.13371e+20  elapsed 01:23:13
2026-09-26 20:14:08  8.27%  eta 15:34:44  no hit yet  1.28P/s  at 1.13447e+20  elapsed 01:24:13
2026-09-26 20:15:08  8.36%  eta 15:33:44  no hit yet  1.28P/s  at 1.13524e+20  elapsed 01:25:13
2026-09-26 20:16:08  8.46%  eta 15:32:48  no hit yet  1.28P/s  at 1.13601e+20  elapsed 01:26:14
2026-09-26 20:17:08  8.56%  eta 15:31:49  no hit yet  1.28P/s  at 1.13677e+20  elapsed 01:27:14
2026-09-26 20:18:08  8.66%  eta 15:30:50  no hit yet  1.28P/s  at 1.13754e+20  elapsed 01:28:14
2026-09-26 20:19:09  8.76%  eta 15:29:49  no hit yet  1.28P/s  at 1.13831e+20  elapsed 01:29:14
2026-09-26 20:20:09  8.86%  eta 15:28:49  no hit yet  1.28P/s  at 1.13907e+20  elapsed 01:30:14
2026-09-26 20:21:09  8.95%  eta 15:27:49  no hit yet  1.28P/s  at 1.13984e+20  elapsed 01:31:14
2026-09-26 20:22:09  9.05%  eta 15:26:50  no hit yet  1.28P/s  at 1.14061e+20  elapsed 01:32:15
2026-09-26 20:23:09  9.15%  eta 15:25:49  no hit yet  1.28P/s  at 1.14137e+20  elapsed 01:33:15
2026-09-26 20:24:09  9.25%  eta 15:24:50  no hit yet  1.28P/s  at 1.14214e+20  elapsed 01:34:15
2026-09-26 20:25:09  9.35%  eta 15:23:49  no hit yet  1.28P/s  at 1.14291e+20  elapsed 01:35:15
2026-09-26 20:26:09  9.45%  eta 15:22:49  no hit yet  1.28P/s  at 1.14368e+20  elapsed 01:36:15
2026-09-26 20:27:10  9.54%  eta 15:21:48  no hit yet  1.28P/s  at 1.14444e+20  elapsed 01:37:15
2026-09-26 20:28:10  9.64%  eta 15:20:47  no hit yet  1.28P/s  at 1.14521e+20  elapsed 01:38:15
2026-09-26 20:29:10  9.74%  eta 15:19:47  no hit yet  1.28P/s  at 1.14598e+20  elapsed 01:39:16
2026-09-26 20:30:10  9.84%  eta 15:18:47  no hit yet  1.28P/s  at 1.14675e+20  elapsed 01:40:16
2026-09-26 20:31:10  9.94%  eta 15:17:47  no hit yet  1.28P/s  at 1.14752e+20  elapsed 01:41:16
2026-09-26 20:32:11  10.04%  eta 15:16:47  no hit yet  1.28P/s  at 1.14828e+20  elapsed 01:42:16
2026-09-26 20:33:11  10.13%  eta 15:15:47  no hit yet  1.28P/s  at 1.14905e+20  elapsed 01:43:16
2026-09-26 20:34:11  10.23%  eta 15:14:46  no hit yet  1.28P/s  at 1.14982e+20  elapsed 01:44:16
2026-09-26 20:35:11  10.33%  eta 15:13:46  no hit yet  1.28P/s  at 1.15059e+20  elapsed 01:45:17
2026-09-26 20:36:11  10.43%  eta 15:12:47  no hit yet  1.28P/s  at 1.15135e+20  elapsed 01:46:17
2026-09-26 20:37:11  10.53%  eta 15:11:48  no hit yet  1.28P/s  at 1.15212e+20  elapsed 01:47:17
2026-09-26 20:38:12  10.63%  eta 15:10:48  no hit yet  1.28P/s  at 1.15289e+20  elapsed 01:48:17
2026-09-26 20:39:12  10.72%  eta 15:09:48  no hit yet  1.28P/s  at 1.15365e+20  elapsed 01:49:17
2026-09-26 20:40:12  10.82%  eta 15:08:47  no hit yet  1.28P/s  at 1.15442e+20  elapsed 01:50:17
2026-09-26 20:41:12  10.92%  eta 15:07:47  no hit yet  1.28P/s  at 1.15519e+20  elapsed 01:51:18
2026-09-26 20:42:12  11.02%  eta 15:06:46  no hit yet  1.28P/s  at 1.15596e+20  elapsed 01:52:18
2026-09-26 20:43:12  11.12%  eta 15:05:46  no hit yet  1.28P/s  at 1.15672e+20  elapsed 01:53:18
2026-09-26 20:44:13  11.22%  eta 15:04:46  no hit yet  1.28P/s  at 1.15749e+20  elapsed 01:54:18
2026-09-26 20:45:13  11.32%  eta 15:03:46  no hit yet  1.28P/s  at 1.15826e+20  elapsed 01:55:18
2026-09-26 20:46:13  11.41%  eta 15:02:45  no hit yet  1.28P/s  at 1.15903e+20  elapsed 01:56:18
2026-09-26 20:47:13  11.51%  eta 15:01:45  no hit yet  1.28P/s  at 1.15979e+20  elapsed 01:57:19
2026-09-26 20:48:13  11.61%  eta 15:00:45  no hit yet  1.28P/s  at 1.16056e+20  elapsed 01:58:19
2026-09-26 20:49:13  11.71%  eta 14:59:44  no hit yet  1.28P/s  at 1.16133e+20  elapsed 01:59:19
2026-09-26 20:50:14  11.81%  eta 14:58:44  no hit yet  1.28P/s  at 1.1621e+20  elapsed 02:00:19
2026-09-26 20:51:14  11.91%  eta 14:57:44  no hit yet  1.28P/s  at 1.16287e+20  elapsed 02:01:19
2026-09-26 20:52:14  12.00%  eta 14:56:43  no hit yet  1.28P/s  at 1.16363e+20  elapsed 02:02:19
2026-09-26 20:53:14  12.10%  eta 14:55:44  no hit yet  1.28P/s  at 1.1644e+20  elapsed 02:03:20
2026-09-26 20:54:14  12.20%  eta 14:54:43  no hit yet  1.28P/s  at 1.16517e+20  elapsed 02:04:20
2026-09-26 20:55:14  12.30%  eta 14:53:43  no hit yet  1.28P/s  at 1.16594e+20  elapsed 02:05:20
2026-09-26 20:56:15  12.40%  eta 14:52:42  no hit yet  1.28P/s  at 1.16671e+20  elapsed 02:06:20
2026-09-26 20:57:15  12.50%  eta 14:51:42  no hit yet  1.28P/s  at 1.16747e+20  elapsed 02:07:20
2026-09-26 20:58:15  12.59%  eta 14:50:42  no hit yet  1.28P/s  at 1.16824e+20  elapsed 02:08:20
2026-09-26 20:59:15  12.69%  eta 14:49:42  no hit yet  1.28P/s  at 1.16901e+20  elapsed 02:09:21
2026-09-26 21:00:15  12.79%  eta 14:48:42  no hit yet  1.28P/s  at 1.16978e+20  elapsed 02:10:21
2026-09-26 21:01:16  12.89%  eta 14:47:42  no hit yet  1.28P/s  at 1.17054e+20  elapsed 02:11:21
2026-09-26 21:02:16  12.99%  eta 14:46:42  no hit yet  1.28P/s  at 1.17131e+20  elapsed 02:12:21
2026-09-26 21:03:16  13.09%  eta 14:45:42  no hit yet  1.28P/s  at 1.17208e+20  elapsed 02:13:22
2026-09-26 21:04:16  13.19%  eta 14:44:41  no hit yet  1.28P/s  at 1.17285e+20  elapsed 02:14:22
2026-09-26 21:05:17  13.28%  eta 14:43:41  no hit yet  1.28P/s  at 1.17362e+20  elapsed 02:15:22
2026-09-26 21:06:17  13.38%  eta 14:42:41  no hit yet  1.28P/s  at 1.17438e+20  elapsed 02:16:22
2026-09-26 21:07:17  13.48%  eta 14:41:41  no hit yet  1.28P/s  at 1.17515e+20  elapsed 02:17:22
2026-09-26 21:08:17  13.58%  eta 14:40:41  no hit yet  1.28P/s  at 1.17592e+20  elapsed 02:18:22
2026-09-26 21:09:17  13.68%  eta 14:39:41  no hit yet  1.28P/s  at 1.17668e+20  elapsed 02:19:22
2026-09-26 21:10:17  13.78%  eta 14:38:41  no hit yet  1.28P/s  at 1.17745e+20  elapsed 02:20:23
2026-09-26 21:11:17  13.87%  eta 14:37:41  no hit yet  1.28P/s  at 1.17822e+20  elapsed 02:21:23
2026-09-26 21:12:17  13.97%  eta 14:36:41  no hit yet  1.28P/s  at 1.17898e+20  elapsed 02:22:23
2026-09-26 21:13:17  14.07%  eta 14:35:41  no hit yet  1.28P/s  at 1.17975e+20  elapsed 02:23:23
2026-09-26 21:14:17  14.17%  eta 14:34:41  no hit yet  1.28P/s  at 1.18052e+20  elapsed 02:24:23
2026-09-26 21:15:18  14.27%  eta 14:33:41  no hit yet  1.28P/s  at 1.18128e+20  elapsed 02:25:23
2026-09-26 21:16:18  14.36%  eta 14:32:44  no hit yet  1.28P/s  at 1.18204e+20  elapsed 02:26:23
2026-09-26 21:17:18  14.46%  eta 14:31:45  no hit yet  1.28P/s  at 1.18281e+20  elapsed 02:27:23
2026-09-26 21:18:18  14.56%  eta 14:30:47  no hit yet  1.28P/s  at 1.18357e+20  elapsed 02:28:23
2026-09-26 21:19:18  14.66%  eta 14:29:46  no hit yet  1.28P/s  at 1.18434e+20  elapsed 02:29:24
2026-09-26 21:20:18  14.76%  eta 14:28:46  no hit yet  1.28P/s  at 1.18511e+20  elapsed 02:30:24
2026-09-26 21:21:19  14.86%  eta 14:27:46  no hit yet  1.28P/s  at 1.18588e+20  elapsed 02:31:24
2026-09-26 21:22:19  14.95%  eta 14:26:46  no hit yet  1.28P/s  at 1.18664e+20  elapsed 02:32:24
2026-09-26 21:23:19  15.05%  eta 14:25:47  no hit yet  1.28P/s  at 1.18741e+20  elapsed 02:33:24
2026-09-26 21:24:19  15.15%  eta 14:24:49  no hit yet  1.28P/s  at 1.18817e+20  elapsed 02:34:24
2026-09-26 21:25:19  15.25%  eta 14:23:49  no hit yet  1.28P/s  at 1.18893e+20  elapsed 02:35:24
2026-09-26 21:26:19  15.35%  eta 14:22:50  no hit yet  1.28P/s  at 1.1897e+20  elapsed 02:36:24
2026-09-26 21:27:19  15.44%  eta 14:21:49  no hit yet  1.28P/s  at 1.19047e+20  elapsed 02:37:25
2026-09-26 21:28:19  15.54%  eta 14:20:48  no hit yet  1.28P/s  at 1.19124e+20  elapsed 02:38:25
2026-09-26 21:29:19  15.64%  eta 14:19:48  no hit yet  1.28P/s  at 1.192e+20  elapsed 02:39:25
2026-09-26 21:30:19  15.74%  eta 14:18:51  no hit yet  1.28P/s  at 1.19276e+20  elapsed 02:40:25
2026-09-26 21:31:19  15.84%  eta 14:17:52  no hit yet  1.28P/s  at 1.19352e+20  elapsed 02:41:25
2026-09-26 21:32:19  15.93%  eta 14:16:52  no hit yet  1.28P/s  at 1.19429e+20  elapsed 02:42:25
2026-09-26 21:33:20  16.03%  eta 14:15:52  no hit yet  1.28P/s  at 1.19506e+20  elapsed 02:43:25
2026-09-26 21:34:20  16.13%  eta 14:14:52  no hit yet  1.28P/s  at 1.19582e+20  elapsed 02:44:25
2026-09-26 21:35:20  16.23%  eta 14:13:52  no hit yet  1.28P/s  at 1.19659e+20  elapsed 02:45:25
2026-09-26 21:36:20  16.33%  eta 14:12:55  no hit yet  1.28P/s  at 1.19735e+20  elapsed 02:46:25
2026-09-26 21:37:20  16.42%  eta 14:11:57  no hit yet  1.28P/s  at 1.19811e+20  elapsed 02:47:25
2026-09-26 21:38:20  16.52%  eta 14:10:57  no hit yet  1.28P/s  at 1.19888e+20  elapsed 02:48:25
2026-09-26 21:39:20  16.62%  eta 14:09:57  no hit yet  1.28P/s  at 1.19964e+20  elapsed 02:49:25
2026-09-26 21:40:20  16.72%  eta 14:08:58  no hit yet  1.28P/s  at 1.20041e+20  elapsed 02:50:25
2026-09-26 21:41:20  16.82%  eta 14:07:58  no hit yet  1.28P/s  at 1.20117e+20  elapsed 02:51:26
2026-09-26 21:42:20  16.92%  eta 14:06:58  no hit yet  1.28P/s  at 1.20194e+20  elapsed 02:52:26
2026-09-26 21:43:20  17.01%  eta 14:05:58  no hit yet  1.28P/s  at 1.20271e+20  elapsed 02:53:26
2026-09-26 21:44:21  17.11%  eta 14:04:59  no hit yet  1.28P/s  at 1.20347e+20  elapsed 02:54:26
2026-09-26 21:45:21  17.21%  eta 14:04:02  no hit yet  1.28P/s  at 1.20423e+20  elapsed 02:55:26
2026-09-26 21:46:21  17.31%  eta 14:03:03  no hit yet  1.28P/s  at 1.20499e+20  elapsed 02:56:26
2026-09-26 21:47:21  17.41%  eta 14:02:04  no hit yet  1.28P/s  at 1.20576e+20  elapsed 02:57:27
2026-09-26 21:48:21  17.50%  eta 14:01:04  no hit yet  1.28P/s  at 1.20653e+20  elapsed 02:58:27
2026-09-26 21:49:21  17.60%  eta 14:00:04  no hit yet  1.28P/s  at 1.20729e+20  elapsed 02:59:27
2026-09-26 21:50:21  17.70%  eta 13:59:04  no hit yet  1.28P/s  at 1.20806e+20  elapsed 03:00:27
2026-09-26 21:51:21  17.80%  eta 13:58:04  no hit yet  1.28P/s  at 1.20882e+20  elapsed 03:01:27
2026-09-26 21:52:22  17.90%  eta 13:57:04  no hit yet  1.28P/s  at 1.20959e+20  elapsed 03:02:27
2026-09-26 21:53:22  17.99%  eta 13:56:04  no hit yet  1.28P/s  at 1.21036e+20  elapsed 03:03:27
2026-09-26 21:54:22  18.09%  eta 13:55:04  no hit yet  1.28P/s  at 1.21113e+20  elapsed 03:04:27
2026-09-26 21:55:22  18.19%  eta 13:54:04  no hit yet  1.28P/s  at 1.21189e+20  elapsed 03:05:28
2026-09-26 21:56:22  18.29%  eta 13:53:04  no hit yet  1.28P/s  at 1.21266e+20  elapsed 03:06:28
2026-09-26 21:57:23  18.39%  eta 13:52:04  no hit yet  1.28P/s  at 1.21343e+20  elapsed 03:07:28
2026-09-26 21:58:23  18.49%  eta 13:51:03  no hit yet  1.28P/s  at 1.2142e+20  elapsed 03:08:28
2026-09-26 21:59:23  18.59%  eta 13:50:03  no hit yet  1.28P/s  at 1.21497e+20  elapsed 03:09:29
2026-09-26 22:00:23  18.68%  eta 13:49:03  no hit yet  1.28P/s  at 1.21573e+20  elapsed 03:10:29
2026-09-26 22:01:23  18.78%  eta 13:48:03  no hit yet  1.28P/s  at 1.2165e+20  elapsed 03:11:29
2026-09-26 22:02:24  18.88%  eta 13:47:03  no hit yet  1.28P/s  at 1.21727e+20  elapsed 03:12:29
2026-09-26 22:03:24  18.98%  eta 13:46:03  no hit yet  1.28P/s  at 1.21803e+20  elapsed 03:13:29
2026-09-26 22:04:24  19.08%  eta 13:45:03  no hit yet  1.28P/s  at 1.2188e+20  elapsed 03:14:29
2026-09-26 22:05:24  19.18%  eta 13:44:03  no hit yet  1.28P/s  at 1.21957e+20  elapsed 03:15:30
2026-09-26 22:06:24  19.27%  eta 13:43:03  no hit yet  1.28P/s  at 1.22033e+20  elapsed 03:16:30
2026-09-26 22:07:25  19.37%  eta 13:42:03  no hit yet  1.28P/s  at 1.2211e+20  elapsed 03:17:30
2026-09-26 22:08:25  19.47%  eta 13:41:04  no hit yet  1.28P/s  at 1.22186e+20  elapsed 03:18:30
2026-09-26 22:09:25  19.57%  eta 13:40:04  no hit yet  1.28P/s  at 1.22263e+20  elapsed 03:19:30
2026-09-26 22:10:25  19.67%  eta 13:39:04  no hit yet  1.28P/s  at 1.2234e+20  elapsed 03:20:31
2026-09-26 22:11:25  19.76%  eta 13:38:05  no hit yet  1.28P/s  at 1.22416e+20  elapsed 03:21:31
2026-09-26 22:12:25  19.86%  eta 13:37:04  no hit yet  1.28P/s  at 1.22493e+20  elapsed 03:22:31
2026-09-26 22:13:26  19.96%  eta 13:36:05  no hit yet  1.27P/s  at 1.2257e+20  elapsed 03:23:31
2026-09-26 22:14:26  20.06%  eta 13:35:04  no hit yet  1.27P/s  at 1.22647e+20  elapsed 03:24:31
2026-09-26 22:15:26  20.16%  eta 13:34:04  no hit yet  1.27P/s  at 1.22723e+20  elapsed 03:25:32
2026-09-26 22:16:26  20.26%  eta 13:33:06  no hit yet  1.27P/s  at 1.228e+20  elapsed 03:26:32
2026-09-26 22:17:27  20.35%  eta 13:32:06  no hit yet  1.27P/s  at 1.22876e+20  elapsed 03:27:32
2026-09-26 22:18:27  20.45%  eta 13:31:06  no hit yet  1.27P/s  at 1.22953e+20  elapsed 03:28:32
2026-09-26 22:19:27  20.55%  eta 13:30:07  no hit yet  1.27P/s  at 1.2303e+20  elapsed 03:29:32
2026-09-26 22:20:27  20.65%  eta 13:29:06  no hit yet  1.27P/s  at 1.23106e+20  elapsed 03:30:33
2026-09-26 22:21:27  20.75%  eta 13:28:07  no hit yet  1.27P/s  at 1.23183e+20  elapsed 03:31:33
2026-09-26 22:22:27  20.85%  eta 13:27:07  no hit yet  1.27P/s  at 1.23259e+20  elapsed 03:32:33
2026-09-26 22:23:27  20.94%  eta 13:26:10  no hit yet  1.27P/s  at 1.23335e+20  elapsed 03:33:33
2026-09-26 22:24:27  21.04%  eta 13:25:13  no hit yet  1.27P/s  at 1.23411e+20  elapsed 03:34:33
2026-09-26 22:25:28  21.14%  eta 13:24:13  no hit yet  1.27P/s  at 1.23487e+20  elapsed 03:35:33
2026-09-26 22:26:28  21.24%  eta 13:23:13  no hit yet  1.27P/s  at 1.23564e+20  elapsed 03:36:33
2026-09-26 22:27:28  21.33%  eta 13:22:13  no hit yet  1.27P/s  at 1.23641e+20  elapsed 03:37:33
2026-09-26 22:28:28  21.43%  eta 13:21:13  no hit yet  1.27P/s  at 1.23717e+20  elapsed 03:38:33
2026-09-26 22:29:28  21.53%  eta 13:20:13  no hit yet  1.27P/s  at 1.23794e+20  elapsed 03:39:33
2026-09-26 22:30:28  21.63%  eta 13:19:12  no hit yet  1.27P/s  at 1.23871e+20  elapsed 03:40:34
2026-09-26 22:31:28  21.73%  eta 13:18:12  no hit yet  1.27P/s  at 1.23947e+20  elapsed 03:41:34
2026-09-26 22:32:28  21.83%  eta 13:17:12  no hit yet  1.27P/s  at 1.24024e+20  elapsed 03:42:34
2026-09-26 22:33:29  21.92%  eta 13:16:12  no hit yet  1.27P/s  at 1.24101e+20  elapsed 03:43:34
2026-09-26 22:34:29  22.02%  eta 13:15:12  no hit yet  1.27P/s  at 1.24177e+20  elapsed 03:44:34
2026-09-26 22:35:29  22.12%  eta 13:14:12  no hit yet  1.27P/s  at 1.24254e+20  elapsed 03:45:34
2026-09-26 22:36:29  22.22%  eta 13:13:12  no hit yet  1.27P/s  at 1.2433e+20  elapsed 03:46:35
2026-09-26 22:37:29  22.32%  eta 13:12:12  no hit yet  1.27P/s  at 1.24407e+20  elapsed 03:47:35
2026-09-26 22:38:29  22.41%  eta 13:11:13  no hit yet  1.27P/s  at 1.24483e+20  elapsed 03:48:35
2026-09-26 22:39:30  22.51%  eta 13:10:13  no hit yet  1.27P/s  at 1.2456e+20  elapsed 03:49:35
2026-09-26 22:40:30  22.61%  eta 13:09:14  no hit yet  1.27P/s  at 1.24637e+20  elapsed 03:50:35
2026-09-26 22:41:30  22.71%  eta 13:08:14  no hit yet  1.27P/s  at 1.24713e+20  elapsed 03:51:35
2026-09-26 22:42:30  22.81%  eta 13:07:14  no hit yet  1.27P/s  at 1.2479e+20  elapsed 03:52:35
2026-09-26 22:43:30  22.91%  eta 13:06:15  no hit yet  1.27P/s  at 1.24866e+20  elapsed 03:53:36
2026-09-26 22:44:30  23.00%  eta 13:05:15  no hit yet  1.27P/s  at 1.24943e+20  elapsed 03:54:36
2026-09-26 22:45:31  23.10%  eta 13:04:15  no hit yet  1.27P/s  at 1.25019e+20  elapsed 03:55:36
2026-09-26 22:46:31  23.20%  eta 13:03:15  no hit yet  1.27P/s  at 1.25096e+20  elapsed 03:56:36
2026-09-26 22:47:31  23.30%  eta 13:02:15  no hit yet  1.27P/s  at 1.25172e+20  elapsed 03:57:36
2026-09-26 22:48:31  23.40%  eta 13:01:15  no hit yet  1.27P/s  at 1.25249e+20  elapsed 03:58:36
2026-09-26 22:49:31  23.49%  eta 13:00:15  no hit yet  1.27P/s  at 1.25326e+20  elapsed 03:59:36
2026-09-26 22:50:31  23.59%  eta 12:59:15  no hit yet  1.27P/s  at 1.25403e+20  elapsed 04:00:37
2026-09-26 22:51:31  23.69%  eta 12:58:15  no hit yet  1.27P/s  at 1.25479e+20  elapsed 04:01:37
2026-09-26 22:52:32  23.79%  eta 12:57:14  no hit yet  1.27P/s  at 1.25556e+20  elapsed 04:02:37
2026-09-26 22:53:32  23.89%  eta 12:56:14  no hit yet  1.27P/s  at 1.25633e+20  elapsed 04:03:37
2026-09-26 22:54:32  23.99%  eta 12:55:14  no hit yet  1.27P/s  at 1.2571e+20  elapsed 04:04:38
2026-09-26 22:55:32  24.08%  eta 12:54:15  no hit yet  1.27P/s  at 1.25786e+20  elapsed 04:05:38
2026-09-26 22:56:32  24.18%  eta 12:53:15  no hit yet  1.27P/s  at 1.25862e+20  elapsed 04:06:38
2026-09-26 22:57:32  24.28%  eta 12:52:15  no hit yet  1.27P/s  at 1.25939e+20  elapsed 04:07:38
2026-09-26 22:58:32  24.38%  eta 12:51:15  no hit yet  1.27P/s  at 1.26016e+20  elapsed 04:08:38
2026-09-26 22:59:33  24.48%  eta 12:50:16  no hit yet  1.27P/s  at 1.26092e+20  elapsed 04:09:38
2026-09-26 23:00:33  24.57%  eta 12:49:16  no hit yet  1.27P/s  at 1.26168e+20  elapsed 04:10:38
2026-09-26 23:01:33  24.67%  eta 12:48:16  no hit yet  1.27P/s  at 1.26245e+20  elapsed 04:11:38
2026-09-26 23:02:33  24.77%  eta 12:47:16  no hit yet  1.27P/s  at 1.26322e+20  elapsed 04:12:38
2026-09-26 23:03:33  24.87%  eta 12:46:15  no hit yet  1.27P/s  at 1.26398e+20  elapsed 04:13:38
2026-09-26 23:04:33  24.97%  eta 12:45:15  no hit yet  1.27P/s  at 1.26475e+20  elapsed 04:14:38
2026-09-26 23:05:33  25.07%  eta 12:44:16  no hit yet  1.27P/s  at 1.26551e+20  elapsed 04:15:38
2026-09-26 23:06:33  25.16%  eta 12:43:15  no hit yet  1.27P/s  at 1.26628e+20  elapsed 04:16:39
2026-09-26 23:07:33  25.26%  eta 12:42:15  no hit yet  1.27P/s  at 1.26705e+20  elapsed 04:17:39
2026-09-26 23:08:34  25.36%  eta 12:41:15  no hit yet  1.27P/s  at 1.26781e+20  elapsed 04:18:39
2026-09-26 23:09:34  25.46%  eta 12:40:15  no hit yet  1.27P/s  at 1.26858e+20  elapsed 04:19:39
2026-09-26 23:10:34  25.56%  eta 12:39:15  no hit yet  1.27P/s  at 1.26935e+20  elapsed 04:20:39
2026-09-26 23:11:34  25.66%  eta 12:38:15  no hit yet  1.27P/s  at 1.27011e+20  elapsed 04:21:39
2026-09-26 23:12:34  25.75%  eta 12:37:15  no hit yet  1.27P/s  at 1.27088e+20  elapsed 04:22:39
2026-09-26 23:13:34  25.85%  eta 12:36:15  no hit yet  1.27P/s  at 1.27164e+20  elapsed 04:23:40
2026-09-26 23:14:34  25.95%  eta 12:35:14  no hit yet  1.27P/s  at 1.27241e+20  elapsed 04:24:40
2026-09-26 23:15:34  26.05%  eta 12:34:15  no hit yet  1.27P/s  at 1.27318e+20  elapsed 04:25:40
2026-09-26 23:16:34  26.15%  eta 12:33:17  no hit yet  1.27P/s  at 1.27393e+20  elapsed 04:26:40
2026-09-26 23:17:35  26.24%  eta 12:32:17  no hit yet  1.27P/s  at 1.2747e+20  elapsed 04:27:40
2026-09-26 23:18:35  26.34%  eta 12:31:18  no hit yet  1.27P/s  at 1.27546e+20  elapsed 04:28:40
2026-09-26 23:19:35  26.44%  eta 12:30:18  no hit yet  1.27P/s  at 1.27623e+20  elapsed 04:29:40
2026-09-26 23:20:35  26.54%  eta 12:29:17  no hit yet  1.27P/s  at 1.277e+20  elapsed 04:30:41
2026-09-26 23:21:35  26.64%  eta 12:28:17  no hit yet  1.27P/s  at 1.27776e+20  elapsed 04:31:41
2026-09-26 23:22:35  26.73%  eta 12:27:17  no hit yet  1.27P/s  at 1.27853e+20  elapsed 04:32:41
2026-09-26 23:23:36  26.83%  eta 12:26:18  no hit yet  1.27P/s  at 1.2793e+20  elapsed 04:33:41
2026-09-26 23:24:36  26.93%  eta 12:25:17  no hit yet  1.27P/s  at 1.28006e+20  elapsed 04:34:41
2026-09-26 23:25:36  27.03%  eta 12:24:17  no hit yet  1.27P/s  at 1.28083e+20  elapsed 04:35:42
2026-09-26 23:26:36  27.13%  eta 12:23:17  no hit yet  1.27P/s  at 1.2816e+20  elapsed 04:36:42
2026-09-26 23:27:36  27.23%  eta 12:22:17  no hit yet  1.27P/s  at 1.28236e+20  elapsed 04:37:42
2026-09-26 23:28:37  27.32%  eta 12:21:17  no hit yet  1.27P/s  at 1.28313e+20  elapsed 04:38:42
2026-09-26 23:29:37  27.42%  eta 12:20:16  no hit yet  1.27P/s  at 1.2839e+20  elapsed 04:39:42
2026-09-26 23:30:37  27.52%  eta 12:19:16  no hit yet  1.27P/s  at 1.28466e+20  elapsed 04:40:42
2026-09-26 23:31:37  27.62%  eta 12:18:16  no hit yet  1.27P/s  at 1.28543e+20  elapsed 04:41:43
2026-09-26 23:32:37  27.72%  eta 12:17:15  no hit yet  1.27P/s  at 1.2862e+20  elapsed 04:42:43
2026-09-26 23:33:37  27.82%  eta 12:16:15  no hit yet  1.27P/s  at 1.28697e+20  elapsed 04:43:43
2026-09-26 23:34:37  27.91%  eta 12:15:14  no hit yet  1.27P/s  at 1.28774e+20  elapsed 04:44:43
2026-09-26 23:35:38  28.01%  eta 12:14:14  no hit yet  1.27P/s  at 1.2885e+20  elapsed 04:45:43
2026-09-26 23:36:38  28.11%  eta 12:13:14  no hit yet  1.27P/s  at 1.28927e+20  elapsed 04:46:43
2026-09-26 23:37:38  28.21%  eta 12:12:14  no hit yet  1.27P/s  at 1.29004e+20  elapsed 04:47:43
2026-09-26 23:38:38  28.31%  eta 12:11:13  no hit yet  1.27P/s  at 1.2908e+20  elapsed 04:48:44
2026-09-26 23:39:38  28.41%  eta 12:10:13  no hit yet  1.27P/s  at 1.29157e+20  elapsed 04:49:44
2026-09-26 23:40:38  28.50%  eta 12:09:13  no hit yet  1.27P/s  at 1.29234e+20  elapsed 04:50:44
2026-09-26 23:41:38  28.60%  eta 12:08:12  no hit yet  1.27P/s  at 1.29311e+20  elapsed 04:51:44
2026-09-26 23:42:38  28.70%  eta 12:07:11  no hit yet  1.27P/s  at 1.29387e+20  elapsed 04:52:44
2026-09-26 23:43:39  28.80%  eta 12:06:11  no hit yet  1.27P/s  at 1.29464e+20  elapsed 04:53:44
2026-09-26 23:44:39  28.90%  eta 12:05:10  no hit yet  1.27P/s  at 1.29541e+20  elapsed 04:54:44
2026-09-26 23:45:39  29.00%  eta 12:04:10  no hit yet  1.27P/s  at 1.29618e+20  elapsed 04:55:45
2026-09-26 23:46:39  29.10%  eta 12:03:09  no hit yet  1.27P/s  at 1.29695e+20  elapsed 04:56:45
2026-09-26 23:47:40  29.19%  eta 12:02:09  no hit yet  1.27P/s  at 1.29772e+20  elapsed 04:57:45
2026-09-26 23:48:40  29.29%  eta 12:01:08  no hit yet  1.27P/s  at 1.29848e+20  elapsed 04:58:45
2026-09-26 23:49:40  29.39%  eta 12:00:08  no hit yet  1.27P/s  at 1.29925e+20  elapsed 04:59:45
2026-09-26 23:50:40  29.49%  eta 11:59:07  no hit yet  1.27P/s  at 1.30002e+20  elapsed 05:00:46
2026-09-26 23:51:40  29.59%  eta 11:58:07  no hit yet  1.27P/s  at 1.30079e+20  elapsed 05:01:46
2026-09-26 23:52:40  29.69%  eta 11:57:07  no hit yet  1.27P/s  at 1.30156e+20  elapsed 05:02:46
2026-09-26 23:53:41  29.79%  eta 11:56:06  no hit yet  1.27P/s  at 1.30232e+20  elapsed 05:03:46
2026-09-26 23:54:41  29.88%  eta 11:55:06  no hit yet  1.27P/s  at 1.30309e+20  elapsed 05:04:46
2026-09-26 23:55:41  29.98%  eta 11:54:05  no hit yet  1.27P/s  at 1.30386e+20  elapsed 05:05:46
2026-09-26 23:56:41  30.08%  eta 11:53:05  no hit yet  1.27P/s  at 1.30463e+20  elapsed 05:06:47
2026-09-26 23:57:41  30.18%  eta 11:52:05  no hit yet  1.27P/s  at 1.30539e+20  elapsed 05:07:47
2026-09-26 23:58:41  30.28%  eta 11:51:05  no hit yet  1.27P/s  at 1.30616e+20  elapsed 05:08:47
2026-09-26 23:59:41  30.38%  eta 11:50:04  no hit yet  1.27P/s  at 1.30693e+20  elapsed 05:09:47
2026-09-27 00:00:41  30.47%  eta 11:49:04  no hit yet  1.27P/s  at 1.30769e+20  elapsed 05:10:47
2026-09-27 00:01:42  30.57%  eta 11:48:04  no hit yet  1.27P/s  at 1.30846e+20  elapsed 05:11:47
2026-09-27 00:02:42  30.67%  eta 11:47:03  no hit yet  1.27P/s  at 1.30923e+20  elapsed 05:12:47
2026-09-27 00:03:42  30.77%  eta 11:46:03  no hit yet  1.27P/s  at 1.31e+20  elapsed 05:13:47
2026-09-27 00:04:42  30.87%  eta 11:45:03  no hit yet  1.27P/s  at 1.31076e+20  elapsed 05:14:47
2026-09-27 00:05:42  30.97%  eta 11:44:02  no hit yet  1.27P/s  at 1.31153e+20  elapsed 05:15:47
2026-09-27 00:06:42  31.06%  eta 11:43:02  no hit yet  1.27P/s  at 1.3123e+20  elapsed 05:16:48
2026-09-27 00:07:42  31.16%  eta 11:42:02  no hit yet  1.27P/s  at 1.31307e+20  elapsed 05:17:48
2026-09-27 00:08:43  31.26%  eta 11:41:01  no hit yet  1.27P/s  at 1.31383e+20  elapsed 05:18:48
2026-09-27 00:09:43  31.36%  eta 11:40:01  no hit yet  1.27P/s  at 1.3146e+20  elapsed 05:19:48
2026-09-27 00:10:43  31.46%  eta 11:39:01  no hit yet  1.27P/s  at 1.31537e+20  elapsed 05:20:48
2026-09-27 00:11:43  31.56%  eta 11:38:00  no hit yet  1.27P/s  at 1.31614e+20  elapsed 05:21:48
2026-09-27 00:12:43  31.65%  eta 11:37:00  no hit yet  1.27P/s  at 1.3169e+20  elapsed 05:22:49
2026-09-27 00:13:43  31.75%  eta 11:36:00  no hit yet  1.27P/s  at 1.31767e+20  elapsed 05:23:49
2026-09-27 00:14:44  31.85%  eta 11:34:59  no hit yet  1.27P/s  at 1.31844e+20  elapsed 05:24:49
2026-09-27 00:15:44  31.95%  eta 11:34:01  no hit yet  1.27P/s  at 1.3192e+20  elapsed 05:25:49
2026-09-27 00:16:44  32.05%  eta 11:33:01  no hit yet  1.27P/s  at 1.31996e+20  elapsed 05:26:49
2026-09-27 00:17:44  32.15%  eta 11:32:01  no hit yet  1.27P/s  at 1.32073e+20  elapsed 05:27:50
2026-09-27 00:18:44  32.24%  eta 11:31:00  no hit yet  1.27P/s  at 1.3215e+20  elapsed 05:28:50
2026-09-27 00:19:44  32.34%  eta 11:30:00  no hit yet  1.27P/s  at 1.32226e+20  elapsed 05:29:50
2026-09-27 00:20:44  32.44%  eta 11:29:00  no hit yet  1.27P/s  at 1.32303e+20  elapsed 05:30:50
2026-09-27 00:21:44  32.54%  eta 11:28:00  no hit yet  1.27P/s  at 1.3238e+20  elapsed 05:31:50
2026-09-27 00:22:45  32.64%  eta 11:26:59  no hit yet  1.27P/s  at 1.32457e+20  elapsed 05:32:50
2026-09-27 00:23:45  32.74%  eta 11:25:59  no hit yet  1.27P/s  at 1.32534e+20  elapsed 05:33:50
2026-09-27 00:24:45  32.83%  eta 11:24:58  no hit yet  1.27P/s  at 1.3261e+20  elapsed 05:34:50
2026-09-27 00:25:45  32.93%  eta 11:23:58  no hit yet  1.27P/s  at 1.32687e+20  elapsed 05:35:50
2026-09-27 00:26:45  33.03%  eta 11:22:58  no hit yet  1.27P/s  at 1.32763e+20  elapsed 05:36:50
2026-09-27 00:27:45  33.13%  eta 11:21:58  no hit yet  1.27P/s  at 1.3284e+20  elapsed 05:37:51
2026-09-27 00:28:45  33.23%  eta 11:20:57  no hit yet  1.27P/s  at 1.32917e+20  elapsed 05:38:51
2026-09-27 00:29:45  33.33%  eta 11:19:56  no hit yet  1.27P/s  at 1.32994e+20  elapsed 05:39:51
2026-09-27 00:30:45  33.42%  eta 11:18:56  no hit yet  1.27P/s  at 1.33071e+20  elapsed 05:40:51
2026-09-27 00:31:46  33.52%  eta 11:17:56  no hit yet  1.27P/s  at 1.33147e+20  elapsed 05:41:51
2026-09-27 00:32:46  33.62%  eta 11:16:55  no hit yet  1.27P/s  at 1.33224e+20  elapsed 05:42:51
2026-09-27 00:33:46  33.72%  eta 11:15:55  no hit yet  1.27P/s  at 1.33301e+20  elapsed 05:43:51
2026-09-27 00:34:46  33.82%  eta 11:14:55  no hit yet  1.27P/s  at 1.33378e+20  elapsed 05:44:51
2026-09-27 00:35:46  33.92%  eta 11:13:55  no hit yet  1.27P/s  at 1.33454e+20  elapsed 05:45:51
2026-09-27 00:36:46  34.01%  eta 11:12:55  no hit yet  1.27P/s  at 1.33531e+20  elapsed 05:46:52
2026-09-27 00:37:46  34.11%  eta 11:11:54  no hit yet  1.27P/s  at 1.33607e+20  elapsed 05:47:52
2026-09-27 00:38:46  34.21%  eta 11:10:54  no hit yet  1.27P/s  at 1.33684e+20  elapsed 05:48:52
2026-09-27 00:39:47  34.31%  eta 11:09:53  no hit yet  1.27P/s  at 1.33761e+20  elapsed 05:49:52
2026-09-27 00:40:47  34.41%  eta 11:08:53  no hit yet  1.27P/s  at 1.33838e+20  elapsed 05:50:52
2026-09-27 00:41:47  34.51%  eta 11:07:53  no hit yet  1.27P/s  at 1.33915e+20  elapsed 05:51:52
2026-09-27 00:42:47  34.60%  eta 11:06:52  no hit yet  1.27P/s  at 1.33992e+20  elapsed 05:52:53
2026-09-27 00:43:47  34.70%  eta 11:05:52  no hit yet  1.27P/s  at 1.34068e+20  elapsed 05:53:53
2026-09-27 00:44:47  34.80%  eta 11:04:51  no hit yet  1.27P/s  at 1.34145e+20  elapsed 05:54:53
2026-09-27 00:45:48  34.90%  eta 11:03:51  no hit yet  1.27P/s  at 1.34222e+20  elapsed 05:55:53
2026-09-27 00:46:48  35.00%  eta 11:02:50  no hit yet  1.27P/s  at 1.34299e+20  elapsed 05:56:53
2026-09-27 00:47:48  35.10%  eta 11:01:50  no hit yet  1.27P/s  at 1.34376e+20  elapsed 05:57:53
2026-09-27 00:48:48  35.20%  eta 11:00:50  no hit yet  1.27P/s  at 1.34452e+20  elapsed 05:58:53
2026-09-27 00:49:19  dec candidate: 134491669675212201371 (length 17, segment 21623865); finishing earlier segments
2026-09-27 00:49:19  dec 17: 134491669675212201371 134491669675212201403 134491669675212201433 134491669675212201461 134491669675212201487 134491669675212201511 134491669675212201533 134491669675212201553 134491669675212201571 134491669675212201587 134491669675212201601 134491669675212201613 134491669675212201623 134491669675212201631 134491669675212201637 134491669675212201641 134491669675212201643
2026-09-27 00:49:19  first decreasing-gap chain (A263049) of length 17 is at 134491669675212201371, after searching 35.25% of the range in 05:59:24
2026-09-27 00:49:19  exit 0
