2026-09-25 20:22:41  started (pid 72112): ./gapsieve -l 17 -s 4.45e19 -e 5.75e19 --first --gaps dec -c d16w4.ck -r --log d16w4.log -q
2026-09-25 20:22:41  consecutive primes, decreasing gaps, chain length >= 17, range 44500000000000000000..57500000000000000000, 14 threads, first match only
2026-09-25 20:22:41  (sieve: wheel 9699690 with 12960 classes; 38 primes pre-sieved in 12 patterns, 6 offsets to depth 199; segment 1.27e+12)
2026-09-25 20:23:41  0.05%  eta 1d06:56:23  no hit yet  116.65T/s  at 4.4507e+19  elapsed 00:01:00
2026-09-25 20:24:41  0.11%  eta 1d06:47:26  no hit yet  117.15T/s  at 4.45141e+19  elapsed 00:02:00
2026-09-25 20:25:41  0.16%  eta 1d06:42:01  no hit yet  117.43T/s  at 4.45212e+19  elapsed 00:03:00
2026-09-25 20:26:42  0.22%  eta 1d06:37:48  no hit yet  117.64T/s  at 4.45283e+19  elapsed 00:04:00
2026-09-25 20:27:42  0.27%  eta 1d06:34:59  no hit yet  117.75T/s  at 4.45354e+19  elapsed 00:05:00
2026-09-25 20:28:42  0.33%  eta 1d06:33:44  no hit yet  117.77T/s  at 4.45425e+19  elapsed 00:06:00
2026-09-25 20:29:42  0.38%  eta 1d06:32:29  no hit yet  117.79T/s  at 4.45496e+19  elapsed 00:07:00
2026-09-25 20:30:42  0.44%  eta 1d06:31:43  no hit yet  117.77T/s  at 4.45566e+19  elapsed 00:08:00
2026-09-25 20:31:42  0.49%  eta 1d06:29:54  no hit yet  117.82T/s  at 4.45637e+19  elapsed 00:09:01
2026-09-25 20:32:42  0.55%  eta 1d06:28:22  no hit yet  117.86T/s  at 4.45709e+19  elapsed 00:10:01
2026-09-25 20:33:43  0.60%  eta 1d06:27:05  no hit yet  117.87T/s  at 4.4578e+19  elapsed 00:11:01
2026-09-25 20:34:43  0.65%  eta 1d06:26:43  no hit yet  117.83T/s  at 4.4585e+19  elapsed 00:12:01
2026-09-25 20:35:43  0.71%  eta 1d06:25:25  no hit yet  117.85T/s  at 4.45921e+19  elapsed 00:13:01
2026-09-25 20:36:43  0.76%  eta 1d06:24:01  no hit yet  117.88T/s  at 4.45992e+19  elapsed 00:14:01
2026-09-25 20:37:43  0.82%  eta 1d06:22:45  no hit yet  117.90T/s  at 4.46063e+19  elapsed 00:15:01
2026-09-25 20:38:43  0.87%  eta 1d06:21:26  no hit yet  117.92T/s  at 4.46134e+19  elapsed 00:16:02
2026-09-25 20:39:43  0.93%  eta 1d06:20:46  no hit yet  117.89T/s  at 4.46205e+19  elapsed 00:17:02
2026-09-25 20:40:43  0.98%  eta 1d06:19:35  no hit yet  117.91T/s  at 4.46276e+19  elapsed 00:18:02
2026-09-25 20:41:43  1.04%  eta 1d06:18:19  no hit yet  117.92T/s  at 4.46347e+19  elapsed 00:19:02
2026-09-25 20:42:44  1.09%  eta 1d06:17:21  no hit yet  117.92T/s  at 4.46418e+19  elapsed 00:20:02
2026-09-25 20:43:44  1.14%  eta 1d06:16:58  no hit yet  117.88T/s  at 4.46488e+19  elapsed 00:21:02
2026-09-25 20:44:44  1.20%  eta 1d06:17:56  no hit yet  117.75T/s  at 4.46558e+19  elapsed 00:22:02
2026-09-25 20:45:44  1.25%  eta 1d06:19:16  no hit yet  117.61T/s  at 4.46626e+19  elapsed 00:23:02
2026-09-25 20:46:44  1.30%  eta 1d06:18:52  no hit yet  117.57T/s  at 4.46696e+19  elapsed 00:24:02
2026-09-25 20:47:44  1.36%  eta 1d06:17:44  no hit yet  117.58T/s  at 4.46767e+19  elapsed 00:25:02
2026-09-25 20:48:44  1.41%  eta 1d06:16:29  no hit yet  117.59T/s  at 4.46838e+19  elapsed 00:26:03
2026-09-25 20:49:44  1.47%  eta 1d06:15:25  no hit yet  117.60T/s  at 4.46909e+19  elapsed 00:27:03
2026-09-25 20:50:44  1.52%  eta 1d06:14:31  no hit yet  117.59T/s  at 4.46979e+19  elapsed 00:28:03
2026-09-25 20:51:45  1.58%  eta 1d06:13:26  no hit yet  117.59T/s  at 4.4705e+19  elapsed 00:29:03
2026-09-25 20:52:45  1.63%  eta 1d06:12:24  no hit yet  117.60T/s  at 4.47121e+19  elapsed 00:30:03
2026-09-25 20:53:45  1.69%  eta 1d06:11:14  no hit yet  117.61T/s  at 4.47192e+19  elapsed 00:31:03
2026-09-25 20:54:45  1.74%  eta 1d06:10:04  no hit yet  117.62T/s  at 4.47263e+19  elapsed 00:32:03
2026-09-25 20:55:45  1.80%  eta 1d06:08:57  no hit yet  117.62T/s  at 4.47334e+19  elapsed 00:33:04
2026-09-25 20:56:45  1.85%  eta 1d06:07:49  no hit yet  117.63T/s  at 4.47405e+19  elapsed 00:34:04
2026-09-25 20:57:46  1.90%  eta 1d06:06:39  no hit yet  117.64T/s  at 4.47476e+19  elapsed 00:35:04
2026-09-25 20:58:46  1.96%  eta 1d06:05:31  no hit yet  117.65T/s  at 4.47547e+19  elapsed 00:36:04
2026-09-25 20:59:46  2.01%  eta 1d06:04:32  no hit yet  117.65T/s  at 4.47618e+19  elapsed 00:37:04
2026-09-25 21:00:46  2.07%  eta 1d06:03:45  no hit yet  117.64T/s  at 4.47688e+19  elapsed 00:38:04
2026-09-25 21:01:46  2.12%  eta 1d06:02:52  no hit yet  117.63T/s  at 4.47758e+19  elapsed 00:39:04
2026-09-25 21:02:46  2.18%  eta 1d06:01:49  no hit yet  117.63T/s  at 4.47829e+19  elapsed 00:40:04
2026-09-25 21:03:46  2.23%  eta 1d06:00:38  no hit yet  117.64T/s  at 4.479e+19  elapsed 00:41:05
2026-09-25 21:04:46  2.29%  eta 1d05:59:37  no hit yet  117.64T/s  at 4.47971e+19  elapsed 00:42:05
2026-09-25 21:05:46  2.34%  eta 1d05:58:44  no hit yet  117.64T/s  at 4.48041e+19  elapsed 00:43:05
2026-09-25 21:06:46  2.39%  eta 1d05:57:50  no hit yet  117.63T/s  at 4.48112e+19  elapsed 00:44:05
2026-09-25 21:07:47  2.45%  eta 1d05:57:55  no hit yet  117.56T/s  at 4.48181e+19  elapsed 00:45:05
2026-09-25 21:08:47  2.50%  eta 1d05:58:02  no hit yet  117.49T/s  at 4.48249e+19  elapsed 00:46:05
2026-09-25 21:09:47  2.55%  eta 1d05:57:22  no hit yet  117.47T/s  at 4.48319e+19  elapsed 00:47:05
2026-09-25 21:10:47  2.61%  eta 1d05:56:38  no hit yet  117.45T/s  at 4.48389e+19  elapsed 00:48:05
2026-09-25 21:11:47  2.66%  eta 1d05:55:43  no hit yet  117.45T/s  at 4.4846e+19  elapsed 00:49:05
2026-09-25 21:12:47  2.72%  eta 1d05:54:52  no hit yet  117.44T/s  at 4.4853e+19  elapsed 00:50:06
2026-09-25 21:13:47  2.77%  eta 1d05:54:05  no hit yet  117.42T/s  at 4.48601e+19  elapsed 00:51:06
2026-09-25 21:14:48  2.82%  eta 1d05:53:10  no hit yet  117.42T/s  at 4.48671e+19  elapsed 00:52:06
2026-09-25 21:15:48  2.88%  eta 1d05:52:45  no hit yet  117.38T/s  at 4.4874e+19  elapsed 00:53:06
2026-09-25 21:16:48  2.93%  eta 1d05:52:39  no hit yet  117.32T/s  at 4.48809e+19  elapsed 00:54:06
2026-09-25 21:17:48  2.98%  eta 1d05:52:35  no hit yet  117.26T/s  at 4.48878e+19  elapsed 00:55:06
2026-09-25 21:18:48  3.04%  eta 1d05:52:03  no hit yet  117.23T/s  at 4.48947e+19  elapsed 00:56:06
2026-09-25 21:19:48  3.09%  eta 1d05:51:39  no hit yet  117.20T/s  at 4.49016e+19  elapsed 00:57:06
2026-09-25 21:20:48  3.14%  eta 1d05:51:35  no hit yet  117.13T/s  at 4.49085e+19  elapsed 00:58:07
2026-09-25 21:21:48  3.19%  eta 1d05:51:24  no hit yet  117.08T/s  at 4.49153e+19  elapsed 00:59:07
2026-09-25 21:22:48  3.25%  eta 1d05:50:25  no hit yet  117.08T/s  at 4.49223e+19  elapsed 01:00:07
2026-09-25 21:23:48  3.30%  eta 1d05:50:56  no hit yet  116.99T/s  at 4.4929e+19  elapsed 01:01:07
2026-09-25 21:24:49  3.35%  eta 1d05:49:58  no hit yet  116.98T/s  at 4.49361e+19  elapsed 01:02:07
2026-09-25 21:25:49  3.41%  eta 1d05:49:32  no hit yet  116.95T/s  at 4.4943e+19  elapsed 01:03:07
2026-09-25 21:26:49  3.46%  eta 1d05:49:11  no hit yet  116.91T/s  at 4.49498e+19  elapsed 01:04:07
2026-09-25 21:27:49  3.51%  eta 1d05:48:27  no hit yet  116.89T/s  at 4.49568e+19  elapsed 01:05:07
2026-09-25 21:28:49  3.57%  eta 1d05:47:27  no hit yet  116.89T/s  at 4.49638e+19  elapsed 01:06:07
2026-09-25 21:29:49  3.62%  eta 1d05:46:59  no hit yet  116.86T/s  at 4.49707e+19  elapsed 01:07:08
2026-09-25 21:30:49  3.67%  eta 1d05:46:12  no hit yet  116.84T/s  at 4.49777e+19  elapsed 01:08:08
2026-09-25 21:31:50  3.73%  eta 1d05:45:46  no hit yet  116.81T/s  at 4.49846e+19  elapsed 01:09:08
2026-09-25 21:32:50  3.78%  eta 1d05:44:59  no hit yet  116.79T/s  at 4.49915e+19  elapsed 01:10:08
2026-09-25 21:33:50  3.83%  eta 1d05:44:04  no hit yet  116.79T/s  at 4.49985e+19  elapsed 01:11:08
2026-09-25 21:34:50  3.89%  eta 1d05:43:08  no hit yet  116.78T/s  at 4.50055e+19  elapsed 01:12:08
2026-09-25 21:35:50  3.94%  eta 1d05:42:07  no hit yet  116.78T/s  at 4.50126e+19  elapsed 01:13:08
2026-09-25 21:36:50  4.00%  eta 1d05:41:05  no hit yet  116.79T/s  at 4.50196e+19  elapsed 01:14:09
2026-09-25 21:37:50  4.05%  eta 1d05:39:58  no hit yet  116.79T/s  at 4.50266e+19  elapsed 01:15:09
2026-09-25 21:38:50  4.11%  eta 1d05:38:57  no hit yet  116.79T/s  at 4.50337e+19  elapsed 01:16:09
2026-09-25 21:39:50  4.16%  eta 1d05:37:45  no hit yet  116.81T/s  at 4.50407e+19  elapsed 01:17:09
2026-09-25 21:40:51  4.21%  eta 1d05:36:30  no hit yet  116.82T/s  at 4.50478e+19  elapsed 01:18:09
2026-09-25 21:41:51  4.27%  eta 1d05:35:15  no hit yet  116.84T/s  at 4.50549e+19  elapsed 01:19:09
2026-09-25 21:42:51  4.32%  eta 1d05:34:00  no hit yet  116.85T/s  at 4.5062e+19  elapsed 01:20:09
2026-09-25 21:43:51  4.38%  eta 1d05:32:46  no hit yet  116.87T/s  at 4.50692e+19  elapsed 01:21:10
2026-09-25 21:44:51  4.43%  eta 1d05:31:29  no hit yet  116.89T/s  at 4.50763e+19  elapsed 01:22:10
2026-09-25 21:45:52  4.49%  eta 1d05:30:17  no hit yet  116.90T/s  at 4.50834e+19  elapsed 01:23:10
2026-09-25 21:46:52  4.54%  eta 1d05:29:01  no hit yet  116.91T/s  at 4.50905e+19  elapsed 01:24:10
2026-09-25 21:47:52  4.60%  eta 1d05:27:48  no hit yet  116.93T/s  at 4.50976e+19  elapsed 01:25:10
2026-09-25 21:48:52  4.65%  eta 1d05:26:31  no hit yet  116.95T/s  at 4.51047e+19  elapsed 01:26:11
2026-09-25 21:49:52  4.71%  eta 1d05:25:17  no hit yet  116.96T/s  at 4.51119e+19  elapsed 01:27:11
2026-09-25 21:50:52  4.76%  eta 1d05:24:01  no hit yet  116.98T/s  at 4.5119e+19  elapsed 01:28:11
2026-09-25 21:51:53  4.82%  eta 1d05:22:46  no hit yet  116.99T/s  at 4.51261e+19  elapsed 01:29:11
2026-09-25 21:52:53  4.87%  eta 1d05:21:31  no hit yet  117.01T/s  at 4.51332e+19  elapsed 01:30:11
2026-09-25 21:53:53  4.93%  eta 1d05:20:17  no hit yet  117.02T/s  at 4.51403e+19  elapsed 01:31:11
2026-09-25 21:54:53  4.98%  eta 1d05:19:07  no hit yet  117.03T/s  at 4.51475e+19  elapsed 01:32:12
2026-09-25 21:55:53  5.04%  eta 1d05:17:52  no hit yet  117.05T/s  at 4.51546e+19  elapsed 01:33:12
2026-09-25 21:56:53  5.09%  eta 1d05:16:38  no hit yet  117.06T/s  at 4.51617e+19  elapsed 01:34:12
2026-09-25 21:57:54  5.14%  eta 1d05:15:25  no hit yet  117.08T/s  at 4.51688e+19  elapsed 01:35:12
2026-09-25 21:58:54  5.20%  eta 1d05:14:12  no hit yet  117.09T/s  at 4.51759e+19  elapsed 01:36:12
2026-09-25 21:59:54  5.25%  eta 1d05:13:00  no hit yet  117.10T/s  at 4.5183e+19  elapsed 01:37:12
2026-09-25 22:00:54  5.31%  eta 1d05:11:49  no hit yet  117.11T/s  at 4.51901e+19  elapsed 01:38:12
2026-09-25 22:01:54  5.36%  eta 1d05:10:36  no hit yet  117.13T/s  at 4.51973e+19  elapsed 01:39:13
2026-09-25 22:02:54  5.42%  eta 1d05:09:27  no hit yet  117.14T/s  at 4.52044e+19  elapsed 01:40:13
2026-09-25 22:03:54  5.47%  eta 1d05:08:20  no hit yet  117.15T/s  at 4.52115e+19  elapsed 01:41:13
2026-09-25 22:04:54  5.53%  eta 1d05:07:12  no hit yet  117.15T/s  at 4.52185e+19  elapsed 01:42:13
2026-09-25 22:05:55  5.58%  eta 1d05:06:04  no hit yet  117.16T/s  at 4.52256e+19  elapsed 01:43:13
2026-09-25 22:06:55  5.64%  eta 1d05:04:55  no hit yet  117.17T/s  at 4.52327e+19  elapsed 01:44:13
2026-09-25 22:07:55  5.69%  eta 1d05:03:44  no hit yet  117.18T/s  at 4.52399e+19  elapsed 01:45:13
2026-09-25 22:08:55  5.75%  eta 1d05:02:34  no hit yet  117.19T/s  at 4.5247e+19  elapsed 01:46:14
2026-09-25 22:09:55  5.80%  eta 1d05:01:25  no hit yet  117.20T/s  at 4.52541e+19  elapsed 01:47:14
2026-09-25 22:10:55  5.86%  eta 1d05:00:19  no hit yet  117.21T/s  at 4.52612e+19  elapsed 01:48:14
2026-09-25 22:11:55  5.91%  eta 1d04:59:14  no hit yet  117.21T/s  at 4.52683e+19  elapsed 01:49:14
2026-09-25 22:12:56  5.96%  eta 1d04:58:09  no hit yet  117.22T/s  at 4.52753e+19  elapsed 01:50:14
2026-09-25 22:13:56  6.02%  eta 1d04:57:02  no hit yet  117.23T/s  at 4.52824e+19  elapsed 01:51:14
2026-09-25 22:14:56  6.07%  eta 1d04:55:56  no hit yet  117.23T/s  at 4.52895e+19  elapsed 01:52:14
2026-09-25 22:15:56  6.13%  eta 1d04:54:53  no hit yet  117.24T/s  at 4.52966e+19  elapsed 01:53:14
2026-09-25 22:16:56  6.18%  eta 1d04:53:48  no hit yet  117.24T/s  at 4.53037e+19  elapsed 01:54:15
2026-09-25 22:17:56  6.24%  eta 1d04:52:40  no hit yet  117.25T/s  at 4.53108e+19  elapsed 01:55:15
2026-09-25 22:18:57  6.29%  eta 1d04:51:31  no hit yet  117.26T/s  at 4.53179e+19  elapsed 01:56:15
2026-09-25 22:19:57  6.35%  eta 1d04:50:27  no hit yet  117.26T/s  at 4.5325e+19  elapsed 01:57:15
2026-09-25 22:20:57  6.40%  eta 1d04:49:23  no hit yet  117.27T/s  at 4.53321e+19  elapsed 01:58:15
2026-09-25 22:21:57  6.46%  eta 1d04:48:20  no hit yet  117.27T/s  at 4.53392e+19  elapsed 01:59:15
2026-09-25 22:22:57  6.51%  eta 1d04:47:15  no hit yet  117.27T/s  at 4.53463e+19  elapsed 02:00:16
2026-09-25 22:23:57  6.56%  eta 1d04:46:10  no hit yet  117.28T/s  at 4.53534e+19  elapsed 02:01:16
2026-09-25 22:24:58  6.62%  eta 1d04:45:05  no hit yet  117.28T/s  at 4.53604e+19  elapsed 02:02:16
2026-09-25 22:25:58  6.67%  eta 1d04:44:00  no hit yet  117.29T/s  at 4.53675e+19  elapsed 02:03:16
2026-09-25 22:26:58  6.73%  eta 1d04:42:57  no hit yet  117.29T/s  at 4.53746e+19  elapsed 02:04:16
2026-09-25 22:27:58  6.78%  eta 1d04:41:52  no hit yet  117.30T/s  at 4.53817e+19  elapsed 02:05:16
2026-09-25 22:28:58  6.84%  eta 1d04:40:47  no hit yet  117.30T/s  at 4.53888e+19  elapsed 02:06:16
2026-09-25 22:29:58  6.89%  eta 1d04:39:45  no hit yet  117.30T/s  at 4.53959e+19  elapsed 02:07:17
2026-09-25 22:30:58  6.95%  eta 1d04:38:43  no hit yet  117.31T/s  at 4.54029e+19  elapsed 02:08:17
2026-09-25 22:31:58  7.00%  eta 1d04:37:40  no hit yet  117.31T/s  at 4.541e+19  elapsed 02:09:17
2026-09-25 22:32:59  7.05%  eta 1d04:36:36  no hit yet  117.31T/s  at 4.54171e+19  elapsed 02:10:17
2026-09-25 22:33:59  7.11%  eta 1d04:35:27  no hit yet  117.32T/s  at 4.54242e+19  elapsed 02:11:17
2026-09-25 22:34:59  7.16%  eta 1d04:34:20  no hit yet  117.33T/s  at 4.54313e+19  elapsed 02:12:17
2026-09-25 22:35:59  7.22%  eta 1d04:33:20  no hit yet  117.33T/s  at 4.54384e+19  elapsed 02:13:17
2026-09-25 22:36:59  7.27%  eta 1d04:32:37  no hit yet  117.31T/s  at 4.54453e+19  elapsed 02:14:17
2026-09-25 22:37:59  7.33%  eta 1d04:31:33  no hit yet  117.32T/s  at 4.54524e+19  elapsed 02:15:17
2026-09-25 22:38:59  7.38%  eta 1d04:30:29  no hit yet  117.32T/s  at 4.54595e+19  elapsed 02:16:18
2026-09-25 22:39:59  7.43%  eta 1d04:29:25  no hit yet  117.32T/s  at 4.54665e+19  elapsed 02:17:18
2026-09-25 22:40:59  7.49%  eta 1d04:28:19  no hit yet  117.33T/s  at 4.54737e+19  elapsed 02:18:18
2026-09-25 22:42:00  7.54%  eta 1d04:27:17  no hit yet  117.33T/s  at 4.54807e+19  elapsed 02:19:18
2026-09-25 22:43:00  7.60%  eta 1d04:26:17  no hit yet  117.33T/s  at 4.54878e+19  elapsed 02:20:18
2026-09-25 22:44:00  7.65%  eta 1d04:25:16  no hit yet  117.33T/s  at 4.54949e+19  elapsed 02:21:19
2026-09-25 22:45:00  7.71%  eta 1d04:24:15  no hit yet  117.33T/s  at 4.55019e+19  elapsed 02:22:19
2026-09-25 22:46:01  7.76%  eta 1d04:23:15  no hit yet  117.33T/s  at 4.5509e+19  elapsed 02:23:19
2026-09-25 22:47:01  7.82%  eta 1d04:22:13  no hit yet  117.34T/s  at 4.55161e+19  elapsed 02:24:19
2026-09-25 22:48:01  7.87%  eta 1d04:21:11  no hit yet  117.34T/s  at 4.55232e+19  elapsed 02:25:19
2026-09-25 22:49:01  7.92%  eta 1d04:20:10  no hit yet  117.34T/s  at 4.55302e+19  elapsed 02:26:20
2026-09-25 22:50:01  7.98%  eta 1d04:19:09  no hit yet  117.34T/s  at 4.55373e+19  elapsed 02:27:20
2026-09-25 22:51:01  8.03%  eta 1d04:18:06  no hit yet  117.34T/s  at 4.55444e+19  elapsed 02:28:20
2026-09-25 22:52:02  8.09%  eta 1d04:17:03  no hit yet  117.35T/s  at 4.55515e+19  elapsed 02:29:20
2026-09-25 22:53:02  8.14%  eta 1d04:16:00  no hit yet  117.35T/s  at 4.55586e+19  elapsed 02:30:20
2026-09-25 22:54:02  8.20%  eta 1d04:14:57  no hit yet  117.35T/s  at 4.55656e+19  elapsed 02:31:20
2026-09-25 22:55:02  8.25%  eta 1d04:13:55  no hit yet  117.35T/s  at 4.55727e+19  elapsed 02:32:20
2026-09-25 22:56:02  8.31%  eta 1d04:12:52  no hit yet  117.36T/s  at 4.55798e+19  elapsed 02:33:21
2026-09-25 22:57:02  8.36%  eta 1d04:11:51  no hit yet  117.36T/s  at 4.55869e+19  elapsed 02:34:21
2026-09-25 22:58:03  8.42%  eta 1d04:10:49  no hit yet  117.36T/s  at 4.5594e+19  elapsed 02:35:21
2026-09-25 22:59:03  8.47%  eta 1d04:09:47  no hit yet  117.36T/s  at 4.5601e+19  elapsed 02:36:21
2026-09-25 23:00:03  8.52%  eta 1d04:08:47  no hit yet  117.36T/s  at 4.56081e+19  elapsed 02:37:21
2026-09-25 23:01:03  8.58%  eta 1d04:07:46  no hit yet  117.36T/s  at 4.56152e+19  elapsed 02:38:21
2026-09-25 23:02:03  8.63%  eta 1d04:06:44  no hit yet  117.36T/s  at 4.56222e+19  elapsed 02:39:22
2026-09-25 23:03:03  8.69%  eta 1d04:05:47  no hit yet  117.36T/s  at 4.56293e+19  elapsed 02:40:22
2026-09-25 23:04:04  8.74%  eta 1d04:04:45  no hit yet  117.36T/s  at 4.56364e+19  elapsed 02:41:22
2026-09-25 23:05:04  8.80%  eta 1d04:03:43  no hit yet  117.36T/s  at 4.56434e+19  elapsed 02:42:22
2026-09-25 23:06:04  8.85%  eta 1d04:02:40  no hit yet  117.37T/s  at 4.56505e+19  elapsed 02:43:22
2026-09-25 23:07:04  8.90%  eta 1d04:01:38  no hit yet  117.37T/s  at 4.56576e+19  elapsed 02:44:23
2026-09-25 23:08:04  8.96%  eta 1d04:00:32  no hit yet  117.38T/s  at 4.56648e+19  elapsed 02:45:23
2026-09-25 23:09:05  9.01%  eta 1d03:59:24  no hit yet  117.38T/s  at 4.56719e+19  elapsed 02:46:23
2026-09-25 23:10:05  9.07%  eta 1d03:58:17  no hit yet  117.39T/s  at 4.5679e+19  elapsed 02:47:23
2026-09-25 23:11:05  9.12%  eta 1d03:57:13  no hit yet  117.39T/s  at 4.56861e+19  elapsed 02:48:23
2026-09-25 23:12:05  9.18%  eta 1d03:56:11  no hit yet  117.40T/s  at 4.56932e+19  elapsed 02:49:23
2026-09-25 23:13:05  9.23%  eta 1d03:55:08  no hit yet  117.40T/s  at 4.57003e+19  elapsed 02:50:24
2026-09-25 23:14:05  9.29%  eta 1d03:54:05  no hit yet  117.40T/s  at 4.57074e+19  elapsed 02:51:24
2026-09-25 23:15:05  9.34%  eta 1d03:53:03  no hit yet  117.40T/s  at 4.57145e+19  elapsed 02:52:24
2026-09-25 23:16:06  9.40%  eta 1d03:52:01  no hit yet  117.41T/s  at 4.57216e+19  elapsed 02:53:24
2026-09-25 23:17:06  9.45%  eta 1d03:50:56  no hit yet  117.41T/s  at 4.57287e+19  elapsed 02:54:24
2026-09-25 23:18:06  9.51%  eta 1d03:49:53  no hit yet  117.41T/s  at 4.57358e+19  elapsed 02:55:24
2026-09-25 23:19:06  9.56%  eta 1d03:48:51  no hit yet  117.42T/s  at 4.57428e+19  elapsed 02:56:24
2026-09-25 23:20:06  9.61%  eta 1d03:47:49  no hit yet  117.42T/s  at 4.57499e+19  elapsed 02:57:25
2026-09-25 23:21:06  9.67%  eta 1d03:46:46  no hit yet  117.42T/s  at 4.5757e+19  elapsed 02:58:25
2026-09-25 23:22:06  9.72%  eta 1d03:45:45  no hit yet  117.42T/s  at 4.57641e+19  elapsed 02:59:25
2026-09-25 23:23:06  9.78%  eta 1d03:44:42  no hit yet  117.43T/s  at 4.57712e+19  elapsed 03:00:25
2026-09-25 23:24:07  9.83%  eta 1d03:43:40  no hit yet  117.43T/s  at 4.57783e+19  elapsed 03:01:25
2026-09-25 23:25:07  9.89%  eta 1d03:42:37  no hit yet  117.43T/s  at 4.57853e+19  elapsed 03:02:25
2026-09-25 23:26:07  9.94%  eta 1d03:41:35  no hit yet  117.43T/s  at 4.57924e+19  elapsed 03:03:25
2026-09-25 23:27:07  10.00%  eta 1d03:40:34  no hit yet  117.43T/s  at 4.57995e+19  elapsed 03:04:25
2026-09-25 23:28:07  10.05%  eta 1d03:39:31  no hit yet  117.44T/s  at 4.58066e+19  elapsed 03:05:25
2026-09-25 23:29:07  10.11%  eta 1d03:38:28  no hit yet  117.44T/s  at 4.58137e+19  elapsed 03:06:26
2026-09-25 23:30:07  10.16%  eta 1d03:37:27  no hit yet  117.44T/s  at 4.58208e+19  elapsed 03:07:26
2026-09-25 23:31:08  10.21%  eta 1d03:36:24  no hit yet  117.44T/s  at 4.58279e+19  elapsed 03:08:26
2026-09-25 23:32:08  10.27%  eta 1d03:35:24  no hit yet  117.44T/s  at 4.58349e+19  elapsed 03:09:26
2026-09-25 23:33:08  10.32%  eta 1d03:34:19  no hit yet  117.45T/s  at 4.58421e+19  elapsed 03:10:26
2026-09-25 23:34:08  10.38%  eta 1d03:33:13  no hit yet  117.46T/s  at 4.58492e+19  elapsed 03:11:26
2026-09-25 23:35:08  10.43%  eta 1d03:32:07  no hit yet  117.46T/s  at 4.58563e+19  elapsed 03:12:26
2026-09-25 23:36:08  10.49%  eta 1d03:31:00  no hit yet  117.47T/s  at 4.58635e+19  elapsed 03:13:27
2026-09-25 23:37:08  10.54%  eta 1d03:29:54  no hit yet  117.47T/s  at 4.58706e+19  elapsed 03:14:27
2026-09-25 23:38:08  10.60%  eta 1d03:28:48  no hit yet  117.48T/s  at 4.58777e+19  elapsed 03:15:27
2026-09-25 23:39:09  10.65%  eta 1d03:27:42  no hit yet  117.49T/s  at 4.58849e+19  elapsed 03:16:27
2026-09-25 23:40:09  10.71%  eta 1d03:26:36  no hit yet  117.49T/s  at 4.5892e+19  elapsed 03:17:27
2026-09-25 23:41:09  10.76%  eta 1d03:25:31  no hit yet  117.50T/s  at 4.58992e+19  elapsed 03:18:27
2026-09-25 23:42:09  10.82%  eta 1d03:24:25  no hit yet  117.51T/s  at 4.59063e+19  elapsed 03:19:28
2026-09-25 23:43:09  10.87%  eta 1d03:23:19  no hit yet  117.51T/s  at 4.59135e+19  elapsed 03:20:28
2026-09-25 23:44:10  10.93%  eta 1d03:22:13  no hit yet  117.52T/s  at 4.59206e+19  elapsed 03:21:28
2026-09-25 23:45:10  10.98%  eta 1d03:21:12  no hit yet  117.52T/s  at 4.59277e+19  elapsed 03:22:28
2026-09-25 23:46:10  11.04%  eta 1d03:20:06  no hit yet  117.52T/s  at 4.59348e+19  elapsed 03:23:28
2026-09-25 23:47:10  11.09%  eta 1d03:19:02  no hit yet  117.53T/s  at 4.5942e+19  elapsed 03:24:29
2026-09-25 23:48:10  11.15%  eta 1d03:17:58  no hit yet  117.53T/s  at 4.59491e+19  elapsed 03:25:29
2026-09-25 23:49:11  11.20%  eta 1d03:16:54  no hit yet  117.54T/s  at 4.59562e+19  elapsed 03:26:29
2026-09-25 23:50:11  11.26%  eta 1d03:15:50  no hit yet  117.54T/s  at 4.59634e+19  elapsed 03:27:29
2026-09-25 23:51:11  11.31%  eta 1d03:14:48  no hit yet  117.54T/s  at 4.59705e+19  elapsed 03:28:29
2026-09-25 23:52:11  11.37%  eta 1d03:13:45  no hit yet  117.54T/s  at 4.59775e+19  elapsed 03:29:30
2026-09-25 23:53:11  11.42%  eta 1d03:12:42  no hit yet  117.55T/s  at 4.59847e+19  elapsed 03:30:30
2026-09-25 23:54:11  11.47%  eta 1d03:11:41  no hit yet  117.55T/s  at 4.59917e+19  elapsed 03:31:30
2026-09-25 23:55:12  11.53%  eta 1d03:10:38  no hit yet  117.55T/s  at 4.59988e+19  elapsed 03:32:30
2026-09-25 23:56:12  11.58%  eta 1d03:09:33  no hit yet  117.56T/s  at 4.6006e+19  elapsed 03:33:30
2026-09-25 23:57:12  11.64%  eta 1d03:08:28  no hit yet  117.56T/s  at 4.60131e+19  elapsed 03:34:30
2026-09-25 23:58:12  11.69%  eta 1d03:07:23  no hit yet  117.57T/s  at 4.60203e+19  elapsed 03:35:30
2026-09-25 23:59:12  11.75%  eta 1d03:06:17  no hit yet  117.57T/s  at 4.60274e+19  elapsed 03:36:30
2026-09-26 00:00:12  11.80%  eta 1d03:05:14  no hit yet  117.58T/s  at 4.60345e+19  elapsed 03:37:30
2026-09-26 00:01:12  11.86%  eta 1d03:04:09  no hit yet  117.58T/s  at 4.60416e+19  elapsed 03:38:31
2026-09-26 00:02:12  11.91%  eta 1d03:03:03  no hit yet  117.59T/s  at 4.60488e+19  elapsed 03:39:31
2026-09-26 00:03:13  11.97%  eta 1d03:01:59  no hit yet  117.59T/s  at 4.60559e+19  elapsed 03:40:31
2026-09-26 00:04:13  12.02%  eta 1d03:00:56  no hit yet  117.60T/s  at 4.6063e+19  elapsed 03:41:31
2026-09-26 00:05:13  12.08%  eta 1d02:59:53  no hit yet  117.60T/s  at 4.60702e+19  elapsed 03:42:31
2026-09-26 00:06:13  12.13%  eta 1d02:58:51  no hit yet  117.60T/s  at 4.60773e+19  elapsed 03:43:31
2026-09-26 00:07:13  12.19%  eta 1d02:57:47  no hit yet  117.61T/s  at 4.60844e+19  elapsed 03:44:32
2026-09-26 00:08:13  12.24%  eta 1d02:56:42  no hit yet  117.61T/s  at 4.60915e+19  elapsed 03:45:32
2026-09-26 00:09:13  12.30%  eta 1d02:55:38  no hit yet  117.61T/s  at 4.60987e+19  elapsed 03:46:32
2026-09-26 00:10:14  12.35%  eta 1d02:54:34  no hit yet  117.62T/s  at 4.61058e+19  elapsed 03:47:32
2026-09-26 00:11:14  12.41%  eta 1d02:53:33  no hit yet  117.62T/s  at 4.61129e+19  elapsed 03:48:32
2026-09-26 00:12:14  12.46%  eta 1d02:52:32  no hit yet  117.62T/s  at 4.612e+19  elapsed 03:49:32
2026-09-26 00:13:14  12.52%  eta 1d02:51:31  no hit yet  117.62T/s  at 4.6127e+19  elapsed 03:50:32
2026-09-26 00:14:14  12.57%  eta 1d02:50:30  no hit yet  117.62T/s  at 4.61341e+19  elapsed 03:51:33
2026-09-26 00:15:14  12.62%  eta 1d02:49:30  no hit yet  117.62T/s  at 4.61412e+19  elapsed 03:52:33
2026-09-26 00:16:15  12.68%  eta 1d02:48:28  no hit yet  117.62T/s  at 4.61483e+19  elapsed 03:53:33
2026-09-26 00:17:15  12.73%  eta 1d02:47:27  no hit yet  117.62T/s  at 4.61554e+19  elapsed 03:54:33
2026-09-26 00:18:15  12.79%  eta 1d02:46:26  no hit yet  117.62T/s  at 4.61625e+19  elapsed 03:55:33
2026-09-26 00:19:15  12.84%  eta 1d02:45:26  no hit yet  117.62T/s  at 4.61696e+19  elapsed 03:56:34
2026-09-26 00:20:15  12.90%  eta 1d02:44:23  no hit yet  117.63T/s  at 4.61767e+19  elapsed 03:57:34
2026-09-26 00:21:15  12.95%  eta 1d02:43:22  no hit yet  117.63T/s  at 4.61838e+19  elapsed 03:58:34
2026-09-26 00:22:15  13.01%  eta 1d02:42:21  no hit yet  117.63T/s  at 4.61909e+19  elapsed 03:59:34
2026-09-26 00:23:16  13.06%  eta 1d02:41:19  no hit yet  117.63T/s  at 4.6198e+19  elapsed 04:00:34
2026-09-26 00:24:16  13.12%  eta 1d02:40:17  no hit yet  117.63T/s  at 4.62051e+19  elapsed 04:01:34
2026-09-26 00:25:16  13.17%  eta 1d02:39:14  no hit yet  117.64T/s  at 4.62122e+19  elapsed 04:02:34
2026-09-26 00:26:16  13.23%  eta 1d02:38:10  no hit yet  117.64T/s  at 4.62193e+19  elapsed 04:03:34
2026-09-26 00:27:16  13.28%  eta 1d02:37:10  no hit yet  117.64T/s  at 4.62264e+19  elapsed 04:04:34
2026-09-26 00:28:16  13.33%  eta 1d02:36:09  no hit yet  117.64T/s  at 4.62335e+19  elapsed 04:05:35
2026-09-26 00:29:16  13.39%  eta 1d02:35:09  no hit yet  117.64T/s  at 4.62405e+19  elapsed 04:06:35
2026-09-26 00:30:16  13.44%  eta 1d02:34:08  no hit yet  117.64T/s  at 4.62476e+19  elapsed 04:07:35
2026-09-26 00:31:17  13.50%  eta 1d02:33:08  no hit yet  117.64T/s  at 4.62547e+19  elapsed 04:08:35
2026-09-26 00:32:17  13.55%  eta 1d02:32:07  no hit yet  117.64T/s  at 4.62618e+19  elapsed 04:09:35
2026-09-26 00:33:17  13.61%  eta 1d02:31:06  no hit yet  117.64T/s  at 4.62689e+19  elapsed 04:10:35
2026-09-26 00:34:17  13.66%  eta 1d02:30:04  no hit yet  117.65T/s  at 4.6276e+19  elapsed 04:11:35
2026-09-26 00:35:17  13.72%  eta 1d02:29:03  no hit yet  117.65T/s  at 4.62831e+19  elapsed 04:12:36
2026-09-26 00:36:17  13.77%  eta 1d02:28:02  no hit yet  117.65T/s  at 4.62902e+19  elapsed 04:13:36
2026-09-26 00:37:18  13.83%  eta 1d02:27:01  no hit yet  117.65T/s  at 4.62973e+19  elapsed 04:14:36
2026-09-26 00:38:18  13.88%  eta 1d02:26:00  no hit yet  117.65T/s  at 4.63044e+19  elapsed 04:15:36
2026-09-26 00:39:18  13.93%  eta 1d02:24:59  no hit yet  117.65T/s  at 4.63114e+19  elapsed 04:16:36
2026-09-26 00:40:18  13.99%  eta 1d02:23:59  no hit yet  117.65T/s  at 4.63185e+19  elapsed 04:17:36
2026-09-26 00:41:18  14.04%  eta 1d02:22:58  no hit yet  117.65T/s  at 4.63256e+19  elapsed 04:18:37
2026-09-26 00:42:18  14.10%  eta 1d02:21:58  no hit yet  117.65T/s  at 4.63327e+19  elapsed 04:19:37
2026-09-26 00:43:18  14.15%  eta 1d02:20:57  no hit yet  117.65T/s  at 4.63398e+19  elapsed 04:20:37
2026-09-26 00:44:18  14.21%  eta 1d02:19:56  no hit yet  117.65T/s  at 4.63469e+19  elapsed 04:21:37
2026-09-26 00:45:19  14.26%  eta 1d02:18:56  no hit yet  117.65T/s  at 4.63539e+19  elapsed 04:22:37
2026-09-26 00:46:19  14.32%  eta 1d02:17:54  no hit yet  117.66T/s  at 4.6361e+19  elapsed 04:23:37
2026-09-26 00:47:19  14.37%  eta 1d02:16:52  no hit yet  117.66T/s  at 4.63681e+19  elapsed 04:24:37
2026-09-26 00:48:19  14.42%  eta 1d02:15:50  no hit yet  117.66T/s  at 4.63752e+19  elapsed 04:25:37
2026-09-26 00:49:19  14.48%  eta 1d02:14:48  no hit yet  117.66T/s  at 4.63823e+19  elapsed 04:26:37
2026-09-26 00:50:19  14.53%  eta 1d02:13:46  no hit yet  117.66T/s  at 4.63894e+19  elapsed 04:27:37
2026-09-26 00:51:19  14.59%  eta 1d02:12:43  no hit yet  117.67T/s  at 4.63965e+19  elapsed 04:28:38
2026-09-26 00:52:19  14.64%  eta 1d02:11:41  no hit yet  117.67T/s  at 4.64037e+19  elapsed 04:29:38
2026-09-26 00:53:19  14.70%  eta 1d02:10:39  no hit yet  117.67T/s  at 4.64108e+19  elapsed 04:30:38
2026-09-26 00:54:20  14.75%  eta 1d02:09:37  no hit yet  117.67T/s  at 4.64179e+19  elapsed 04:31:38
2026-09-26 00:55:20  14.81%  eta 1d02:08:35  no hit yet  117.67T/s  at 4.6425e+19  elapsed 04:32:38
2026-09-26 00:56:20  14.86%  eta 1d02:07:34  no hit yet  117.68T/s  at 4.64321e+19  elapsed 04:33:38
2026-09-26 00:57:20  14.92%  eta 1d02:06:31  no hit yet  117.68T/s  at 4.64392e+19  elapsed 04:34:39
2026-09-26 00:58:20  14.97%  eta 1d02:05:29  no hit yet  117.68T/s  at 4.64464e+19  elapsed 04:35:39
2026-09-26 00:59:21  15.03%  eta 1d02:04:28  no hit yet  117.68T/s  at 4.64534e+19  elapsed 04:36:39
2026-09-26 01:00:21  15.08%  eta 1d02:03:30  no hit yet  117.68T/s  at 4.64605e+19  elapsed 04:37:39
2026-09-26 01:01:21  15.14%  eta 1d02:02:30  no hit yet  117.68T/s  at 4.64676e+19  elapsed 04:38:39
2026-09-26 01:02:21  15.19%  eta 1d02:01:30  no hit yet  117.68T/s  at 4.64746e+19  elapsed 04:39:39
2026-09-26 01:03:21  15.24%  eta 1d02:00:29  no hit yet  117.68T/s  at 4.64817e+19  elapsed 04:40:39
2026-09-26 01:04:21  15.30%  eta 1d01:59:28  no hit yet  117.68T/s  at 4.64888e+19  elapsed 04:41:39
2026-09-26 01:05:21  15.35%  eta 1d01:58:28  no hit yet  117.68T/s  at 4.64959e+19  elapsed 04:42:40
2026-09-26 01:06:21  15.41%  eta 1d01:57:26  no hit yet  117.68T/s  at 4.6503e+19  elapsed 04:43:40
2026-09-26 01:07:21  15.46%  eta 1d01:56:23  no hit yet  117.69T/s  at 4.65101e+19  elapsed 04:44:40
2026-09-26 01:08:21  15.52%  eta 1d01:55:21  no hit yet  117.69T/s  at 4.65172e+19  elapsed 04:45:40
2026-09-26 01:09:22  15.57%  eta 1d01:54:19  no hit yet  117.69T/s  at 4.65243e+19  elapsed 04:46:40
2026-09-26 01:10:22  15.63%  eta 1d01:53:17  no hit yet  117.69T/s  at 4.65314e+19  elapsed 04:47:40
2026-09-26 01:11:22  15.68%  eta 1d01:52:16  no hit yet  117.69T/s  at 4.65385e+19  elapsed 04:48:40
2026-09-26 01:12:22  15.74%  eta 1d01:51:16  no hit yet  117.69T/s  at 4.65456e+19  elapsed 04:49:40
2026-09-26 01:13:22  15.79%  eta 1d01:50:15  no hit yet  117.69T/s  at 4.65527e+19  elapsed 04:50:40
2026-09-26 01:14:22  15.84%  eta 1d01:49:16  no hit yet  117.69T/s  at 4.65598e+19  elapsed 04:51:41
2026-09-26 01:15:22  15.90%  eta 1d01:48:15  no hit yet  117.69T/s  at 4.65668e+19  elapsed 04:52:41
2026-09-26 01:16:23  15.95%  eta 1d01:47:15  no hit yet  117.69T/s  at 4.65739e+19  elapsed 04:53:41
2026-09-26 01:17:23  16.01%  eta 1d01:46:13  no hit yet  117.69T/s  at 4.6581e+19  elapsed 04:54:41
2026-09-26 01:18:23  16.06%  eta 1d01:45:12  no hit yet  117.70T/s  at 4.65881e+19  elapsed 04:55:41
2026-09-26 01:19:23  16.12%  eta 1d01:44:11  no hit yet  117.70T/s  at 4.65952e+19  elapsed 04:56:41
2026-09-26 01:20:23  16.17%  eta 1d01:43:10  no hit yet  117.70T/s  at 4.66023e+19  elapsed 04:57:42
2026-09-26 01:21:23  16.23%  eta 1d01:42:10  no hit yet  117.70T/s  at 4.66094e+19  elapsed 04:58:42
2026-09-26 01:22:24  16.28%  eta 1d01:41:09  no hit yet  117.70T/s  at 4.66165e+19  elapsed 04:59:42
2026-09-26 01:23:24  16.34%  eta 1d01:40:09  no hit yet  117.70T/s  at 4.66236e+19  elapsed 05:00:42
2026-09-26 01:24:24  16.39%  eta 1d01:39:08  no hit yet  117.70T/s  at 4.66307e+19  elapsed 05:01:42
2026-09-26 01:25:24  16.44%  eta 1d01:38:07  no hit yet  117.70T/s  at 4.66378e+19  elapsed 05:02:42
2026-09-26 01:26:24  16.50%  eta 1d01:37:07  no hit yet  117.70T/s  at 4.66448e+19  elapsed 05:03:42
2026-09-26 01:27:24  16.55%  eta 1d01:36:07  no hit yet  117.70T/s  at 4.66519e+19  elapsed 05:04:43
2026-09-26 01:28:24  16.61%  eta 1d01:35:07  no hit yet  117.70T/s  at 4.6659e+19  elapsed 05:05:43
2026-09-26 01:29:24  16.66%  eta 1d01:34:06  no hit yet  117.70T/s  at 4.66661e+19  elapsed 05:06:43
2026-09-26 01:30:25  16.72%  eta 1d01:33:06  no hit yet  117.70T/s  at 4.66731e+19  elapsed 05:07:43
2026-09-26 01:31:25  16.77%  eta 1d01:32:05  no hit yet  117.70T/s  at 4.66802e+19  elapsed 05:08:43
2026-09-26 01:32:25  16.83%  eta 1d01:31:05  no hit yet  117.70T/s  at 4.66873e+19  elapsed 05:09:43
2026-09-26 01:33:25  16.88%  eta 1d01:30:04  no hit yet  117.70T/s  at 4.66944e+19  elapsed 05:10:43
2026-09-26 01:34:25  16.93%  eta 1d01:29:03  no hit yet  117.70T/s  at 4.67015e+19  elapsed 05:11:43
2026-09-26 01:35:25  16.99%  eta 1d01:28:01  no hit yet  117.70T/s  at 4.67086e+19  elapsed 05:12:43
2026-09-26 01:36:25  17.04%  eta 1d01:26:59  no hit yet  117.71T/s  at 4.67157e+19  elapsed 05:13:43
2026-09-26 01:37:25  17.10%  eta 1d01:25:57  no hit yet  117.71T/s  at 4.67228e+19  elapsed 05:14:44
2026-09-26 01:38:25  17.15%  eta 1d01:24:55  no hit yet  117.71T/s  at 4.673e+19  elapsed 05:15:44
2026-09-26 01:39:26  17.21%  eta 1d01:23:53  no hit yet  117.71T/s  at 4.67371e+19  elapsed 05:16:44
2026-09-26 01:40:26  17.26%  eta 1d01:22:51  no hit yet  117.72T/s  at 4.67442e+19  elapsed 05:17:44
2026-09-26 01:41:26  17.32%  eta 1d01:21:49  no hit yet  117.72T/s  at 4.67513e+19  elapsed 05:18:44
2026-09-26 01:42:26  17.37%  eta 1d01:20:47  no hit yet  117.72T/s  at 4.67584e+19  elapsed 05:19:44
2026-09-26 01:43:26  17.43%  eta 1d01:19:45  no hit yet  117.72T/s  at 4.67656e+19  elapsed 05:20:45
2026-09-26 01:44:26  17.48%  eta 1d01:18:42  no hit yet  117.72T/s  at 4.67727e+19  elapsed 05:21:45
2026-09-26 01:45:27  17.54%  eta 1d01:17:40  no hit yet  117.73T/s  at 4.67798e+19  elapsed 05:22:45
2026-09-26 01:46:27  17.59%  eta 1d01:16:40  no hit yet  117.73T/s  at 4.67869e+19  elapsed 05:23:45
2026-09-26 01:47:27  17.65%  eta 1d01:15:38  no hit yet  117.73T/s  at 4.6794e+19  elapsed 05:24:45
2026-09-26 01:48:27  17.70%  eta 1d01:14:36  no hit yet  117.73T/s  at 4.68011e+19  elapsed 05:25:45
2026-09-26 01:49:27  17.76%  eta 1d01:13:34  no hit yet  117.73T/s  at 4.68083e+19  elapsed 05:26:46
2026-09-26 01:50:27  17.81%  eta 1d01:12:32  no hit yet  117.73T/s  at 4.68154e+19  elapsed 05:27:46
2026-09-26 01:51:28  17.87%  eta 1d01:11:30  no hit yet  117.74T/s  at 4.68225e+19  elapsed 05:28:46
2026-09-26 01:52:28  17.92%  eta 1d01:10:29  no hit yet  117.74T/s  at 4.68296e+19  elapsed 05:29:46
2026-09-26 01:53:28  17.97%  eta 1d01:09:27  no hit yet  117.74T/s  at 4.68367e+19  elapsed 05:30:46
2026-09-26 01:54:28  18.03%  eta 1d01:08:25  no hit yet  117.74T/s  at 4.68439e+19  elapsed 05:31:47
2026-09-26 01:55:28  18.08%  eta 1d01:07:23  no hit yet  117.74T/s  at 4.6851e+19  elapsed 05:32:47
2026-09-26 01:56:28  18.14%  eta 1d01:06:21  no hit yet  117.74T/s  at 4.68581e+19  elapsed 05:33:47
2026-09-26 01:57:28  18.19%  eta 1d01:05:20  no hit yet  117.75T/s  at 4.68652e+19  elapsed 05:34:47
2026-09-26 01:58:28  18.25%  eta 1d01:04:19  no hit yet  117.75T/s  at 4.68723e+19  elapsed 05:35:47
2026-09-26 01:59:28  18.30%  eta 1d01:03:18  no hit yet  117.75T/s  at 4.68794e+19  elapsed 05:36:47
2026-09-26 02:00:29  18.36%  eta 1d01:02:18  no hit yet  117.75T/s  at 4.68864e+19  elapsed 05:37:47
2026-09-26 02:01:29  18.41%  eta 1d01:01:18  no hit yet  117.75T/s  at 4.68935e+19  elapsed 05:38:47
2026-09-26 02:02:29  18.47%  eta 1d01:00:17  no hit yet  117.75T/s  at 4.69006e+19  elapsed 05:39:47
2026-09-26 02:03:29  18.52%  eta 1d00:59:16  no hit yet  117.75T/s  at 4.69077e+19  elapsed 05:40:47
2026-09-26 02:04:29  18.58%  eta 1d00:58:14  no hit yet  117.75T/s  at 4.69148e+19  elapsed 05:41:48
2026-09-26 02:05:29  18.63%  eta 1d00:57:11  no hit yet  117.75T/s  at 4.6922e+19  elapsed 05:42:48
2026-09-26 02:06:29  18.69%  eta 1d00:56:10  no hit yet  117.76T/s  at 4.69291e+19  elapsed 05:43:48
2026-09-26 02:07:30  18.74%  eta 1d00:55:08  no hit yet  117.76T/s  at 4.69362e+19  elapsed 05:44:48
2026-09-26 02:08:30  18.79%  eta 1d00:54:06  no hit yet  117.76T/s  at 4.69433e+19  elapsed 05:45:48
2026-09-26 02:09:30  18.85%  eta 1d00:53:04  no hit yet  117.76T/s  at 4.69505e+19  elapsed 05:46:48
2026-09-26 02:10:30  18.90%  eta 1d00:52:01  no hit yet  117.76T/s  at 4.69576e+19  elapsed 05:47:48
2026-09-26 02:11:30  18.96%  eta 1d00:50:59  no hit yet  117.77T/s  at 4.69647e+19  elapsed 05:48:49
2026-09-26 02:12:30  19.01%  eta 1d00:49:59  no hit yet  117.77T/s  at 4.69718e+19  elapsed 05:49:49
2026-09-26 02:13:30  19.07%  eta 1d00:48:59  no hit yet  117.77T/s  at 4.69789e+19  elapsed 05:50:49
2026-09-26 02:14:30  19.12%  eta 1d00:47:58  no hit yet  117.77T/s  at 4.6986e+19  elapsed 05:51:49
2026-09-26 02:15:30  19.18%  eta 1d00:46:58  no hit yet  117.77T/s  at 4.6993e+19  elapsed 05:52:49
2026-09-26 02:16:30  19.23%  eta 1d00:45:58  no hit yet  117.77T/s  at 4.70001e+19  elapsed 05:53:49
2026-09-26 02:17:31  19.29%  eta 1d00:44:57  no hit yet  117.77T/s  at 4.70072e+19  elapsed 05:54:49
2026-09-26 02:18:31  19.34%  eta 1d00:43:55  no hit yet  117.77T/s  at 4.70143e+19  elapsed 05:55:49
2026-09-26 02:19:31  19.40%  eta 1d00:42:55  no hit yet  117.77T/s  at 4.70214e+19  elapsed 05:56:49
2026-09-26 02:20:31  19.45%  eta 1d00:41:54  no hit yet  117.77T/s  at 4.70285e+19  elapsed 05:57:49
2026-09-26 02:21:31  19.50%  eta 1d00:40:53  no hit yet  117.77T/s  at 4.70356e+19  elapsed 05:58:50
2026-09-26 02:22:31  19.56%  eta 1d00:39:53  no hit yet  117.77T/s  at 4.70427e+19  elapsed 05:59:50
2026-09-26 02:23:31  19.61%  eta 1d00:38:53  no hit yet  117.77T/s  at 4.70498e+19  elapsed 06:00:50
2026-09-26 02:24:32  19.67%  eta 1d00:37:53  no hit yet  117.77T/s  at 4.70569e+19  elapsed 06:01:50
2026-09-26 02:25:32  19.72%  eta 1d00:36:52  no hit yet  117.77T/s  at 4.7064e+19  elapsed 06:02:50
2026-09-26 02:26:32  19.78%  eta 1d00:35:52  no hit yet  117.77T/s  at 4.70711e+19  elapsed 06:03:50
2026-09-26 02:27:32  19.83%  eta 1d00:34:52  no hit yet  117.77T/s  at 4.70781e+19  elapsed 06:04:51
2026-09-26 02:28:32  19.89%  eta 1d00:33:51  no hit yet  117.77T/s  at 4.70852e+19  elapsed 06:05:51
2026-09-26 02:29:32  19.94%  eta 1d00:32:51  no hit yet  117.77T/s  at 4.70923e+19  elapsed 06:06:51
2026-09-26 02:30:32  20.00%  eta 1d00:31:51  no hit yet  117.77T/s  at 4.70994e+19  elapsed 06:07:51
2026-09-26 02:31:33  20.05%  eta 1d00:30:51  no hit yet  117.77T/s  at 4.71065e+19  elapsed 06:08:51
2026-09-26 02:32:33  20.10%  eta 1d00:29:51  no hit yet  117.77T/s  at 4.71136e+19  elapsed 06:09:51
2026-09-26 02:33:33  20.16%  eta 1d00:28:50  no hit yet  117.77T/s  at 4.71206e+19  elapsed 06:10:51
2026-09-26 02:34:33  20.21%  eta 1d00:27:48  no hit yet  117.77T/s  at 4.71278e+19  elapsed 06:11:51
2026-09-26 02:35:33  20.27%  eta 1d00:26:47  no hit yet  117.78T/s  at 4.71349e+19  elapsed 06:12:52
2026-09-26 02:36:33  20.32%  eta 1d00:25:45  no hit yet  117.78T/s  at 4.7142e+19  elapsed 06:13:52
2026-09-26 02:37:34  20.38%  eta 1d00:24:43  no hit yet  117.78T/s  at 4.71492e+19  elapsed 06:14:52
2026-09-26 02:38:34  20.43%  eta 1d00:23:40  no hit yet  117.78T/s  at 4.71563e+19  elapsed 06:15:52
2026-09-26 02:39:34  20.49%  eta 1d00:22:39  no hit yet  117.78T/s  at 4.71634e+19  elapsed 06:16:52
2026-09-26 02:40:34  20.54%  eta 1d00:21:36  no hit yet  117.79T/s  at 4.71706e+19  elapsed 06:17:52
2026-09-26 02:41:34  20.60%  eta 1d00:20:34  no hit yet  117.79T/s  at 4.71777e+19  elapsed 06:18:53
2026-09-26 02:42:34  20.65%  eta 1d00:19:31  no hit yet  117.79T/s  at 4.71848e+19  elapsed 06:19:53
2026-09-26 02:43:35  20.71%  eta 1d00:18:29  no hit yet  117.79T/s  at 4.7192e+19  elapsed 06:20:53
2026-09-26 02:44:35  20.76%  eta 1d00:17:27  no hit yet  117.80T/s  at 4.71991e+19  elapsed 06:21:53
2026-09-26 02:45:35  20.82%  eta 1d00:16:25  no hit yet  117.80T/s  at 4.72062e+19  elapsed 06:22:53
2026-09-26 02:46:35  20.87%  eta 1d00:15:24  no hit yet  117.80T/s  at 4.72134e+19  elapsed 06:23:54
2026-09-26 02:47:35  20.93%  eta 1d00:14:22  no hit yet  117.80T/s  at 4.72205e+19  elapsed 06:24:54
2026-09-26 02:48:36  20.98%  eta 1d00:13:20  no hit yet  117.80T/s  at 4.72276e+19  elapsed 06:25:54
2026-09-26 02:49:36  21.04%  eta 1d00:12:19  no hit yet  117.80T/s  at 4.72348e+19  elapsed 06:26:54
2026-09-26 02:50:36  21.09%  eta 1d00:11:17  no hit yet  117.80T/s  at 4.72419e+19  elapsed 06:27:54
2026-09-26 02:51:36  21.15%  eta 1d00:10:16  no hit yet  117.81T/s  at 4.7249e+19  elapsed 06:28:54
2026-09-26 02:52:36  21.20%  eta 1d00:09:15  no hit yet  117.81T/s  at 4.72561e+19  elapsed 06:29:55
2026-09-26 02:53:36  21.26%  eta 1d00:08:15  no hit yet  117.81T/s  at 4.72632e+19  elapsed 06:30:55
2026-09-26 02:54:36  21.31%  eta 1d00:07:14  no hit yet  117.81T/s  at 4.72703e+19  elapsed 06:31:55
2026-09-26 02:55:37  21.36%  eta 1d00:06:13  no hit yet  117.81T/s  at 4.72774e+19  elapsed 06:32:55
2026-09-26 02:56:37  21.42%  eta 1d00:05:11  no hit yet  117.81T/s  at 4.72845e+19  elapsed 06:33:55
2026-09-26 02:57:37  21.47%  eta 1d00:04:09  no hit yet  117.81T/s  at 4.72916e+19  elapsed 06:34:55
2026-09-26 02:58:37  21.53%  eta 1d00:03:08  no hit yet  117.81T/s  at 4.72988e+19  elapsed 06:35:56
2026-09-26 02:59:37  21.58%  eta 1d00:02:05  no hit yet  117.82T/s  at 4.73059e+19  elapsed 06:36:56
2026-09-26 03:00:37  21.64%  eta 1d00:01:03  no hit yet  117.82T/s  at 4.7313e+19  elapsed 06:37:56
2026-09-26 03:01:37  21.69%  eta 1d00:00:01  no hit yet  117.82T/s  at 4.73202e+19  elapsed 06:38:56
2026-09-26 03:02:38  21.75%  eta 23:58:59  no hit yet  117.82T/s  at 4.73273e+19  elapsed 06:39:56
2026-09-26 03:03:38  21.80%  eta 23:57:56  no hit yet  117.82T/s  at 4.73345e+19  elapsed 06:40:56
2026-09-26 03:04:38  21.86%  eta 23:56:54  no hit yet  117.83T/s  at 4.73416e+19  elapsed 06:41:56
2026-09-26 03:05:38  21.91%  eta 23:55:52  no hit yet  117.83T/s  at 4.73487e+19  elapsed 06:42:56
2026-09-26 03:06:38  21.97%  eta 23:54:50  no hit yet  117.83T/s  at 4.73559e+19  elapsed 06:43:57
2026-09-26 03:07:38  22.02%  eta 23:53:49  no hit yet  117.83T/s  at 4.7363e+19  elapsed 06:44:57
2026-09-26 03:08:39  22.08%  eta 23:52:48  no hit yet  117.83T/s  at 4.73701e+19  elapsed 06:45:57
2026-09-26 03:09:39  22.13%  eta 23:51:46  no hit yet  117.83T/s  at 4.73772e+19  elapsed 06:46:57
2026-09-26 03:10:39  22.19%  eta 23:50:44  no hit yet  117.84T/s  at 4.73844e+19  elapsed 06:47:57
2026-09-26 03:11:39  22.24%  eta 23:49:42  no hit yet  117.84T/s  at 4.73915e+19  elapsed 06:48:57
2026-09-26 03:12:39  22.30%  eta 23:48:42  no hit yet  117.84T/s  at 4.73986e+19  elapsed 06:49:57
2026-09-26 03:13:39  22.35%  eta 23:47:42  no hit yet  117.84T/s  at 4.74057e+19  elapsed 06:50:58
2026-09-26 03:14:39  22.41%  eta 23:46:42  no hit yet  117.84T/s  at 4.74128e+19  elapsed 06:51:58
2026-09-26 03:15:39  22.46%  eta 23:45:43  no hit yet  117.84T/s  at 4.74198e+19  elapsed 06:52:58
2026-09-26 03:16:39  22.51%  eta 23:44:42  no hit yet  117.84T/s  at 4.74269e+19  elapsed 06:53:58
2026-09-26 03:17:40  22.57%  eta 23:43:42  no hit yet  117.84T/s  at 4.7434e+19  elapsed 06:54:58
2026-09-26 03:18:40  22.62%  eta 23:42:40  no hit yet  117.84T/s  at 4.74411e+19  elapsed 06:55:58
2026-09-26 03:19:40  22.68%  eta 23:41:41  no hit yet  117.84T/s  at 4.74482e+19  elapsed 06:56:58
2026-09-26 03:20:40  22.73%  eta 23:40:41  no hit yet  117.84T/s  at 4.74553e+19  elapsed 06:57:58
2026-09-26 03:21:40  22.79%  eta 23:39:41  no hit yet  117.84T/s  at 4.74623e+19  elapsed 06:58:58
2026-09-26 03:22:40  22.84%  eta 23:38:41  no hit yet  117.84T/s  at 4.74694e+19  elapsed 06:59:59
2026-09-26 03:23:40  22.90%  eta 23:37:40  no hit yet  117.84T/s  at 4.74765e+19  elapsed 07:00:59
2026-09-26 03:24:40  22.95%  eta 23:36:39  no hit yet  117.84T/s  at 4.74836e+19  elapsed 07:01:59
2026-09-26 03:25:41  23.01%  eta 23:35:39  no hit yet  117.84T/s  at 4.74907e+19  elapsed 07:02:59
2026-09-26 03:26:41  23.06%  eta 23:34:39  no hit yet  117.84T/s  at 4.74978e+19  elapsed 07:03:59
2026-09-26 03:27:41  23.11%  eta 23:33:39  no hit yet  117.84T/s  at 4.75049e+19  elapsed 07:04:59
2026-09-26 03:28:41  23.17%  eta 23:32:38  no hit yet  117.84T/s  at 4.7512e+19  elapsed 07:05:59
2026-09-26 03:29:41  23.22%  eta 23:31:39  no hit yet  117.84T/s  at 4.75191e+19  elapsed 07:06:59
2026-09-26 03:30:41  23.28%  eta 23:30:39  no hit yet  117.84T/s  at 4.75261e+19  elapsed 07:08:00
2026-09-26 03:31:41  23.33%  eta 23:29:39  no hit yet  117.84T/s  at 4.75332e+19  elapsed 07:09:00
2026-09-26 03:32:42  23.39%  eta 23:28:39  no hit yet  117.84T/s  at 4.75403e+19  elapsed 07:10:00
2026-09-26 03:33:42  23.44%  eta 23:27:39  no hit yet  117.84T/s  at 4.75474e+19  elapsed 07:11:00
2026-09-26 03:34:42  23.50%  eta 23:26:38  no hit yet  117.84T/s  at 4.75545e+19  elapsed 07:12:00
2026-09-26 03:35:42  23.55%  eta 23:25:37  no hit yet  117.84T/s  at 4.75616e+19  elapsed 07:13:00
2026-09-26 03:36:42  23.61%  eta 23:24:37  no hit yet  117.84T/s  at 4.75687e+19  elapsed 07:14:01
2026-09-26 03:37:42  23.66%  eta 23:23:36  no hit yet  117.84T/s  at 4.75758e+19  elapsed 07:15:01
2026-09-26 03:38:43  23.71%  eta 23:22:35  no hit yet  117.84T/s  at 4.75829e+19  elapsed 07:16:01
2026-09-26 03:39:43  23.77%  eta 23:21:33  no hit yet  117.84T/s  at 4.75901e+19  elapsed 07:17:01
2026-09-26 03:40:43  23.82%  eta 23:20:31  no hit yet  117.85T/s  at 4.75972e+19  elapsed 07:18:01
2026-09-26 03:41:43  23.88%  eta 23:19:29  no hit yet  117.85T/s  at 4.76043e+19  elapsed 07:19:01
2026-09-26 03:42:43  23.93%  eta 23:18:26  no hit yet  117.85T/s  at 4.76115e+19  elapsed 07:20:02
2026-09-26 03:43:43  23.99%  eta 23:17:25  no hit yet  117.85T/s  at 4.76186e+19  elapsed 07:21:02
2026-09-26 03:44:44  24.04%  eta 23:16:23  no hit yet  117.85T/s  at 4.76258e+19  elapsed 07:22:02
2026-09-26 03:45:44  24.10%  eta 23:15:23  no hit yet  117.85T/s  at 4.76329e+19  elapsed 07:23:02
2026-09-26 03:46:44  24.15%  eta 23:14:21  no hit yet  117.86T/s  at 4.764e+19  elapsed 07:24:02
2026-09-26 03:47:44  24.21%  eta 23:13:20  no hit yet  117.86T/s  at 4.76471e+19  elapsed 07:25:02
2026-09-26 03:48:44  24.26%  eta 23:12:18  no hit yet  117.86T/s  at 4.76543e+19  elapsed 07:26:03
2026-09-26 03:49:44  24.32%  eta 23:11:17  no hit yet  117.86T/s  at 4.76614e+19  elapsed 07:27:03
2026-09-26 03:50:45  24.37%  eta 23:10:15  no hit yet  117.86T/s  at 4.76685e+19  elapsed 07:28:03
2026-09-26 03:51:45  24.43%  eta 23:09:14  no hit yet  117.86T/s  at 4.76756e+19  elapsed 07:29:03
2026-09-26 03:52:45  24.48%  eta 23:08:14  no hit yet  117.86T/s  at 4.76827e+19  elapsed 07:30:03
2026-09-26 03:53:45  24.54%  eta 23:07:13  no hit yet  117.86T/s  at 4.76898e+19  elapsed 07:31:03
2026-09-26 03:54:45  24.59%  eta 23:06:13  no hit yet  117.86T/s  at 4.76969e+19  elapsed 07:32:04
2026-09-26 03:55:45  24.65%  eta 23:05:12  no hit yet  117.86T/s  at 4.7704e+19  elapsed 07:33:04
2026-09-26 03:56:46  24.70%  eta 23:04:10  no hit yet  117.87T/s  at 4.77112e+19  elapsed 07:34:04
2026-09-26 03:57:46  24.76%  eta 23:03:09  no hit yet  117.87T/s  at 4.77183e+19  elapsed 07:35:04
2026-09-26 03:58:46  24.81%  eta 23:02:07  no hit yet  117.87T/s  at 4.77255e+19  elapsed 07:36:04
2026-09-26 03:59:46  24.87%  eta 23:01:05  no hit yet  117.87T/s  at 4.77326e+19  elapsed 07:37:04
2026-09-26 04:00:46  24.92%  eta 23:00:03  no hit yet  117.87T/s  at 4.77397e+19  elapsed 07:38:04
2026-09-26 04:01:46  24.98%  eta 22:59:03  no hit yet  117.87T/s  at 4.77468e+19  elapsed 07:39:05
2026-09-26 04:02:46  25.03%  eta 22:58:01  no hit yet  117.87T/s  at 4.7754e+19  elapsed 07:40:05
2026-09-26 04:03:47  25.09%  eta 22:57:00  no hit yet  117.88T/s  at 4.77611e+19  elapsed 07:41:05
2026-09-26 04:04:47  25.14%  eta 22:55:58  no hit yet  117.88T/s  at 4.77682e+19  elapsed 07:42:05
2026-09-26 04:05:47  25.19%  eta 22:54:58  no hit yet  117.88T/s  at 4.77753e+19  elapsed 07:43:05
2026-09-26 04:06:47  25.25%  eta 22:53:57  no hit yet  117.88T/s  at 4.77824e+19  elapsed 07:44:05
2026-09-26 04:07:47  25.30%  eta 22:52:57  no hit yet  117.88T/s  at 4.77895e+19  elapsed 07:45:06
2026-09-26 04:08:47  25.36%  eta 22:51:56  no hit yet  117.88T/s  at 4.77966e+19  elapsed 07:46:06
2026-09-26 04:09:48  25.41%  eta 22:50:54  no hit yet  117.88T/s  at 4.78038e+19  elapsed 07:47:06
2026-09-26 04:10:48  25.47%  eta 22:49:53  no hit yet  117.88T/s  at 4.78109e+19  elapsed 07:48:06
2026-09-26 04:11:48  25.52%  eta 22:48:52  no hit yet  117.88T/s  at 4.7818e+19  elapsed 07:49:06
2026-09-26 04:12:48  25.58%  eta 22:47:51  no hit yet  117.88T/s  at 4.78251e+19  elapsed 07:50:07
2026-09-26 04:13:48  25.63%  eta 22:46:51  no hit yet  117.88T/s  at 4.78322e+19  elapsed 07:51:07
2026-09-26 04:14:48  25.69%  eta 22:45:51  no hit yet  117.88T/s  at 4.78393e+19  elapsed 07:52:07
2026-09-26 04:15:49  25.74%  eta 22:44:52  no hit yet  117.88T/s  at 4.78464e+19  elapsed 07:53:07
2026-09-26 04:16:49  25.80%  eta 22:43:52  no hit yet  117.88T/s  at 4.78535e+19  elapsed 07:54:07
2026-09-26 04:17:49  25.85%  eta 22:42:52  no hit yet  117.88T/s  at 4.78606e+19  elapsed 07:55:07
2026-09-26 04:18:49  25.90%  eta 22:41:52  no hit yet  117.88T/s  at 4.78676e+19  elapsed 07:56:07
2026-09-26 04:19:49  25.96%  eta 22:40:51  no hit yet  117.88T/s  at 4.78747e+19  elapsed 07:57:07
2026-09-26 04:20:49  26.01%  eta 22:39:51  no hit yet  117.88T/s  at 4.78818e+19  elapsed 07:58:08
2026-09-26 04:21:49  26.07%  eta 22:38:51  no hit yet  117.88T/s  at 4.78889e+19  elapsed 07:59:08
2026-09-26 04:22:49  26.12%  eta 22:37:51  no hit yet  117.88T/s  at 4.7896e+19  elapsed 08:00:08
2026-09-26 04:23:49  26.18%  eta 22:36:51  no hit yet  117.88T/s  at 4.79031e+19  elapsed 08:01:08
2026-09-26 04:24:50  26.23%  eta 22:35:51  no hit yet  117.88T/s  at 4.79102e+19  elapsed 08:02:08
2026-09-26 04:25:50  26.29%  eta 22:34:51  no hit yet  117.88T/s  at 4.79172e+19  elapsed 08:03:08
2026-09-26 04:26:50  26.34%  eta 22:33:50  no hit yet  117.88T/s  at 4.79243e+19  elapsed 08:04:08
2026-09-26 04:27:50  26.40%  eta 22:32:50  no hit yet  117.88T/s  at 4.79314e+19  elapsed 08:05:09
2026-09-26 04:28:50  26.45%  eta 22:31:50  no hit yet  117.88T/s  at 4.79385e+19  elapsed 08:06:09
2026-09-26 04:29:50  26.50%  eta 22:30:50  no hit yet  117.88T/s  at 4.79456e+19  elapsed 08:07:09
2026-09-26 04:30:51  26.56%  eta 22:29:51  no hit yet  117.88T/s  at 4.79527e+19  elapsed 08:08:09
2026-09-26 04:31:51  26.61%  eta 22:28:51  no hit yet  117.88T/s  at 4.79598e+19  elapsed 08:09:09
2026-09-26 04:32:51  26.67%  eta 22:27:51  no hit yet  117.88T/s  at 4.79668e+19  elapsed 08:10:09
2026-09-26 04:33:51  26.72%  eta 22:26:50  no hit yet  117.88T/s  at 4.79739e+19  elapsed 08:11:10
2026-09-26 04:34:51  26.78%  eta 22:25:49  no hit yet  117.88T/s  at 4.79811e+19  elapsed 08:12:10
2026-09-26 04:35:51  26.83%  eta 22:24:48  no hit yet  117.88T/s  at 4.79882e+19  elapsed 08:13:10
2026-09-26 04:36:52  26.89%  eta 22:23:47  no hit yet  117.88T/s  at 4.79953e+19  elapsed 08:14:10
2026-09-26 04:37:52  26.94%  eta 22:22:46  no hit yet  117.89T/s  at 4.80024e+19  elapsed 08:15:10
2026-09-26 04:38:52  27.00%  eta 22:21:44  no hit yet  117.89T/s  at 4.80096e+19  elapsed 08:16:10
2026-09-26 04:39:52  27.05%  eta 22:20:43  no hit yet  117.89T/s  at 4.80167e+19  elapsed 08:17:10
2026-09-26 04:40:52  27.11%  eta 22:19:42  no hit yet  117.89T/s  at 4.80238e+19  elapsed 08:18:11
2026-09-26 04:41:52  27.16%  eta 22:18:40  no hit yet  117.89T/s  at 4.8031e+19  elapsed 08:19:11
2026-09-26 04:42:52  27.22%  eta 22:17:39  no hit yet  117.89T/s  at 4.80381e+19  elapsed 08:20:11
2026-09-26 04:43:53  27.27%  eta 22:16:37  no hit yet  117.89T/s  at 4.80452e+19  elapsed 08:21:11
2026-09-26 04:44:53  27.33%  eta 22:15:36  no hit yet  117.89T/s  at 4.80523e+19  elapsed 08:22:11
2026-09-26 04:45:53  27.38%  eta 22:14:35  no hit yet  117.90T/s  at 4.80594e+19  elapsed 08:23:11
2026-09-26 04:46:53  27.44%  eta 22:13:34  no hit yet  117.90T/s  at 4.80666e+19  elapsed 08:24:11
2026-09-26 04:47:53  27.49%  eta 22:12:33  no hit yet  117.90T/s  at 4.80737e+19  elapsed 08:25:11
2026-09-26 04:48:53  27.54%  eta 22:11:32  no hit yet  117.90T/s  at 4.80808e+19  elapsed 08:26:12
2026-09-26 04:49:53  27.60%  eta 22:10:31  no hit yet  117.90T/s  at 4.80879e+19  elapsed 08:27:12
2026-09-26 04:50:53  27.65%  eta 22:09:30  no hit yet  117.90T/s  at 4.8095e+19  elapsed 08:28:12
2026-09-26 04:51:53  27.71%  eta 22:08:29  no hit yet  117.90T/s  at 4.81022e+19  elapsed 08:29:12
2026-09-26 04:52:54  27.76%  eta 22:07:28  no hit yet  117.90T/s  at 4.81093e+19  elapsed 08:30:12
2026-09-26 04:53:54  27.82%  eta 22:06:27  no hit yet  117.90T/s  at 4.81164e+19  elapsed 08:31:12
2026-09-26 04:54:54  27.87%  eta 22:05:27  no hit yet  117.90T/s  at 4.81235e+19  elapsed 08:32:12
2026-09-26 04:55:54  27.93%  eta 22:04:25  no hit yet  117.90T/s  at 4.81306e+19  elapsed 08:33:13
2026-09-26 04:56:54  27.98%  eta 22:03:25  no hit yet  117.90T/s  at 4.81377e+19  elapsed 08:34:13
2026-09-26 04:57:54  28.04%  eta 22:02:24  no hit yet  117.91T/s  at 4.81448e+19  elapsed 08:35:13
2026-09-26 04:58:54  28.09%  eta 22:01:23  no hit yet  117.91T/s  at 4.8152e+19  elapsed 08:36:13
2026-09-26 04:59:55  28.15%  eta 22:00:22  no hit yet  117.91T/s  at 4.81591e+19  elapsed 08:37:13
2026-09-26 05:00:55  28.20%  eta 21:59:22  no hit yet  117.91T/s  at 4.81662e+19  elapsed 08:38:13
2026-09-26 05:01:55  28.26%  eta 21:58:21  no hit yet  117.91T/s  at 4.81733e+19  elapsed 08:39:13
2026-09-26 05:02:55  28.31%  eta 21:57:20  no hit yet  117.91T/s  at 4.81804e+19  elapsed 08:40:13
2026-09-26 05:03:55  28.37%  eta 21:56:19  no hit yet  117.91T/s  at 4.81875e+19  elapsed 08:41:13
2026-09-26 05:04:55  28.42%  eta 21:55:18  no hit yet  117.91T/s  at 4.81946e+19  elapsed 08:42:13
2026-09-26 05:05:55  28.47%  eta 21:54:18  no hit yet  117.91T/s  at 4.82017e+19  elapsed 08:43:14
2026-09-26 05:06:55  28.53%  eta 21:53:16  no hit yet  117.91T/s  at 4.82089e+19  elapsed 08:44:14
2026-09-26 05:07:56  28.58%  eta 21:52:16  no hit yet  117.91T/s  at 4.8216e+19  elapsed 08:45:14
2026-09-26 05:08:56  28.64%  eta 21:51:16  no hit yet  117.91T/s  at 4.8223e+19  elapsed 08:46:14
2026-09-26 05:09:56  28.69%  eta 21:50:15  no hit yet  117.91T/s  at 4.82301e+19  elapsed 08:47:14
2026-09-26 05:10:56  28.75%  eta 21:49:15  no hit yet  117.91T/s  at 4.82372e+19  elapsed 08:48:14
2026-09-26 05:11:56  28.80%  eta 21:48:14  no hit yet  117.91T/s  at 4.82443e+19  elapsed 08:49:14
2026-09-26 05:12:56  28.86%  eta 21:47:14  no hit yet  117.91T/s  at 4.82515e+19  elapsed 08:50:14
2026-09-26 05:13:56  28.91%  eta 21:46:12  no hit yet  117.92T/s  at 4.82586e+19  elapsed 08:51:15
2026-09-26 05:14:56  28.97%  eta 21:45:12  no hit yet  117.92T/s  at 4.82657e+19  elapsed 08:52:15
2026-09-26 05:15:57  29.02%  eta 21:44:13  no hit yet  117.92T/s  at 4.82728e+19  elapsed 08:53:15
2026-09-26 05:16:57  29.08%  eta 21:43:12  no hit yet  117.92T/s  at 4.82798e+19  elapsed 08:54:15
2026-09-26 05:17:57  29.13%  eta 21:42:12  no hit yet  117.92T/s  at 4.82869e+19  elapsed 08:55:15
2026-09-26 05:18:57  29.18%  eta 21:41:12  no hit yet  117.92T/s  at 4.8294e+19  elapsed 08:56:15
2026-09-26 05:19:57  29.24%  eta 21:40:12  no hit yet  117.92T/s  at 4.83011e+19  elapsed 08:57:15
2026-09-26 05:20:57  29.29%  eta 21:39:11  no hit yet  117.92T/s  at 4.83082e+19  elapsed 08:58:16
2026-09-26 05:21:57  29.35%  eta 21:38:10  no hit yet  117.92T/s  at 4.83153e+19  elapsed 08:59:16
2026-09-26 05:22:57  29.40%  eta 21:37:10  no hit yet  117.92T/s  at 4.83225e+19  elapsed 09:00:16
2026-09-26 05:23:58  29.46%  eta 21:36:10  no hit yet  117.92T/s  at 4.83295e+19  elapsed 09:01:16
2026-09-26 05:24:58  29.51%  eta 21:35:10  no hit yet  117.92T/s  at 4.83366e+19  elapsed 09:02:16
2026-09-26 05:25:58  29.57%  eta 21:34:10  no hit yet  117.92T/s  at 4.83437e+19  elapsed 09:03:16
2026-09-26 05:26:58  29.62%  eta 21:33:10  no hit yet  117.92T/s  at 4.83508e+19  elapsed 09:04:16
2026-09-26 05:27:58  29.68%  eta 21:32:10  no hit yet  117.92T/s  at 4.83579e+19  elapsed 09:05:17
2026-09-26 05:28:58  29.73%  eta 21:31:09  no hit yet  117.92T/s  at 4.8365e+19  elapsed 09:06:17
2026-09-26 05:29:58  29.79%  eta 21:30:09  no hit yet  117.92T/s  at 4.83721e+19  elapsed 09:07:17
2026-09-26 05:30:59  29.84%  eta 21:29:10  no hit yet  117.92T/s  at 4.83791e+19  elapsed 09:08:17
2026-09-26 05:31:59  29.89%  eta 21:28:10  no hit yet  117.92T/s  at 4.83862e+19  elapsed 09:09:17
2026-09-26 05:32:59  29.95%  eta 21:27:10  no hit yet  117.92T/s  at 4.83933e+19  elapsed 09:10:17
2026-09-26 05:33:59  30.00%  eta 21:26:09  no hit yet  117.92T/s  at 4.84004e+19  elapsed 09:11:17
2026-09-26 05:34:59  30.06%  eta 21:25:09  no hit yet  117.92T/s  at 4.84075e+19  elapsed 09:12:17
2026-09-26 05:35:59  30.11%  eta 21:24:09  no hit yet  117.92T/s  at 4.84146e+19  elapsed 09:13:18
2026-09-26 05:36:59  30.17%  eta 21:23:09  no hit yet  117.92T/s  at 4.84217e+19  elapsed 09:14:18
2026-09-26 05:37:59  30.22%  eta 21:22:08  no hit yet  117.92T/s  at 4.84288e+19  elapsed 09:15:18
2026-09-26 05:39:00  30.28%  eta 21:21:07  no hit yet  117.92T/s  at 4.84359e+19  elapsed 09:16:18
2026-09-26 05:40:00  30.33%  eta 21:20:05  no hit yet  117.92T/s  at 4.84431e+19  elapsed 09:17:18
2026-09-26 05:41:00  30.39%  eta 21:19:03  no hit yet  117.92T/s  at 4.84502e+19  elapsed 09:18:18
2026-09-26 05:42:00  30.44%  eta 21:18:02  no hit yet  117.92T/s  at 4.84574e+19  elapsed 09:19:18
2026-09-26 05:43:00  30.50%  eta 21:17:00  no hit yet  117.92T/s  at 4.84645e+19  elapsed 09:20:19
2026-09-26 05:44:00  30.55%  eta 21:15:59  no hit yet  117.93T/s  at 4.84717e+19  elapsed 09:21:19
2026-09-26 05:45:01  30.61%  eta 21:14:57  no hit yet  117.93T/s  at 4.84788e+19  elapsed 09:22:19
2026-09-26 05:46:01  30.66%  eta 21:13:57  no hit yet  117.93T/s  at 4.84859e+19  elapsed 09:23:19
2026-09-26 05:47:01  30.72%  eta 21:12:56  no hit yet  117.93T/s  at 4.8493e+19  elapsed 09:24:19
2026-09-26 05:48:01  30.77%  eta 21:11:55  no hit yet  117.93T/s  at 4.85001e+19  elapsed 09:25:19
2026-09-26 05:49:01  30.83%  eta 21:10:54  no hit yet  117.93T/s  at 4.85073e+19  elapsed 09:26:20
2026-09-26 05:50:01  30.88%  eta 21:09:54  no hit yet  117.93T/s  at 4.85144e+19  elapsed 09:27:20
2026-09-26 05:51:01  30.93%  eta 21:08:53  no hit yet  117.93T/s  at 4.85215e+19  elapsed 09:28:20
2026-09-26 05:52:02  30.99%  eta 21:07:52  no hit yet  117.93T/s  at 4.85286e+19  elapsed 09:29:20
2026-09-26 05:53:02  31.04%  eta 21:06:51  no hit yet  117.93T/s  at 4.85357e+19  elapsed 09:30:20
2026-09-26 05:54:02  31.10%  eta 21:05:51  no hit yet  117.93T/s  at 4.85428e+19  elapsed 09:31:20
2026-09-26 05:55:02  31.15%  eta 21:04:50  no hit yet  117.93T/s  at 4.85499e+19  elapsed 09:32:20
2026-09-26 05:56:02  31.21%  eta 21:03:50  no hit yet  117.93T/s  at 4.8557e+19  elapsed 09:33:20
2026-09-26 05:57:02  31.26%  eta 21:02:49  no hit yet  117.93T/s  at 4.85641e+19  elapsed 09:34:21
2026-09-26 05:58:02  31.32%  eta 21:01:49  no hit yet  117.93T/s  at 4.85712e+19  elapsed 09:35:21
2026-09-26 05:59:02  31.37%  eta 21:00:48  no hit yet  117.94T/s  at 4.85784e+19  elapsed 09:36:21
2026-09-26 06:00:02  31.43%  eta 20:59:46  no hit yet  117.94T/s  at 4.85855e+19  elapsed 09:37:21
2026-09-26 06:01:02  31.48%  eta 20:58:45  no hit yet  117.94T/s  at 4.85926e+19  elapsed 09:38:21
2026-09-26 06:02:03  31.54%  eta 20:57:44  no hit yet  117.94T/s  at 4.85997e+19  elapsed 09:39:21
2026-09-26 06:03:03  31.59%  eta 20:56:43  no hit yet  117.94T/s  at 4.86069e+19  elapsed 09:40:21
2026-09-26 06:04:03  31.65%  eta 20:55:42  no hit yet  117.94T/s  at 4.8614e+19  elapsed 09:41:21
2026-09-26 06:05:03  31.70%  eta 20:54:40  no hit yet  117.94T/s  at 4.86211e+19  elapsed 09:42:21
2026-09-26 06:06:03  31.76%  eta 20:53:39  no hit yet  117.94T/s  at 4.86283e+19  elapsed 09:43:21
2026-09-26 06:07:03  31.81%  eta 20:52:37  no hit yet  117.95T/s  at 4.86354e+19  elapsed 09:44:22
2026-09-26 06:08:03  31.87%  eta 20:51:36  no hit yet  117.95T/s  at 4.86426e+19  elapsed 09:45:22
2026-09-26 06:09:04  31.92%  eta 20:50:35  no hit yet  117.95T/s  at 4.86497e+19  elapsed 09:46:22
2026-09-26 06:10:04  31.98%  eta 20:49:33  no hit yet  117.95T/s  at 4.86569e+19  elapsed 09:47:22
2026-09-26 06:11:04  32.03%  eta 20:48:32  no hit yet  117.95T/s  at 4.8664e+19  elapsed 09:48:22
2026-09-26 06:12:04  32.09%  eta 20:47:31  no hit yet  117.95T/s  at 4.86711e+19  elapsed 09:49:22
2026-09-26 06:13:04  32.14%  eta 20:46:29  no hit yet  117.95T/s  at 4.86783e+19  elapsed 09:50:23
2026-09-26 06:14:04  32.20%  eta 20:45:29  no hit yet  117.95T/s  at 4.86854e+19  elapsed 09:51:23
2026-09-26 06:15:05  32.25%  eta 20:44:29  no hit yet  117.95T/s  at 4.86925e+19  elapsed 09:52:23
2026-09-26 06:16:05  32.30%  eta 20:43:29  no hit yet  117.95T/s  at 4.86996e+19  elapsed 09:53:23
2026-09-26 06:17:05  32.36%  eta 20:42:30  no hit yet  117.95T/s  at 4.87066e+19  elapsed 09:54:23
2026-09-26 06:18:05  32.41%  eta 20:41:30  no hit yet  117.95T/s  at 4.87137e+19  elapsed 09:55:24
2026-09-26 06:19:05  32.47%  eta 20:40:29  no hit yet  117.95T/s  at 4.87208e+19  elapsed 09:56:24
2026-09-26 06:20:05  32.52%  eta 20:39:29  no hit yet  117.95T/s  at 4.87279e+19  elapsed 09:57:24
2026-09-26 06:21:05  32.58%  eta 20:38:28  no hit yet  117.95T/s  at 4.87351e+19  elapsed 09:58:24
2026-09-26 06:22:06  32.63%  eta 20:37:28  no hit yet  117.95T/s  at 4.87422e+19  elapsed 09:59:24
2026-09-26 06:23:06  32.69%  eta 20:36:28  no hit yet  117.95T/s  at 4.87492e+19  elapsed 10:00:24
2026-09-26 06:24:06  32.74%  eta 20:35:28  no hit yet  117.95T/s  at 4.87563e+19  elapsed 10:01:24
2026-09-26 06:25:06  32.80%  eta 20:34:28  no hit yet  117.95T/s  at 4.87634e+19  elapsed 10:02:24
2026-09-26 06:26:06  32.85%  eta 20:33:28  no hit yet  117.95T/s  at 4.87705e+19  elapsed 10:03:25
2026-09-26 06:27:06  32.90%  eta 20:32:28  no hit yet  117.95T/s  at 4.87776e+19  elapsed 10:04:25
2026-09-26 06:28:06  32.96%  eta 20:31:27  no hit yet  117.95T/s  at 4.87847e+19  elapsed 10:05:25
2026-09-26 06:29:07  33.01%  eta 20:30:27  no hit yet  117.95T/s  at 4.87918e+19  elapsed 10:06:25
2026-09-26 06:30:07  33.07%  eta 20:29:28  no hit yet  117.95T/s  at 4.87989e+19  elapsed 10:07:25
2026-09-26 06:31:07  33.12%  eta 20:28:28  no hit yet  117.95T/s  at 4.88059e+19  elapsed 10:08:25
2026-09-26 06:32:07  33.18%  eta 20:27:28  no hit yet  117.95T/s  at 4.8813e+19  elapsed 10:09:25
2026-09-26 06:33:07  33.23%  eta 20:26:28  no hit yet  117.95T/s  at 4.88201e+19  elapsed 10:10:26
2026-09-26 06:34:07  33.29%  eta 20:25:28  no hit yet  117.95T/s  at 4.88272e+19  elapsed 10:11:26
2026-09-26 06:35:08  33.34%  eta 20:24:28  no hit yet  117.95T/s  at 4.88343e+19  elapsed 10:12:26
2026-09-26 06:36:08  33.40%  eta 20:23:28  no hit yet  117.95T/s  at 4.88414e+19  elapsed 10:13:26
2026-09-26 06:37:08  33.45%  eta 20:22:28  no hit yet  117.95T/s  at 4.88485e+19  elapsed 10:14:26
2026-09-26 06:38:08  33.50%  eta 20:21:27  no hit yet  117.95T/s  at 4.88556e+19  elapsed 10:15:26
2026-09-26 06:39:08  33.56%  eta 20:20:26  no hit yet  117.95T/s  at 4.88628e+19  elapsed 10:16:27
2026-09-26 06:40:08  33.61%  eta 20:19:24  no hit yet  117.95T/s  at 4.88699e+19  elapsed 10:17:27
2026-09-26 06:41:08  33.67%  eta 20:18:23  no hit yet  117.96T/s  at 4.8877e+19  elapsed 10:18:27
2026-09-26 06:42:09  33.72%  eta 20:17:22  no hit yet  117.96T/s  at 4.88842e+19  elapsed 10:19:27
2026-09-26 06:43:09  33.78%  eta 20:16:21  no hit yet  117.96T/s  at 4.88913e+19  elapsed 10:20:27
2026-09-26 06:44:09  33.83%  eta 20:15:20  no hit yet  117.96T/s  at 4.88984e+19  elapsed 10:21:27
2026-09-26 06:45:09  33.89%  eta 20:14:19  no hit yet  117.96T/s  at 4.89056e+19  elapsed 10:22:28
2026-09-26 06:46:09  33.94%  eta 20:13:18  no hit yet  117.96T/s  at 4.89127e+19  elapsed 10:23:28
2026-09-26 06:47:09  34.00%  eta 20:12:17  no hit yet  117.96T/s  at 4.89198e+19  elapsed 10:24:28
2026-09-26 06:48:09  34.05%  eta 20:11:17  no hit yet  117.96T/s  at 4.89269e+19  elapsed 10:25:28
2026-09-26 06:49:10  34.11%  eta 20:10:16  no hit yet  117.96T/s  at 4.8934e+19  elapsed 10:26:28
2026-09-26 06:50:10  34.16%  eta 20:09:15  no hit yet  117.96T/s  at 4.89411e+19  elapsed 10:27:28
2026-09-26 06:51:10  34.22%  eta 20:08:14  no hit yet  117.96T/s  at 4.89483e+19  elapsed 10:28:28
2026-09-26 06:52:10  34.27%  eta 20:07:14  no hit yet  117.96T/s  at 4.89554e+19  elapsed 10:29:28
2026-09-26 06:53:10  34.33%  eta 20:06:13  no hit yet  117.96T/s  at 4.89625e+19  elapsed 10:30:28
2026-09-26 06:54:10  34.38%  eta 20:05:12  no hit yet  117.97T/s  at 4.89696e+19  elapsed 10:31:29
2026-09-26 06:55:10  34.44%  eta 20:04:12  no hit yet  117.97T/s  at 4.89767e+19  elapsed 10:32:29
2026-09-26 06:56:11  34.49%  eta 20:03:12  no hit yet  117.97T/s  at 4.89838e+19  elapsed 10:33:29
2026-09-26 06:57:11  34.55%  eta 20:02:11  no hit yet  117.97T/s  at 4.89909e+19  elapsed 10:34:29
2026-09-26 06:58:11  34.60%  eta 20:01:11  no hit yet  117.97T/s  at 4.8998e+19  elapsed 10:35:29
2026-09-26 06:59:11  34.66%  eta 20:00:10  no hit yet  117.97T/s  at 4.90052e+19  elapsed 10:36:29
2026-09-26 07:00:11  34.71%  eta 19:59:09  no hit yet  117.97T/s  at 4.90123e+19  elapsed 10:37:30
2026-09-26 07:01:11  34.76%  eta 19:58:08  no hit yet  117.97T/s  at 4.90194e+19  elapsed 10:38:30
2026-09-26 07:02:12  34.82%  eta 19:57:07  no hit yet  117.97T/s  at 4.90265e+19  elapsed 10:39:30
2026-09-26 07:03:12  34.87%  eta 19:56:06  no hit yet  117.97T/s  at 4.90337e+19  elapsed 10:40:30
2026-09-26 07:04:12  34.93%  eta 19:55:04  no hit yet  117.97T/s  at 4.90409e+19  elapsed 10:41:30
2026-09-26 07:05:12  34.98%  eta 19:54:03  no hit yet  117.97T/s  at 4.9048e+19  elapsed 10:42:31
2026-09-26 07:06:12  35.04%  eta 19:53:02  no hit yet  117.97T/s  at 4.90551e+19  elapsed 10:43:31
2026-09-26 07:07:12  35.09%  eta 19:52:01  no hit yet  117.98T/s  at 4.90622e+19  elapsed 10:44:31
2026-09-26 07:08:12  35.15%  eta 19:51:00  no hit yet  117.98T/s  at 4.90694e+19  elapsed 10:45:31
2026-09-26 07:09:13  35.20%  eta 19:49:58  no hit yet  117.98T/s  at 4.90765e+19  elapsed 10:46:31
2026-09-26 07:10:13  35.26%  eta 19:48:57  no hit yet  117.98T/s  at 4.90837e+19  elapsed 10:47:31
2026-09-26 07:11:13  35.31%  eta 19:47:56  no hit yet  117.98T/s  at 4.90908e+19  elapsed 10:48:31
2026-09-26 07:12:13  35.37%  eta 19:46:54  no hit yet  117.98T/s  at 4.9098e+19  elapsed 10:49:31
2026-09-26 07:13:13  35.42%  eta 19:45:53  no hit yet  117.98T/s  at 4.91051e+19  elapsed 10:50:32
2026-09-26 07:14:13  35.48%  eta 19:44:52  no hit yet  117.98T/s  at 4.91123e+19  elapsed 10:51:32
2026-09-26 07:15:13  35.53%  eta 19:43:52  no hit yet  117.98T/s  at 4.91193e+19  elapsed 10:52:32
2026-09-26 07:16:14  35.59%  eta 19:42:53  no hit yet  117.98T/s  at 4.91264e+19  elapsed 10:53:32
2026-09-26 07:17:14  35.64%  eta 19:41:53  no hit yet  117.98T/s  at 4.91335e+19  elapsed 10:54:32
2026-09-26 07:18:14  35.70%  eta 19:40:53  no hit yet  117.98T/s  at 4.91406e+19  elapsed 10:55:32
2026-09-26 07:19:14  35.75%  eta 19:39:53  no hit yet  117.98T/s  at 4.91477e+19  elapsed 10:56:33
2026-09-26 07:20:14  35.81%  eta 19:38:53  no hit yet  117.98T/s  at 4.91548e+19  elapsed 10:57:33
2026-09-26 07:21:14  35.86%  eta 19:37:55  no hit yet  117.98T/s  at 4.91617e+19  elapsed 10:58:33
2026-09-26 07:21:21  interrupt: finishing segments in flight...
2026-09-26 07:21:21  stopped at 35.87% of 44500000000000000000..57500000000000000000 with no decreasing-gap chain (A263049) of length 17 yet, 10:58:40 elapsed
2026-09-26 07:21:21  resume with: -c d16w4.ck -r
2026-09-26 07:21:21  exit 130
2026-09-26 09:49:12  started (pid 84786): ./gapsieve -l 17 -s 4.45e19 -e 5.75e19 --first --gaps dec -c d16w4.ck -r --log d16w4.log -q
2026-09-26 09:49:12  resuming from d16w4.ck at 3667367/10225289 segments (35.87%)
2026-09-26 09:49:12  consecutive primes, decreasing gaps, chain length >= 17, range 44500000000000000000..57500000000000000000, 14 threads, first match only
2026-09-26 09:49:12  (sieve: wheel 9699690 with 12960 classes; 38 primes pre-sieved in 12 patterns, 6 offsets to depth 199; segment 1.27e+12)
2026-09-26 09:50:13  35.92%  eta 20:27:40  no hit yet  113.10T/s  at 4.91693e+19  elapsed 00:01:00
2026-09-26 09:51:13  35.97%  eta 20:02:58  no hit yet  115.32T/s  at 4.91764e+19  elapsed 00:02:00
2026-09-26 09:52:13  36.03%  eta 19:58:40  no hit yet  115.64T/s  at 4.91834e+19  elapsed 00:03:00
2026-09-26 09:53:13  36.08%  eta 19:52:22  no hit yet  116.15T/s  at 4.91905e+19  elapsed 00:04:00
2026-09-26 09:54:13  36.13%  eta 19:51:14  no hit yet  116.16T/s  at 4.91975e+19  elapsed 00:05:00
2026-09-26 09:55:13  36.19%  eta 19:52:14  no hit yet  115.97T/s  at 4.92044e+19  elapsed 00:06:00
2026-09-26 09:56:13  36.24%  eta 19:50:01  no hit yet  116.09T/s  at 4.92114e+19  elapsed 00:07:00
2026-09-26 09:56:50  interrupt: finishing segments in flight...
2026-09-26 09:56:50  stopped at 36.27% of 44500000000000000000..57500000000000000000 with no decreasing-gap chain (A263049) of length 17 yet, 00:07:37 elapsed
2026-09-26 09:56:50  resume with: -c d16w4.ck -r
2026-09-26 09:56:50  exit 130
2026-09-26 15:17:56  started (pid 91874): ./gapsieve -l 17 -s 4.45e19 -e 5.75e19 --first --gaps dec -c d16w4.ck -r --log d16w4.log -q --gpu
2026-09-26 15:17:56  resuming from d16w4.ck at 3709068/10225289 segments (36.27%)
2026-09-26 15:17:56  consecutive primes, decreasing gaps, chain length >= 17, range 44500000000000000000..57500000000000000000, GPU (Apple M4 Max) plus 12 CPU threads, first match only
2026-09-26 15:17:56  (sieve: wheel 9699690 with 12960 classes; 38 primes pre-sieved in 12 patterns, 6 offsets to depth 199; segment 1.27e+12)
2026-09-26 15:18:56  36.41%  eta 07:50:01  no hit yet  293.13T/s  at 4.92332e+19  elapsed 00:01:00
2026-09-26 15:19:57  36.57%  eta 07:03:37  no hit yet  324.40T/s  at 4.92546e+19  elapsed 00:02:00
2026-09-26 15:20:57  36.71%  eta 07:14:17  no hit yet  315.74T/s  at 4.92726e+19  elapsed 00:03:00
2026-09-26 15:21:57  36.91%  eta 06:40:12  no hit yet  341.58T/s  at 4.92978e+19  elapsed 00:04:00
2026-09-26 15:22:57  37.00%  eta 07:17:05  no hit yet  312.31T/s  at 4.93095e+19  elapsed 00:05:00
2026-09-26 15:23:57  37.09%  eta 07:44:41  no hit yet  293.33T/s  at 4.93214e+19  elapsed 00:06:00
2026-09-26 15:24:57  37.33%  eta 06:54:51  no hit yet  327.28T/s  at 4.93533e+19  elapsed 00:07:01
2026-09-26 15:25:57  37.64%  eta 06:05:01  no hit yet  370.12T/s  at 4.93936e+19  elapsed 00:08:01
2026-09-26 15:26:57  37.95%  eta 05:33:16  no hit yet  403.37T/s  at 4.94339e+19  elapsed 00:09:01
2026-09-26 15:27:58  38.26%  eta 05:11:11  no hit yet  429.86T/s  at 4.94741e+19  elapsed 00:10:01
2026-09-26 15:28:58  38.57%  eta 04:54:46  no hit yet  451.51T/s  at 4.95143e+19  elapsed 00:11:01
2026-09-26 15:29:58  38.88%  eta 04:42:03  no hit yet  469.51T/s  at 4.95544e+19  elapsed 00:12:01
2026-09-26 15:30:58  39.19%  eta 04:31:46  no hit yet  484.80T/s  at 4.95945e+19  elapsed 00:13:01
2026-09-26 15:31:58  39.50%  eta 04:23:16  no hit yet  497.92T/s  at 4.96348e+19  elapsed 00:14:01
2026-09-26 15:32:58  39.81%  eta 04:16:07  no hit yet  509.21T/s  at 4.96749e+19  elapsed 00:15:02
2026-09-26 15:33:58  40.12%  eta 04:09:52  no hit yet  519.26T/s  at 4.97151e+19  elapsed 00:16:02
2026-09-26 15:34:58  40.43%  eta 04:04:24  no hit yet  528.11T/s  at 4.97554e+19  elapsed 00:17:02
2026-09-26 15:35:58  40.74%  eta 03:59:30  no hit yet  536.11T/s  at 4.97958e+19  elapsed 00:18:02
2026-09-26 15:36:59  41.05%  eta 03:55:11  no hit yet  543.09T/s  at 4.9836e+19  elapsed 00:19:02
2026-09-26 15:37:59  41.36%  eta 03:51:14  no hit yet  549.48T/s  at 4.98763e+19  elapsed 00:20:02
2026-09-26 15:38:59  41.66%  eta 03:47:40  no hit yet  555.13T/s  at 4.99164e+19  elapsed 00:21:02
2026-09-26 15:39:59  41.97%  eta 03:44:20  no hit yet  560.38T/s  at 4.99567e+19  elapsed 00:22:02
2026-09-26 15:40:59  42.24%  eta 03:43:06  no hit yet  560.93T/s  at 4.99912e+19  elapsed 00:23:02
2026-09-26 15:41:59  42.55%  eta 03:40:02  no hit yet  565.69T/s  at 5.00317e+19  elapsed 00:24:02
2026-09-26 15:42:59  42.86%  eta 03:37:10  no hit yet  570.03T/s  at 5.00723e+19  elapsed 00:25:02
2026-09-26 15:43:59  43.17%  eta 03:34:29  no hit yet  574.00T/s  at 5.01127e+19  elapsed 00:26:02
2026-09-26 15:44:59  43.49%  eta 03:31:58  no hit yet  577.66T/s  at 5.01531e+19  elapsed 00:27:03
2026-09-26 15:45:59  43.80%  eta 03:29:34  no hit yet  581.06T/s  at 5.01936e+19  elapsed 00:28:03
2026-09-26 15:46:59  44.11%  eta 03:27:16  no hit yet  584.22T/s  at 5.0234e+19  elapsed 00:29:03
2026-09-26 15:47:59  44.42%  eta 03:25:05  no hit yet  587.17T/s  at 5.02744e+19  elapsed 00:30:03
2026-09-26 15:48:59  44.73%  eta 03:22:59  no hit yet  589.96T/s  at 5.03148e+19  elapsed 00:31:03
2026-09-26 15:50:00  45.04%  eta 03:20:57  no hit yet  592.54T/s  at 5.03553e+19  elapsed 00:32:03
2026-09-26 15:51:00  45.35%  eta 03:19:00  no hit yet  594.97T/s  at 5.03957e+19  elapsed 00:33:03
2026-09-26 15:52:00  45.66%  eta 03:17:06  no hit yet  597.27T/s  at 5.04362e+19  elapsed 00:34:03
2026-09-26 15:53:00  45.97%  eta 03:15:16  no hit yet  599.45T/s  at 5.04767e+19  elapsed 00:35:03
2026-09-26 15:54:00  46.29%  eta 03:13:29  no hit yet  601.48T/s  at 5.05172e+19  elapsed 00:36:04
2026-09-26 15:55:00  46.60%  eta 03:11:44  no hit yet  603.42T/s  at 5.05577e+19  elapsed 00:37:04
2026-09-26 15:56:00  46.91%  eta 03:10:03  no hit yet  605.25T/s  at 5.05982e+19  elapsed 00:38:04
2026-09-26 15:56:34  interrupt: finishing segments in flight...
2026-09-26 15:56:34  stopped at 47.08% of 44500000000000000000..57500000000000000000 with no decreasing-gap chain (A263049) of length 17 yet, 00:38:37 elapsed
2026-09-26 15:56:34  resume with: -c d16w4.ck -r
2026-09-26 15:56:34  exit 130
2026-09-26 15:56:35  started (pid 92773): ./gapsieve -l 17 -s 4.45e19 -e 5.75e19 --first --gaps dec -c d16w4.ck -r --log d16w4.log -q --gpu
2026-09-26 15:56:35  resuming from d16w4.ck at 4814043/10225289 segments (47.08%)
2026-09-26 15:56:35  consecutive primes, decreasing gaps, chain length >= 17, range 44500000000000000000..57500000000000000000, GPU (Apple M4 Max) plus 12 CPU threads, first match only
2026-09-26 15:56:35  (sieve: wheel 9699690 with 12960 classes; 38 primes pre-sieved in 12 patterns, 6 offsets to depth 199; segment 1.27e+12)
2026-09-26 15:57:35  47.67%  eta 01:29:13  no hit yet  1.27P/s  at 5.06966e+19  elapsed 00:01:00
2026-09-26 15:58:35  48.26%  eta 01:27:57  no hit yet  1.27P/s  at 5.07736e+19  elapsed 00:02:00
2026-09-26 15:59:36  48.85%  eta 01:26:51  no hit yet  1.28P/s  at 5.08506e+19  elapsed 00:03:00
2026-09-26 16:00:36  49.44%  eta 01:25:49  no hit yet  1.28P/s  at 5.09275e+19  elapsed 00:04:00
2026-09-26 16:01:36  50.03%  eta 01:24:48  no hit yet  1.28P/s  at 5.10044e+19  elapsed 00:05:00
2026-09-26 16:02:36  50.63%  eta 01:23:48  no hit yet  1.28P/s  at 5.10813e+19  elapsed 00:06:01
2026-09-26 16:03:36  51.22%  eta 01:22:47  no hit yet  1.28P/s  at 5.1158e+19  elapsed 00:07:01
2026-09-26 16:04:36  51.80%  eta 01:21:48  no hit yet  1.28P/s  at 5.12346e+19  elapsed 00:08:01
2026-09-26 16:05:36  52.39%  eta 01:20:48  no hit yet  1.28P/s  at 5.13113e+19  elapsed 00:09:01
2026-09-26 16:06:37  52.99%  eta 01:19:47  no hit yet  1.28P/s  at 5.13882e+19  elapsed 00:10:01
2026-09-26 16:07:37  53.58%  eta 01:18:47  no hit yet  1.28P/s  at 5.14649e+19  elapsed 00:11:01
2026-09-26 16:08:37  54.17%  eta 01:17:47  no hit yet  1.28P/s  at 5.15417e+19  elapsed 00:12:01
2026-09-26 16:09:37  54.76%  eta 01:16:47  no hit yet  1.28P/s  at 5.16183e+19  elapsed 00:13:01
2026-09-26 16:10:37  55.35%  eta 01:15:46  no hit yet  1.28P/s  at 5.1695e+19  elapsed 00:14:01
2026-09-26 16:11:37  55.94%  eta 01:14:46  no hit yet  1.28P/s  at 5.17719e+19  elapsed 00:15:01
2026-09-26 16:12:37  56.53%  eta 01:13:46  no hit yet  1.28P/s  at 5.18486e+19  elapsed 00:16:01
2026-09-26 16:13:37  57.12%  eta 01:12:46  no hit yet  1.28P/s  at 5.19253e+19  elapsed 00:17:02
2026-09-26 16:14:37  57.71%  eta 01:11:46  no hit yet  1.28P/s  at 5.2002e+19  elapsed 00:18:02
2026-09-26 16:15:37  58.29%  eta 01:10:50  no hit yet  1.28P/s  at 5.20774e+19  elapsed 00:19:02
2026-09-26 16:16:37  58.87%  eta 01:09:53  no hit yet  1.27P/s  at 5.21532e+19  elapsed 00:20:02
2026-09-26 16:17:37  59.46%  eta 01:08:55  no hit yet  1.27P/s  at 5.22292e+19  elapsed 00:21:02
2026-09-26 16:18:38  60.04%  eta 01:07:56  no hit yet  1.27P/s  at 5.23056e+19  elapsed 00:22:02
2026-09-26 16:19:38  60.63%  eta 01:06:56  no hit yet  1.27P/s  at 5.2382e+19  elapsed 00:23:02
2026-09-26 16:20:38  61.22%  eta 01:05:57  no hit yet  1.27P/s  at 5.24583e+19  elapsed 00:24:02
2026-09-26 16:21:38  61.81%  eta 01:04:57  no hit yet  1.27P/s  at 5.25348e+19  elapsed 00:25:02
2026-09-26 16:22:38  62.39%  eta 01:03:57  no hit yet  1.27P/s  at 5.26111e+19  elapsed 00:26:02
2026-09-26 16:23:38  62.98%  eta 01:02:58  no hit yet  1.27P/s  at 5.26874e+19  elapsed 00:27:02
2026-09-26 16:24:38  63.57%  eta 01:01:58  no hit yet  1.27P/s  at 5.27639e+19  elapsed 00:28:03
2026-09-26 16:25:38  64.16%  eta 01:00:58  no hit yet  1.27P/s  at 5.28404e+19  elapsed 00:29:03
2026-09-26 16:26:39  64.75%  eta 00:59:58  no hit yet  1.27P/s  at 5.2917e+19  elapsed 00:30:03
2026-09-26 16:27:39  65.34%  eta 00:58:58  no hit yet  1.27P/s  at 5.29936e+19  elapsed 00:31:03
2026-09-26 16:28:39  65.92%  eta 00:57:58  no hit yet  1.27P/s  at 5.30702e+19  elapsed 00:32:03
2026-09-26 16:29:39  66.51%  eta 00:56:58  no hit yet  1.27P/s  at 5.31468e+19  elapsed 00:33:03
2026-09-26 16:30:39  67.10%  eta 00:55:58  no hit yet  1.27P/s  at 5.3223e+19  elapsed 00:34:03
2026-09-26 16:31:39  67.69%  eta 00:54:59  no hit yet  1.27P/s  at 5.32993e+19  elapsed 00:35:04
2026-09-26 16:32:39  68.27%  eta 00:53:59  no hit yet  1.27P/s  at 5.33756e+19  elapsed 00:36:04
2026-09-26 16:33:40  68.86%  eta 00:52:59  no hit yet  1.27P/s  at 5.34521e+19  elapsed 00:37:04
2026-09-26 16:34:40  69.45%  eta 00:51:59  no hit yet  1.27P/s  at 5.35289e+19  elapsed 00:38:04
2026-09-26 16:35:40  70.04%  eta 00:50:58  no hit yet  1.27P/s  at 5.36056e+19  elapsed 00:39:04
2026-09-26 16:36:40  70.63%  eta 00:49:58  no hit yet  1.27P/s  at 5.36821e+19  elapsed 00:40:04
2026-09-26 16:37:40  71.22%  eta 00:48:58  no hit yet  1.27P/s  at 5.37588e+19  elapsed 00:41:05
2026-09-26 16:38:40  71.81%  eta 00:47:58  no hit yet  1.27P/s  at 5.38356e+19  elapsed 00:42:05
2026-09-26 16:39:41  72.40%  eta 00:46:57  no hit yet  1.27P/s  at 5.39124e+19  elapsed 00:43:05
2026-09-26 16:40:41  72.99%  eta 00:45:57  no hit yet  1.27P/s  at 5.39893e+19  elapsed 00:44:05
2026-09-26 16:41:41  73.59%  eta 00:44:56  no hit yet  1.27P/s  at 5.40661e+19  elapsed 00:45:05
2026-09-26 16:42:41  74.18%  eta 00:43:56  no hit yet  1.27P/s  at 5.41429e+19  elapsed 00:46:06
2026-09-26 16:43:41  74.77%  eta 00:42:55  no hit yet  1.27P/s  at 5.42198e+19  elapsed 00:47:06
2026-09-26 16:44:41  75.36%  eta 00:41:55  no hit yet  1.27P/s  at 5.42964e+19  elapsed 00:48:06
2026-09-26 16:45:42  75.95%  eta 00:40:55  no hit yet  1.27P/s  at 5.43732e+19  elapsed 00:49:06
2026-09-26 16:46:42  76.54%  eta 00:39:54  no hit yet  1.27P/s  at 5.445e+19  elapsed 00:50:06
2026-09-26 16:47:42  77.13%  eta 00:38:54  no hit yet  1.27P/s  at 5.45268e+19  elapsed 00:51:07
2026-09-26 16:48:42  77.72%  eta 00:37:53  no hit yet  1.27P/s  at 5.46036e+19  elapsed 00:52:07
2026-09-26 16:49:42  78.31%  eta 00:36:53  no hit yet  1.27P/s  at 5.46805e+19  elapsed 00:53:07
2026-09-26 16:50:43  78.90%  eta 00:35:52  no hit yet  1.27P/s  at 5.47575e+19  elapsed 00:54:07
2026-09-26 16:51:43  79.49%  eta 00:34:52  no hit yet  1.27P/s  at 5.48339e+19  elapsed 00:55:07
2026-09-26 16:52:43  80.08%  eta 00:33:52  no hit yet  1.27P/s  at 5.49103e+19  elapsed 00:56:07
2026-09-26 16:53:43  80.67%  eta 00:32:52  no hit yet  1.27P/s  at 5.4987e+19  elapsed 00:57:07
2026-09-26 16:54:43  81.26%  eta 00:31:52  no hit yet  1.27P/s  at 5.50634e+19  elapsed 00:58:07
2026-09-26 16:55:43  81.85%  eta 00:30:52  no hit yet  1.27P/s  at 5.51401e+19  elapsed 00:59:07
2026-09-26 16:56:43  82.44%  eta 00:29:52  no hit yet  1.27P/s  at 5.52168e+19  elapsed 01:00:08
2026-09-26 16:57:43  83.03%  eta 00:28:51  no hit yet  1.27P/s  at 5.52935e+19  elapsed 01:01:08
2026-09-26 16:58:43  83.62%  eta 00:27:51  no hit yet  1.27P/s  at 5.53701e+19  elapsed 01:02:08
2026-09-26 16:59:43  84.21%  eta 00:26:51  no hit yet  1.27P/s  at 5.5447e+19  elapsed 01:03:08
2026-09-26 17:00:44  84.80%  eta 00:25:51  no hit yet  1.27P/s  at 5.55235e+19  elapsed 01:04:08
2026-09-26 17:01:44  85.38%  eta 00:24:51  no hit yet  1.27P/s  at 5.55999e+19  elapsed 01:05:08
2026-09-26 17:02:44  85.97%  eta 00:23:51  no hit yet  1.27P/s  at 5.56767e+19  elapsed 01:06:08
2026-09-26 17:03:44  86.56%  eta 00:22:51  no hit yet  1.27P/s  at 5.57532e+19  elapsed 01:07:08
2026-09-26 17:04:44  87.15%  eta 00:21:50  no hit yet  1.27P/s  at 5.583e+19  elapsed 01:08:08
2026-09-26 17:05:44  87.74%  eta 00:20:50  no hit yet  1.27P/s  at 5.59066e+19  elapsed 01:09:08
2026-09-26 17:06:44  88.33%  eta 00:19:50  no hit yet  1.27P/s  at 5.59833e+19  elapsed 01:10:08
2026-09-26 17:07:44  88.92%  eta 00:18:50  no hit yet  1.27P/s  at 5.60598e+19  elapsed 01:11:09
2026-09-26 17:08:44  89.51%  eta 00:17:50  no hit yet  1.27P/s  at 5.61365e+19  elapsed 01:12:09
2026-09-26 17:09:44  90.10%  eta 00:16:49  no hit yet  1.27P/s  at 5.62134e+19  elapsed 01:13:09
2026-09-26 17:10:45  90.69%  eta 00:15:49  no hit yet  1.27P/s  at 5.62903e+19  elapsed 01:14:09
2026-09-26 17:11:45  91.29%  eta 00:14:49  no hit yet  1.27P/s  at 5.63671e+19  elapsed 01:15:09
2026-09-26 17:12:45  91.88%  eta 00:13:48  no hit yet  1.27P/s  at 5.6444e+19  elapsed 01:16:10
2026-09-26 17:13:45  92.47%  eta 00:12:48  no hit yet  1.27P/s  at 5.65206e+19  elapsed 01:17:10
2026-09-26 17:14:45  93.06%  eta 00:11:48  no hit yet  1.27P/s  at 5.65975e+19  elapsed 01:18:10
2026-09-26 17:15:45  93.64%  eta 00:10:48  no hit yet  1.27P/s  at 5.66737e+19  elapsed 01:19:10
2026-09-26 17:16:46  94.23%  eta 00:09:48  no hit yet  1.27P/s  at 5.67502e+19  elapsed 01:20:10
2026-09-26 17:17:46  94.82%  eta 00:08:48  no hit yet  1.27P/s  at 5.68267e+19  elapsed 01:21:10
2026-09-26 17:18:46  95.41%  eta 00:07:48  no hit yet  1.27P/s  at 5.69033e+19  elapsed 01:22:10
2026-09-26 17:19:46  96.00%  eta 00:06:48  no hit yet  1.27P/s  at 5.69798e+19  elapsed 01:23:10
2026-09-26 17:20:46  96.59%  eta 00:05:47  no hit yet  1.27P/s  at 5.70566e+19  elapsed 01:24:10
2026-09-26 17:21:46  97.18%  eta 00:04:47  no hit yet  1.27P/s  at 5.71334e+19  elapsed 01:25:11
2026-09-26 17:22:46  97.77%  eta 00:03:47  no hit yet  1.27P/s  at 5.72104e+19  elapsed 01:26:11
2026-09-26 17:23:47  98.36%  eta 00:02:47  no hit yet  1.27P/s  at 5.72869e+19  elapsed 01:27:11
2026-09-26 17:24:47  98.95%  eta 00:01:46  no hit yet  1.27P/s  at 5.73637e+19  elapsed 01:28:11
2026-09-26 17:25:47  99.54%  eta 00:00:47  no hit yet  1.27P/s  at 5.744e+19  elapsed 01:29:11
2026-09-26 17:26:34  no decreasing-gap chain (A263049) of length 17 in 44500000000000000000..57500000000000000000, 01:29:58 elapsed
2026-09-26 17:26:34  exit 0
