2026-09-27 07:50:35  started (pid 3670): ./gapsieve -l 17 -s 98191564376758026240 -e 1.07e20 --first --gaps dec -c d16w20.ck -r --log d16w20.log -q --gpu
2026-09-27 07:50:35  consecutive primes, decreasing gaps, chain length >= 17, range 98191564376758026240..107000000000000000000, GPU (Apple M4 Max) plus 12 CPU threads, first match only
2026-09-27 07:50:35  (sieve: wheel 9699690 with 12960 classes; 38 primes pre-sieved in 12 patterns, 6 offsets to depth 199; segment 1.27e+12)
2026-09-27 07:51:35  0.85%  eta 01:57:23  no hit yet  1.24P/s  at 9.82661e+19  elapsed 00:01:00
2026-09-27 07:52:35  1.70%  eta 01:56:03  no hit yet  1.24P/s  at 9.83411e+19  elapsed 00:02:00
2026-09-27 07:53:35  2.56%  eta 01:54:36  no hit yet  1.25P/s  at 9.84166e+19  elapsed 00:03:00
2026-09-27 07:54:35  3.42%  eta 01:53:17  no hit yet  1.25P/s  at 9.84925e+19  elapsed 00:04:00
2026-09-27 07:55:36  4.28%  eta 01:52:04  no hit yet  1.25P/s  at 9.85684e+19  elapsed 00:05:00
2026-09-27 07:56:36  5.14%  eta 01:50:53  no hit yet  1.26P/s  at 9.86445e+19  elapsed 00:06:00
2026-09-27 07:57:36  6.01%  eta 01:49:45  no hit yet  1.26P/s  at 9.87206e+19  elapsed 00:07:00
2026-09-27 07:58:36  6.87%  eta 01:48:39  no hit yet  1.26P/s  at 9.87966e+19  elapsed 00:08:00
2026-09-27 07:59:36  7.73%  eta 01:47:32  no hit yet  1.26P/s  at 9.88729e+19  elapsed 00:09:00
2026-09-27 08:00:36  8.60%  eta 01:46:29  no hit yet  1.26P/s  at 9.8949e+19  elapsed 00:10:01
2026-09-27 08:01:36  9.47%  eta 01:45:25  no hit yet  1.26P/s  at 9.90253e+19  elapsed 00:11:01
2026-09-27 08:02:36  10.33%  eta 01:44:21  no hit yet  1.26P/s  at 9.91014e+19  elapsed 00:12:01
2026-09-27 08:03:36  11.19%  eta 01:43:19  no hit yet  1.26P/s  at 9.91776e+19  elapsed 00:13:01
2026-09-27 08:04:37  12.06%  eta 01:42:16  no hit yet  1.26P/s  at 9.92539e+19  elapsed 00:14:01
2026-09-27 08:05:37  12.93%  eta 01:41:14  no hit yet  1.26P/s  at 9.93301e+19  elapsed 00:15:01
2026-09-27 08:06:37  13.79%  eta 01:40:11  no hit yet  1.26P/s  at 9.94065e+19  elapsed 00:16:01
2026-09-27 08:07:37  14.66%  eta 01:39:09  no hit yet  1.26P/s  at 9.94827e+19  elapsed 00:17:01
2026-09-27 08:08:37  15.52%  eta 01:38:07  no hit yet  1.26P/s  at 9.9559e+19  elapsed 00:18:02
2026-09-27 08:09:37  16.39%  eta 01:37:05  no hit yet  1.26P/s  at 9.96354e+19  elapsed 00:19:02
2026-09-27 08:10:37  17.26%  eta 01:36:04  no hit yet  1.26P/s  at 9.97116e+19  elapsed 00:20:02
2026-09-27 08:11:37  18.12%  eta 01:35:02  no hit yet  1.26P/s  at 9.97879e+19  elapsed 00:21:02
2026-09-27 08:12:37  18.99%  eta 01:34:01  no hit yet  1.26P/s  at 9.98643e+19  elapsed 00:22:02
2026-09-27 08:13:38  19.86%  eta 01:33:00  no hit yet  1.27P/s  at 9.99405e+19  elapsed 00:23:02
2026-09-27 08:14:38  20.72%  eta 01:31:59  no hit yet  1.27P/s  at 1.00017e+20  elapsed 00:24:02
2026-09-27 08:15:38  21.59%  eta 01:30:59  no hit yet  1.27P/s  at 1.00093e+20  elapsed 00:25:02
2026-09-27 08:16:38  22.45%  eta 01:29:57  no hit yet  1.27P/s  at 1.00169e+20  elapsed 00:26:03
2026-09-27 08:17:38  23.32%  eta 01:28:56  no hit yet  1.27P/s  at 1.00246e+20  elapsed 00:27:03
2026-09-27 08:18:38  24.19%  eta 01:27:55  no hit yet  1.27P/s  at 1.00322e+20  elapsed 00:28:03
2026-09-27 08:19:38  25.05%  eta 01:26:55  no hit yet  1.27P/s  at 1.00398e+20  elapsed 00:29:03
2026-09-27 08:20:38  25.92%  eta 01:25:55  no hit yet  1.27P/s  at 1.00474e+20  elapsed 00:30:03
2026-09-27 08:21:38  26.78%  eta 01:24:55  no hit yet  1.27P/s  at 1.0055e+20  elapsed 00:31:03
2026-09-27 08:22:39  27.64%  eta 01:23:55  no hit yet  1.27P/s  at 1.00626e+20  elapsed 00:32:03
2026-09-27 08:23:39  28.51%  eta 01:22:54  no hit yet  1.27P/s  at 1.00703e+20  elapsed 00:33:03
2026-09-27 08:24:39  29.37%  eta 01:21:54  no hit yet  1.27P/s  at 1.00779e+20  elapsed 00:34:03
2026-09-27 08:25:39  30.24%  eta 01:20:53  no hit yet  1.27P/s  at 1.00855e+20  elapsed 00:35:03
2026-09-27 08:26:39  31.10%  eta 01:19:53  no hit yet  1.27P/s  at 1.00931e+20  elapsed 00:36:03
2026-09-27 08:27:39  31.97%  eta 01:18:53  no hit yet  1.27P/s  at 1.01007e+20  elapsed 00:37:03
2026-09-27 08:28:39  32.83%  eta 01:17:52  no hit yet  1.27P/s  at 1.01084e+20  elapsed 00:38:04
2026-09-27 08:29:39  33.70%  eta 01:16:51  no hit yet  1.27P/s  at 1.0116e+20  elapsed 00:39:04
2026-09-27 08:30:39  34.57%  eta 01:15:51  no hit yet  1.27P/s  at 1.01236e+20  elapsed 00:40:04
2026-09-27 08:31:39  35.43%  eta 01:14:50  no hit yet  1.27P/s  at 1.01313e+20  elapsed 00:41:04
2026-09-27 08:32:40  36.30%  eta 01:13:50  no hit yet  1.27P/s  at 1.01389e+20  elapsed 00:42:04
2026-09-27 08:33:40  37.17%  eta 01:12:49  no hit yet  1.27P/s  at 1.01465e+20  elapsed 00:43:04
2026-09-27 08:34:40  38.03%  eta 01:11:49  no hit yet  1.27P/s  at 1.01541e+20  elapsed 00:44:04
2026-09-27 08:35:40  38.90%  eta 01:10:49  no hit yet  1.27P/s  at 1.01618e+20  elapsed 00:45:04
2026-09-27 08:36:40  39.76%  eta 01:09:48  no hit yet  1.27P/s  at 1.01694e+20  elapsed 00:46:04
2026-09-27 08:37:40  40.63%  eta 01:08:48  no hit yet  1.27P/s  at 1.0177e+20  elapsed 00:47:04
2026-09-27 08:38:40  41.49%  eta 01:07:48  no hit yet  1.27P/s  at 1.01846e+20  elapsed 00:48:04
2026-09-27 08:39:40  42.36%  eta 01:06:47  no hit yet  1.27P/s  at 1.01922e+20  elapsed 00:49:04
2026-09-27 08:40:40  43.22%  eta 01:05:47  no hit yet  1.27P/s  at 1.01999e+20  elapsed 00:50:04
2026-09-27 08:41:40  44.09%  eta 01:04:46  no hit yet  1.27P/s  at 1.02075e+20  elapsed 00:51:05
2026-09-27 08:42:40  44.96%  eta 01:03:46  no hit yet  1.27P/s  at 1.02151e+20  elapsed 00:52:05
2026-09-27 08:43:40  45.82%  eta 01:02:46  no hit yet  1.27P/s  at 1.02228e+20  elapsed 00:53:05
2026-09-27 08:44:40  46.69%  eta 01:01:45  no hit yet  1.27P/s  at 1.02304e+20  elapsed 00:54:05
2026-09-27 08:45:40  47.56%  eta 01:00:45  no hit yet  1.27P/s  at 1.0238e+20  elapsed 00:55:05
2026-09-27 08:46:41  48.42%  eta 00:59:44  no hit yet  1.27P/s  at 1.02457e+20  elapsed 00:56:05
2026-09-27 08:47:41  49.29%  eta 00:58:44  no hit yet  1.27P/s  at 1.02533e+20  elapsed 00:57:05
2026-09-27 08:48:41  50.16%  eta 00:57:43  no hit yet  1.27P/s  at 1.0261e+20  elapsed 00:58:05
2026-09-27 08:49:41  51.03%  eta 00:56:43  no hit yet  1.27P/s  at 1.02686e+20  elapsed 00:59:06
2026-09-27 08:50:41  51.89%  eta 00:55:43  no hit yet  1.27P/s  at 1.02762e+20  elapsed 01:00:06
2026-09-27 08:51:41  52.76%  eta 00:54:43  no hit yet  1.27P/s  at 1.02838e+20  elapsed 01:01:06
2026-09-27 08:52:41  53.62%  eta 00:53:43  no hit yet  1.27P/s  at 1.02914e+20  elapsed 01:02:06
2026-09-27 08:53:42  54.47%  eta 00:52:44  no hit yet  1.27P/s  at 1.0299e+20  elapsed 01:03:06
2026-09-27 08:54:42  55.34%  eta 00:51:44  no hit yet  1.27P/s  at 1.03066e+20  elapsed 01:04:06
2026-09-27 08:55:42  56.20%  eta 00:50:44  no hit yet  1.27P/s  at 1.03142e+20  elapsed 01:05:06
2026-09-27 08:56:42  57.07%  eta 00:49:43  no hit yet  1.27P/s  at 1.03219e+20  elapsed 01:06:06
2026-09-27 08:57:42  57.94%  eta 00:48:43  no hit yet  1.27P/s  at 1.03295e+20  elapsed 01:07:06
2026-09-27 08:58:42  58.80%  eta 00:47:43  no hit yet  1.27P/s  at 1.03371e+20  elapsed 01:08:06
2026-09-27 08:59:42  59.67%  eta 00:46:43  no hit yet  1.27P/s  at 1.03447e+20  elapsed 01:09:06
2026-09-27 09:00:42  60.53%  eta 00:45:43  no hit yet  1.27P/s  at 1.03524e+20  elapsed 01:10:07
2026-09-27 09:01:42  61.40%  eta 00:44:42  no hit yet  1.27P/s  at 1.036e+20  elapsed 01:11:07
2026-09-27 09:02:43  62.27%  eta 00:43:42  no hit yet  1.27P/s  at 1.03677e+20  elapsed 01:12:07
2026-09-27 09:03:43  63.14%  eta 00:42:41  no hit yet  1.27P/s  at 1.03753e+20  elapsed 01:13:07
2026-09-27 09:04:43  64.01%  eta 00:41:41  no hit yet  1.27P/s  at 1.03829e+20  elapsed 01:14:07
2026-09-27 09:05:43  64.88%  eta 00:40:40  no hit yet  1.27P/s  at 1.03906e+20  elapsed 01:15:08
2026-09-27 09:06:43  65.74%  eta 00:39:40  no hit yet  1.27P/s  at 1.03982e+20  elapsed 01:16:08
2026-09-27 09:07:43  66.61%  eta 00:38:40  no hit yet  1.27P/s  at 1.04059e+20  elapsed 01:17:08
2026-09-27 09:08:43  67.48%  eta 00:37:39  no hit yet  1.27P/s  at 1.04135e+20  elapsed 01:18:08
2026-09-27 09:09:44  68.34%  eta 00:36:39  no hit yet  1.27P/s  at 1.04212e+20  elapsed 01:19:08
2026-09-27 09:10:44  69.21%  eta 00:35:39  no hit yet  1.27P/s  at 1.04288e+20  elapsed 01:20:08
2026-09-27 09:11:44  70.08%  eta 00:34:38  no hit yet  1.27P/s  at 1.04364e+20  elapsed 01:21:08
2026-09-27 09:12:44  70.94%  eta 00:33:38  no hit yet  1.27P/s  at 1.04441e+20  elapsed 01:22:08
2026-09-27 09:13:44  71.81%  eta 00:32:38  no hit yet  1.27P/s  at 1.04517e+20  elapsed 01:23:08
2026-09-27 09:14:44  72.68%  eta 00:31:37  no hit yet  1.27P/s  at 1.04594e+20  elapsed 01:24:09
2026-09-27 09:15:44  73.54%  eta 00:30:38  no hit yet  1.27P/s  at 1.04669e+20  elapsed 01:25:09
2026-09-27 09:16:44  74.40%  eta 00:29:38  no hit yet  1.27P/s  at 1.04745e+20  elapsed 01:26:09
2026-09-27 09:17:44  75.27%  eta 00:28:38  no hit yet  1.27P/s  at 1.04822e+20  elapsed 01:27:09
2026-09-27 09:18:44  76.14%  eta 00:27:37  no hit yet  1.27P/s  at 1.04898e+20  elapsed 01:28:09
2026-09-27 09:19:44  77.01%  eta 00:26:37  no hit yet  1.27P/s  at 1.04975e+20  elapsed 01:29:09
2026-09-27 09:20:45  77.88%  eta 00:25:36  no hit yet  1.27P/s  at 1.05051e+20  elapsed 01:30:09
2026-09-27 09:21:45  78.74%  eta 00:24:36  no hit yet  1.27P/s  at 1.05128e+20  elapsed 01:31:09
2026-09-27 09:22:45  79.61%  eta 00:23:35  no hit yet  1.27P/s  at 1.05204e+20  elapsed 01:32:09
2026-09-27 09:23:45  80.48%  eta 00:22:35  no hit yet  1.27P/s  at 1.05281e+20  elapsed 01:33:10
2026-09-27 09:24:45  81.35%  eta 00:21:35  no hit yet  1.27P/s  at 1.05358e+20  elapsed 01:34:10
2026-09-27 09:25:46  82.22%  eta 00:20:34  no hit yet  1.27P/s  at 1.05434e+20  elapsed 01:35:10
2026-09-27 09:26:46  83.09%  eta 00:19:34  no hit yet  1.27P/s  at 1.05511e+20  elapsed 01:36:10
2026-09-27 09:27:46  83.96%  eta 00:18:33  no hit yet  1.27P/s  at 1.05587e+20  elapsed 01:37:11
2026-09-27 09:28:46  84.83%  eta 00:17:33  no hit yet  1.27P/s  at 1.05664e+20  elapsed 01:38:11
2026-09-27 09:29:47  85.70%  eta 00:16:32  no hit yet  1.27P/s  at 1.05741e+20  elapsed 01:39:11
2026-09-27 09:30:47  86.57%  eta 00:15:32  no hit yet  1.27P/s  at 1.05817e+20  elapsed 01:40:11
2026-09-27 09:31:47  87.44%  eta 00:14:31  no hit yet  1.27P/s  at 1.05894e+20  elapsed 01:41:12
2026-09-27 09:32:47  88.31%  eta 00:13:31  no hit yet  1.27P/s  at 1.05971e+20  elapsed 01:42:12
2026-09-27 09:33:47  89.18%  eta 00:12:31  no hit yet  1.27P/s  at 1.06047e+20  elapsed 01:43:12
2026-09-27 09:34:48  90.05%  eta 00:11:30  no hit yet  1.27P/s  at 1.06124e+20  elapsed 01:44:12
2026-09-27 09:35:48  90.92%  eta 00:10:30  no hit yet  1.27P/s  at 1.062e+20  elapsed 01:45:12
2026-09-27 09:36:48  91.78%  eta 00:09:30  no hit yet  1.27P/s  at 1.06276e+20  elapsed 01:46:12
2026-09-27 09:37:48  92.64%  eta 00:08:30  no hit yet  1.27P/s  at 1.06352e+20  elapsed 01:47:12
2026-09-27 09:38:48  93.51%  eta 00:07:30  no hit yet  1.27P/s  at 1.06428e+20  elapsed 01:48:12
2026-09-27 09:39:48  94.38%  eta 00:06:30  no hit yet  1.27P/s  at 1.06505e+20  elapsed 01:49:12
2026-09-27 09:40:48  95.25%  eta 00:05:29  no hit yet  1.27P/s  at 1.06582e+20  elapsed 01:50:13
2026-09-27 09:41:48  96.12%  eta 00:04:29  no hit yet  1.27P/s  at 1.06658e+20  elapsed 01:51:13
2026-09-27 09:42:48  96.99%  eta 00:03:29  no hit yet  1.27P/s  at 1.06735e+20  elapsed 01:52:13
2026-09-27 09:43:48  97.86%  eta 00:02:28  no hit yet  1.27P/s  at 1.06811e+20  elapsed 01:53:13
2026-09-27 09:44:48  98.73%  eta 00:01:28  no hit yet  1.27P/s  at 1.06888e+20  elapsed 01:54:13
2026-09-27 09:45:49  99.60%  eta 00:00:28  no hit yet  1.27P/s  at 1.06964e+20  elapsed 01:55:13
2026-09-27 09:46:17  no decreasing-gap chain (A263049) of length 17 in 98191564376758026240..107000000000000000000, 01:55:41 elapsed
2026-09-27 09:46:17  exit 0
