father: level 1 number of orbits 1 lengths 1
father: level 1 number of orbits 1 lengths 1
father: level 1 number of orbits 2 lengths 2
father: level 1 number of orbits 3 lengths 1
father: level 2 number of orbits 1 lengths 1
Z	carat/tables/qcatalog/dim3/dir.2-1;1/ordnung.8/(1)^1(4)^2/group.12	1	4	4	method=1	log2H=2.00	image=0	bad=0
Z	carat/tables/qcatalog/dim3/dir.1,1,1/ordnung.1/(3)^1/min.6	1	1	1	method=0	log2H=0.00	image=0	bad=0
Z	carat/tables/qcatalog/dim3/dir.1;1;1/ordnung.4/(1)^1(4)^2/min.9	1	10	10	method=1	log2H=4.00	image=0	bad=0
Z	carat/tables/qcatalog/dim3/dir.1;1;1/ordnung.4/(1)^1(4)^2/min.9	2	3	3	method=1	log2H=2.00	image=0	bad=0
Z	carat/tables/qcatalog/dim3/dir.2-1;1/ordnung.8/(1)^1(4)^2/group.12	2	2	2	method=1	log2H=1.00	image=0	bad=0
Z	carat/tables/qcatalog/dim3/dir.1;1;1/ordnung.4/(1)^1(4)^2/min.9	3	4	4	method=1	log2H=2.00	image=0	bad=0
Z	carat/tables/qcatalog/dim3/dir.1;1;1/ordnung.4/(1)^1(4)^2/min.9	4	2	2	method=1	log2H=1.00	image=0	bad=0
father: level 1 number of orbits 1 lengths 1
father: level 1 number of orbits 1 lengths 1
Z	carat/tables/qcatalog/dim3/dir.2-1;1/ordnung.16/(1)^1(2)^2(4)^2/group.8	1	16	16	method=1	log2H=4.00	image=0	bad=0
father: level 1 number of orbits 1 lengths 1
Z	carat/tables/qcatalog/dim3/dir.1;1;1/ordnung.4/(1)^1(4)^2/min.9	5	3	3	method=1	log2H=2.00	image=0	bad=0
Z	carat/tables/qcatalog/dim3/dir.2-1;1/ordnung.4/(1)^1(4)^2/min.12	1	1	1	method=0	log2H=0.00	image=0	bad=0
father: level 1 number of orbits 1 lengths 3
Z	carat/tables/qcatalog/dim3/dir.2-1;1/ordnung.4/(1)^1(4)^2/min.12	2	1	1	method=0	log2H=0.00	image=0	bad=0
Z	carat/tables/qcatalog/dim3/dir.2-1;1/ordnung.8/(1)^1(2)^2(4)^2/group.11	1	6	8	method=1	log2H=3.00	image=0	bad=0
father: level 1 number of orbits 1 lengths 2
Z	carat/tables/qcatalog/dim3/dir.2-2;1/ordnung.6/(1)^2(3)^1/group.18	1	4	6	method=1	log2H=2.58	image=0	bad=0
Z	carat/tables/qcatalog/dim3/dir.1,1;1/ordnung.4/(1)^1(8)^1/group.6	1	4	4	method=1	log2H=3.00	image=0	bad=0
father: level 1 number of orbits 1 lengths 2
Z	carat/tables/qcatalog/dim3/dir.2-1;1/ordnung.8/(1)^1(2)^2(4)^2/group.11	2	2	2	method=1	log2H=1.00	image=0	bad=0
father: level 1 number of orbits 1 lengths 2
Z	carat/tables/qcatalog/dim3/dir.2-1;1/ordnung.16/(1)^1(2)^2(4)^2/group.8	2	4	4	method=1	log2H=2.00	image=0	bad=0
Z	carat/tables/qcatalog/dim3/dir.2-2;1/ordnung.24/(1)^3(3)^2/max.4	1	4	4	method=1	log2H=2.00	image=0	bad=0
Z	carat/tables/qcatalog/dim3/dir.2-2;1/ordnung.12/(1)^3(3)^2/group.16	1	2	2	method=1	log2H=1.00	image=0	bad=0
Z	carat/tables/qcatalog/dim3/dir.2-2;1/ordnung.12/(1)^2(3)^1/group.13	1	2	2	method=1	log2H=1.00	image=0	bad=0
father: level 1 number of orbits 1 lengths 3
Z	carat/tables/qcatalog/dim3/dir.2-2;1/ordnung.6/(3)^3/group.22	1	1	1	method=0	log2H=0.00	image=0	bad=0
Z	carat/tables/qcatalog/dim3/dir.2-2;1/ordnung.6/(1)^2(3)^2(9)^1/group.20	1	2	3	method=1	log2H=1.58	image=0	bad=0
Z	carat/tables/qcatalog/dim3/dir.2-2;1/ordnung.12/(1)^2(3)^2(9)^1/group.14	1	2	2	method=1	log2H=1.00	image=0	bad=0
Z	carat/tables/qcatalog/dim3/dir.1,1;1/ordnung.2/(1)^1(8)^1/min.7	1	2	2	method=1	log2H=1.00	image=0	bad=0
Z	carat/tables/qcatalog/dim3/dir.2-2;1/ordnung.6/(3)^3/group.22	2	1	1	method=0	log2H=0.00	image=0	bad=0
Z	carat/tables/qcatalog/dim3/dir.2-2;1/ordnung.6/(1)^2(3)^2(9)^1/group.20	2	1	1	method=0	log2H=0.00	image=0	bad=0
Z	carat/tables/qcatalog/dim3/dir.1,1;1/ordnung.2/(1)^1(8)^1/min.7	2	1	1	method=0	log2H=0.00	image=0	bad=0
Z	carat/tables/qcatalog/dim3/dir.1,1;1/ordnung.4/(1)^1(8)^1/group.6	2	2	2	method=1	log2H=1.00	image=0	bad=0
Z	carat/tables/qcatalog/dim3/dir.2-2;1/ordnung.12/(1)^3(3)^2/group.16	2	2	2	method=1	log2H=1.00	image=0	bad=0
father: level 1 number of orbits 1 lengths 3
father: level 1 number of orbits 2 lengths 1
father: level 2 number of orbits 1 lengths 1
father: level 1 number of orbits 1 lengths 1
Z	carat/tables/qcatalog/dim3/dir.2-2;1/ordnung.12/(1)^2(3)^2(9)^1/group.14	2	2	2	method=1	log2H=1.00	image=0	bad=0
father: level 1 number of orbits 1 lengths 1
father: level 1 number of orbits 1 lengths 2
Z	carat/tables/qcatalog/dim3/dir.2-1;1/ordnung.4/(1)^1(4)^2/min.11	1	3	4	method=1	log2H=2.00	image=0	bad=0
Z	carat/tables/qcatalog/dim3/dir.2-2;1/ordnung.3/(3)^3/min.13	1	2	3	method=1	log2H=1.58	image=0	bad=0
Z	carat/tables/qcatalog/dim3/dir.2-2;1/ordnung.6/(1)^2(3)^1/group.19	1	1	1	method=0	log2H=0.00	image=0	bad=0
Z	carat/tables/qcatalog/dim3/dir.2-2;1/ordnung.6/(1)^2(3)^2(9)^1/group.20	3	2	3	method=1	log2H=1.58	image=0	bad=0
Z	carat/tables/qcatalog/dim3/dir.2-2;1/ordnung.12/(1)^2(3)^2(9)^1/group.14	3	2	2	method=1	log2H=1.00	image=0	bad=0
Z	carat/tables/qcatalog/dim3/dir.2-2;1/ordnung.3/(3)^3/min.13	2	1	1	method=0	log2H=0.00	image=0	bad=0
Z	carat/tables/qcatalog/dim3/dir.2-1;1/ordnung.4/(1)^1(4)^2/min.11	2	2	2	method=1	log2H=1.00	image=0	bad=0
Z	carat/tables/qcatalog/dim3/dir.2-1;1/ordnung.8/(1)^1(2)^2(4)^2/group.10	1	8	8	method=1	log2H=3.00	image=0	bad=0
Z	carat/tables/qcatalog/dim3/dir.2-1;1/ordnung.8/(1)^1(2)^2(4)^2/group.10	2	4	4	method=1	log2H=2.00	image=0	bad=0
Z	carat/tables/qcatalog/dim3/dir.1;1;1/ordnung.8/(1)^1(4)^2/group.7	1	16	16	method=1	log2H=6.00	image=0	bad=0
father: level 1 number of orbits 1 lengths 1
father: level 1 number of orbits 1 lengths 1
Z	carat/tables/qcatalog/dim3/dir.1;1;1/ordnung.8/(1)^1(4)^2/group.7	2	6	6	method=1	log2H=3.00	image=0	bad=0
father: level 1 number of orbits 1 lengths 3
father: level 1 number of orbits 2 lengths 1
father: level 2 number of orbits 1 lengths 1
Z	carat/tables/qcatalog/dim3/dir.2-1;1/ordnung.8/(1)^1(2)^2(4)^2/group.9	1	4	4	method=1	log2H=2.00	image=0	bad=0
Z	carat/tables/qcatalog/dim3/dir.1;1;1/ordnung.8/(1)^1(4)^2/group.7	3	2	2	method=1	log2H=1.00	image=0	bad=0
Z	carat/tables/qcatalog/dim3/dir.2-2;1/ordnung.12/(1)^3(3)^2/group.17	1	4	6	method=1	log2H=2.58	image=0	bad=0
father: level 1 number of orbits 1 lengths 3
Z	carat/tables/qcatalog/dim3/dir.2-1;1/ordnung.8/(1)^1(2)^2(4)^2/group.9	2	2	2	method=1	log2H=1.00	image=0	bad=0
Z	carat/tables/qcatalog/dim3/dir.3/ordnung.12/(1)^3(4)^6/min.14	1	1	1	method=0	log2H=0.00	image=0	bad=0
Z	carat/tables/qcatalog/dim3/dir.1,1;1/ordnung.2/(1)^1(8)^1/min.8	1	2	2	method=1	log2H=2.00	image=0	bad=0
Z	carat/tables/qcatalog/dim3/dir.1;1;1/ordnung.4/(1)^1(4)^2/min.10	1	4	4	method=1	log2H=3.00	image=0	bad=0
Z	carat/tables/qcatalog/dim3/dir.1;1;1/ordnung.8/(1)^1(4)^2/group.7	4	4	4	method=1	log2H=3.00	image=0	bad=0
Z	carat/tables/qcatalog/dim3/dir.1,1,1/ordnung.2/(3)^1/group.5	1	1	1	method=0	log2H=0.00	image=0	bad=0
Z	carat/tables/qcatalog/dim3/dir.2-1;1/ordnung.8/(1)^1(2)^2(4)^2/group.9	3	4	4	method=1	log2H=2.00	image=0	bad=0
Z	carat/tables/qcatalog/dim3/dir.1,1;1/ordnung.2/(1)^1(8)^1/min.8	2	2	2	method=1	log2H=1.00	image=0	bad=0
Z	carat/tables/qcatalog/dim3/dir.1;1;1/ordnung.4/(1)^1(4)^2/min.10	2	2	2	method=1	log2H=1.00	image=0	bad=0
Z	carat/tables/qcatalog/dim3/dir.3/ordnung.12/(1)^3(4)^6/min.14	2	2	2	method=1	log2H=1.00	image=0	bad=0
Z	carat/tables/qcatalog/dim3/dir.2-1;1/ordnung.8/(1)^1(2)^2(4)^2/group.9	4	2	2	method=1	log2H=1.00	image=0	bad=0
Z	carat/tables/qcatalog/dim3/dir.2-2;1/ordnung.12/(1)^3(3)^2/group.15	1	4	4	method=1	log2H=2.00	image=0	bad=0
Z	carat/tables/qcatalog/dim3/dir.1;1;1/ordnung.4/(1)^1(4)^2/min.10	3	1	1	method=0	log2H=0.00	image=0	bad=0
Z	carat/tables/qcatalog/dim3/dir.3/ordnung.12/(1)^3(4)^6/min.14	3	2	2	method=1	log2H=1.00	image=0	bad=0
Z	carat/tables/qcatalog/dim3/dir.1;1;1/ordnung.4/(1)^1(4)^2/min.10	4	2	2	method=1	log2H=1.00	image=0	bad=0
father: level 1 number of orbits 1 lengths 2
Z	carat/tables/qcatalog/dim3/dir.2-2;1/ordnung.6/(1)^2(3)^2(9)^1/group.21	1	2	2	method=1	log2H=1.00	image=0	bad=0
Z	carat/tables/qcatalog/dim3/dir.2-2;1/ordnung.6/(1)^2(3)^2(9)^1/group.21	2	2	2	method=1	log2H=1.00	image=0	bad=0
Z	carat/tables/qcatalog/dim3/dir.2-2;1/ordnung.6/(1)^2(3)^2(9)^1/group.21	3	2	2	method=1	log2H=1.00	image=0	bad=0
Z	carat/tables/qcatalog/dim3/dir.3/ordnung.24/(1)^3(4)^6/group.23	1	2	2	method=1	log2H=1.00	image=0	bad=0
Z	carat/tables/qcatalog/dim3/dir.3/ordnung.24/(1)^3(4)^6/group.23	2	3	3	method=1	log2H=2.00	image=0	bad=0
Z	carat/tables/qcatalog/dim3/dir.3/ordnung.24/(1)^5(4)^4/group.25	1	2	2	method=1	log2H=1.00	image=0	bad=0
Z	carat/tables/qcatalog/dim3/dir.3/ordnung.24/(1)^3(4)^6/group.23	3	2	2	method=1	log2H=1.00	image=0	bad=0
Z	carat/tables/qcatalog/dim3/dir.3/ordnung.24/(1)^5(4)^4/group.25	2	3	4	method=1	log2H=2.00	image=0	bad=0
Z	carat/tables/qcatalog/dim3/dir.3/ordnung.24/(1)^5(4)^4/group.25	3	2	2	method=1	log2H=1.00	image=0	bad=0
Z	carat/tables/qcatalog/dim3/dir.3/ordnung.24/(1)^5(4)^4/group.24	1	2	2	method=1	log2H=1.00	image=0	bad=0
Z	carat/tables/qcatalog/dim3/dir.3/ordnung.24/(1)^5(4)^4/group.24	2	2	2	method=1	log2H=1.00	image=0	bad=0
Z	carat/tables/qcatalog/dim3/dir.3/ordnung.48/(1)^5(4)^4/max.5	1	4	4	method=1	log2H=2.00	image=0	bad=0
Z	carat/tables/qcatalog/dim3/dir.3/ordnung.24/(1)^5(4)^4/group.24	3	2	2	method=1	log2H=1.00	image=0	bad=0
Z	carat/tables/qcatalog/dim3/dir.3/ordnung.48/(1)^5(4)^4/max.5	2	4	4	method=1	log2H=2.00	image=0	bad=0
Z	carat/tables/qcatalog/dim3/dir.3/ordnung.48/(1)^5(4)^4/max.5	3	2	2	method=1	log2H=1.00	image=0	bad=0
