Z	carat/tables/qcatalog/dim4/dir.1,1,1,1/ordnung.1/(4)^1/min.15	1	1	1	method=0	log2H=0.00	image=0	bad=0
Z	carat/tables/qcatalog/dim4/dir.2-1',2-1'/ordnung.4/(4)^2/min.23	1	1	2	method=0	log2H=0.00	image=0	bad=0
father: level 1 number of orbits 1 lengths 3
father: level 1 number of orbits 2 lengths 1
father: level 1 number of orbits 3 lengths 3
father: level 1 number of orbits 4 lengths 3
father: level 1 number of orbits 1 lengths 3
father: level 1 number of orbits 5 lengths 1
father: level 2 number of orbits 1 lengths 1
father: level 2 number of orbits 2 lengths 3
father: level 1 number of orbits 1 lengths 3
father: level 2 number of orbits 3 lengths 3
father: level 1 number of orbits 2 lengths 1
father: level 2 number of orbits 4 lengths 3
father: level 1 number of orbits 1 lengths 6
father: level 1 number of orbits 3 lengths 3
father: level 1 number of orbits 2 lengths 1
father: level 2 number of orbits 1 lengths 3
father: level 1 number of orbits 4 lengths 3
father: level 1 number of orbits 3 lengths 3
father: level 1 number of orbits 5 lengths 1
father: level 2 number of orbits 1 lengths 3
father: level 2 number of orbits 1 lengths 1
father: level 3 number of orbits 1 lengths 1
father: level 2 number of orbits 2 lengths 6
father: level 2 number of orbits 2 lengths 3
father: level 4 number of orbits 1 lengths 2
father: level 2 number of orbits 3 lengths 3
father: level 2 number of orbits 4 lengths 3
Z	carat/tables/qcatalog/dim4/dir.2-1;1,1/ordnung.16/(2)^4(8)^1/group.34	1	20	20	method=1	log2H=6.00	image=0	bad=0
father: level 2 number of orbits 1 lengths 3
father: level 1 number of orbits 1 lengths 6
father: level 1 number of orbits 2 lengths 1
father: level 3 number of orbits 1 lengths 1
father: level 1 number of orbits 3 lengths 3
father: level 2 number of orbits 1 lengths 3
father: level 2 number of orbits 2 lengths 6
Z	carat/tables/qcatalog/dim4/dir.1,1;1;1/ordnung.4/(2)^2(8)^1/min.20	1	13	13	method=1	log2H=6.00	image=0	bad=0
Z	carat/tables/qcatalog/dim4/dir.2-1;1,1/ordnung.16/(2)^4(8)^1/group.34	2	9	9	method=1	log2H=4.00	image=0	bad=0
Z	carat/tables/qcatalog/dim4/dir.1,1;1;1/ordnung.4/(2)^2(8)^1/min.20	2	12	12	method=1	log2H=4.00	image=0	bad=0
Z	carat/tables/qcatalog/dim4/dir.1,1;1;1/ordnung.4/(2)^2(8)^1/min.20	3	4	4	method=1	log2H=4.00	image=0	bad=0
Z	carat/tables/qcatalog/dim4/dir.1,1;1;1/ordnung.8/(2)^2(8)^1/group.29	1	46	46	method=1	log2H=8.00	image=0	bad=0
Z	carat/tables/qcatalog/dim4/dir.1;1;1;1/ordnung.4/(4)^4/min.22	1	10	10	method=1	log2H=5.00	image=0	bad=0
Z	carat/tables/qcatalog/dim4/dir.1,1;1;1/ordnung.4/(2)^2(8)^1/min.20	4	5	5	method=1	log2H=3.00	image=0	bad=0
Z	carat/tables/qcatalog/dim4/dir.1;1;1;1/ordnung.4/(4)^4/min.22	2	6	6	method=1	log2H=3.00	image=0	bad=0
Z	carat/tables/qcatalog/dim4/dir.1,1;1;1/ordnung.4/(2)^2(8)^1/min.20	5	7	7	method=1	log2H=4.00	image=0	bad=0
Z	carat/tables/qcatalog/dim4/dir.1,1;1;1/ordnung.4/(2)^2(8)^1/min.20	6	3	3	method=1	log2H=2.00	image=0	bad=0
Z	carat/tables/qcatalog/dim4/dir.1;1;1;1/ordnung.4/(4)^4/min.22	3	2	2	method=1	log2H=2.00	image=0	bad=0
father: level 1 number of orbits 1 lengths 9
father: level 2 number of orbits 1 lengths 6
Z	carat/tables/qcatalog/dim4/dir.1,1;1;1/ordnung.8/(2)^2(8)^1/group.29	2	24	24	method=1	log2H=5.00	image=0	bad=0
Z	carat/tables/qcatalog/dim4/dir.1;1;1;1/ordnung.4/(4)^4/min.22	4	6	6	method=1	log2H=3.00	image=0	bad=0
Z	carat/tables/qcatalog/dim4/dir.1;1;1;1/ordnung.4/(4)^4/min.22	5	4	4	method=1	log2H=2.00	image=0	bad=0
Z	carat/tables/qcatalog/dim4/dir.1;1;1;1/ordnung.8/(2)^2(4)^2/group.32	1	104	104	method=1	log2H=9.00	image=0	bad=0
Z	carat/tables/qcatalog/dim4/dir.1,1;1;1/ordnung.8/(2)^2(8)^1/group.29	3	8	8	method=1	log2H=5.00	image=0	bad=0
Z	carat/tables/qcatalog/dim4/dir.1,1;1,1/ordnung.4/(4)^2/group.28	1	3	3	method=1	log2H=4.00	image=0	bad=0
Z	carat/tables/qcatalog/dim4/dir.1;1;1;1/ordnung.4/(4)^4/min.22	6	2	2	method=1	log2H=2.00	image=0	bad=0
Z	carat/tables/qcatalog/dim4/dir.1,1;1,1/ordnung.4/(4)^2/group.28	2	3	3	method=1	log2H=2.00	image=0	bad=0
Z	carat/tables/qcatalog/dim4/dir.1,1;1,1/ordnung.4/(4)^2/group.28	3	1	1	method=0	log2H=0.00	image=0	bad=0
Z	carat/tables/qcatalog/dim4/dir.1;1;1;1/ordnung.4/(4)^4/min.22	7	4	4	method=1	log2H=3.00	image=0	bad=0
Z	carat/tables/qcatalog/dim4/dir.2-1,2-1/ordnung.8/(4)^4/min.24	1	2	4	method=1	log2H=2.00	image=0	bad=0
Z	carat/tables/qcatalog/dim4/dir.1;1;1;1/ordnung.8/(2)^2(4)^2/group.32	2	40	40	method=1	log2H=6.00	image=0	bad=0
father: level 1 number of orbits 1 lengths 3
Z	carat/tables/qcatalog/dim4/dir.1;1;1;1/ordnung.4/(4)^4/min.22	8	6	6	method=1	log2H=3.00	image=0	bad=0
Z	carat/tables/qcatalog/dim4/dir.2-1,2-1/ordnung.8/(4)^4/min.24	2	3	6	method=1	log2H=2.00	image=0	bad=0
Z	carat/tables/qcatalog/dim4/dir.2-1;1,1/ordnung.4/(2)^2(8)^1/min.25	1	3	3	method=1	log2H=4.00	image=0	bad=0
Z	carat/tables/qcatalog/dim4/dir.1;1;1;1/ordnung.4/(4)^4/min.22	9	2	2	method=1	log2H=1.00	image=0	bad=0
Z	carat/tables/qcatalog/dim4/dir.2-1,2-1/ordnung.8/(4)^4/min.24	3	1	2	method=0	log2H=0.00	image=0	bad=0
Z	carat/tables/qcatalog/dim4/dir.2-1;1,1/ordnung.4/(2)^2(8)^1/min.25	2	4	4	method=1	log2H=3.00	image=0	bad=0
Z	carat/tables/qcatalog/dim4/dir.1;1;1;1/ordnung.8/(2)^2(4)^2/group.32	3	8	8	method=1	log2H=4.00	image=0	bad=0
Z	carat/tables/qcatalog/dim4/dir.1;1;1;1/ordnung.4/(4)^4/min.22	10	2	2	method=1	log2H=1.00	image=0	bad=0
Z	carat/tables/qcatalog/dim4/dir.1;1;1;1/ordnung.4/(4)^4/min.22	11	2	2	method=1	log2H=1.00	image=0	bad=0
Z	carat/tables/qcatalog/dim4/dir.1;1;1;1/ordnung.4/(4)^4/min.22	12	4	4	method=1	log2H=3.00	image=0	bad=0
Z	carat/tables/qcatalog/dim4/dir.1;1;1;1/ordnung.8/(2)^2(4)^2/group.32	4	36	36	method=1	log2H=6.00	image=0	bad=0
Z	carat/tables/qcatalog/dim4/dir.1;1;1;1/ordnung.4/(4)^4/min.22	13	1	1	method=0	log2H=0.00	image=0	bad=0
Z	carat/tables/qcatalog/dim4/dir.1,1;1;1/ordnung.8/(2)^2(8)^1/group.29	4	5	5	method=1	log2H=3.00	image=0	bad=0
Z	carat/tables/qcatalog/dim4/dir.1;1;1;1/ordnung.8/(2)^2(4)^2/group.32	5	12	12	method=1	log2H=4.00	image=0	bad=0
Z	carat/tables/qcatalog/dim4/dir.1,1;1;1/ordnung.8/(2)^2(8)^1/group.29	5	14	14	method=1	log2H=5.00	image=0	bad=0
father: level 1 number of orbits 1 lengths 7
Z	carat/tables/qcatalog/dim4/dir.1,1;1;1/ordnung.8/(2)^2(8)^1/group.29	6	3	3	method=1	log2H=2.00	image=0	bad=0
Z	carat/tables/qcatalog/dim4/dir.1;1;1;1/ordnung.8/(2)^2(4)^2/group.32	6	4	4	method=1	log2H=3.00	image=0	bad=0
Z	carat/tables/qcatalog/dim4/dir.1,1,1;1/ordnung.4/(2)^1(6)^1/group.27	1	4	4	method=1	log2H=4.00	image=0	bad=0
father: level 1 number of orbits 1 lengths 7
Z	carat/tables/qcatalog/dim4/dir.1,1,1;1/ordnung.4/(2)^1(6)^1/group.27	2	2	2	method=1	log2H=2.00	image=0	bad=0
Z	carat/tables/qcatalog/dim4/dir.1,1,1;1/ordnung.2/(2)^1(6)^1/min.16	1	2	2	method=1	log2H=3.00	image=0	bad=0
Z	carat/tables/qcatalog/dim4/dir.1;1;1;1/ordnung.8/(2)^2(4)^2/group.32	7	20	20	method=1	log2H=6.00	image=0	bad=0
Z	carat/tables/qcatalog/dim4/dir.1,1,1;1/ordnung.2/(2)^1(6)^1/min.16	2	2	2	method=1	log2H=2.00	image=0	bad=0
father: level 1 number of orbits 1 lengths 3
father: level 1 number of orbits 2 lengths 3
father: level 1 number of orbits 3 lengths 1
father: level 1 number of orbits 4 lengths 3
father: level 1 number of orbits 1 lengths 6
father: level 2 number of orbits 1 lengths 3
father: level 1 number of orbits 2 lengths 1
father: level 1 number of orbits 3 lengths 3
father: level 2 number of orbits 2 lengths 6
father: level 2 number of orbits 1 lengths 3
father: level 2 number of orbits 2 lengths 6
Z	carat/tables/qcatalog/dim4/dir.1;1;1;1/ordnung.8/(2)^2(4)^2/group.32	8	36	36	method=1	log2H=6.00	image=0	bad=0
Z	carat/tables/qcatalog/dim4/dir.1;1;1;1/ordnung.8/(2)^2(4)^2/group.32	9	6	6	method=1	log2H=3.00	image=0	bad=0
Z	carat/tables/qcatalog/dim4/dir.1,1;1;1/ordnung.4/(2)^2(8)^1/min.21	1	16	16	method=1	log2H=5.00	image=0	bad=0
father: level 1 number of orbits 1 lengths 3
Z	carat/tables/qcatalog/dim4/dir.1,1;1;1/ordnung.4/(2)^2(8)^1/min.19	1	6	6	method=1	log2H=4.00	image=0	bad=0
father: level 1 number of orbits 2 lengths 3
father: level 1 number of orbits 3 lengths 3
father: level 1 number of orbits 4 lengths 1
father: level 1 number of orbits 1 lengths 3
father: level 1 number of orbits 5 lengths 1
Z	carat/tables/qcatalog/dim4/dir.1,1;1;1/ordnung.4/(2)^2(8)^1/min.21	2	6	6	method=1	log2H=3.00	image=0	bad=0
father: level 2 number of orbits 1 lengths 3
father: level 2 number of orbits 2 lengths 1
father: level 2 number of orbits 3 lengths 3
father: level 2 number of orbits 4 lengths 3
Z	carat/tables/qcatalog/dim4/dir.1;1;1;1/ordnung.8/(2)^2(4)^2/group.32	10	6	6	method=1	log2H=3.00	image=0	bad=0
father: level 2 number of orbits 1 lengths 3
Z	carat/tables/qcatalog/dim4/dir.1,1;1;1/ordnung.4/(2)^2(8)^1/min.21	3	8	8	method=1	log2H=3.00	image=0	bad=0
father: level 3 number of orbits 1 lengths 1
Z	carat/tables/qcatalog/dim4/dir.1,1;1;1/ordnung.4/(2)^2(8)^1/min.21	4	4	4	method=1	log2H=3.00	image=0	bad=0
Z	carat/tables/qcatalog/dim4/dir.1;1;1;1/ordnung.8/(2)^2(4)^2/group.32	11	6	6	method=1	log2H=3.00	image=0	bad=0
Z	carat/tables/qcatalog/dim4/dir.1,1;1;1/ordnung.4/(2)^2(8)^1/min.21	5	3	3	method=1	log2H=2.00	image=0	bad=0
father: level 1 number of orbits 1 lengths 6
father: level 1 number of orbits 2 lengths 4
father: level 1 number of orbits 3 lengths 1
father: level 2 number of orbits 1 lengths 4
father: level 2 number of orbits 2 lengths 3
Z	carat/tables/qcatalog/dim4/dir.1,1;1;1/ordnung.4/(2)^2(8)^1/min.21	6	6	6	method=1	log2H=3.00	image=0	bad=0
father: level 2 number of orbits 3 lengths 6
father: level 3 number of orbits 1 lengths 1
Z	carat/tables/qcatalog/dim4/dir.1,1;1;1/ordnung.4/(2)^2(8)^1/min.19	2	4	4	method=1	log2H=2.00	image=0	bad=0
Z	carat/tables/qcatalog/dim4/dir.1,1;1;1/ordnung.4/(2)^2(8)^1/min.21	7	2	2	method=1	log2H=1.00	image=0	bad=0
Z	carat/tables/qcatalog/dim4/dir.1,1;1;1/ordnung.4/(2)^2(8)^1/min.19	3	2	2	method=1	log2H=2.00	image=0	bad=0
Z	carat/tables/qcatalog/dim4/dir.1,1;1;1/ordnung.4/(2)^2(8)^1/min.19	4	2	2	method=1	log2H=1.00	image=0	bad=0
Z	carat/tables/qcatalog/dim4/dir.2-1;1,1/ordnung.4/(2)^2(8)^1/min.26	1	1	1	method=0	log2H=0.00	image=0	bad=0
Z	carat/tables/qcatalog/dim4/dir.1,1;1;1/ordnung.4/(2)^2(8)^1/min.19	5	3	3	method=1	log2H=2.00	image=0	bad=0
Z	carat/tables/qcatalog/dim4/dir.1;1;1;1/ordnung.8/(2)^2(4)^2/group.31	1	60	60	method=1	log2H=8.00	image=0	bad=0
Z	carat/tables/qcatalog/dim4/dir.1;1;1;1/ordnung.8/(2)^2(4)^2/group.32	12	16	16	method=1	log2H=6.00	image=0	bad=0
Z	carat/tables/qcatalog/dim4/dir.2-1;1,1/ordnung.4/(2)^2(8)^1/min.26	2	1	1	method=0	log2H=0.00	image=0	bad=0
father: level 1 number of orbits 1 lengths 3
father: level 1 number of orbits 1 lengths 3
Z	carat/tables/qcatalog/dim4/dir.1;1;1;1/ordnung.8/(2)^2(4)^2/group.31	2	24	24	method=1	log2H=5.00	image=0	bad=0
father: level 1 number of orbits 1 lengths 3
Z	carat/tables/qcatalog/dim4/dir.2-1;1,1/ordnung.8/(2)^4(8)^1/group.38	1	4	4	method=1	log2H=3.00	image=0	bad=0
Z	carat/tables/qcatalog/dim4/dir.2-1;1,1/ordnung.8/(2)^4(8)^1/group.38	2	3	3	method=1	log2H=2.00	image=0	bad=0
Z	carat/tables/qcatalog/dim4/dir.2-1;1,1/ordnung.8/(2)^4(8)^1/group.36	1	6	6	method=1	log2H=5.00	image=0	bad=0
Z	carat/tables/qcatalog/dim4/dir.1;1;1;1/ordnung.8/(2)^2(4)^2/group.31	3	20	20	method=1	log2H=5.00	image=0	bad=0
father: level 1 number of orbits 1 lengths 1
father: level 1 number of orbits 2 lengths 1
father: level 1 number of orbits 3 lengths 1
father: level 1 number of orbits 4 lengths 1
father: level 2 number of orbits 1 lengths 1
Z	carat/tables/qcatalog/dim4/dir.2-1;1,1/ordnung.8/(2)^4(8)^1/group.38	3	4	4	method=1	log2H=3.00	image=0	bad=0
Z	carat/tables/qcatalog/dim4/dir.2-1;1,1/ordnung.8/(2)^4(8)^1/group.36	2	4	4	method=1	log2H=3.00	image=0	bad=0
Z	carat/tables/qcatalog/dim4/dir.2-1;1,1/ordnung.8/(2)^4(8)^1/group.38	4	3	3	method=1	log2H=2.00	image=0	bad=0
Z	carat/tables/qcatalog/dim4/dir.1;1;1;1/ordnung.16/(2)^2(4)^2/group.30	1	218	218	method=1	log2H=12.00	image=0	bad=0
Z	carat/tables/qcatalog/dim4/dir.1;1;1;1/ordnung.8/(2)^2(4)^2/group.31	4	8	8	method=1	log2H=3.00	image=0	bad=0
Z	carat/tables/qcatalog/dim4/dir.2-1;1;1/ordnung.16/(2)^4(4)^2/group.40	1	128	128	method=1	log2H=7.00	image=0	bad=0
Z	carat/tables/qcatalog/dim4/dir.1;1;1;1/ordnung.8/(2)^2(4)^2/group.31	5	4	4	method=1	log2H=3.00	image=0	bad=0
father: level 1 number of orbits 1 lengths 9
father: level 2 number of orbits 1 lengths 6
Z	carat/tables/qcatalog/dim4/dir.1;1;1;1/ordnung.8/(2)^2(4)^2/group.31	6	2	2	method=1	log2H=2.00	image=0	bad=0
Z	carat/tables/qcatalog/dim4/dir.2-1;1;1/ordnung.16/(2)^4(4)^2/group.40	2	32	32	method=1	log2H=5.00	image=0	bad=0
father: level 1 number of orbits 1 lengths 6
father: level 1 number of orbits 1 lengths 3
Z	carat/tables/qcatalog/dim4/dir.1,1;1,1/ordnung.2/(4)^2/min.18	1	2	2	method=1	log2H=2.00	image=0	bad=0
Z	carat/tables/qcatalog/dim4/dir.2-1;1;1/ordnung.16/(2)^4(4)^2/group.40	3	32	32	method=1	log2H=5.00	image=0	bad=0
Z	carat/tables/qcatalog/dim4/dir.1;1;1;1/ordnung.8/(2)^2(4)^2/group.31	7	24	24	method=1	log2H=5.00	image=0	bad=0
Z	carat/tables/qcatalog/dim4/dir.1;1;1;1/ordnung.16/(2)^2(4)^2/group.30	2	88	88	method=1	log2H=8.00	image=0	bad=0
Z	carat/tables/qcatalog/dim4/dir.1,1;1,1/ordnung.2/(4)^2/min.18	2	2	2	method=1	log2H=1.00	image=0	bad=0
Z	carat/tables/qcatalog/dim4/dir.1,1;1,1/ordnung.2/(4)^2/min.18	3	1	1	method=0	log2H=0.00	image=0	bad=0
Z	carat/tables/qcatalog/dim4/dir.2-1;1,1/ordnung.8/(2)^2(8)^1/group.35	1	4	4	method=1	log2H=3.00	image=0	bad=0
father: level 1 number of orbits 1 lengths 2
father: level 1 number of orbits 2 lengths 1
Z	carat/tables/qcatalog/dim4/dir.2-1;1;1/ordnung.16/(2)^4(4)^2/group.40	4	16	16	method=1	log2H=4.00	image=0	bad=0
Z	carat/tables/qcatalog/dim4/dir.1,1;1;1/ordnung.4/(2)^2(8)^1/min.19	6	1	1	method=0	log2H=0.00	image=0	bad=0
father: level 1 number of orbits 2 lengths 4
Z	carat/tables/qcatalog/dim4/dir.1;1;1;1/ordnung.8/(2)^2(4)^2/group.31	8	10	10	method=1	log2H=5.00	image=0	bad=0
father: level 1 number of orbits 3 lengths 1
father: level 2 number of orbits 1 lengths 4
Z	carat/tables/qcatalog/dim4/dir.2-1;1,1/ordnung.8/(2)^2(8)^1/group.35	2	3	3	method=1	log2H=2.00	image=0	bad=0
father: level 1 number of orbits 3 lengths 1
father: level 2 number of orbits 1 lengths 1
father: level 1 number of orbits 1 lengths 3
father: level 2 number of orbits 2 lengths 3
Z	carat/tables/qcatalog/dim4/dir.1;1;1;1/ordnung.8/(2)^2(4)^2/group.31	9	4	4	method=1	log2H=2.00	image=0	bad=0
father: level 2 number of orbits 3 lengths 6
Z	carat/tables/qcatalog/dim4/dir.2-1;1;1/ordnung.16/(2)^4(4)^2/group.40	5	8	8	method=1	log2H=3.00	image=0	bad=0
father: level 3 number of orbits 1 lengths 1
father: level 4 number of orbits 1 lengths 2
Z	carat/tables/qcatalog/dim4/dir.1;1;1;1/ordnung.16/(2)^2(4)^2/group.30	3	16	16	method=1	log2H=5.00	image=0	bad=0
Z	carat/tables/qcatalog/dim4/dir.2-1;1,1/ordnung.8/(2)^4(8)^1/group.37	1	10	10	method=1	log2H=5.00	image=0	bad=0
Z	carat/tables/qcatalog/dim4/dir.1;1;1;1/ordnung.8/(2)^2(4)^2/group.31	10	4	4	method=1	log2H=2.00	image=0	bad=0
Z	carat/tables/qcatalog/dim4/dir.2-1;1;1/ordnung.16/(2)^4(4)^2/group.40	6	16	16	method=1	log2H=4.00	image=0	bad=0
Z	carat/tables/qcatalog/dim4/dir.2-1;1;1/ordnung.16/(2)^2(4)^2/group.39	1	36	36	method=1	log2H=6.00	image=0	bad=0
Z	carat/tables/qcatalog/dim4/dir.2-1;1,1/ordnung.8/(2)^4(8)^1/group.37	2	9	9	method=1	log2H=4.00	image=0	bad=0
Z	carat/tables/qcatalog/dim4/dir.1;1;1;1/ordnung.8/(2)^2(4)^2/group.31	11	4	4	method=1	log2H=2.00	image=0	bad=0
Z	carat/tables/qcatalog/dim4/dir.1;1;1;1/ordnung.16/(2)^2(4)^2/group.30	4	3	3	method=1	log2H=3.00	image=0	bad=0
Z	carat/tables/qcatalog/dim4/dir.2-1;1;1/ordnung.16/(2)^2(4)^2/group.39	2	16	16	method=1	log2H=4.00	image=0	bad=0
Z	carat/tables/qcatalog/dim4/dir.1;1;1;1/ordnung.8/(4)^4/group.33	1	19	19	method=1	log2H=8.00	image=0	bad=0
Z	carat/tables/qcatalog/dim4/dir.1;1;1;1/ordnung.8/(2)^2(4)^2/group.31	12	10	10	method=1	log2H=5.00	image=0	bad=0
Z	carat/tables/qcatalog/dim4/dir.2-1;1;1/ordnung.16/(2)^2(4)^2/group.39	3	6	6	method=1	log2H=3.00	image=0	bad=0
Z	carat/tables/qcatalog/dim4/dir.1;1;1;1/ordnung.8/(4)^4/group.33	2	14	14	method=1	log2H=5.00	image=0	bad=0
Z	carat/tables/qcatalog/dim4/dir.2-1;1;1/ordnung.16/(2)^2(4)^2/group.39	4	3	3	method=1	log2H=2.00	image=0	bad=0
Z	carat/tables/qcatalog/dim4/dir.1;1;1;1/ordnung.16/(2)^2(4)^2/group.30	5	60	60	method=1	log2H=8.00	image=0	bad=0
father: level 1 number of orbits 1 lengths 7
Z	carat/tables/qcatalog/dim4/dir.1,1,1;1/ordnung.2/(2)^1(6)^1/min.17	1	2	2	method=1	log2H=1.00	image=0	bad=0
Z	carat/tables/qcatalog/dim4/dir.1;1;1;1/ordnung.8/(4)^4/group.33	3	4	4	method=1	log2H=3.00	image=0	bad=0
Z	carat/tables/qcatalog/dim4/dir.2-1;1;1/ordnung.16/(2)^2(4)^2/group.39	5	6	6	method=1	log2H=3.00	image=0	bad=0
Z	carat/tables/qcatalog/dim4/dir.1,1,1;1/ordnung.2/(2)^1(6)^1/min.17	2	1	1	method=0	log2H=0.00	image=0	bad=0
father: level 1 number of orbits 1 lengths 2
Z	carat/tables/qcatalog/dim4/dir.1;1;1;1/ordnung.16/(2)^2(4)^2/group.30	6	6	6	method=1	log2H=4.00	image=0	bad=0
father: level 1 number of orbits 2 lengths 1
Z	carat/tables/qcatalog/dim4/dir.1;1;1;1/ordnung.8/(4)^4/group.33	4	3	3	method=1	log2H=3.00	image=0	bad=0
father: level 1 number of orbits 3 lengths 1
father: level 2 number of orbits 1 lengths 1
father: level 1 number of orbits 1 lengths 1
father: level 1 number of orbits 2 lengths 1
Z	carat/tables/qcatalog/dim4/dir.1;1;1;1/ordnung.8/(4)^4/group.33	5	10	10	method=1	log2H=5.00	image=0	bad=0
father: level 1 number of orbits 3 lengths 1
Z	carat/tables/qcatalog/dim4/dir.2-1;1;1/ordnung.16/(2)^4(8)^2/group.44	1	36	36	method=1	log2H=6.00	image=0	bad=0
father: level 1 number of orbits 4 lengths 1
father: level 2 number of orbits 1 lengths 1
father: level 1 number of orbits 1 lengths 1
Z	carat/tables/qcatalog/dim4/dir.1;1;1;1/ordnung.8/(4)^4/group.33	6	3	3	method=1	log2H=2.00	image=0	bad=0
Z	carat/tables/qcatalog/dim4/dir.1;1;1;1/ordnung.16/(2)^2(4)^2/group.30	7	9	9	method=1	log2H=4.00	image=0	bad=0
father: level 1 number of orbits 1 lengths 1
father: level 1 number of orbits 2 lengths 1
Z	carat/tables/qcatalog/dim4/dir.2-1;2-1/ordnung.16/(2)^2(4)^2/group.51	1	3	3	method=1	log2H=2.00	image=0	bad=0
father: level 1 number of orbits 3 lengths 1
father: level 1 number of orbits 4 lengths 1
father: level 2 number of orbits 1 lengths 1
Z	carat/tables/qcatalog/dim4/dir.2-1;1;1/ordnung.16/(2)^4(8)^2/group.44	2	16	16	method=1	log2H=4.00	image=0	bad=0
father: level 3 number of orbits 1 lengths 2
Z	carat/tables/qcatalog/dim4/dir.2-1;2-1/ordnung.16/(2)^2(4)^2/group.51	2	2	2	method=1	log2H=1.00	image=0	bad=0
Z	carat/tables/qcatalog/dim4/dir.1;1;1;1/ordnung.8/(4)^4/group.33	7	3	3	method=1	log2H=2.00	image=0	bad=0
father: level 1 number of orbits 1 lengths 1
father: level 1 number of orbits 2 lengths 1
father: level 1 number of orbits 3 lengths 1
father: level 1 number of orbits 4 lengths 1
Z	carat/tables/qcatalog/dim4/dir.2-1;1;1/ordnung.4/(4)^4/min.27	1	3	3	method=1	log2H=2.00	image=0	bad=0
father: level 2 number of orbits 1 lengths 1
father: level 1 number of orbits 1 lengths 1
father: level 1 number of orbits 2 lengths 1
father: level 1 number of orbits 3 lengths 1
father: level 1 number of orbits 4 lengths 1
father: level 2 number of orbits 1 lengths 1
Z	carat/tables/qcatalog/dim4/dir.2-1;1;1/ordnung.4/(4)^4/min.27	2	2	2	method=1	log2H=1.00	image=0	bad=0
Z	carat/tables/qcatalog/dim4/dir.2-1;1;1/ordnung.16/(2)^4(8)^2/group.44	3	6	6	method=1	log2H=3.00	image=0	bad=0
father: level 1 number of orbits 1 lengths 1
Z	carat/tables/qcatalog/dim4/dir.2-1;1;1/ordnung.4/(4)^4/min.27	3	3	3	method=1	log2H=2.00	image=0	bad=0
Z	carat/tables/qcatalog/dim4/dir.1;1;1;1/ordnung.8/(4)^4/group.33	8	6	6	method=1	log2H=5.00	image=0	bad=0
Z	carat/tables/qcatalog/dim4/dir.2-1;1;1/ordnung.4/(4)^4/min.27	4	2	2	method=1	log2H=1.00	image=0	bad=0
Z	carat/tables/qcatalog/dim4/dir.2-1;1;1/ordnung.16/(2)^4(4)^2/group.42	1	96	96	method=1	log2H=7.00	image=0	bad=0
father: level 1 number of orbits 2 lengths 1
Z	carat/tables/qcatalog/dim4/dir.2-1;1;1/ordnung.4/(4)^4/min.27	5	2	2	method=1	log2H=1.00	image=0	bad=0
father: level 1 number of orbits 3 lengths 1
father: level 1 number of orbits 4 lengths 1
father: level 1 number of orbits 1 lengths 1
father: level 2 number of orbits 1 lengths 1
father: level 1 number of orbits 2 lengths 1
Z	carat/tables/qcatalog/dim4/dir.1;1;1;1/ordnung.8/(4)^4/group.33	9	1	1	method=0	log2H=0.00	image=0	bad=0
Z	carat/tables/qcatalog/dim4/dir.2-1;1;1/ordnung.8/(2)^4(8)^2/min.29	1	24	24	method=1	log2H=5.00	image=0	bad=0
Z	carat/tables/qcatalog/dim4/dir.2-1;1;1/ordnung.4/(4)^4/min.27	6	2	2	method=1	log2H=1.00	image=0	bad=0
father: level 1 number of orbits 3 lengths 1
father: level 1 number of orbits 4 lengths 1
father: level 2 number of orbits 1 lengths 1
Z	carat/tables/qcatalog/dim4/dir.2-1;1;1/ordnung.8/(2)^4(8)^2/min.29	2	12	12	method=1	log2H=4.00	image=0	bad=0
Z	carat/tables/qcatalog/dim4/dir.1;1;1;1/ordnung.16/(2)^2(4)^2/group.30	8	19	19	method=1	log2H=8.00	image=0	bad=0
Z	carat/tables/qcatalog/dim4/dir.2-1;1;1/ordnung.4/(4)^4/min.27	7	1	1	method=0	log2H=0.00	image=0	bad=0
Z	carat/tables/qcatalog/dim4/dir.2-1;1;1/ordnung.16/(2)^4(4)^2/group.42	2	16	16	method=1	log2H=4.00	image=0	bad=0
Z	carat/tables/qcatalog/dim4/dir.2-1;1;1/ordnung.16/(2)^4(8)^2/group.44	4	3	3	method=1	log2H=2.00	image=0	bad=0
Z	carat/tables/qcatalog/dim4/dir.2-1;1;1/ordnung.8/(2)^4(8)^2/min.29	3	8	8	method=1	log2H=3.00	image=0	bad=0
Z	carat/tables/qcatalog/dim4/dir.2-1;1;1/ordnung.8/(2)^2(4)^2/group.47	1	24	24	method=1	log2H=5.00	image=0	bad=0
Z	carat/tables/qcatalog/dim4/dir.2-1;1;1/ordnung.8/(2)^4(8)^2/min.29	4	6	6	method=1	log2H=3.00	image=0	bad=0
Z	carat/tables/qcatalog/dim4/dir.2-1;1;1/ordnung.8/(2)^2(4)^2/group.47	2	8	8	method=1	log2H=3.00	image=0	bad=0
Z	carat/tables/qcatalog/dim4/dir.2-1;1;1/ordnung.8/(2)^4(8)^2/min.29	5	4	4	method=1	log2H=2.00	image=0	bad=0
father: level 1 number of orbits 1 lengths 1
Z	carat/tables/qcatalog/dim4/dir.2-1;1;1/ordnung.16/(2)^4(4)^2/group.41	1	64	64	method=1	log2H=6.00	image=0	bad=0
Z	carat/tables/qcatalog/dim4/dir.2-1;1;1/ordnung.8/(2)^2(4)^2/group.47	3	12	12	method=1	log2H=4.00	image=0	bad=0
father: level 1 number of orbits 1 lengths 1
father: level 2 number of orbits 1 lengths 2
Z	carat/tables/qcatalog/dim4/dir.2-1;1;1/ordnung.8/(2)^4(8)^2/min.29	6	6	6	method=1	log2H=3.00	image=0	bad=0
father: level 1 number of orbits 1 lengths 1
Z	carat/tables/qcatalog/dim4/dir.2-1;1;1/ordnung.8/(2)^2(4)^2/group.47	4	6	6	method=1	log2H=3.00	image=0	bad=0
Z	carat/tables/qcatalog/dim4/dir.2-1;1;1/ordnung.16/(2)^4(4)^2/group.41	2	16	16	method=1	log2H=4.00	image=0	bad=0
Z	carat/tables/qcatalog/dim4/dir.2-1;1;1/ordnung.16/(2)^4(8)^2/group.44	5	6	6	method=1	log2H=3.00	image=0	bad=0
Z	carat/tables/qcatalog/dim4/dir.2-1;2-1/ordnung.16/(2)^4(8)^2/min.30	1	4	4	method=1	log2H=2.00	image=0	bad=0
Z	carat/tables/qcatalog/dim4/dir.2-1;1;1/ordnung.8/(2)^2(4)^2/group.47	5	4	4	method=1	log2H=2.00	image=0	bad=0
Z	carat/tables/qcatalog/dim4/dir.2-1;2-1/ordnung.16/(2)^4(8)^2/group.52	1	6	6	method=1	log2H=3.00	image=0	bad=0
father: level 1 number of orbits 1 lengths 1
Z	carat/tables/qcatalog/dim4/dir.2-1;1;1/ordnung.8/(2)^2(4)^2/group.47	6	6	6	method=1	log2H=3.00	image=0	bad=0
Z	carat/tables/qcatalog/dim4/dir.2-1;2-1/ordnung.16/(2)^4(8)^2/min.30	2	2	2	method=1	log2H=1.00	image=0	bad=0
Z	carat/tables/qcatalog/dim4/dir.2-1;1;1/ordnung.16/(2)^4(4)^2/group.41	3	16	16	method=1	log2H=4.00	image=0	bad=0
Z	carat/tables/qcatalog/dim4/dir.2-1;2-1/ordnung.16/(2)^4(8)^2/group.52	2	6	6	method=1	log2H=3.00	image=0	bad=0
Z	carat/tables/qcatalog/dim4/dir.2-1;2-1/ordnung.32/(2)^4(4)^4/group.55	1	10	10	method=1	log2H=4.00	image=0	bad=0
Z	carat/tables/qcatalog/dim4/dir.2-1;1;1/ordnung.16/(2)^4(4)^2/group.41	4	8	8	method=1	log2H=3.00	image=0	bad=0
Z	carat/tables/qcatalog/dim4/dir.2-1;2-1/ordnung.16/(2)^4(8)^2/group.52	3	12	12	method=1	log2H=4.00	image=0	bad=0
father: level 1 number of orbits 1 lengths 1
father: level 1 number of orbits 2 lengths 1
father: level 1 number of orbits 3 lengths 1
father: level 1 number of orbits 4 lengths 1
father: level 2 number of orbits 1 lengths 1
Z	carat/tables/qcatalog/dim4/dir.2-1;2-1/ordnung.16/(2)^4(8)^2/group.52	4	3	3	method=1	log2H=2.00	image=0	bad=0
Z	carat/tables/qcatalog/dim4/dir.2-1;1;1/ordnung.16/(2)^4(4)^2/group.42	3	24	24	method=1	log2H=5.00	image=0	bad=0
Z	carat/tables/qcatalog/dim4/dir.2-1;1;1/ordnung.16/(2)^4(4)^2/group.41	5	4	4	method=1	log2H=2.00	image=0	bad=0
Z	carat/tables/qcatalog/dim4/dir.2-1;2-1/ordnung.16/(2)^4(8)^2/group.52	5	2	2	method=1	log2H=1.00	image=0	bad=0
father: level 1 number of orbits 1 lengths 2
father: level 1 number of orbits 1 lengths 1
father: level 1 number of orbits 2 lengths 1
father: level 1 number of orbits 3 lengths 1
father: level 1 number of orbits 2 lengths 1
father: level 2 number of orbits 1 lengths 1
father: level 1 number of orbits 3 lengths 1
father: level 3 number of orbits 1 lengths 2
father: level 1 number of orbits 4 lengths 1
Z	carat/tables/qcatalog/dim4/dir.2-1;1;1/ordnung.16/(2)^4(4)^2/group.41	6	8	8	method=1	log2H=3.00	image=0	bad=0
father: level 2 number of orbits 1 lengths 1
Z	carat/tables/qcatalog/dim4/dir.2-1;2-1/ordnung.32/(2)^4(4)^4/group.55	2	4	4	method=1	log2H=2.00	image=0	bad=0
Z	carat/tables/qcatalog/dim4/dir.2-1;1;1/ordnung.16/(2)^4(4)^2/group.42	4	12	12	method=1	log2H=4.00	image=0	bad=0
father: level 3 number of orbits 1 lengths 2
father: level 1 number of orbits 1 lengths 1
father: level 2 number of orbits 1 lengths 2
father: level 1 number of orbits 1 lengths 2
Z	carat/tables/qcatalog/dim4/dir.2-1;1;1/ordnung.8/(4)^4/group.50	1	6	6	method=1	log2H=3.00	image=0	bad=0
father: level 1 number of orbits 2 lengths 1
father: level 1 number of orbits 1 lengths 1
father: level 1 number of orbits 3 lengths 1
father: level 1 number of orbits 1 lengths 1
father: level 1 number of orbits 1 lengths 1
father: level 2 number of orbits 1 lengths 1
Z	carat/tables/qcatalog/dim4/dir.2-1;1;1/ordnung.16/(2)^4(4)^2/group.41	7	64	64	method=1	log2H=6.00	image=0	bad=0
Z	carat/tables/qcatalog/dim4/dir.2-1;1;1/ordnung.8/(4)^4/group.50	2	4	4	method=1	log2H=2.00	image=0	bad=0
father: level 1 number of orbits 2 lengths 1
father: level 1 number of orbits 3 lengths 1
father: level 1 number of orbits 4 lengths 1
Z	carat/tables/qcatalog/dim4/dir.2-1;1;1/ordnung.16/(2)^4(4)^2/group.42	5	4	4	method=1	log2H=2.00	image=0	bad=0
Z	carat/tables/qcatalog/dim4/dir.2-1;1;1/ordnung.8/(4)^4/group.50	3	4	4	method=1	log2H=2.00	image=0	bad=0
father: level 2 number of orbits 1 lengths 1
father: level 1 number of orbits 1 lengths 1
father: level 2 number of orbits 1 lengths 2
Z	carat/tables/qcatalog/dim4/dir.2-1;1;1/ordnung.16/(2)^4(4)^2/group.41	8	16	16	method=1	log2H=4.00	image=0	bad=0
Z	carat/tables/qcatalog/dim4/dir.2-1;2-1/ordnung.16/(4)^8/min.31	1	7	7	method=1	log2H=4.00	image=0	bad=0
father: level 1 number of orbits 1 lengths 1
Z	carat/tables/qcatalog/dim4/dir.2-1;1;1/ordnung.8/(2)^2(4)^2/group.46	1	8	8	method=1	log2H=3.00	image=0	bad=0
Z	carat/tables/qcatalog/dim4/dir.2-1;1;1/ordnung.16/(2)^4(4)^2/group.41	9	16	16	method=1	log2H=4.00	image=0	bad=0
Z	carat/tables/qcatalog/dim4/dir.2-1;1;1/ordnung.16/(2)^4(4)^2/group.42	6	12	12	method=1	log2H=4.00	image=0	bad=0
Z	carat/tables/qcatalog/dim4/dir.2-1;1;1/ordnung.8/(2)^2(4)^2/group.46	2	4	4	method=1	log2H=2.00	image=0	bad=0
Z	carat/tables/qcatalog/dim4/dir.2-1;2-1/ordnung.16/(4)^8/min.31	2	3	3	method=1	log2H=2.00	image=0	bad=0
Z	carat/tables/qcatalog/dim4/dir.2-1;2-1/ordnung.16/(4)^8/group.53	1	7	7	method=1	log2H=4.00	image=0	bad=0
Z	carat/tables/qcatalog/dim4/dir.2-1;1;1/ordnung.8/(4)^4/group.50	4	3	3	method=1	log2H=2.00	image=0	bad=0
Z	carat/tables/qcatalog/dim4/dir.2-1;1;1/ordnung.16/(2)^4(4)^2/group.41	10	8	8	method=1	log2H=3.00	image=0	bad=0
Z	carat/tables/qcatalog/dim4/dir.2-1;1;1/ordnung.8/(2)^2(4)^2/group.46	3	4	4	method=1	log2H=2.00	image=0	bad=0
Z	carat/tables/qcatalog/dim4/dir.2-1;1;1/ordnung.32/(2)^4(4)^2/group.45	1	272	272	method=1	log2H=9.00	image=0	bad=0
father: level 1 number of orbits 1 lengths 1
father: level 1 number of orbits 2 lengths 1
father: level 1 number of orbits 3 lengths 1
father: level 1 number of orbits 4 lengths 1
father: level 2 number of orbits 1 lengths 1
father: level 3 number of orbits 1 lengths 2
Z	carat/tables/qcatalog/dim4/dir.2-1;2-1/ordnung.16/(4)^8/min.31	3	2	2	method=1	log2H=1.00	image=0	bad=0
Z	carat/tables/qcatalog/dim4/dir.2-1;1;1/ordnung.8/(4)^4/group.50	5	3	3	method=1	log2H=2.00	image=0	bad=0
father: level 1 number of orbits 1 lengths 1
father: level 1 number of orbits 2 lengths 1
father: level 1 number of orbits 3 lengths 1
father: level 1 number of orbits 4 lengths 1
father: level 2 number of orbits 1 lengths 1
Z	carat/tables/qcatalog/dim4/dir.2-1;2-1/ordnung.16/(4)^8/group.53	2	9	10	method=1	log2H=4.00	image=0	bad=0
Z	carat/tables/qcatalog/dim4/dir.2-1;1;1/ordnung.8/(4)^4/group.50	6	1	1	method=0	log2H=0.00	image=0	bad=0
Z	carat/tables/qcatalog/dim4/dir.2-1;1;1/ordnung.16/(2)^4(4)^2/group.41	11	4	4	method=1	log2H=2.00	image=0	bad=0
Z	carat/tables/qcatalog/dim4/dir.2-1;2-1/ordnung.16/(4)^8/min.31	4	6	6	method=1	log2H=3.00	image=0	bad=0
Z	carat/tables/qcatalog/dim4/dir.2-1;1;1/ordnung.8/(2)^2(4)^2/group.46	4	2	2	method=1	log2H=1.00	image=0	bad=0
father: level 1 number of orbits 1 lengths 1
Z	carat/tables/qcatalog/dim4/dir.2-1;1;1/ordnung.8/(2)^4(8)^2/group.49	1	16	16	method=1	log2H=4.00	image=0	bad=0
Z	carat/tables/qcatalog/dim4/dir.2-1;2-1/ordnung.16/(4)^8/group.53	3	2	2	method=1	log2H=1.00	image=0	bad=0
Z	carat/tables/qcatalog/dim4/dir.2-1;1;1/ordnung.16/(2)^4(4)^2/group.41	12	8	8	method=1	log2H=3.00	image=0	bad=0
Z	carat/tables/qcatalog/dim4/dir.2-1;1;1/ordnung.8/(2)^2(4)^2/group.46	5	2	2	method=1	log2H=1.00	image=0	bad=0
father: level 2 number of orbits 1 lengths 2
Z	carat/tables/qcatalog/dim4/dir.2-1;2-1/ordnung.16/(4)^8/min.31	5	2	2	method=1	log2H=1.00	image=0	bad=0
Z	carat/tables/qcatalog/dim4/dir.2-1;1;1/ordnung.8/(2)^4(8)^2/group.48	1	12	12	method=1	log2H=4.00	image=0	bad=0
Z	carat/tables/qcatalog/dim4/dir.2-1;1;1/ordnung.8/(2)^2(4)^2/group.46	6	2	2	method=1	log2H=1.00	image=0	bad=0
Z	carat/tables/qcatalog/dim4/dir.2-1;1;1/ordnung.8/(2)^4(8)^2/group.48	2	6	6	method=1	log2H=3.00	image=0	bad=0
Z	carat/tables/qcatalog/dim4/dir.2-1;2-1/ordnung.16/(4)^8/min.31	6	3	3	method=1	log2H=2.00	image=0	bad=0
Z	carat/tables/qcatalog/dim4/dir.2-1;1;1/ordnung.8/(2)^4(8)^2/group.49	2	8	8	method=1	log2H=3.00	image=0	bad=0
Z	carat/tables/qcatalog/dim4/dir.2-1;2-1/ordnung.16/(4)^8/group.53	4	6	7	method=1	log2H=4.00	image=0	bad=0
father: level 1 number of orbits 1 lengths 1
father: level 2 number of orbits 1 lengths 2
Z	carat/tables/qcatalog/dim4/dir.2-1;1;1/ordnung.8/(2)^4(8)^2/group.49	3	8	8	method=1	log2H=3.00	image=0	bad=0
father: level 1 number of orbits 1 lengths 1
Z	carat/tables/qcatalog/dim4/dir.2-1;2-1/ordnung.8/(4)^4/min.32	1	3	3	method=1	log2H=2.00	image=0	bad=0
father: level 1 number of orbits 1 lengths 1
Z	carat/tables/qcatalog/dim4/dir.2-1;1;1/ordnung.8/(2)^4(8)^2/group.49	4	6	6	method=1	log2H=3.00	image=0	bad=0
Z	carat/tables/qcatalog/dim4/dir.2-1;1;1/ordnung.32/(2)^4(4)^2/group.45	2	64	64	method=1	log2H=6.00	image=0	bad=0
Z	carat/tables/qcatalog/dim4/dir.2-1;2-1/ordnung.8/(4)^4/min.32	2	3	3	method=1	log2H=2.00	image=0	bad=0
Z	carat/tables/qcatalog/dim4/dir.2-1;1;1/ordnung.8/(2)^4(8)^2/group.49	5	4	4	method=1	log2H=2.00	image=0	bad=0
Z	carat/tables/qcatalog/dim4/dir.2-1;2-1/ordnung.16/(4)^8/min.31	7	5	5	method=1	log2H=3.00	image=0	bad=0
Z	carat/tables/qcatalog/dim4/dir.2-1;2-1/ordnung.16/(4)^8/group.53	5	2	2	method=1	log2H=1.00	image=0	bad=0
Z	carat/tables/qcatalog/dim4/dir.2-1;2-1/ordnung.8/(4)^4/min.32	3	1	1	method=0	log2H=0.00	image=0	bad=0
Z	carat/tables/qcatalog/dim4/dir.2-1;1;1/ordnung.8/(2)^4(8)^2/group.49	6	6	6	method=1	log2H=3.00	image=0	bad=0
Z	carat/tables/qcatalog/dim4/dir.2-1;1;1/ordnung.8/(2)^4(8)^2/group.49	7	2	2	method=1	log2H=1.00	image=0	bad=0
Z	carat/tables/qcatalog/dim4/dir.2-1;1;1/ordnung.8/(2)^4(8)^2/group.49	8	16	16	method=1	log2H=4.00	image=0	bad=0
Z	carat/tables/qcatalog/dim4/dir.2-1;1;1/ordnung.8/(2)^4(8)^2/group.49	9	8	8	method=1	log2H=3.00	image=0	bad=0
father: level 1 number of orbits 1 lengths 2
father: level 1 number of orbits 2 lengths 1
father: level 1 number of orbits 3 lengths 1
father: level 2 number of orbits 1 lengths 1
father: level 1 number of orbits 1 lengths 2
Z	carat/tables/qcatalog/dim4/dir.2-1;2-1/ordnung.32/(2)^4(4)^4/group.56	1	24	24	method=1	log2H=6.00	image=0	bad=0
Z	carat/tables/qcatalog/dim4/dir.2-1;1;1/ordnung.32/(2)^4(4)^2/group.45	3	24	24	method=1	log2H=5.00	image=0	bad=0
father: level 1 number of orbits 2 lengths 1
father: level 1 number of orbits 3 lengths 1
father: level 2 number of orbits 1 lengths 1
Z	carat/tables/qcatalog/dim4/dir.2-1;1;1/ordnung.8/(2)^4(8)^2/group.49	10	8	8	method=1	log2H=3.00	image=0	bad=0
father: level 3 number of orbits 1 lengths 2
Z	carat/tables/qcatalog/dim4/dir.2-1;1;1/ordnung.8/(2)^4(8)^2/group.48	3	4	4	method=1	log2H=2.00	image=0	bad=0
father: level 1 number of orbits 1 lengths 1
Z	carat/tables/qcatalog/dim4/dir.2-1;1;1/ordnung.8/(2)^4(8)^2/group.49	11	6	6	method=1	log2H=3.00	image=0	bad=0
Z	carat/tables/qcatalog/dim4/dir.2-1;1;1/ordnung.8/(2)^4(8)^2/group.48	4	4	4	method=1	log2H=2.00	image=0	bad=0
Z	carat/tables/qcatalog/dim4/dir.2-1;1;1/ordnung.8/(2)^4(8)^2/group.48	5	2	2	method=1	log2H=1.00	image=0	bad=0
Z	carat/tables/qcatalog/dim4/dir.2-1;1;1/ordnung.8/(2)^4(8)^2/group.48	6	4	4	method=1	log2H=2.00	image=0	bad=0
Z	carat/tables/qcatalog/dim4/dir.2-1;1;1/ordnung.16/(2)^4(8)^2/group.43	1	36	36	method=1	log2H=6.00	image=0	bad=0
father: level 1 number of orbits 1 lengths 1
Z	carat/tables/qcatalog/dim4/dir.2-1;2-1/ordnung.32/(2)^4(4)^2/group.54	1	16	16	method=1	log2H=4.00	image=0	bad=0
Z	carat/tables/qcatalog/dim4/dir.2-1;1;1/ordnung.8/(2)^4(8)^2/group.48	7	1	1	method=0	log2H=0.00	image=0	bad=0
father: level 1 number of orbits 1 lengths 1
Z	carat/tables/qcatalog/dim4/dir.2-1;1;1/ordnung.32/(2)^4(4)^2/group.45	4	6	6	method=1	log2H=3.00	image=0	bad=0
Z	carat/tables/qcatalog/dim4/dir.2-1;1;1/ordnung.8/(2)^4(8)^2/group.49	12	6	6	method=1	log2H=3.00	image=0	bad=0
Z	carat/tables/qcatalog/dim4/dir.2-1;1;1/ordnung.8/(2)^4(8)^2/group.48	8	12	12	method=1	log2H=4.00	image=0	bad=0
Z	carat/tables/qcatalog/dim4/dir.2-1;1;1/ordnung.8/(2)^4(8)^2/group.49	13	4	4	method=1	log2H=2.00	image=0	bad=0
Z	carat/tables/qcatalog/dim4/dir.2-1;1;1/ordnung.16/(2)^4(8)^2/group.43	2	16	16	method=1	log2H=4.00	image=0	bad=0
Z	carat/tables/qcatalog/dim4/dir.2-1;1;1/ordnung.8/(2)^4(8)^2/group.48	9	6	6	method=1	log2H=3.00	image=0	bad=0
Z	carat/tables/qcatalog/dim4/dir.2-1;1;1/ordnung.8/(2)^4(8)^2/group.48	10	4	4	method=1	log2H=2.00	image=0	bad=0
Z	carat/tables/qcatalog/dim4/dir.2-1;2-1/ordnung.32/(2)^4(4)^4/group.56	2	6	6	method=1	log2H=3.00	image=0	bad=0
Z	carat/tables/qcatalog/dim4/dir.2-1;1;1/ordnung.8/(2)^4(8)^2/group.48	11	4	4	method=1	log2H=2.00	image=0	bad=0
Z	carat/tables/qcatalog/dim4/dir.2-1;1;1/ordnung.8/(2)^4(8)^2/group.48	12	4	4	method=1	log2H=2.00	image=0	bad=0
Z	carat/tables/qcatalog/dim4/dir.2-1;2-1/ordnung.32/(2)^4(4)^4/group.57	1	16	16	method=1	log2H=4.00	image=0	bad=0
Z	carat/tables/qcatalog/dim4/dir.2-2',2-2'/ordnung.3/(2)^1(6)^1/min.33	1	1	2	method=0	log2H=0.00	image=0	bad=0
Z	carat/tables/qcatalog/dim4/dir.2-1;2-1/ordnung.32/(2)^4(4)^2/group.54	2	4	4	method=1	log2H=2.00	image=0	bad=0
Z	carat/tables/qcatalog/dim4/dir.2-1;1;1/ordnung.8/(2)^4(8)^2/group.48	13	3	3	method=1	log2H=2.00	image=0	bad=0
Z	carat/tables/qcatalog/dim4/dir.2-1;1;1/ordnung.16/(2)^4(8)^2/group.43	3	9	9	method=1	log2H=4.00	image=0	bad=0
Z	carat/tables/qcatalog/dim4/dir.2-1;2-1/ordnung.32/(2)^4(4)^4/group.56	3	3	3	method=1	log2H=2.00	image=0	bad=0
Z	carat/tables/qcatalog/dim4/dir.2-2',2-2'/ordnung.6/(2)^1(6)^1/group.59	1	1	2	method=0	log2H=0.00	image=0	bad=0
Z	carat/tables/qcatalog/dim4/dir.2-1;2-1/ordnung.32/(2)^4(4)^4/group.57	2	4	4	method=1	log2H=2.00	image=0	bad=0
Z	carat/tables/qcatalog/dim4/dir.2-1;2-1/ordnung.32/(2)^4(4)^4/group.56	4	24	24	method=1	log2H=5.00	image=0	bad=0
Z	carat/tables/qcatalog/dim4/dir.2-1;1;1/ordnung.16/(2)^4(8)^2/group.43	4	9	9	method=1	log2H=4.00	image=0	bad=0
Z	carat/tables/qcatalog/dim4/dir.2-1;2-1/ordnung.32/(2)^4(4)^4/group.57	3	16	16	method=1	log2H=4.00	image=0	bad=0
Z	carat/tables/qcatalog/dim4/dir.2-1;1;1/ordnung.16/(2)^4(8)^2/group.43	5	6	6	method=1	log2H=3.00	image=0	bad=0
Z	carat/tables/qcatalog/dim4/dir.2-1;2-1/ordnung.32/(2)^4(4)^4/group.56	5	4	4	method=1	log2H=2.00	image=0	bad=0
father: level 1 number of orbits 1 lengths 1
father: level 1 number of orbits 2 lengths 1
father: level 1 number of orbits 3 lengths 1
father: level 1 number of orbits 4 lengths 1
father: level 2 number of orbits 1 lengths 1
Z	carat/tables/qcatalog/dim4/dir.2-1;2-1/ordnung.32/(2)^4(4)^4/group.56	6	10	10	method=1	log2H=4.00	image=0	bad=0
Z	carat/tables/qcatalog/dim4/dir.2-1;1;1/ordnung.8/(2)^4(8)^2/min.28	1	8	8	method=1	log2H=3.00	image=0	bad=0
Z	carat/tables/qcatalog/dim4/dir.2-1;2-1/ordnung.32/(2)^4(4)^4/group.57	4	4	4	method=1	log2H=2.00	image=0	bad=0
Z	carat/tables/qcatalog/dim4/dir.2-1;1;1/ordnung.8/(2)^4(8)^2/min.28	2	4	4	method=1	log2H=2.00	image=0	bad=0
Z	carat/tables/qcatalog/dim4/dir.2-2;1,1/ordnung.12/(1)^2(6)^1/group.62	1	2	2	method=1	log2H=2.00	image=0	bad=0
Z	carat/tables/qcatalog/dim4/dir.2-1;1;1/ordnung.8/(2)^4(8)^2/min.28	3	4	4	method=1	log2H=2.00	image=0	bad=0
Z	carat/tables/qcatalog/dim4/dir.2-1;2-1/ordnung.32/(2)^4(4)^4/group.56	7	14	14	method=1	log2H=5.00	image=0	bad=0
Z	carat/tables/qcatalog/dim4/dir.2-1;1;1/ordnung.8/(2)^4(8)^2/min.28	4	2	2	method=1	log2H=1.00	image=0	bad=0
Z	carat/tables/qcatalog/dim4/dir.2-1;1;1/ordnung.8/(2)^4(8)^2/min.28	5	2	2	method=1	log2H=1.00	image=0	bad=0
Z	carat/tables/qcatalog/dim4/dir.2-1;1;1/ordnung.8/(2)^4(8)^2/min.28	6	2	2	method=1	log2H=1.00	image=0	bad=0
Z	carat/tables/qcatalog/dim4/dir.2-1;1;1/ordnung.16/(2)^4(8)^2/group.43	6	40	40	method=1	log2H=6.00	image=0	bad=0
Z	carat/tables/qcatalog/dim4/dir.2-1;1;1/ordnung.32/(2)^4(4)^2/group.45	5	20	20	method=1	log2H=5.00	image=0	bad=0
father: level 1 number of orbits 1 lengths 1
Z	carat/tables/qcatalog/dim4/dir.2-1;1;1/ordnung.16/(2)^4(8)^2/group.43	7	16	16	method=1	log2H=4.00	image=0	bad=0
Z	carat/tables/qcatalog/dim4/dir.2-1;1;1/ordnung.16/(2)^4(8)^2/group.43	8	12	12	method=1	log2H=4.00	image=0	bad=0
Z	carat/tables/qcatalog/dim4/dir.2-1;2-1/ordnung.64/(2)^6(4)^2/group.58	1	36	36	method=1	log2H=6.00	image=0	bad=0
Z	carat/tables/qcatalog/dim4/dir.2-1;1;1/ordnung.16/(2)^4(8)^2/group.43	9	3	3	method=1	log2H=2.00	image=0	bad=0
Z	carat/tables/qcatalog/dim4/dir.2-2;1,1/ordnung.12/(1)^3(3)^1(6)^1/group.64	1	4	4	method=1	log2H=5.17	image=0	bad=0
Z	carat/tables/qcatalog/dim4/dir.2-1;1;1/ordnung.16/(2)^4(8)^2/group.43	10	9	9	method=1	log2H=4.00	image=0	bad=0
Z	carat/tables/qcatalog/dim4/dir.2-1;1;1/ordnung.16/(2)^4(8)^2/group.43	11	2	2	method=1	log2H=1.00	image=0	bad=0
Z	carat/tables/qcatalog/dim4/dir.2-2,2-2/ordnung.12/(2)^2(6)^2/group.60	1	1	2	method=0	log2H=0.00	image=0	bad=0
Z	carat/tables/qcatalog/dim4/dir.2-2,2-2/ordnung.12/(2)^2(6)^2/group.60	2	1	2	method=0	log2H=0.00	image=0	bad=0
Z	carat/tables/qcatalog/dim4/dir.2-2,2-2/ordnung.6/(2)^2(6)^2/min.34	1	1	2	method=0	log2H=0.00	image=0	bad=0
Z	carat/tables/qcatalog/dim4/dir.2-2,2-2/ordnung.6/(2)^2(6)^2/min.34	2	1	2	method=0	log2H=0.00	image=0	bad=0
Z	carat/tables/qcatalog/dim4/dir.2-2,2-2/ordnung.6/(2)^2(6)^2/min.34	3	1	2	method=0	log2H=0.00	image=0	bad=0
Z	carat/tables/qcatalog/dim4/dir.2-1;2-1/ordnung.64/(2)^6(4)^2/group.58	2	6	6	method=1	log2H=3.00	image=0	bad=0
father: level 1 number of orbits 1 lengths 8
Z	carat/tables/qcatalog/dim4/dir.2-2;1,1/ordnung.6/(1)^1(3)^1(18)^1/group.67	1	1	1	method=0	log2H=0.00	image=0	bad=0
Z	carat/tables/qcatalog/dim4/dir.2-2;1,1/ordnung.6/(1)^2(6)^1/group.71	1	1	1	method=0	log2H=0.00	image=0	bad=0
Z	carat/tables/qcatalog/dim4/dir.2-2;1,1/ordnung.6/(1)^1(3)^1(18)^1/group.67	2	1	1	method=0	log2H=0.00	image=0	bad=0
Z	carat/tables/qcatalog/dim4/dir.2-2;1,1/ordnung.12/(1)^3(3)^1(6)^1/group.63	1	5	5	method=1	log2H=4.00	image=0	bad=0
Z	carat/tables/qcatalog/dim4/dir.2-2;1,1/ordnung.24/(1)^3(3)^1(6)^1/group.66	1	5	5	method=1	log2H=4.00	image=0	bad=0
father: level 1 number of orbits 1 lengths 1
father: level 1 number of orbits 2 lengths 2
father: level 2 number of orbits 1 lengths 2
Z	carat/tables/qcatalog/dim4/dir.2-2;1;1/ordnung.12/(1)^1(3)^1(6)^2/group.72	1	4	4	method=1	log2H=2.00	image=0	bad=0
father: level 1 number of orbits 1 lengths 1
Z	carat/tables/qcatalog/dim4/dir.2-2;1;1/ordnung.12/(1)^1(3)^1(6)^2/group.72	2	1	1	method=0	log2H=0.00	image=0	bad=0
father: level 1 number of orbits 1 lengths 1
Z	carat/tables/qcatalog/dim4/dir.2-2;1;1/ordnung.12/(1)^1(3)^1(6)^2/group.72	3	4	4	method=1	log2H=2.00	image=0	bad=0
Z	carat/tables/qcatalog/dim4/dir.2-2;1;1/ordnung.12/(1)^4(6)^2/group.81	1	16	16	method=1	log2H=4.58	image=0	bad=0
Z	carat/tables/qcatalog/dim4/dir.2-2;1;1/ordnung.12/(1)^1(3)^1(6)^2/group.72	4	1	1	method=0	log2H=0.00	image=0	bad=0
Z	carat/tables/qcatalog/dim4/dir.2-2;1;1/ordnung.12/(1)^4(6)^2/group.81	2	4	4	method=1	log2H=2.58	image=0	bad=0
Z	carat/tables/qcatalog/dim4/dir.2-2;1;1/ordnung.24/(1)^2(2)^1(6)^1/group.83	1	10	10	method=1	log2H=4.00	image=0	bad=0
father: level 1 number of orbits 1 lengths 8
father: level 1 number of orbits 1 lengths 1
father: level 1 number of orbits 2 lengths 2
father: level 2 number of orbits 1 lengths 2
father: level 1 number of orbits 1 lengths 1
father: level 1 number of orbits 1 lengths 1
Z	carat/tables/qcatalog/dim4/dir.2-2;1;1/ordnung.24/(1)^2(2)^1(6)^1/group.83	2	2	2	method=1	log2H=1.00	image=0	bad=0
Z	carat/tables/qcatalog/dim4/dir.2-2;1;1/ordnung.12/(1)^2(2)^1(6)^1/group.73	1	3	3	method=1	log2H=2.00	image=0	bad=0
Z	carat/tables/qcatalog/dim4/dir.2-2;1;1/ordnung.12/(1)^2(2)^1(6)^1/group.73	2	1	1	method=0	log2H=0.00	image=0	bad=0
Z	carat/tables/qcatalog/dim4/dir.2-2;1,1/ordnung.3/(1)^1(3)^1(18)^1/min.35	1	2	2	method=1	log2H=3.17	image=0	bad=0
Z	carat/tables/qcatalog/dim4/dir.2-2;1;1/ordnung.12/(1)^3(3)^1(6)^1(18)^1/group.77	1	8	8	method=1	log2H=3.58	image=0	bad=0
Z	carat/tables/qcatalog/dim4/dir.2-2;1;1/ordnung.12/(1)^3(3)^1(6)^1(18)^1/group.77	2	2	2	method=1	log2H=1.58	image=0	bad=0
father: level 1 number of orbits 1 lengths 1
Z	carat/tables/qcatalog/dim4/dir.2-2;1,1/ordnung.3/(1)^1(3)^1(18)^1/min.35	2	2	2	method=1	log2H=1.58	image=0	bad=0
Z	carat/tables/qcatalog/dim4/dir.2-2;1;1/ordnung.12/(1)^3(3)^1(6)^1(18)^1/group.77	3	8	8	method=1	log2H=3.58	image=0	bad=0
father: level 1 number of orbits 1 lengths 1
father: level 1 number of orbits 2 lengths 2
Z	carat/tables/qcatalog/dim4/dir.2-2;1;1/ordnung.12/(1)^2(2)^1(6)^1/group.75	1	16	16	method=1	log2H=4.58	image=0	bad=0
Z	carat/tables/qcatalog/dim4/dir.2-2;1;1/ordnung.12/(1)^3(3)^1(6)^1(18)^1/group.77	4	2	2	method=1	log2H=1.58	image=0	bad=0
father: level 2 number of orbits 1 lengths 2
father: level 1 number of orbits 1 lengths 1
Z	carat/tables/qcatalog/dim4/dir.2-2;1;1/ordnung.12/(1)^2(2)^1(6)^1/group.75	2	4	4	method=1	log2H=2.58	image=0	bad=0
Z	carat/tables/qcatalog/dim4/dir.2-2;1;1/ordnung.12/(1)^3(3)^1(6)^1(18)^1/group.77	5	8	8	method=1	log2H=3.58	image=0	bad=0
Z	carat/tables/qcatalog/dim4/dir.2-2;1;1/ordnung.12/(1)^3(3)^1(6)^1(18)^1/group.77	6	2	2	method=1	log2H=1.58	image=0	bad=0
Z	carat/tables/qcatalog/dim4/dir.2-2;1;1/ordnung.12/(1)^3(3)^1(6)^1(18)^1/group.79	1	8	8	method=1	log2H=3.00	image=0	bad=0
Z	carat/tables/qcatalog/dim4/dir.2-2;1;1/ordnung.12/(1)^3(3)^1(6)^1(18)^1/group.79	2	2	2	method=1	log2H=1.00	image=0	bad=0
father: level 1 number of orbits 1 lengths 1
Z	carat/tables/qcatalog/dim4/dir.2-2;1;1/ordnung.12/(1)^3(3)^1(6)^1(18)^1/group.79	3	8	8	method=1	log2H=3.00	image=0	bad=0
Z	carat/tables/qcatalog/dim4/dir.2-2;1;1/ordnung.12/(1)^2(2)^1(6)^1/group.74	1	3	3	method=1	log2H=2.00	image=0	bad=0
Z	carat/tables/qcatalog/dim4/dir.2-2;1;1/ordnung.12/(1)^3(3)^1(6)^1(18)^1/group.79	4	2	2	method=1	log2H=1.00	image=0	bad=0
Z	carat/tables/qcatalog/dim4/dir.2-2;1;1/ordnung.12/(1)^2(2)^1(6)^1/group.74	2	1	1	method=0	log2H=0.00	image=0	bad=0
Z	carat/tables/qcatalog/dim4/dir.2-2;1;1/ordnung.12/(1)^3(3)^1(6)^1(18)^1/group.79	5	8	8	method=1	log2H=3.00	image=0	bad=0
Z	carat/tables/qcatalog/dim4/dir.2-2;1;1/ordnung.12/(1)^3(3)^1(6)^1(18)^1/group.79	6	2	2	method=1	log2H=1.00	image=0	bad=0
father: level 1 number of orbits 1 lengths 1
father: level 1 number of orbits 2 lengths 2
father: level 2 number of orbits 1 lengths 2
father: level 1 number of orbits 1 lengths 1
Z	carat/tables/qcatalog/dim4/dir.2-2;1;1/ordnung.12/(1)^2(3)^2(18)^2/group.76	1	4	4	method=1	log2H=2.00	image=0	bad=0
father: level 1 number of orbits 1 lengths 1
Z	carat/tables/qcatalog/dim4/dir.2-2;1;1/ordnung.12/(1)^2(3)^2(18)^2/group.76	2	1	1	method=0	log2H=0.00	image=0	bad=0
father: level 1 number of orbits 1 lengths 8
father: level 1 number of orbits 1 lengths 1
Z	carat/tables/qcatalog/dim4/dir.2-2;1;1/ordnung.12/(1)^4(6)^2/group.82	1	3	3	method=1	log2H=2.00	image=0	bad=0
Z	carat/tables/qcatalog/dim4/dir.2-2;1;1/ordnung.12/(1)^2(3)^2(18)^2/group.76	3	4	4	method=1	log2H=2.00	image=0	bad=0
father: level 1 number of orbits 1 lengths 1
Z	carat/tables/qcatalog/dim4/dir.2-2;1;1/ordnung.12/(1)^4(6)^2/group.82	2	1	1	method=0	log2H=0.00	image=0	bad=0
Z	carat/tables/qcatalog/dim4/dir.2-2;1;1/ordnung.12/(1)^2(3)^2(18)^2/group.76	4	1	1	method=0	log2H=0.00	image=0	bad=0
father: level 1 number of orbits 1 lengths 8
Z	carat/tables/qcatalog/dim4/dir.2-2;1,1/ordnung.12/(1)^1(3)^3(6)^1/group.61	1	2	2	method=1	log2H=2.00	image=0	bad=0
Z	carat/tables/qcatalog/dim4/dir.2-2;1;1/ordnung.12/(1)^4(6)^2/group.82	3	3	3	method=1	log2H=2.00	image=0	bad=0
father: level 1 number of orbits 1 lengths 8
Z	carat/tables/qcatalog/dim4/dir.2-2;1;1/ordnung.12/(1)^4(6)^2/group.82	4	1	1	method=0	log2H=0.00	image=0	bad=0
Z	carat/tables/qcatalog/dim4/dir.2-2;1,1/ordnung.6/(1)^1(3)^3(6)^1/group.68	1	2	2	method=1	log2H=2.00	image=0	bad=0
Z	carat/tables/qcatalog/dim4/dir.2-2;1,1/ordnung.12/(1)^1(3)^3(6)^1/group.61	2	2	2	method=1	log2H=2.00	image=0	bad=0
Z	carat/tables/qcatalog/dim4/dir.2-2;1;1/ordnung.24/(1)^4(6)^2/group.85	1	10	10	method=1	log2H=4.00	image=0	bad=0
Z	carat/tables/qcatalog/dim4/dir.2-2;1,1/ordnung.6/(1)^1(3)^3(6)^1/group.68	2	2	2	method=1	log2H=2.00	image=0	bad=0
Z	carat/tables/qcatalog/dim4/dir.2-2;1,1/ordnung.12/(1)^1(3)^3(6)^1/group.61	3	2	2	method=1	log2H=2.00	image=0	bad=0
Z	carat/tables/qcatalog/dim4/dir.2-2;1,1/ordnung.6/(1)^1(3)^3(6)^1/group.69	1	2	2	method=1	log2H=3.17	image=0	bad=0
Z	carat/tables/qcatalog/dim4/dir.2-2;1,1/ordnung.6/(1)^1(3)^3(6)^1/group.68	3	2	2	method=1	log2H=2.00	image=0	bad=0
Z	carat/tables/qcatalog/dim4/dir.2-2;1;1/ordnung.24/(1)^4(6)^2/group.85	2	2	2	method=1	log2H=1.00	image=0	bad=0
Z	carat/tables/qcatalog/dim4/dir.2-2;1,1/ordnung.6/(1)^1(3)^3(6)^1/group.69	2	2	2	method=1	log2H=1.58	image=0	bad=0
father: level 1 number of orbits 1 lengths 1
Z	carat/tables/qcatalog/dim4/dir.2-2;1,1/ordnung.6/(1)^1(3)^3(6)^1/group.69	3	2	2	method=1	log2H=3.17	image=0	bad=0
Z	carat/tables/qcatalog/dim4/dir.2-2;1;1/ordnung.24/(1)^4(6)^2/group.85	3	10	10	method=1	log2H=4.00	image=0	bad=0
father: level 1 number of orbits 1 lengths 1
father: level 1 number of orbits 2 lengths 2
father: level 2 number of orbits 1 lengths 2
father: level 1 number of orbits 1 lengths 1
father: level 1 number of orbits 1 lengths 1
father: level 1 number of orbits 1 lengths 1
father: level 1 number of orbits 2 lengths 2
Z	carat/tables/qcatalog/dim4/dir.2-2;1;1/ordnung.24/(1)^4(6)^2/group.85	4	2	2	method=1	log2H=1.00	image=0	bad=0
father: level 2 number of orbits 1 lengths 2
Z	carat/tables/qcatalog/dim4/dir.2-2;1;1/ordnung.24/(1)^3(3)^1(6)^1(18)^1/group.84	1	16	16	method=1	log2H=4.00	image=0	bad=0
Z	carat/tables/qcatalog/dim4/dir.2-2;1;1/ordnung.6/(1)^1(3)^1(6)^2/min.36	1	4	4	method=1	log2H=2.58	image=0	bad=0
Z	carat/tables/qcatalog/dim4/dir.2-2;1;1/ordnung.6/(1)^1(3)^1(6)^2/min.36	2	2	2	method=1	log2H=1.58	image=0	bad=0
Z	carat/tables/qcatalog/dim4/dir.2-2;1;1/ordnung.6/(1)^1(3)^1(6)^2/min.36	3	4	4	method=1	log2H=2.58	image=0	bad=0
Z	carat/tables/qcatalog/dim4/dir.2-2;1;1/ordnung.6/(1)^1(3)^1(6)^2/min.36	4	2	2	method=1	log2H=1.58	image=0	bad=0
Z	carat/tables/qcatalog/dim4/dir.2-2;1;1/ordnung.24/(1)^3(3)^1(6)^1(18)^1/group.84	2	2	2	method=1	log2H=1.00	image=0	bad=0
Z	carat/tables/qcatalog/dim4/dir.2-2;2-1/ordnung.12/(1)^2(2)^1(6)^1/min.40	1	1	1	method=0	log2H=0.00	image=0	bad=0
Z	carat/tables/qcatalog/dim4/dir.2-2;1;1/ordnung.24/(1)^4(6)^2/group.89	1	10	10	method=1	log2H=4.00	image=0	bad=0
father: level 1 number of orbits 1 lengths 1
father: level 1 number of orbits 2 lengths 2
father: level 2 number of orbits 1 lengths 2
Z	carat/tables/qcatalog/dim4/dir.1,1,1,1/ordnung.2/(4)^1/group.26	1	1	1	method=0	log2H=0.00	image=0	bad=0
Z	carat/tables/qcatalog/dim4/dir.2-2;1;1/ordnung.24/(1)^4(6)^2/group.87	1	32	32	method=1	log2H=5.58	image=0	bad=0
father: level 1 number of orbits 1 lengths 1
Z	carat/tables/qcatalog/dim4/dir.2-2;1;1/ordnung.24/(1)^3(3)^1(6)^1(18)^1/group.84	3	16	16	method=1	log2H=4.00	image=0	bad=0
Z	carat/tables/qcatalog/dim4/dir.2-2;1;1/ordnung.12/(1)^3(3)^1(6)^1(18)^1/group.80	1	8	8	method=1	log2H=3.58	image=0	bad=0
Z	carat/tables/qcatalog/dim4/dir.2-2;1,1/ordnung.12/(1)^3(3)^1(6)^1/group.65	1	2	2	method=1	log2H=2.00	image=0	bad=0
father: level 1 number of orbits 1 lengths 1
father: level 1 number of orbits 2 lengths 2
father: level 2 number of orbits 1 lengths 2
Z	carat/tables/qcatalog/dim4/dir.2-2;1;1/ordnung.24/(1)^4(6)^2/group.87	2	4	4	method=1	log2H=2.58	image=0	bad=0
Z	carat/tables/qcatalog/dim4/dir.2-2;1;1/ordnung.12/(1)^3(3)^1(6)^1(18)^1/group.80	2	2	2	method=1	log2H=1.58	image=0	bad=0
father: level 1 number of orbits 1 lengths 1
Z	carat/tables/qcatalog/dim4/dir.2-2;1,1/ordnung.12/(1)^3(3)^1(6)^1/group.65	2	2	2	method=1	log2H=2.00	image=0	bad=0
Z	carat/tables/qcatalog/dim4/dir.2-2;1;1/ordnung.24/(1)^4(6)^2/group.89	2	2	2	method=1	log2H=1.00	image=0	bad=0
Z	carat/tables/qcatalog/dim4/dir.2-2;2-1/ordnung.24/(1)^2(2)^1(6)^1/group.91	1	2	2	method=1	log2H=1.00	image=0	bad=0
Z	carat/tables/qcatalog/dim4/dir.2-2;1;1/ordnung.12/(1)^3(3)^1(6)^1(18)^1/group.78	1	8	8	method=1	log2H=3.00	image=0	bad=0
Z	carat/tables/qcatalog/dim4/dir.2-2;1;1/ordnung.12/(1)^3(3)^1(6)^1(18)^1/group.80	3	4	4	method=1	log2H=2.00	image=0	bad=0
Z	carat/tables/qcatalog/dim4/dir.2-2;1;1/ordnung.24/(1)^3(3)^1(6)^1(18)^1/group.84	4	2	2	method=1	log2H=1.00	image=0	bad=0
father: level 1 number of orbits 1 lengths 1
Z	carat/tables/qcatalog/dim4/dir.2-2;1;1/ordnung.12/(1)^3(3)^1(6)^1(18)^1/group.78	2	2	2	method=1	log2H=1.00	image=0	bad=0
father: level 1 number of orbits 2 lengths 2
father: level 2 number of orbits 1 lengths 2
Z	carat/tables/qcatalog/dim4/dir.2-2;1;1/ordnung.12/(1)^3(3)^1(6)^1(18)^1/group.80	4	1	1	method=0	log2H=0.00	image=0	bad=0
Z	carat/tables/qcatalog/dim4/dir.2-2;1;1/ordnung.12/(1)^3(3)^1(6)^1(18)^1/group.78	3	8	8	method=1	log2H=3.00	image=0	bad=0
Z	carat/tables/qcatalog/dim4/dir.2-2;1;1/ordnung.6/(1)^1(3)^1(6)^2/min.37	1	4	4	method=1	log2H=2.58	image=0	bad=0
Z	carat/tables/qcatalog/dim4/dir.2-2;1;1/ordnung.12/(1)^3(3)^1(6)^1(18)^1/group.80	5	8	8	method=1	log2H=3.58	image=0	bad=0
Z	carat/tables/qcatalog/dim4/dir.2-2;1;1/ordnung.6/(1)^1(3)^1(6)^2/min.37	2	2	2	method=1	log2H=1.58	image=0	bad=0
Z	carat/tables/qcatalog/dim4/dir.2-2;1;1/ordnung.12/(1)^3(3)^1(6)^1(18)^1/group.78	4	2	2	method=1	log2H=1.00	image=0	bad=0
Z	carat/tables/qcatalog/dim4/dir.2-2;1;1/ordnung.6/(1)^1(3)^1(6)^2/min.37	3	2	2	method=1	log2H=1.00	image=0	bad=0
Z	carat/tables/qcatalog/dim4/dir.2-2;1;1/ordnung.6/(1)^1(3)^1(6)^2/min.37	4	1	1	method=0	log2H=0.00	image=0	bad=0
Z	carat/tables/qcatalog/dim4/dir.2-2;1;1/ordnung.12/(1)^3(3)^1(6)^1(18)^1/group.78	5	8	8	method=1	log2H=3.00	image=0	bad=0
Z	carat/tables/qcatalog/dim4/dir.2-2;1;1/ordnung.24/(1)^3(3)^1(6)^1(18)^1/group.84	5	16	16	method=1	log2H=4.00	image=0	bad=0
Z	carat/tables/qcatalog/dim4/dir.2-2;1;1/ordnung.12/(1)^3(3)^1(6)^1(18)^1/group.78	6	2	2	method=1	log2H=1.00	image=0	bad=0
Z	carat/tables/qcatalog/dim4/dir.2-2;1;1/ordnung.12/(1)^3(3)^1(6)^1(18)^1/group.80	6	2	2	method=1	log2H=1.58	image=0	bad=0
Z	carat/tables/qcatalog/dim4/dir.2-2;2-1/ordnung.24/(1)^2(2)^3(6)^1/group.93	1	2	2	method=1	log2H=1.00	image=0	bad=0
Z	carat/tables/qcatalog/dim4/dir.2-2;1;1/ordnung.24/(1)^3(3)^1(6)^1(18)^1/group.84	6	2	2	method=1	log2H=1.00	image=0	bad=0
father: level 1 number of orbits 1 lengths 1
father: level 1 number of orbits 1 lengths 1
father: level 1 number of orbits 1 lengths 1
Z	carat/tables/qcatalog/dim4/dir.2-2;1,1/ordnung.6/(1)^2(6)^1/group.70	1	4	4	method=1	log2H=5.17	image=0	bad=0
father: level 1 number of orbits 1 lengths 1
father: level 1 number of orbits 2 lengths 2
father: level 2 number of orbits 1 lengths 2
father: level 1 number of orbits 1 lengths 1
father: level 1 number of orbits 1 lengths 1
father: level 1 number of orbits 2 lengths 2
Z	carat/tables/qcatalog/dim4/dir.2-2;2-1/ordnung.12/(1)^4(6)^2/min.41	1	1	1	method=0	log2H=0.00	image=0	bad=0
father: level 2 number of orbits 1 lengths 2
Z	carat/tables/qcatalog/dim4/dir.2-2;2-1/ordnung.12/(1)^4(6)^2/min.41	2	1	1	method=0	log2H=0.00	image=0	bad=0
Z	carat/tables/qcatalog/dim4/dir.2-2;1;1/ordnung.24/(1)^4(6)^2/group.86	1	10	10	method=1	log2H=4.00	image=0	bad=0
Z	carat/tables/qcatalog/dim4/dir.2-2;1;1/ordnung.24/(1)^4(6)^2/group.88	1	32	32	method=1	log2H=5.00	image=0	bad=0
Z	carat/tables/qcatalog/dim4/dir.2-2;2-1/ordnung.24/(1)^2(2)^3(6)^1/group.92	1	2	2	method=1	log2H=1.00	image=0	bad=0
Z	carat/tables/qcatalog/dim4/dir.2-2;2-1/ordnung.24/(1)^2(2)^3(6)^1/group.92	2	2	2	method=1	log2H=1.00	image=0	bad=0
Z	carat/tables/qcatalog/dim4/dir.2-2;1;1/ordnung.24/(1)^4(6)^2/group.86	2	2	2	method=1	log2H=1.00	image=0	bad=0
Z	carat/tables/qcatalog/dim4/dir.2-2;1;1/ordnung.24/(1)^4(6)^2/group.88	2	4	4	method=1	log2H=2.00	image=0	bad=0
Z	carat/tables/qcatalog/dim4/dir.2-2;2-1/ordnung.24/(1)^2(2)^3(6)^1/group.94	1	2	2	method=1	log2H=1.00	image=0	bad=0
Z	carat/tables/qcatalog/dim4/dir.2-2;1;1/ordnung.6/(1)^2(3)^2(18)^2/min.38	1	4	4	method=1	log2H=2.58	image=0	bad=0
Z	carat/tables/qcatalog/dim4/dir.2-2;1;1/ordnung.6/(1)^2(3)^2(18)^2/min.38	2	2	2	method=1	log2H=1.58	image=0	bad=0
Z	carat/tables/qcatalog/dim4/dir.2-2;1;1/ordnung.24/(1)^4(6)^2/group.86	3	10	10	method=1	log2H=4.00	image=0	bad=0
Z	carat/tables/qcatalog/dim4/dir.2-2;1;1/ordnung.6/(1)^2(3)^2(18)^2/min.38	3	2	2	method=1	log2H=1.00	image=0	bad=0
Z	carat/tables/qcatalog/dim4/dir.2-2;1;1/ordnung.6/(1)^2(3)^2(18)^2/min.38	4	1	1	method=0	log2H=0.00	image=0	bad=0
Z	carat/tables/qcatalog/dim4/dir.2-2;1;1/ordnung.24/(1)^4(6)^2/group.86	4	2	2	method=1	log2H=1.00	image=0	bad=0
Z	carat/tables/qcatalog/dim4/dir.2-2;1;1/ordnung.6/(1)^2(3)^2(18)^2/min.38	5	4	4	method=1	log2H=2.58	image=0	bad=0
Z	carat/tables/qcatalog/dim4/dir.2-2;1;1/ordnung.6/(1)^2(3)^2(18)^2/min.38	6	2	2	method=1	log2H=1.58	image=0	bad=0
Z	carat/tables/qcatalog/dim4/dir.2-2;1;1/ordnung.48/(1)^4(6)^2/group.90	1	36	36	method=1	log2H=6.00	image=0	bad=0
Z	carat/tables/qcatalog/dim4/dir.2-2;1;1/ordnung.6/(1)^2(3)^2(18)^2/min.38	7	4	4	method=1	log2H=2.58	image=0	bad=0
Z	carat/tables/qcatalog/dim4/dir.2-2;1;1/ordnung.6/(1)^2(3)^2(18)^2/min.38	8	2	2	method=1	log2H=1.58	image=0	bad=0
Z	carat/tables/qcatalog/dim4/dir.2-2;2-1/ordnung.24/(1)^4(6)^2/group.100	1	2	2	method=1	log2H=1.00	image=0	bad=0
Z	carat/tables/qcatalog/dim4/dir.2-2;2-1/ordnung.24/(1)^4(6)^2/group.99	1	2	2	method=1	log2H=1.00	image=0	bad=0
Z	carat/tables/qcatalog/dim4/dir.2-2;2-1/ordnung.12/(1)^2(2)^1(6)^1/min.39	1	1	1	method=0	log2H=0.00	image=0	bad=0
Z	carat/tables/qcatalog/dim4/dir.2-2;2-1/ordnung.24/(1)^4(6)^2/group.99	2	2	2	method=1	log2H=1.00	image=0	bad=0
Z	carat/tables/qcatalog/dim4/dir.2-2;1;1/ordnung.48/(1)^4(6)^2/group.90	2	4	4	method=1	log2H=2.00	image=0	bad=0
Z	carat/tables/qcatalog/dim4/dir.2-2;2-1/ordnung.48/(1)^4(2)^2(6)^2/group.103	1	4	4	method=1	log2H=2.00	image=0	bad=0
father: level 1 number of orbits 1 lengths 2
Z	carat/tables/qcatalog/dim4/dir.2-2;2-1/ordnung.24/(1)^4(2)^2(6)^2/group.95	1	2	2	method=1	log2H=1.00	image=0	bad=0
Z	carat/tables/qcatalog/dim4/dir.2-2;2-1/ordnung.48/(1)^4(2)^2(6)^2/group.103	2	4	4	method=1	log2H=2.00	image=0	bad=0
Z	carat/tables/qcatalog/dim4/dir.2-2;2-2/ordnung.18/(1)^1(3)^2(9)^1/group.112	1	1	1	method=0	log2H=0.00	image=0	bad=0
Z	carat/tables/qcatalog/dim4/dir.2-2;2-1/ordnung.48/(1)^4(2)^2(6)^2/group.107	1	4	4	method=1	log2H=2.00	image=0	bad=0
Z	carat/tables/qcatalog/dim4/dir.2-2;2-2/ordnung.18/(1)^1(3)^2(9)^1/group.112	2	1	1	method=0	log2H=0.00	image=0	bad=0
Z	carat/tables/qcatalog/dim4/dir.2-2;2-1/ordnung.24/(1)^4(2)^2(6)^2/group.95	2	2	2	method=1	log2H=1.00	image=0	bad=0
Z	carat/tables/qcatalog/dim4/dir.2-2;2-1/ordnung.24/(1)^4(2)^2(6)^2/group.97	1	2	2	method=1	log2H=1.00	image=0	bad=0
Z	carat/tables/qcatalog/dim4/dir.2-2;2-1/ordnung.96/(1)^4(2)^2(6)^2/max.6	1	8	8	method=1	log2H=3.00	image=0	bad=0
Z	carat/tables/qcatalog/dim4/dir.2-2;2-1/ordnung.48/(1)^2(2)^3(6)^1/group.102	1	4	4	method=1	log2H=2.00	image=0	bad=0
Z	carat/tables/qcatalog/dim4/dir.2-2;2-1/ordnung.24/(1)^4(2)^2(6)^2/group.97	2	2	2	method=1	log2H=1.00	image=0	bad=0
Z	carat/tables/qcatalog/dim4/dir.2-2;2-1/ordnung.24/(1)^4(6)^2/group.101	1	2	2	method=1	log2H=1.00	image=0	bad=0
Z	carat/tables/qcatalog/dim4/dir.2-2;2-1/ordnung.24/(1)^4(2)^2(6)^2/group.97	3	2	2	method=1	log2H=1.00	image=0	bad=0
Z	carat/tables/qcatalog/dim4/dir.2-2;2-1/ordnung.24/(1)^4(6)^2/group.101	2	2	2	method=1	log2H=1.00	image=0	bad=0
Z	carat/tables/qcatalog/dim4/dir.2-2;2-1/ordnung.24/(1)^4(2)^2(6)^2/group.97	4	2	2	method=1	log2H=1.00	image=0	bad=0
Z	carat/tables/qcatalog/dim4/dir.2-2;2-1/ordnung.24/(1)^4(2)^2(6)^2/group.95	3	2	2	method=1	log2H=1.00	image=0	bad=0
Z	carat/tables/qcatalog/dim4/dir.2-2;2-1/ordnung.48/(1)^4(6)^2/group.108	1	4	4	method=1	log2H=2.00	image=0	bad=0
Z	carat/tables/qcatalog/dim4/dir.2-2;2-1/ordnung.24/(1)^4(2)^2(6)^2/group.95	4	2	2	method=1	log2H=1.00	image=0	bad=0
father: level 1 number of orbits 1 lengths 3
Z	carat/tables/qcatalog/dim4/dir.2-2;2-2/ordnung.12/(2)^2(6)^2/group.109	1	1	2	method=0	log2H=0.00	image=0	bad=0
Z	carat/tables/qcatalog/dim4/dir.2-2;2-2/ordnung.12/(2)^2(6)^2/group.109	2	1	2	method=0	log2H=0.00	image=0	bad=0
father: level 1 number of orbits 1 lengths 2
father: level 1 number of orbits 1 lengths 2
Z	carat/tables/qcatalog/dim4/dir.2-2;2-2/ordnung.18/(1)^1(3)^5/group.113	1	1	1	method=0	log2H=0.00	image=0	bad=0
Z	carat/tables/qcatalog/dim4/dir.2-2;2-2/ordnung.36/(1)^1(3)^5/group.118	1	1	1	method=0	log2H=0.00	image=0	bad=0
Z	carat/tables/qcatalog/dim4/dir.2-2;2-2/ordnung.36/(1)^1(3)^5/group.118	2	1	1	method=0	log2H=0.00	image=0	bad=0
Z	carat/tables/qcatalog/dim4/dir.2-2;2-1/ordnung.48/(1)^4(2)^2(6)^2/group.105	1	4	4	method=1	log2H=2.00	image=0	bad=0
Z	carat/tables/qcatalog/dim4/dir.2-2;2-2/ordnung.36/(1)^1(3)^5/group.118	3	1	1	method=0	log2H=0.00	image=0	bad=0
Z	carat/tables/qcatalog/dim4/dir.2-2;2-2/ordnung.18/(1)^1(3)^5/group.113	2	1	1	method=0	log2H=0.00	image=0	bad=0
Z	carat/tables/qcatalog/dim4/dir.2-2;2-1/ordnung.48/(1)^4(2)^2(6)^2/group.104	1	4	4	method=1	log2H=2.00	image=0	bad=0
Z	carat/tables/qcatalog/dim4/dir.2-2;2-2/ordnung.18/(1)^1(3)^5/group.113	3	2	2	method=1	log2H=1.58	image=0	bad=0
Z	carat/tables/qcatalog/dim4/dir.2-2;2-1/ordnung.48/(1)^4(2)^2(6)^2/group.105	2	4	4	method=1	log2H=2.00	image=0	bad=0
father: level 1 number of orbits 1 lengths 2
Z	carat/tables/qcatalog/dim4/dir.2-2;2-1/ordnung.48/(1)^4(2)^2(6)^2/group.104	2	4	4	method=1	log2H=2.00	image=0	bad=0
Z	carat/tables/qcatalog/dim4/dir.2-2;2-1/ordnung.24/(1)^4(2)^2(6)^2/group.98	1	2	2	method=1	log2H=1.00	image=0	bad=0
Z	carat/tables/qcatalog/dim4/dir.2-2;2-2/ordnung.18/(1)^1(3)^5/group.114	1	4	4	method=1	log2H=3.17	image=0	bad=0
Z	carat/tables/qcatalog/dim4/dir.2-2;2-1/ordnung.48/(1)^4(2)^2(6)^2/group.105	3	4	4	method=1	log2H=2.00	image=0	bad=0
Z	carat/tables/qcatalog/dim4/dir.2-2;2-1/ordnung.24/(1)^4(2)^2(6)^2/group.98	2	2	2	method=1	log2H=1.00	image=0	bad=0
Z	carat/tables/qcatalog/dim4/dir.2-2;2-2/ordnung.36/(1)^2(3)^2/group.119	1	1	1	method=0	log2H=0.00	image=0	bad=0
Z	carat/tables/qcatalog/dim4/dir.2-2;2-2/ordnung.18/(1)^1(3)^5/group.114	2	2	2	method=1	log2H=1.58	image=0	bad=0
Z	carat/tables/qcatalog/dim4/dir.2-2;2-2/ordnung.18/(1)^1(3)^5/group.114	3	2	2	method=1	log2H=1.58	image=0	bad=0
Z	carat/tables/qcatalog/dim4/dir.2-2;2-1/ordnung.48/(1)^4(2)^2(6)^2/group.105	4	4	4	method=1	log2H=2.00	image=0	bad=0
father: level 1 number of orbits 1 lengths 2
Z	carat/tables/qcatalog/dim4/dir.2-2;2-1/ordnung.24/(1)^4(2)^2(6)^2/group.96	1	2	2	method=1	log2H=1.00	image=0	bad=0
father: level 1 number of orbits 1 lengths 3
father: level 1 number of orbits 1 lengths 2
Z	carat/tables/qcatalog/dim4/dir.2-2;2-2/ordnung.36/(1)^3(3)^3/group.122	1	2	2	method=1	log2H=1.58	image=0	bad=0
Z	carat/tables/qcatalog/dim4/dir.2-2;2-1/ordnung.24/(1)^4(2)^2(6)^2/group.96	2	2	2	method=1	log2H=1.00	image=0	bad=0
Z	carat/tables/qcatalog/dim4/dir.2-2;2-2/ordnung.18/(1)^2(3)^4(9)^2/group.116	1	3	3	method=1	log2H=3.17	image=0	bad=0
Z	carat/tables/qcatalog/dim4/dir.2-2;2-2/ordnung.18/(1)^2(3)^2/group.115	1	2	2	method=1	log2H=1.58	image=0	bad=0
Z	carat/tables/qcatalog/dim4/dir.2-2;2-2/ordnung.6/(2)^2(6)^2/min.42	1	1	2	method=0	log2H=0.00	image=0	bad=0
Z	carat/tables/qcatalog/dim4/dir.2-2;2-2/ordnung.18/(1)^2(3)^4(9)^2/group.116	2	2	2	method=1	log2H=1.58	image=0	bad=0
Z	carat/tables/qcatalog/dim4/dir.2-2;2-2/ordnung.6/(2)^2(6)^2/min.42	2	1	2	method=0	log2H=0.00	image=0	bad=0
father: level 1 number of orbits 1 lengths 2
Z	carat/tables/qcatalog/dim4/dir.2-2;2-2/ordnung.18/(1)^2(3)^4(9)^2/group.116	3	2	2	method=1	log2H=1.58	image=0	bad=0
father: level 1 number of orbits 1 lengths 2
Z	carat/tables/qcatalog/dim4/dir.2-2;2-2/ordnung.18/(1)^2(3)^4(9)^2/group.116	4	1	1	method=0	log2H=0.00	image=0	bad=0
Z	carat/tables/qcatalog/dim4/dir.2-2;2-2/ordnung.9/(1)^1(3)^2(9)^1/min.43	1	3	3	method=1	log2H=3.17	image=0	bad=0
Z	carat/tables/qcatalog/dim4/dir.2-2;2-2/ordnung.9/(1)^1(3)^2(9)^1/min.43	2	2	2	method=1	log2H=1.58	image=0	bad=0
Z	carat/tables/qcatalog/dim4/dir.2-2;2-2/ordnung.18/(1)^2(3)^4(9)^2/group.116	5	1	1	method=0	log2H=0.00	image=0	bad=0
Z	carat/tables/qcatalog/dim4/dir.2-2;2-2/ordnung.36/(1)^2(3)^4(9)^2/group.120	1	1	1	method=0	log2H=0.00	image=0	bad=0
Z	carat/tables/qcatalog/dim4/dir.2-2;2-1/ordnung.48/(1)^4(2)^2(6)^2/group.106	1	4	4	method=1	log2H=2.00	image=0	bad=0
Z	carat/tables/qcatalog/dim4/dir.2-2;2-2/ordnung.36/(1)^2(3)^4(9)^2/group.120	2	1	1	method=0	log2H=0.00	image=0	bad=0
Z	carat/tables/qcatalog/dim4/dir.2-2;2-1/ordnung.48/(1)^4(2)^2(6)^2/group.106	2	4	4	method=1	log2H=2.00	image=0	bad=0
father: level 1 number of orbits 1 lengths 1
father: level 1 number of orbits 1 lengths 2
father: level 1 number of orbits 1 lengths 1
Z	carat/tables/qcatalog/dim4/dir.2-2;2-2/ordnung.36/(1)^3(3)^3/group.123	1	2	2	method=1	log2H=1.58	image=0	bad=0
Z	carat/tables/qcatalog/dim4/dir.2-2;2-2/ordnung.36/(1)^2(3)^4(9)^2/group.120	3	1	1	method=0	log2H=0.00	image=0	bad=0
Z	carat/tables/qcatalog/dim4/dir.2-2;2-2/ordnung.72/(1)^4(3)^4/group.131	1	2	2	method=1	log2H=1.58	image=0	bad=0
Z	carat/tables/qcatalog/dim4/dir.2-2;2-2/ordnung.12/(2)^4(6)^4/group.110	1	1	2	method=0	log2H=0.00	image=0	bad=0
Z	carat/tables/qcatalog/dim4/dir.2-2;2-2/ordnung.36/(1)^3(3)^4(9)^1/group.124	1	1	1	method=0	log2H=0.00	image=0	bad=0
Z	carat/tables/qcatalog/dim4/dir.2-2;2-2/ordnung.12/(2)^4(6)^4/group.110	2	1	2	method=0	log2H=0.00	image=0	bad=0
Z	carat/tables/qcatalog/dim4/dir.2-2;2-2/ordnung.12/(2)^4(6)^4/group.110	3	1	2	method=0	log2H=0.00	image=0	bad=0
father: level 1 number of orbits 1 lengths 1
Z	carat/tables/qcatalog/dim4/dir.2-2;2-2/ordnung.72/(1)^4(3)^4/group.131	2	1	1	method=0	log2H=0.00	image=0	bad=0
Z	carat/tables/qcatalog/dim4/dir.2-2;2-2/ordnung.36/(1)^3(3)^4(9)^1/group.124	2	1	1	method=0	log2H=0.00	image=0	bad=0
Z	carat/tables/qcatalog/dim4/dir.2-2;2-2/ordnung.36/(1)^3(3)^3/group.123	2	1	1	method=0	log2H=0.00	image=0	bad=0
father: level 1 number of orbits 1 lengths 2
Z	carat/tables/qcatalog/dim4/dir.2-2;2-2/ordnung.12/(2)^4(6)^4/group.110	4	1	2	method=0	log2H=0.00	image=0	bad=0
Z	carat/tables/qcatalog/dim4/dir.2-2;2-2/ordnung.36/(1)^3(3)^4(9)^1/group.124	3	1	1	method=0	log2H=0.00	image=0	bad=0
Z	carat/tables/qcatalog/dim4/dir.2-2;2-2/ordnung.24/(2)^4(6)^4/group.117	1	1	2	method=0	log2H=0.00	image=0	bad=0
Z	carat/tables/qcatalog/dim4/dir.2-2;2-2/ordnung.36/(1)^3(3)^4(9)^1/group.124	4	1	1	method=0	log2H=0.00	image=0	bad=0
Z	carat/tables/qcatalog/dim4/dir.2-2;2-2/ordnung.36/(1)^3(3)^4(9)^1/group.126	1	3	3	method=1	log2H=3.17	image=0	bad=0
Z	carat/tables/qcatalog/dim4/dir.2-2;2-2/ordnung.24/(2)^4(6)^4/group.117	2	1	2	method=0	log2H=0.00	image=0	bad=0
Z	carat/tables/qcatalog/dim4/dir.2-2;2-2/ordnung.36/(1)^3(3)^4(9)^1/group.126	2	2	2	method=1	log2H=1.58	image=0	bad=0
Z	carat/tables/qcatalog/dim4/dir.2-2;2-2/ordnung.36/(1)^3(3)^4(9)^1/group.126	3	2	2	method=1	log2H=1.58	image=0	bad=0
Z	carat/tables/qcatalog/dim4/dir.2-2;2-2/ordnung.36/(1)^3(3)^4(9)^1/group.126	4	1	1	method=0	log2H=0.00	image=0	bad=0
Z	carat/tables/qcatalog/dim4/dir.2-2;2-2/ordnung.72/(1)^3(3)^3/group.128	1	1	1	method=0	log2H=0.00	image=0	bad=0
father: level 1 number of orbits 1 lengths 1
father: level 2 number of orbits 1 lengths 2
father: level 1 number of orbits 1 lengths 1
Z	carat/tables/qcatalog/dim4/dir.3;1/ordnung.12/(1)^2(2)^1(4)^6(8)^1/min.44	1	4	4	method=1	log2H=2.58	image=0	bad=0
father: level 1 number of orbits 1 lengths 2
father: level 1 number of orbits 1 lengths 1
father: level 1 number of orbits 1 lengths 1
Z	carat/tables/qcatalog/dim4/dir.3;1/ordnung.12/(1)^2(2)^1(4)^6(8)^1/min.44	2	4	4	method=1	log2H=2.58	image=0	bad=0
Z	carat/tables/qcatalog/dim4/dir.3;1/ordnung.12/(1)^2(2)^1(4)^6(8)^1/min.44	3	2	2	method=1	log2H=1.58	image=0	bad=0
Z	carat/tables/qcatalog/dim4/dir.3;1/ordnung.24/(1)^2(2)^2(4)^6/group.135	1	8	8	method=1	log2H=3.58	image=0	bad=0
Z	carat/tables/qcatalog/dim4/dir.3;1/ordnung.12/(1)^2(2)^1(4)^6(8)^1/min.44	4	4	4	method=1	log2H=2.58	image=0	bad=0
father: level 1 number of orbits 1 lengths 1
father: level 2 number of orbits 1 lengths 2
father: level 1 number of orbits 1 lengths 1
Z	carat/tables/qcatalog/dim4/dir.3;1/ordnung.12/(1)^2(2)^1(4)^6(8)^1/min.44	5	2	2	method=1	log2H=1.58	image=0	bad=0
Z	carat/tables/qcatalog/dim4/dir.3;1/ordnung.24/(1)^2(2)^2(4)^6/group.135	2	6	6	method=1	log2H=3.58	image=0	bad=0
Z	carat/tables/qcatalog/dim4/dir.2-2;2-2/ordnung.72/(1)^3(3)^4(9)^1/group.129	1	1	1	method=0	log2H=0.00	image=0	bad=0
Z	carat/tables/qcatalog/dim4/dir.2-2;2-2/ordnung.36/(1)^3(3)^3/group.121	1	1	1	method=0	log2H=0.00	image=0	bad=0
Z	carat/tables/qcatalog/dim4/dir.2-2;2-2/ordnung.144/(1)^4(3)^4/group.111	1	1	1	method=0	log2H=0.00	image=0	bad=0
Z	carat/tables/qcatalog/dim4/dir.3;1/ordnung.24/(1)^2(2)^2(4)^6/group.135	3	12	12	method=1	log2H=4.58	image=0	bad=0
Z	carat/tables/qcatalog/dim4/dir.3;1/ordnung.24/(1)^4(2)^1(4)^4(8)^1/group.137	1	4	4	method=1	log2H=2.58	image=0	bad=0
father: level 1 number of orbits 1 lengths 1
father: level 2 number of orbits 1 lengths 2
Z	carat/tables/qcatalog/dim4/dir.3;1/ordnung.12/(1)^2(2)^1(4)^6(8)^1/min.44	6	2	2	method=1	log2H=1.58	image=0	bad=0
Z	carat/tables/qcatalog/dim4/dir.2-2;2-2/ordnung.72/(1)^4(3)^4/group.132	1	1	1	method=0	log2H=0.00	image=0	bad=0
father: level 1 number of orbits 1 lengths 1
Z	carat/tables/qcatalog/dim4/dir.3;1/ordnung.24/(1)^4(2)^1(4)^4(8)^1/group.137	2	4	4	method=1	log2H=2.58	image=0	bad=0
Z	carat/tables/qcatalog/dim4/dir.3;1/ordnung.24/(1)^2(2)^2(4)^6/group.135	4	4	4	method=1	log2H=2.58	image=0	bad=0
father: level 1 number of orbits 1 lengths 1
father: level 1 number of orbits 1 lengths 1
Z	carat/tables/qcatalog/dim4/dir.3;1/ordnung.24/(1)^4(2)^1(4)^4(8)^1/group.137	3	2	2	method=1	log2H=1.58	image=0	bad=0
Z	carat/tables/qcatalog/dim4/dir.3;1/ordnung.24/(1)^2(2)^2(4)^6/group.135	5	8	8	method=1	log2H=3.58	image=0	bad=0
Z	carat/tables/qcatalog/dim4/dir.3;1/ordnung.24/(1)^4(2)^1(4)^4(8)^1/group.137	4	6	6	method=1	log2H=3.58	image=0	bad=0
Z	carat/tables/qcatalog/dim4/dir.3;1/ordnung.24/(1)^2(2)^1(4)^6(8)^1/group.133	1	2	2	method=1	log2H=1.00	image=0	bad=0
Z	carat/tables/qcatalog/dim4/dir.2-2;2-2/ordnung.72/(1)^3(3)^4(9)^1/group.129	2	1	1	method=0	log2H=0.00	image=0	bad=0
Z	carat/tables/qcatalog/dim4/dir.3;1/ordnung.24/(1)^4(2)^2(4)^4/group.139	1	4	4	method=1	log2H=2.58	image=0	bad=0
Z	carat/tables/qcatalog/dim4/dir.2-2;2-2/ordnung.72/(1)^4(3)^4/group.132	2	1	1	method=0	log2H=0.00	image=0	bad=0
Z	carat/tables/qcatalog/dim4/dir.3;1/ordnung.24/(1)^2(2)^1(4)^6(8)^1/group.133	2	2	2	method=1	log2H=1.00	image=0	bad=0
Z	carat/tables/qcatalog/dim4/dir.3;1/ordnung.24/(1)^4(2)^2(4)^4/group.139	2	2	2	method=1	log2H=1.58	image=0	bad=0
father: level 1 number of orbits 1 lengths 1
father: level 2 number of orbits 1 lengths 2
Z	carat/tables/qcatalog/dim4/dir.3;1/ordnung.24/(1)^2(2)^1(4)^6(8)^1/group.133	3	1	1	method=0	log2H=0.00	image=0	bad=0
Z	carat/tables/qcatalog/dim4/dir.3;1/ordnung.24/(1)^4(2)^1(4)^4(8)^1/group.137	5	4	4	method=1	log2H=2.58	image=0	bad=0
father: level 1 number of orbits 1 lengths 1
Z	carat/tables/qcatalog/dim4/dir.2-2;2-2/ordnung.72/(1)^3(3)^4(9)^1/group.129	3	1	1	method=0	log2H=0.00	image=0	bad=0
Z	carat/tables/qcatalog/dim4/dir.3;1/ordnung.24/(1)^4(2)^2(4)^4/group.139	3	4	4	method=1	log2H=2.58	image=0	bad=0
Z	carat/tables/qcatalog/dim4/dir.3;1/ordnung.24/(1)^2(2)^1(4)^6(8)^1/group.133	4	3	3	method=1	log2H=2.00	image=0	bad=0
Z	carat/tables/qcatalog/dim4/dir.2-2;2-2/ordnung.36/(1)^4(3)^4/group.127	1	1	1	method=0	log2H=0.00	image=0	bad=0
Z	carat/tables/qcatalog/dim4/dir.3;1/ordnung.24/(1)^2(2)^1(4)^6(8)^1/group.133	5	2	2	method=1	log2H=1.00	image=0	bad=0
Z	carat/tables/qcatalog/dim4/dir.2-2;2-2/ordnung.72/(1)^3(3)^4(9)^1/group.129	4	1	1	method=0	log2H=0.00	image=0	bad=0
Z	carat/tables/qcatalog/dim4/dir.3;1/ordnung.48/(1)^4(2)^1(4)^4(8)^1/group.141	1	4	4	method=1	log2H=2.00	image=0	bad=0
Z	carat/tables/qcatalog/dim4/dir.3;1/ordnung.24/(1)^2(2)^1(4)^6(8)^1/group.133	6	2	2	method=1	log2H=1.00	image=0	bad=0
Z	carat/tables/qcatalog/dim4/dir.2-2;2-2/ordnung.36/(1)^4(3)^4/group.127	2	2	2	method=1	log2H=1.58	image=0	bad=0
Z	carat/tables/qcatalog/dim4/dir.3;1/ordnung.24/(1)^4(2)^1(4)^4(8)^1/group.137	6	4	4	method=1	log2H=2.58	image=0	bad=0
Z	carat/tables/qcatalog/dim4/dir.3;1/ordnung.24/(1)^4(2)^2(4)^4/group.139	4	2	2	method=1	log2H=1.58	image=0	bad=0
Z	carat/tables/qcatalog/dim4/dir.3;1/ordnung.48/(1)^4(2)^1(4)^4(8)^1/group.141	2	3	3	method=1	log2H=2.00	image=0	bad=0
Z	carat/tables/qcatalog/dim4/dir.3;1/ordnung.24/(1)^4(2)^2(4)^4/group.139	5	4	4	method=1	log2H=2.58	image=0	bad=0
Z	carat/tables/qcatalog/dim4/dir.4-1'/ordnung.8/(4)^4/min.49	1	1	2	method=0	log2H=0.00	image=0	bad=0
Z	carat/tables/qcatalog/dim4/dir.3;1/ordnung.48/(1)^4(2)^1(4)^4(8)^1/group.141	3	2	2	method=1	log2H=1.00	image=0	bad=0
Z	carat/tables/qcatalog/dim4/dir.3;1/ordnung.48/(1)^4(2)^1(4)^4(8)^1/group.141	4	8	8	method=1	log2H=3.00	image=0	bad=0
Z	carat/tables/qcatalog/dim4/dir.3;1/ordnung.48/(1)^4(2)^1(4)^4(8)^1/group.141	5	6	6	method=1	log2H=3.00	image=0	bad=0
father: level 1 number of orbits 1 lengths 1
father: level 1 number of orbits 1 lengths 1
father: level 1 number of orbits 1 lengths 1
father: level 2 number of orbits 1 lengths 2
Z	carat/tables/qcatalog/dim4/dir.3;1/ordnung.48/(1)^4(2)^1(4)^4(8)^1/group.141	6	8	8	method=1	log2H=3.00	image=0	bad=0
father: level 1 number of orbits 1 lengths 1
father: level 1 number of orbits 1 lengths 1
father: level 1 number of orbits 1 lengths 1
Z	carat/tables/qcatalog/dim4/dir.3;1/ordnung.48/(1)^4(2)^2(4)^4/group.143	1	4	4	method=1	log2H=2.00	image=0	bad=0
Z	carat/tables/qcatalog/dim4/dir.3;1/ordnung.24/(1)^4(2)^1(4)^4(8)^1/group.136	1	4	4	method=1	log2H=2.00	image=0	bad=0
Z	carat/tables/qcatalog/dim4/dir.3;1/ordnung.24/(1)^4(2)^1(4)^4(8)^1/group.136	2	3	3	method=1	log2H=2.00	image=0	bad=0
Z	carat/tables/qcatalog/dim4/dir.3;1/ordnung.48/(1)^4(2)^2(4)^4/group.145	1	8	8	method=1	log2H=3.00	image=0	bad=0
Z	carat/tables/qcatalog/dim4/dir.3;1/ordnung.48/(1)^4(2)^2(4)^4/group.143	2	2	2	method=1	log2H=1.00	image=0	bad=0
Z	carat/tables/qcatalog/dim4/dir.3;1/ordnung.24/(1)^4(2)^1(4)^4(8)^1/group.136	3	2	2	method=1	log2H=1.00	image=0	bad=0
Z	carat/tables/qcatalog/dim4/dir.3;1/ordnung.24/(1)^4(2)^1(4)^4(8)^1/group.136	4	4	4	method=1	log2H=2.00	image=0	bad=0
Z	carat/tables/qcatalog/dim4/dir.3;1/ordnung.48/(1)^4(2)^2(4)^4/group.145	2	2	2	method=1	log2H=1.00	image=0	bad=0
Z	carat/tables/qcatalog/dim4/dir.3;1/ordnung.48/(1)^4(2)^2(4)^4/group.143	3	8	8	method=1	log2H=3.00	image=0	bad=0
father: level 1 number of orbits 1 lengths 1
Z	carat/tables/qcatalog/dim4/dir.3;1/ordnung.24/(1)^4(2)^1(4)^4(8)^1/group.136	5	3	3	method=1	log2H=2.00	image=0	bad=0
father: level 1 number of orbits 1 lengths 1
Z	carat/tables/qcatalog/dim4/dir.3;1/ordnung.48/(1)^4(2)^2(4)^4/group.145	3	4	4	method=1	log2H=2.00	image=0	bad=0
Z	carat/tables/qcatalog/dim4/dir.3;1/ordnung.24/(1)^4(2)^1(4)^4(8)^1/group.136	6	4	4	method=1	log2H=2.00	image=0	bad=0
Z	carat/tables/qcatalog/dim4/dir.3;1/ordnung.48/(1)^4(2)^2(4)^4/group.143	4	2	2	method=1	log2H=1.00	image=0	bad=0
father: level 1 number of orbits 1 lengths 1
Z	carat/tables/qcatalog/dim4/dir.3;1/ordnung.48/(1)^4(2)^2(4)^4/group.145	4	2	2	method=1	log2H=1.00	image=0	bad=0
Z	carat/tables/qcatalog/dim4/dir.3;1/ordnung.24/(1)^2(2)^2(4)^6/group.134	1	2	2	method=1	log2H=1.00	image=0	bad=0
father: level 1 number of orbits 1 lengths 1
Z	carat/tables/qcatalog/dim4/dir.3;1/ordnung.48/(1)^4(2)^2(4)^4/group.143	5	8	8	method=1	log2H=3.00	image=0	bad=0
Z	carat/tables/qcatalog/dim4/dir.3;1/ordnung.24/(1)^2(2)^2(4)^6/group.134	2	2	2	method=1	log2H=1.00	image=0	bad=0
father: level 1 number of orbits 1 lengths 2
Z	carat/tables/qcatalog/dim4/dir.3;1/ordnung.48/(1)^4(2)^2(4)^4/group.145	5	8	8	method=1	log2H=3.00	image=0	bad=0
Z	carat/tables/qcatalog/dim4/dir.3;1/ordnung.24/(1)^2(2)^2(4)^6/group.134	3	4	4	method=1	log2H=2.00	image=0	bad=0
Z	carat/tables/qcatalog/dim4/dir.4-1/ordnung.128/(2)^12(4)^4/group.148	1	8	8	method=1	log2H=3.00	image=0	bad=0
Z	carat/tables/qcatalog/dim4/dir.3;1/ordnung.24/(1)^2(2)^2(4)^6/group.134	4	1	1	method=0	log2H=0.00	image=0	bad=0
Z	carat/tables/qcatalog/dim4/dir.4-1/ordnung.1152/(1)^8(2)^8/max.7	1	1	1	method=0	log2H=0.00	image=0	bad=0
Z	carat/tables/qcatalog/dim4/dir.3;1/ordnung.24/(1)^2(2)^2(4)^6/group.134	5	2	2	method=1	log2H=1.00	image=0	bad=0
father: level 1 number of orbits 1 lengths 1
father: level 1 number of orbits 1 lengths 1
father: level 1 number of orbits 1 lengths 1
father: level 1 number of orbits 1 lengths 1
Z	carat/tables/qcatalog/dim4/dir.4-1/ordnung.128/(2)^12(4)^4/group.148	2	8	8	method=1	log2H=3.00	image=0	bad=0
Z	carat/tables/qcatalog/dim4/dir.4-1/ordnung.16/(4)^8/min.45	1	2	4	method=1	log2H=1.00	image=0	bad=0
Z	carat/tables/qcatalog/dim4/dir.4-1/ordnung.16/(4)^8/group.150	1	6	12	method=1	log2H=4.00	image=0	bad=0
father: level 1 number of orbits 1 lengths 1
Z	carat/tables/qcatalog/dim4/dir.3;1/ordnung.96/(1)^4(2)^2(4)^4/group.147	1	8	8	method=1	log2H=3.00	image=0	bad=0
father: level 1 number of orbits 1 lengths 1
Z	carat/tables/qcatalog/dim4/dir.3;1/ordnung.48/(1)^4(2)^2(4)^4/group.142	1	8	8	method=1	log2H=3.58	image=0	bad=0
Z	carat/tables/qcatalog/dim4/dir.3;1/ordnung.48/(1)^2(2)^2(4)^6/group.140	1	12	12	method=1	log2H=4.00	image=0	bad=0
Z	carat/tables/qcatalog/dim4/dir.4-1/ordnung.16/(4)^8/min.45	2	2	4	method=1	log2H=1.00	image=0	bad=0
Z	carat/tables/qcatalog/dim4/dir.3;1/ordnung.24/(1)^4(2)^2(4)^4/group.138	1	6	6	method=1	log2H=3.00	image=0	bad=0
Z	carat/tables/qcatalog/dim4/dir.3;1/ordnung.48/(1)^4(2)^2(4)^4/group.142	2	4	4	method=1	log2H=2.58	image=0	bad=0
Z	carat/tables/qcatalog/dim4/dir.3;1/ordnung.48/(1)^2(2)^2(4)^6/group.140	2	2	2	method=1	log2H=1.00	image=0	bad=0
Z	carat/tables/qcatalog/dim4/dir.4-1/ordnung.16/(4)^8/group.150	2	2	4	method=1	log2H=1.00	image=0	bad=0
Z	carat/tables/qcatalog/dim4/dir.3;1/ordnung.24/(1)^4(2)^2(4)^4/group.138	2	2	2	method=1	log2H=1.00	image=0	bad=0
Z	carat/tables/qcatalog/dim4/dir.3;1/ordnung.48/(1)^2(2)^2(4)^6/group.140	3	4	4	method=1	log2H=2.00	image=0	bad=0
Z	carat/tables/qcatalog/dim4/dir.3;1/ordnung.48/(1)^4(2)^2(4)^4/group.142	3	16	16	method=1	log2H=4.58	image=0	bad=0
Z	carat/tables/qcatalog/dim4/dir.3;1/ordnung.24/(1)^4(2)^2(4)^4/group.138	3	4	4	method=1	log2H=2.00	image=0	bad=0
Z	carat/tables/qcatalog/dim4/dir.3;1/ordnung.96/(1)^4(2)^2(4)^4/group.147	2	4	4	method=1	log2H=2.00	image=0	bad=0
Z	carat/tables/qcatalog/dim4/dir.3;1/ordnung.48/(1)^2(2)^2(4)^6/group.140	4	3	3	method=1	log2H=2.00	image=0	bad=0
Z	carat/tables/qcatalog/dim4/dir.3;1/ordnung.24/(1)^4(2)^2(4)^4/group.138	4	3	3	method=1	log2H=2.00	image=0	bad=0
Z	carat/tables/qcatalog/dim4/dir.3;1/ordnung.48/(1)^4(2)^2(4)^4/group.142	4	4	4	method=1	log2H=2.58	image=0	bad=0
Z	carat/tables/qcatalog/dim4/dir.3;1/ordnung.48/(1)^2(2)^2(4)^6/group.140	5	8	8	method=1	log2H=3.00	image=0	bad=0
Z	carat/tables/qcatalog/dim4/dir.3;1/ordnung.24/(1)^4(2)^2(4)^4/group.138	5	4	4	method=1	log2H=2.00	image=0	bad=0
Z	carat/tables/qcatalog/dim4/dir.3;1/ordnung.96/(1)^4(2)^2(4)^4/group.147	3	32	32	method=1	log2H=5.00	image=0	bad=0
Z	carat/tables/qcatalog/dim4/dir.3;1/ordnung.48/(1)^4(2)^2(4)^4/group.142	5	16	16	method=1	log2H=4.58	image=0	bad=0
father: level 1 number of orbits 1 lengths 1
father: level 1 number of orbits 1 lengths 1
father: level 1 number of orbits 1 lengths 1
Z	carat/tables/qcatalog/dim4/dir.2-2;2-2/ordnung.36/(1)^3(3)^4(9)^1/group.125	1	1	1	method=0	log2H=0.00	image=0	bad=0
father: level 1 number of orbits 1 lengths 1
Z	carat/tables/qcatalog/dim4/dir.2-2;2-2/ordnung.36/(1)^3(3)^4(9)^1/group.125	2	1	1	method=0	log2H=0.00	image=0	bad=0
Z	carat/tables/qcatalog/dim4/dir.3;1/ordnung.48/(1)^4(2)^2(4)^4/group.144	1	4	4	method=1	log2H=2.00	image=0	bad=0
Z	carat/tables/qcatalog/dim4/dir.3;1/ordnung.96/(1)^4(2)^2(4)^4/group.147	4	4	4	method=1	log2H=2.00	image=0	bad=0
Z	carat/tables/qcatalog/dim4/dir.3;1/ordnung.48/(1)^4(2)^2(4)^4/group.144	2	3	3	method=1	log2H=2.00	image=0	bad=0
Z	carat/tables/qcatalog/dim4/dir.2-2;2-2/ordnung.72/(1)^4(3)^4/group.130	1	1	1	method=0	log2H=0.00	image=0	bad=0
Z	carat/tables/qcatalog/dim4/dir.2-2;2-2/ordnung.36/(1)^3(3)^4(9)^1/group.125	3	2	2	method=1	log2H=1.58	image=0	bad=0
Z	carat/tables/qcatalog/dim4/dir.4-1/ordnung.144/(1)^8(6)^8/group.149	1	1	2	method=0	log2H=0.00	image=0	bad=0
Z	carat/tables/qcatalog/dim4/dir.3;1/ordnung.48/(1)^4(2)^2(4)^4/group.144	3	12	12	method=1	log2H=4.00	image=0	bad=0
Z	carat/tables/qcatalog/dim4/dir.3;1/ordnung.48/(1)^4(2)^2(4)^4/group.146	1	16	16	method=1	log2H=4.00	image=0	bad=0
Z	carat/tables/qcatalog/dim4/dir.4-1/ordnung.24/(2)^2(4)^2/group.157	1	2	4	method=1	log2H=2.00	image=0	bad=0
Z	carat/tables/qcatalog/dim4/dir.3;1/ordnung.48/(1)^4(2)^2(4)^4/group.144	4	2	2	method=1	log2H=1.00	image=0	bad=0
Z	carat/tables/qcatalog/dim4/dir.3;1/ordnung.96/(1)^4(2)^2(4)^4/group.147	5	32	32	method=1	log2H=5.00	image=0	bad=0
Z	carat/tables/qcatalog/dim4/dir.4-1/ordnung.192/(1)^2(2)^12(4)^2/group.152	1	2	2	method=1	log2H=1.00	image=0	bad=0
Z	carat/tables/qcatalog/dim4/dir.3;1/ordnung.48/(1)^4(2)^2(4)^4/group.146	2	4	4	method=1	log2H=2.00	image=0	bad=0
Z	carat/tables/qcatalog/dim4/dir.2-2;2-2/ordnung.36/(1)^3(3)^4(9)^1/group.125	4	1	1	method=0	log2H=0.00	image=0	bad=0
Z	carat/tables/qcatalog/dim4/dir.3;1/ordnung.48/(1)^4(2)^2(4)^4/group.144	5	8	8	method=1	log2H=3.00	image=0	bad=0
Z	carat/tables/qcatalog/dim4/dir.3;1/ordnung.48/(1)^4(2)^2(4)^4/group.146	3	8	8	method=1	log2H=3.00	image=0	bad=0
Z	carat/tables/qcatalog/dim4/dir.3;1/ordnung.48/(1)^4(2)^2(4)^4/group.146	4	4	4	method=1	log2H=2.00	image=0	bad=0
Z	carat/tables/qcatalog/dim4/dir.4-1/ordnung.192/(2)^16/group.155	1	2	4	method=1	log2H=1.00	image=0	bad=0
Z	carat/tables/qcatalog/dim4/dir.3;1/ordnung.48/(1)^4(2)^2(4)^4/group.146	5	16	16	method=1	log2H=4.00	image=0	bad=0
Z	carat/tables/qcatalog/dim4/dir.4-1/ordnung.192/(1)^2(2)^12(4)^2/group.152	2	2	2	method=1	log2H=1.00	image=0	bad=0
Z	carat/tables/qcatalog/dim4/dir.2-2;2-2/ordnung.36/(1)^3(3)^4(9)^1/group.125	5	2	2	method=1	log2H=1.58	image=0	bad=0
Z	carat/tables/qcatalog/dim4/dir.4-1'/ordnung.16/(4)^8/group.180	1	2	4	method=1	log2H=1.00	image=0	bad=0
Z	carat/tables/qcatalog/dim4/dir.4-1/ordnung.24/(2)^4(6)^4/group.158	1	1	2	method=0	log2H=0.00	image=0	bad=0
Z	carat/tables/qcatalog/dim4/dir.4-1/ordnung.192/(1)^2(2)^12(4)^2/group.152	3	1	1	method=0	log2H=0.00	image=0	bad=0
Z	carat/tables/qcatalog/dim4/dir.4-1/ordnung.32/(4)^16/group.162	1	4	4	method=1	log2H=2.00	image=0	bad=0
Z	carat/tables/qcatalog/dim4/dir.4-1/ordnung.32/(4)^16/group.162	2	3	3	method=1	log2H=2.00	image=0	bad=0
Z	carat/tables/qcatalog/dim4/dir.4-1/ordnung.192/(1)^4(2)^10(4)^2/group.153	1	2	2	method=1	log2H=2.00	image=0	bad=0
Z	carat/tables/qcatalog/dim4/dir.4-1/ordnung.24/(2)^4(6)^4/min.46	1	1	2	method=0	log2H=0.00	image=0	bad=0
Z	carat/tables/qcatalog/dim4/dir.4-1/ordnung.192/(1)^4(2)^10(4)^2/group.153	2	2	2	method=1	log2H=2.00	image=0	bad=0
Z	carat/tables/qcatalog/dim4/dir.4-1/ordnung.576/(1)^6(2)^8(4)^2/group.169	1	1	1	method=0	log2H=0.00	image=0	bad=0
Z	carat/tables/qcatalog/dim4/dir.4-1/ordnung.48/(2)^4(4)^4/group.167	1	2	4	method=1	log2H=1.00	image=0	bad=0
Z	carat/tables/qcatalog/dim4/dir.4-1/ordnung.192/(1)^4(2)^10(4)^2/group.153	3	2	2	method=1	log2H=1.00	image=0	bad=0
Z	carat/tables/qcatalog/dim4/dir.4-1/ordnung.288/(1)^4(2)^8(4)^4/group.159	1	1	1	method=0	log2H=0.00	image=0	bad=0
Z	carat/tables/qcatalog/dim4/dir.4-1/ordnung.32/(2)^4(4)^4/group.160	1	4	8	method=1	log2H=2.00	image=0	bad=0
Z	carat/tables/qcatalog/dim4/dir.4-1/ordnung.576/(1)^6(2)^8(4)^2/group.169	2	1	1	method=0	log2H=0.00	image=0	bad=0
Z	carat/tables/qcatalog/dim4/dir.4-1/ordnung.16/(4)^8/group.151	1	2	4	method=1	log2H=1.00	image=0	bad=0
Z	carat/tables/qcatalog/dim4/dir.4-1/ordnung.16/(4)^8/group.151	2	2	4	method=1	log2H=1.00	image=0	bad=0
Z	carat/tables/qcatalog/dim4/dir.4-1/ordnung.32/(4)^16/group.163	1	4	8	method=1	log2H=2.00	image=0	bad=0
Z	carat/tables/qcatalog/dim4/dir.4-1/ordnung.32/(2)^4(4)^4/group.160	2	2	4	method=1	log2H=1.00	image=0	bad=0
Z	carat/tables/qcatalog/dim4/dir.4-1/ordnung.72/(1)^4(6)^4/group.175	1	1	2	method=0	log2H=0.00	image=0	bad=0
Z	carat/tables/qcatalog/dim4/dir.4-1/ordnung.32/(4)^16/group.163	2	3	6	method=1	log2H=2.00	image=0	bad=0
Z	carat/tables/qcatalog/dim4/dir.4-1/ordnung.64/(2)^8(4)^8/group.171	1	5	5	method=1	log2H=4.00	image=0	bad=0
Z	carat/tables/qcatalog/dim4/dir.4-1/ordnung.192/(1)^4(2)^12/group.154	1	2	2	method=1	log2H=1.00	image=0	bad=0
Z	carat/tables/qcatalog/dim4/dir.4-1/ordnung.64/(2)^8(4)^8/group.171	2	4	4	method=1	log2H=2.00	image=0	bad=0
Z	carat/tables/qcatalog/dim4/dir.4-1/ordnung.24/(1)^2(2)^2(6)^4/group.156	1	1	2	method=0	log2H=0.00	image=0	bad=0
Z	carat/tables/qcatalog/dim4/dir.4-1/ordnung.8/(4)^4/min.48	1	2	4	method=1	log2H=2.00	image=0	bad=0
Z	carat/tables/qcatalog/dim4/dir.4-1/ordnung.96/(2)^8(4)^8/group.179	1	2	4	method=1	log2H=1.00	image=0	bad=0
Z	carat/tables/qcatalog/dim4/dir.4-1/ordnung.8/(4)^4/min.48	2	1	2	method=0	log2H=0.00	image=0	bad=0
Z	carat/tables/qcatalog/dim4/dir.4-1/ordnung.32/(4)^16/group.161	1	7	9	method=1	log2H=6.00	image=0	bad=0
Z	carat/tables/qcatalog/dim4/dir.4-1/ordnung.24/(1)^2(2)^2(6)^4/group.156	2	1	2	method=0	log2H=0.00	image=0	bad=0
Z	carat/tables/qcatalog/dim4/dir.4-1/ordnung.32/(4)^16/min.47	1	6	6	method=1	log2H=3.00	image=0	bad=0
Z	carat/tables/qcatalog/dim4/dir.4-1/ordnung.64/(2)^8(4)^8/group.171	3	10	10	method=1	log2H=5.00	image=0	bad=0
Z	carat/tables/qcatalog/dim4/dir.4-1/ordnung.32/(4)^16/min.47	2	3	3	method=1	log2H=2.00	image=0	bad=0
Z	carat/tables/qcatalog/dim4/dir.4-1/ordnung.32/(4)^16/group.161	2	2	2	method=1	log2H=2.00	image=0	bad=0
Z	carat/tables/qcatalog/dim4/dir.4-1/ordnung.24/(1)^2(2)^2(6)^4/group.156	3	1	2	method=0	log2H=0.00	image=0	bad=0
Z	carat/tables/qcatalog/dim4/dir.4-2'/ordnung.12/(2)^2(6)^2/min.54	1	1	2	method=0	log2H=0.00	image=0	bad=0
Z	carat/tables/qcatalog/dim4/dir.4-1/ordnung.64/(2)^8(4)^8/group.171	4	4	4	method=1	log2H=3.00	image=0	bad=0
Z	carat/tables/qcatalog/dim4/dir.4-2/ordnung.12/(2)^2(6)^2/min.50	1	1	2	method=0	log2H=0.00	image=0	bad=0
Z	carat/tables/qcatalog/dim4/dir.4-1/ordnung.32/(4)^16/min.47	3	6	6	method=1	log2H=3.00	image=0	bad=0
Z	carat/tables/qcatalog/dim4/dir.4-1/ordnung.192/(1)^4(2)^12/group.154	2	2	2	method=1	log2H=1.00	image=0	bad=0
Z	carat/tables/qcatalog/dim4/dir.4-1/ordnung.48/(2)^8(6)^8/group.168	1	1	2	method=0	log2H=0.00	image=0	bad=0
Z	carat/tables/qcatalog/dim4/dir.4-1/ordnung.96/(1)^2(2)^10(4)^4/group.176	1	2	2	method=1	log2H=2.00	image=0	bad=0
Z	carat/tables/qcatalog/dim4/dir.4-1/ordnung.32/(4)^16/min.47	4	3	3	method=1	log2H=2.00	image=0	bad=0
Z	carat/tables/qcatalog/dim4/dir.4-1/ordnung.64/(2)^8(4)^8/group.173	1	6	6	method=1	log2H=3.00	image=0	bad=0
Z	carat/tables/qcatalog/dim4/dir.4-1/ordnung.32/(4)^16/min.47	5	2	2	method=1	log2H=1.00	image=0	bad=0
Z	carat/tables/qcatalog/dim4/dir.4-1/ordnung.96/(2)^8/group.177	1	2	4	method=1	log2H=1.00	image=0	bad=0
Z	carat/tables/qcatalog/dim4/dir.4-1/ordnung.64/(2)^8(4)^8/group.173	2	6	6	method=1	log2H=3.00	image=0	bad=0
Z	carat/tables/qcatalog/dim4/dir.4-1/ordnung.192/(1)^4(2)^12/group.154	3	1	1	method=0	log2H=0.00	image=0	bad=0
Z	carat/tables/qcatalog/dim4/dir.4-1/ordnung.96/(1)^2(2)^10(4)^4/group.176	2	1	1	method=0	log2H=0.00	image=0	bad=0
Z	carat/tables/qcatalog/dim4/dir.4-2/ordnung.144/(1)^6(3)^8(9)^2/group.181	1	1	1	method=0	log2H=0.00	image=0	bad=0
Z	carat/tables/qcatalog/dim4/dir.4-2'/ordnung.24/(2)^4(6)^4/group.198	1	1	2	method=0	log2H=0.00	image=0	bad=0
Z	carat/tables/qcatalog/dim4/dir.4-1/ordnung.576/(1)^8(2)^8/group.170	1	1	1	method=0	log2H=0.00	image=0	bad=0
Z	carat/tables/qcatalog/dim4/dir.4-1/ordnung.64/(2)^8(4)^8/group.173	3	4	4	method=1	log2H=2.00	image=0	bad=0
Z	carat/tables/qcatalog/dim4/dir.4-2/ordnung.144/(1)^6(3)^8(9)^2/group.181	2	1	1	method=0	log2H=0.00	image=0	bad=0
Z	carat/tables/qcatalog/dim4/dir.4-1/ordnung.64/(2)^8(4)^8/group.173	4	4	4	method=1	log2H=2.00	image=0	bad=0
Z	carat/tables/qcatalog/dim4/dir.4-1/ordnung.96/(1)^2(2)^10(4)^4/group.176	3	1	1	method=0	log2H=0.00	image=0	bad=0
Z	carat/tables/qcatalog/dim4/dir.4-2/ordnung.144/(1)^8(3)^8/group.184	1	1	1	method=0	log2H=0.00	image=0	bad=0
Z	carat/tables/qcatalog/dim4/dir.4-2/ordnung.24/(2)^4(6)^4/min.52	1	1	2	method=0	log2H=0.00	image=0	bad=0
Z	carat/tables/qcatalog/dim4/dir.4-2/ordnung.36/(1)^2(3)^4(9)^2/group.187	1	1	2	method=0	log2H=0.00	image=0	bad=0
Z	carat/tables/qcatalog/dim4/dir.4-1/ordnung.64/(2)^8(4)^8/group.172	1	6	8	method=1	log2H=3.00	image=0	bad=0
Z	carat/tables/qcatalog/dim4/dir.4-1/ordnung.96/(2)^8(4)^8/group.178	1	2	4	method=1	log2H=2.00	image=0	bad=0
Z	carat/tables/qcatalog/dim4/dir.4-1/ordnung.64/(2)^8(4)^8/group.172	2	4	4	method=1	log2H=2.00	image=0	bad=0
Z	carat/tables/qcatalog/dim4/dir.4-2/ordnung.144/(1)^6(3)^8(9)^2/group.182	1	1	1	method=0	log2H=0.00	image=0	bad=0
Z	carat/tables/qcatalog/dim4/dir.4-1/ordnung.64/(2)^8(4)^8/group.174	1	4	4	method=1	log2H=2.00	image=0	bad=0
Z	carat/tables/qcatalog/dim4/dir.4-1/ordnung.48/(1)^4(2)^4(6)^8/group.165	1	1	2	method=0	log2H=0.00	image=0	bad=0
Z	carat/tables/qcatalog/dim4/dir.4-1/ordnung.64/(2)^8(4)^8/group.174	2	4	4	method=1	log2H=2.00	image=0	bad=0
Z	carat/tables/qcatalog/dim4/dir.4-1/ordnung.48/(1)^4(2)^4(6)^8/group.165	2	1	2	method=0	log2H=0.00	image=0	bad=0
Z	carat/tables/qcatalog/dim4/dir.4-2/ordnung.288/(1)^8(3)^8/max.8	1	1	1	method=0	log2H=0.00	image=0	bad=0
Z	carat/tables/qcatalog/dim4/dir.4-2/ordnung.36/(1)^2(3)^4(9)^2/group.188	1	1	2	method=0	log2H=0.00	image=0	bad=0
Z	carat/tables/qcatalog/dim4/dir.4-1/ordnung.48/(1)^4(2)^4(6)^8/group.165	3	2	4	method=1	log2H=1.00	image=0	bad=0
Z	carat/tables/qcatalog/dim4/dir.4-2/ordnung.36/(1)^2(3)^4(9)^2/group.188	2	1	2	method=0	log2H=0.00	image=0	bad=0
Z	carat/tables/qcatalog/dim4/dir.4-2/ordnung.18/(1)^2(3)^4(9)^2/min.51	1	2	4	method=1	log2H=1.58	image=0	bad=0
Z	carat/tables/qcatalog/dim4/dir.4-2/ordnung.144/(1)^6(3)^8(9)^2/group.182	2	1	1	method=0	log2H=0.00	image=0	bad=0
Z	carat/tables/qcatalog/dim4/dir.4-2/ordnung.18/(1)^2(3)^4(9)^2/min.51	2	2	4	method=1	log2H=1.58	image=0	bad=0
Z	carat/tables/qcatalog/dim4/dir.4-2/ordnung.24/(2)^4(6)^4/group.185	1	1	2	method=0	log2H=0.00	image=0	bad=0
Z	carat/tables/qcatalog/dim4/dir.4-2/ordnung.18/(1)^2(3)^4(9)^2/min.51	3	1	2	method=0	log2H=0.00	image=0	bad=0
Z	carat/tables/qcatalog/dim4/dir.4-2/ordnung.24/(2)^4(6)^4/group.185	2	1	2	method=0	log2H=0.00	image=0	bad=0
Z	carat/tables/qcatalog/dim4/dir.4-3'/ordnung.10/(1)^1(5)^3/group.203	1	1	1	method=0	log2H=0.00	image=0	bad=0
Z	carat/tables/qcatalog/dim4/dir.4-2/ordnung.144/(1)^6(3)^8(9)^2/group.182	3	1	1	method=0	log2H=0.00	image=0	bad=0
Z	carat/tables/qcatalog/dim4/dir.4-1/ordnung.48/(2)^4(4)^4/group.166	1	3	6	method=1	log2H=2.00	image=0	bad=0
Z	carat/tables/qcatalog/dim4/dir.4-2/ordnung.48/(2)^8(6)^8/group.190	1	1	2	method=0	log2H=0.00	image=0	bad=0
Z	carat/tables/qcatalog/dim4/dir.4-2/ordnung.36/(1)^4(3)^8(9)^4/group.189	1	1	1	method=0	log2H=0.00	image=0	bad=0
Z	carat/tables/qcatalog/dim4/dir.4-1/ordnung.384/(1)^4(2)^12/group.164	1	2	2	method=1	log2H=1.00	image=0	bad=0
Z	carat/tables/qcatalog/dim4/dir.4-2/ordnung.24/(2)^4(6)^4/group.186	1	1	2	method=0	log2H=0.00	image=0	bad=0
Z	carat/tables/qcatalog/dim4/dir.4-2/ordnung.72/(1)^4(3)^8(9)^4/group.192	1	1	1	method=0	log2H=0.00	image=0	bad=0
Z	carat/tables/qcatalog/dim4/dir.4-3/ordnung.120/(1)^10(5)^6/group.199	1	1	1	method=0	log2H=0.00	image=0	bad=0
Z	carat/tables/qcatalog/dim4/dir.4-2/ordnung.72/(1)^6(3)^8(9)^2/group.196	1	1	1	method=0	log2H=0.00	image=0	bad=0
Z	carat/tables/qcatalog/dim4/dir.4-2/ordnung.72/(1)^4(3)^8(9)^4/group.192	2	1	1	method=0	log2H=0.00	image=0	bad=0
Z	carat/tables/qcatalog/dim4/dir.4-2/ordnung.144/(1)^8(3)^8/group.183	1	1	1	method=0	log2H=0.00	image=0	bad=0
Z	carat/tables/qcatalog/dim4/dir.4-2/ordnung.72/(1)^6(3)^8(9)^2/group.196	2	1	1	method=0	log2H=0.00	image=0	bad=0
Z	carat/tables/qcatalog/dim4/dir.4-2/ordnung.72/(1)^4(3)^4/group.191	1	1	2	method=0	log2H=0.00	image=0	bad=0
Z	carat/tables/qcatalog/dim4/dir.4-2/ordnung.36/(1)^4(3)^8(9)^4/group.189	2	1	2	method=0	log2H=0.00	image=0	bad=0
Z	carat/tables/qcatalog/dim4/dir.4-3'/ordnung.20/(1)^2(5)^6/group.205	1	1	1	method=0	log2H=0.00	image=0	bad=0
Z	carat/tables/qcatalog/dim4/dir.4-2/ordnung.72/(1)^4(3)^8(9)^4/group.192	3	1	1	method=0	log2H=0.00	image=0	bad=0
Z	carat/tables/qcatalog/dim4/dir.4-3/ordnung.120/(1)^10(5)^6/group.199	2	1	1	method=0	log2H=0.00	image=0	bad=0
Z	carat/tables/qcatalog/dim4/dir.4-2/ordnung.72/(1)^4(3)^8(9)^4/group.194	1	1	1	method=0	log2H=0.00	image=0	bad=0
Z	carat/tables/qcatalog/dim4/dir.4-2/ordnung.72/(1)^6(3)^8(9)^2/group.196	3	1	1	method=0	log2H=0.00	image=0	bad=0
Z	carat/tables/qcatalog/dim4/dir.4-2/ordnung.36/(1)^4(3)^8(9)^4/group.189	3	2	2	method=1	log2H=1.58	image=0	bad=0
Z	carat/tables/qcatalog/dim4/dir.4-3'/ordnung.10/(1)^2(5)^6/group.204	1	1	1	method=0	log2H=0.00	image=0	bad=0
Z	carat/tables/qcatalog/dim4/dir.4-2/ordnung.72/(1)^6(3)^8(9)^2/group.196	4	1	1	method=0	log2H=0.00	image=0	bad=0
Z	carat/tables/qcatalog/dim4/dir.4-3'/ordnung.10/(1)^2(5)^6/group.204	2	1	1	method=0	log2H=0.00	image=0	bad=0
Z	carat/tables/qcatalog/dim4/dir.4-2/ordnung.72/(1)^4(3)^8(9)^4/group.194	2	1	1	method=0	log2H=0.00	image=0	bad=0
Z	carat/tables/qcatalog/dim4/dir.4-3'/ordnung.5/(1)^1(5)^3/min.57	1	1	1	method=0	log2H=0.00	image=0	bad=0
Z	carat/tables/qcatalog/dim4/dir.4-3/ordnung.120/(1)^10(5)^6/group.201	1	1	1	method=0	log2H=0.00	image=0	bad=0
Z	carat/tables/qcatalog/dim4/dir.4-2/ordnung.72/(1)^4(3)^8(9)^4/group.193	1	1	1	method=0	log2H=0.00	image=0	bad=0
Z	carat/tables/qcatalog/dim4/dir.4-2/ordnung.36/(1)^4(3)^8(9)^4/group.189	4	2	2	method=1	log2H=1.58	image=0	bad=0
Z	carat/tables/qcatalog/dim4/dir.4-3/ordnung.120/(1)^10(5)^6/group.201	2	1	1	method=0	log2H=0.00	image=0	bad=0
Z	carat/tables/qcatalog/dim4/dir.4-3/ordnung.60/(1)^10(5)^6/min.56	1	2	2	method=1	log2H=1.58	image=0	bad=0
Z	carat/tables/qcatalog/dim4/dir.4-3/ordnung.240/(1)^10(5)^6/max.9	1	1	1	method=0	log2H=0.00	image=0	bad=0
Z	carat/tables/qcatalog/dim4/dir.4-1/ordnung.384/(1)^4(2)^12/group.164	2	2	2	method=1	log2H=1.00	image=0	bad=0
Z	carat/tables/qcatalog/dim4/dir.4-3/ordnung.120/(1)^10(5)^6/group.200	1	2	2	method=1	log2H=1.58	image=0	bad=0
Z	carat/tables/qcatalog/dim4/dir.4-3/ordnung.60/(1)^10(5)^6/min.56	2	2	2	method=1	log2H=1.58	image=0	bad=0
Z	carat/tables/qcatalog/dim4/dir.4-2/ordnung.36/(1)^4(3)^8(9)^4/group.189	5	1	1	method=0	log2H=0.00	image=0	bad=0
Z	carat/tables/qcatalog/dim4/dir.4-2/ordnung.72/(1)^4(3)^8(9)^4/group.195	1	1	2	method=0	log2H=0.00	image=0	bad=0
Z	carat/tables/qcatalog/dim4/dir.4-3/ordnung.240/(1)^10(5)^6/max.9	2	1	1	method=0	log2H=0.00	image=0	bad=0
Z	carat/tables/qcatalog/dim4/dir.4-3/ordnung.120/(1)^10(5)^6/group.200	2	2	2	method=1	log2H=1.58	image=0	bad=0
Z	carat/tables/qcatalog/dim4/dir.4-2/ordnung.72/(1)^6(3)^8(9)^2/group.197	1	1	1	method=0	log2H=0.00	image=0	bad=0
Z	carat/tables/qcatalog/dim4/dir.4-1/ordnung.384/(1)^4(2)^12/group.164	3	4	4	method=1	log2H=2.00	image=0	bad=0
Z	carat/tables/qcatalog/dim4/dir.4-2/ordnung.72/(1)^6(3)^8(9)^2/group.197	2	2	2	method=1	log2H=1.58	image=0	bad=0
Z	carat/tables/qcatalog/dim4/dir.4-2/ordnung.72/(1)^6(3)^8(9)^2/group.197	3	2	2	method=1	log2H=1.58	image=0	bad=0
Z	carat/tables/qcatalog/dim4/dir.4-3/ordnung.40/(1)^4(5)^12/group.202	1	1	1	method=0	log2H=0.00	image=0	bad=0
Z	carat/tables/qcatalog/dim4/dir.4-3/ordnung.40/(1)^4(5)^12/group.202	2	1	1	method=0	log2H=0.00	image=0	bad=0
Z	carat/tables/qcatalog/dim4/dir.4-2/ordnung.72/(1)^6(3)^8(9)^2/group.197	4	1	1	method=0	log2H=0.00	image=0	bad=0
Z	carat/tables/qcatalog/dim4/dir.4-2/ordnung.36/(1)^4(3)^8(9)^4/min.53	1	1	1	method=0	log2H=0.00	image=0	bad=0
Z	carat/tables/qcatalog/dim4/dir.4-2/ordnung.36/(1)^4(3)^8(9)^4/min.53	2	2	2	method=1	log2H=1.58	image=0	bad=0
Z	carat/tables/qcatalog/dim4/dir.4-2/ordnung.36/(1)^4(3)^8(9)^4/min.53	3	1	1	method=0	log2H=0.00	image=0	bad=0
Z	carat/tables/qcatalog/dim4/dir.4-3/ordnung.20/(1)^4(5)^12/min.55	1	1	1	method=0	log2H=0.00	image=0	bad=0
Z	carat/tables/qcatalog/dim4/dir.4-2/ordnung.36/(1)^4(3)^8(9)^4/min.53	4	2	2	method=1	log2H=1.58	image=0	bad=0
Z	carat/tables/qcatalog/dim4/dir.4-3/ordnung.20/(1)^4(5)^12/min.55	2	1	1	method=0	log2H=0.00	image=0	bad=0
Z	carat/tables/qcatalog/dim4/dir.4-3/ordnung.20/(1)^4(5)^12/min.55	3	1	1	method=0	log2H=0.00	image=0	bad=0
Z	carat/tables/qcatalog/dim4/dir.4-3/ordnung.20/(1)^4(5)^12/min.55	4	1	1	method=0	log2H=0.00	image=0	bad=0
