
n =      100
  gmp              = 2.033e-06 sec
  ntt ( 1 threads) = 3.469e-05 sec
  ntt ( 2 threads) = 8.358e-05 sec
  ntt ( 3 threads) = 7.368e-05 sec
  ntt ( 4 threads) = 7.270e-05 sec
  ntt ( 5 threads) = 7.434e-05 sec
  ntt ( 6 threads) = 7.323e-05 sec
  ntt ( 7 threads) = 7.845e-05 sec
  ntt ( 8 threads) = 8.123e-05 sec
  ntt ( 9 threads) = 7.974e-05 sec
  ntt (10 threads) = 8.259e-05 sec
  ntt (11 threads) = 9.065e-05 sec
  ntt (12 threads) = 1.079e-04 sec
  ntt (13 threads) = 9.585e-05 sec
  ntt (14 threads) = 9.353e-05 sec
  ntt (15 threads) = 1.102e-04 sec
  ntt (16 threads) = 1.255e-04 sec
  ntt (17 threads) = 1.285e-04 sec
  ntt (18 threads) = 1.273e-04 sec
  ntt (19 threads) = 1.336e-04 sec
  ntt (20 threads) = 1.667e-04 sec

n =      162
  gmp              = 4.372e-06 sec
  ntt ( 1 threads) = 4.508e-05 sec
  ntt ( 2 threads) = 8.716e-05 sec
  ntt ( 3 threads) = 7.436e-05 sec
  ntt ( 4 threads) = 7.097e-05 sec
  ntt ( 5 threads) = 6.768e-05 sec
  ntt ( 6 threads) = 7.094e-05 sec
  ntt ( 7 threads) = 7.272e-05 sec
  ntt ( 8 threads) = 7.348e-05 sec
  ntt ( 9 threads) = 7.316e-05 sec
  ntt (10 threads) = 7.731e-05 sec
  ntt (11 threads) = 7.840e-05 sec
  ntt (12 threads) = 8.491e-05 sec
  ntt (13 threads) = 8.835e-05 sec
  ntt (14 threads) = 9.365e-05 sec
  ntt (15 threads) = 9.920e-05 sec
  ntt (16 threads) = 1.155e-04 sec
  ntt (17 threads) = 1.104e-04 sec
  ntt (18 threads) = 1.089e-04 sec
  ntt (19 threads) = 1.291e-04 sec
  ntt (20 threads) = 1.286e-04 sec

n =      263
  gmp              = 9.299e-06 sec
  ntt ( 1 threads) = 4.763e-05 sec
  ntt ( 2 threads) = 9.100e-05 sec
  ntt ( 3 threads) = 8.049e-05 sec
  ntt ( 4 threads) = 8.218e-05 sec
  ntt ( 5 threads) = 8.828e-05 sec
  ntt ( 6 threads) = 8.650e-05 sec
  ntt ( 7 threads) = 8.673e-05 sec
  ntt ( 8 threads) = 8.723e-05 sec
  ntt ( 9 threads) = 8.922e-05 sec
  ntt (10 threads) = 9.197e-05 sec
  ntt (11 threads) = 9.437e-05 sec
  ntt (12 threads) = 9.824e-05 sec
  ntt (13 threads) = 9.382e-05 sec
  ntt (14 threads) = 1.107e-04 sec
  ntt (15 threads) = 1.086e-04 sec
  ntt (16 threads) = 1.113e-04 sec
  ntt (17 threads) = 1.258e-04 sec
  ntt (18 threads) = 1.277e-04 sec
  ntt (19 threads) = 1.346e-04 sec
  ntt (20 threads) = 1.409e-04 sec

n =      426
  gmp              = 1.825e-05 sec
  ntt ( 1 threads) = 8.254e-05 sec
  ntt ( 2 threads) = 8.928e-05 sec
  ntt ( 3 threads) = 1.282e-04 sec
  ntt ( 4 threads) = 1.289e-04 sec
  ntt ( 5 threads) = 1.275e-04 sec
  ntt ( 6 threads) = 1.272e-04 sec
  ntt ( 7 threads) = 1.263e-04 sec
  ntt ( 8 threads) = 1.279e-04 sec
  ntt ( 9 threads) = 1.317e-04 sec
  ntt (10 threads) = 1.422e-04 sec
  ntt (11 threads) = 1.524e-04 sec
  ntt (12 threads) = 1.429e-04 sec
  ntt (13 threads) = 1.518e-04 sec
  ntt (14 threads) = 1.648e-04 sec
  ntt (15 threads) = 1.683e-04 sec
  ntt (16 threads) = 1.819e-04 sec
  ntt (17 threads) = 1.731e-04 sec
  ntt (18 threads) = 1.961e-04 sec
  ntt (19 threads) = 1.819e-04 sec
  ntt (20 threads) = 2.073e-04 sec

n =      690
  gmp              = 3.566e-05 sec
  ntt ( 1 threads) = 1.154e-04 sec
  ntt ( 2 threads) = 1.771e-04 sec
  ntt ( 3 threads) = 1.390e-04 sec
  ntt ( 4 threads) = 1.310e-04 sec
  ntt ( 5 threads) = 1.266e-04 sec
  ntt ( 6 threads) = 1.264e-04 sec
  ntt ( 7 threads) = 1.281e-04 sec
  ntt ( 8 threads) = 1.274e-04 sec
  ntt ( 9 threads) = 1.364e-04 sec
  ntt (10 threads) = 1.421e-04 sec
  ntt (11 threads) = 1.497e-04 sec
  ntt (12 threads) = 1.539e-04 sec
  ntt (13 threads) = 1.564e-04 sec
  ntt (14 threads) = 1.629e-04 sec
  ntt (15 threads) = 1.690e-04 sec
  ntt (16 threads) = 1.799e-04 sec
  ntt (17 threads) = 1.933e-04 sec
  ntt (18 threads) = 2.103e-04 sec
  ntt (19 threads) = 1.872e-04 sec
  ntt (20 threads) = 2.089e-04 sec

n =     1117
  gmp              = 7.070e-05 sec
  ntt ( 1 threads) = 2.008e-04 sec
  ntt ( 2 threads) = 2.835e-04 sec
  ntt ( 3 threads) = 2.242e-04 sec
  ntt ( 4 threads) = 2.065e-04 sec
  ntt ( 5 threads) = 2.010e-04 sec
  ntt ( 6 threads) = 1.957e-04 sec
  ntt ( 7 threads) = 1.977e-04 sec
  ntt ( 8 threads) = 2.016e-04 sec
  ntt ( 9 threads) = 2.216e-04 sec
  ntt (10 threads) = 2.252e-04 sec
  ntt (11 threads) = 2.317e-04 sec
  ntt (12 threads) = 2.310e-04 sec
  ntt (13 threads) = 2.568e-04 sec
  ntt (14 threads) = 2.621e-04 sec
  ntt (15 threads) = 2.522e-04 sec
  ntt (16 threads) = 2.891e-04 sec
  ntt (17 threads) = 3.029e-04 sec
  ntt (18 threads) = 4.299e-04 sec
  ntt (19 threads) = 3.240e-04 sec
  ntt (20 threads) = 3.703e-04 sec

n =     1808
  gmp              = 1.390e-04 sec
  ntt ( 1 threads) = 2.592e-04 sec
  ntt ( 2 threads) = 3.403e-04 sec
  ntt ( 3 threads) = 2.572e-04 sec
  ntt ( 4 threads) = 2.452e-04 sec
  ntt ( 5 threads) = 2.569e-04 sec
  ntt ( 6 threads) = 2.611e-04 sec
  ntt ( 7 threads) = 2.692e-04 sec
  ntt ( 8 threads) = 2.842e-04 sec
  ntt ( 9 threads) = 2.832e-04 sec
  ntt (10 threads) = 2.903e-04 sec
  ntt (11 threads) = 3.072e-04 sec
  ntt (12 threads) = 3.222e-04 sec
  ntt (13 threads) = 3.383e-04 sec
  ntt (14 threads) = 3.408e-04 sec
  ntt (15 threads) = 3.582e-04 sec
  ntt (16 threads) = 3.560e-04 sec
  ntt (17 threads) = 3.854e-04 sec
  ntt (18 threads) = 3.732e-04 sec
  ntt (19 threads) = 4.088e-04 sec
  ntt (20 threads) = 4.177e-04 sec

n =     2926
  gmp              = 2.603e-04 sec
  ntt ( 1 threads) = 4.401e-04 sec
  ntt ( 2 threads) = 3.355e-04 sec
  ntt ( 3 threads) = 2.712e-04 sec
  ntt ( 4 threads) = 2.575e-04 sec
  ntt ( 5 threads) = 3.406e-04 sec
  ntt ( 6 threads) = 3.459e-04 sec
  ntt ( 7 threads) = 3.634e-04 sec
  ntt ( 8 threads) = 4.049e-04 sec
  ntt ( 9 threads) = 4.241e-04 sec
  ntt (10 threads) = 4.443e-04 sec
  ntt (11 threads) = 5.107e-04 sec
  ntt (12 threads) = 5.617e-04 sec
  ntt (13 threads) = 5.699e-04 sec
  ntt (14 threads) = 5.878e-04 sec
  ntt (15 threads) = 6.099e-04 sec
  ntt (16 threads) = 6.099e-04 sec
  ntt (17 threads) = 6.383e-04 sec
  ntt (18 threads) = 6.267e-04 sec
  ntt (19 threads) = 6.365e-04 sec
  ntt (20 threads) = 7.038e-04 sec

n =     4735
  gmp              = 4.378e-04 sec
  ntt ( 1 threads) = 7.036e-04 sec
  ntt ( 2 threads) = 7.712e-04 sec
  ntt ( 3 threads) = 5.932e-04 sec
  ntt ( 5 threads) = 5.186e-04 sec
  ntt ( 6 threads) = 5.364e-04 sec
  ntt ( 7 threads) = 5.838e-04 sec
  ntt ( 8 threads) = 5.953e-04 sec
  ntt ( 9 threads) = 6.051e-04 sec
  ntt (10 threads) = 6.259e-04 sec
  ntt (11 threads) = 6.793e-04 sec
  ntt (12 threads) = 9.038e-04 sec
  ntt (13 threads) = 8.478e-04 sec
  ntt (14 threads) = 8.165e-04 sec
  ntt (15 threads) = 8.424e-04 sec
  ntt (16 threads) = 8.277e-04 sec
  ntt (17 threads) = 8.760e-04 sec
  ntt (18 threads) = 9.090e-04 sec
  ntt (19 threads) = 9.880e-04 sec
  ntt (20 threads) = 1.009e-03 sec

n =     7662
  gmp              = 7.093e-04 sec
  ntt ( 1 threads) = 1.135e-03 sec
  ntt ( 2 threads) = 1.143e-03 sec
  ntt ( 3 threads) = 9.033e-04 sec
  ntt ( 5 threads) = 8.084e-04 sec
  ntt ( 6 threads) = 8.485e-04 sec
  ntt ( 7 threads) = 9.521e-04 sec
  ntt ( 8 threads) = 1.009e-03 sec
  ntt ( 9 threads) = 9.900e-04 sec
  ntt (10 threads) = 1.031e-03 sec
  ntt (11 threads) = 1.182e-03 sec
  ntt (12 threads) = 1.387e-03 sec
  ntt (13 threads) = 1.584e-03 sec
  ntt (14 threads) = 1.683e-03 sec
  ntt (15 threads) = 1.636e-03 sec
  ntt (16 threads) = 1.961e-03 sec
  ntt (17 threads) = 2.119e-03 sec
  ntt (18 threads) = 2.166e-03 sec
  ntt (19 threads) = 2.163e-03 sec
  ntt (20 threads) = 2.209e-03 sec

n =    12398
  gmp              = 1.409e-03 sec
  ntt ( 1 threads) = 1.789e-03 sec
  ntt ( 2 threads) = 1.180e-03 sec
  ntt ( 3 threads) = 1.377e-03 sec
  ntt ( 5 threads) = 1.350e-03 sec
  ntt ( 6 threads) = 1.427e-03 sec
  ntt ( 7 threads) = 1.538e-03 sec
  ntt ( 8 threads) = 1.734e-03 sec
  ntt ( 9 threads) = 1.764e-03 sec
  ntt (10 threads) = 1.877e-03 sec
  ntt (11 threads) = 2.065e-03 sec
  ntt (12 threads) = 2.256e-03 sec
  ntt (13 threads) = 2.488e-03 sec
  ntt (14 threads) = 2.563e-03 sec
  ntt (15 threads) = 2.833e-03 sec
  ntt (16 threads) = 3.614e-03 sec
  ntt (17 threads) = 3.962e-03 sec
  ntt (18 threads) = 4.117e-03 sec
  ntt (19 threads) = 4.450e-03 sec
  ntt (20 threads) = 4.312e-03 sec

n =    20060
  gmp              = 2.267e-03 sec
  ntt ( 1 threads) = 3.002e-03 sec
  ntt ( 6 threads) = 2.533e-03 sec
  ntt ( 7 threads) = 2.438e-03 sec
  ntt ( 8 threads) = 3.151e-03 sec
  ntt ( 9 threads) = 3.383e-03 sec
  ntt (10 threads) = 3.687e-03 sec
  ntt (11 threads) = 4.476e-03 sec
  ntt (12 threads) = 3.825e-03 sec
  ntt (13 threads) = 4.572e-03 sec
  ntt (14 threads) = 4.706e-03 sec
  ntt (15 threads) = 4.796e-03 sec
  ntt (16 threads) = 5.700e-03 sec
  ntt (17 threads) = 6.368e-03 sec
  ntt (18 threads) = 6.902e-03 sec
  ntt (19 threads) = 7.773e-03 sec
  ntt (20 threads) = 8.634e-03 sec

n =    32458
  gmp              = 4.369e-03 sec
  ntt ( 1 threads) = 4.471e-03 sec
  ntt ( 6 threads) = 4.477e-03 sec
  ntt ( 7 threads) = 5.326e-03 sec
  ntt ( 8 threads) = 5.850e-03 sec
  ntt ( 9 threads) = 6.661e-03 sec
  ntt (10 threads) = 7.047e-03 sec
  ntt (11 threads) = 8.141e-03 sec
  ntt (12 threads) = 8.146e-03 sec
  ntt (13 threads) = 8.251e-03 sec
  ntt (14 threads) = 9.057e-03 sec
  ntt (15 threads) = 9.208e-03 sec
  ntt (16 threads) = 1.012e-02 sec
  ntt (17 threads) = 1.059e-02 sec
  ntt (18 threads) = 1.134e-02 sec
  ntt (19 threads) = 1.224e-02 sec
  ntt (20 threads) = 1.322e-02 sec

n =    52518
  gmp              = 7.193e-03 sec
  ntt ( 1 threads) = 9.882e-03 sec
  ntt ( 6 threads) = 7.782e-03 sec
  ntt ( 7 threads) = 8.374e-03 sec
  ntt ( 8 threads) = 7.700e-03 sec
  ntt ( 9 threads) = 8.770e-03 sec
  ntt (10 threads) = 8.960e-03 sec
  ntt (11 threads) = 1.100e-02 sec
  ntt (12 threads) = 1.267e-02 sec
  ntt (13 threads) = 1.260e-02 sec
  ntt (14 threads) = 1.357e-02 sec
  ntt (15 threads) = 1.483e-02 sec
  ntt (16 threads) = 1.500e-02 sec
  ntt (17 threads) = 1.568e-02 sec
  ntt (18 threads) = 1.769e-02 sec
  ntt (19 threads) = 1.896e-02 sec
  ntt (20 threads) = 2.015e-02 sec

n =    84975
  gmp              = 1.486e-02 sec
  ntt ( 1 threads) = 1.543e-02 sec
  ntt ( 6 threads) = 1.279e-02 sec
  ntt ( 7 threads) = 1.375e-02 sec
  ntt ( 8 threads) = 1.276e-02 sec
  ntt ( 9 threads) = 1.359e-02 sec
  ntt (10 threads) = 1.468e-02 sec
  ntt (11 threads) = 1.778e-02 sec
  ntt (12 threads) = 1.891e-02 sec
  ntt (13 threads) = 2.022e-02 sec
  ntt (14 threads) = 2.070e-02 sec
  ntt (15 threads) = 2.404e-02 sec
  ntt (16 threads) = 2.524e-02 sec
  ntt (17 threads) = 2.779e-02 sec
  ntt (18 threads) = 2.787e-02 sec
  ntt (19 threads) = 2.951e-02 sec
  ntt (20 threads) = 3.035e-02 sec

n =   137490
  gmp              = 2.782e-02 sec
  ntt ( 1 threads) = 2.364e-02 sec
  ntt (11 threads) = 1.804e-02 sec
  ntt (12 threads) = 2.190e-02 sec
  ntt (13 threads) = 2.482e-02 sec
  ntt (14 threads) = 2.634e-02 sec
  ntt (15 threads) = 2.675e-02 sec
  ntt (16 threads) = 3.274e-02 sec
  ntt (17 threads) = 3.602e-02 sec
  ntt (18 threads) = 3.834e-02 sec
  ntt (19 threads) = 4.045e-02 sec
  ntt (20 threads) = 4.185e-02 sec

n =   222459
  gmp              = 4.076e-02 sec
  ntt (16 threads) = 5.193e-02 sec
  ntt (17 threads) = 5.629e-02 sec
  ntt (18 threads) = 5.984e-02 sec
  ntt (19 threads) = 6.382e-02 sec
  ntt (20 threads) = 6.871e-02 sec

n =   359939
  gmp              = 7.804e-02 sec
  ntt (16 threads) = 8.439e-02 sec
  ntt (17 threads) = 9.247e-02 sec
  ntt (18 threads) = 9.859e-02 sec
  ntt (19 threads) = 1.052e-01 sec
  ntt (20 threads) = 1.116e-01 sec

n =   582382
  gmp              = 1.835e-01 sec
  ntt (16 threads) = 1.461e-01 sec
  ntt (17 threads) = 1.575e-01 sec
  ntt (18 threads) = 1.709e-01 sec
  ntt (19 threads) = 1.726e-01 sec
  ntt (20 threads) = 1.834e-01 sec

