bases (2,9): P=9 Q=2; lengths 1..51; 1 to do: [51]
  L=51: 0 hits in 2471.9s
bases (8,10): P=10 Q=8; lengths 1..52; 52 to do: [1, 2, 3, 4, 5, 6, 7, 8, 9, 10, 11, 12]...
  L=1: 9 hits in 0.1s
      0 -
      1 -
      2 prime
      3 prime
      4 -
      5 prime
      6 -
      7 prime
      9 -
  L=2: 0 hits in 0.0s
  L=3: 6 hits in 0.0s
      121 -
      292 -
      333 -
      373 prime
      414 -
      585 -
  L=4: 2 hits in 0.0s
      3663 -
      8778 -
  L=5: 6 hits in 0.0s
      13131 -
      13331 prime
      26462 -
      26662 -
      30103 prime
      30303 -
  L=6: 3 hits in 0.0s
      207702 -
      628826 -
      660066 -
  L=7: 4 hits in 0.1s
      1496941 prime
      1935391 -
      1970791 prime
      4198914 -
  L=8: 1 hits in 0.0s
      55366355 -
  L=9: 4 hits in 0.0s
      130535031 -
      532898235 -
      719848917 -
      799535997 -
  L=10: 5 hits in 0.1s
      1820330281 -
      2464554642 -
      4424994244 -
      4480880844 -
      4637337364 -
  L=11: 3 hits in 0.0s
      20855555802 -
      94029892049 -
      94466666449 -
  L=12: 2 hits in 0.0s
      294378873492 -
      390894498093 -
  L=13: 3 hits in 0.2s
      5227529257225 -
      5853143413585 -
      7712150512177 -
  L=14: 3 hits in 0.1s
      13994688649931 -
      28719555591782 -
      34926999962943 -
  L=15: 8 hits in 0.1s
      112745383547211 -
      185850999058581 -
      224785646587422 -
      359934111439953 -
      393073414370393 -
      666551535155666 -
      683113474311386 -
      685854414458586 -
  L=16: 0 hits in 0.1s
  L=17: 8 hits in 0.1s
      33239024742093233 -
      45534430503443554 -
      45576210301267554 -
      57234017271043275 -
      70333341514333307 -
      84172361516327148 -
      84199148484199148 -
      96876827472867869 -
  L=18: 2 hits in 0.1s
      105080469964080501 -
      136053358853350631 -
  L=19: 6 hits in 0.1s
      1219071169611709121 -
      2445420079700245442 -
      2650626939396260562 -
      3676077166617706763 -
      3800003150513000083 -
      9843207767677023489 -
  L=20: 3 hits in 0.1s
      32300361188116300323 -
      44643103022030134644 -
      77580854944945808577 -
  L=21: 10 hits in 0.1s
      202693712161217396202 -
      371911868919868119173 -
      375183597404795381573 -
      375586160515061685573 -
      379080765242567080973 -
      473317002010200713374 -
      494635531909135536494 -
      552868393727393868255 -
      556362998454899263655 -
      579927810111018729975 -
  L=22: 2 hits in 0.1s
      2503498805115088943052 -
      7393237064774607323937 -
  L=23: 5 hits in 0.1s
      15863125024242052136851 -
      17395259698289695259371 -
      34125703495359430752143 prime
      36258340143534104385263 -
      39752656623032665625793 -
  L=24: 2 hits in 0.1s
      315610027864468720016513 -
      890170268088880862071098 -
  L=25: 7 hits in 0.1s
      1646819988303038899186461 -
      2091103570615160753011902 -
      3760849013081803109480673 -
      6857776528536358256777586 -
      9500465760922290675640059 -
      9502917646378736467192059 -
      9504411213036303121144059 -
  L=26: 2 hits in 0.1s
      41155431112055021113455114 -
      82268662917644671926686228 -
  L=27: 3 hits in 0.1s
      107184009820444028900481701 -
      138668092301868103290866831 -
      619057787673525376787750916 -
  L=28: 1 hits in 0.1s
      2674972302079669702032794762 -
  L=29: 6 hits in 0.1s
      20466353976385158367935366402 -
      36386515691205650219651568363 -
      62119978192296969229187991126 -
      68607705200272427200250770686 -
      79443858725719191752785834497 -
      98444861536975557963516844489 -
  L=30: 0 hits in 0.1s
  L=31: 4 hits in 0.2s
      1949700108422995992248010079491 -
      2903795477478606068747745973092 -
      3377242440477033307740442427733 -
      3792033197162477742617913302973 -
  L=32: 3 hits in 0.1s
      17181377425940999904952477318171 -
      38525491344366033066344319452583 -
      89879768957194388349175986797898 -
  L=33: 6 hits in 0.1s
      355309407484416525614484704903553 -
      564341093237119818911732390143465 -
      587617843046963898369640348716785 -
      835523283332531656135233382325538 -
      858037680965763515367569086730858 -
      994090604572440313044275406090499 -
  L=34: 2 hits in 0.1s
      1141897415190856226580915147981411 -
      6091280052696093663906962500821906 -
  L=35: 5 hits in 0.4s
      14362224099067427872476099042226341 -
      39706221387868234743286878312260793 -
      43846638839560254845206593883664834 -
      49706532694260217771206249623560794 -
      60797710947870157175107874901779706 -
  L=36: 2 hits in 0.3s
      453392953902277425524772209359293354 -
      597185634034507050050705430436581795 -
  L=37: 10 hits in 0.5s
      1422691232582749366639472852321962241 -
      5137013863540021396931200453683107315 -
      6305028076164777301037774616708205036 -
      6388516661684423292923244861666158836 -
      7135547701065363210123635601077455317 -
      7305747986252294597954922526897475037 -
      7518108788447828631368287448878018157 -
      8303598457991125694965211997548953038 -
      8325812618327428740478247238162185238 -
      9380639871862278054508722681789360839 -
  L=38: 1 hits in 0.6s
      16733873708124592500529542180737833761 -
  L=39: 1 hits in 1.4s
      504944832285682819464918286582238449405 -
  L=40: 1 hits in 1.4s
      9044978363553842766776672483553638794409 -
  L=41: 7 hits in 2.8s
      10418268622798909566566590989722686281401 -
      23394799557630362468086426303675599749332 -
      23502323108399687087078078699380132320532 -
      25087688986226568551515586562268988678052 -
      25869348738060805716561750806083784396852 -
      27124299189737676697979667673798199242172 -
      27147689256219970290609207991265298674172 -
  L=42: 0 hits in 3.1s
  L=43: 6 hits in 7.2s
      2269564397044073017794977103704407934659622 -
      3709625854788275188230328815728874585269073 -
      5091824221045715633940493365175401224281905 -
      6450748850206785612265622165876020588470546 -
      9751576965898208094442444908028985696751579 -
      9969277601931000904514154090001391067729699 -
  L=44: 1 hits in 6.1s
      49173631783517334031377313043371538713637194 -
  L=45: 3 hits in 17.6s
      126422542001982879359646953978289100245224621 -
      170507393916767189218121812981767619393705071 -
      355875698805877423743474347324778508896578553 -
  L=46: 2 hits in 17.1s
      1309758119504850048008448008400584059118579031 -
      4199217254007011093126006213901107004527129914 -
  L=47: 2 hits in 38.2s
      16533481189886925503990809930552968898118433561 -
      92547321221265497541564346514579456212212374529 -
  L=48: 5 hits in 59.1s
      227943953724340322291300003192223043427359349722 -
      229563591069312053958996699859350213960195365922 -
      448017917628997561027986689720165799826719710844 -
      529347576136493955999885588999559394631675743925 -
      540601603977058241364430034463142850779306106045 -
  L=49: 0 hits in 245.8s
  L=50: 1 hits in 202.9s
      33131936621083212133821333312833121238012663913133 -
  L=51: 4 hits in 674.9s
      171270344653418579415105606501514975814356443072171 -
      347196365234521584963579666975369485125432563691743 -
      833574300949806476012482979284210674608949003475338 -
      877759100497743732801499818994108237347794001957778 -
  L=52: 0 hits in 916.4s
bases (2,9): P=9 Q=2; lengths 1..53; 1 to do: [53]
  L=53: 1 hits in 2698.2s
      257192797394313495136428125093767226842589081526261 -
bases (2,9): P=9 Q=2; lengths 1..53; 1 to do: [53]
  L=53: 0 hits in 2655.7s
bases (2,9): P=9 Q=2; lengths 1..53; 0 to do: []
bases (2,9): P=9 Q=2; lengths 1..53; 1 to do: [53]
  L=53: 1 hits in 2596.0s
      119942103751123074926400431720351995162714923418661 -
bases (9,10): P=10 Q=9; lengths 1..46; 2 to do: [45, 46]
  L=45: 11 hits in 2338.3s
      110163628059343305642343246503343950826361011 -
      172389277606164250701626107052461606772983271 -
      211901011018917724166262661427719810110109112 -
      218868413488492590919747919095294884314868812 -
      231043606696172324515525515423271696606340132 -
      247288555257506088089929980880605752555882742 -
      317363146915947506150525051605749519641363713 -
      346286417285853259716313617952358582714682643 -
      569845876477788046906191609640887774678548965 -
      624509643678905927921888129729509876346905426 -
      630145131482379894949060949498973284131541036 -
  L=46: 0 hits in 696.7s
bases (3,10): P=10 Q=3; lengths 1..46; 2 to do: [45, 46]
  L=45: 3 hits in 2971.4s
      101557391136036949450404054949630631193755101 -
      231242584463192352743505347253291364485242132 -
      232634489093028141840242048141820390984436232 -
  L=46: 2 hits in 2884.0s
      1844690584928843839002112009383488294850964481 -
      6536178488475825588170660718855285748848716356 -
bases (2,10): P=10 Q=2; lengths 1..46; 6 to do: [41, 42, 43, 44, 45, 46]
  L=41: 5 hits in 2.5s
      14327425216354951264146215945361252472341 -
      31636759764024794204540249742046795763613 -
      38090421176450233778487733205467112409083 -
      56545858306667087923432978076660385854565 -
      98801466348600079992129997000684366410889 -
  L=42: 6 hits in 2.6s
      128795669673344381770077183443376966597821 -
      139035351443367699760067996763344153530931 -
      170341815153453197154451791354351518143071 -
      309612431907274418544445814472709134216903 -
      595943598626320807905509708023626895349595 -
      905357630732463833436634338364237036753509 -
  L=43: 4 hits in 7.5s
      1816060344791285708869688075821974430606181 -
      3381578420704603001613161003064070248751833 -
      7342779513978827245484845427288793159772437 -
      9101547767757547725021205277457577677451019 -
  L=44: 0 hits in 7.7s
  L=45: 3 hits in 16.3s
      557019370941199612258585852216991149073910755 -
      706400325289926993853434358399629982523004607 -
      903240486809073407096959690704370908684042309 -
  L=46: 2 hits in 16.1s
      5318935032766104711807997081174016672305398135 -
      9335388324586156026843333486206516854238835339 -
bases (3,5): P=5 Q=3; lengths 1..58; 4 to do: [55, 56, 57, 58]
  L=55: 3 hits in 20.2s
      140705550899095073621529622743479302712 -
      186186384479839078710563785227785488708 -
      234484874714320301124704437182720953509 -
  L=56: 0 hits in 0.0s
  L=57: 2 hits in 68.1s
      3122737401814098051317214506228960128907 -
      3193156444804097678980914973672565877182 -
  L=58: 0 hits in 0.0s
bases (3,7): P=7 Q=3; lengths 1..48; 48 to do: [1, 2, 3, 4, 5, 6, 7, 8, 9, 10, 11, 12]...
  L=1: 4 hits in 0.0s
      0 -
      1 -
      2 prime
      4 -
  L=2: 3 hits in 0.0s
      8 -
      16 -
      40 -
  L=3: 6 hits in 0.0s
      100 -
      121 -
      142 -
      164 -
      242 -
      328 -
  L=4: 2 hits in 0.0s
      400 -
      1312 -
  L=5: 3 hits in 0.0s
      8200 -
      9103 prime
      14762 -
  L=6: 4 hits in 0.0s
      54008 -
      76024 -
      108016 -
      112048 -
  L=7: 4 hits in 0.1s
      233920 -
      532900 -
      639721 -
      741586 -
  L=8: 2 hits in 0.0s
      2585488 -
      3316520 -
  L=9: 3 hits in 0.0s
      11502842 -
      24919360 -
      35664908 -
  L=10: 2 hits in 0.0s
      87001616 -
      184827640 -
  L=11: 0 hits in 0.0s
  L=12: 3 hits in 0.1s
      4346524576 -
      5642510512 -
      11641189600 -
  L=13: 2 hits in 0.0s
      65304259157 -
      68095147754 -
  L=14: 1 hits in 0.0s
      469837033600 -
  L=15: 1 hits in 0.2s
      830172165614 -
  L=16: 3 hits in 0.1s
      17136683996456 -
      21772277941544 -
      22666883572232 -
  L=17: 1 hits in 0.1s
      45221839119556 -
  L=18: 2 hits in 0.2s
      429162107575160 -
      1560764115683240 -
  L=19: 6 hits in 0.1s
      1734195226323428 -
      2921460800777086 -
      3660645308508736 -
      3959720840467478 -
      6410639089100872 -
      11207352411046784 -
  L=20: 3 hits in 0.1s
      14959744316064584 -
      31966439598053368 -
      70150821079952416 -
  L=21: 6 hits in 0.2s
      145103278493444048 -
      276769804176685816 -
      315307247753837405 -
      320754726799278860 -
      332251822186446404 -
      418138444696392656 -
  L=22: 2 hits in 0.2s
      988421346024174056 -
      1555316911250634016 -
  L=23: 3 hits in 0.1s
      11517148240701376184 -
      17263015931639807599 -
      24633761312367628301 -
  L=24: 4 hits in 0.1s
      71005734774446229088 -
      74378389632102455888 -
      83996138774758424168 -
      175469998392732393832 -
  L=25: 2 hits in 0.3s
      314121124263032247050 -
      979838454518061976304 -
  L=26: 0 hits in 0.1s
  L=27: 6 hits in 0.3s
      12740373453026608614499 -
      14492914970724913820791 -
      19792663061377198446029 -
      20202287143923694819172 -
      24871504126683981647015 -
      37790674156897878083620 -
  L=28: 3 hits in 0.2s
      343550873981934470383600 -
      378346857606056071274512 -
      400341897012900468065488 -
  L=29: 6 hits in 0.2s
      553658983693788118137356 -
      644449513925853629058500 -
      736301183207717787147244 -
      1629258710898659034459800 -
      2272476265566123596598532 -
      2939144234733141879192412 -
  L=30: 1 hits in 0.1s
      11899767742856504936509192 -
  L=31: 4 hits in 0.3s
      50772645098774794742632052 -
      77149149093949161519687988 -
      109364142046079127449894992 -
      130320919751855769544582280 -
  L=32: 3 hits in 0.2s
      186204729659325754555223200 -
      289708145913380867472049384 -
      295875117757891884117362920 -
  L=33: 5 hits in 0.3s
      1341872810590023265242655058 -
      1444906092442977652509262718 -
      2269940463516952351456409164 -
      5836729815257199982854661054 -
      7518940881527350060352720446 -
  L=34: 4 hits in 0.2s
      14030649052851382158987629648 -
      25011550774950155124138161224 -
      32294028175738454804337734744 -
      32883692758210804331422160480 -
  L=35: 5 hits in 0.5s
      84492178451293956724787212465 -
      141834412742234014192980634228 -
      266168831146417889941878259364 -
      307681079259407637824134716956 -
      342946905022314195630859239092 -
  L=36: 2 hits in 0.3s
      1444978125628902210544328253952 -
      1446970566101398217236850980168 -
  L=37: 5 hits in 1.0s
      3259619353308680219542441994000 -
      3664801694981750325053583215629 -
      3828156743736467149216880722213 -
      8538423781299887209564756044338 -
      10455167211872589766263571512256 -
  L=38: 2 hits in 0.7s
      80024210936050940332438258314032 -
      96063323405702524229074360085272 -
  L=39: 4 hits in 1.4s
      204830010118034713654379475050756 -
      388804710544125891933512983903258 -
      627494297754298017382997899558664 -
      822578721566615001703440308658473 -
  L=40: 5 hits in 1.4s
      915963580476282976682950639532296 -
      1408953588062681315540872990861432 -
      2207432808008148895063279360852856 -
      2314144703136766320339868466242568 -
      3726742118366636819077237607170912 -
  L=41: 5 hits in 3.0s
      12617661824841373874073235792605256 -
      12783253644156946310739823427082556 -
      15535122756870190975169819864361104 -
      16129411269653356858726580767823228 -
      28494072033532592872103609900265757 -
  L=42: 3 hits in 2.8s
      60498008185585458104549917290276776 -
      140979403986737997166874558303950064 -
      202542517802318380461491592845449232 -
  L=43: 4 hits in 6.3s
      960160354394559570936213526826032108 -
      996144397856120355913695145790473564 -
      1023151565947065038676040993461180160 -
      1347062558818883606968743762957628508 -
  L=44: 2 hits in 6.3s
      5071856555861661278669290778383961912 -
      6914524111793982447475129301134629136 -
  L=45: 3 hits in 26.6s
      56021991587278934202956534959063211644 -
      60895895751175828228172735225045870836 -
      79696384314209288214808355751677026648 -
  L=46: 2 hits in 23.4s
      479612322769751771290035621368787890920 -
      562839988544757143086167707462698346416 -
  L=47: 2 hits in 44.0s
      3950446641918978329429083490340918524321 -
      4814125322255788484018851584723559828324 -
  L=48: 1 hits in 43.7s
      7426040455736833277049166191657584455648 -
bases (3,8): P=3 Q=8; lengths 1..84; 84 to do: [1, 2, 3, 4, 5, 6, 7, 8, 9, 10, 11, 12]...
  L=1: 3 hits in 0.0s
      0 -
      1 -
      2 prime
  L=2: 1 hits in 0.0s
      4 -
  L=3: 0 hits in 0.0s
  L=4: 0 hits in 0.0s
  L=5: 3 hits in 0.0s
      121 -
      130 -
      203 -
  L=6: 1 hits in 0.0s
      316 -
  L=7: 0 hits in 0.0s
  L=8: 0 hits in 0.1s
  L=9: 3 hits in 0.1s
      8578 -
      9490 -
      17492 -
  L=10: 0 hits in 0.0s
  L=11: 0 hits in 0.0s
  L=12: 0 hits in 0.0s
  L=13: 4 hits in 0.0s
      944035 -
      1141652 -
      1276916 -
      1554173 prime
  L=14: 0 hits in 0.0s
  L=15: 0 hits in 0.0s
  L=16: 0 hits in 0.0s
  L=17: 2 hits in 0.0s
      58961443 -
      67470916 -
  L=18: 0 hits in 0.0s
  L=19: 0 hits in 0.0s
  L=20: 0 hits in 0.0s
  L=21: 2 hits in 0.0s
      4099065139 -
      5691134677 -
  L=22: 0 hits in 0.0s
  L=23: 2 hits in 0.0s
      81452592329 -
      81473867465 -
  L=24: 0 hits in 0.1s
  L=25: 1 hits in 0.1s
      419572845958 -
  L=26: 0 hits in 0.0s
  L=27: 0 hits in 0.2s
  L=28: 1 hits in 0.2s
      21056462595764 -
  L=29: 0 hits in 0.1s
  L=30: 0 hits in 0.0s
  L=31: 1 hits in 0.2s
      363376288168081 -
  L=32: 0 hits in 0.2s
  L=33: 1 hits in 0.1s
      2127271328430823 -
  L=34: 0 hits in 0.0s
  L=35: 1 hits in 0.1s
      44880998812567514 -
  L=36: 2 hits in 0.1s
      73083110864755396 -
      79174156601271388 -
  L=37: 0 hits in 0.1s
  L=38: 0 hits in 0.1s
  L=39: 2 hits in 0.2s
      2959907850689099042 -
      2999263443800192930 -
  L=40: 2 hits in 0.2s
      4949458745712184468 -
      5741752257294068668 -
  L=41: 0 hits in 0.1s
  L=42: 0 hits in 0.2s
  L=43: 8 hits in 0.2s
      120014682355984031785 -
      150326844251484391042 -
      153561319370542367554 -
      195149355943974110314 -
      196406739090043790506 -
      249636212093446658075 -
      249655679139170920475 -
      304720541325476344844 -
  L=44: 3 hits in 0.1s
      330300143900971857820 -
      360014620577548665916 -
      364695395569897227580 -
  L=45: 0 hits in 0.0s
  L=46: 0 hits in 0.3s
  L=47: 2 hits in 0.2s
      15638859489377858244307 -
      19696288940599156883084 -
  L=48: 0 hits in 0.2s
  L=49: 0 hits in 0.1s
  L=50: 0 hits in 0.2s
  L=51: 1 hits in 0.1s
      1736119490786802694818797 -
  L=52: 0 hits in 0.1s
  L=53: 0 hits in 0.3s
  L=54: 0 hits in 0.3s
  L=55: 2 hits in 0.2s
      62640237884220491248829899 -
      104733087250486270746962077 -
  L=56: 0 hits in 0.1s
  L=57: 1 hits in 0.2s
      1300971894075676453696832705 -
  L=58: 0 hits in 0.1s
  L=59: 4 hits in 0.1s
      5587862667455230409238810148 -
      6614183335974819598448840533 -
      6847668294130407868079804581 -
      9154421879941826706077226079 prime
  L=60: 0 hits in 0.1s
  L=61: 0 hits in 0.4s
  L=62: 0 hits in 0.3s
  L=63: 0 hits in 0.2s
  L=64: 0 hits in 0.0s
  L=65: 0 hits in 0.1s
  L=66: 3 hits in 0.2s
      20782940150816165485329633068420 -
      21859999990562955759271043477204 -
      23910609634510060776103167339884 -
  L=67: 0 hits in 0.1s
  L=68: 0 hits in 0.0s
  L=69: 3 hits in 0.5s
      569575077446777325583456120099889 -
      701779577426974646465095406098058 -
      761574857827605036004917572912018 -
  L=70: 2 hits in 0.5s
      1491818307380069720999298521748388 -
      1545361050726990388858175005695028 -
  L=71: 1 hits in 0.1s
      2563314770425925222774429866924159 -
  L=72: 0 hits in 0.3s
  L=73: 4 hits in 1.0s
      39016075779003777250286104143356473 -
      42753181234920874110656162125216450 -
      43241121232235223138747522208461634 -
      61574165797089552048768819677461370 -
  L=74: 1 hits in 1.0s
      89466983784470480418231015346096852 -
  L=75: 0 hits in 0.1s
  L=76: 0 hits in 0.4s
  L=77: 1 hits in 2.6s
      2683038259170255102377896506684256834 -
  L=78: 0 hits in 2.6s
  L=79: 0 hits in 0.1s
  L=80: 0 hits in 1.2s
  L=81: 1 hits in 7.0s
      162359278520900215856383685780539773625 -
  L=82: 0 hits in 1.2s
  L=83: 0 hits in 0.1s
  L=84: 0 hits in 3.0s
bases (4,7): P=7 Q=4; lengths 1..48; 48 to do: [1, 2, 3, 4, 5, 6, 7, 8, 9, 10, 11, 12]...
  L=1: 5 hits in 0.1s
      0 -
      1 -
      2 prime
      3 prime
      5 prime
  L=2: 0 hits in 0.1s
  L=3: 4 hits in 0.1s
      85 -
      150 -
      235 -
      257 prime
  L=4: 0 hits in 0.0s
  L=5: 4 hits in 0.0s
      8802 -
      9958 -
      13655 -
      14811 -
  L=6: 0 hits in 0.0s
  L=7: 3 hits in 0.0s
      189806 -
      428585 -
      786435 -
  L=8: 0 hits in 0.1s
  L=9: 3 hits in 0.0s
      9262450 -
      31946605 -
      34179458 -
  L=10: 0 hits in 0.0s
  L=11: 6 hits in 0.1s
      387973685 -
      424623193 prime
      430421657 -
      640680742 -
      742494286 -
      1692399385 -
  L=12: 0 hits in 0.0s
  L=13: 2 hits in 0.0s
      22182595205 -
      30592589645 -
  L=14: 0 hits in 0.0s
  L=15: 8 hits in 0.2s
      1103782149121 -
      1134972961921 -
      1871644872505 -
      2047644601565 -
      3205015384750 -
      3304611554563 -
      3628335729863 -
      4467627704385 -
  L=16: 0 hits in 0.0s
  L=17: 0 hits in 0.2s
  L=18: 0 hits in 0.0s
  L=19: 3 hits in 0.1s
      6109256963409813 -
      10490343658800214 -
      10556338547376278 -
  L=20: 0 hits in 0.0s
  L=21: 3 hits in 0.2s
      185569961319483162 -
      188077235829465306 -
      241521030849544855 -
  L=22: 0 hits in 0.0s
  L=23: 4 hits in 0.2s
      4218808128230591659 -
      6017746453312946885 -
      12007980674606373530 -
      13773316835159709950 -
  L=24: 0 hits in 0.1s
  L=25: 3 hits in 0.2s
      203976863667466529550 -
      818394448405038406990 -
      926561758657919494947 -
  L=26: 0 hits in 0.1s
  L=27: 3 hits in 0.2s
      10901860119248612490950 -
      13582685517334809482286 -
      25832614487515353354965 -
  L=28: 0 hits in 0.1s
  L=29: 3 hits in 0.3s
      1176137521373269234724975 -
      1432896717582234021128161 -
      2638896559442399728684770 -
  L=30: 0 hits in 0.0s
  L=31: 3 hits in 0.2s
      27587024291623263689560549 -
      47566482518578810820594038 -
      63995036322697967539289799 -
  L=32: 0 hits in 0.0s
  L=33: 3 hits in 0.3s
      1224340447848565316937321599 -
      1807856006417368403770842485 -
      6623080511558364091888920149 -
  L=34: 0 hits in 0.0s
  L=35: 7 hits in 0.4s
      69887316672175424501297268555 -
      73909036072425415300315613115 -
      89390244592391380553282968609 -
      103363713333260713300185120197 -
      163232869909980251059041593282 -
      217075683400180543380200924666 -
      321014843652281958838910064385 -
  L=36: 0 hits in 0.0s
  L=37: 1 hits in 0.6s
      3121545992454685854367140046454 -
  L=38: 0 hits in 0.0s
  L=39: 5 hits in 1.0s
      135474533133726096579796665874345 -
      353896939394028102683384517288785 -
      355381135697299622734425007625361 -
      859483964152746075625377250083434 -
      870331286866229899641376513071850 -
  L=40: 0 hits in 0.0s
  L=41: 2 hits in 3.0s
      10384227571844686795237999694561277 -
      20499494904235578987007818283907647 -
  L=42: 0 hits in 0.0s
  L=43: 2 hits in 4.7s
      359488416905620428721990081961278545 -
      485425984681195633774157830352633205 -
  L=44: 0 hits in 0.0s
  L=45: 6 hits in 17.8s
      37328739440340518177796342278873175309 -
      56972646383246025158373509395816943082 -
      64829883146416318566976637838033474755 -
      71016038223944683307593832890904026711 -
      82220656561921215526951299399808793055 -
      98783731441304499976688455660375917985 -
  L=46: 0 hits in 0.0s
  L=47: 4 hits in 49.5s
      779785196113126502338217877568464448134 -
      834105986086740570951451253087630396214 -
      1930634892111749339055946970021674668965 -
      3208335417623918881589225913802301351830 -
  L=48: 0 hits in 0.0s
bases (4,9): P=9 Q=4; lengths 1..42; 42 to do: [1, 2, 3, 4, 5, 6, 7, 8, 9, 10, 11, 12]...
  L=1: 5 hits in 0.0s
      0 -
      1 -
      2 prime
      3 prime
      5 prime
  L=2: 1 hits in 0.0s
      10 -
  L=3: 4 hits in 0.0s
      255 -
      273 -
      373 prime
      546 -
  L=4: 3 hits in 0.0s
      2550 -
      2730 -
      2910 -
  L=5: 3 hits in 0.0s
      16319 prime
      23205 -
      54215 -
  L=6: 0 hits in 0.0s
  L=7: 6 hits in 0.0s
      1181729 prime
      1898445 -
      2576758 -
      3027758 -
      3080174 -
      4210945 -
  L=8: 1 hits in 0.0s
      9971750 -
  L=9: 1 hits in 0.0s
      163490790 -
  L=10: 1 hits in 0.0s
      2299011170 -
  L=11: 2 hits in 0.0s
      6852736153 -
      6899910553 -
  L=12: 3 hits in 0.0s
      160142137430 -
      174913133450 -
      204283593150 -
  L=13: 3 hits in 0.2s
      902465909895 -
      1014966912315 -
      2292918574418 -
  L=14: 3 hits in 0.2s
      9295288254930 -
      11356994802010 -
      11372760382810 -
  L=15: 4 hits in 0.1s
      38244097345762 -
      84470553495345 -
      198777976021790 -
      204973846313390 -
  L=16: 1 hits in 0.1s
      743215116795690 -
  L=17: 6 hits in 0.1s
      2114967436733485 -
      2172761848365805 -
      4728069796793537 -
      9888480378524210 -
      12173822386241658 -
      16046526958346267 -
  L=18: 0 hits in 0.2s
  L=19: 1 hits in 0.1s
      287411961823187455 -
  L=20: 2 hits in 0.2s
      10552570503887949190 -
      11303748773839091510 -
  L=21: 5 hits in 0.1s
      22346657910193902193 prime
      53526713487999458926 -
      53694063656991154606 -
      55327341317278801918 -
      97830227132597053205 -
  L=22: 2 hits in 0.1s
      655054067808976740530 -
      750791439727272752010 -
  L=23: 4 hits in 0.1s
      4616614573521061351855 -
      4622770904785005012655 -
      8374485938206835981645 -
      8681087085023693544029 -
  L=24: 3 hits in 0.2s
      12382332486929468617690 -
      44492924054937098124950 -
      49616465657989265220650 -
  L=25: 5 hits in 0.1s
      132702855391552563697933 -
      179221801769704945267670 -
      268012995316802487587019 -
      512316862798137701645625 -
      656360463208623931490210 -
  L=26: 0 hits in 0.2s
  L=27: 2 hits in 0.1s
      24859431735222632534180229 -
      42915627177216739984260978 -
  L=28: 0 hits in 0.1s
  L=29: 5 hits in 0.3s
      947170633179538258867238851 -
      966800361440575394034973651 -
      999054096418122759922345651 -
      2064091907282510209449238185 -
      3151829868840900467176542090 -
  L=30: 1 hits in 0.2s
      40226913247404020157470453570 -
  L=31: 5 hits in 0.3s
      53862191128432116672621666490 -
      133167905449094603537172498153 -
      212495594888856871794342157034 -
      257750270834213101109411732487 -
      310541549338262431734389647279 -
  L=32: 5 hits in 0.4s
      677978225921575966119869197090 -
      856043308186707804645299391290 -
      906180513579592880726935666910 -
      2838107206662564480720905593330 -
      2928407977495343253374422427590 -
  L=33: 8 hits in 0.5s
      4101826526605309267966646785267 -
      4102020967094599596109273326835 -
      4134934748542011663331628385031 -
      6057694505156674148207286902065 -
      9104807919429400264495462149005 -
      9694514666361405013008354784685 -
      25983856589222340363577577602885 -
      30028906961015280695024502195125 -
  L=34: 3 hits in 0.5s
      192696746892900536580823099605030 -
      218250330992687482938317769664570 -
      225440926699707231019083773892430 -
  L=35: 1 hits in 1.3s
      466976584346832623115925115184181 -
  L=36: 5 hits in 0.9s
      3537929036681994977031610721876410 -
      3832005129225582988648629820898110 -
      13559704872647456048645231189133530 -
      14282134294807878539452575550119950 -
      14282330701495367833817547845984270 -
  L=37: 3 hits in 3.7s
      126163315526077740835764703326456905 -
      176443405556231714756188515514809298 -
      191465328388630467323034723727179206 -
  L=38: 0 hits in 2.2s
  L=39: 3 hits in 5.3s
      2957382480359456459478665222176250290 -
      5468124769833361779661391852900140865 -
      11163458828997572197887126637878970770 -
  L=40: 0 hits in 6.6s
  L=41: 6 hits in 35.3s
      260700861476403301075736536582294358035 -
      279936793441903847108472941354891568775 -
      606245345428013083532891783531387834509 -
      688092165226463855984904202770624129346 -
      901863718819392901406583827528870852202 -
      1282776835589345389390417326033258529103 -
  L=42: 5 hits in 22.5s
      2928415125427305953640138689473719455330 -
      3084925217898081659365792974322951352390 -
      3646671246473011363623361580639803203050 -
      3986614795504905059420153771668699401710 -
      11725659631078151103233574473265105491810 -
bases (2,5): P=5 Q=2; lengths 1..58; 58 to do: [1, 2, 3, 4, 5, 6, 7, 8, 9, 10, 11, 12]...
  L=1: 3 hits in 0.0s
      0 -
      1 -
      3 prime
  L=2: 0 hits in 0.0s
  L=3: 3 hits in 0.0s
      31 prime
      93 -
      119 -
  L=4: 0 hits in 0.0s
  L=5: 1 hits in 0.0s
      2709 -
  L=6: 0 hits in 0.0s
  L=7: 1 hits in 0.0s
      38937 -
  L=8: 0 hits in 0.0s
  L=9: 2 hits in 0.0s
      520831 -
      682341 -
  L=10: 0 hits in 0.0s
  L=11: 0 hits in 0.0s
  L=12: 0 hits in 0.0s
  L=13: 1 hits in 0.0s
      340134981 -
  L=14: 0 hits in 0.0s
  L=15: 3 hits in 0.0s
      7609865031 -
      17935304097 -
      26777829859 -
  L=16: 0 hits in 0.0s
  L=17: 2 hits in 0.0s
      169179279801 -
      567897922593 -
  L=18: 0 hits in 0.0s
  L=19: 0 hits in 0.2s
  L=20: 0 hits in 0.0s
  L=21: 1 hits in 0.2s
      286118927218753 -
  L=22: 0 hits in 0.0s
  L=23: 4 hits in 0.1s
      2996750083037781 -
      4738749440161121 -
      6299497017331917 -
      8829547069230943 -
  L=24: 0 hits in 0.0s
  L=25: 4 hits in 0.1s
      99805500812710541 -
      151875068667242337 -
      202124162283446733 -
      267590170057856439 -
  L=26: 0 hits in 0.0s
  L=27: 1 hits in 0.2s
      1705198171059456701 -
  L=28: 0 hits in 0.0s
  L=29: 7 hits in 0.2s
      57338685589431482211 -
      73819093863158149121 -
      89701695563295218137 -
      120110524940556687883 -
      122932536640098304683 -
      136329883505815551543 -
      150319808235063576129 -
  L=30: 0 hits in 0.1s
  L=31: 5 hits in 0.2s
      1849130200000590372371 -
      1999022506621150444827 -
      2449913965194573706017 -
      2536733867455442723217 -
      2792665749769510987497 -
  L=32: 0 hits in 0.0s
  L=33: 2 hits in 0.1s
      27166507811241546115101 -
      105531909578180191904589 -
  L=34: 0 hits in 0.0s
  L=35: 0 hits in 0.2s
  L=36: 0 hits in 0.0s
  L=37: 3 hits in 0.2s
      20563671288597289812895761 -
      30101157511305300778061027 -
      34083641094041215425827207 -
  L=38: 0 hits in 0.0s
  L=39: 2 hits in 0.2s
      736745530518950421460900377 -
      1057658684466420673381657947 -
  L=40: 0 hits in 0.0s
  L=41: 3 hits in 0.2s
      15158702466911667284152932291 -
      24128895953661106298526611417 -
      38652107687766448554875360159 -
  L=42: 0 hits in 0.0s
  L=43: 1 hits in 0.3s
      988758875630108503605527295459 -
  L=44: 0 hits in 0.1s
  L=45: 2 hits in 0.4s
      7759707649673000017766173345731 -
      9334944118764623994446499128791 -
  L=46: 0 hits in 0.0s
  L=47: 1 hits in 0.5s
      425437934109169977890742265344997 -
  L=48: 0 hits in 0.0s
  L=49: 2 hits in 0.8s
      4135705456221118388727282574288851 -
      13590629945778487439668544476684773 -
  L=50: 0 hits in 0.0s
  L=51: 2 hits in 1.1s
      321017037226919926376187816766780143 -
      375797157911965789887950043353056009 -
  L=52: 0 hits in 0.0s
  L=53: 0 hits in 3.5s
  L=54: 0 hits in 0.0s
  L=55: 2 hits in 5.3s
      177852359641981506858797738531472585633 -
      209722421827040172004465276401545175993 -
  L=56: 0 hits in 0.0s
  L=57: 4 hits in 20.1s
      3052866147568388594745662012355375124977 -
      3614256322066141607198925081251686682517 -
      4194060724398557670528876504861017124003 -
      4258890537685437559460935554723360080403 -
  L=58: 0 hits in 0.0s
bases (2,7): P=7 Q=2; lengths 1..48; 48 to do: [1, 2, 3, 4, 5, 6, 7, 8, 9, 10, 11, 12]...
  L=1: 4 hits in 0.0s
      0 -
      1 -
      3 prime
      5 prime
  L=2: 0 hits in 0.0s
  L=3: 3 hits in 0.0s
      85 -
      107 prime
      257 prime
  L=4: 0 hits in 0.0s
  L=5: 4 hits in 0.0s
      5049 -
      9201 -
      11253 -
      11757 -
  L=6: 0 hits in 0.0s
  L=7: 4 hits in 0.0s
      210099 -
      399171 -
      512607 -
      786435 -
  L=8: 0 hits in 0.0s
  L=9: 3 hits in 0.0s
      12916899 -
      19992857 -
      22468309 -
  L=10: 0 hits in 0.0s
  L=11: 1 hits in 0.0s
      1052109663 -
  L=12: 0 hits in 0.0s
  L=13: 5 hits in 0.0s
      15935958711 -
      24051338445 -
      37344016593 -
      71859215265 -
      72822171105 -
  L=14: 0 hits in 0.0s
  L=15: 3 hits in 0.2s
      1566399158893 prime
      3425211644643 -
      4713161675921 -
  L=16: 0 hits in 0.0s
  L=17: 0 hits in 0.1s
  L=18: 0 hits in 0.0s
  L=19: 2 hits in 0.1s
      1797708850136627 -
      6496728596849949 -
  L=20: 0 hits in 0.0s
  L=21: 2 hits in 0.1s
      81590995511342857 -
      427510260590336957 -
  L=22: 0 hits in 0.0s
  L=23: 4 hits in 0.2s
      3997451286601328571 -
      8979691592773352607 -
      13694840704790671485 -
      16675608147319445223 -
  L=24: 0 hits in 0.0s
  L=25: 2 hits in 0.1s
      839909381231478441069 -
      1051742679496162996263 -
  L=26: 0 hits in 0.0s
  L=27: 2 hits in 0.2s
      19855989195900063134049 -
      26432962459781879544013 -
  L=28: 0 hits in 0.0s
  L=29: 5 hits in 0.1s
      471678638661546935436259 -
      1617042324003877388578005 -
      2045328483160276032385307 -
      2537709652845469133838945 -
      2746522115529753005549193 -
  L=30: 0 hits in 0.0s
  L=31: 4 hits in 0.2s
      52309532921196512044107957 -
      80347901032433196717127457 -
      128713543915362867228053291 -
      144735146046030299112771319 -
  L=32: 0 hits in 0.0s
  L=33: 4 hits in 0.2s
      2059577471782805986901831467 prime
      4982557678672427887940064001 -
      7034236954094638601879235501 -
      7168548605154403876853428893 -
  L=34: 0 hits in 0.0s
  L=35: 1 hits in 0.3s
      287315133314320447252596189207 -
  L=36: 0 hits in 0.1s
  L=37: 4 hits in 0.4s
      7182499434569097807271824192173 -
      8121732104987514149222386409651 -
      8977072639551962437742724331847 -
      17365595628248272346884255970523 -
  L=38: 0 hits in 0.0s
  L=39: 7 hits in 0.7s
      171226667878730714328090576636129 -
      176600911418095701723087854766801 -
      254168796827533817067178116972819 -
      522845062668199409711156538612851 -
      599797298648400328998568112171319 -
      656727396071027852774130118173057 -
      812761414473068961363701749748229 -
  L=40: 0 hits in 0.1s
  L=41: 2 hits in 2.1s
      19133605746073920847372942143712215 -
      23361809184773278664216690350776305 -
  L=42: 0 hits in 0.0s
  L=43: 1 hits in 2.5s
      322968936413169835759499628476003103 -
  L=44: 0 hits in 0.0s
  L=45: 2 hits in 7.1s
      41791697936254078665767354648707097055 -
      75045575473379565245770563849654676359 -
  L=46: 0 hits in 0.0s
  L=47: 3 hits in 14.3s
      810609521105214044443489380236021640729 -
      876224076686727986154031065298945520421 -
      2135484082456642321483837640533903641363 -
  L=48: 0 hits in 0.0s
bases (2,9): P=9 Q=2; lengths 1..55; 2 to do: [54, 55]
  L=54: 0 hits in 0.0s
  L=55: 0 hits in 4073.6s
bases (2,9): P=9 Q=2; lengths 1..55; 1 to do: [55]
bases (10,20): P=20 Q=10; lengths 1..31; 31 to do: [1, 2, 3, 4, 5, 6, 7, 8, 9, 10, 11, 12]...
  L=1: 11 hits in 0.0s
      0 -
      1 -
      2 prime
      3 prime
      4 -
      5 prime
      6 -
      7 prime
      8 -
      9 -
      11 prime
  L=2: 1 hits in 0.0s
      252 -
  L=3: 3 hits in 0.0s
      6556 -
      6776 -
      7117 -
  L=4: 5 hits in 0.0s
      10101 -
      12621 -
      20202 -
      22722 -
      30303 -
  L=5: 7 hits in 0.0s
      1784871 -
      1786871 -
      1788871 -
      1913191 -
      1915191 -
      1917191 prime
      1919191 -
  L=6: 0 hits in 0.0s
  L=7: 0 hits in 0.0s
  L=8: 1 hits in 0.0s
      1444884441 -
  L=9: 4 hits in 0.0s
      334495594433 -
      334843348433 -
      355110011553 -
      355746647553 -
  L=10: 0 hits in 0.0s
  L=11: 40 hits in 0.0s
      10614366341601 -
      14102600620141 -
      28095922959082 -
      38072044027083 -
      38283622638283 -
      44584411448544 -
      44778355387744 -
      48473077037484 -
      48479922997484 -
      54985444458945 -
      58456044065485 -
      58661700716685 -
      58667622676685 -
      62089899898026 -
      62296044069226 -
      68838611683886 -
      68851155115886 -
      68857077075886 -
      72279011097227 -
      72678611687627 -
      72691155119627 -
      72697077079627 -
      76160000006167 -
      76185311358167 -
      82868066086828 -
      82885700758828 -
      86356300365368 -
      92862200226829 -
      96544000044569 -
      96757333375769 -
      112733090337211 -
      112733414337211 -
      112739252937211 -
      112983848389211 -
      112989686989211 -
      115238181832511 -
      115482161284511 -
      115482777284511 -
      115488939884511 -
      115629444926511 -
  L=12: 2 hits in 0.0s
      2533401331043352 -
      2533637117363352 -
  L=13: 10 hits in 0.0s
      67180087178008176 -
      67182731613728176 -
      67314157075141376 -
      67316404740461376 -
      67316423732461376 -
      69515035653051596 -
      69515054645051596 -
      69517556065571596 -
      71831895259813817 -
      71874813431847817 -
  L=14: 1 hits in 0.2s
      105878013310878501 -
  L=15: 0 hits in 0.2s
  L=16: 5 hits in 0.1s
      471884799999997488174 -
      517009056525650900715 -
      517026072333270620715 -
      517049175282571940715 -
      517473208373802374715 -
  L=17: 0 hits in 0.2s
  L=18: 3 hits in 0.2s
      14821871469396417812841 -
      155753084664466480357551 -
      155778498219912894877551 -
  L=19: 2 hits in 0.2s
      3566379417412147149736653 -
      3566396394241424936936653 -
  L=20: 0 hits in 0.2s
  L=21: 77 hits in 0.2s
      108218383371898173383812801 -
      141656562315777513265656141 -
      141656587864151468785656141 -
      143703124407616704421307341 -
      143703124428373824421307341 -
      143766507497959794705667341 -
      143766507892161298705667341 -
      145813379974505479973318541 -
      145813396454202454693318541 -
      145813396492606294693318541 prime
      145870046487010784640078541 -
      145870215645979546512078541 -
      145876585192373291585678541 -
      145876925227808722529678541 -
      145876925622010226529678541 -
      180116390598999895093611081 -
      180116390972444279093611081 -
      180173048791666197840371081 -
      180179927575949575729971081 -
      182226164194989491461622281 -
      182287014089545980410782281 -
      247505238405828504832505742 -
      247505253613999316352505742 -
      247505253636727636352505742 -
      247505253657484756352505742 -
      247509096358565853690905742 -
      249615825649252946528516942 -
      249615842123868321248516942 -
      249615842167353761248516942 -
      249619202826383628202916942 -
      249619202849111948202916942 -
      249801123833040338321108942 -
      284100936710303017639001482 -
      286028610260828062016820682 -
      286214568609868906865412682 -
      286214585127969721585412682 -
      288136186202969202681631882 -
      288324351188878881153423882 -
      324057492532252235294750423 -
      324057492570656075294750423 -
      324243113760424067311342423 -
      324243113781181187311342423 -
      428041842339757933248140824 -
      428041842751606157248140824 -
      428045227346787643722540824 -
      461422729604545406927224164 -
      461483277045010540772384164 -
      461483277083414380772384164 -
      461489987041747140789984164 -
      463599736310494013637995364 -
      465640403379212973304046564 -
      567524122545323545221425765 -
      569634523031393130325436965 -
      569634523816808618325436965 -
      569634523837565738325436965 -
      569634548185565581845436965 -
      644072982720101027289270446 -
      781253294039686930492352187 -
      887102300163151361003201788 -
      887165514528444825415561788 -
      887165995298969892599561788 -
      887165995672414276599561788 -
      887165995693171396599561788 -
      887351293860656068392153788 -
      889275744508555805447572988 -
      889275744546959645447572988 -
      889275744920404029447572988 -
      889275744941161149447572988 -
      889279121729171927121972988 -
      889279129576717675921972988 -
      889279129597474795921972988 -
      960856562315777513265658069 -
      960856587864151468785658069 -
      962903124407616704421309269 -
      962903124428373824421309269 -
      962966507497959794705669269 -
      962966507892161298705669269 -
  L=22: 2 hits in 0.1s
      25963800156370407365100836952 -
      25965145712184048121754156952 -
  L=23: 3 hits in 0.2s
      691022154286947749682451220196 -
      691024876791993399197678420196 -
      714218398654660066456893812417 -
  L=24: 3 hits in 0.2s
      1619853610291648461920163589161 -
      3213544703252812182523074453123 -
      3213546057808432348087506453123 -
  L=25: 0 hits in 0.2s
  L=26: 0 hits in 0.0s
  L=27: 8 hits in 0.2s
      12199068645843235053234854686099121 -
      12199273085156279297265158037299121 -
      12341210492627740904772629401214321 -
      12341231973910821312801937913214321 -
      12345009773704925152940737790054321 prime
      12345214190260052525006209141254321 -
      12345406230917366866371903260454321 -
      12345427181474635753647418172454321 -
  L=28: 2 hits in 0.2s
      1560666708282522625262252828076660651 -
      1560833389725872591952785279833380651 -
  L=29: 1 hits in 0.2s
      37347496071367073477437076317069474373 -
  L=30: 0 hits in 0.2s
  L=31: 31 hits in 0.2s
      1454016369177397335225337937719636104541 -
      1454665553819152938888392519183555664541 -
      1454667205991339409449049331995027664541 -
      1496616623375472128778212745733266166941 -
      3675538601125981400660041895211068355763 -
      3698934328450079031771309700548234398963 -
      3698972312076321851331581236702132798963 -
      3698972396262107539999357012626932798963 -
      4402958702640383121991213830462078592044 -
      4402958706676512653443562156766078592044 -
      4404202419471999057007509991749142024044 -
      4404204168407319722332279137048614024044 -
      4404853586169940003223000499616853584044 -
      5856315724960934465775644390694275136585 -
      5856317224373658274774728563734227136585 -
      5856901217463584777337774853647121096585 -
      5856968146636394266886624936366418696585 -
      5877854468457099802002089907548644587785 -
      5877856300923159642112469513290036587785 -
      5898156797399826530550356289937976518985 -
      5898740959025234804884084325209590478985 -
      6604621911974661773663771664791191264066 -
      6627437460087380351221530837800647347266 -
      6646489319719326120440216239179139846466 -
      8806355855408620062552600268045585536088 -
      8806355859647614048558404167469585536088 -
      8806393670085994156666514995800763936088 -
      8806393843282446060330606442823483936088 -
      8848959510712638610770168362170159598488 -
      9886168445788893141771413988875448616889 -
      11844080970897471279197217479807908044811 -
bases (10,24): P=24 Q=10; lengths 1..29; 29 to do: [1, 2, 3, 4, 5, 6, 7, 8, 9, 10, 11, 12]...
  L=1: 12 hits in 0.0s
      0 -
      1 -
      2 prime
      3 prime
      4 -
      5 prime
      6 -
      7 prime
      8 -
      9 -
      11 prime
      22 -
  L=2: 2 hits in 0.0s
      525 -
      575 -
  L=3: 9 hits in 0.0s
      2332 -
      4664 -
      6226 -
      6996 -
      8558 -
      10001 -
      11011 -
      12621 -
      13631 -
  L=4: 0 hits in 0.0s
  L=5: 19 hits in 0.0s
      374473 -
      1851581 prime
      2207022 -
      2267622 -
      2762672 -
      3118113 -
      3673763 prime
      4029204 -
      4296924 -
      4925294 -
      5103015 -
      5836385 -
      6014106 -
      6281826 -
      6747476 -
      7132317 -
      7192917 -
      7658567 -
      7865687 prime
  L=6: 0 hits in 0.0s
  L=7: 13 hits in 0.0s
      311747113 -
      353000353 -
      417767714 -
      459020954 -
      491979194 -
      728434827 -
      760313067 -
      866333668 -
      981050189 -
      1039669301 -
      1516776151 -
      2315115132 -
      3032112303 -
  L=8: 0 hits in 0.0s
  L=9: 12 hits in 0.1s
      125825528521 -
      129797797921 -
      240745547042 -
      686286682686 -
      780089980087 -
      1042342432401 -
      1047699967401 -
      1318742478131 -
      1490461640941 -
      2024272724202 -
      2084226224802 -
      2084684864802 -
  L=10: 1 hits in 0.0s
      5223359533225 -
  L=11: 21 hits in 0.1s
      100344010443001 -
      106395121593601 -
      108971474179801 -
      273593222395372 -
      279033838330972 -
      294823767328492 -
      296430484034692 -
      352084363480253 -
      379849999948973 -
      649457474754946 -
      649470979074946 -
      668444222444866 -
      709277808772907 -
      720623343326027 -
      726674454476627 prime
      893859050958398 -
      893872555278398 -
      972363696363279 -
      974909929909479 -
      978898787898879 -
      1081605445061801 -
  L=12: 0 hits in 0.1s
  L=13: 9 hits in 0.1s
      37872782328727873 prime
      56257511911575265 -
      334935786687539433 -
      351531099990135153 -
      500807240042708005 -
      689870646646078986 -
      705673961169376507 -
      830868275572868038 -
      834291782287192438 -
  L=14: 1 hits in 0.1s
      5219957301037599125 -
  L=15: 5 hits in 0.1s
      33847674500547674833 -
      39763873222237836793 -
      47620992166129902674 -
      86812504855840521868 -
      225048179525971840522 -
  L=16: 1 hits in 0.2s
      5720472238008322740275 -
  L=17: 4 hits in 0.1s
      14477990660906609977441 -
      71300029594649592000317 -
      95528099096969099082559 prime
      223610367513315763016322 -
  L=18: 4 hits in 0.1s
      526970030147741030079625 -
      5705508594989894958055075 -
      5705961553567653551695075 -
      5726393288270728823936275 -
  L=19: 6 hits in 0.2s
      9480571413533353141750849 -
      78306968117055071186960387 -
      88548947001722710074984588 -
      92457915335366353351975429 -
      125623664514686415466326521 -
      135021991807353708199120531 -
  L=20: 1 hits in 0.2s
      578379706633898336607973875 -
  L=21: 16 hits in 0.1s
      8901573125919119195213751098 -
      13797218632245654223681279731 -
      24758778014539193541087785742 -
      26621349082992929928094312662 -
      41304313740776067704731340314 -
      43808659619518881591695680834 -
      48806811197453835479111860884 -
      52966244482139693128444266925 -
      54471793440915151904439717445 -
      65667330599283138299503376656 -
      67140814774707470747741804176 -
      67798439089955355998093489776 -
      89943384230599899503248334998 -
      93820860090491719409006802839 -
      95333149645217171254694133359 -
      95959991427309890372419995959 -
  L=22: 1 hits in 0.1s
      527344724413210012314427443725 -
  L=23: 9 hits in 0.2s
      6681340314953258523594130431866 -
      9166109264546872786454629016619 -
      9166730205878850588785020376619 -
      12635645261960899806916254653621 -
      17668568137478033087473186586671 -
      34750790472271266217227409705743 -
      39946418853603522530635881464993 -
      41788153958305444450385935188714 -
      53970061629801255210892616007935 -
  L=24: 1 hits in 0.2s
      528095667133627121726331766590825 -
  L=25: 10 hits in 0.5s
      7176648563267884994887623658466717 -
      8978276108079019889109708016728798 -
      12391139543577315651377534593119321 -
      18318239323495970607959432393281381 -
      24267986248298613331689284268976242 -
      24425722377037911011973077322752442 -
      24683434086876873637867868043438642 -
      30903810792505641214650529701830903 -
      30922009995454161816145459990022903 -
      30926608891576324642367519880662903 -
  L=26: 0 hits in 0.3s
  L=27: 7 hits in 1.7s
      2026955645761869444449681675465596202 -
      6542905687555049468649405557865092456 -
      6581422999518603166613068159992241856 -
      6793833140413087821287803140413383976 -
      8129696303685614734374165863036969218 -
      8331766369985002897982005899636671338 -
      10354958024133644277244633142085945301 -
  L=28: 0 hits in 1.8s
  L=29: 9 hits in 5.1s
      1736515410473024959559594203740145156371 -
      1752661427041315035335305131407241662571 -
      2688655175374362009009002634735715568862 -
      4516645234478258235555328528744325466154 -
      7528751229655133341661433315569221578257 -
      7562498229787438797447978347879228942657 -
      8103917806388616247557426168836087193018 -
      8105050367697012413773142107967630505018 -
      9620280823785621796226971265873280820269 -
bases (10,27): P=27 Q=10; lengths 1..28; 28 to do: [1, 2, 3, 4, 5, 6, 7, 8, 9, 10, 11, 12]...
  L=1: 12 hits in 0.0s
      0 -
      1 -
      2 prime
      3 prime
      4 -
      5 prime
      6 -
      7 prime
      8 -
      9 -
      11 prime
      22 -
  L=2: 2 hits in 0.0s
      252 -
      616 -
  L=3: 7 hits in 0.0s
      757 prime
      838 -
      919 prime
      10301 prime
      13031 -
      15951 -
      17871 -
  L=4: 1 hits in 0.0s
      65856 -
  L=5: 14 hits in 0.0s
      1197911 -
      2287822 -
      4385834 -
      5475745 -
      5549455 -
      6278726 -
      6639366 -
      7368637 -
      7573757 -
      8663668 -
      8737378 -
      9392939 -
      9466649 -
      9827289 -
  L=6: 2 hits in 0.0s
      67166176 -
      214171412 -
  L=7: 7 hits in 0.0s
      609808906 -
      836040638 -
      2132882312 -
      2487997842 -
      5364224635 -
      8417447148 -
      9058338509 -
  L=8: 0 hits in 0.0s
  L=9: 15 hits in 0.0s
      2823881883282 -
      2904768674092 -
      2969036309692 -
      3817559557183 -
      3958336338593 -
      4280234320824 -
      4446399936444 -
      4520609060254 -
      4725972795274 -
      4806859586084 -
      5052248422505 -
      5193025203915 -
      5779540459775 -
      6014294924106 -
      6041548451406 -
  L=10: 0 hits in 0.0s
  L=11: 8 hits in 0.0s
      570984989489075 -
      824685424586428 -
      872951606159278 -
      963217686712369 -
      987115383511789 -
      1276149009416721 -
      2533880440883352 -
      3774273333724773 -
  L=12: 1 hits in 0.0s
      63240319091304236 -
  L=13: 15 hits in 0.0s
      295871648846178592 -
      475084743347480574 -
      752009074470900257 -
      957001143341100759 -
      1653624894984263561 -
      1800943129213490081 -
      1905991653561995091 -
      1975783979793875791 prime
      2019923988893299102 -
      2800354468644530082 -
      2885566902096655882 -
      2973882904092883792 -
      2988046368636408892 -
      3032960836380692303 -
      3386694465644966833 -
  L=14: 0 hits in 0.0s
  L=15: 10 hits in 0.3s
      183041901838109140381 -
      696067919323919760696 -
      703326187535781623307 -
      814161635171536161418 -
      827809907060709908728 -
      914953225585522359419 -
      1382730900000090372831 -
      1693404525995254043961 -
      2635233580220853325362 -
      2746983281331823896472 -
  L=16: 1 hits in 0.2s
      46250977359995377905264 -
  L=17: 10 hits in 0.2s
      86079962605250626997068 -
      92723610384148301632729 prime
      94261674204140247616249 -
      464397564319913465793464 -
      1000238930136310398320001 -
      1208548428985898248458021 -
      1798059854180814589508971 -
      1802160476849486740612081 -
      1886747161210121617476881 -
      2073977966078706697793702 -
  L=18: 2 hits in 0.2s
      4038117968333338697118304 -
      6950012081730371802100596 -
  L=19: 10 hits in 0.2s
      67376114548255284541167376 -
      109088505300868003505880901 -
      164996124019474910421699461 -
      226437851929787929158734622 -
      295710359334929433953017592 -
      398609983818969818389906893 -
      463491688380535083886194364 -
      648309341763686367143903846 -
      703579834254303452438975307 -
      831518727594434495727815138 -
  L=20: 2 hits in 0.4s
      27777283502459795420538277772 -
      42164024668980508986642046124 -
  L=21: 9 hits in 0.6s
      43065687613305450331678656034 -
      73962984614988488941648926937 -
      82273967708724142780776937228 -
      95872230303232323230303227859 -
      98879695394699799649359697889 -
      326453310088550055880013354623 -
      494057913608053350806319750494 -
      887048854471873378174458840788 -
      1026544977961689861697794456201 -
  L=22: 3 hits in 0.6s
      4039208702958088808592078029304 -
      6747384413564170714653144837476 -
      27575143052156588565125034157572 -
  L=23: 10 hits in 4.5s
      83027353415039299293051435372038 -
      155588984137475808574731489885551 -
      189280460611063202360116064082981 -
      223358812422880656088224218853322 -
      299767984523300878003325489767992 -
      408106468300596595695003864601804 -
      431744675910509171905019576447134 -
      656227032976644828446679230722656 -
      672258821107252454252701128852276 -
      780987580723929343929327085789087 -
  L=24: 2 hits in 3.7s
      4670358386321237227321236838530764 -
      21406155574073919491937047555160412 -
  L=25: 7 hits in 23.1s
      27603870537658852825885673507830672 -
      44426405585109416961490158550462444 -
      97647638086818449694481868083674679 -
      189112089528966001100669825980211981 -
      235532079932223560065322239970235532 -
      376783390565948663366849565093387673 -
      602153892086476378873674680298351206 -
  L=26: 0 hits in 14.1s
  L=27: 16 hits in 68.1s
      48076186794864009400490046849768167084 -
      67345675495266952644625966259457654376 -
      74583678716146397455479364161787638547 -
      107988715764781711757117187467517889701 -
      113068478736838050606050838637874860311 -
      163772118047068307101703860740811277361 -
      175982856145907833161338709541658289571 -
      176398557279817752676257718972755893671 -
      222577826097665297090792566790628775222 -
      226641556028502163353361205820655146622 -
      256663504510534717262717435015405366652 -
      280639982162055172414271550261289936082 -
      332913509857918981171189819758905319233 -
      383265806172016142343241610271608562383 -
      386666132385892294444492298583231666683 -
      395827462414838814606418838414264728593 -
  L=28: 1 hits in 259.6s
      6355998462989294720880274929892648995536 -
bases (10,32): P=10 Q=32; lengths 1..40; 40 to do: [1, 2, 3, 4, 5, 6, 7, 8, 9, 10, 11, 12]...
  L=1: 10 hits in 0.0s
      0 -
      1 -
      2 prime
      3 prime
      4 -
      5 prime
      6 -
      7 prime
      8 -
      9 -
  L=2: 5 hits in 0.0s
      11 prime
      22 -
      33 -
      66 -
      99 -
  L=3: 2 hits in 0.0s
      363 -
      858 -
  L=4: 5 hits in 0.0s
      1441 -
      2882 -
      5445 -
      6886 -
      9449 -
  L=5: 6 hits in 0.0s
      15951 -
      19891 prime
      21012 -
      29692 -
      32223 -
      54945 -
  L=6: 10 hits in 0.0s
      369963 -
      477774 -
      564465 -
      585585 -
      609906 -
      672276 -
      717717 -
      780087 -
      804408 -
      912219 -
  L=7: 12 hits in 0.0s
      1251521 -
      2639362 -
      3825283 -
      4236324 -
      5422245 -
      5487845 -
      6673766 -
      6882886 -
      8407048 -
      9658569 -
      9802089 -
      9867689 -
  L=8: 6 hits in 0.0s
      18255281 -
      21033012 -
      21499412 -
      25777752 -
      29800892 -
      37477473 -
  L=9: 3 hits in 0.0s
      388919883 -
      933909339 -
      983767389 -
  L=10: 5 hits in 0.0s
      1219669121 -
      2880990882 -
      3403003043 -
      6806006086 -
      8804774088 -
  L=11: 5 hits in 0.1s
      10261916201 -
      10269296201 -
      14311211341 -
      18884748881 -
      34318181343 -
  L=12: 6 hits in 0.0s
      421833338124 -
      444036630444 -
      494889988494 -
      691647746196 -
      846261162648 -
      935448844539 -
  L=13: 9 hits in 0.1s
      1232143412321 -
      1462999992641 -
      4462757572644 -
      5806855586085 -
      5842794972485 -
      6886033306886 -
      8825076705288 -
      8842552552488 -
      8867028207688 -
  L=14: 3 hits in 0.1s
      10641522514601 -
      17438700783471 -
      24916011061942 -
  L=15: 0 hits in 0.1s
  L=16: 5 hits in 0.1s
      1032078008702301 -
      1278746666478721 -
      2297158228517922 -
      2869960660699682 -
      3422669229662243 -
  L=17: 14 hits in 0.1s
      10263806360836201 -
      10478015751087401 -
      10603962026930601 -
      10894711311749801 prime
      13150353235305131 prime
      13177885058877131 -
      14777935853977741 -
      17096171817169071 -
      17624701910742671 prime
      27402111411120472 -
      27429643234692472 -
      27630511811503672 -
      33303935753930333 -
      85491930303919458 -
  L=18: 5 hits in 0.1s
      112474443344474211 -
      330774945549477033 -
      465707571175707564 -
      571259217712952175 -
      776016912219610677 -
  L=19: 4 hits in 0.2s
      2449080129210809442 -
      2808927324237298082 -
      4650111258521110564 -
      5888361733371638885 -
  L=20: 5 hits in 0.1s
      23398054977945089332 -
      50193942722724939105 -
      50385737133173758305 -
      52413912066021931425 -
      81298451466415489218 -
  L=21: 5 hits in 0.2s
      118191600999006191811 -
      189897262505262798981 -
      720704543656345407027 -
      720953788010887359027 -
      834217851252158712438 -
  L=22: 4 hits in 0.1s
      1156524967227694256511 -
      1173275681771865723711 -
      3802421810880181242083 -
      9323872306666032783239 -
  L=23: 7 hits in 0.2s
      13323559271817295532331 -
      13557154997779945175531 -
      16237179297979297173261 -
      23772269701010796227732 -
      26414001792329710041462 -
      29197716498989461779192 -
      32315008751515780051323 -
  L=24: 6 hits in 0.2s
      137336214690096412633731 -
      245120134407704431021542 -
      262675914174471419576262 -
      484142293317713392241484 -
      590075625273372526570095 -
      616149465150051564941616 -
  L=25: 5 hits in 0.1s
      1694641834757574381464961 -
      2654193725506055273914562 -
      2656455315250525135546562 -
      2821089475799975749801282 -
      3650772347537357432770563 -
  L=26: 5 hits in 0.1s
      13703835735211253753830731 -
      13705732732222223723750731 -
      22579494754900945749497522 -
      38578568383888838386587583 -
      52603059691688619695030625 -
  L=27: 3 hits in 0.1s
      359099752284777482257990953 -
      372701203034353430302107273 -
      506074255457101754552470605 -
  L=28: 0 hits in 0.1s
  L=29: 6 hits in 0.2s
      16258064860902920906846085261 -
      16630176836909890963867103661 -
      19143478453148284135487434191 -
      34214632058374547385023641243 -
      38749821192037973029112894783 -
      75457895768742624786759875457 -
  L=30: 7 hits in 0.2s
      137907458663520025366854709731 -
      152526465243081180342564625251 -
      391169135792712217297531961193 -
      391371651692088880296156173193 -
      484776666646053350646666677484 -
      893104925898012210898529401398 -
      897300387395358853593783003798 -
  L=31: 9 hits in 0.1s
      1827120858546155516458580217281 -
      2614637404044687864404047364162 -
      2869992933664589854663392999682 -
      2880317007121244421217007130882 -
      3821656617672933392767166561283 -
      3829258391070970790701938529283 -
      6116015172891715171982715106116 -
      6192071557068116118607551702916 -
      8114119595139939399315959114118 -
  L=32: 4 hits in 0.1s
      19126195852334455443325859162191 -
      19337115397405666650479351173391 -
      19354629378113022031187392645391 -
      28528630920961911916902903682582 -
  L=33: 5 hits in 0.3s
      133537361909042545240909163735331 -
      305646939291116494611192939646503 -
      608120745870389767983078547021806 -
      718676657137361383163731756676817 -
      845015864866901323109668468510548 -
  L=34: 3 hits in 0.3s
      1201274898763484774843678984721021 -
      1424755277771654224561777725574241 -
      2677959269441261991621449629597762 -
  L=35: 5 hits in 0.3s
      12352527252841208880214825272525321 -
      12373301226111401910411162210337321 -
      12949187700037911311973000778194921 -
      16883812041873367076337814021838861 prime
      37772299864182889098828146899227773 -
  L=36: 7 hits in 0.3s
      131674914134385393393583431419476131 -
      260948833856091393393190658338849062 -
      289224684977800821128008779486422982 -
      393695737753417569965714357737596393 -
      690604338340352571175253043833406096 -
      903461314006158102201851600413164309 -
      991831972640326410014623046279138199 -
  L=37: 8 hits in 0.9s
      1148461198267813405043187628911648411 -
      2675004339402320672760232049334005762 -
      5196202849020696559556960209482026915 -
      6517566220007022823282207000226657156 -
      7787269313567421906091247653139627877 -
      7912971017863643268623463687101792197 -
      8348353494350559277729550534943538438 -
      8593354247171895797975981717424533958 -
  L=38: 3 hits in 1.0s
      21378094507492772344327729470549087312 -
      39692252688932288211288223988625229693 -
      79631741235611395777759311653214713697 -
  L=39: 2 hits in 1.2s
      158030735162336529909925633261537030851 -
      731105753210065694020496560012357501137 -
  L=40: 4 hits in 1.6s
      1068604321860883896006983880681234068601 -
      1089576879829892386226832989289786759801 -
      7306981228494811137887311184948221896037 -
      8743319468815734039779304375188649133478 -
bases (10,36): P=36 Q=10; lengths 1..26; 26 to do: [1, 2, 3, 4, 5, 6, 7, 8, 9, 10, 11, 12]...
  L=1: 13 hits in 0.0s
      0 -
      1 -
      2 prime
      3 prime
      4 -
      5 prime
      6 -
      7 prime
      8 -
      9 -
      11 prime
      22 -
      33 -
  L=2: 10 hits in 0.0s
      111 -
      222 -
      333 -
      444 -
      555 -
      666 -
      777 -
      888 -
      999 -
      1221 -
  L=3: 12 hits in 0.0s
      1441 -
      2882 -
      5115 -
      12321 -
      16861 -
      19491 -
      21112 -
      30803 prime
      33433 -
      36063 -
      37973 -
      42224 -
  L=4: 4 hits in 0.0s
      159951 -
      741147 -
      987789 -
      1301031 -
  L=5: 11 hits in 0.0s
      1867681 -
      3315133 prime
      4306034 -
      5182815 -
      5927295 -
      6918196 -
      6950596 -
      9242429 -
      9488849 -
      10066001 -
      48655684 -
  L=6: 1 hits in 0.0s
      952343259 -
  L=7: 15 hits in 0.0s
      22446164422 -
      27958485972 -
      37280408273 -
      37579097573 -
      44596069544 -
      49931613994 -
      54647974645 -
      56102620165 -
      56276967265 -
      59552225595 -
      61664946616 -
      66394149366 -
      66516061566 -
      71904040917 -
      73533033537 -
  L=8: 2 hits in 0.0s
      1679755579761 -
      2402398932042 -
  L=9: 6 hits in 0.1s
      3955010105593 -
      25120399302152 -
      28420977902482 -
      32866755766823 -
      67743488434776 -
      85582866828558 -
  L=10: 3 hits in 0.1s
      343201454102343 -
      361400848004163 -
      389004000400983 -
  L=11: 12 hits in 0.1s
      5804986116894085 -
      13906815051860931 -
      46421250005212464 -
      46524937473942564 -
      50813624942631805 -
      57673510101537675 -
      66934618481643966 -
      70546180208164507 -
      70649867676894607 -
      70701803330810707 -
      77305171417150377 -
      116979806608979611 -
  L=12: 3 hits in 0.1s
      839256186681652938 -
      854404185581404458 -
      2476507590957056742 -
  L=13: 12 hits in 0.1s
      5056422359532246505 -
      21783718822881738712 -
      40685060744706058604 -
      68332722733722723386 -
      89128718100181782198 -
      89811756188165711898 -
      111471214393412174111 prime
      113267621838126762311 -
      113540594040495045311 -
      130213518888815312031 -
      131707504070405707131 -
      151189775222577981151 -
  L=14: 1 hits in 0.1s
      928936838838838639829 -
  L=15: 20 hits in 0.1s
      9024948796116978494209 -
      19343889854545898834391 -
      19487221114441112278491 -
      19976326470307462367991 -
      27364091592729519046372 -
      29080101105450110108092 -
      29809356863336865390892 -
      31720854267576245802713 -
      31906322447474422360913 -
      35878280107670108287853 -
      41448341769396714384414 -
      64667650473137405676646 -
      70472578710501787527407 -
      72429602613831620692427 -
      87402858796369785820478 -
      93239278549194587293239 -
      97026839116161193862079 -
      105296251792297152692501 -
      118103353529925353301811 -
      194785918211112819587491 -
  L=16: 3 hits in 0.1s
      746670037767767730076647 -
      3432276104782874016722343 -
      7059908128897988218099507 -
  L=17: 7 hits in 0.1s
      9045179247078707429715409 -
      30507191077566577019170503 -
      57187213615977951631278175 -
      154040954300939003459040451 -
      190926922944575449229629091 -
      208453618453828354816354802 -
      258954146822919228641459852 -
  L=18: 1 hits in 0.1s
      9609197380790770970837919069 -
  L=19: 10 hits in 0.2s
      54050718691979797919681705045 -
      56022109030232723203090122065 -
      62544212294669896649221244526 -
      64555628751761516715782655546 -
      156815644256481184652446518651 -
      324019791061220022160197910423 -
      326689570493201102394075986623 -
      329328719094341143490917823923 -
      364264407355117711553704462463 -
      368333583474271172474385333863 -
  L=20: 3 hits in 0.3s
      1140966759298904098929576690411 -
      5932946073275155515723706492395 -
      7258238679137491947319768328527 -
  L=21: 7 hits in 0.4s
      73338240417336344363371404283337 -
      121873065087957393759780560378121 -
      124445676475168949861574676544421 -
      125073559042129151921240955370521 -
      242975264029568434865920462579242 -
      275676844677838969838776448676572 -
      393981968728751757157827869189393 -
  L=22: 2 hits in 0.5s
      8974491658163999119993618561944798 -
      13006860378888401210488887306860031 -
  L=23: 6 hits in 3.9s
      33335134970615882328851607943153333 -
      33567980330440491719404403308976533 prime
      57812420136644237873244663102421875 -
      98598118179043487178434097181189589 -
      378945010320915138831519023010549873 -
      600307735512316805508613215537703006 -
  L=24: 3 hits in 3.6s
      5648585064281313742473131824605858465 -
      5896567030304396594956934030307656985 -
      18172335099053207988970235099053327181 -
  L=25: 11 hits in 4.1s
      35309429607965398166189356970692490353 -
      172554553720805442949244508027355455271 -
      412697415594802342424243208495514796214 -
      535368960280335463414364533082069863535 -
      561930608233561613888316165332806039165 -
      566497147700305047676740503007741794665 -
      638749653930535236646632535039356947836 -
      680058993690376872090278673096399850086 -
      685465562809958132656231859908265564586 -
      705449167170320140080041023071761944507 -
      708563998869489252292252984968899365807 -
  L=26: 1 hits in 3.9s
      4009748897277516385115836157727988479004 -
bases (7,29): P=29 Q=7; lengths 1..28; 28 to do: [1, 2, 3, 4, 5, 6, 7, 8, 9, 10, 11, 12]...
  L=1: 10 hits in 0.0s
      0 -
      1 -
      2 prime
      3 prime
      4 -
      5 prime
      6 -
      8 -
      16 -
      24 -
  L=2: 2 hits in 0.0s
      150 -
      300 -
  L=3: 11 hits in 0.0s
      5952 -
      7752 -
      7955 -
      9755 -
      9958 -
      11904 -
      13704 -
      13907 prime
      14110 -
      15707 -
      15910 -
  L=4: 1 hits in 0.0s
      392850 -
  L=5: 8 hits in 0.0s
      751043 -
      4585544 -
      12737804 -
      12828748 -
      16380296 -
      19289406 -
      19380350 -
      20228253 -
  L=6: 2 hits in 0.0s
      33115710 -
      395849700 -
  L=7: 12 hits in 0.0s
      1339182534 -
      1559018571 -
      1657740313 prime
      1887782756 -
      4101790688 -
      5847143192 -
      5867605592 -
      7369606800 -
      7390069200 -
      7646873944 -
      9255118856 -
      9511923600 -
  L=8: 5 hits in 0.0s
      84242963160 -
      89342886660 -
      148492661640 -
      256842091200 -
      480691218480 -
  L=9: 5 hits in 0.1s
      688080293286 -
      1176680893991 -
      1353798769135 -
      4032235777820 -
      4088499671157 -
  L=10: 4 hits in 0.1s
      55301468153100 -
      153773852606700 -
      173959139698650 -
      291624900906480 -
  L=11: 14 hits in 0.1s
      769803145794840 -
      3749731044462685 -
      4693086160483548 -
      5944101034891393 -
      6002417342510571 -
      6533110218490951 -
      6938046464321557 -
      7796939778801793 -
      8314655449607106 -
      9164688817196414 -
      9651566267827748 -
      10063492369486373 -
      10197981236185266 -
      11129711804045428 -
  L=12: 4 hits in 0.1s
      203838338365276890 -
      216672097261764510 -
      263794361852430720 -
      299353887101501970 -
  L=13: 8 hits in 0.1s
      376846088750170568 -
      501987123387122211 -
      2930908659700483208 -
      3011639550202798464 -
      4664121418875645686 -
      5443920695595169278 -
      9001551792045443843 -
      10033940559704098928 -
  L=14: 1 hits in 0.1s
      135966076546616278680 -
  L=15: 6 hits in 0.3s
      1308097571666996682060 -
      3655226458975970975336 -
      4008818147077339125168 -
      4165195826558524501992 -
      5523505261059547295160 -
      8529224218399934779176 -
  L=16: 1 hits in 0.2s
      35151729044016343190400 -
  L=17: 8 hits in 0.2s
      833738422641562474112700 -
      999244876418973376317239 -
      1602185222347852978705306 -
      1656746536374976176858514 -
      1690200505773545420660897 -
      1854853698937308231644556 -
      4275533119321048313498456 -
      4688233494289242618749232 -
  L=18: 2 hits in 0.1s
      25210299569040214043165010 -
      88640854041471564302725020 -
  L=19: 12 hits in 0.5s
      682440301481085470266737672 -
      1197750169891984486711053590 -
      1361710991115536603157147806 -
      2181959871705099791966033339 prime
      2353705701903366377037565138 -
      2630698638768699154848240456 -
      4015424299333924901056342902 -
      4094026678748732862064367939 -
      4452810945468239806522930262 -
      5496783331054601551718026488 -
      5519900107707795803356399096 -
      5834873563376845522159863299 -
  L=20: 1 hits in 0.4s
      10185425991581519311880174880 -
  L=21: 8 hits in 0.7s
      181311531269527234380368310064 -
      206371721704695004293467136228 -
      229178357183758569200587331656 -
      564383299150944713348013219192 -
      574892544028626843073583183432 -
      902047157282097106779466806064 -
      954154576382767705104069966904 -
      1338493406559731724814753498792 -
  L=22: 2 hits in 0.6s
      17878942092082627757392709279250 -
      98688779287503473910583675335960 -
  L=23: 9 hits in 3.8s
      166274166305470634655175513946806 -
      456340620582279969056851328003113 -
      542487791808767273942096960375708 -
      677728654579082985648755054137521 -
      832105036508509982507053047406094 -
      900363091701632812989640954227359 -
      1045439664559434803120456507952160 -
      2244904423075300182560820366087312 -
      2312690082561634822793675546254464 -
  L=24: 1 hits in 12.0s
      21466661959990399742675086148581500 -
  L=25: 13 hits in 23.5s
      318241525949317690369237910040605167 -
      639036375376925905736905899287519445 -
      708165424583184734591279952551993611 -
      988168675641640107398122944922767880 -
      1009513338550270404307564792021421654 -
      1211511287893909110309275996829668071 -
      1292236219293855893423409399976849702 -
      1447481475951212651442114165447720114 -
      1528566513089049364017331497694610047 -
      1582248248889627875766174935855496015 -
      1675433359125339441258588451438958970 -
      2355504544653059875807538906208818864 -
      2709872124676299480532690722469959080 -
  L=26: 1 hits in 24.3s
      94495784922168090745577526859349286660 -
  L=27: 12 hits in 246.3s
      155387298163631788487380460754391587624 -
      379824079815666784693712892157381051536 -
      829893583642528326970845593633134065524 -
      959413827467328968892515335619758687922 -
      1107023490906925063998410119733322806885 -
      1240153024962118456061735651667639622800 -
      1412823782869711595507613029751431104675 -
      1483842840062095904086608532854823157612 -
      1611213098424939749697912467411971993048 -
      2112026599570702091990848523075950439690 -
      2301869556607992655801090803263189785206 -
      2595994748322913398783012243698158764544 -
  L=28: 3 hits in 257.2s
      28209634520289646009255244475716583045360 -
      32619396036355908297530850514397233376520 -
      77500874388663233456943143328448829127570 -
bases (2,9): P=9 Q=2; lengths 1..55; 1 to do: [55]
  L=55: 0 hits in 4072.4s
bases (2,9): P=9 Q=2; lengths 1..55; 1 to do: [55]
=== M4 Max rev. 6 queue started 2026-10-01 08:17 ===
bases (2,10): P=10 Q=2; lengths 1..52; 6 to do: [47, 48, 49, 50, 51, 52]
  L=47: 8 hits in 43.0s
      12328899531897059171731113717195079813599882321 -
      16422159001061376847917371974867316010095122461 -
      36755925874534219715185758151791243547852955763 -
      56243939994005432191600400619123450049993934265 -
      72224512737657344148643434684144375673721542227 -
      72830033748815722240681118604222751884733003827 -
      74953152103456169263148284136296165430125135947 -
      78737696079148631316169196161313684197069673787 -
  L=48: 3 hits in 47.0s
      102735644379963218861031130168812369973446537201 -
      502186653128032879493361163394978230821356681205 -
      597817365870480462496846648694264084078563718795 -
  L=49: 3 hits in 167.9s
      1873893355166996611906735376091166996615533983781 -
      7109242970502610649115178715119460162050792429017 -
      9142687306518774468290258520928644778156037862419 -
  L=50: 0 hits in 179.4s
  L=51: 5 hits in 1233.5s
      128426799107797312365090999090563213797701997624821 -
      308714513290492817327216515612723718294092315417803 -
      349755095251390482672234414432276284093152590557943 -
      544889901625422417825862090268528714224526109988445 -
      546590550388169569066255343552660965961883055095645 -
  L=52: 3 hits in 1187.5s
      1671376559622765380050133113310500835672269556731761 -
      1894500919149741184783894664983874811479419190054981 -
      3329456979344803072321377337731232703084439796549233 -
bases (10,11): P=11 Q=10; lengths 1..45; 5 to do: [41, 42, 43, 44, 45]
  L=41: 11 hits in 1390.6s
      1073811149728403473368633743048279411183701 -
      1307053255102432061532351602342015523507031 -
      1912331210262910379098909730192620121332191 -
      2132925218915356848859588486535198125292312 -
      2182306285876034227135317224306785826032812 -
      2809999950264829199294929919284620599999082 -
      2843678464784703042437342403074874648763482 -
      2908115322428567354674764537658242235118092 -
      4533755261346805719207029175086431625573354 -
      4632919010246940877567657780496420109192364 -
      4893368111298516586600066856158921118633984 -
  L=42: 0 hits in 172.5s
  L=43: 9 hits in 1387.4s
      169742401286033983434040434389330682104247961 -
      265456570967844514718828817415448769075654562 -
      275225270480146250394090493052641084072522572 -
      308064926343701786446171644687107343629460803 -
      431028889674450218069434960812054476988820134 -
      431318539700620568492050294865026007935813134 -
      487133572675068603865989568306860576275331784 -
      487679888306988404993626399404889603888976784 -
      553226364491636179474030474971636194463622355 -
  L=44: 4 hits in 927.2s
      615690200853028959892313298959820358002096516 -
      635898404399363439317515713934363993404898536 -
      674554974198117230481525184032711891479455476 -
      846047919531722408458232854804227135919740648 -
  L=45: 15 hits in 8952.2s
      21584244309675204190415251409140257690344248512 -
      25340412210473763163945254936136737401221404352 -
      31260465468380594949859495894949508386456406213 -
      36381748905335204384485458448340253350984718363 -
      37217220882226678500980108900587662228802271273 -
      40171808135027891777036363077719872053180817104 -
      44522393258139437795821812859773493185239322544 -
      44738370583697867899713531799876879638507383744 -
      48251378126172552693276867239625527162187315284 -
      53946524479803082466654645666428030897442564935 -
      54354742191359503131711311713130595319124745345 -
      58653654013858473378195759187337485831045635685 -
      61574366441362054803907070930845026314466347516 -
      65668357073508847804442024440874880537075386656 -
      66412977928815450277974547977205451882977921466 -
bases (7,10): P=10 Q=7; lengths 1..46; 4 to do: [43, 44, 45, 46]
  L=43: 4 hits in 762.9s
      4434074825187744934144414394477815284704344 -
      5281343537144715210136310125174417353431825 -
      8877204653520379384011104839730253564027788 -
      8879485071145995026315136205995411705849788 -
  L=44: 0 hits in 1459.5s
  L=45: 5 hits in 2495.5s
      180925669332841389941232149983148233966529081 -
      311169524620804825923313329528408026425961113 -
      450564097282938794403909304497839282790465054 -
      553036045481929288150737051882929184540630355 -
      867487137091031819481151184918130190731784768 -
  L=46: 1 hits in 2537.3s
      2171739140600024145130330315414200060419371712 -
bases (10,13): P=13 Q=10; lengths 1..41; 3 to do: [39, 40, 41]
  L=39: 9 hits in 999.6s
      2224398974228354843776773484538224798934222 -
      2261886301498873363256523633788941036881622 -
      4892086196299769790267620979679926916802984 -
      5394054314971358367058507638531794134504935 -
      6719687586813711586306036851173186857869176 -
      9124176108741754085271725804571478016714219 -
      14992489106782616198799789161628760198429941 -
      20846084655647428429544592482474655648064802 -
      21288181722793802159111195120839722718188212 -
  L=40: 1 hits in 776.3s
      278365360311546695493959394596645113063563872 -
  L=41: 3 hits in 7197.1s
      716777014884166036054080450630661488410777617 -
      1394086301522218239674444769328122251036804931 -
      3303183857247324993363223633994237427583813033 -
bases (9,10): P=10 Q=9; lengths 1..47; 1 to do: [47]
  L=47: 8 hits in 3699.0s
      10556384804866956594737673749565966840848365501 -
      38500179549623582840929492904828532694597100583 -
      41310198430826875320435353402357862803489101314 -
      48130747563995493605406760450639459936574703184 -
      48474237338685572832254345223827558683373247484 -
      51793390466831837983106460138973813866409339715 -
      53810136518305805244922022944250850381563101835 -
      53896469625184498335709390753389448152696469835 -
bases (2,3): P=3 Q=2; lengths 1..109; 2 to do: [108, 109]
  L=108: 0 hits in 0.0s
  L=109: 0 hits in 12164.2s
bases (3,10): P=10 Q=3; lengths 1..47; 1 to do: [47]
  L=47: 3 hits in 7343.5s
      14920314246455143844691519644834155464241302941 -
      42797999695110497707852025870779401159699979724 -
      48105236043533460403883138830406433534063250184 -
bases (7,10): P=10 Q=7; lengths 1..47; 1 to do: [47]
  L=47: 5 hits in 13536.3s
      15151662543165206394071417049360256134526615151 -
      23863825574701285400822922800458210747552836832 -
      26183697954225997597894649879579952245979638162 -
      30059957243077576170256565207167577034275995003 -
      40985261331027161822342224322816172013316258904 -
bases (2,10): P=10 Q=2; lengths 1..54; 2 to do: [53, 54]
  L=53: 6 hits in 4080.0s
      11583408501354096073227429192472237069045310580438511 -
      14290800261309297950160720602706105979290316200809241 -
      38042682015138742476430662826603467424783151028624083 -
      74107193679989476350632192529123605367498997639170147 -
      96974333658798698186600459595400668189689785633347969 -
      98269568061626490790443471917434409709462616086596289 -
  L=54: 1 hits in 4256.5s
      141608322140499819558130089980031855918994041223806141 -
bases (9,10): P=10 Q=9; lengths 1..49; 2 to do: [48, 49]
  L=48: 0 hits in 1902.5s
=== M4 Max rev. 7 queue armed 2026-10-02 07:13 (A060792 first; waits for the running step) ===
  L=49: 5 hits in 15682.7s
      1398431144571471204257931397524021741754411348931 -
      1420314500395989072832167612382709895930054130241 -
      2068052695417313416490821280946143137145962508602 -
      2283821324387255488765340435678845527834231283822 -
      3532769176737751184632751572364811577376719672353 -
bases (2,3): P=3 Q=2; lengths 1..112; 3 to do: [110, 111, 112]
  L=110: 0 hits in 0.0s
  L=111: 1 hits in 14309.3s
      42468857786616486687891165709191634653913393785544903 -
  L=112: 0 hits in 0.0s
bases (2,3): P=3 Q=2; lengths 1..113; 1 to do: [113]
  L=113: 0 hits in 4698.0s
bases (2,3): P=3 Q=2; lengths 1..113; 1 to do: [113]
  L=113: 0 hits in 4643.8s
bases (2,3): P=3 Q=2; lengths 1..113; 1 to do: [113]
  L=113: 0 hits in 4620.9s
bases (2,3): P=3 Q=2; lengths 1..113; 1 to do: [113]
  L=113: 0 hits in 4615.5s
bases (2,3): P=3 Q=2; lengths 1..113; 0 to do: []
bases (2,3): P=3 Q=2; lengths 1..113; 0 to do: []
bases (2,3): P=3 Q=2; lengths 1..113; 0 to do: []
bases (2,3): P=3 Q=2; lengths 1..113; 0 to do: []
bases (3,10): P=10 Q=3; lengths 1..49; 2 to do: [48, 49]
  L=48: 5 hits in 7768.5s
      124458718612960018220428824022810069216817854421 -
      254370707068945709669105501966907549860707073452 -
      467133988768016052615331133516250610867889331764 -
      467135700672249611548285582845116942276007531764 -
      926106414507492195751064460157591294705414601629 -
  L=49: 7 hits in 32030.1s
      1257761522960620942257046407522490260692251677521 -
      4041214683295952053826211126283502595923864121404 -
      4054143930430067149740681860479417600340393414504 -
      5831868009594752801215340435121082574959008681385 -
      6419025021058648449848194918489448468501205209146 -
      7312953677222828045531909091355408282227763592137 -
      8312993012239535645027467647205465359322103992138 -
bases (2,3): P=3 Q=2; lengths 1..115; 1 to do: [115]
=== M4 Max rev. 8 queue armed 2026-10-03 07:26 (L=115 parts, A046479, L=55 steps, A060792 L=117; waits for the running part) ===
  L=115: 0 hits in 2492.9s
bases (2,3): P=3 Q=2; lengths 1..115; 1 to do: [115]
=== M4 Max rev. 9 queue started 2026-10-03 10:58 (four machines) ===
bases (2,3): P=3 Q=2; lengths 1..115; 1 to do: [115]
  L=115: 0 hits in 7685.0s
bases (2,3): P=3 Q=2; lengths 1..115; 0 to do: []
bases (2,3): P=3 Q=2; lengths 1..115; 1 to do: [115]
  L=115: part 3/16 claimed by Jeffs-Mac-Studio at 2026-10-03T12:09:18, skipping
bases (2,3): P=3 Q=2; lengths 1..115; 0 to do: []
bases (2,3): P=3 Q=2; lengths 1..115; 0 to do: []
bases (2,3): P=3 Q=2; lengths 1..115; 0 to do: []
bases (2,3): P=3 Q=2; lengths 1..115; 0 to do: []
bases (2,3): P=3 Q=2; lengths 1..115; 0 to do: []
bases (2,3): P=3 Q=2; lengths 1..115; 0 to do: []
bases (2,3): P=3 Q=2; lengths 1..115; 0 to do: []
bases (2,3): P=3 Q=2; lengths 1..115; 0 to do: []
bases (2,3): P=3 Q=2; lengths 1..115; 0 to do: []
bases (2,3): P=3 Q=2; lengths 1..115; 0 to do: []
bases (2,3): P=3 Q=2; lengths 1..115; 0 to do: []
bases (2,3): P=3 Q=2; lengths 1..115; 0 to do: []
bases (2,10): P=10 Q=2; lengths 1..55; 1 to do: [55]
=== M4 Max rev. 10 queue armed 2026-10-03 16:36 (waits for the running step) ===
  L=55: 7 hits in 30061.6s
      1610250372237506394572456221226542754936057322730520161 -
      5375810570128326670426378465648736240766238210750185735 -
      5500130929952642025961499398939941695202462599290310055 -
      5750352680855632597679040581850409767952365580862530575 -
      5982107767230157388234011419141104328837510327677012895 -
      7992515739300692681583388637368833851862960039375152997 -
      9794258529088310956256765905095676526590138809258524979 -
bases (2,3): P=3 Q=2; lengths 1..117; 1 to do: [117]
  L=117: 0 hits in 3809.2s
bases (2,3): P=3 Q=2; lengths 1..117; 1 to do: [117]
  L=117: 1 hits in 3816.6s
      30622032620764000016137033607275848398941862554899405817 -
bases (2,3): P=3 Q=2; lengths 1..117; 1 to do: [117]
  L=117: 0 hits in 3828.5s
bases (2,3): P=3 Q=2; lengths 1..117; 1 to do: [117]
  L=117: 0 hits in 3839.3s
bases (2,3): P=3 Q=2; lengths 1..117; 1 to do: [117]
  L=117: 0 hits in 3837.3s
bases (2,3): P=3 Q=2; lengths 1..117; 1 to do: [117]
  L=117: 0 hits in 3822.7s
bases (2,3): P=3 Q=2; lengths 1..117; 1 to do: [117]
  L=117: 0 hits in 3819.5s
bases (2,3): P=3 Q=2; lengths 1..117; 1 to do: [117]
  L=117: 0 hits in 3809.7s
bases (2,3): P=3 Q=2; lengths 1..117; 1 to do: [117]
  L=117: 0 hits in 3794.4s
bases (2,3): P=3 Q=2; lengths 1..117; 1 to do: [117]
=== M4 Max laptop queue stopped 2026-10-04 07:28: work migrated to the Studio; the running part finishes ===
  L=117: 0 hits in 4049.6s
=== laptop: last part done, results handed to the Studio hub, laptop sync stopped 08:08 ===
