bases (3,10): P=10 Q=3; lengths 1..40; 1 to do: [40]
  L=40: 2 hits in 90.9s
      3222780971584885372662735884851790872223 -
      3723835261455740052442500475541625383273 -
bases (8,10): P=10 Q=8; lengths 1..44; 44 to do: [1, 2, 3, 4, 5, 6, 7, 8, 9, 10, 11, 12]...
  L=1: 9 hits in 0.0s
      0 -
      1 -
      2 prime
      3 prime
      4 -
      5 prime
      6 -
      7 prime
      9 -
  L=2: 0 hits in 0.0s
  L=3: 4 hits in 0.0s
      121 -
      333 -
      373 prime
      585 -
  L=4: 1 hits in 0.0s
      3663 -
  L=5: 4 hits in 0.0s
      13131 -
      13331 prime
      30103 prime
      30303 -
  L=6: 0 hits in 0.0s
  L=7: 3 hits in 0.0s
      1496941 prime
      1935391 -
      1970791 prime
  L=8: 1 hits in 0.0s
      55366355 -
  L=9: 4 hits in 0.0s
      130535031 -
      532898235 -
      719848917 -
      799535997 -
  L=10: 1 hits in 0.0s
      1820330281 -
  L=11: 2 hits in 0.0s
      94029892049 -
      94466666449 -
  L=12: 1 hits in 0.0s
      390894498093 -
  L=13: 3 hits in 0.2s
      5227529257225 -
      5853143413585 -
      7712150512177 -
  L=14: 2 hits in 0.1s
      13994688649931 -
      34926999962943 -
  L=15: 4 hits in 0.1s
      112745383547211 -
      185850999058581 -
      359934111439953 -
      393073414370393 -
  L=16: 0 hits in 0.1s
  L=17: 4 hits in 0.2s
      33239024742093233 -
      57234017271043275 -
      70333341514333307 -
      96876827472867869 -
  L=18: 2 hits in 0.1s
      105080469964080501 -
      136053358853350631 -
  L=19: 4 hits in 0.2s
      1219071169611709121 -
      3676077166617706763 -
      3800003150513000083 -
      9843207767677023489 -
  L=20: 2 hits in 0.2s
      32300361188116300323 -
      77580854944945808577 -
  L=21: 7 hits in 0.2s
      371911868919868119173 -
      375183597404795381573 -
      375586160515061685573 -
      379080765242567080973 -
      552868393727393868255 -
      556362998454899263655 -
      579927810111018729975 -
  L=22: 1 hits in 0.1s
      7393237064774607323937 -
  L=23: 5 hits in 0.1s
      15863125024242052136851 -
      17395259698289695259371 -
      34125703495359430752143 prime
      36258340143534104385263 -
      39752656623032665625793 -
  L=24: 1 hits in 0.1s
      315610027864468720016513 -
  L=25: 5 hits in 0.2s
      1646819988303038899186461 -
      3760849013081803109480673 -
      9500465760922290675640059 -
      9502917646378736467192059 -
      9504411213036303121144059 -
  L=26: 0 hits in 0.1s
  L=27: 2 hits in 0.2s
      107184009820444028900481701 -
      138668092301868103290866831 -
  L=28: 0 hits in 0.2s
  L=29: 3 hits in 0.1s
      36386515691205650219651568363 -
      79443858725719191752785834497 -
      98444861536975557963516844489 -
  L=30: 0 hits in 0.1s
  L=31: 3 hits in 0.1s
      1949700108422995992248010079491 -
      3377242440477033307740442427733 -
      3792033197162477742617913302973 -
  L=32: 2 hits in 0.1s
      17181377425940999904952477318171 -
      38525491344366033066344319452583 -
  L=33: 4 hits in 0.1s
      355309407484416525614484704903553 -
      564341093237119818911732390143465 -
      587617843046963898369640348716785 -
      994090604572440313044275406090499 -
  L=34: 1 hits in 0.1s
      1141897415190856226580915147981411 -
  L=35: 2 hits in 0.3s
      14362224099067427872476099042226341 -
      39706221387868234743286878312260793 -
  L=36: 1 hits in 0.2s
      597185634034507050050705430436581795 -
  L=37: 6 hits in 0.4s
      1422691232582749366639472852321962241 -
      5137013863540021396931200453683107315 -
      7135547701065363210123635601077455317 -
      7305747986252294597954922526897475037 -
      7518108788447828631368287448878018157 -
      9380639871862278054508722681789360839 -
  L=38: 1 hits in 0.5s
      16733873708124592500529542180737833761 -
  L=39: 1 hits in 1.2s
      504944832285682819464918286582238449405 -
  L=40: 1 hits in 1.3s
      9044978363553842766776672483553638794409 -
  L=41: 1 hits in 2.5s
      10418268622798909566566590989722686281401 -
  L=42: 0 hits in 2.3s
  L=43: 4 hits in 5.0s
      3709625854788275188230328815728874585269073 -
      5091824221045715633940493365175401224281905 -
      9751576965898208094442444908028985696751579 -
      9969277601931000904514154090001391067729699 -
  L=44: 0 hits in 4.2s
bases (2,10): P=10 Q=2; lengths 1..40; 40 to do: [1, 2, 3, 4, 5, 6, 7, 8, 9, 10, 11, 12]...
  L=1: 6 hits in 0.0s
      0 -
      1 -
      3 prime
      5 prime
      7 prime
      9 -
  L=2: 2 hits in 0.0s
      33 -
      99 -
  L=3: 3 hits in 0.0s
      313 prime
      585 -
      717 -
  L=4: 2 hits in 0.0s
      7447 -
      9009 -
  L=5: 6 hits in 0.0s
      15351 -
      32223 -
      39993 -
      53235 -
      53835 -
      73737 -
  L=6: 1 hits in 0.0s
      585585 -
  L=7: 7 hits in 0.0s
      1758571 -
      1934391 -
      1979791 -
      3129213 -
      5071705 -
      5259525 -
      5841485 -
  L=8: 1 hits in 0.0s
      13500531 -
  L=9: 3 hits in 0.1s
      719848917 -
      910373019 -
      939474939 -
  L=10: 2 hits in 0.0s
      1290880921 -
      7451111547 -
  L=11: 4 hits in 0.0s
      10050905001 -
      18462126481 -
      32479297423 -
      75015151057 -
  L=12: 2 hits in 0.0s
      110948849011 -
      136525525631 -
  L=13: 10 hits in 0.2s
      1234104014321 -
      1413899983141 -
      1474922294741 -
      1792704072971 -
      1794096904971 -
      1999925299991 -
      5652622262565 -
      7227526257227 -
      7284717174827 prime
      9484874784849 -
  L=14: 1 hits in 0.2s
      34141388314143 -
  L=15: 2 hits in 0.2s
      552212535212255 -
      933138363831339 -
  L=16: 2 hits in 0.2s
      1793770770773971 -
      3148955775598413 -
  L=17: 7 hits in 0.2s
      10457587478575401 -
      10819671917691801 -
      18279440804497281 -
      34104482028440143 -
      37078796869787073 -
      37629927072992673 -
      55952637073625955 -
  L=18: 2 hits in 0.1s
      161206152251602161 -
      313558153351855313 -
  L=19: 2 hits in 0.2s
      7036267126217626307 -
      9674868723278684769 -
  L=20: 3 hits in 0.2s
      10879740244204797801 -
      32889941788714998823 -
      94778157422475187749 -
  L=21: 2 hits in 0.2s
      114354126121621453411 -
      539475328171823574935 -
  L=22: 0 hits in 0.2s
  L=23: 4 hits in 0.2s
      17461998948684989916471 -
      72928088195859188082927 -
      92913401775957710431929 -
      94261805583838550816249 -
  L=24: 0 hits in 0.1s
  L=25: 6 hits in 0.2s
      1130486074817184706840311 -
      1194313761393931673134911 -
      1219228158701078518229121 -
      5812988563013103658892185 -
      7260988688520258868890627 -
      7475703079870789703075747 -
  L=26: 1 hits in 0.2s
      50824513851188115831542805 -
  L=27: 6 hits in 0.2s
      138758321383797383123857831 -
      351095331428353824133590153 -
      390714505091666190505417093 prime
      532079161251434152161970235 -
      552963956270141072659369255 -
      795280629691202196926082597 -
  L=28: 1 hits in 0.2s
      1609061098335005338901609061 -
  L=29: 5 hits in 0.2s
      17869806142184248124160896871 -
      19756291244127372144219265791 -
      30000258151173237115185200003 -
      30658464822225352222846485603 -
      56532345659072227095654323565 -
  L=30: 1 hits in 0.1s
      378059787464677776464787950873 -
  L=31: 3 hits in 0.2s
      1115792035060833380605302975111 -
      3390741646331381831336461470933 -
      7155681676104835384016761865517 -
  L=32: 0 hits in 0.2s
  L=33: 3 hits in 0.2s
      188726493036450333054630394627881 -
      332997156422555464555224651799233 -
      579782100975917393719579001287975 -
  L=34: 3 hits in 0.1s
      1409460884147943003497414880649041 -
      1480869563960100770010693659680841 -
      9932525402284695775964822045252399 -
  L=35: 6 hits in 0.4s
      10652099006552766666725560099025601 -
      10827628430039640604693003482672801 -
      54074940541725088788052714504947045 -
      76759778311938325452383911387795767 -
      94285848717805140304150871784858249 -
      96754720977532710701723577902745769 -
  L=36: 4 hits in 0.4s
      139124355701640720027046107553421931 -
      710084230446469950059964644032480017 -
      794397832642722540045227246238793497 -
      998021119318189842248981813911120899 -
  L=37: 5 hits in 0.5s
      1323475457008895965695988007545743231 -
      1681824725831390428240931385274281861 -
      5893890080115984244424895110800983985 -
      9707999142717984907094897172419997079 -
      9970387454991896491946981994547830799 -
  L=38: 1 hits in 0.5s
      32190158233101105022050110133285109123 -
  L=39: 5 hits in 1.5s
      122240824002234545959545432200428042221 -
      124192421350471300727003174053124291421 -
      131674457014330218696812033410754476131 -
      551700061998405245575542504899160007155 -
      773609618198307097595790703891816906377 -
  L=40: 3 hits in 1.3s
      1017421766189445102992015449816671247101 -
      1634587141488515712882175158841417854361 -
      7114907950920173924554293710290597094117 -
bases (2,9): P=9 Q=2; lengths 1..49; 2 to do: [48, 49]
  L=48: 0 hits in 0.0s
  L=49: 2 hits in 1814.9s
      27934382140821965367163121250855003559047186745 -
      30558352342081360721712384614228279716070593237 -
bases (9,10): P=10 Q=9; lengths 1..44; 4 to do: [41, 42, 43, 44]
  L=41: 7 hits in 197.6s
      20793571906536977137573177963560917539702 -
      49874217734750609225052290605743771247894 -
      62383092109186284830103848268190129038326 -
      62402528157119689300900398691175182520426 -
      70490141480605365051215056350608414109407 -
      83880825330588267486168476288503352808838 -
      92060231925695863253635236859652913206029 -
  L=42: 0 hits in 9.7s
  L=43: 7 hits in 577.1s
      1633296479387985010212120105897839746923361 -
      1648356128710049925296925299400178216538461 -
      4316531936525198802127212088915256391356134 -
      4682435368709933038730378303399078635342864 -
      4858379166305978010324230108795036619738584 -
      4977318409727332393535353932337279048137794 -
      5614372006481934833282823384391846002734165 -
  L=44: 0 hits in 89.0s
bases (3,10): P=10 Q=3; lengths 1..44; 4 to do: [41, 42, 43, 44]
  L=41: 7 hits in 260.5s
      22466404849993021927572912039994840466422 -
      23377190559114477125352177441195509177332 -
      46197276142663851754245715836624167279164 -
      61414456229060014394949341006092265441416 -
      84005835019035443348484334453091053850048 -
      86198475285063317412521471336058257489168 -
      88232148482016325069396052361028484123288 -
  L=42: 2 hits in 252.8s
      404141005277121641711117146121772500141404 -
      806798920165850896315513698058561029897608 -
  L=43: 3 hits in 1269.7s
      1003760752370220438064608340220732570673001 -
      1640035703337228442054502448227333075300461 -
      8047835340564156054226224506514650435387408 -
  L=44: 1 hits in 914.3s
      44290686227997908628266282680979972268609244 -
bases (2,3): assigned to studio, skipping here
bases (7,10): assigned to studio, skipping here
bases (10,11): assigned to studio, skipping here
bases (10,13): assigned to studio, skipping here
bases (4,10): assigned to studio, skipping here
bases (6,10): assigned to studio, skipping here
bases (10,12): assigned to studio, skipping here
bases (10,14): assigned to studio, skipping here
bases (10,15): assigned to studio, skipping here
bases (10,16): assigned to studio, skipping here
QUEUE DONE
