=== k=16 T=105 mode=plain ===
k=16 T=105 msplit=0: 292 prefixes at depth 6 (0.00s)
nodes per level: L7=1434 L8=7875 L9=47098 L10=305226 L11=2122983 L12=15741532 L13=117973075 L14=601196811 L15=933266417 L16=47680585
gap-pruned per level: L11=886 L12=547837 L13=39983912 L14=476020303 L15=927892471
RESULT k=16 T=105 found=0 total_nodes=1718343036 time=2.05s rate=838.62M nodes/s threads=10
=== k=16 T=105 mode=-M ===
k=16 T=105 msplit=1: 11972 prefixes at depth 6 (0.00s)
nodes per level: L7=58794 L8=322875 L9=1931018 L10=12514266 L11=87031492 L12=632075589 L13=3677307157 L14=5070485077 L15=38471448
gap-pruned per level: L10=1014 L11=1275193 L12=141685779 L13=2987942875 L14=5065029576
RESULT k=16 T=105 found=0 total_nodes=9520197716 time=20.64s rate=461.32M nodes/s threads=10
=== k=17 T=117 mode=plain ===
k=17 T=117 msplit=0: 292 prefixes at depth 6 (0.00s)
nodes per level: L7=1434 L8=7875 L9=47098 L10=305226 L11=2122983 L12=15752057 L13=123627775 L14=926976457 L15=3907036798 L16=4137642251 L17=77818097
gap-pruned per level: L11=2 L12=30446 L13=9407471 L14=435338028 L15=3370095520 L16=4129464124
RESULT k=17 T=117 found=0 total_nodes=9191338051 time=12.27s rate=749.13M nodes/s threads=10
=== k=17 T=117 mode=-M ===
k=17 T=117 msplit=1: 13724 prefixes at depth 6 (0.00s)
nodes per level: L7=67398 L8=370125 L9=2213606 L10=14345622 L11=99780201 L12=739706076 L13=5524110387 L14=27940336940 L15=21217271449 L16=54782434
gap-pruned per level: L11=54080 L12=28381015 L13=1938066144 L14=25126851479 L15=21209939023
RESULT k=17 T=117 found=0 total_nodes=55592984238 time=100.47s rate=553.33M nodes/s threads=10
=== k=18 T=129 mode=plain ===
k=18 T=129 msplit=0: 292 prefixes at depth 6 (0.00s)
nodes per level: L7=1434 L8=7875 L9=47098 L10=305226 L11=2122983 L12=15752080 L13=124012596 L14=1024287548 L15=7591036737 L16=27249851155 L17=21683489005 L18=181486564
gap-pruned per level: L12=208 L13=590056 L14=126938025 L15=4274373706 L16=24538434701 L17=21665662399
RESULT k=18 T=129 found=0 total_nodes=57872400301 time=123.28s rate=469.45M nodes/s threads=10
=== k=18 T=129 mode=-M ===
k=18 T=129 msplit=1: 15476 prefixes at depth 6 (0.00s)
=== k=19 T=141 mode=plain ===
k=19 T=141: 292 prefixes at depth 6 (0.00s)
=== k=19 T=141 mode=-M ===
