search2 n=11 [1, 1237940039285380274899124224]: enumerate 10-digit palindromes in bases c in [3, 1024], 523775 units, 9 threads
[     60s] frontier 17078/523775 (c=186) 0.302%  2.412e+08 steps/s 2.710e+08 lookups/s  st2 27950 canon 27950 sol 0  ETA 19812s
[    120s] frontier 22147/523775 (c=211) 0.588%  2.353e+08 steps/s 2.627e+08 lookups/s  st2 38341 canon 38341 sol 0  ETA 20317s
[    180s] frontier 26123/523775 (c=230) 0.896%  2.396e+08 steps/s 2.665e+08 lookups/s  st2 47209 canon 47209 sol 0  ETA 19931s
[    240s] frontier 29107/523775 (c=242) 1.181%  2.372e+08 steps/s 2.633e+08 lookups/s  st2 53868 canon 53868 sol 0  ETA 20099s
[    300s] frontier 31606/523775 (c=252) 1.458%  2.345e+08 steps/s 2.598e+08 lookups/s  st2 59591 canon 59591 sol 0  ETA 20292s
[    360s] frontier 33806/523775 (c=261) 1.731%  2.322e+08 steps/s 2.570e+08 lookups/s  st2 64909 canon 64909 sol 0  ETA 20459s
[    420s] frontier 36099/523775 (c=270) 2.047%  2.355e+08 steps/s 2.603e+08 lookups/s  st2 70510 canon 70510 sol 0  ETA 20115s
[    480s] frontier 37759/523775 (c=276) 2.296%  2.312e+08 steps/s 2.553e+08 lookups/s  st2 74499 canon 74499 sol 0  ETA 20445s
[    541s] frontier 39707/523775 (c=283) 2.611%  2.338e+08 steps/s 2.579e+08 lookups/s  st2 79157 canon 79157 sol 0  ETA 20162s
[    601s] frontier 41130/523775 (c=288) 2.857%  2.302e+08 steps/s 2.538e+08 lookups/s  st2 82664 canon 82664 sol 0  ETA 20424s
[    661s] frontier 42878/523775 (c=294) 3.177%  2.329e+08 steps/s 2.566e+08 lookups/s  st2 87095 canon 87095 sol 0  ETA 20134s
[    721s] frontier 44279/523775 (c=299) 3.451%  2.319e+08 steps/s 2.552e+08 lookups/s  st2 90618 canon 90618 sol 0  ETA 20169s
[    781s] frontier 45531/523775 (c=303) 3.705%  2.298e+08 steps/s 2.529e+08 lookups/s  st2 93865 canon 93865 sol 0  ETA 20299s
[    841s] frontier 46827/523775 (c=307) 3.980%  2.294e+08 steps/s 2.523e+08 lookups/s  st2 97126 canon 97126 sol 0  ETA 20287s
[    901s] frontier 48231/523775 (c=312) 4.293%  2.310e+08 steps/s 2.539e+08 lookups/s  st2 100650 canon 100650 sol 0  ETA 20084s
[    961s] frontier 49383/523775 (c=315) 4.560%  2.301e+08 steps/s 2.527e+08 lookups/s  st2 103610 canon 103610 sol 0  ETA 20113s
[   1021s] frontier 50720/523775 (c=320) 4.884%  2.320e+08 steps/s 2.547e+08 lookups/s  st2 107078 canon 107078 sol 0  ETA 19884s
[   1081s] frontier 51746/523775 (c=323) 5.138%  2.305e+08 steps/s 2.530e+08 lookups/s  st2 109819 canon 109819 sol 0  ETA 19959s
[   1141s] frontier 52530/523775 (c=325) 5.339%  2.270e+08 steps/s 2.491e+08 lookups/s  st2 111753 canon 111753 sol 0  ETA 20230s
[   1201s] frontier 53825/523775 (c=329) 5.682%  2.295e+08 steps/s 2.518e+08 lookups/s  st2 115198 canon 115198 sol 0  ETA 19937s
[   1261s] frontier 54740/523775 (c=332) 5.932%  2.282e+08 steps/s 2.502e+08 lookups/s  st2 117662 canon 117662 sol 0  ETA 20001s
[   1321s] frontier 55907/523775 (c=335) 6.263%  2.301e+08 steps/s 2.521e+08 lookups/s  st2 120712 canon 120712 sol 0  ETA 19776s
[   1381s] frontier 56642/523775 (c=338) 6.475%  2.275e+08 steps/s 2.492e+08 lookups/s  st2 122727 canon 122727 sol 0  ETA 19953s
[   1441s] frontier 57499/523775 (c=340) 6.727%  2.265e+08 steps/s 2.482e+08 lookups/s  st2 125070 canon 125070 sol 0  ETA 19987s
[   1493s] frontier 58023/523775 (c=342) 6.885%  2.239e+08 steps/s 2.452e+08 lookups/s  st2 126479 canon 126479 sol 0  ETA 20190s
resuming at unit 58032 of 523775
search2 n=11 [1, 1237940039285380274899124224]: enumerate 10-digit palindromes in bases c in [3, 1024], 523775 units, 9 threads
[     60s] frontier 60485/523775 (c=349) 7.655%  6.237e+08 steps/s 6.784e+08 lookups/s  st2 133228 canon 133228 sol 0  ETA 7223s
[    120s] frontier 62834/523775 (c=356) 8.442%  6.308e+08 steps/s 6.848e+08 lookups/s  st2 139363 canon 139363 sol 0  ETA 7073s
[    180s] frontier 65030/523775 (c=362) 9.214%  6.288e+08 steps/s 6.832e+08 lookups/s  st2 145553 canon 145553 sol 0  ETA 7034s
[    240s] frontier 67168/523775 (c=368) 10.010%  6.332e+08 steps/s 6.874e+08 lookups/s  st2 151472 canon 151472 sol 0  ETA 6924s
[    300s] frontier 69206/523775 (c=373) 10.801%  6.350e+08 steps/s 6.895e+08 lookups/s  st2 157105 canon 157105 sol 0  ETA 6846s
[    360s] frontier 71177/523775 (c=378) 11.607%  6.381e+08 steps/s 6.926e+08 lookups/s  st2 162377 canon 162377 sol 0  ETA 6750s
[    420s] frontier 72974/523775 (c=383) 12.368%  6.353e+08 steps/s 6.895e+08 lookups/s  st2 167503 canon 167503 sol 0  ETA 6722s
[    480s] frontier 74792/523775 (c=388) 13.171%  6.373e+08 steps/s 6.916e+08 lookups/s  st2 172777 canon 172777 sol 0  ETA 6639s
[    541s] frontier 76542/523775 (c=392) 13.975%  6.391e+08 steps/s 6.932e+08 lookups/s  st2 177527 canon 177527 sol 0  ETA 6560s
[    601s] frontier 78216/523775 (c=397) 14.773%  6.398e+08 steps/s 6.937e+08 lookups/s  st2 182197 canon 182197 sol 0  ETA 6491s
[    661s] frontier 79794/523775 (c=400) 15.547%  6.388e+08 steps/s 6.925e+08 lookups/s  st2 186632 canon 186632 sol 0  ETA 6443s
[    721s] frontier 81282/523775 (c=404) 16.293%  6.361e+08 steps/s 6.896e+08 lookups/s  st2 191094 canon 191094 sol 0  ETA 6414s
[    781s] frontier 82841/523775 (c=408) 17.102%  6.377e+08 steps/s 6.913e+08 lookups/s  st2 195628 canon 195628 sol 0  ETA 6336s
[    841s] frontier 84263/523775 (c=412) 17.868%  6.366e+08 steps/s 6.897e+08 lookups/s  st2 199691 canon 199691 sol 0  ETA 6288s
[    901s] frontier 85728/523775 (c=415) 18.667%  6.374e+08 steps/s 6.907e+08 lookups/s  st2 203944 canon 203944 sol 0  ETA 6220s
[    961s] frontier 87097/523775 (c=418) 19.443%  6.370e+08 steps/s 6.900e+08 lookups/s  st2 207925 canon 207925 sol 0  ETA 6165s
[   1021s] frontier 88372/523775 (c=421) 20.179%  6.347e+08 steps/s 6.874e+08 lookups/s  st2 211538 canon 211538 sol 0  ETA 6131s
[   1081s] frontier 89742/523775 (c=425) 20.984%  6.357e+08 steps/s 6.885e+08 lookups/s  st2 215650 canon 215650 sol 0  ETA 6060s
[   1141s] frontier 91077/523775 (c=428) 21.788%  6.367e+08 steps/s 6.895e+08 lookups/s  st2 219583 canon 219583 sol 0  ETA 5989s
[   1201s] frontier 92443/523775 (c=431) 22.633%  6.392e+08 steps/s 6.920e+08 lookups/s  st2 224018 canon 224018 sol 0  ETA 5901s
[   1261s] frontier 93712/523775 (c=434) 23.435%  6.398e+08 steps/s 6.927e+08 lookups/s  st2 227805 canon 227805 sol 0  ETA 5835s
[   1321s] frontier 95000/523775 (c=437) 24.267%  6.415e+08 steps/s 6.944e+08 lookups/s  st2 231733 canon 231733 sol 0  ETA 5757s
[   1381s] frontier 96255/523775 (c=440) 25.095%  6.429e+08 steps/s 6.957e+08 lookups/s  st2 235607 canon 235607 sol 0  ETA 5682s
[   1441s] frontier 97495/523775 (c=443) 25.935%  6.445e+08 steps/s 6.973e+08 lookups/s  st2 239248 canon 239248 sol 0  ETA 5604s
[   1501s] frontier 98683/523775 (c=445) 26.749%  6.452e+08 steps/s 6.980e+08 lookups/s  st2 242820 canon 242820 sol 0  ETA 5537s
[   1561s] frontier 99859/523775 (c=448) 27.566%  6.459e+08 steps/s 6.987e+08 lookups/s  st2 246403 canon 246403 sol 0  ETA 5469s
[   1621s] frontier 100953/523775 (c=450) 28.351%  6.456e+08 steps/s 6.982e+08 lookups/s  st2 249568 canon 249568 sol 0  ETA 5412s
[   1681s] frontier 102023/523775 (c=453) 29.119%  6.448e+08 steps/s 6.974e+08 lookups/s  st2 252946 canon 252946 sol 0  ETA 5361s
[   1741s] frontier 103095/523775 (c=455) 29.908%  6.447e+08 steps/s 6.972e+08 lookups/s  st2 256170 canon 256170 sol 0  ETA 5303s
[   1802s] frontier 104082/523775 (c=457) 30.648%  6.433e+08 steps/s 6.955e+08 lookups/s  st2 259198 canon 259198 sol 0  ETA 5258s
[   1862s] frontier 105119/523775 (c=460) 31.440%  6.433e+08 steps/s 6.954e+08 lookups/s  st2 262285 canon 262285 sol 0  ETA 5198s
[   1913s] frontier 105983/523775 (c=461) 32.103%  6.430e+08 steps/s 6.949e+08 lookups/s  st2 264855 canon 264855 sol 0  ETA 5151s
resuming at unit 105992 of 523775
search2 n=11 [1, 1237940039285380274899124224]: enumerate 10-digit palindromes in bases c in [3, 1024], 523775 units, 9 threads
[     60s] frontier 107026/523775 (c=464) 32.910%  6.531e+08 steps/s 7.070e+08 lookups/s  st2 268178 canon 268178 sol 0  ETA 5037s
[    120s] frontier 108065/523775 (c=466) 33.729%  6.595e+08 steps/s 7.126e+08 lookups/s  st2 271493 canon 271493 sol 0  ETA 4917s
[    180s] frontier 109091/523775 (c=468) 34.555%  6.634e+08 steps/s 7.156e+08 lookups/s  st2 274577 canon 274577 sol 0  ETA 4823s
[    240s] frontier 110070/523775 (c=470) 35.355%  6.602e+08 steps/s 7.116e+08 lookups/s  st2 277628 canon 277628 sol 0  ETA 4786s
[    300s] frontier 111069/523775 (c=472) 36.184%  6.631e+08 steps/s 7.143e+08 lookups/s  st2 280709 canon 280709 sol 0  ETA 4703s
[    360s] frontier 112032/523775 (c=474) 36.992%  6.625e+08 steps/s 7.134e+08 lookups/s  st2 283706 canon 283706 sol 0  ETA 4649s
[    420s] frontier 113049/523775 (c=477) 37.862%  6.686e+08 steps/s 7.197e+08 lookups/s  st2 286815 canon 286815 sol 0  ETA 4540s
[    480s] frontier 113918/523775 (c=478) 38.603%  6.604e+08 steps/s 7.111e+08 lookups/s  st2 289651 canon 289651 sol 0  ETA 4542s
[    540s] frontier 114870/523775 (c=480) 39.432%  6.619e+08 steps/s 7.127e+08 lookups/s  st2 292484 canon 292484 sol 0  ETA 4470s
[    600s] frontier 115612/523775 (c=482) 40.078%  6.483e+08 steps/s 6.984e+08 lookups/s  st2 295021 canon 295021 sol 0  ETA 4516s
[    661s] frontier 116545/523775 (c=484) 40.910%  6.507e+08 steps/s 7.009e+08 lookups/s  st2 297898 canon 297898 sol 0  ETA 4436s
[    721s] frontier 117413/523775 (c=486) 41.700%  6.500e+08 steps/s 6.998e+08 lookups/s  st2 300553 canon 300553 sol 0  ETA 4381s
[    781s] frontier 118262/523775 (c=487) 42.476%  6.487e+08 steps/s 6.983e+08 lookups/s  st2 303106 canon 303106 sol 0  ETA 4332s
[    841s] frontier 119125/523775 (c=489) 43.266%  6.482e+08 steps/s 6.978e+08 lookups/s  st2 305852 canon 305852 sol 0  ETA 4276s
[    901s] frontier 119976/523775 (c=491) 44.057%  6.478e+08 steps/s 6.975e+08 lookups/s  st2 308527 canon 308527 sol 0  ETA 4218s
[    961s] frontier 120821/523775 (c=493) 44.863%  6.484e+08 steps/s 6.979e+08 lookups/s  st2 311155 canon 311155 sol 0  ETA 4154s
[   1021s] frontier 121647/523775 (c=494) 45.648%  6.478e+08 steps/s 6.972e+08 lookups/s  st2 313796 canon 313796 sol 0  ETA 4099s
[   1081s] frontier 122538/523775 (c=496) 46.502%  6.503e+08 steps/s 7.000e+08 lookups/s  st2 316573 canon 316573 sol 0  ETA 4019s
[   1141s] frontier 123309/523775 (c=498) 47.259%  6.485e+08 steps/s 6.979e+08 lookups/s  st2 319113 canon 319113 sol 0  ETA 3973s
[   1201s] frontier 124120/523775 (c=499) 48.056%  6.485e+08 steps/s 6.978e+08 lookups/s  st2 321667 canon 321667 sol 0  ETA 3913s
[   1261s] frontier 124926/523775 (c=501) 48.851%  6.484e+08 steps/s 6.978e+08 lookups/s  st2 324292 canon 324292 sol 0  ETA 3854s
[   1321s] frontier 125644/523775 (c=502) 49.580%  6.459e+08 steps/s 6.949e+08 lookups/s  st2 326564 canon 326564 sol 0  ETA 3813s
[   1381s] frontier 126479/523775 (c=504) 50.417%  6.474e+08 steps/s 6.967e+08 lookups/s  st2 329280 canon 329280 sol 0  ETA 3741s
[   1441s] frontier 127244/523775 (c=505) 51.217%  6.476e+08 steps/s 6.965e+08 lookups/s  st2 331476 canon 331476 sol 0  ETA 3680s
[   1501s] frontier 128032/523775 (c=507) 52.015%  6.476e+08 steps/s 6.968e+08 lookups/s  st2 334215 canon 334215 sol 0  ETA 3619s
[   1561s] frontier 128760/523775 (c=508) 52.790%  6.471e+08 steps/s 6.959e+08 lookups/s  st2 336459 canon 336459 sol 0  ETA 3565s
[   1621s] frontier 129509/523775 (c=510) 53.560%  6.462e+08 steps/s 6.952e+08 lookups/s  st2 338987 canon 338987 sol 0  ETA 3511s
[   1682s] frontier 130234/523775 (c=511) 54.342%  6.459e+08 steps/s 6.947e+08 lookups/s  st2 341226 canon 341226 sol 0  ETA 3453s
[   1742s] frontier 130910/523775 (c=513) 55.056%  6.437e+08 steps/s 6.923e+08 lookups/s  st2 343581 canon 343581 sol 0  ETA 3411s
[   1802s] frontier 131565/523775 (c=514) 55.748%  6.410e+08 steps/s 6.894e+08 lookups/s  st2 345644 canon 345644 sol 0  ETA 3373s
[   1862s] frontier 132240/523775 (c=515) 56.467%  6.392e+08 steps/s 6.874e+08 lookups/s  st2 347587 canon 347587 sol 0  ETA 3327s
[   1922s] frontier 132995/523775 (c=517) 57.205%  6.379e+08 steps/s 6.862e+08 lookups/s  st2 350002 canon 350002 sol 0  ETA 3277s
[   1982s] frontier 133651/523775 (c=518) 57.871%  6.351e+08 steps/s 6.832e+08 lookups/s  st2 352044 canon 352044 sol 0  ETA 3241s
[   2042s] frontier 134434/523775 (c=520) 58.608%  6.340e+08 steps/s 6.819e+08 lookups/s  st2 354085 canon 354085 sol 0  ETA 3189s
[   2102s] frontier 135127/523775 (c=521) 59.278%  6.315e+08 steps/s 6.795e+08 lookups/s  st2 356342 canon 356342 sol 0  ETA 3150s
[   2162s] frontier 135868/523775 (c=522) 60.025%  6.309e+08 steps/s 6.787e+08 lookups/s  st2 358413 canon 358413 sol 0  ETA 3096s
[   2222s] frontier 136595/523775 (c=524) 60.610%  6.266e+08 steps/s 6.744e+08 lookups/s  st2 360516 canon 360516 sol 0  ETA 3071s
[   2282s] frontier 137339/523775 (c=525) 61.330%  6.255e+08 steps/s 6.733e+08 lookups/s  st2 362596 canon 362596 sol 0  ETA 3020s
[   2342s] frontier 138173/523775 (c=527) 61.995%  6.234e+08 steps/s 6.712e+08 lookups/s  st2 364871 canon 364871 sol 0  ETA 2978s
[   2402s] frontier 138965/523775 (c=528) 62.757%  6.233e+08 steps/s 6.711e+08 lookups/s  st2 367054 canon 367054 sol 0  ETA 2919s
[   2462s] frontier 139791/523775 (c=530) 63.361%  6.201e+08 steps/s 6.679e+08 lookups/s  st2 369218 canon 369218 sol 0  ETA 2887s
[   2522s] frontier 140750/523775 (c=532) 64.107%  6.198e+08 steps/s 6.677e+08 lookups/s  st2 371570 canon 371570 sol 0  ETA 2829s
[   2582s] frontier 141503/523775 (c=533) 64.781%  6.181e+08 steps/s 6.661e+08 lookups/s  st2 373639 canon 373639 sol 0  ETA 2784s
[   2642s] frontier 142439/523775 (c=535) 65.448%  6.163e+08 steps/s 6.645e+08 lookups/s  st2 375917 canon 375917 sol 0  ETA 2739s
[   2702s] frontier 143397/523775 (c=537) 66.127%  6.149e+08 steps/s 6.631e+08 lookups/s  st2 378098 canon 378098 sol 0  ETA 2691s
[   2762s] frontier 144184/523775 (c=538) 66.815%  6.137e+08 steps/s 6.620e+08 lookups/s  st2 380371 canon 380371 sol 0  ETA 2642s
[   2822s] frontier 145248/523775 (c=540) 67.572%  6.138e+08 steps/s 6.623e+08 lookups/s  st2 382890 canon 382890 sol 0  ETA 2581s
[   2882s] frontier 146195/523775 (c=542) 68.158%  6.109e+08 steps/s 6.594e+08 lookups/s  st2 384968 canon 384968 sol 0  ETA 2546s
[   2943s] frontier 147310/523775 (c=544) 68.929%  6.112e+08 steps/s 6.601e+08 lookups/s  st2 387542 canon 387542 sol 0  ETA 2483s
[   3003s] frontier 148476/523775 (c=546) 69.744%  6.122e+08 steps/s 6.614e+08 lookups/s  st2 390065 canon 390065 sol 0  ETA 2414s
[   3063s] frontier 149564/523775 (c=548) 70.436%  6.113e+08 steps/s 6.607e+08 lookups/s  st2 392359 canon 392359 sol 0  ETA 2363s
[   3123s] frontier 150974/523775 (c=551) 71.161%  6.109e+08 steps/s 6.605e+08 lookups/s  st2 394808 canon 394808 sol 0  ETA 2306s
[   3183s] frontier 152138/523775 (c=553) 71.879%  6.103e+08 steps/s 6.603e+08 lookups/s  st2 397346 canon 397346 sol 0  ETA 2251s
[   3243s] frontier 153285/523775 (c=555) 72.566%  6.094e+08 steps/s 6.596e+08 lookups/s  st2 399800 canon 399800 sol 0  ETA 2199s
[   3303s] frontier 154441/523775 (c=557) 73.247%  6.083e+08 steps/s 6.588e+08 lookups/s  st2 402129 canon 402129 sol 0  ETA 2148s
[   3363s] frontier 156005/523775 (c=560) 74.011%  6.085e+08 steps/s 6.594e+08 lookups/s  st2 404755 canon 404755 sol 0  ETA 2086s
[   3423s] frontier 157250/523775 (c=562) 74.758%  6.085e+08 steps/s 6.598e+08 lookups/s  st2 407370 canon 407370 sol 0  ETA 2026s
[   3483s] frontier 158837/523775 (c=565) 75.471%  6.080e+08 steps/s 6.596e+08 lookups/s  st2 410003 canon 410003 sol 0  ETA 1970s
[   3543s] frontier 160478/523775 (c=568) 76.219%  6.080e+08 steps/s 6.599e+08 lookups/s  st2 412583 canon 412583 sol 0  ETA 1910s
[   3603s] frontier 161766/523775 (c=570) 76.951%  6.078e+08 steps/s 6.601e+08 lookups/s  st2 415131 canon 415131 sol 0  ETA 1852s
[   3663s] frontier 163429/523775 (c=573) 77.651%  6.071e+08 steps/s 6.599e+08 lookups/s  st2 417696 canon 417696 sol 0  ETA 1798s
[   3723s] frontier 165156/523775 (c=576) 78.403%  6.072e+08 steps/s 6.604e+08 lookups/s  st2 420372 canon 420372 sol 0  ETA 1737s
[   3783s] frontier 166842/523775 (c=579) 79.056%  6.059e+08 steps/s 6.595e+08 lookups/s  st2 423195 canon 423195 sol 0  ETA 1688s
[   3843s] frontier 168588/523775 (c=582) 79.756%  6.054e+08 steps/s 6.593e+08 lookups/s  st2 425746 canon 425746 sol 0  ETA 1633s
[   3903s] frontier 170374/523775 (c=585) 80.480%  6.051e+08 steps/s 6.595e+08 lookups/s  st2 428389 canon 428389 sol 0  ETA 1575s
[   3964s] frontier 172587/523775 (c=589) 81.144%  6.041e+08 steps/s 6.588e+08 lookups/s  st2 430886 canon 430886 sol 0  ETA 1524s
[   4024s] frontier 174396/523775 (c=592) 81.809%  6.030e+08 steps/s 6.582e+08 lookups/s  st2 433437 canon 433437 sol 0  ETA 1473s
[   4084s] frontier 176246/523775 (c=595) 82.510%  6.026e+08 steps/s 6.582e+08 lookups/s  st2 436066 canon 436066 sol 0  ETA 1417s
[   4144s] frontier 178546/523775 (c=599) 83.138%  6.012e+08 steps/s 6.572e+08 lookups/s  st2 438643 canon 438643 sol 0  ETA 1369s
[   4204s] frontier 180900/523775 (c=603) 83.796%  6.003e+08 steps/s 6.567e+08 lookups/s  st2 441207 canon 441207 sol 0  ETA 1318s
[   4264s] frontier 182806/523775 (c=606) 84.457%  5.993e+08 steps/s 6.562e+08 lookups/s  st2 443786 canon 443786 sol 0  ETA 1266s
[   4324s] frontier 185215/523775 (c=610) 85.092%  5.981e+08 steps/s 6.554e+08 lookups/s  st2 446538 canon 446538 sol 0  ETA 1217s
[   4384s] frontier 187637/523775 (c=614) 85.693%  5.966e+08 steps/s 6.543e+08 lookups/s  st2 449031 canon 449031 sol 0  ETA 1171s
[   4444s] frontier 190104/523775 (c=618) 86.313%  5.953e+08 steps/s 6.534e+08 lookups/s  st2 451575 canon 451575 sol 0  ETA 1122s
[   4504s] frontier 192590/523775 (c=622) 86.912%  5.939e+08 steps/s 6.523e+08 lookups/s  st2 454102 canon 454102 sol 0  ETA 1076s
[   4564s] frontier 195642/523775 (c=627) 87.494%  5.922e+08 steps/s 6.511e+08 lookups/s  st2 456697 canon 456697 sol 0  ETA 1031s
[   4624s] frontier 198197/523775 (c=631) 88.091%  5.908e+08 steps/s 6.501e+08 lookups/s  st2 459221 canon 459221 sol 0  ETA 984s
[   4684s] frontier 201312/523775 (c=636) 88.636%  5.889e+08 steps/s 6.485e+08 lookups/s  st2 461743 canon 461743 sol 0  ETA 942s
[   4744s] frontier 204488/523775 (c=641) 89.208%  5.872e+08 steps/s 6.471e+08 lookups/s  st2 464147 canon 464147 sol 0  ETA 897s
[   4804s] frontier 207689/523775 (c=646) 89.750%  5.854e+08 steps/s 6.456e+08 lookups/s  st2 466546 canon 466546 sol 0  ETA 854s
[   4864s] frontier 210924/523775 (c=651) 90.275%  5.834e+08 steps/s 6.439e+08 lookups/s  st2 468892 canon 468892 sol 0  ETA 813s
[   4924s] frontier 214184/523775 (c=656) 90.773%  5.812e+08 steps/s 6.420e+08 lookups/s  st2 471255 canon 471255 sol 0  ETA 775s
[   4984s] frontier 217484/523775 (c=661) 91.270%  5.790e+08 steps/s 6.400e+08 lookups/s  st2 473611 canon 473611 sol 0  ETA 736s
[   5044s] frontier 220815/523775 (c=666) 91.757%  5.768e+08 steps/s 6.380e+08 lookups/s  st2 475864 canon 475864 sol 0  ETA 697s
[   5104s] frontier 224793/523775 (c=672) 92.214%  5.744e+08 steps/s 6.358e+08 lookups/s  st2 478150 canon 478150 sol 0  ETA 661s
[   5164s] frontier 228185/523775 (c=677) 92.665%  5.719e+08 steps/s 6.334e+08 lookups/s  st2 480293 canon 480293 sol 0  ETA 626s
[   5224s] frontier 232253/523775 (c=683) 93.112%  5.694e+08 steps/s 6.311e+08 lookups/s  st2 482474 canon 482474 sol 0  ETA 590s
[   5284s] frontier 237015/523775 (c=690) 93.541%  5.669e+08 steps/s 6.286e+08 lookups/s  st2 484694 canon 484694 sol 0  ETA 556s
[   5345s] frontier 241173/523775 (c=696) 93.953%  5.642e+08 steps/s 6.260e+08 lookups/s  st2 486851 canon 486851 sol 0  ETA 523s
[   5405s] frontier 245374/523775 (c=702) 94.358%  5.616e+08 steps/s 6.234e+08 lookups/s  st2 488940 canon 488940 sol 0  ETA 490s
[   5465s] frontier 250291/523775 (c=709) 94.741%  5.588e+08 steps/s 6.207e+08 lookups/s  st2 490915 canon 490915 sol 0  ETA 459s
[   5525s] frontier 255272/523775 (c=716) 95.129%  5.561e+08 steps/s 6.180e+08 lookups/s  st2 492948 canon 492948 sol 0  ETA 427s
[   5585s] frontier 260299/523775 (c=723) 95.485%  5.531e+08 steps/s 6.150e+08 lookups/s  st2 494877 canon 494877 sol 0  ETA 398s
[   5645s] frontier 266093/523775 (c=731) 95.837%  5.502e+08 steps/s 6.121e+08 lookups/s  st2 496864 canon 496864 sol 0  ETA 369s
[   5705s] frontier 271952/523775 (c=739) 96.164%  5.473e+08 steps/s 6.090e+08 lookups/s  st2 498693 canon 498693 sol 0  ETA 342s
[   5765s] frontier 277893/523775 (c=747) 96.504%  5.443e+08 steps/s 6.060e+08 lookups/s  st2 500568 canon 500568 sol 0  ETA 313s
[   5825s] frontier 284636/523775 (c=756) 96.819%  5.413e+08 steps/s 6.030e+08 lookups/s  st2 502418 canon 502418 sol 0  ETA 286s
[   5885s] frontier 291465/523775 (c=765) 97.118%  5.383e+08 steps/s 5.998e+08 lookups/s  st2 504186 canon 504186 sol 0  ETA 261s
[   5945s] frontier 299150/523775 (c=775) 97.426%  5.352e+08 steps/s 5.966e+08 lookups/s  st2 505998 canon 505998 sol 0  ETA 234s
[   6005s] frontier 306935/523775 (c=785) 97.706%  5.321e+08 steps/s 5.934e+08 lookups/s  st2 507728 canon 507728 sol 0  ETA 210s
[   6065s] frontier 315614/523775 (c=796) 97.984%  5.290e+08 steps/s 5.901e+08 lookups/s  st2 509438 canon 509438 sol 0  ETA 186s
[   6125s] frontier 325220/523775 (c=808) 98.256%  5.258e+08 steps/s 5.868e+08 lookups/s  st2 511087 canon 511087 sol 0  ETA 161s
[   6185s] frontier 335789/523775 (c=821) 98.517%  5.227e+08 steps/s 5.835e+08 lookups/s  st2 512809 canon 512809 sol 0  ETA 138s
[   6245s] frontier 346529/523775 (c=834) 98.754%  5.194e+08 steps/s 5.801e+08 lookups/s  st2 514469 canon 514469 sol 0  ETA 117s
[   6305s] frontier 359975/523775 (c=850) 98.994%  5.162e+08 steps/s 5.767e+08 lookups/s  st2 516131 canon 516131 sol 0  ETA 95s
[   6365s] frontier 374544/523775 (c=867) 99.216%  5.130e+08 steps/s 5.732e+08 lookups/s  st2 517771 canon 517771 sol 0  ETA 74s
[   6425s] frontier 392940/523775 (c=888) 99.441%  5.097e+08 steps/s 5.697e+08 lookups/s  st2 519440 canon 519440 sol 0  ETA 53s
[   6485s] frontier 415415/523775 (c=913) 99.649%  5.065e+08 steps/s 5.662e+08 lookups/s  st2 521178 canon 521178 sol 0  ETA 34s
[   6545s] frontier 443210/523775 (c=943) 99.825%  5.031e+08 steps/s 5.626e+08 lookups/s  st2 522848 canon 522848 sol 0  ETA 17s
[   6606s] frontier 521730/523775 (c=1023) 100.000%  4.996e+08 steps/s 5.588e+08 lookups/s  st2 524157 canon 524157 sol 1  ETA 0s
[   6616s] frontier 523775/523775 (c=1024) 100.000%  4.988e+08 steps/s 5.579e+08 lookups/s  st2 524157 canon 524157 sol 1  ETA 0s
