[psph] using TGT = known value 9748
[psph] h=14 k=6 TGT=9748 threads=2  (known n_14(6)=9748, listing extremal bases)
[psph] bounds a_{j+1} <= n_h(j)+1: n(1)=14 n(2)=70 n(3)=302 n(4)=1094 n(5)=3403
[psph] lower bounds a_j >= LOW[j]: L2=2 L3=2 L4=4 L5=50 L6=697
[psph] split depth 3: 651 work items (generated in 0.00s)
[psph] 172/651 items (26.4%) elapsed 60.0s, ETA 2.8m, leaf cand 5.33e+09, full checks 10837181, sols 0
[psph] 240/651 items (36.9%) elapsed 2.0m, ETA 3.4m, leaf cand 9.1e+09, full checks 29441533, sols 0
[psph] 289/651 items (44.4%) elapsed 3.0m, ETA 3.8m, leaf cand 1.24e+10, full checks 54316960, sols 0
[psph] 367/651 items (56.4%) elapsed 4.0m, ETA 3.1m, leaf cand 1.7e+10, full checks 84501252, sols 0
[psph] 425/651 items (65.3%) elapsed 5.0m, ETA 2.7m, leaf cand 2.08e+10, full checks 113972498, sols 0
[psph] 484/651 items (74.3%) elapsed 6.0m, ETA 2.1m, leaf cand 2.47e+10, full checks 142672821, sols 0
SOLUTION h=14 k=6 n_h=9748 : 1 11 49 188 810 2109
[psph] 539/651 items (82.8%) elapsed 7.0m, ETA 87.3s, leaf cand 2.85e+10, full checks 171244482, sols 1
[psph] 603/651 items (92.6%) elapsed 8.0m, ETA 38.2s, leaf cand 3.31e+10, full checks 207079861, sols 1
[psph] thread 0: 334 items, busy 402.76s (tables 57.65s, candidates 332.86s)
[psph] thread 1: 317 items, busy 403.11s (tables 56.06s, candidates 334.99s)
[psph] ---- statistics h=14 k=6 TGT=9748 ----
[psph] level           visited       admissible      pruned(LOW) degenerate
[psph] a_2                  14               14                0          0
[psph] a_3                 651              651                0          0
[psph] a_4               95983            95983                0          0
[psph] a_5            42249124         41411907           837217          0
[psph] leaf candidates a_6 tested: 36442617379   X-pass: 8612771948 (23.6%)   deephole-pass: 745853013 (2.05%)   stage2-pass: 227249238   full-check fail: 227249237   direct: 0   solutions: 1
[psph] probes: 191329051203 (5.25 per candidate)
[psph] full-check failure position (blocks of a_k below the top block): [0]=2936 [1]=5047079 [2]=75290647 [3]=100430038 [4]=35596525 [5]=8268109 [6]=1867953 [7]=461085 [8]=189313 [9]=79758 [10]=15104 [11]=685 [12]=5
[psph] leaf table bytes 1.44e+11, full-check bytes 1.01e+12
[psph] wall 514.61s, CPU 806.03s (1.6 cores), items 651 (split 3, gen 0.00s); 4.52e+07 candidates per CPU-second
[psph] worker CPU split: leaf tables 14.1%, leaf candidates (X test, stage 2, full checks) 82.9%, prefix DP+overhead 3.0%
[psph] 1 bases with n_14(A_6) >= 9748
