pipeline: maxThreadsPerThreadgroup 512, threadExecutionWidth 32, static threadgroup memory 14352 bytes
metal search n=11 [1, 1237940039285380274899124224] on Apple M1 Pro: bases c in [3, 1024], 523775 units
[     30s] frontier 19754/523775 (c=200)  7.010e+08 steps/s 7.848e+08 lookups/s  st2 33359 canon 33359 sol 0
[     60s] frontier 26334/523775 (c=231)  7.325e+08 steps/s 8.146e+08 lookups/s  st2 47655 canon 47655 sol 0
GPU command failed: Impacting Interactivity (0000000e:kIOGPUCommandBufferCallbackErrorImpactingInteractivity)
pipeline: maxThreadsPerThreadgroup 512, threadExecutionWidth 32, static threadgroup memory 14352 bytes
resuming at unit 26334 of 523775
metal search n=11 [1, 1237940039285380274899124224] on Apple M1 Pro: bases c in [3, 1024], 523775 units
[     60s] frontier 33676/523775 (c=261)  6.438e+08 steps/s 7.084e+08 lookups/s  st2 64517 canon 64517 sol 0
[    120s] frontier 39627/523775 (c=283)  6.784e+08 steps/s 7.450e+08 lookups/s  st2 78894 canon 78894 sol 0
GPU command buffer failed (Impacting Interactivity (0000000e:kIOGPUCommandBufferCallbackErrorImpactingInteractivity)); retrying units 41040..41046 with smaller batches
[    173s] frontier 42801/523775 (c=294)  6.324e+08 steps/s 6.939e+08 lookups/s  st2 86868 canon 86868 sol 0
timing: 4295 command buffers (1 retried), 1847298 threadgroups, 410478514 threads; GPU 300.940s (max 4.937s per buffer), host wait 167.873s, prep 3.242s, post 0.826s, wall 172.543s
resuming at unit 42801 of 523775
metal search n=11 [1, 1237940039285380274899124224] on Apple M1 Pro: bases c in [3, 1024], 523775 units
[    120s] frontier 52168/523775 (c=324)  8.433e+08 steps/s 9.205e+08 lookups/s  st2 110854 canon 110854 sol 0
GPU command buffer failed (Discarded (victim of GPU error/recovery) (00000005:kIOGPUCommandBufferCallbackErrorInnocentVictim)); retrying units 56952..56958 with smaller batches
[    240s] frontier 58671/523775 (c=344)  7.943e+08 steps/s 8.656e+08 lookups/s  st2 128209 canon 128209 sol 0
[    361s] frontier 64623/523775 (c=361)  7.966e+08 steps/s 8.671e+08 lookups/s  st2 144301 canon 144301 sol 0
[    481s] frontier 69395/523775 (c=374)  7.804e+08 steps/s 8.488e+08 lookups/s  st2 157522 canon 157522 sol 0
[    601s] frontier 73546/523775 (c=385)  7.656e+08 steps/s 8.322e+08 lookups/s  st2 169006 canon 169006 sol 0
[    721s] frontier 77838/523775 (c=396)  7.711e+08 steps/s 8.377e+08 lookups/s  st2 181189 canon 181189 sol 0
[    845s] frontier 81438/523775 (c=405)  7.613e+08 steps/s 8.266e+08 lookups/s  st2 191516 canon 191516 sol 0
GPU command buffer failed (Impacting Interactivity (0000000e:kIOGPUCommandBufferCallbackErrorImpactingInteractivity)); retrying units 84669..84672 with smaller batches
[    966s] frontier 85093/523775 (c=414)  7.641e+08 steps/s 8.290e+08 lookups/s  st2 202142 canon 202142 sol 0
[   1086s] frontier 88184/523775 (c=421)  7.579e+08 steps/s 8.221e+08 lookups/s  st2 211114 canon 211114 sol 0
[   1210s] frontier 91406/523775 (c=429)  7.585e+08 steps/s 8.223e+08 lookups/s  st2 220521 canon 220521 sol 0
[   1331s] frontier 94404/523775 (c=436)  7.590e+08 steps/s 8.225e+08 lookups/s  st2 229792 canon 229792 sol 0
[   1452s] frontier 97051/523775 (c=442)  7.544e+08 steps/s 8.172e+08 lookups/s  st2 237869 canon 237869 sol 0
[   1572s] frontier 100604/523775 (c=450)  7.734e+08 steps/s 8.374e+08 lookups/s  st2 248467 canon 248467 sol 0
[   1692s] frontier 103401/523775 (c=456)  7.772e+08 steps/s 8.414e+08 lookups/s  st2 257162 canon 257162 sol 0
[   1812s] frontier 106502/523775 (c=463)  7.896e+08 steps/s 8.544e+08 lookups/s  st2 266513 canon 266513 sol 0
[   1933s] frontier 109749/523775 (c=470)  8.054e+08 steps/s 8.711e+08 lookups/s  st2 276489 canon 276489 sol 0
[   2054s] frontier 112111/523775 (c=475)  8.047e+08 steps/s 8.701e+08 lookups/s  st2 283910 canon 283910 sol 0
[   2174s] frontier 114490/523775 (c=480)  8.061e+08 steps/s 8.713e+08 lookups/s  st2 291340 canon 291340 sol 0
[   2307s] frontier 116441/523775 (c=484)  7.961e+08 steps/s 8.604e+08 lookups/s  st2 297504 canon 297504 sol 0
[   2428s] frontier 118841/523775 (c=489)  8.005e+08 steps/s 8.649e+08 lookups/s  st2 304920 canon 304920 sol 0
[   2549s] frontier 121291/523775 (c=494)  8.067e+08 steps/s 8.713e+08 lookups/s  st2 312569 canon 312569 sol 0
[   2673s] frontier 122290/523775 (c=496)  7.867e+08 steps/s 8.497e+08 lookups/s  st2 315714 canon 315714 sol 0
[   2793s] frontier 125015/523775 (c=501)  7.996e+08 steps/s 8.634e+08 lookups/s  st2 324554 canon 324554 sol 0
[   2914s] frontier 127265/523775 (c=506)  8.049e+08 steps/s 8.688e+08 lookups/s  st2 331560 canon 331560 sol 0
[   3034s] frontier 129500/523775 (c=510)  8.103e+08 steps/s 8.746e+08 lookups/s  st2 338942 canon 338942 sol 0
[   3154s] frontier 130787/523775 (c=512)  8.009e+08 steps/s 8.642e+08 lookups/s  st2 342928 canon 342928 sol 0
[   3274s] frontier 132563/523775 (c=516)  7.990e+08 steps/s 8.622e+08 lookups/s  st2 348648 canon 348648 sol 0
[   3395s] frontier 134430/523775 (c=520)  7.970e+08 steps/s 8.599e+08 lookups/s  st2 354031 canon 354031 sol 0
[   3517s] frontier 137034/523775 (c=525)  8.025e+08 steps/s 8.660e+08 lookups/s  st2 361514 canon 361514 sol 0
[   3637s] frontier 138644/523775 (c=528)  7.947e+08 steps/s 8.577e+08 lookups/s  st2 366011 canon 366011 sol 0
[   3763s] frontier 140206/523775 (c=531)  7.847e+08 steps/s 8.470e+08 lookups/s  st2 370108 canon 370108 sol 0
[   3886s] frontier 142846/523775 (c=536)  7.855e+08 steps/s 8.482e+08 lookups/s  st2 376587 canon 376587 sol 0
[   4012s] frontier 144996/523775 (c=540)  7.799e+08 steps/s 8.425e+08 lookups/s  st2 381719 canon 381719 sol 0
[   4132s] frontier 147184/523775 (c=544)  7.750e+08 steps/s 8.375e+08 lookups/s  st2 387007 canon 387007 sol 0
[   4258s] frontier 149888/523775 (c=549)  7.719e+08 steps/s 8.347e+08 lookups/s  st2 392598 canon 392598 sol 0
[   4385s] frontier 150985/523775 (c=551)  7.569e+08 steps/s 8.186e+08 lookups/s  st2 394843 canon 394843 sol 0
[   4505s] frontier 152210/523775 (c=553)  7.453e+08 steps/s 8.065e+08 lookups/s  st2 397627 canon 397627 sol 0
[   4628s] frontier 155404/523775 (c=559)  7.435e+08 steps/s 8.050e+08 lookups/s  st2 403473 canon 403473 sol 0
[   4748s] frontier 156529/523775 (c=561)  7.308e+08 steps/s 7.914e+08 lookups/s  st2 405567 canon 405567 sol 0
[   4869s] frontier 159336/523775 (c=566)  7.267e+08 steps/s 7.876e+08 lookups/s  st2 410546 canon 410546 sol 0
[   4998s] frontier 159933/523775 (c=567)  7.109e+08 steps/s 7.706e+08 lookups/s  st2 411700 canon 411700 sol 0
[   5119s] frontier 163313/523775 (c=573)  7.086e+08 steps/s 7.688e+08 lookups/s  st2 417091 canon 417091 sol 0
[   5242s] frontier 164482/523775 (c=575)  6.970e+08 steps/s 7.564e+08 lookups/s  st2 419044 canon 419044 sol 0
[   5363s] frontier 166214/523775 (c=578)  6.877e+08 steps/s 7.467e+08 lookups/s  st2 421835 canon 421835 sol 0
[   5484s] frontier 168627/523775 (c=582)  6.821e+08 steps/s 7.411e+08 lookups/s  st2 425888 canon 425888 sol 0
[   5604s] frontier 170257/523775 (c=585)  6.718e+08 steps/s 7.301e+08 lookups/s  st2 427837 canon 427837 sol 0
[   5726s] frontier 172591/523775 (c=589)  6.646e+08 steps/s 7.227e+08 lookups/s  st2 430870 canon 430870 sol 0
[   5846s] frontier 174970/523775 (c=593)  6.578e+08 steps/s 7.158e+08 lookups/s  st2 434116 canon 434116 sol 0
GPU command buffer failed (Discarded (victim of GPU error/recovery) (00000005:kIOGPUCommandBufferCallbackErrorInnocentVictim)); retrying units 175527..175528 with smaller batches
GPU command buffer failed (Caused GPU Hang Error (00000003:kIOGPUCommandBufferCallbackErrorHang)); retrying units 175527..175528 with smaller batches
[   5966s] frontier 175527/523775 (c=594)  6.459e+08 steps/s 7.028e+08 lookups/s  st2 434527 canon 434527 sol 0
[   6086s] frontier 175527/523775 (c=594)  6.331e+08 steps/s 6.890e+08 lookups/s  st2 434527 canon 434527 sol 0
[   6206s] frontier 175527/523775 (c=594)  6.209e+08 steps/s 6.757e+08 lookups/s  st2 434527 canon 434527 sol 0
[   6326s] frontier 175527/523775 (c=594)  6.091e+08 steps/s 6.628e+08 lookups/s  st2 434527 canon 434527 sol 0
[   6446s] frontier 175527/523775 (c=594)  5.978e+08 steps/s 6.505e+08 lookups/s  st2 434527 canon 434527 sol 0
[   6566s] frontier 175527/523775 (c=594)  5.868e+08 steps/s 6.386e+08 lookups/s  st2 434527 canon 434527 sol 0
[   6686s] frontier 175527/523775 (c=594)  5.763e+08 steps/s 6.272e+08 lookups/s  st2 434527 canon 434527 sol 0
[   6806s] frontier 175527/523775 (c=594)  5.661e+08 steps/s 6.161e+08 lookups/s  st2 434527 canon 434527 sol 0
[   6926s] frontier 175527/523775 (c=594)  5.563e+08 steps/s 6.054e+08 lookups/s  st2 434527 canon 434527 sol 0
[   7046s] frontier 175527/523775 (c=594)  5.469e+08 steps/s 5.951e+08 lookups/s  st2 434527 canon 434527 sol 0
[   7166s] frontier 175527/523775 (c=594)  5.377e+08 steps/s 5.852e+08 lookups/s  st2 434527 canon 434527 sol 0
[   7286s] frontier 175527/523775 (c=594)  5.288e+08 steps/s 5.755e+08 lookups/s  st2 434527 canon 434527 sol 0
[   7406s] frontier 175527/523775 (c=594)  5.203e+08 steps/s 5.662e+08 lookups/s  st2 434527 canon 434527 sol 0
[   7526s] frontier 175527/523775 (c=594)  5.120e+08 steps/s 5.572e+08 lookups/s  st2 434527 canon 434527 sol 0
[   7646s] frontier 175527/523775 (c=594)  5.040e+08 steps/s 5.484e+08 lookups/s  st2 434527 canon 434527 sol 0
[   7766s] frontier 175527/523775 (c=594)  4.962e+08 steps/s 5.399e+08 lookups/s  st2 434527 canon 434527 sol 0
[   7886s] frontier 175527/523775 (c=594)  4.886e+08 steps/s 5.317e+08 lookups/s  st2 434527 canon 434527 sol 0
[   8006s] frontier 175527/523775 (c=594)  4.813e+08 steps/s 5.238e+08 lookups/s  st2 434527 canon 434527 sol 0
[   8126s] frontier 175527/523775 (c=594)  4.742e+08 steps/s 5.160e+08 lookups/s  st2 434527 canon 434527 sol 0
[   8246s] frontier 175527/523775 (c=594)  4.673e+08 steps/s 5.085e+08 lookups/s  st2 434527 canon 434527 sol 0
[   8366s] frontier 175527/523775 (c=594)  4.606e+08 steps/s 5.012e+08 lookups/s  st2 434527 canon 434527 sol 0
[   8486s] frontier 175527/523775 (c=594)  4.541e+08 steps/s 4.941e+08 lookups/s  st2 434527 canon 434527 sol 0
[   8606s] frontier 175527/523775 (c=594)  4.477e+08 steps/s 4.872e+08 lookups/s  st2 434527 canon 434527 sol 0
[   8726s] frontier 175527/523775 (c=594)  4.416e+08 steps/s 4.805e+08 lookups/s  st2 434527 canon 434527 sol 0
[   8846s] frontier 175527/523775 (c=594)  4.356e+08 steps/s 4.740e+08 lookups/s  st2 434527 canon 434527 sol 0
[   8966s] frontier 175527/523775 (c=594)  4.298e+08 steps/s 4.677e+08 lookups/s  st2 434527 canon 434527 sol 0
[   9086s] frontier 175527/523775 (c=594)  4.241e+08 steps/s 4.615e+08 lookups/s  st2 434527 canon 434527 sol 0
[   9206s] frontier 175527/523775 (c=594)  4.186e+08 steps/s 4.555e+08 lookups/s  st2 434527 canon 434527 sol 0
[   9326s] frontier 175527/523775 (c=594)  4.132e+08 steps/s 4.496e+08 lookups/s  st2 434527 canon 434527 sol 0
[   9446s] frontier 175527/523775 (c=594)  4.079e+08 steps/s 4.439e+08 lookups/s  st2 434527 canon 434527 sol 0
[   9566s] frontier 175527/523775 (c=594)  4.028e+08 steps/s 4.384e+08 lookups/s  st2 434527 canon 434527 sol 0
[   9686s] frontier 175527/523775 (c=594)  3.978e+08 steps/s 4.329e+08 lookups/s  st2 434527 canon 434527 sol 0
[   9806s] frontier 175527/523775 (c=594)  3.929e+08 steps/s 4.276e+08 lookups/s  st2 434527 canon 434527 sol 0
[   9926s] frontier 175527/523775 (c=594)  3.882e+08 steps/s 4.225e+08 lookups/s  st2 434527 canon 434527 sol 0
[  10046s] frontier 175527/523775 (c=594)  3.836e+08 steps/s 4.174e+08 lookups/s  st2 434527 canon 434527 sol 0
[  10166s] frontier 175527/523775 (c=594)  3.790e+08 steps/s 4.125e+08 lookups/s  st2 434527 canon 434527 sol 0
[  10286s] frontier 175527/523775 (c=594)  3.746e+08 steps/s 4.077e+08 lookups/s  st2 434527 canon 434527 sol 0
[  10406s] frontier 175527/523775 (c=594)  3.703e+08 steps/s 4.030e+08 lookups/s  st2 434527 canon 434527 sol 0
[  10526s] frontier 175527/523775 (c=594)  3.661e+08 steps/s 3.984e+08 lookups/s  st2 434527 canon 434527 sol 0
[  10646s] frontier 175527/523775 (c=594)  3.619e+08 steps/s 3.939e+08 lookups/s  st2 434527 canon 434527 sol 0
[  10766s] frontier 175527/523775 (c=594)  3.579e+08 steps/s 3.895e+08 lookups/s  st2 434527 canon 434527 sol 0
[  10886s] frontier 175527/523775 (c=594)  3.540e+08 steps/s 3.852e+08 lookups/s  st2 434527 canon 434527 sol 0
[  11006s] frontier 175527/523775 (c=594)  3.501e+08 steps/s 3.810e+08 lookups/s  st2 434527 canon 434527 sol 0
[  11126s] frontier 175527/523775 (c=594)  3.463e+08 steps/s 3.769e+08 lookups/s  st2 434527 canon 434527 sol 0
[  11246s] frontier 175527/523775 (c=594)  3.426e+08 steps/s 3.729e+08 lookups/s  st2 434527 canon 434527 sol 0
[  11366s] frontier 175527/523775 (c=594)  3.390e+08 steps/s 3.689e+08 lookups/s  st2 434527 canon 434527 sol 0
[  11486s] frontier 175527/523775 (c=594)  3.355e+08 steps/s 3.651e+08 lookups/s  st2 434527 canon 434527 sol 0
[  11606s] frontier 175527/523775 (c=594)  3.320e+08 steps/s 3.613e+08 lookups/s  st2 434527 canon 434527 sol 0
[  11726s] frontier 175527/523775 (c=594)  3.286e+08 steps/s 3.576e+08 lookups/s  st2 434527 canon 434527 sol 0
[  11846s] frontier 175527/523775 (c=594)  3.253e+08 steps/s 3.540e+08 lookups/s  st2 434527 canon 434527 sol 0
[  11966s] frontier 175527/523775 (c=594)  3.220e+08 steps/s 3.504e+08 lookups/s  st2 434527 canon 434527 sol 0
[  12086s] frontier 175527/523775 (c=594)  3.188e+08 steps/s 3.470e+08 lookups/s  st2 434527 canon 434527 sol 0
[  12206s] frontier 175527/523775 (c=594)  3.157e+08 steps/s 3.435e+08 lookups/s  st2 434527 canon 434527 sol 0
[  12326s] frontier 175527/523775 (c=594)  3.126e+08 steps/s 3.402e+08 lookups/s  st2 434527 canon 434527 sol 0
[  12446s] frontier 175527/523775 (c=594)  3.096e+08 steps/s 3.369e+08 lookups/s  st2 434527 canon 434527 sol 0
[  12566s] frontier 175527/523775 (c=594)  3.066e+08 steps/s 3.337e+08 lookups/s  st2 434527 canon 434527 sol 0
[  12686s] frontier 175527/523775 (c=594)  3.037e+08 steps/s 3.305e+08 lookups/s  st2 434527 canon 434527 sol 0
[  12806s] frontier 175527/523775 (c=594)  3.009e+08 steps/s 3.275e+08 lookups/s  st2 434527 canon 434527 sol 0
[  12926s] frontier 175527/523775 (c=594)  2.981e+08 steps/s 3.244e+08 lookups/s  st2 434527 canon 434527 sol 0
[  13046s] frontier 175527/523775 (c=594)  2.954e+08 steps/s 3.214e+08 lookups/s  st2 434527 canon 434527 sol 0
[  13166s] frontier 175527/523775 (c=594)  2.927e+08 steps/s 3.185e+08 lookups/s  st2 434527 canon 434527 sol 0
[  13286s] frontier 175527/523775 (c=594)  2.900e+08 steps/s 3.156e+08 lookups/s  st2 434527 canon 434527 sol 0
[  13406s] frontier 175527/523775 (c=594)  2.874e+08 steps/s 3.128e+08 lookups/s  st2 434527 canon 434527 sol 0
[  13526s] frontier 175527/523775 (c=594)  2.849e+08 steps/s 3.100e+08 lookups/s  st2 434527 canon 434527 sol 0
[  13646s] frontier 175527/523775 (c=594)  2.824e+08 steps/s 3.073e+08 lookups/s  st2 434527 canon 434527 sol 0
[  13766s] frontier 175527/523775 (c=594)  2.799e+08 steps/s 3.046e+08 lookups/s  st2 434527 canon 434527 sol 0
[  13886s] frontier 175527/523775 (c=594)  2.775e+08 steps/s 3.020e+08 lookups/s  st2 434527 canon 434527 sol 0
[  14006s] frontier 175527/523775 (c=594)  2.751e+08 steps/s 2.994e+08 lookups/s  st2 434527 canon 434527 sol 0
[  14126s] frontier 175527/523775 (c=594)  2.728e+08 steps/s 2.969e+08 lookups/s  st2 434527 canon 434527 sol 0
[  14246s] frontier 175527/523775 (c=594)  2.705e+08 steps/s 2.944e+08 lookups/s  st2 434527 canon 434527 sol 0
[  14366s] frontier 175527/523775 (c=594)  2.682e+08 steps/s 2.919e+08 lookups/s  st2 434527 canon 434527 sol 0
[  14486s] frontier 175527/523775 (c=594)  2.660e+08 steps/s 2.895e+08 lookups/s  st2 434527 canon 434527 sol 0
[  14606s] frontier 175527/523775 (c=594)  2.638e+08 steps/s 2.871e+08 lookups/s  st2 434527 canon 434527 sol 0
[  14726s] frontier 175527/523775 (c=594)  2.617e+08 steps/s 2.848e+08 lookups/s  st2 434527 canon 434527 sol 0
[  14846s] frontier 175527/523775 (c=594)  2.596e+08 steps/s 2.825e+08 lookups/s  st2 434527 canon 434527 sol 0
[  14966s] frontier 175527/523775 (c=594)  2.575e+08 steps/s 2.802e+08 lookups/s  st2 434527 canon 434527 sol 0
[  15086s] frontier 175527/523775 (c=594)  2.554e+08 steps/s 2.780e+08 lookups/s  st2 434527 canon 434527 sol 0
[  15206s] frontier 175527/523775 (c=594)  2.534e+08 steps/s 2.758e+08 lookups/s  st2 434527 canon 434527 sol 0
[  15326s] frontier 175527/523775 (c=594)  2.514e+08 steps/s 2.736e+08 lookups/s  st2 434527 canon 434527 sol 0
[  15446s] frontier 175527/523775 (c=594)  2.495e+08 steps/s 2.715e+08 lookups/s  st2 434527 canon 434527 sol 0
[  15566s] frontier 175527/523775 (c=594)  2.475e+08 steps/s 2.694e+08 lookups/s  st2 434527 canon 434527 sol 0
[  15686s] frontier 175527/523775 (c=594)  2.457e+08 steps/s 2.673e+08 lookups/s  st2 434527 canon 434527 sol 0
[  15806s] frontier 175527/523775 (c=594)  2.438e+08 steps/s 2.653e+08 lookups/s  st2 434527 canon 434527 sol 0
[  15926s] frontier 175527/523775 (c=594)  2.420e+08 steps/s 2.633e+08 lookups/s  st2 434527 canon 434527 sol 0
[  16046s] frontier 175527/523775 (c=594)  2.401e+08 steps/s 2.613e+08 lookups/s  st2 434527 canon 434527 sol 0
[  16166s] frontier 175527/523775 (c=594)  2.384e+08 steps/s 2.594e+08 lookups/s  st2 434527 canon 434527 sol 0
[  16286s] frontier 175527/523775 (c=594)  2.366e+08 steps/s 2.575e+08 lookups/s  st2 434527 canon 434527 sol 0
[  16406s] frontier 175527/523775 (c=594)  2.349e+08 steps/s 2.556e+08 lookups/s  st2 434527 canon 434527 sol 0
[  16526s] frontier 175527/523775 (c=594)  2.332e+08 steps/s 2.537e+08 lookups/s  st2 434527 canon 434527 sol 0
[  16646s] frontier 175527/523775 (c=594)  2.315e+08 steps/s 2.519e+08 lookups/s  st2 434527 canon 434527 sol 0
[  16766s] frontier 175527/523775 (c=594)  2.298e+08 steps/s 2.501e+08 lookups/s  st2 434527 canon 434527 sol 0
[  16886s] frontier 175527/523775 (c=594)  2.282e+08 steps/s 2.483e+08 lookups/s  st2 434527 canon 434527 sol 0
[  17006s] frontier 175527/523775 (c=594)  2.266e+08 steps/s 2.466e+08 lookups/s  st2 434527 canon 434527 sol 0
[  17126s] frontier 175527/523775 (c=594)  2.250e+08 steps/s 2.449e+08 lookups/s  st2 434527 canon 434527 sol 0
[  17246s] frontier 175527/523775 (c=594)  2.234e+08 steps/s 2.432e+08 lookups/s  st2 434527 canon 434527 sol 0
[  17366s] frontier 175527/523775 (c=594)  2.219e+08 steps/s 2.415e+08 lookups/s  st2 434527 canon 434527 sol 0
[  17486s] frontier 175527/523775 (c=594)  2.204e+08 steps/s 2.398e+08 lookups/s  st2 434527 canon 434527 sol 0
[  17606s] frontier 175527/523775 (c=594)  2.189e+08 steps/s 2.382e+08 lookups/s  st2 434527 canon 434527 sol 0
[  17726s] frontier 175527/523775 (c=594)  2.174e+08 steps/s 2.366e+08 lookups/s  st2 434527 canon 434527 sol 0
[  17846s] frontier 175527/523775 (c=594)  2.159e+08 steps/s 2.350e+08 lookups/s  st2 434527 canon 434527 sol 0
[  17966s] frontier 175527/523775 (c=594)  2.145e+08 steps/s 2.334e+08 lookups/s  st2 434527 canon 434527 sol 0
[  18086s] frontier 175527/523775 (c=594)  2.131e+08 steps/s 2.319e+08 lookups/s  st2 434527 canon 434527 sol 0
[  18206s] frontier 175527/523775 (c=594)  2.117e+08 steps/s 2.303e+08 lookups/s  st2 434527 canon 434527 sol 0
[  18326s] frontier 175527/523775 (c=594)  2.103e+08 steps/s 2.288e+08 lookups/s  st2 434527 canon 434527 sol 0
[  18446s] frontier 175527/523775 (c=594)  2.089e+08 steps/s 2.273e+08 lookups/s  st2 434527 canon 434527 sol 0
[  18566s] frontier 175527/523775 (c=594)  2.075e+08 steps/s 2.259e+08 lookups/s  st2 434527 canon 434527 sol 0
[  18686s] frontier 175527/523775 (c=594)  2.062e+08 steps/s 2.244e+08 lookups/s  st2 434527 canon 434527 sol 0
[  18806s] frontier 175527/523775 (c=594)  2.049e+08 steps/s 2.230e+08 lookups/s  st2 434527 canon 434527 sol 0
[  18926s] frontier 175527/523775 (c=594)  2.036e+08 steps/s 2.216e+08 lookups/s  st2 434527 canon 434527 sol 0
[  19046s] frontier 175527/523775 (c=594)  2.023e+08 steps/s 2.202e+08 lookups/s  st2 434527 canon 434527 sol 0
[  19166s] frontier 175527/523775 (c=594)  2.011e+08 steps/s 2.188e+08 lookups/s  st2 434527 canon 434527 sol 0
[  19286s] frontier 175527/523775 (c=594)  1.998e+08 steps/s 2.174e+08 lookups/s  st2 434527 canon 434527 sol 0
[  19406s] frontier 175527/523775 (c=594)  1.986e+08 steps/s 2.161e+08 lookups/s  st2 434527 canon 434527 sol 0
[  19526s] frontier 175527/523775 (c=594)  1.973e+08 steps/s 2.148e+08 lookups/s  st2 434527 canon 434527 sol 0
[  19646s] frontier 175527/523775 (c=594)  1.961e+08 steps/s 2.134e+08 lookups/s  st2 434527 canon 434527 sol 0
[  19766s] frontier 175527/523775 (c=594)  1.949e+08 steps/s 2.122e+08 lookups/s  st2 434527 canon 434527 sol 0
[  19886s] frontier 175527/523775 (c=594)  1.938e+08 steps/s 2.109e+08 lookups/s  st2 434527 canon 434527 sol 0
[  20006s] frontier 175527/523775 (c=594)  1.926e+08 steps/s 2.096e+08 lookups/s  st2 434527 canon 434527 sol 0
[  20126s] frontier 175527/523775 (c=594)  1.915e+08 steps/s 2.084e+08 lookups/s  st2 434527 canon 434527 sol 0
[  20246s] frontier 175527/523775 (c=594)  1.903e+08 steps/s 2.071e+08 lookups/s  st2 434527 canon 434527 sol 0
[  20366s] frontier 175527/523775 (c=594)  1.892e+08 steps/s 2.059e+08 lookups/s  st2 434527 canon 434527 sol 0
[  20486s] frontier 175527/523775 (c=594)  1.881e+08 steps/s 2.047e+08 lookups/s  st2 434527 canon 434527 sol 0
[  20606s] frontier 175527/523775 (c=594)  1.870e+08 steps/s 2.035e+08 lookups/s  st2 434527 canon 434527 sol 0
[  20726s] frontier 175527/523775 (c=594)  1.859e+08 steps/s 2.023e+08 lookups/s  st2 434527 canon 434527 sol 0
[  20846s] frontier 175527/523775 (c=594)  1.848e+08 steps/s 2.012e+08 lookups/s  st2 434527 canon 434527 sol 0
[  20966s] frontier 175527/523775 (c=594)  1.838e+08 steps/s 2.000e+08 lookups/s  st2 434527 canon 434527 sol 0
[  21086s] frontier 175527/523775 (c=594)  1.827e+08 steps/s 1.989e+08 lookups/s  st2 434527 canon 434527 sol 0
[  21206s] frontier 175527/523775 (c=594)  1.817e+08 steps/s 1.977e+08 lookups/s  st2 434527 canon 434527 sol 0
[  21326s] frontier 175527/523775 (c=594)  1.807e+08 steps/s 1.966e+08 lookups/s  st2 434527 canon 434527 sol 0
[  21446s] frontier 175527/523775 (c=594)  1.797e+08 steps/s 1.955e+08 lookups/s  st2 434527 canon 434527 sol 0
[  21566s] frontier 175527/523775 (c=594)  1.787e+08 steps/s 1.944e+08 lookups/s  st2 434527 canon 434527 sol 0
[  21686s] frontier 175527/523775 (c=594)  1.777e+08 steps/s 1.934e+08 lookups/s  st2 434527 canon 434527 sol 0
[  21806s] frontier 175527/523775 (c=594)  1.767e+08 steps/s 1.923e+08 lookups/s  st2 434527 canon 434527 sol 0
[  21926s] frontier 175527/523775 (c=594)  1.757e+08 steps/s 1.913e+08 lookups/s  st2 434527 canon 434527 sol 0
[  22046s] frontier 175527/523775 (c=594)  1.748e+08 steps/s 1.902e+08 lookups/s  st2 434527 canon 434527 sol 0
[  22166s] frontier 175527/523775 (c=594)  1.738e+08 steps/s 1.892e+08 lookups/s  st2 434527 canon 434527 sol 0
[  22286s] frontier 175527/523775 (c=594)  1.729e+08 steps/s 1.882e+08 lookups/s  st2 434527 canon 434527 sol 0
[  22406s] frontier 175527/523775 (c=594)  1.720e+08 steps/s 1.872e+08 lookups/s  st2 434527 canon 434527 sol 0
[  22526s] frontier 175527/523775 (c=594)  1.711e+08 steps/s 1.862e+08 lookups/s  st2 434527 canon 434527 sol 0
[  22646s] frontier 175527/523775 (c=594)  1.702e+08 steps/s 1.852e+08 lookups/s  st2 434527 canon 434527 sol 0
[  22766s] frontier 175527/523775 (c=594)  1.693e+08 steps/s 1.842e+08 lookups/s  st2 434527 canon 434527 sol 0
[  22886s] frontier 175527/523775 (c=594)  1.684e+08 steps/s 1.832e+08 lookups/s  st2 434527 canon 434527 sol 0
[  23006s] frontier 175527/523775 (c=594)  1.675e+08 steps/s 1.823e+08 lookups/s  st2 434527 canon 434527 sol 0
[  23126s] frontier 175527/523775 (c=594)  1.666e+08 steps/s 1.813e+08 lookups/s  st2 434527 canon 434527 sol 0
[  23246s] frontier 175527/523775 (c=594)  1.658e+08 steps/s 1.804e+08 lookups/s  st2 434527 canon 434527 sol 0
[  23366s] frontier 175527/523775 (c=594)  1.649e+08 steps/s 1.795e+08 lookups/s  st2 434527 canon 434527 sol 0
[  23486s] frontier 175527/523775 (c=594)  1.641e+08 steps/s 1.785e+08 lookups/s  st2 434527 canon 434527 sol 0
[  23606s] frontier 175527/523775 (c=594)  1.632e+08 steps/s 1.776e+08 lookups/s  st2 434527 canon 434527 sol 0
[  23726s] frontier 175527/523775 (c=594)  1.624e+08 steps/s 1.767e+08 lookups/s  st2 434527 canon 434527 sol 0
[  23846s] frontier 175527/523775 (c=594)  1.616e+08 steps/s 1.759e+08 lookups/s  st2 434527 canon 434527 sol 0
[  23966s] frontier 175527/523775 (c=594)  1.608e+08 steps/s 1.750e+08 lookups/s  st2 434527 canon 434527 sol 0
[  24086s] frontier 175527/523775 (c=594)  1.600e+08 steps/s 1.741e+08 lookups/s  st2 434527 canon 434527 sol 0
[  24206s] frontier 175527/523775 (c=594)  1.592e+08 steps/s 1.732e+08 lookups/s  st2 434527 canon 434527 sol 0
[  24326s] frontier 175527/523775 (c=594)  1.584e+08 steps/s 1.724e+08 lookups/s  st2 434527 canon 434527 sol 0
[  24446s] frontier 175527/523775 (c=594)  1.576e+08 steps/s 1.715e+08 lookups/s  st2 434527 canon 434527 sol 0
[  24566s] frontier 175527/523775 (c=594)  1.569e+08 steps/s 1.707e+08 lookups/s  st2 434527 canon 434527 sol 0
[  24686s] frontier 175527/523775 (c=594)  1.561e+08 steps/s 1.699e+08 lookups/s  st2 434527 canon 434527 sol 0
[  24806s] frontier 175527/523775 (c=594)  1.553e+08 steps/s 1.690e+08 lookups/s  st2 434527 canon 434527 sol 0
[  24926s] frontier 175527/523775 (c=594)  1.546e+08 steps/s 1.682e+08 lookups/s  st2 434527 canon 434527 sol 0
[  25046s] frontier 175527/523775 (c=594)  1.539e+08 steps/s 1.674e+08 lookups/s  st2 434527 canon 434527 sol 0
[  25166s] frontier 175527/523775 (c=594)  1.531e+08 steps/s 1.666e+08 lookups/s  st2 434527 canon 434527 sol 0
[  25286s] frontier 175527/523775 (c=594)  1.524e+08 steps/s 1.658e+08 lookups/s  st2 434527 canon 434527 sol 0
[  25406s] frontier 175527/523775 (c=594)  1.517e+08 steps/s 1.651e+08 lookups/s  st2 434527 canon 434527 sol 0
[  25526s] frontier 175527/523775 (c=594)  1.510e+08 steps/s 1.643e+08 lookups/s  st2 434527 canon 434527 sol 0
[  25646s] frontier 175527/523775 (c=594)  1.503e+08 steps/s 1.635e+08 lookups/s  st2 434527 canon 434527 sol 0
[  25766s] frontier 175527/523775 (c=594)  1.496e+08 steps/s 1.627e+08 lookups/s  st2 434527 canon 434527 sol 0
[  25886s] frontier 175527/523775 (c=594)  1.489e+08 steps/s 1.620e+08 lookups/s  st2 434527 canon 434527 sol 0
[  26006s] frontier 175527/523775 (c=594)  1.482e+08 steps/s 1.612e+08 lookups/s  st2 434527 canon 434527 sol 0
[  26126s] frontier 175527/523775 (c=594)  1.475e+08 steps/s 1.605e+08 lookups/s  st2 434527 canon 434527 sol 0
[  26246s] frontier 175527/523775 (c=594)  1.468e+08 steps/s 1.598e+08 lookups/s  st2 434527 canon 434527 sol 0
[  26366s] frontier 175527/523775 (c=594)  1.461e+08 steps/s 1.590e+08 lookups/s  st2 434527 canon 434527 sol 0
[  26486s] frontier 175527/523775 (c=594)  1.455e+08 steps/s 1.583e+08 lookups/s  st2 434527 canon 434527 sol 0
[  26606s] frontier 175527/523775 (c=594)  1.448e+08 steps/s 1.576e+08 lookups/s  st2 434527 canon 434527 sol 0
[  26726s] frontier 175527/523775 (c=594)  1.442e+08 steps/s 1.569e+08 lookups/s  st2 434527 canon 434527 sol 0
[  26846s] frontier 175527/523775 (c=594)  1.435e+08 steps/s 1.562e+08 lookups/s  st2 434527 canon 434527 sol 0
[  26966s] frontier 175527/523775 (c=594)  1.429e+08 steps/s 1.555e+08 lookups/s  st2 434527 canon 434527 sol 0
[  27086s] frontier 175527/523775 (c=594)  1.423e+08 steps/s 1.548e+08 lookups/s  st2 434527 canon 434527 sol 0
[  27206s] frontier 175527/523775 (c=594)  1.416e+08 steps/s 1.541e+08 lookups/s  st2 434527 canon 434527 sol 0
[  27326s] frontier 175527/523775 (c=594)  1.410e+08 steps/s 1.535e+08 lookups/s  st2 434527 canon 434527 sol 0
[  27446s] frontier 175527/523775 (c=594)  1.404e+08 steps/s 1.528e+08 lookups/s  st2 434527 canon 434527 sol 0
[  27566s] frontier 175527/523775 (c=594)  1.398e+08 steps/s 1.521e+08 lookups/s  st2 434527 canon 434527 sol 0
[  27686s] frontier 175527/523775 (c=594)  1.392e+08 steps/s 1.515e+08 lookups/s  st2 434527 canon 434527 sol 0
[  27806s] frontier 175527/523775 (c=594)  1.386e+08 steps/s 1.508e+08 lookups/s  st2 434527 canon 434527 sol 0
[  27926s] frontier 175527/523775 (c=594)  1.380e+08 steps/s 1.502e+08 lookups/s  st2 434527 canon 434527 sol 0
[  28046s] frontier 175527/523775 (c=594)  1.374e+08 steps/s 1.495e+08 lookups/s  st2 434527 canon 434527 sol 0
[  28166s] frontier 175527/523775 (c=594)  1.368e+08 steps/s 1.489e+08 lookups/s  st2 434527 canon 434527 sol 0
[  28286s] frontier 175527/523775 (c=594)  1.362e+08 steps/s 1.483e+08 lookups/s  st2 434527 canon 434527 sol 0
[  28406s] frontier 175527/523775 (c=594)  1.357e+08 steps/s 1.476e+08 lookups/s  st2 434527 canon 434527 sol 0
[  28526s] frontier 175527/523775 (c=594)  1.351e+08 steps/s 1.470e+08 lookups/s  st2 434527 canon 434527 sol 0
[  28646s] frontier 175527/523775 (c=594)  1.345e+08 steps/s 1.464e+08 lookups/s  st2 434527 canon 434527 sol 0
[  28766s] frontier 175527/523775 (c=594)  1.340e+08 steps/s 1.458e+08 lookups/s  st2 434527 canon 434527 sol 0
[  28886s] frontier 175527/523775 (c=594)  1.334e+08 steps/s 1.452e+08 lookups/s  st2 434527 canon 434527 sol 0
[  29006s] frontier 175527/523775 (c=594)  1.328e+08 steps/s 1.446e+08 lookups/s  st2 434527 canon 434527 sol 0
[  29126s] frontier 175527/523775 (c=594)  1.323e+08 steps/s 1.440e+08 lookups/s  st2 434527 canon 434527 sol 0
[  29246s] frontier 175527/523775 (c=594)  1.318e+08 steps/s 1.434e+08 lookups/s  st2 434527 canon 434527 sol 0
[  29366s] frontier 175527/523775 (c=594)  1.312e+08 steps/s 1.428e+08 lookups/s  st2 434527 canon 434527 sol 0
[  29486s] frontier 175527/523775 (c=594)  1.307e+08 steps/s 1.422e+08 lookups/s  st2 434527 canon 434527 sol 0
[  29606s] frontier 175527/523775 (c=594)  1.302e+08 steps/s 1.416e+08 lookups/s  st2 434527 canon 434527 sol 0
[  29726s] frontier 175527/523775 (c=594)  1.296e+08 steps/s 1.411e+08 lookups/s  st2 434527 canon 434527 sol 0
[  29846s] frontier 175527/523775 (c=594)  1.291e+08 steps/s 1.405e+08 lookups/s  st2 434527 canon 434527 sol 0
[  29966s] frontier 175527/523775 (c=594)  1.286e+08 steps/s 1.399e+08 lookups/s  st2 434527 canon 434527 sol 0
[  30086s] frontier 175527/523775 (c=594)  1.281e+08 steps/s 1.394e+08 lookups/s  st2 434527 canon 434527 sol 0
[  30206s] frontier 175527/523775 (c=594)  1.276e+08 steps/s 1.388e+08 lookups/s  st2 434527 canon 434527 sol 0
[  30326s] frontier 175527/523775 (c=594)  1.271e+08 steps/s 1.383e+08 lookups/s  st2 434527 canon 434527 sol 0
[  30446s] frontier 175527/523775 (c=594)  1.266e+08 steps/s 1.377e+08 lookups/s  st2 434527 canon 434527 sol 0
[  30566s] frontier 175527/523775 (c=594)  1.261e+08 steps/s 1.372e+08 lookups/s  st2 434527 canon 434527 sol 0
[  30598s] frontier 175527/523775 (c=594)  1.259e+08 steps/s 1.371e+08 lookups/s  st2 434527 canon 434527 sol 0
[removed 39950702 repeated 'Ignored (for causing prior/excessive GPU errors)' retry lines for units 175527..175528; process killed]
