A171740 search: n=10, threads=1, limit=none
stage b2=34 vs b1={24}: values [60716992766464, 63403380965376), 59126 candidates (MITM path)
  MITM b1=24: s=3 t=2 j=2 je=2 Q=576 table=1156 yh=52
stage b2=35 vs b1={25}: values [78815638671875, 95367431640625), 315141 candidates (MITM path)
  MITM b1=25: s=3 t=2 j=2 je=2 Q=625 table=1225 yh=258
stage b2=36 vs b1={26}: values [101559956668416, 141167095653376), 655030 candidates (MITM path)
  MITM b1=26: s=3 t=2 j=2 je=2 Q=676 table=1296 yh=506
stage b2=37 vs b1={27}: values [129961739795077, 205891132094649), 1094968 candidates (MITM path)
  MITM b1=27: s=3 t=2 j=2 je=2 Q=729 table=1369 yh=800
stage b2=38 vs b1={28}: values [165216101262848, 296196766695424), 1653063 candidates (MITM path)
  MITM b1=28: s=3 t=2 j=2 je=3 Q=784 table=1444 yh=1145
stage b2=39 vs b1={29}: values [208728361158759, 420707233300201), 2349469 candidates (MITM path)
  MITM b1=29: s=3 t=2 j=2 je=3 Q=841 table=1521 yh=1545
stage b2=40 vs b1={30}: values [262144000000000, 590490000000000), 3206504 candidates (MITM path)
  MITM b1=30: s=3 t=2 j=2 je=3 Q=900 table=1600 yh=2005
stage b2=41 vs b1={31}: values [327381934393961, 819628286980801), 4248771 candidates (MITM path)
  MITM b1=31: s=3 t=2 j=2 je=3 Q=961 table=1681 yh=2528
stage b2=42 vs b1={32}: values [406671383849472, 1125899906842624), 5503266 candidates (MITM path)
  MITM b1=32: s=3 t=2 j=2 je=3 Q=1024 table=1764 yh=3120
stage b2=43 vs b1={33}: values [502592611936843, 1531578985264449), 6999506 candidates (MITM path)
  MITM b1=33: s=3 t=2 j=2 je=3 Q=1089 table=1849 yh=3786
stage b2=44 vs b1={34}: values [618121839509504, 2064377754059776), 8769640 candidates (MITM path)
  MITM b1=34: s=3 t=2 j=2 je=3 Q=1156 table=1936 yh=4530

*** MATCH: 1198501397192925 is an 10-digit palindrome in bases 34 and 44
stage b2=45 vs b1={35}: values [756680642578125, 2758547353515625), 10848573 candidates (MITM path)
  MITM b1=35: s=3 t=2 j=2 je=3 Q=1225 table=2025 yh=5358
stage b2=46 vs b1={36}: values [922190162669056, 3656158440062976), 13274077 candidates (MITM path)
  MITM b1=36: s=3 t=2 j=2 je=3 Q=1296 table=2116 yh=6274
stage b2=47 vs b1={37}: values [1119130473102767, 4808584372417849), 16086917 candidates (MITM path)
  MITM b1=37: s=3 t=2 j=2 je=3 Q=1369 table=2209 yh=7283
done: 0.00s, 19538 candidates tested
