A171740 search: n=12, threads=1, limit=none
stage b2=472 vs b1={283}: values [259037109303946675027997360128, 263898685087308495981516810961), 439668212955 candidates (MITM path)
  MITM b1=283: s=4 t=2 j=2 je=3 Q=80089 table=222784 yh=1973518
stage b2=473 vs b1={284}: values [265138349296877942293007763977, 275308791831202866814366253056), 908182242222 candidates (MITM path)
  MITM b1=284: s=4 t=2 j=2 je=3 Q=80656 table=223729 yh=4059297
stage b2=474 vs b1={285}: values [271369952365606399975686580224, 287169505347519450195556640625), 1393075805350 candidates (MITM path)
  MITM b1=285: s=4 t=2 j=2 je=3 Q=81225 table=224676 yh=6200377
stage b2=475 vs b1={286}: values [277734420056865215301513671875, 299496945547901850804899024896), 1894731324328 candidates (MITM path)
  MITM b1=286: s=4 t=2 j=2 je=3 Q=81796 table=225625 yh=8397702
stage b2=476 vs b1={287}: values [284234296495568578116086398976, 312307749504346137016129649281), 2413537869123 candidates (MITM path)
  MITM b1=287: s=4 t=2 j=2 je=3 Q=82369 table=226576 yh=10652223
stage b2=477 vs b1={288}: values [290872169017591458452425905573, 325619086145088897570576531456), 2949891240074 candidates (MITM path)
  MITM b1=288: s=4 t=2 j=2 je=3 Q=82944 table=227529 yh=12964903
stage b2=478 vs b1={289}: values [297650668810592995192411420672, 339448671314611904643504117121), 3504194050907 candidates (MITM path)
  MITM b1=289: s=4 t=2 j=2 je=3 Q=83521 table=228484 yh=15336716
stage b2=479 vs b1={290}: values [304572471562968542123015813279, 353814783205469041000000000000), 4076855812344 candidates (MITM path)
  MITM b1=290: s=4 t=2 j=2 je=3 Q=84100 table=229441 yh=17768646
stage b2=480 vs b1={291}: values [311640298121016115200000000000, 368736278169776566314796884081), 4668293016337 candidates (MITM path)
  MITM b1=291: s=4 t=2 j=2 je=3 Q=84681 table=230400 yh=20261689
stage b2=481 vs b1={292}: values [318856915154403706875322757281, 384232606918345112299069505536), 5278929220904 candidates (MITM path)
  MITM b1=292: s=4 t=2 j=2 je=3 Q=85264 table=231361 yh=22816850
stage b2=482 vs b1={293}: values [326225135830024659938776352768, 400323831115571027902364072401), 5909195135586 candidates (MITM path)
  MITM b1=293: s=4 t=2 j=2 je=3 Q=85849 table=232324 yh=25435148
stage b2=483 vs b1={294}: values [333747820494329024488347411867, 417030640378345864542952820736), 6559528707509 candidates (MITM path)
  MITM b1=294: s=4 t=2 j=2 je=3 Q=86436 table=233289 yh=28117609
stage b2=484 vs b1={295}: values [341427877364219557396646723584, 434374369687385917207275390625), 7230375208067 candidates (MITM path)
  MITM b1=295: s=3 t=3 j=3 je=3 Q=25672375 table=113379904 yh=63772
stage b2=485 vs b1={296}: values [349268263226601764001611328125, 452377017219528840630098722816), 7922187320221 candidates (MITM path)
  MITM b1=296: s=3 t=3 j=3 je=3 Q=25934336 table=114084125 yh=69442

*** MATCH: 349757761887708318174311238276 is an 12-digit palindrome in bases 296 and 485
done: 22.02s, 174048780 candidates tested
