A171740 search: n=12, threads=1, limit=none
stage b2=386 vs b1={235}: values [28343948575831725778577524736, 28367061305895648984619140625), 6987590073 candidates (MITM path)
  MITM b1=235: s=4 t=2 j=2 je=3 Q=55225 table=148996 yh=46898
stage b2=387 vs b1={236}: values [29162222232616955908481341563, 29849979392446980130179383296), 204724269510 candidates (MITM path)
  MITM b1=236: s=4 t=2 j=2 je=3 Q=55696 table=149769 yh=1366934
stage b2=388 vs b1={237}: values [30001915361779480272056614912, 31403651714183943747186386481), 410843086126 candidates (MITM path)
  MITM b1=237: s=4 t=2 j=2 je=3 Q=56169 table=150544 yh=2729057
stage b2=389 vs b1={238}: values [30863531265827924755035773789, 33031134065402989058412384256), 625578904633 candidates (MITM path)
  MITM b1=238: s=4 t=2 j=2 je=3 Q=56644 table=151321 yh=4134119
stage b2=390 vs b1={239}: values [31747583732247243900000000000, 34735600510611194263176918721), 849171460418 candidates (MITM path)
  MITM b1=239: s=4 t=2 j=2 je=3 Q=57121 table=152100 yh=5582982
stage b2=391 vs b1={240}: values [32654597224127007351927104791, 36520347436056576000000000000), 1081865431125 candidates (MITM path)
  MITM b1=240: s=4 t=2 j=2 je=3 Q=57600 table=152881 yh=7076520
stage b2=392 vs b1={241}: values [33585107073752721624827691008, 38388797722185519065061084481), 1323910508856 candidates (MITM path)
  MITM b1=241: s=4 t=2 j=2 je=3 Q=58081 table=153664 yh=8615620
stage b2=393 vs b1={242}: values [34539659679198468283732168857, 40344505040107975043939700736), 1575561472999 candidates (MITM path)
  MITM b1=242: s=4 t=2 j=2 je=3 Q=58564 table=154449 yh=10201177
stage b2=394 vs b1={243}: values [35518812703959534278923577344, 42391158275216203514294433201), 1837078263675 candidates (MITM path)
  MITM b1=243: s=4 t=2 j=2 je=3 Q=59049 table=155236 yh=11834100
stage b2=395 vs b1={244}: values [36523135279664107855419921875, 44532586081169051256761614336), 2108726055805 candidates (MITM path)
  MITM b1=244: s=4 t=2 j=2 je=3 Q=59536 table=156025 yh=13515309
stage b2=396 vs b1={245}: values [37553208211903514205902340096, 46772761567521097265869140625), 2390775333812 candidates (MITM path)
  MITM b1=245: s=4 t=2 j=2 je=3 Q=60025 table=156816 yh=15245736
stage b2=397 vs b1={246}: values [38609624189220868855209238453, 49115807124344448192809865216), 2683501966942 candidates (MITM path)
  MITM b1=246: s=3 t=3 j=3 je=3 Q=14886936 table=62570773 yh=42888
stage b2=398 vs b1={247}: values [39692987995298433674858903552, 51565999387260564203827465441), 2987187285210 candidates (MITM path)
  MITM b1=247: s=3 t=3 j=3 je=3 Q=15069223 table=63044792 yh=47382
stage b2=399 vs b1={248}: values [40803916724384370442551204399, 54127774346370243244217860096), 3302118155985 candidates (MITM path)
  MITM b1=248: s=3 t=3 j=3 je=3 Q=15252992 table=63521199 yh=51985
stage b2=400 vs b1={249}: values [41943040000000000000000000000, 56805732602641806617660372001), 3628587061192 candidates (MITM path)
  MITM b1=249: s=3 t=3 j=3 je=3 Q=15438249 table=64000000 yh=56697
stage b2=401 vs b1={250}: values [43111000196969091338568804401, 59604644775390625000000000000), 3966892175155 candidates (MITM path)
  MITM b1=250: s=3 t=3 j=3 je=3 Q=15625000 table=64481201 yh=61521
stage b2=402 vs b1={251}: values [44308452666811124371870107648, 62529457064557415999535378001), 4317337443061 candidates (MITM path)
  MITM b1=251: s=3 t=3 j=3 je=3 Q=15813251 table=64964808 yh=66457
stage b2=403 vs b1={252}: values [45536065966540892753630392747, 65585296971568246764230148096), 4680232660069 candidates (MITM path)
  MITM b1=252: s=3 t=3 j=3 je=3 Q=16003008 table=65450827 yh=71508

*** MATCH: 63617935524699487423983530248 is an 12-digit palindrome in bases 252 and 403
stage b2=404 vs b1={253}: values [46794522090917238883645128704, 68777479182635902650515347441), 5055893551038 candidates (MITM path)
  MITM b1=253: s=3 t=3 j=3 je=3 Q=16194277 table=65939264 yh=76676
stage b2=405 vs b1={254}: values [48084516708184142230517578125, 72111511618440250457975689216), 5444641850906 candidates (MITM path)
  MITM b1=254: s=3 t=3 j=3 je=3 Q=16387064 table=66430125 yh=81961
stage b2=406 vs b1={255}: values [49406759399347814303098771456, 75593101654204447168212890625), 5846805385689 candidates (MITM path)
  MITM b1=255: s=3 t=3 j=3 je=3 Q=16581375 table=66923416 yh=87366
stage b2=407 vs b1={256}: values [50761973901033889039170022343, 79228162514264337593543950336), 6262718154126 candidates (MITM path)
  MITM b1=256: s=3 t=3 j=3 je=3 Q=16777216 table=67419143 yh=92893
stage b2=408 vs b1={257}: values [52150898351969236066020360192, 83022819845310162051379891201), 6692720409958 candidates (MITM path)
  MITM b1=257: s=3 t=3 j=3 je=3 Q=16974593 table=67917312 yh=98543
stage b2=409 vs b1={258}: values [53574285543133366239295624009, 86983418472562773463547252736), 7137158744849 candidates (MITM path)
  MITM b1=258: s=3 t=3 j=3 je=3 Q=17173512 table=68417929 yh=104318
stage b2=410 vs b1={259}: values [55032903171624844100000000000, 91116529343230957588293738481), 7596386171941 candidates (MITM path)
  MITM b1=259: s=3 t=3 j=3 je=3 Q=17373979 table=68921000 yh=110219
stage b2=411 vs b1={260}: values [56527534098288570421020715011, 95428956661682176000000000000), 8070762210050 candidates (MITM path)
  MITM b1=260: s=3 t=3 j=3 je=3 Q=17576000 table=69426531 yh=116249
stage b2=412 vs b1={261}: values [58058976609150249860268556288, 99927745220846124633825584721), 8560652968513 candidates (MITM path)
  MITM b1=261: s=3 t=3 j=3 je=3 Q=17779581 table=69934528 yh=122410
stage b2=413 vs b1={262}: values [59628044680704813913766929637, 104620187934458937028636512256), 9066431232658 candidates (MITM path)
  MITM b1=262: s=3 t=3 j=3 je=3 Q=17984728 table=70444997 yh=128703
stage b2=414 vs b1={263}: values [61235568249106027885106264064, 109513833574845676773925608481), 9588476549939 candidates (MITM path)
  MITM b1=263: s=3 t=3 j=3 je=3 Q=18191447 table=70957944 yh=135130
stage b2=415 vs b1={264}: values [62882393483304972473974609375, 114616494721029974161197367296), 10127175316698 candidates (MITM path)
  MITM b1=264: s=3 t=3 j=3 je=3 Q=18399744 table=71473375 yh=141692
done: 116.63s, 81092634 candidates tested
