A171740 search: n=12, threads=1, limit=none
stage b2=357 vs b1={219}: values [12004674177479860045321072893, 12171087315874829579909431761), 80385610494 candidates (MITM path)
  MITM b1=219: s=4 t=2 j=2 je=3 Q=47961 table=127449 yh=630728
stage b2=358 vs b1={220}: values [12379790436996519307878356992, 12855002631049216000000000000), 225730070048 candidates (MITM path)
  MITM b1=220: s=4 t=2 j=2 je=3 Q=48400 table=128164 yh=1761260
stage b2=359 vs b1={221}: values [12765532462721932175857515959, 13573982477229290545823357041), 377647384916 candidates (MITM path)
  MITM b1=221: s=4 t=2 j=2 je=3 Q=48841 table=128881 yh=2930203
stage b2=360 vs b1={222}: values [13162170384226713600000000000, 14329653645048357641297596416), 536334405841 candidates (MITM path)
  MITM b1=222: s=4 t=2 j=2 je=3 Q=49284 table=129600 yh=4138383
stage b2=361 vs b1={223}: values [13569980418174090907801371961, 15123710539293666054338805121), 701992340871 candidates (MITM path)
  MITM b1=223: s=4 t=2 j=2 je=3 Q=49729 table=130321 yh=5386641
stage b2=362 vs b1={224}: values [13989244988004316189622233088, 15957917665472413585874354176), 874826823546 candidates (MITM path)
  MITM b1=224: s=4 t=2 j=2 je=3 Q=50176 table=131044 yh=6675826
stage b2=363 vs b1={225}: values [14420252845630503161941475187, 16834112196028232574462890625), 1055047981695 candidates (MITM path)
  MITM b1=225: s=4 t=2 j=2 je=3 Q=50625 table=131769 yh=8006800
stage b2=364 vs b1={226}: values [14863299195173980157734027264, 17754206618385148880104984576), 1242870506870 candidates (MITM path)
  MITM b1=226: s=4 t=2 j=2 je=3 Q=51076 table=132496 yh=9380438
stage b2=365 vs b1={227}: values [15318685818767563885595703125, 18720191467045367574023614321), 1438513724411 candidates (MITM path)
  MITM b1=227: s=4 t=2 j=2 je=3 Q=51529 table=133225 yh=10797627
stage b2=366 vs b1={228}: values [15786721204455474199101782016, 19734138142017490453021065216), 1642201664130 candidates (MITM path)
  MITM b1=228: s=3 t=3 j=3 je=3 Q=11852352 table=49027896 yh=33496
stage b2=367 vs b1={229}: values [16267720676218928340423448783, 20798201815902925734870098641), 1854163131636 candidates (MITM path)
  MITM b1=229: s=3 t=3 j=3 je=3 Q=12008989 table=49430863 yh=37511
stage b2=368 vs b1={230}: values [16762006526156773981926981632, 21914624432020321000000000000), 2074631780287 candidates (MITM path)
  MITM b1=230: s=3 t=3 j=3 je=3 Q=12167000 table=49836032 yh=41630
stage b2=369 vs b1={231}: values [17269908148850843900874319569, 23085737796000848857434784161), 2303846183773 candidates (MITM path)
  MITM b1=231: s=3 t=3 j=3 je=3 Q=12326391 table=50243409 yh=45854
stage b2=370 vs b1={232}: values [17791762177946041300000000000, 24313966763341113270967730176), 2542049909343 candidates (MITM path)
  MITM b1=232: s=3 t=3 j=3 je=3 Q=12487168 table=50653000 yh=50186
stage b2=371 vs b1={233}: values [18327912624975493645267978571, 25601832525455335435322705761), 2789491591651 candidates (MITM path)
  MITM b1=233: s=3 t=3 j=3 je=3 Q=12649337 table=51064811 yh=54627
stage b2=372 vs b1={234}: values [18878711020461444446161993728, 26951955996824334101419462656), 3046425007255 candidates (MITM path)
  MITM b1=234: s=3 t=3 j=3 je=3 Q=12812904 table=51478848 yh=59179
stage b2=373 vs b1={235}: values [19444516557322886668124300077, 28367061305895648984619140625), 3313109149744 candidates (MITM path)
  MITM b1=235: s=3 t=3 j=3 je=3 Q=12977875 table=51895117 yh=63843
stage b2=374 vs b1={236}: values [20025696236621278455959066624, 29849979392446980130179383296), 3589808305501 candidates (MITM path)
  MITM b1=236: s=3 t=3 j=3 je=3 Q=13144256 table=52313624 yh=68621
stage b2=375 vs b1={237}: values [20622625015676021575927734375, 31403651714183943747186386481), 3876792130115 candidates (MITM path)
  MITM b1=237: s=3 t=3 j=3 je=3 Q=13312053 table=52734375 yh=73516
stage b2=376 vs b1={238}: values [21235685958581725467693285376, 33031134065402989058412384256), 4174335725427 candidates (MITM path)
  MITM b1=238: s=3 t=3 j=3 je=3 Q=13481272 table=53157376 yh=78528
stage b2=377 vs b1={239}: values [21865270389159625050067741673, 34735600510611194263176918721), 4482719717216 candidates (MITM path)
  MITM b1=239: s=3 t=3 j=3 je=3 Q=13651919 table=53582633 yh=83660
stage b2=378 vs b1={240}: values [22511778046375868461571254272, 36520347436056576000000000000), 4802230333531 candidates (MITM path)
  MITM b1=240: s=3 t=3 j=3 je=3 Q=13824000 table=54010152 yh=88914
stage b2=379 vs b1={241}: values [23175617242259741753050742179, 38388797722185519065061084481), 5133159483666 candidates (MITM path)
  MITM b1=241: s=3 t=3 j=3 je=3 Q=13997521 table=54439939 yh=94291
stage b2=380 vs b1={242}: values [23857205022355251200000000000, 40344505040107975043939700736), 5475804837780 candidates (MITM path)
  MITM b1=242: s=3 t=3 j=3 je=3 Q=14172488 table=54872000 yh=99793
stage b2=381 vs b1={243}: values [24556967328739840381780226181, 42391158275216203514294433201), 5830469907156 candidates (MITM path)
  MITM b1=243: s=3 t=3 j=3 je=3 Q=14348907 table=55306341 yh=105422
stage b2=382 vs b1={244}: values [25275339165644378498708666368, 44532586081169051256761614336), 6197464125116 candidates (MITM path)
  MITM b1=244: s=3 t=3 j=3 je=3 Q=14526784 table=55742968 yh=111180
stage b2=383 vs b1={245}: values [26012764767708918581052067967, 46772761567521097265869140625), 6577102928578 candidates (MITM path)
  MITM b1=245: s=3 t=3 j=3 je=3 Q=14706125 table=56181887 yh=117069
stage b2=384 vs b1={246}: values [26769697770909089301459369984, 49115807124344448192809865216), 6969707840257 candidates (MITM path)
  MITM b1=246: s=3 t=3 j=3 je=3 Q=14886936 table=56623104 yh=123090

*** MATCH: 45880786798927305475408583425 is an 12-digit palindrome in bases 246 and 384
stage b2=385 vs b1={247}: values [27546601386188352049462890625, 51565999387260564203827465441), 7375606551524 candidates (MITM path)
  MITM b1=247: s=3 t=3 j=3 je=3 Q=15069223 table=57066625 yh=129246
stage b2=386 vs b1={248}: values [28343948575831725778577524736, 54127774346370243244217860096), 7795133005909 candidates (MITM path)
  MITM b1=248: s=3 t=3 j=3 je=3 Q=15252992 table=57512456 yh=135539
stage b2=387 vs b1={249}: values [29162222232616955908481341563, 56805732602641806617660372001), 8228627483254 candidates (MITM path)
  MITM b1=249: s=3 t=3 j=3 je=3 Q=15438249 table=57960603 yh=141970
stage b2=388 vs b1={250}: values [30001915361779480272056614912, 59604644775390625000000000000), 8676436684521 candidates (MITM path)
  MITM b1=250: s=3 t=3 j=3 je=3 Q=15625000 table=58411072 yh=148541
stage b2=389 vs b1={251}: values [30863531265827924755035773789, 62529457064557415999535378001), 9138913817252 candidates (MITM path)
  MITM b1=251: s=3 t=3 j=3 je=3 Q=15813251 table=58863869 yh=155256
stage b2=390 vs b1={252}: values [31747583732247243900000000000, 65585296971568246764230148096), 9616418681679 candidates (MITM path)
  MITM b1=252: s=3 t=3 j=3 je=3 Q=16003008 table=59319000 yh=162114
stage b2=391 vs b1={253}: values [32654597224127007351927104791, 68777479182635902650515347441), 10109317757491 candidates (MITM path)
  MITM b1=253: s=3 t=3 j=3 je=3 Q=16194277 table=59776471 yh=169119
stage b2=392 vs b1={254}: values [33585107073752721624827691008, 72111511618440250457975689216), 10617984291257 candidates (MITM path)
  MITM b1=254: s=3 t=3 j=3 je=3 Q=16387064 table=60236288 yh=176273
stage b2=393 vs b1={255}: values [34539659679198468283732168857, 75593101654204447168212890625), 11142798384498 candidates (MITM path)
  MITM b1=255: s=3 t=3 j=3 je=3 Q=16581375 table=60698457 yh=183577
stage b2=394 vs b1={256}: values [35518812703959534278923577344, 79228162514264337593543950336), 11684147082429 candidates (MITM path)
  MITM b1=256: s=3 t=3 j=3 je=3 Q=16777216 table=61162984 yh=191033
stage b2=395 vs b1={257}: values [36523135279664107855419921875, 83022819845310162051379891201), 12242424463340 candidates (MITM path)
  MITM b1=257: s=3 t=3 j=3 je=3 Q=16974593 table=61629875 yh=198645
stage b2=396 vs b1={258}: values [37553208211903514205902340096, 86983418472562773463547252736), 12818031728653 candidates (MITM path)
  MITM b1=258: s=3 t=3 j=3 je=3 Q=17173512 table=62099136 yh=206413
stage b2=397 vs b1={259}: values [38609624189220868855209238453, 91116529343230957588293738481), 13411377293624 candidates (MITM path)
  MITM b1=259: s=3 t=3 j=3 je=3 Q=17373979 table=62570773 yh=214340
stage b2=398 vs b1={260}: values [39692987995298433674858903552, 95428956661682176000000000000), 14022876878714 candidates (MITM path)
  MITM b1=260: s=3 t=3 j=3 je=3 Q=17576000 table=63044792 yh=222428
stage b2=399 vs b1={261}: values [40803916724384370442551204399, 99927745220846124633825584721), 14652953601614 candidates (MITM path)
  MITM b1=261: s=3 t=3 j=3 je=3 Q=17779581 table=63521199 yh=230679
stage b2=400 vs b1={262}: values [41943040000000000000000000000, 104620187934458937028636512256), 15302038069937 candidates (MITM path)
  MITM b1=262: s=3 t=3 j=3 je=3 Q=17984728 table=64000000 yh=239095
stage b2=401 vs b1={263}: values [43111000196969091338568804401, 109513833574845676773925608481), 15970568474563 candidates (MITM path)
  MITM b1=263: s=3 t=3 j=3 je=3 Q=18191447 table=64481201 yh=247678
stage b2=402 vs b1={264}: values [44308452666811124371870107648, 114616494721029974161197367296), 16658990683660 candidates (MITM path)
  MITM b1=264: s=3 t=3 j=3 je=3 Q=18399744 table=64964808 yh=256432
stage b2=403 vs b1={265}: values [45536065966540892753630392747, 119936255922052283847900390625), 17367758337353 candidates (MITM path)
  MITM b1=265: s=3 t=3 j=3 je=3 Q=18609625 table=65450827 yh=265356
done: 158.64s, 52013654 candidates tested
