A171740 search: n=12, threads=1, limit=none
stage b2=384 vs b1={234}: values [26769697770909089301459369984, 26951955996824334101419462656), 56845984508 candidates (MITM path)
  MITM b1=234: s=4 t=2 j=2 je=3 Q=54756 table=147456 yh=385512
stage b2=385 vs b1={235}: values [27546601386188352049462890625, 28367061305895648984619140625), 251937603049 candidates (MITM path)
  MITM b1=235: s=4 t=2 j=2 je=3 Q=55225 table=148225 yh=1699698
stage b2=386 vs b1={236}: values [28343948575831725778577524736, 29849979392446980130179383296), 455312979191 candidates (MITM path)
  MITM b1=236: s=4 t=2 j=2 je=3 Q=55696 table=148996 yh=3055874
stage b2=387 vs b1={237}: values [29162222232616955908481341563, 31403651714183943747186386481), 667204996288 candidates (MITM path)
  MITM b1=237: s=4 t=2 j=2 je=3 Q=56169 table=149769 yh=4454894
stage b2=388 vs b1={238}: values [30001915361779480272056614912, 33031134065402989058412384256), 887851384186 candidates (MITM path)
  MITM b1=238: s=4 t=2 j=2 je=3 Q=56644 table=150544 yh=5897621
stage b2=389 vs b1={239}: values [30863531265827924755035773789, 34735600510611194263176918721), 1117494790692 candidates (MITM path)
  MITM b1=239: s=4 t=2 j=2 je=3 Q=57121 table=151321 yh=7384929
stage b2=390 vs b1={240}: values [31747583732247243900000000000, 36520347436056576000000000000), 1356382853651 candidates (MITM path)
  MITM b1=240: s=4 t=2 j=2 je=3 Q=57600 table=152100 yh=8917705
stage b2=391 vs b1={241}: values [32654597224127007351927104791, 38388797722185519065061084481), 1604768273656 candidates (MITM path)
  MITM b1=241: s=4 t=2 j=2 je=3 Q=58081 table=152881 yh=10496846
stage b2=392 vs b1={242}: values [33585107073752721624827691008, 40344505040107975043939700736), 1862908887381 candidates (MITM path)
  MITM b1=242: s=4 t=2 j=2 je=3 Q=58564 table=153664 yh=12123262
stage b2=393 vs b1={243}: values [34539659679198468283732168857, 42391158275216203514294433201), 2131067741528 candidates (MITM path)
  MITM b1=243: s=4 t=2 j=2 je=3 Q=59049 table=154449 yh=13797874
stage b2=394 vs b1={244}: values [35518812703959534278923577344, 44532586081169051256761614336), 2409513167414 candidates (MITM path)
  MITM b1=244: s=3 t=3 j=3 je=3 Q=14526784 table=61162984 yh=39395
stage b2=395 vs b1={245}: values [36523135279664107855419921875, 46772761567521097265869140625), 2698518856175 candidates (MITM path)
  MITM b1=245: s=3 t=3 j=3 je=3 Q=14706125 table=61629875 yh=43786
stage b2=396 vs b1={246}: values [37553208211903514205902340096, 49115807124344448192809865216), 2998363934602 candidates (MITM path)
  MITM b1=246: s=3 t=3 j=3 je=3 Q=14886936 table=62099136 yh=48284
stage b2=397 vs b1={247}: values [38609624189220868855209238453, 51565999387260564203827465441), 3309333041607 candidates (MITM path)
  MITM b1=247: s=3 t=3 j=3 je=3 Q=15069223 table=62570773 yh=52890
stage b2=398 vs b1={248}: values [39692987995298433674858903552, 54127774346370243244217860096), 3631716405312 candidates (MITM path)
  MITM b1=248: s=3 t=3 j=3 je=3 Q=15252992 table=63044792 yh=57606
stage b2=399 vs b1={249}: values [40803916724384370442551204399, 56805732602641806617660372001), 3965809920779 candidates (MITM path)
  MITM b1=249: s=3 t=3 j=3 je=3 Q=15438249 table=63521199 yh=62433

*** MATCH: 49024610702394426833371378000 is an 12-digit palindrome in bases 249 and 399
stage b2=400 vs b1={250}: values [41943040000000000000000000000, 59604644775390625000000000000), 4311915228367 candidates (MITM path)
  MITM b1=250: s=3 t=3 j=3 je=3 Q=15625000 table=64000000 yh=67374
stage b2=401 vs b1={251}: values [43111000196969091338568804401, 62529457064557415999535378001), 4670339792722 candidates (MITM path)
  MITM b1=251: s=3 t=3 j=3 je=3 Q=15813251 table=64481201 yh=72430
stage b2=402 vs b1={252}: values [44308452666811124371870107648, 65585296971568246764230148096), 5041396982401 candidates (MITM path)
  MITM b1=252: s=3 t=3 j=3 je=3 Q=16003008 table=64964808 yh=77602
stage b2=403 vs b1={253}: values [45536065966540892753630392747, 68777479182635902650515347441), 5425406150133 candidates (MITM path)
  MITM b1=253: s=3 t=3 j=3 je=3 Q=16194277 table=65450827 yh=82893
stage b2=404 vs b1={254}: values [46794522090917238883645128704, 72111511618440250457975689216), 5822692713717 candidates (MITM path)
  MITM b1=254: s=3 t=3 j=3 je=3 Q=16387064 table=65939264 yh=88304
stage b2=405 vs b1={255}: values [48084516708184142230517578125, 75593101654204447168212890625), 6233588237553 candidates (MITM path)
  MITM b1=255: s=3 t=3 j=3 je=3 Q=16581375 table=66430125 yh=93837
done: 51.42s, 68577954 candidates tested
