A171740 search: n=12, threads=1, limit=none
stage b2=226 vs b1={144}: values [78558436364536056991614976, 79496847203390844133441536), 7042751754 candidates (MITM path)
  MITM b1=144: s=4 t=2 j=2 je=3 Q=20736 table=51076 yh=137888
stage b2=227 vs b1={145}: values [82467803819583117066183323, 86380562306022715087890625), 28597488822 candidates (MITM path)
  MITM b1=145: s=4 t=2 j=2 je=3 Q=21025 table=51529 yh=554979
stage b2=228 vs b1={146}: values [86553237464988993215004672, 93806788798424099682390016), 51634693914 candidates (MITM path)
  MITM b1=146: s=4 t=2 j=2 je=3 Q=21316 table=51984 yh=993281
stage b2=229 vs b1={147}: values [90821841990842470457948029, 101814121186119595835681841), 76221037602 candidates (MITM path)
  MITM b1=147: s=4 t=2 j=2 je=3 Q=21609 table=52441 yh=1453463
stage b2=230 vs b1={148}: values [95280975791392700000000000, 110443607719611533356957696), 102425378270 candidates (MITM path)
  MITM b1=148: s=4 t=2 j=2 je=3 Q=21904 table=52900 yh=1936208
stage b2=231 vs b1={149}: values [99938258857146531850367031, 119738888098469732352733201), 130318812080 candidates (MITM path)
  MITM b1=149: s=4 t=2 j=2 je=3 Q=22201 table=53361 yh=2442211
stage b2=232 vs b1={150}: values [104801580876470315823136768, 129746337890625000000000000), 159974723610 candidates (MITM path)
  MITM b1=150: s=4 t=2 j=2 je=3 Q=22500 table=53824 yh=2972182
stage b2=233 vs b1={151}: values [109879109551310452512114617, 140515219945627518837736801), 191468837128 candidates (MITM path)
  MITM b1=151: s=3 t=3 j=3 je=3 Q=3442951 table=12649337 yh=15137
stage b2=234 vs b1={152}: values [115179299131727923510339584, 152097843090208773684330496), 224879268530 candidates (MITM path)
  MITM b1=152: s=3 t=3 j=3 je=3 Q=3511808 table=12812904 yh=17551
stage b2=235 vs b1={153}: values [120710899174024038232421875, 164549728404324620728411041), 260286577929 candidates (MITM path)
  MITM b1=153: s=3 t=3 j=3 je=3 Q=3581577 table=12977875 yh=20057
stage b2=236 vs b1={154}: values [126482963527317712416014336, 177929783385962838621884416), 297773822908 candidates (MITM path)
  MITM b1=154: s=3 t=3 j=3 je=3 Q=3652264 table=13144256 yh=22655
stage b2=237 vs b1={155}: values [132504859553518749988128213, 192300484323376406494140625), 337426612424 candidates (MITM path)
  MITM b1=155: s=3 t=3 j=3 je=3 Q=3723875 table=13312053 yh=25348
stage b2=238 vs b1={156}: values [138786277585726844783245312, 207728067204059288762843136), 379333161377 candidates (MITM path)
  MITM b1=156: s=3 t=3 j=3 je=3 Q=3796416 table=13481272 yh=28138
stage b2=239 vs b1={157}: values [145337240630172360933794639, 224282727500720205065439601), 423584345839 candidates (MITM path)
  MITM b1=157: s=3 t=3 j=3 je=3 Q=3869893 table=13651919 yh=31028
stage b2=240 vs b1={158}: values [152168114316902400000000000, 242038829185737332250382336), 470273758944 candidates (MITM path)
  MITM b1=158: s=3 t=3 j=3 je=3 Q=3944312 table=13824000 yh=34019
stage b2=241 vs b1={159}: values [159289617104504228485730641, 261075123337098804348567681), 519497767445 candidates (MITM path)
  MITM b1=159: s=3 t=3 j=3 je=3 Q=4019679 table=13997521 yh=37114

*** MATCH: 236400518724832903826612480 is an 12-digit palindrome in bases 159 and 241
stage b2=242 vs b1={160}: values [166712830744247830760081408, 281474976710656000000000000), 571355568930 candidates (MITM path)
  MITM b1=160: s=3 t=3 j=3 je=3 Q=4096000 table=14172488 yh=40315
stage b2=243 vs b1={161}: values [174449211009120179071170507, 303326610665644763629211521), 625949249710 candidates (MITM path)
  MITM b1=161: s=3 t=3 j=3 je=3 Q=4173281 table=14348907 yh=43624
stage b2=244 vs b1={162}: values [182510598693315783839186944, 326723350842869800400326656), 683383843372 candidates (MITM path)
  MITM b1=162: s=3 t=3 j=3 je=3 Q=4251528 table=14526784 yh=47044
stage b2=245 vs b1={163}: values [190909230887841213330078125, 351763888007705494736404081), 743767389996 candidates (MITM path)
  MITM b1=163: s=3 t=3 j=3 je=3 Q=4330747 table=14706125 yh=50576
stage b2=246 vs b1={164}: values [199657752537985561759389696, 378552550483148382977130496), 807210996049 candidates (MITM path)
  MITM b1=164: s=3 t=3 j=3 je=3 Q=4410944 table=14886936 yh=54223
stage b2=247 vs b1={165}: values [208769228288504308517520103, 407199588611568593994140625), 873828894939 candidates (MITM path)
  MITM b1=165: s=3 t=3 j=3 je=3 Q=4492125 table=15069223 yh=57988
stage b2=248 vs b1={166}: values [218257154622460658242813952, 437821471697555965584019456), 943738508253 candidates (MITM path)
  MITM b1=166: s=3 t=3 j=3 je=3 Q=4574296 table=15252992 yh=61873
stage b2=249 vs b1={167}: values [228135472299766291637190249, 470541197898347534873984161), 1017060507652 candidates (MITM path)
  MITM b1=167: s=3 t=3 j=3 je=3 Q=4657463 table=15438249 yh=65880
done: 15.50s, 10816169 candidates tested
