A171740 search: n=12, threads=1, limit=none
stage b2=458 vs b1={275}: values [186003132397245379497877563392, 187064908547461032867431640625), 115037675583 candidates (MITM path)
  MITM b1=275: s=4 t=2 j=2 je=3 Q=75625 table=209764 yh=548415
stage b2=459 vs b1={276}: values [190519547304842441752783207059, 195392992721698273467801010176), 521146701177 candidates (MITM path)
  MITM b1=276: s=4 t=2 j=2 je=3 Q=76176 table=210681 yh=2473630
stage b2=460 vs b1={277}: values [195135438420772249600000000000, 204059692922921316864296943121), 941943724175 candidates (MITM path)
  MITM b1=277: s=4 t=2 j=2 je=3 Q=76729 table=211600 yh=4451530
stage b2=461 vs b1={278}: values [199852773331011222243920083061, 213077479576736094126128828416), 1377781920914 candidates (MITM path)
  MITM b1=278: s=4 t=2 j=2 je=3 Q=77284 table=212521 yh=6483039
stage b2=462 vs b1={279}: values [204673554139436097229551679488, 222459234928734230114433331041), 1829020782180 candidates (MITM path)
  MITM b1=279: s=4 t=2 j=2 je=3 Q=77841 table=213444 yh=8569090
stage b2=463 vs b1={280}: values [209599817996529430739834959087, 232218265089212416000000000000), 2296026193625 candidates (MITM path)
  MITM b1=280: s=4 t=2 j=2 je=3 Q=78400 table=214369 yh=10710627
stage b2=464 vs b1={281}: values [214633637635011206805784100864, 242368312385016936196463417761), 2779170516812 candidates (MITM path)
  MITM b1=281: s=4 t=2 j=2 je=3 Q=78961 table=215296 yh=12908603
stage b2=465 vs b1={282}: values [219777121912472001814306640625, 252923568025201628647322750976), 3278832670855 candidates (MITM path)
  MITM b1=282: s=4 t=2 j=2 je=3 Q=79524 table=216225 yh=15163986
stage b2=466 vs b1={283}: values [225032416361083806744810735616, 263898685087308495981516810961), 3795398214683 candidates (MITM path)
  MITM b1=283: s=4 t=2 j=2 je=3 Q=80089 table=217156 yh=17477750
stage b2=467 vs b1={284}: values [230401703744465269881211992683, 275308791831202866814366253056), 4329259429911 candidates (MITM path)
  MITM b1=284: s=4 t=2 j=2 je=3 Q=80656 table=218089 yh=19850884
stage b2=468 vs b1={285}: values [235887204621778787349175468032, 287169505347519450195556640625), 4880815404327 candidates (MITM path)
  MITM b1=285: s=4 t=2 j=2 je=3 Q=81225 table=219024 yh=22284387
stage b2=469 vs b1={286}: values [241491177919137537737896750669, 299496945547901850804899024896), 5450472115992 candidates (MITM path)
  MITM b1=286: s=4 t=2 j=2 je=3 Q=81796 table=219961 yh=24779266
stage b2=470 vs b1={287}: values [247215921508401230300000000000, 312307749504346137016129649281), 6038642517960 candidates (MITM path)
  MITM b1=287: s=3 t=3 j=3 je=3 Q=23639903 table=103823000 yh=58163
stage b2=471 vs b1={288}: values [253063772793440013800811649671, 325619086145088897570576531456), 6645746623614 candidates (MITM path)
  MITM b1=288: s=3 t=3 j=3 je=3 Q=23887872 table=104487111 yh=63604
stage b2=472 vs b1={289}: values [259037109303946675027997360128, 339448671314611904643504117121), 7272211592614 candidates (MITM path)
  MITM b1=289: s=3 t=3 j=3 je=3 Q=24137569 table=105154048 yh=69158
stage b2=473 vs b1={290}: values [265138349296877942293007763977, 353814783205469041000000000000), 7918471817476 candidates (MITM path)
  MITM b1=290: s=3 t=3 j=3 je=3 Q=24389000 table=105823817 yh=74827
stage b2=474 vs b1={291}: values [271369952365606399975686580224, 368736278169776566314796884081), 8584969010758 candidates (MITM path)
  MITM b1=291: s=3 t=3 j=3 je=3 Q=24642171 table=106496424 yh=80613
stage b2=475 vs b1={292}: values [277734420056865215301513671875, 384232606918345112299069505536), 9272152292879 candidates (MITM path)
  MITM b1=292: s=3 t=3 j=3 je=3 Q=24897088 table=107171875 yh=86517
stage b2=476 vs b1={293}: values [284234296495568578116086398976, 400323831115571027902364072401), 9980478280550 candidates (MITM path)
  MITM b1=293: s=3 t=3 j=3 je=3 Q=25153757 table=107850176 yh=92541
stage b2=477 vs b1={294}: values [290872169017591458452425905573, 417030640378345864542952820736), 10710411175836 candidates (MITM path)
  MITM b1=294: s=3 t=3 j=3 je=3 Q=25412184 table=108531333 yh=98685
stage b2=478 vs b1={295}: values [297650668810592995192411420672, 434374369687385917207275390625), 11462422855837 candidates (MITM path)
  MITM b1=295: s=3 t=3 j=3 je=3 Q=25672375 table=109215352 yh=104953
stage b2=479 vs b1={296}: values [304572471562968542123015813279, 452377017219528840630098722816), 12236992962992 candidates (MITM path)
  MITM b1=296: s=3 t=3 j=3 je=3 Q=25934336 table=109902239 yh=111345
stage b2=480 vs b1={297}: values [311640298121016115200000000000, 471061262609691461042593862241), 13034608996019 candidates (MITM path)
  MITM b1=297: s=3 t=3 j=3 je=3 Q=26198073 table=110592000 yh=117863
stage b2=481 vs b1={298}: values [318856915154403706875322757281, 490450485651332023716795191296), 13855766401467 candidates (MITM path)
  MITM b1=298: s=3 t=3 j=3 je=3 Q=26463592 table=111284641 yh=124508
stage b2=482 vs b1={299}: values [326225135830024659938776352768, 510568785444411275443565936401), 14700968665908 candidates (MITM path)
  MITM b1=299: s=3 t=3 j=3 je=3 Q=26730899 table=111980168 yh=131282
stage b2=483 vs b1={300}: values [333747820494329024488347411867, 531441000000000000000000000000), 15570727408750 candidates (MITM path)
  MITM b1=300: s=3 t=3 j=3 je=3 Q=27000000 table=112678587 yh=138188
stage b2=484 vs b1={301}: values [341427877364219557396646723584, 553092726310835924575445943601), 16465562475684 candidates (MITM path)
  MITM b1=301: s=3 t=3 j=3 je=3 Q=27270901 table=113379904 yh=145225
stage b2=485 vs b1={302}: values [349268263226601764001611328125, 575550340897290317159369936896), 17386002032756 candidates (MITM path)
  MITM b1=302: s=3 t=3 j=3 je=3 Q=27543608 table=114084125 yh=152397
stage b2=486 vs b1={303}: values [357271984146678126737757198336, 598841020838364120317909320641), 18332582661076 candidates (MITM path)
  MITM b1=303: s=3 t=3 j=3 je=3 Q=27818127 table=114791256 yh=159704
stage b2=487 vs b1={304}: values [365442096185077415058791025463, 622992765297495137011017711616), 19305849452154 candidates (MITM path)
  MITM b1=304: s=3 t=3 j=3 je=3 Q=28094464 table=115501303 yh=167149

*** MATCH: 378499954310641315061413534280 is an 12-digit palindrome in bases 304 and 487
stage b2=488 vs b1={305}: values [373781706123910725302654861312, 648034417553121620683837890625), 20306356103872 candidates (MITM path)
  MITM b1=305: s=3 t=3 j=3 je=3 Q=28372625 table=116214272 yh=174733
done: 216.47s, 147522262 candidates tested
