A171740 search: n=12, threads=1, limit=none
stage b2=436 vs b1={263}: values [108230927934780930945540161536, 109513833574845676773925608481), 186756522618 candidates (MITM path)
  MITM b1=263: s=4 t=2 j=2 je=3 Q=69169 table=190096 yh=982433
stage b2=437 vs b1={264}: values [110993055380142725966855596013, 114616494721029974161197367296), 520274299883 candidates (MITM path)
  MITM b1=264: s=4 t=2 j=2 je=3 Q=69696 table=190969 yh=2724392
stage b2=438 vs b1={265}: values [113819117912838588948194138112, 119936255922052283847900390625), 866370419476 candidates (MITM path)
  MITM b1=265: s=4 t=2 j=2 je=3 Q=70225 table=191844 yh=4516016
stage b2=439 vs b1={266}: values [116710444381569143360604716839, 125481482080472289777685958656), 1225360442571 candidates (MITM path)
  MITM b1=266: s=4 t=2 j=2 je=3 Q=70756 table=192721 yh=6358210
stage b2=440 vs b1={267}: values [119668388129039974400000000000, 131260827061126477105043503761), 1597565811256 candidates (MITM path)
  MITM b1=267: s=4 t=2 j=2 je=3 Q=71289 table=193600 yh=8251890
stage b2=441 vs b1={268}: values [122694327386105632949003612841, 137283242530308845011443122176), 1983313926492 candidates (MITM path)
  MITM b1=268: s=4 t=2 j=2 je=3 Q=71824 table=194481 yh=10197983
stage b2=442 vs b1={269}: values [125789665671337497908806494208, 143557987030641165766449098161), 2382938226685 candidates (MITM path)
  MITM b1=269: s=4 t=2 j=2 je=3 Q=72361 table=195364 yh=12197428
stage b2=443 vs b1={270}: values [128955832196077553484700318307, 150094635296999121000000000000), 2796778266872 candidates (MITM path)
  MITM b1=270: s=4 t=2 j=2 je=3 Q=72900 table=196249 yh=14251173
stage b2=444 vs b1={271}: values [132194282275040704726925574144, 156903087818962082857498424641), 3225179798525 candidates (MITM path)
  MITM b1=271: s=4 t=2 j=2 je=3 Q=73441 table=197136 yh=16360177
stage b2=445 vs b1={272}: values [135506497742528825219189453125, 163993580655357272581489033216), 3668494849969 candidates (MITM path)
  MITM b1=272: s=4 t=2 j=2 je=3 Q=73984 table=198025 yh=18525413
stage b2=446 vs b1={273}: values [138893987374320305288277456896, 171376695506573539304632176321), 4127081807417 candidates (MITM path)
  MITM b1=273: s=4 t=2 j=2 je=3 Q=74529 table=198916 yh=20747863
stage b2=447 vs b1={274}: values [142358287315299447497245827903, 179063370050426074779119128576), 4601305496630 candidates (MITM path)
  MITM b1=274: s=3 t=3 j=3 je=3 Q=20570824 table=89314623 yh=51518
stage b2=448 vs b1={275}: values [145900961512890638499422666752, 187064908547461032867431640625), 5091537265188 candidates (MITM path)
  MITM b1=275: s=3 t=3 j=3 je=3 Q=20796875 table=89915392 yh=56626
stage b2=449 vs b1={276}: values [149523602156362812588586992449, 195392992721698273467801010176), 5598155065390 candidates (MITM path)
  MITM b1=276: s=3 t=3 j=3 je=3 Q=21024576 table=90518849 yh=61846
stage b2=450 vs b1={277}: values [153227830122070312500000000000, 204059692922921316864296943121), 6121543537768 candidates (MITM path)
  MITM b1=277: s=3 t=3 j=3 je=3 Q=21253933 table=91125000 yh=67178
stage b2=451 vs b1={278}: values [157015295424696847215234267451, 213077479576736094126128828416), 6662094095232 candidates (MITM path)
  MITM b1=278: s=3 t=3 j=3 je=3 Q=21484952 table=91733851 yh=72625
stage b2=452 vs b1={279}: values [160887677674569844718827470848, 222459234928734230114433331041), 7220205007834 candidates (MITM path)
  MITM b1=279: s=3 t=3 j=3 je=3 Q=21717639 table=92345408 yh=78187
stage b2=453 vs b1={280}: values [164846686541113099864560007197, 232218265089212416000000000000), 7796281488155 candidates (MITM path)
  MITM b1=280: s=3 t=3 j=3 je=3 Q=21952000 table=92959677 yh=83868
stage b2=454 vs b1={281}: values [168894062222506223751543445504, 242368312385016936196463417761), 8390735777325 candidates (MITM path)
  MITM b1=281: s=3 t=3 j=3 je=3 Q=22188041 table=93576664 yh=89667
stage b2=455 vs b1={282}: values [173031575921620011303271484375, 252923568025201628647322750976), 9003987231660 candidates (MITM path)
  MITM b1=282: s=3 t=3 j=3 je=3 Q=22425768 table=94196375 yh=95588
stage b2=456 vs b1={283}: values [177261030328297458104329568256, 263898685087308495981516810961), 9636462409937 candidates (MITM path)
  MITM b1=283: s=3 t=3 j=3 je=3 Q=22665187 table=94818816 yh=101631
stage b2=457 vs b1={284}: values [181584260108050775997625896793, 275308791831202866814366253056), 10288595161290 candidates (MITM path)
  MITM b1=284: s=3 t=3 j=3 je=3 Q=22906304 table=95443993 yh=107798
stage b2=458 vs b1={285}: values [186003132397245379497877563392, 287169505347519450195556640625), 10960826713737 candidates (MITM path)
  MITM b1=285: s=3 t=3 j=3 je=3 Q=23149125 table=96071912 yh=114090
stage b2=459 vs b1={286}: values [190519547304842441752783207059, 299496945547901850804899024896), 11653605763343 candidates (MITM path)
  MITM b1=286: s=3 t=3 j=3 je=3 Q=23393656 table=96702579 yh=120510
stage b2=460 vs b1={287}: values [195135438420772249600000000000, 312307749504346137016129649281), 12367388564005 candidates (MITM path)
  MITM b1=287: s=3 t=3 j=3 je=3 Q=23639903 table=97336000 yh=127059
stage b2=461 vs b1={288}: values [199852773331011222243920083061, 325619086145088897570576531456), 13102639017878 candidates (MITM path)
  MITM b1=288: s=3 t=3 j=3 je=3 Q=23887872 table=97972181 yh=133739
stage b2=462 vs b1={289}: values [204673554139436097229551679488, 339448671314611904643504117121), 13859828766429 candidates (MITM path)
  MITM b1=289: s=3 t=3 j=3 je=3 Q=24137569 table=98611128 yh=140551
stage b2=463 vs b1={290}: values [209599817996529430739834959087, 353814783205469041000000000000), 14639437282126 candidates (MITM path)
  MITM b1=290: s=3 t=3 j=3 je=3 Q=24389000 table=99252847 yh=147497
stage b2=464 vs b1={291}: values [214633637635011206805784100864, 368736278169776566314796884081), 15441951960765 candidates (MITM path)
  MITM b1=291: s=3 t=3 j=3 je=3 Q=24642171 table=99897344 yh=154579
stage b2=465 vs b1={292}: values [219777121912472001814306640625, 384232606918345112299069505536), 16267868214427 candidates (MITM path)
  MITM b1=292: s=3 t=3 j=3 je=3 Q=24897088 table=100544625 yh=161798
stage b2=466 vs b1={293}: values [225032416361083806744810735616, 400323831115571027902364072401), 17117689565077 candidates (MITM path)
  MITM b1=293: s=3 t=3 j=3 je=3 Q=25153757 table=101194696 yh=169156
stage b2=467 vs b1={294}: values [230401703744465269881211992683, 417030640378345864542952820736), 17991927738798 candidates (MITM path)
  MITM b1=294: s=3 t=3 j=3 je=3 Q=25412184 table=101847563 yh=176656
stage b2=468 vs b1={295}: values [235887204621778787349175468032, 434374369687385917207275390625), 18891102760665 candidates (MITM path)
  MITM b1=295: s=3 t=3 j=3 je=3 Q=25672375 table=102503232 yh=184298
stage b2=469 vs b1={296}: values [241491177919137537737896750669, 452377017219528840630098722816), 19815743050252 candidates (MITM path)
  MITM b1=296: s=3 t=3 j=3 je=3 Q=25934336 table=103161709 yh=192085
stage b2=470 vs b1={297}: values [247215921508401230300000000000, 471061262609691461042593862241), 20766385517791 candidates (MITM path)
  MITM b1=297: s=3 t=3 j=3 je=3 Q=26198073 table=103823000 yh=200018
stage b2=471 vs b1={298}: values [253063772793440013800811649671, 490450485651332023716795191296), 21743575660958 candidates (MITM path)
  MITM b1=298: s=3 t=3 j=3 je=3 Q=26463592 table=104487111 yh=208099
stage b2=472 vs b1={299}: values [259037109303946675027997360128, 510568785444411275443565936401), 22747867662311 candidates (MITM path)
  MITM b1=299: s=3 t=3 j=3 je=3 Q=26730899 table=105154048 yh=216329
stage b2=473 vs b1={300}: values [265138349296877942293007763977, 531441000000000000000000000000), 23779824487365 candidates (MITM path)
  MITM b1=300: s=3 t=3 j=3 je=3 Q=27000000 table=105823817 yh=224712
stage b2=474 vs b1={301}: values [271369952365606399975686580224, 553092726310835924575445943601), 24840017983311 candidates (MITM path)
  MITM b1=301: s=3 t=3 j=3 je=3 Q=27270901 table=106496424 yh=233248
stage b2=475 vs b1={302}: values [277734420056865215301513671875, 575550340897290317159369936896), 25929028978380 candidates (MITM path)
  MITM b1=302: s=3 t=3 j=3 je=3 Q=27543608 table=107171875 yh=241939
stage b2=476 vs b1={303}: values [284234296495568578116086398976, 598841020838364120317909320641), 27047447381851 candidates (MITM path)
  MITM b1=303: s=3 t=3 j=3 je=3 Q=27818127 table=107850176 yh=250788
stage b2=477 vs b1={304}: values [290872169017591458452425905573, 622992765297495137011017711616), 28195872284706 candidates (MITM path)
  MITM b1=304: s=3 t=3 j=3 je=3 Q=28094464 table=108531333 yh=259795
stage b2=478 vs b1={305}: values [297650668810592995192411420672, 648034417553121620683837890625), 29374912060925 candidates (MITM path)
  MITM b1=305: s=3 t=3 j=3 je=3 Q=28372625 table=109215352 yh=268964
stage b2=479 vs b1={306}: values [304572471562968542123015813279, 673995687544113646503571623936), 30585184469437 candidates (MITM path)
  MITM b1=306: s=3 t=3 j=3 je=3 Q=28652616 table=109902239 yh=278295
stage b2=480 vs b1={307}: values [311640298121016115200000000000, 700907174940351875150276622001), 31827316756711 candidates (MITM path)
  MITM b1=307: s=3 t=3 j=3 je=3 Q=28934443 table=110592000 yh=287791
stage b2=481 vs b1={308}: values [318856915154403706875322757281, 728800392748903786995238567936), 33101945760002 candidates (MITM path)
  MITM b1=308: s=3 t=3 j=3 je=3 Q=29218112 table=111284641 yh=297453
stage b2=482 vs b1={309}: values [326225135830024659938776352768, 757707791466420184947746068881), 34409718011237 candidates (MITM path)
  MITM b1=309: s=3 t=3 j=3 je=3 Q=29503629 table=111980168 yh=307285

*** MATCH: 692240148081458100017007598470 is an 12-digit palindrome in bases 309 and 482
stage b2=483 vs b1={310}: values [333747820494329024488347411867, 787662783788549761000000000000), 35751289841561 candidates (MITM path)
  MITM b1=310: s=3 t=3 j=3 je=3 Q=29791000 table=112678587 yh=317286
stage b2=484 vs b1={311}: values [341427877364219557396646723584, 818699769887346816976612516321), 37127327486527 candidates (MITM path)
  MITM b1=311: s=3 t=3 j=3 je=3 Q=30080231 table=113379904 yh=327460
stage b2=485 vs b1={312}: values [349268263226601764001611328125, 850854163267826846772605485056), 38538507191937 candidates (MITM path)
  MITM b1=312: s=3 t=3 j=3 je=3 Q=30371328 table=114084125 yh=337808
stage b2=486 vs b1={313}: values [357271984146678126737757198336, 884162417215006648162206715681), 39985515320340 candidates (MITM path)
  MITM b1=313: s=3 t=3 j=3 je=3 Q=30664297 table=114791256 yh=348333
stage b2=487 vs b1={314}: values [365442096185077415058791025463, 918662051842949959948040605696), 41469048458175 candidates (MITM path)
  MITM b1=314: s=3 t=3 j=3 je=3 Q=30959144 table=115501303 yh=359036
stage b2=488 vs b1={315}: values [373781706123910725302654861312, 954391681757526337812744140625), 42989813523575 candidates (MITM path)
  MITM b1=315: s=3 t=3 j=3 je=3 Q=31255875 table=116214272 yh=369919
stage b2=489 vs b1={316}: values [382293972201846658135397384889, 991391044344780112897566048256), 44548527874820 candidates (MITM path)
  MITM b1=316: s=3 t=3 j=3 je=3 Q=31554496 table=116930169 yh=380985
stage b2=490 vs b1={317}: values [390982104858298804900000000000, 1029701028696997844179291768561), 46145919419442 candidates (MITM path)
  MITM b1=317: s=3 t=3 j=3 je=3 Q=31855013 table=117649000 yh=392234
stage b2=491 vs b1={318}: values [399849367486819482609834395891, 1069363705188756702611733221376), 47782726723997 candidates (MITM path)
  MITM b1=318: s=3 t=3 j=3 je=3 Q=32157432 table=118370771 yh=403670
stage b2=492 vs b1={319}: values [408899077197794430483230097408, 1110422355715432735355050594561), 49459699124474 candidates (MITM path)
  MITM b1=319: s=3 t=3 j=3 je=3 Q=32461759 table=119095488 yh=415295
stage b2=493 vs b1={320}: values [418134605590533958835165292757, 1152921504606846976000000000000), 51177596837380 candidates (MITM path)
  MITM b1=320: s=3 t=3 j=3 je=3 Q=32768000 table=119823157 yh=427110
stage b2=494 vs b1={321}: values [427559379534856823843881170944, 1196906950228928915420617322241), 52937191071469 candidates (MITM path)
  MITM b1=321: s=3 t=3 j=3 je=3 Q=33076161 table=120553784 yh=439117
stage b2=495 vs b1={322}: values [437176881962263889213818359375, 1242425797286480951825250390016), 54739264140130 candidates (MITM path)
  MITM b1=322: s=3 t=3 j=3 je=3 Q=33386248 table=121287375 yh=451319
stage b2=496 vs b1={323}: values [446990652666799428081282973696, 1289526489840334121941717217521), 56584609574442 candidates (MITM path)
  MITM b1=323: s=3 t=3 j=3 je=3 Q=33698267 table=122023936 yh=463718
stage b2=497 vs b1={324}: values [457004289115698715675308342353, 1338258845052394702439737982976), 58474032236878 candidates (MITM path)
  MITM b1=324: s=3 t=3 j=3 je=3 Q=34012224 table=122763473 yh=476315
stage b2=498 vs b1={325}: values [467221447269921365272965629952, 1388674087672293186187744140625), 60408348435673 candidates (MITM path)
  MITM b1=325: s=3 t=3 j=3 je=3 Q=34328125 table=123505992 yh=489113
stage b2=499 vs b1={326}: values [477645842414670666895611255499, 1440824885279561706440311115776), 62388386039850 candidates (MITM path)
  MITM b1=326: s=3 t=3 j=3 je=3 Q=34645976 table=124251499 yh=502114
stage b2=500 vs b1={327}: values [488281250000000000000000000000, 1494765384295483228389391941921), 64414984594911 candidates (MITM path)
  MITM b1=327: s=3 t=3 j=3 je=3 Q=34965783 table=125000000 yh=515320
stage b2=501 vs b1={328}: values [499131506491608208145638755501, 1550551246778975776674326511616), 66488995439186 candidates (MITM path)
  MITM b1=328: s=3 t=3 j=3 je=3 Q=35287552 table=125751501 yh=528734
stage b2=502 vs b1={329}: values [510200510231926645287045634048, 1608239688021097644574300393441), 68611281820840 candidates (MITM path)
  MITM b1=329: s=3 t=3 j=3 je=3 Q=35611289 table=126506008 yh=542356
stage b2=503 vs b1={330}: values [521492222311601429966591196647, 1667889514952984961000000000000), 70782719015553 candidates (MITM path)
  MITM b1=330: s=3 t=3 j=3 je=3 Q=35937000 table=127263527 yh=556191
stage b2=504 vs b1={331}: values [533010667451475275290251362304, 1729561165382261200512043881361), 73004194444850 candidates (MITM path)
  MITM b1=331: s=3 t=3 j=3 je=3 Q=36264691 table=128024064 yh=570239
stage b2=505 vs b1={332}: values [544759934895174099174853515625, 1793316748073189235032143691776), 75276607795106 candidates (MITM path)
  MITM b1=332: s=3 t=3 j=3 je=3 Q=36594368 table=128787625 yh=584502
stage b2=506 vs b1={333}: values [556744179312404460981246765056, 1859220083686070369445516586161), 77600871137209 candidates (MITM path)
  MITM b1=333: s=3 t=3 j=3 je=3 Q=36926037 table=129554216 yh=598984
stage b2=507 vs b1={334}: values [568967621713068717313312446243, 1927336746591631502843839123456), 79977909046887 candidates (MITM path)
  MITM b1=334: s=3 t=3 j=3 je=3 Q=37259704 table=130323843 yh=613686
stage b2=508 vs b1={335}: values [581434550372305641487929966592, 1997734107576381138808837890625), 82408658725703 candidates (MITM path)
  MITM b1=335: s=3 t=3 j=3 je=3 Q=37595375 table=131096512 yh=628611
stage b2=509 vs b1={336}: values [594149321766565107986044015109, 2070481377455157458127600746496), 84894070122717 candidates (MITM path)
  MITM b1=336: s=3 t=3 j=3 je=3 Q=37933056 table=131872229 yh=643761
stage b2=510 vs b1={337}: values [607116361520826305100000000000, 2145649651607337092060800582081), 87435106056806 candidates (MITM path)
  MITM b1=337: s=3 t=3 j=3 je=3 Q=38272753 table=132651000 yh=659137
stage b2=511 vs b1={338}: values [620340165367069806017523226111, 2223311955453421620312454598656), 90032742339664 candidates (MITM path)
  MITM b1=338: s=3 t=3 j=3 je=3 Q=38614472 table=133432831 yh=674743
stage b2=512 vs b1={339}: values [633825300114114700748351602688, 2303543290888970191892547145521), 92687967899455 candidates (MITM path)
  MITM b1=339: s=3 t=3 j=3 je=3 Q=38958219 table=134217728 yh=690580
stage b2=513 vs b1={340}: values [647576404628932868625869313537, 2386420683693101056000000000000), 95401784905147 candidates (MITM path)
  MITM b1=340: s=3 t=3 j=3 je=3 Q=39304000 table=135005697 yh=706651
stage b2=514 vs b1={341}: values [661598190829553353623447537664, 2472023231929042220921962513681), 98175208891503 candidates (MITM path)
  MITM b1=341: s=3 t=3 j=3 je=3 Q=39651821 table=135796744 yh=722958
stage b2=515 vs b1={342}: values [675895444689670692433935546875, 2560432155354471958946281230336), 101009268884747 candidates (MITM path)
  MITM b1=342: s=3 t=3 j=3 je=3 Q=40001688 table=136590875 yh=739503
stage b2=516 vs b1={343}: values [690473027255071938191258812416, 2651730845859653471779023381601), 103905007528901 candidates (MITM path)
  MITM b1=343: s=3 t=3 j=3 je=3 Q=40353607 table=137388096 yh=756289
done: 879.06s, 124915575 candidates tested
