A171740 search: n=12, threads=1, limit=none
stage b2=192 vs b1={124}: values [13071141489701703760478208, 13214788658781797667045376), 2867409366 candidates (MITM path)
  MITM b1=124: s=4 t=2 j=2 je=3 Q=15376 table=36864 yh=77784
stage b2=193 vs b1={125}: values [13839818640542834852821057, 14551915228366851806640625), 13778281413 candidates (MITM path)
  MITM b1=125: s=4 t=2 j=2 je=3 Q=15625 table=37249 yh=369897
stage b2=194 vs b1={126}: values [14649372735243886851590144, 16012035393449278995173376), 25561007944 candidates (MITM path)
  MITM b1=126: s=4 t=2 j=2 je=3 Q=15876 table=37636 yh=679164
stage b2=195 vs b1={127}: values [15501749869261349560546875, 17605349516220764271966721), 38260921099 candidates (MITM path)
  MITM b1=127: s=4 t=2 j=2 je=3 Q=16129 table=38025 yh=1006205
stage b2=196 vs b1={128}: values [16398978063355821105872896, 19342813113834066795298816), 51925064388 candidates (MITM path)
  MITM b1=128: s=4 t=2 j=2 je=3 Q=16384 table=38416 yh=1351653
stage b2=197 vs b1={129}: values [17343170265605241347130653, 21236186150528020865123841), 66602237394 candidates (MITM path)
  MITM b1=129: s=4 t=2 j=2 je=3 Q=16641 table=38809 yh=1716155
stage b2=198 vs b1={130}: values [18336527447218512795850752, 23298085122481000000000000), 82343041142 candidates (MITM path)
  MITM b1=130: s=3 t=3 j=3 je=3 Q=2197000 table=7762392 yh=10608
stage b2=199 vs b1={131}: values [19381341794579313317802199, 25542038069936263923006961), 99199924127 candidates (MITM path)
  MITM b1=131: s=3 t=3 j=3 je=3 Q=2248091 table=7880599 yh=12588
stage b2=200 vs b1={132}: values [20480000000000000000000000, 27982542656501458535448576), 117227229008 candidates (MITM path)
  MITM b1=132: s=3 t=3 j=3 je=3 Q=2299968 table=8000000 yh=14654
stage b2=201 vs b1={133}: values [21634986653716369322202201, 30635127461052805121505361), 136481239966 candidates (MITM path)
  MITM b1=133: s=3 t=3 j=3 je=3 Q=2352637 table=8120601 yh=16807
stage b2=202 vs b1={134}: values [22848887739705683048654848, 33516416633376182864121856), 157020230723 candidates (MITM path)
  MITM b1=134: s=3 t=3 j=3 je=3 Q=2406104 table=8242408 yh=19051
stage b2=203 vs b1={135}: values [24124394237962799952684947, 36644198070556426025390625), 178904513234 candidates (MITM path)
  MITM b1=135: s=3 t=3 j=3 je=3 Q=2460375 table=8365427 yh=21387

*** MATCH: 30243852202243767272548896 is an 12-digit palindrome in bases 135 and 203
stage b2=204 vs b1={136}: values [25464305835922478547861504, 40037495277186834126340096), 202196487048 candidates (MITM path)
  MITM b1=136: s=3 t=3 j=3 je=3 Q=2515456 table=8489664 yh=23817
stage b2=205 vs b1={137}: values [26871534751769943408203125, 43716643078717303412870881), 226960689330 candidates (MITM path)
  MITM b1=137: s=3 t=3 j=3 je=3 Q=2571353 table=8615125 yh=26345
stage b2=206 vs b1={138}: values [28349109672436645439584256, 47703367363695867545849856), 253263845567 candidates (MITM path)
  MITM b1=138: s=3 t=3 j=3 je=3 Q=2628072 table=8741816 yh=28972
stage b2=207 vs b1={139}: values [29900179809133802678274543, 52020869037289085480011921), 281174920932 candidates (MITM path)
  MITM b1=139: s=3 t=3 j=3 je=3 Q=2685619 table=8869743 yh=31701
done: 4.28s, 5301437 candidates tested
