A171740 search: n=12, threads=1, limit=none
stage b2=155 vs b1={102}: values [1240648285957267138671875, 1268241794562545318301696), 1989833495 candidates (MITM path)
  MITM b1=102: s=4 t=2 j=2 je=3 Q=10404 table=24025 yh=82824
stage b2=156 vs b1={103}: values [1331590174384995440787456, 1425760886846178945447841), 6533836551 candidates (MITM path)
  MITM b1=103: s=4 t=2 j=2 je=3 Q=10609 table=24336 yh=268485
stage b2=157 vs b1={104}: values [1428552404463186019525093, 1601032218567680790102016), 11517026364 candidates (MITM path)
  MITM b1=104: s=4 t=2 j=2 je=3 Q=10816 table=24649 yh=467242
stage b2=158 vs b1={105}: values [1531891323960362862344192, 1795856326022129150390625), 16966951867 candidates (MITM path)
  MITM b1=105: s=4 t=2 j=2 je=3 Q=11025 table=24964 yh=679657
stage b2=159 vs b1={106}: values [1641981907780495624833759, 2012196471835550329409536), 22912409035 candidates (MITM path)
  MITM b1=106: s=4 t=2 j=2 je=3 Q=11236 table=25281 yh=906310
stage b2=160 vs b1={107}: values [1759218604441600000000000, 2252191588960823337718801), 29383479627 candidates (MITM path)
  MITM b1=107: s=3 t=3 j=3 je=3 Q=1225043 table=4096000 yh=7174
stage b2=161 vs b1={108}: values [1884016215314563749249761, 2518170116818978404827136), 36411570604 candidates (MITM path)
  MITM b1=108: s=3 t=3 j=3 je=3 Q=1259712 table=4173281 yh=8725
stage b2=162 vs b1={109}: values [2016810807672035804940288, 2812664781782894485727281), 44029454216 candidates (MITM path)
  MITM b1=109: s=3 t=3 j=3 je=3 Q=1295029 table=4251528 yh=10357
stage b2=163 vs b1={110}: values [2158060662623960090407387, 3138428376721000000000000), 52271308759 candidates (MITM path)
  MITM b1=110: s=3 t=3 j=3 je=3 Q=1331000 table=4330747 yh=12070
stage b2=164 vs b1={111}: values [2308247259043587701080064, 3498450596935634189769921), 61172760017 candidates (MITM path)
  MITM b1=111: s=3 t=3 j=3 je=3 Q=1367631 table=4410944 yh=13869
stage b2=165 vs b1={112}: values [2467876294615567236328125, 3895975992546975973113856), 70770923369 candidates (MITM path)
  MITM b1=112: s=3 t=3 j=3 je=3 Q=1404928 table=4492125 yh=15755
stage b2=166 vs b1={113}: values [2637478745165999792674816, 4334523100191686738306881), 81104446582 candidates (MITM path)
  MITM b1=113: s=3 t=3 j=3 je=3 Q=1442897 table=4574296 yh=17731
stage b2=167 vs b1={114}: values [2817611963463158891460983, 4817904819828488880132096), 92213553278 candidates (MITM path)
  MITM b1=114: s=3 t=3 j=3 je=3 Q=1481544 table=4657463 yh=19800
stage b2=168 vs b1={115}: values [3008860818706922924408832, 5350250105473711181640625), 104140087087 candidates (MITM path)
  MITM b1=115: s=3 t=3 j=3 je=3 Q=1520875 table=4741632 yh=21963
stage b2=169 vs b1={116}: values [3211838877954855105157369, 5936027041831326482169856), 116927556474 candidates (MITM path)
  MITM b1=116: s=3 t=3 j=3 je=3 Q=1560896 table=4826809 yh=24225
stage b2=170 vs b1={117}: values [3427189630763300000000000, 6580067382037190942729361), 130621180256 candidates (MITM path)
  MITM b1=117: s=3 t=3 j=3 je=3 Q=1601613 table=4913000 yh=26587
stage b2=171 vs b1={118}: values [3655587758352853102936371, 7287592625109126008344576), 145267933798 candidates (MITM path)
  MITM b1=118: s=3 t=3 j=3 je=3 Q=1643032 table=5000211 yh=29053
stage b2=172 vs b1={119}: values [3897740448639107284860928, 8064241715186276625588961), 160916595898 candidates (MITM path)
  MITM b1=119: s=3 t=3 j=3 je=3 Q=1685159 table=5088448 yh=31624
stage b2=173 vs b1={120}: values [4154388758501693990272277, 8916100448256000000000000), 177617796351 candidates (MITM path)
  MITM b1=120: s=3 t=3 j=3 je=3 Q=1728000 table=5177717 yh=34305
stage b2=174 vs b1={121}: values [4426309024697324523239424, 9849732675807611094711841), 195424064209 candidates (MITM path)
  MITM b1=121: s=3 t=3 j=3 je=3 Q=1771561 table=5268024 yh=37097
stage b2=175 vs b1={122}: values [4714314324855804443359375, 10872213398722912904482816), 214389876723 candidates (MITM path)
  MITM b1=122: s=3 t=3 j=3 je=3 Q=1815848 table=5359375 yh=40003
stage b2=176 vs b1={123}: values [5019255990031848807858176, 11991163848716906297072721), 234571708976 candidates (MITM path)
  MITM b1=123: s=3 t=3 j=3 je=3 Q=1860867 table=5451776 yh=43027
stage b2=177 vs b1={124}: values [5342025170319974613513873, 13214788658781797667045376), 256028084203 candidates (MITM path)
  MITM b1=124: s=3 t=3 j=3 je=3 Q=1906624 table=5545233 yh=46171
stage b2=178 vs b1={125}: values [5683554455074796217321472, 14551915228366851806640625), 278819624809 candidates (MITM path)
  MITM b1=125: s=3 t=3 j=3 je=3 Q=1953125 table=5639752 yh=49439
stage b2=179 vs b1={126}: values [6044819549314706693299979, 16012035393449278995173376), 303009104071 candidates (MITM path)
  MITM b1=126: s=3 t=3 j=3 je=3 Q=2000376 table=5735339 yh=52832
stage b2=180 vs b1={127}: values [6426841007923200000000000, 17605349516220764271966721), 328661498534 candidates (MITM path)
  MITM b1=127: s=3 t=3 j=3 je=3 Q=2048383 table=5832000 yh=56355
stage b2=181 vs b1={128}: values [6830686029298982514463981, 19342813113834066795298816), 355844041105 candidates (MITM path)
  MITM b1=128: s=3 t=3 j=3 je=3 Q=2097152 table=5929741 yh=60011
stage b2=182 vs b1={129}: values [7257470310143544998893568, 21236186150528020865123841), 384626274836 candidates (MITM path)
  MITM b1=129: s=3 t=3 j=3 je=3 Q=2146689 table=6028568 yh=63801
stage b2=183 vs b1={130}: values [7708359963113024511280167, 23298085122481000000000000), 415080107402 candidates (MITM path)
  MITM b1=130: s=3 t=3 j=3 je=3 Q=2197000 table=6128487 yh=67730
stage b2=184 vs b1={131}: values [8184573499099987295862784, 25542038069936263923006961), 447279866280 candidates (MITM path)
  MITM b1=131: s=3 t=3 j=3 je=3 Q=2248091 table=6229504 yh=71801
stage b2=185 vs b1={132}: values [8687383875950215478515625, 27982542656501458535448576), 481302354618 candidates (MITM path)
  MITM b1=132: s=3 t=3 j=3 je=3 Q=2299968 table=6331625 yh=76016
stage b2=186 vs b1={133}: values [9218120615459689670977536, 30635127461052805121505361), 517226907801 candidates (MITM path)
  MITM b1=133: s=3 t=3 j=3 je=3 Q=2352637 table=6434856 yh=80379
stage b2=187 vs b1={134}: values [9778171990537733621073763, 33516416633376182864121856), 555135450721 candidates (MITM path)
  MITM b1=134: s=3 t=3 j=3 je=3 Q=2406104 table=6539203 yh=84894

*** MATCH: 17574636116593204191293400 is an 12-digit palindrome in bases 134 and 187
stage b2=188 vs b1={135}: values [10368987284463733138522112, 36644198070556426025390625), 595112555741 candidates (MITM path)
  MITM b1=135: s=3 t=3 j=3 je=3 Q=2460375 table=6644672 yh=89563
stage b2=189 vs b1={136}: values [10992079124206967022251589, 40037495277186834126340096), 637245501355 candidates (MITM path)
  MITM b1=136: s=3 t=3 j=3 je=3 Q=2515456 table=6751269 yh=94389
stage b2=190 vs b1={137}: values [11649025889821900000000000, 43716643078717303412870881), 681624331552 candidates (MITM path)
  MITM b1=137: s=3 t=3 j=3 je=3 Q=2571353 table=6859000 yh=99377
stage b2=191 vs b1={138}: values [12341474201974794188822591, 47703367363695867545849856), 728341915880 candidates (MITM path)
  MITM b1=138: s=3 t=3 j=3 je=3 Q=2628072 table=6967871 yh=104529
stage b2=192 vs b1={139}: values [13071141489701703760478208, 52020869037289085480011921), 777494010207 candidates (MITM path)
  MITM b1=139: s=3 t=3 j=3 je=3 Q=2685619 table=7077888 yh=109849
stage b2=193 vs b1={140}: values [13839818640542834852821057, 56693912375296000000000000), 829179318187 candidates (MITM path)
  MITM b1=140: s=3 t=3 j=3 je=3 Q=2744000 table=7189057 yh=115340
stage b2=194 vs b1={141}: values [14649372735243886851590144, 61748917974902741368975281), 883499553425 candidates (MITM path)
  MITM b1=141: s=3 t=3 j=3 je=3 Q=2803221 table=7301384 yh=121005
stage b2=195 vs b1={142}: values [15501749869261349560546875, 67214060505664762405851136), 940559502347 candidates (MITM path)
  MITM b1=142: s=3 t=3 j=3 je=3 Q=2863288 table=7414875 yh=126848
stage b2=196 vs b1={143}: values [16398978063355821105872896, 73119371471655725294164801), 1000467087769 candidates (MITM path)
  MITM b1=143: s=3 t=3 j=3 je=3 Q=2924207 table=7529536 yh=132873
stage b2=197 vs b1={144}: values [17343170265605241347130653, 79496847203390844133441536), 1063333433173 candidates (MITM path)
  MITM b1=144: s=3 t=3 j=3 je=3 Q=2985984 table=7645373 yh=139082
done: 14.77s, 3568717 candidates tested
