A171740 search: n=12, threads=1, limit=none
stage b2=431 vs b1={260}: values [95334473350473334338476729231, 95428956661682176000000000000), 14739796376 candidates (MITM path)
  MITM b1=260: s=4 t=2 j=2 je=3 Q=67600 table=185761 yh=79349
stage b2=432 vs b1={261}: values [97796027719021374067408109568, 99927745220846124633825584721), 327964751647 candidates (MITM path)
  MITM b1=261: s=4 t=2 j=2 je=3 Q=68121 table=186624 yh=1757356
stage b2=433 vs b1={262}: values [100315226918403349419823702417, 104620187934458937028636512256), 653193485745 candidates (MITM path)
  MITM b1=262: s=4 t=2 j=2 je=3 Q=68644 table=187489 yh=3483903
stage b2=434 vs b1={263}: values [102893283053893453600144246784, 109513833574845676773925608481), 990730942093 candidates (MITM path)
  MITM b1=263: s=4 t=2 j=2 je=3 Q=69169 table=188356 yh=5259886
stage b2=435 vs b1={264}: values [105531430833275902825341796875, 114616494721029974161197367296), 1340887814121 candidates (MITM path)
  MITM b1=264: s=4 t=2 j=2 je=3 Q=69696 table=189225 yh=7086209
stage b2=436 vs b1={265}: values [108230927934780930945540161536, 119936255922052283847900390625), 1703980622367 candidates (MITM path)
  MITM b1=265: s=4 t=2 j=2 je=3 Q=70225 table=190096 yh=8963790
stage b2=437 vs b1={266}: values [110993055380142725966855596013, 125481482080472289777685958656), 2080331792190 candidates (MITM path)
  MITM b1=266: s=4 t=2 j=2 je=3 Q=70756 table=190969 yh=10893558
stage b2=438 vs b1={267}: values [113819117912838588948194138112, 131260827061126477105043503761), 2470269732091 candidates (MITM path)
  MITM b1=267: s=4 t=2 j=2 je=3 Q=71289 table=191844 yh=12876451
stage b2=439 vs b1={268}: values [116710444381569143360604716839, 137283242530308845011443122176), 2874128912662 candidates (MITM path)
  MITM b1=268: s=4 t=2 j=2 je=3 Q=71824 table=192721 yh=14913419
stage b2=440 vs b1={269}: values [119668388129039974400000000000, 143557987030641165766449098161), 3292249946142 candidates (MITM path)
  MITM b1=269: s=4 t=2 j=2 je=3 Q=72361 table=193600 yh=17005424
stage b2=441 vs b1={270}: values [122694327386105632949003612841, 150094635296999121000000000000), 3724979666595 candidates (MITM path)
  MITM b1=270: s=4 t=2 j=2 je=3 Q=72900 table=194481 yh=19153438
stage b2=442 vs b1={271}: values [125789665671337497908806494208, 156903087818962082857498424641), 4172671210707 candidates (MITM path)
  MITM b1=271: s=4 t=2 j=2 je=3 Q=73441 table=195364 yh=21358445
stage b2=443 vs b1={272}: values [128955832196077553484700318307, 163993580655357272581489033216), 4635684099199 candidates (MITM path)
  MITM b1=272: s=3 t=3 j=3 je=3 Q=20123648 table=86938307 yh=53322
stage b2=444 vs b1={273}: values [132194282275040704726925574144, 171376695506573539304632176321), 5114384318868 candidates (MITM path)
  MITM b1=273: s=3 t=3 j=3 je=3 Q=20346417 table=87528384 yh=58432
stage b2=445 vs b1={274}: values [135506497742528825219189453125, 179063370050426074779119128576), 5609144405246 candidates (MITM path)
  MITM b1=274: s=3 t=3 j=3 je=3 Q=20570824 table=88121125 yh=63653
stage b2=446 vs b1={275}: values [138893987374320305288277456896, 187064908547461032867431640625), 6120343525877 candidates (MITM path)
  MITM b1=275: s=3 t=3 j=3 je=3 Q=20796875 table=88716536 yh=68988
stage b2=447 vs b1={276}: values [142358287315299447497245827903, 195392992721698273467801010176), 6648367564230 candidates (MITM path)
  MITM b1=276: s=3 t=3 j=3 je=3 Q=21024576 table=89314623 yh=74438
stage b2=448 vs b1={277}: values [145900961512890638499422666752, 204059692922921316864296943121), 7193609204228 candidates (MITM path)
  MITM b1=277: s=3 t=3 j=3 je=3 Q=21253933 table=89915392 yh=80005
stage b2=449 vs b1={278}: values [149523602156362812588586992449, 213077479576736094126128828416), 7756468015402 candidates (MITM path)
  MITM b1=278: s=3 t=3 j=3 je=3 Q=21484952 table=90518849 yh=85689

*** MATCH: 167548815405061379127676507950 is an 12-digit palindrome in bases 278 and 449
stage b2=450 vs b1={279}: values [153227830122070312500000000000, 222459234928734230114433331041), 8337350538680 candidates (MITM path)
  MITM b1=279: s=3 t=3 j=3 je=3 Q=21717639 table=91125000 yh=91494
stage b2=451 vs b1={280}: values [157015295424696847215234267451, 232218265089212416000000000000), 8936670372798 candidates (MITM path)
  MITM b1=280: s=3 t=3 j=3 je=3 Q=21952000 table=91733851 yh=97420
stage b2=452 vs b1={281}: values [160887677674569844718827470848, 242368312385016936196463417761), 9554848261338 candidates (MITM path)
  MITM b1=281: s=3 t=3 j=3 je=3 Q=22188041 table=92345408 yh=103469
stage b2=453 vs b1={282}: values [164846686541113099864560007197, 252923568025201628647322750976), 10192312180404 candidates (MITM path)
  MITM b1=282: s=3 t=3 j=3 je=3 Q=22425768 table=92959677 yh=109643
done: 90.69s, 123298766 candidates tested
