A171740 search: n=12, threads=1, limit=none
stage b2=352 vs b1={216}: values [10279436267585226358493544448, 10314424798490535546171949056), 18393726598 candidates (MITM path)
  MITM b1=216: s=4 t=2 j=2 je=3 Q=46656 table=123904 yh=148452
stage b2=353 vs b1={217}: values [10605270721642531610378603297, 10902266807956484097280908961), 153497919722 candidates (MITM path)
  MITM b1=217: s=4 t=2 j=2 je=3 Q=47089 table=124609 yh=1231837
stage b2=354 vs b1={218}: values [10940467548815308008476411904, 11520674946182735813538942976), 294824580590 candidates (MITM path)
  MITM b1=218: s=4 t=2 j=2 je=3 Q=47524 table=125316 yh=2352650
stage b2=355 vs b1={219}: values [11285268170004959241748046875, 12171087315874829579909431761), 442562839054 candidates (MITM path)
  MITM b1=219: s=4 t=2 j=2 je=3 Q=47961 table=126025 yh=3511707
stage b2=356 vs b1={220}: values [11639919523993182653074374656, 12855002631049216000000000000), 596906069865 candidates (MITM path)
  MITM b1=220: s=4 t=2 j=2 je=3 Q=48400 table=126736 yh=4709839
stage b2=357 vs b1={221}: values [12004674177479860045321072893, 13573982477229290545823357041), 758051959986 candidates (MITM path)
  MITM b1=221: s=4 t=2 j=2 je=3 Q=48841 table=127449 yh=5947885
stage b2=358 vs b1={222}: values [12379790436996519307878356992, 14329653645048357641297596416), 926202576544 candidates (MITM path)
  MITM b1=222: s=4 t=2 j=2 je=3 Q=49284 table=128164 yh=7226699
stage b2=359 vs b1={223}: values [12765532462721932175857515959, 15123710539293666054338805121), 1101564435404 candidates (MITM path)
  MITM b1=223: s=4 t=2 j=2 je=3 Q=49729 table=128881 yh=8547144

*** MATCH: 14252333285711046452525887680 is an 12-digit palindrome in bases 223 and 359
stage b2=360 vs b1={224}: values [13162170384226713600000000000, 15957917665472413585874354176), 1284348570369 candidates (MITM path)
  MITM b1=224: s=4 t=2 j=2 je=3 Q=50176 table=129600 yh=9910097
stage b2=361 vs b1={225}: values [13569980418174090907801371961, 16834112196028232574462890625), 1474770603016 candidates (MITM path)
  MITM b1=225: s=4 t=2 j=2 je=3 Q=50625 table=130321 yh=11316447
stage b2=362 vs b1={226}: values [13989244988004316189622233088, 17754206618385148880104984576), 1673050813157 candidates (MITM path)
  MITM b1=226: s=3 t=3 j=3 je=3 Q=11543176 table=47437928 yh=35269
done: 4.42s, 36750358 candidates tested
