A171740 search: n=12, threads=1, limit=none
stage b2=491 vs b1={293}: values [399849367486819482609834395891, 400323831115571027902364072401), 33862106660 candidates (MITM path)
  MITM b1=293: s=4 t=2 j=2 je=3 Q=85849 table=241081 yh=140460
stage b2=492 vs b1={294}: values [408899077197794430483230097408, 417030640378345864542952820736), 573301956810 candidates (MITM path)
  MITM b1=294: s=4 t=2 j=2 je=3 Q=86436 table=242064 yh=2368390
stage b2=493 vs b1={295}: values [418134605590533958835165292757, 434374369687385917207275390625), 1131092702926 candidates (MITM path)
  MITM b1=295: s=4 t=2 j=2 je=3 Q=87025 table=243049 yh=4653765
stage b2=494 vs b1={296}: values [427559379534856823843881170944, 452377017219528840630098722816), 1707649543718 candidates (MITM path)
  MITM b1=296: s=4 t=2 j=2 je=3 Q=87616 table=244036 yh=6997532
stage b2=495 vs b1={297}: values [437176881962263889213818359375, 471061262609691461042593862241), 2303394673606 candidates (MITM path)
  MITM b1=297: s=4 t=2 j=2 je=3 Q=88209 table=245025 yh=9400652
stage b2=496 vs b1={298}: values [446990652666799428081282973696, 490450485651332023716795191296), 2918757366868 candidates (MITM path)
  MITM b1=298: s=4 t=2 j=2 je=3 Q=88804 table=246016 yh=11864096
stage b2=497 vs b1={299}: values [457004289115698715675308342353, 510568785444411275443565936401), 3554174062395 candidates (MITM path)
  MITM b1=299: s=4 t=2 j=2 je=3 Q=89401 table=247009 yh=14388845
stage b2=498 vs b1={300}: values [467221447269921365272965629952, 531441000000000000000000000000), 4210088449047 candidates (MITM path)
  MITM b1=300: s=4 t=2 j=2 je=3 Q=90000 table=248004 yh=16975890
stage b2=499 vs b1={301}: values [477645842414670666895611255499, 553092726310835924575445943601), 4886951551622 candidates (MITM path)
  MITM b1=301: s=4 t=2 j=2 je=3 Q=90601 table=249001 yh=19626233
stage b2=500 vs b1={302}: values [488281250000000000000000000000, 575550340897290317159369936896), 5585221817427 candidates (MITM path)
  MITM b1=302: s=4 t=2 j=2 je=3 Q=91204 table=250000 yh=22340888

*** MATCH: 501271434218170692498412506501 is an 12-digit palindrome in bases 302 and 500
stage b2=501 vs b1={303}: values [499131506491608208145638755501, 598841020838364120317909320641), 6305365203466 candidates (MITM path)
  MITM b1=303: s=4 t=2 j=2 je=3 Q=91809 table=251001 yh=25120877
done: 1.78s, 90280486 candidates tested
