A171740 search: n=12, threads=1, limit=none
stage b2=494 vs b1={295}: values [427559379534856823843881170944, 434374369687385917207275390625), 468925164123 candidates (MITM path)
  MITM b1=295: s=4 t=2 j=2 je=3 Q=87025 table=244036 yh=1921541
stage b2=495 vs b1={296}: values [437176881962263889213818359375, 452377017219528840630098722816), 1033275802028 candidates (MITM path)
  MITM b1=296: s=4 t=2 j=2 je=3 Q=87616 table=245025 yh=4217022
stage b2=496 vs b1={297}: values [446990652666799428081282973696, 471061262609691461042593862241), 1616579385403 candidates (MITM path)
  MITM b1=297: s=4 t=2 j=2 je=3 Q=88209 table=246016 yh=6571034
stage b2=497 vs b1={298}: values [457004289115698715675308342353, 490450485651332023716795191296), 2219261121830 candidates (MITM path)
  MITM b1=298: s=4 t=2 j=2 je=3 Q=88804 table=247009 yh=8984536
stage b2=498 vs b1={299}: values [467221447269921365272965629952, 510568785444411275443565936401), 2841753328810 candidates (MITM path)
  MITM b1=299: s=4 t=2 j=2 je=3 Q=89401 table=248004 yh=11458498
stage b2=499 vs b1={300}: values [477645842414670666895611255499, 531441000000000000000000000000), 3484495518638 candidates (MITM path)
  MITM b1=300: s=4 t=2 j=2 je=3 Q=90000 table=249001 yh=13993902
stage b2=500 vs b1={301}: values [488281250000000000000000000000, 553092726310835924575445943601), 4147934483894 candidates (MITM path)
  MITM b1=301: s=4 t=2 j=2 je=3 Q=90601 table=250000 yh=16591738
stage b2=501 vs b1={302}: values [499131506491608208145638755501, 575550340897290317159369936896), 4832524383534 candidates (MITM path)
  MITM b1=302: s=4 t=2 j=2 je=3 Q=91204 table=251001 yh=19253009
stage b2=502 vs b1={303}: values [510200510231926645287045634048, 598841020838364120317909320641), 5538726829590 candidates (MITM path)
  MITM b1=303: s=4 t=2 j=2 je=3 Q=91809 table=252004 yh=21978726
stage b2=503 vs b1={304}: values [521492222311601429966591196647, 622992765297495137011017711616), 6267010974479 candidates (MITM path)
  MITM b1=304: s=4 t=2 j=2 je=3 Q=92416 table=253009 yh=24769914
stage b2=504 vs b1={305}: values [533010667451475275290251362304, 648034417553121620683837890625), 7017853598923 candidates (MITM path)
  MITM b1=305: s=4 t=2 j=2 je=3 Q=93025 table=254016 yh=27627605
stage b2=505 vs b1={306}: values [544759934895174099174853515625, 673995687544113646503571623936), 7791739200476 candidates (MITM path)
  MITM b1=306: s=4 t=2 j=2 je=3 Q=93636 table=255025 yh=30552845
stage b2=506 vs b1={307}: values [556744179312404460981246765056, 700907174940351875150276622001), 8589160082665 candidates (MITM path)
  MITM b1=307: s=3 t=3 j=3 je=3 Q=28934443 table=129554216 yh=66298
stage b2=507 vs b1={308}: values [568967621713068717313312446243, 728800392748903786995238567936), 9410616444745 candidates (MITM path)
  MITM b1=308: s=3 t=3 j=3 je=3 Q=29218112 table=130323843 yh=72210
stage b2=508 vs b1={309}: values [581434550372305641487929966592, 757707791466420184947746068881), 10256616472066 candidates (MITM path)
  MITM b1=309: s=3 t=3 j=3 je=3 Q=29503629 table=131096512 yh=78238
stage b2=509 vs b1={310}: values [594149321766565107986044015109, 787662783788549761000000000000), 11127676427050 candidates (MITM path)
  MITM b1=310: s=3 t=3 j=3 je=3 Q=29791000 table=131872229 yh=84383
stage b2=510 vs b1={311}: values [607116361520826305100000000000, 818699769887346816976612516321), 12024320740793 candidates (MITM path)
  MITM b1=311: s=3 t=3 j=3 je=3 Q=30080231 table=132651000 yh=90647
stage b2=511 vs b1={312}: values [620340165367069806017523226111, 850854163267826846772605485056), 12947082105274 candidates (MITM path)
  MITM b1=312: s=3 t=3 j=3 je=3 Q=30371328 table=133432831 yh=97031
stage b2=512 vs b1={313}: values [633825300114114700748351602688, 884162417215006648162206715681), 13896501566185 candidates (MITM path)
  MITM b1=313: s=3 t=3 j=3 je=3 Q=30664297 table=134217728 yh=103538
stage b2=513 vs b1={314}: values [647576404628932868625869313537, 918662051842949959948040605696), 14873128616384 candidates (MITM path)
  MITM b1=314: s=3 t=3 j=3 je=3 Q=30959144 table=135005697 yh=110167
stage b2=514 vs b1={315}: values [661598190829553353623447537664, 954391681757526337812744140625), 15877521289956 candidates (MITM path)
  MITM b1=315: s=3 t=3 j=3 je=3 Q=31255875 table=135796744 yh=116922
stage b2=515 vs b1={316}: values [675895444689670692433935546875, 991391044344780112897566048256), 16910246256904 candidates (MITM path)
  MITM b1=316: s=3 t=3 j=3 je=3 Q=31554496 table=136590875 yh=123803
stage b2=516 vs b1={317}: values [690473027255071938191258812416, 1029701028696997844179291768561), 17971878918457 candidates (MITM path)
  MITM b1=317: s=3 t=3 j=3 je=3 Q=31855013 table=137388096 yh=130812
stage b2=517 vs b1={318}: values [705335875671998020885807527133, 1069363705188756702611733221376), 19063003502996 candidates (MITM path)
  MITM b1=318: s=3 t=3 j=3 je=3 Q=32157432 table=138188413 yh=137950
stage b2=518 vs b1={319}: values [720489004227555988960716511232, 1110422355715432735355050594561), 20184213162613 candidates (MITM path)
  MITM b1=319: s=3 t=3 j=3 je=3 Q=32461759 table=138991832 yh=145219
stage b2=519 vs b1={320}: values [735937505402299585294763053719, 1152921504606846976000000000000), 21336110070279 candidates (MITM path)
  MITM b1=320: s=3 t=3 j=3 je=3 Q=32768000 table=139798359 yh=152621
stage b2=520 vs b1={321}: values [751686550935096524800000000000, 1196906950228928915420617322241), 22519305517651 candidates (MITM path)
  MITM b1=321: s=3 t=3 j=3 je=3 Q=33076161 table=140608000 yh=160157
stage b2=521 vs b1={322}: values [767741392900401760208994397721, 1242425797286480951825250390016), 23734420013493 candidates (MITM path)
  MITM b1=322: s=3 t=3 j=3 je=3 Q=33386248 table=141420761 yh=167829
stage b2=522 vs b1={323}: values [784107364798056947318294243328, 1289526489840334121941717217521), 24982083382729 candidates (MITM path)
  MITM b1=323: s=3 t=3 j=3 je=3 Q=33698267 table=142236648 yh=175638
stage b2=523 vs b1={324}: values [800789882655737251012174233427, 1338258845052394702439737982976), 26262934866119 candidates (MITM path)
  MITM b1=324: s=3 t=3 j=3 je=3 Q=34012224 table=143055667 yh=183586
stage b2=524 vs b1={325}: values [817794446144167568834532737024, 1388674087672293186187744140625), 27577623220568 candidates (MITM path)
  MITM b1=325: s=3 t=3 j=3 je=3 Q=34328125 table=143877824 yh=191674
stage b2=525 vs b1={326}: values [835126639705231189727783203125, 1440824885279561706440311115776), 28926806820055 candidates (MITM path)
  MITM b1=326: s=3 t=3 j=3 je=3 Q=34645976 table=144703125 yh=199905
stage b2=526 vs b1={327}: values [852792133693094851836500555776, 1494765384295483228389391941921), 30311153757205 candidates (MITM path)
  MITM b1=327: s=3 t=3 j=3 je=3 Q=34965783 table=145531576 yh=208279
stage b2=527 vs b1={328}: values [870796685528475115001283375023, 1550551246778975776674326511616), 31731341945470 candidates (MITM path)
  MITM b1=328: s=3 t=3 j=3 je=3 Q=35287552 table=146363183 yh=216799
stage b2=528 vs b1={329}: values [889146140866171920765652303872, 1608239688021097644574300393441), 33188059221967 candidates (MITM path)
  MITM b1=329: s=3 t=3 j=3 je=3 Q=35611289 table=147197952 yh=225466
stage b2=529 vs b1={330}: values [907846434775996175406740561329, 1667889514952984961000000000000), 34682003450923 candidates (MITM path)
  MITM b1=330: s=3 t=3 j=3 je=3 Q=35937000 table=148035889 yh=234282
stage b2=530 vs b1={331}: values [926903592937219159700000000000, 1729561165382261200512043881361), 36213882627767 candidates (MITM path)
  MITM b1=331: s=3 t=3 j=3 je=3 Q=36264691 table=148877000 yh=243247
stage b2=531 vs b1={332}: values [946323732846672542860142060331, 1793316748073189235032143691776), 37784414983856 candidates (MITM path)
  MITM b1=332: s=3 t=3 j=3 je=3 Q=36594368 table=149721291 yh=252366
stage b2=532 vs b1={333}: values [966113065040628757386093395968, 1859220083686070369445516586161), 39394329091823 candidates (MITM path)
  MITM b1=333: s=3 t=3 j=3 je=3 Q=36926037 table=150568768 yh=261637
stage b2=533 vs b1={334}: values [986277894330592476397946946317, 1927336746591631502843839123456), 41044363971572 candidates (MITM path)
  MITM b1=334: s=3 t=3 j=3 je=3 Q=37259704 table=151419437 yh=271065
stage b2=534 vs b1={335}: values [1006824621053134925509846800384, 1997734107576381138808837890625), 42735269196902 candidates (MITM path)
  MITM b1=335: s=3 t=3 j=3 je=3 Q=37595375 table=152273304 yh=280649
stage b2=535 vs b1={336}: values [1027759742333903757355615234375, 2070481377455157458127600746496), 44467805002771 candidates (MITM path)
  MITM b1=336: s=3 t=3 j=3 je=3 Q=37933056 table=153130375 yh=290392
stage b2=536 vs b1={337}: values [1049089853365942218594908635136, 2145649651607337092060800582081), 46242742393190 candidates (MITM path)
  MITM b1=337: s=3 t=3 j=3 je=3 Q=38272753 table=153990656 yh=300296
stage b2=537 vs b1={338}: values [1070821648702452346598011379913, 2223311955453421620312454598656), 48060863249765 candidates (MITM path)
  MITM b1=338: s=3 t=3 j=3 je=3 Q=38614472 table=154854153 yh=310363
stage b2=538 vs b1={339}: values [1092961923564137946058318784512, 2303543290888970191892547145521), 49922960440868 candidates (MITM path)
  MITM b1=339: s=3 t=3 j=3 je=3 Q=38958219 table=155720872 yh=320593
stage b2=539 vs b1={340}: values [1115517575161264114534437527939, 2386420683693101056000000000000), 51829837931454 candidates (MITM path)
  MITM b1=340: s=3 t=3 j=3 je=3 Q=39304000 table=156590819 yh=330989
stage b2=540 vs b1={341}: values [1138495604030571110400000000000, 2472023231929042220921962513681), 53782310893510 candidates (MITM path)
  MITM b1=341: s=3 t=3 j=3 je=3 Q=39651821 table=157464000 yh=341554
stage b2=541 vs b1={342}: values [1161903115387181386900143203941, 2560432155354471958946281230336), 55781205817156 candidates (MITM path)
  MITM b1=342: s=3 t=3 j=3 je=3 Q=40001688 table=158340421 yh=352287
stage b2=542 vs b1={343}: values [1185747320491639652000578500608, 2651730845859653471779023381601), 57827360622374 candidates (MITM path)
  MITM b1=343: s=3 t=3 j=3 je=3 Q=40353607 table=159220088 yh=363192
stage b2=543 vs b1={344}: values [1210035538032226855489750842207, 2746004918951634751471942107136), 59921624771390 candidates (MITM path)
  MITM b1=344: s=3 t=3 j=3 je=3 Q=40707584 table=160103007 yh=374270
stage b2=544 vs b1={345}: values [1234775195522690052378270367744, 2843342266303054544082275390625), 62064859381691 candidates (MITM path)
  MITM b1=345: s=3 t=3 j=3 je=3 Q=41063625 table=160989184 yh=385522
stage b2=545 vs b1={346}: values [1259973830715531145054150390625, 2943833109384368375058857660416), 64257937339689 candidates (MITM path)
  MITM b1=346: s=3 t=3 j=3 je=3 Q=41421736 table=161878625 yh=396952
stage b2=546 vs b1={347}: values [1285639093030998565918998890496, 3047570054198584854687363929041), 66501743415030 candidates (MITM path)
  MITM b1=347: s=3 t=3 j=3 je=3 Q=41781923 table=162771336 yh=408560
stage b2=547 vs b1={348}: values [1311778745001927027370820531803, 3154648147137881977010830442496), 68797174375542 candidates (MITM path)
  MITM b1=348: s=3 t=3 j=3 je=3 Q=42144192 table=163667323 yh=420348
stage b2=548 vs b1={349}: values [1338400663734571537035167793152, 3265164931981755884811169330801), 71145139102837 candidates (MITM path)
  MITM b1=349: s=3 t=3 j=3 je=3 Q=42508549 table=164566592 yh=432319
stage b2=549 vs b1={350}: values [1365512842385582953099747743549, 3379220508056640625000000000000), 73546558708548 candidates (MITM path)
  MITM b1=350: s=3 t=3 j=3 je=3 Q=42875000 table=165469149 yh=444473
stage b2=550 vs b1={351}: values [1393123391655273437500000000000, 3496917589577226791795034339201), 76002366651222 candidates (MITM path)
  MITM b1=351: s=3 t=3 j=3 je=3 Q=43243551 table=166375000 yh=456814
stage b2=551 vs b1={352}: values [1421240541297321253556406018551, 3618361566189999678189727645696), 78513508853858 candidates (MITM path)
  MITM b1=352: s=3 t=3 j=3 je=3 Q=43614208 table=167284151 yh=469343
stage b2=552 vs b1={353}: values [1449872641645065449500204597248, 3743660564739813658463646963841), 81080943822086 candidates (MITM path)
  MITM b1=353: s=3 t=3 j=3 je=3 Q=43986977 table=168196608 yh=482061
stage b2=553 vs b1={354}: values [1479028165154542070164647711097, 3872925512280619035000649814016), 83705642763004 candidates (MITM path)
  MITM b1=354: s=3 t=3 j=3 je=3 Q=44361864 table=169112377 yh=494971
stage b2=554 vs b1={355}: values [1508715707964414645985848879104, 4006270200351760530820556640625), 86388589704661 candidates (MITM path)
  MITM b1=355: s=3 t=3 j=3 je=3 Q=44738875 table=170031464 yh=508075
stage b2=555 vs b1={356}: values [1538943991472952821372607421875, 4143811350541573024494477377536), 89130781616183 candidates (MITM path)
  MITM b1=356: s=3 t=3 j=3 je=3 Q=45118016 table=170953875 yh=521374
stage b2=556 vs b1={357}: values [1569721863932214103490330361856, 4285668681360310036179623022801), 91933228528560 candidates (MITM path)
  MITM b1=357: s=3 t=3 j=3 je=3 Q=45499293 table=171879616 yh=534870
stage b2=557 vs b1={358}: values [1601058302059584837582353420693, 4431964976444753912220451803136), 94796953656076 candidates (MITM path)
  MITM b1=358: s=3 t=3 j=3 je=3 Q=45882712 table=172808693 yh=548566
stage b2=558 vs b1={359}: values [1632962412666837646144657569792, 4582826154117173651132848229281), 97722993518394 candidates (MITM path)
  MITM b1=359: s=3 t=3 j=3 je=3 Q=46268279 table=173741112 yh=562464
stage b2=559 vs b1={360}: values [1665443434306863706599301798159, 4738381338321616896000000000000), 100712398063293 candidates (MITM path)
  MITM b1=360: s=3 t=3 j=3 je=3 Q=46656000 table=174676879 yh=576564
stage b2=560 vs b1={361}: values [1698510738938239385600000000000, 4898762930960846817716295277921), 103766230790054 candidates (MITM path)
  MITM b1=361: s=3 t=3 j=3 je=3 Q=47045881 table=175616000 yh=590871
stage b2=561 vs b1={362}: values [1732173833607787897772353894161, 5064106685657562460643248377856), 106885568873507 candidates (MITM path)
  MITM b1=362: s=3 t=3 j=3 je=3 Q=47437928 table=176558481 yh=605384
stage b2=562 vs b1={363}: values [1766442362151297812563548325888, 5234551782963872647784755492881), 110071503288721 candidates (MITM path)
  MITM b1=363: s=3 t=3 j=3 je=3 Q=47832147 table=177504328 yh=620107
stage b2=563 vs b1={364}: values [1801326106912561394974093742987, 5410240907043328777415185924096), 113325138936359 candidates (MITM path)
  MITM b1=364: s=3 t=3 j=3 je=3 Q=48228544 table=178453547 yh=635040
stage b2=564 vs b1={365}: values [1836834990480896934289776574464, 5591320323850160818242431640625), 116647594768681 candidates (MITM path)
  MITM b1=365: s=3 t=3 j=3 je=3 Q=48627125 table=179406144 yh=650188
stage b2=565 vs b1={366}: values [1872979077447320389547705078125, 5777939960830703556871252217856), 120040003916207 candidates (MITM path)
  MITM b1=366: s=3 t=3 j=3 je=3 Q=49027896 table=180362125 yh=665550
stage b2=566 vs b1={367}: values [1909768576179532861378609289216, 5970253488172346700935405703361), 123503513815029 candidates (MITM path)
  MITM b1=367: s=3 t=3 j=3 je=3 Q=49430863 table=181321496 yh=681131
stage b2=567 vs b1={368}: values [1947213840615891587090802236583, 6168418401625692825349129240576), 127039286334791 candidates (MITM path)
  MITM b1=368: s=3 t=3 j=3 je=3 Q=49836032 table=182284263 yh=696930
stage b2=568 vs b1={369}: values [1985325372078533349421908754432, 6372596106925961399422623920961), 130648497907314 candidates (MITM path)
  MITM b1=369: s=3 t=3 j=3 je=3 Q=50243409 table=183250432 yh=712951
stage b2=569 vs b1={370}: values [2024113821105820389305131081769, 6582952005840035281000000000000), 134332339655889 candidates (MITM path)
  MITM b1=370: s=3 t=3 j=3 je=3 Q=50653000 table=184220009 yh=729196
stage b2=570 vs b1={371}: values [2063589989304280119300000000000, 6799655583865908142394420049841), 138092017525219 candidates (MITM path)
  MITM b1=371: s=3 t=3 j=3 je=3 Q=51064811 table=185193000 yh=745666
stage b2=571 vs b1={372}: values [2103764831220211147045849420771, 7022880499611657333972261666816), 141928752412027 candidates (MITM path)
  MITM b1=372: s=3 t=3 j=3 je=3 Q=51478848 table=186169411 yh=762364
stage b2=572 vs b1={373}: values [2144649456231129337232283926528, 7252804675881436727210363928721), 145843780296321 candidates (MITM path)
  MITM b1=373: s=3 t=3 j=3 je=3 Q=51895117 table=187149248 yh=779292
stage b2=573 vs b1={374}: values [2186255130457228866167355527877, 7489610392496358142528690917376), 149838352373317 candidates (MITM path)
  MITM b1=374: s=3 t=3 j=3 je=3 Q=52313624 table=188132517 yh=796452
stage b2=574 vs b1={375}: values [2228593278693034455083740493824, 7733484380878508090972900390625), 153913735186025 candidates (MITM path)
  MITM b1=375: s=3 t=3 j=3 je=3 Q=52734375 table=189119224 yh=813846
stage b2=575 vs b1={376}: values [2271675486359422206878662109375, 7984617920426728775852675301376), 158071210758492 candidates (MITM path)
  MITM b1=376: s=3 t=3 j=3 je=3 Q=53157376 table=190109375 yh=831476
stage b2=576 vs b1={377}: values [2315513501476187716057433112576, 8243206936713178643875538610721), 162312076729713 candidates (MITM path)
  MITM b1=377: s=3 t=3 j=3 je=3 Q=53582633 table=191102976 yh=849344
stage b2=577 vs b1={378}: values [2360119236655341373266124769473, 8509452101530078278473934114816), 166637646488197 candidates (MITM path)
  MITM b1=378: s=3 t=3 j=3 je=3 Q=54010152 table=192100033 yh=867453
stage b2=578 vs b1={379}: values [2405504771115312043978880387072, 8783558934816442124406231285841), 171049249307197 candidates (MITM path)
  MITM b1=379: s=3 t=3 j=3 je=3 Q=54439939 table=193100552 yh=885805
stage b2=579 vs b1={380}: values [2451682352716241565672691784379, 9065737908494995456000000000000), 175548230480608 candidates (MITM path)
  MITM b1=380: s=3 t=3 j=3 je=3 Q=54872000 table=194104539 yh=904401
stage b2=580 vs b1={381}: values [2498664400016553779200000000000, 9356204552249879185458266174961), 180135951459519 candidates (MITM path)
  MITM b1=381: s=3 t=3 j=3 je=3 Q=55306341 table=195112000 yh=923244
stage b2=581 vs b1={382}: values [2546463504350983088080258388381, 9655179561276152586506710552576), 184813789989440 candidates (MITM path)
  MITM b1=382: s=3 t=3 j=3 je=3 Q=55742968 table=196122941 yh=942337
stage b2=582 vs b1={383}: values [2595092431930248824098639239168, 9962888906032515816542942031361), 189583140248180 candidates (MITM path)
  MITM b1=383: s=3 t=3 j=3 je=3 Q=56181887 table=197137368 yh=961681
stage b2=583 vs b1={384}: values [2644564125962562988946446055767, 10279563944029090291760398073856), 194445412984405 candidates (MITM path)
  MITM b1=384: s=3 t=3 j=3 je=3 Q=56623104 table=198155287 yh=981278
stage b2=584 vs b1={385}: values [2694891708797160239686624477184, 10605441533682515539043212890625), 199402035656847 candidates (MITM path)
  MITM b1=385: s=3 t=3 j=3 je=3 Q=57066625 table=199176704 yh=1001132
stage b2=585 vs b1={386}: values [2746088484090040290602197265625, 10940764150271046150530924548096), 204454452574188 candidates (MITM path)
  MITM b1=386: s=3 t=3 j=3 je=3 Q=57512456 table=200201625 yh=1021243
stage b2=586 vs b1={387}: values [2798167938992114215508674471936, 11285780004022761936582279184881), 209604125035607 candidates (MITM path)
  MITM b1=387: s=3 t=3 j=3 je=3 Q=57960603 table=201230056 yh=1041615
stage b2=587 vs b1={388}: values [2851143746359947452906740409363, 11640743160370438345557966585856), 214852531471990 candidates (MITM path)
  MITM b1=388: s=3 t=3 j=3 je=3 Q=58411072 table=202262003 yh=1062249
stage b2=588 vs b1={389}: values [2905029766989293641442065907712, 12005913662407062729708916003921), 220201167587817 candidates (MITM path)
  MITM b1=389: s=3 t=3 j=3 je=3 Q=58863869 table=203297472 yh=1083148
stage b2=589 vs b1={390}: values [2959840051871614745048248895989, 12381557655576425121000000000000), 225651546503706 candidates (MITM path)
  MITM b1=390: s=3 t=3 j=3 je=3 Q=59319000 table=204336469 yh=1104314
stage b2=590 vs b1={391}: values [3015588844473784265900000000000, 12767947514633659874603497973281), 231205198899629 candidates (MITM path)
  MITM b1=391: s=3 t=3 j=3 je=3 Q=59776471 table=205379000 yh=1125749
stage b2=591 vs b1={392}: values [3072290583041171688920153786991, 13165361972911066876932454875136), 236863673158798 candidates (MITM path)
  MITM b1=392: s=3 t=3 j=3 je=3 Q=60236288 table=206425071 yh=1147456
stage b2=592 vs b1={393}: values [3129959902924307654089331703808, 13574086253924998035506742360801), 242628535512219 candidates (MITM path)
  MITM b1=393: s=3 t=3 j=3 je=3 Q=60698457 table=207474688 yh=1169437
stage b2=593 vs b1={394}: values [3188611638929330712224580716657, 13994412205360056505895889473536), 248501370183911 candidates (MITM path)
  MITM b1=394: s=3 t=3 j=3 je=3 Q=61162984 table=208527857 yh=1191694
stage b2=594 vs b1={395}: values [3248260827692417886246573164544, 14426638435467322602890869140625), 254483779536803 candidates (MITM path)
  MITM b1=395: s=3 t=3 j=3 je=3 Q=61629875 table=209584584 yh=1214230
stage b2=595 vs b1={396}: values [3308922710078402633267529296875, 14871070451913791625537326678016), 260577384219293 candidates (MITM path)
  MITM b1=396: s=3 t=3 j=3 je=3 Q=62099136 table=210644875 yh=1237046
stage b2=596 vs b1={397}: values [3370612733603785183127505207296, 15328020803120684935518067665841), 266783823312483 candidates (MITM path)
  MITM b1=397: s=3 t=3 j=3 je=3 Q=62570773 table=211708736 yh=1260146

*** MATCH: 7363580257730740621174228405386 is an 12-digit palindrome in bases 397 and 596
stage b2=597 vs b1={398}: values [3433346554884341616308706146253, 15797809222128776602593843613696), 273104754478079 candidates (MITM path)
  MITM b1=398: s=3 t=3 j=3 je=3 Q=63044792 table=212776173 yh=1283531
stage b2=598 vs b1={399}: values [3497140042107539438489709156352, 16280762773029363806577930555201), 279541854106971 candidates (MITM path)
  MITM b1=399: s=3 t=3 j=3 je=3 Q=63521199 table=213847192 yh=1307204
stage b2=599 vs b1={400}: values [3562009277529968810387620206599, 16777216000000000000000000000000), 286096817468479 candidates (MITM path)
  MITM b1=400: s=3 t=3 j=3 je=3 Q=64000000 table=214921799 yh=1331168
stage b2=600 vs b1={401}: values [3627970560000000000000000000000, 17287511078984605626766090564801), 292771358860267 candidates (MITM path)
  MITM b1=401: s=3 t=3 j=3 je=3 Q=64481201 table=216000000 yh=1355423
stage b2=601 vs b1={402}: values [3695040407505879039923659806601, 17811997972058071997491783274496), 299567211758942 candidates (MITM path)
  MITM b1=402: s=3 t=3 j=3 je=3 Q=64964808 table=217081801 yh=1379974
stage b2=602 vs b1={403}: values [3763235559749474995117984360448, 18351034584515979779713048277041), 306486128971313 candidates (MITM path)
  MITM b1=403: s=3 t=3 j=3 je=3 Q=65450827 table=218167208 yh=1404823
stage b2=603 vs b1={404}: values [3832572980745893676320153300547, 18904986924730564508992631996416), 313529882786332 candidates (MITM path)
  MITM b1=404: s=3 t=3 j=3 je=3 Q=65939264 table=219256227 yh=1429971
stage b2=604 vs b1={405}: values [3903069861449174071332415995904, 19474229266814577603359619140625), 320700265127702 candidates (MITM path)
  MITM b1=405: s=3 t=3 j=3 je=3 Q=66430125 table=220348864 yh=1455421
stage b2=605 vs b1={406}: values [3974743622404285210611376953125, 20059144316135212607058101211136), 327999087707170 candidates (MITM path)
  MITM b1=406: s=3 t=3 j=3 je=3 Q=66923416 table=221445125 yh=1481176
stage b2=606 vs b1={407}: values [4047611916425642635020060358656, 20660123377720792838942199093601), 335428182178477 candidates (MITM path)
  MITM b1=407: s=3 t=3 j=3 je=3 Q=67419143 table=222545016 yh=1507238
stage b2=607 vs b1={408}: values [4121692631302365092279372570143, 21277566527603448314936306958336), 342989400292003 candidates (MITM path)
  MITM b1=408: s=3 t=3 j=3 je=3 Q=67917312 table=223648543 yh=1533609
stage b2=608 vs b1={409}: values [4197003892530493554600540372992, 21911882787141546791871910219681), 350684614050071 candidates (MITM path)
  MITM b1=409: s=3 t=3 j=3 je=3 Q=68417929 table=224755712 yh=1560293
stage b2=609 vs b1={410}: values [4273564066072396123218280306209, 22563490300366186081000000000000), 358515715862937 candidates (MITM path)
  MITM b1=410: s=3 t=3 j=3 je=3 Q=68921000 table=225866529 yh=1587291
stage b2=610 vs b1={411}: values [4351391761143583866100000000000, 23232816514396602443039513869521), 366484618705448 candidates (MITM path)
  MITM b1=411: s=3 t=3 j=3 je=3 Q=69426531 table=226981000 yh=1614605
stage b2=611 vs b1={412}: values [4430505833027164123003435837211, 23920298362969902942430645190656), 374593256274385 candidates (MITM path)
  MITM b1=412: s=3 t=3 j=3 je=3 Q=69934528 table=228099131 yh=1642239
stage b2=612 vs b1={413}: values [4510925385916159307318021849088, 24626382453131088146385741940081), 382843583146474 candidates (MITM path)
  MITM b1=413: s=3 t=3 j=3 je=3 Q=70444997 table=229220928 yh=1670195
stage b2=613 vs b1={414}: values [4592669775783920736778231997437, 25351525255129895544433993322496), 391237574937080 candidates (MITM path)
  MITM b1=414: s=3 t=3 j=3 je=3 Q=70957944 table=230346397 yh=1698475
stage b2=614 vs b1={415}: values [4675758613282868535204451211264, 26096193295571563576699462890625), 399777228459580 candidates (MITM path)
  MITM b1=415: s=3 t=3 j=3 je=3 Q=71473375 table=231475544 yh=1727082
stage b2=615 vs b1={416}: values [4760211766671790164932958984375, 26860863353869191234592184467456), 408464561885404 candidates (MITM path)
  MITM b1=416: s=3 t=3 j=3 je=3 Q=71991296 table=232608375 yh=1756019
stage b2=616 vs b1={417}: values [4846049364771931674565742166016, 27646022662045948876583015308161), 417301614904764 candidates (MITM path)
  MITM b1=417: s=3 t=3 j=3 je=3 Q=72511713 table=233744896 yh=1785287
stage b2=617 vs b1={418}: values [4933291799952117279127519871033, 28452169107935982225126351179776), 426290448888062 candidates (MITM path)
  MITM b1=418: s=3 t=3 j=3 je=3 Q=73034632 table=234885113 yh=1814890
stage b2=618 vs b1={419}: values [5021959731143134429686032197632, 29279811441833443519640329077361), 435433147047964 candidates (MITM path)
  MITM b1=419: s=3 t=3 j=3 je=3 Q=73560059 table=236029032 yh=1844829
stage b2=619 vs b1={420}: values [5112074086881623076996824584819, 30129469486639681536000000000000), 444731814602171 candidates (MITM path)
  MITM b1=420: s=3 t=3 j=3 je=3 Q=74088000 table=237176659 yh=1875108
stage b2=620 vs b1={421}: values [5203656068383709388800000000000, 31001674351559225686692396607441), 454188578936855 candidates (MITM path)
  MITM b1=421: s=3 t=3 j=3 je=3 Q=74618461 table=238328000 yh=1905729
stage b2=621 vs b1={422}: values [5296727152648625743048300468821, 31896968649395808729270202863616), 463805589770783 candidates (MITM path)
  MITM b1=422: s=3 t=3 j=3 je=3 Q=75151448 table=239483061 yh=1936695
stage b2=622 vs b1={423}: values [5391309095592560389608046409728, 32815906717500287775869592309921), 473585019320119 candidates (MITM path)
  MITM b1=423: s=3 t=3 j=3 je=3 Q=75686967 table=240641848 yh=1968008
stage b2=623 vs b1={424}: values [5487423935212981750871575397327, 33759054842422944355374937931776), 483529062463904 candidates (MITM path)
  MITM b1=424: s=3 t=3 j=3 je=3 Q=76225024 table=241804367 yh=1999671
stage b2=624 vs b1={425}: values [5585093994783683917276589850624, 34726991488323271274566650390625), 493639936910221 candidates (MITM path)
  MITM b1=425: s=3 t=3 j=3 je=3 Q=76765625 table=242970624 yh=2031686
stage b2=625 vs b1={426}: values [5684341886080801486968994140625, 35720307529190986997727933566976), 503919883363039 candidates (MITM path)
  MITM b1=426: s=3 t=3 j=3 je=3 Q=77308776 table=244140625 yh=2064056
stage b2=626 vs b1={427}: values [5785190512640043499796164069376, 36739606484932657258363216949521), 514371165689737 candidates (MITM path)
  MITM b1=427: s=3 t=3 j=3 je=3 Q=77854483 table=245314376 yh=2096784
stage b2=627 vs b1={428}: values [5887663073045397824501973838923, 37785504761378948674749271638016), 524996071089313 candidates (MITM path)
  MITM b1=428: s=3 t=3 j=3 je=3 Q=78402752 table=246491883 yh=2129872
stage b2=628 vs b1={429}: values [5991783064249558974438175670272, 38858631894268190306056236008241), 535796910261274 candidates (MITM path)
  MITM b1=429: s=3 t=3 j=3 je=3 Q=78953589 table=247673152 yh=2163323
stage b2=629 vs b1={430}: values [6097574284926333951333793232429, 39959630797262576401000000000000), 546776017575207 candidates (MITM path)
  MITM b1=430: s=3 t=3 j=3 je=3 Q=79507000 table=248858189 yh=2197139
stage b2=630 vs b1={431}: values [6205060838855282348700000000000, 41089158014054007099883470298561), 557935751241032 candidates (MITM path)
  MITM b1=431: s=3 t=3 j=3 je=3 Q=80062991 table=250047000 yh=2231324
stage b2=631 vs b1={432}: values [6314267138338848586317495491431, 42247883974617233597120303333376), 569278493479944 candidates (MITM path)
  MITM b1=432: s=3 t=3 j=3 je=3 Q=80621568 table=251239591 yh=2265879
stage b2=632 vs b1={433}: values [6425217907652245794981693882368, 43436493255668650298783663146561), 580806650696030 candidates (MITM path)
  MITM b1=433: s=3 t=3 j=3 je=3 Q=81182737 table=252435968 yh=2300808
stage b2=633 vs b1={434}: values [6537938186526352526293168490217, 44655684845389758862462603104256), 592522653648576 candidates (MITM path)
  MITM b1=434: s=3 t=3 j=3 je=3 Q=81746504 table=253636137 yh=2336113
stage b2=634 vs b1={435}: values [6652453333663885125801859753984, 45906172412475017729023681640625), 604428957625052 candidates (MITM path)
  MITM b1=435: s=3 t=3 j=3 je=3 Q=82312875 table=254840104 yh=2371797
stage b2=635 vs b1={436}: values [6768789030289110279268701171875, 47188684579564485892255510429696), 616528042614791 candidates (MITM path)
  MITM b1=436: s=3 t=3 j=3 je=3 Q=82881856 table=256047875 yh=2407863
stage b2=636 vs b1={437}: values [6886971283731363921222734708736, 48503965201122371247515895457681), 628822413483340 candidates (MITM path)
  MITM b1=437: s=3 t=3 j=3 je=3 Q=83453453 table=257259456 yh=2444313
stage b2=637 vs b1={438}: values [7007026431042644382390701863813, 49852773645823301959309032493056), 641314600147507 candidates (MITM path)
  MITM b1=438: s=3 t=3 j=3 je=3 Q=84027672 table=258474853 yh=2481149
stage b2=638 vs b1={439}: values [7128981142649549347984776230912, 51235885083508853935305470692321), 654007157751084 candidates (MITM path)
  MITM b1=439: s=3 t=3 j=3 je=3 Q=84604519 table=259694072 yh=2518376
stage b2=639 vs b1={440}: values [7252862426039827902277855239039, 52654090776777588736000000000000), 666902666841262 candidates (MITM path)
  MITM b1=440: s=3 t=3 j=3 je=3 Q=85184000 table=260917119 yh=2555995
done: 2103.34s, 243873471 candidates tested
