A171740 search: n=12, threads=1, limit=none
stage b2=411 vs b1={249}: values [56527534098288570421020715011, 56805732602641806617660372001), 57717014646 candidates (MITM path)
  MITM b1=249: s=4 t=2 j=2 je=3 Q=62001 table=168921 yh=341681
stage b2=412 vs b1={250}: values [58058976609150249860268556288, 59604644775390625000000000000), 316033387521 candidates (MITM path)
  MITM b1=250: s=4 t=2 j=2 je=3 Q=62500 table=169744 yh=1861824
stage b2=413 vs b1={251}: values [59628044680704813913766929637, 62529457064557415999535378001), 584667765379 candidates (MITM path)
  MITM b1=251: s=4 t=2 j=2 je=3 Q=63001 table=170569 yh=3427750
stage b2=414 vs b1={252}: values [61235568249106027885106264064, 65585296971568246764230148096), 863893339426 candidates (MITM path)
  MITM b1=252: s=4 t=2 j=2 je=3 Q=63504 table=171396 yh=5040336
stage b2=415 vs b1={253}: values [62882393483304972473974609375, 68777479182635902650515347441), 1153988664262 candidates (MITM path)
  MITM b1=253: s=4 t=2 j=2 je=3 Q=64009 table=172225 yh=6700472
stage b2=416 vs b1={254}: values [64569383062185555852385058816, 72111511618440250457975689216), 1455237732650 candidates (MITM path)
  MITM b1=254: s=4 t=2 j=2 je=3 Q=64516 table=173056 yh=8409057

*** MATCH: 72058330187969734513587997185 is an 12-digit palindrome in bases 254 and 416
stage b2=417 vs b1={255}: values [66297416455745680759191883233, 75593101654204447168212890625), 1767930050898 candidates (MITM path)
  MITM b1=255: s=4 t=2 j=2 je=3 Q=65025 table=173889 yh=10167004
stage b2=418 vs b1={256}: values [68067390210373163218005624832, 79228162514264337593543950336), 2092360714857 candidates (MITM path)
  MITM b1=256: s=4 t=2 j=2 je=3 Q=65536 table=174724 yh=11975234
stage b2=419 vs b1={257}: values [69880218238265974987208422619, 83022819845310162051379891201), 2428830486541 candidates (MITM path)
  MITM b1=257: s=4 t=2 j=2 je=3 Q=66049 table=175561 yh=13834682
stage b2=420 vs b1={258}: values [71736832111046860800000000000, 86983418472562773463547252736), 2777645871366 candidates (MITM path)
  MITM b1=258: s=4 t=2 j=2 je=3 Q=66564 table=176400 yh=15746292
done: 0.79s, 38929759 candidates tested
