A171740 search: n=12, threads=1, limit=none
stage b2=163 vs b1={107}: values [2158060662623960090407387, 2252191588960823337718801), 5018878778 candidates (MITM path)
  MITM b1=107: s=4 t=2 j=2 je=3 Q=11449 table=26569 yh=188900
stage b2=164 vs b1={108}: values [2308247259043587701080064, 2518170116818978404827136), 10789383791 candidates (MITM path)
  MITM b1=108: s=4 t=2 j=2 je=3 Q=11664 table=26896 yh=401152
stage b2=165 vs b1={109}: values [2467876294615567236328125, 2812664781782894485727281), 17086341829 candidates (MITM path)
  MITM b1=109: s=4 t=2 j=2 je=3 Q=11881 table=27225 yh=627598
stage b2=166 vs b1={110}: values [2637478745165999792674816, 3138428376721000000000000), 23941178976 candidates (MITM path)
  MITM b1=110: s=4 t=2 j=2 je=3 Q=12100 table=27556 yh=868820
stage b2=167 vs b1={111}: values [2817611963463158891460983, 3498450596935634189769921), 31386678907 candidates (MITM path)
  MITM b1=111: s=4 t=2 j=2 je=3 Q=12321 table=27889 yh=1125415
stage b2=168 vs b1={112}: values [3008860818706922924408832, 3895975992546975973113856), 39457023222 candidates (MITM path)
  MITM b1=112: s=3 t=3 j=3 je=3 Q=1404928 table=4741632 yh=8322
stage b2=169 vs b1={113}: values [3211838877954855105157369, 4334523100191686738306881), 48187832448 candidates (MITM path)
  MITM b1=113: s=3 t=3 j=3 je=3 Q=1442897 table=4826809 yh=9984
stage b2=170 vs b1={114}: values [3427189630763300000000000, 4817904819828488880132096), 57616207708 candidates (MITM path)
  MITM b1=114: s=3 t=3 j=3 je=3 Q=1481544 table=4913000 yh=11728
stage b2=171 vs b1={115}: values [3655587758352853102936371, 5350250105473711181640625), 67780773067 candidates (MITM path)
  MITM b1=115: s=3 t=3 j=3 je=3 Q=1520875 table=5000211 yh=13556
stage b2=172 vs b1={116}: values [3897740448639107284860928, 5936027041831326482169856), 78721718550 candidates (MITM path)
  MITM b1=116: s=3 t=3 j=3 je=3 Q=1560896 table=5088448 yh=15471
stage b2=173 vs b1={117}: values [4154388758501693990272277, 6580067382037190942729361), 90480843831 candidates (MITM path)
  MITM b1=117: s=3 t=3 j=3 je=3 Q=1601613 table=5177717 yh=17476
stage b2=174 vs b1={118}: values [4426309024697324523239424, 7287592625109126008344576), 103101602608 candidates (MITM path)
  MITM b1=118: s=3 t=3 j=3 je=3 Q=1643032 table=5268024 yh=19572
stage b2=175 vs b1={119}: values [4714314324855804443359375, 8064241715186276625588961), 116629147641 candidates (MITM path)
  MITM b1=119: s=3 t=3 j=3 je=3 Q=1685159 table=5359375 yh=21762
stage b2=176 vs b1={120}: values [5019255990031848807858176, 8916100448256000000000000), 131110376486 candidates (MITM path)
  MITM b1=120: s=3 t=3 j=3 je=3 Q=1728000 table=5451776 yh=24050
stage b2=177 vs b1={121}: values [5342025170319974613513873, 9849732675807611094711841), 146593977892 candidates (MITM path)
  MITM b1=121: s=3 t=3 j=3 je=3 Q=1771561 table=5545233 yh=26437
stage b2=178 vs b1={122}: values [5683554455074796217321472, 10872213398722912904482816), 163130478892 candidates (MITM path)
  MITM b1=122: s=3 t=3 j=3 je=3 Q=1815848 table=5639752 yh=28926
stage b2=179 vs b1={123}: values [6044819549314706693299979, 11991163848716906297072721), 180772292568 candidates (MITM path)
  MITM b1=123: s=3 t=3 j=3 je=3 Q=1860867 table=5735339 yh=31520

*** MATCH: 7031545693660780972437780 is an 12-digit palindrome in bases 123 and 179
stage b2=180 vs b1={124}: values [6426841007923200000000000, 13214788658781797667045376), 199573766505 candidates (MITM path)
  MITM b1=124: s=3 t=3 j=3 je=3 Q=1906624 table=5832000 yh=34221
stage b2=181 vs b1={125}: values [6830686029298982514463981, 14551915228366851806640625), 219591231925 candidates (MITM path)
  MITM b1=125: s=3 t=3 j=3 je=3 Q=1953125 table=5929741 yh=37033
done: 3.25s, 3418413 candidates tested
