A171740 search: n=12, threads=1, limit=none
stage b2=187 vs b1={121}: values [9778171990537733621073763, 9849732675807611094711841), 1673496667 candidates (MITM path)
  MITM b1=121: s=4 t=2 j=2 je=3 Q=14641 table=34969 yh=47857
stage b2=188 vs b1={122}: values [10368987284463733138522112, 10872213398722912904482816), 11397669896 candidates (MITM path)
  MITM b1=122: s=4 t=2 j=2 je=3 Q=14884 table=35344 yh=322479
stage b2=189 vs b1={123}: values [10992079124206967022251589, 11991163848716906297072721), 21919542926 candidates (MITM path)
  MITM b1=123: s=4 t=2 j=2 je=3 Q=15129 table=35721 yh=613632
stage b2=190 vs b1={124}: values [11649025889821900000000000, 13214788658781797667045376), 33281612241 candidates (MITM path)
  MITM b1=124: s=4 t=2 j=2 je=3 Q=15376 table=36100 yh=921929
stage b2=191 vs b1={125}: values [12341474201974794188822591, 14551915228366851806640625), 45528016409 candidates (MITM path)
  MITM b1=125: s=4 t=2 j=2 je=3 Q=15625 table=36481 yh=1247993
stage b2=192 vs b1={126}: values [13071141489701703760478208, 16012035393449278995173376), 58704579950 candidates (MITM path)
  MITM b1=126: s=4 t=2 j=2 je=3 Q=15876 table=36864 yh=1592464
stage b2=193 vs b1={127}: values [13839818640542834852821057, 17605349516220764271966721), 72858857860 candidates (MITM path)
  MITM b1=127: s=3 t=3 j=3 je=3 Q=2048383 table=7189057 yh=10135
stage b2=194 vs b1={128}: values [14649372735243886851590144, 19342813113834066795298816), 88040180801 candidates (MITM path)
  MITM b1=128: s=3 t=3 j=3 je=3 Q=2097152 table=7301384 yh=12059
stage b2=195 vs b1={129}: values [15501749869261349560546875, 21236186150528020865123841), 104299700953 candidates (MITM path)
  MITM b1=129: s=3 t=3 j=3 je=3 Q=2146689 table=7414875 yh=14067
stage b2=196 vs b1={130}: values [16398978063355821105872896, 23298085122481000000000000), 121690438534 candidates (MITM path)
  MITM b1=130: s=3 t=3 j=3 je=3 Q=2197000 table=7529536 yh=16162
stage b2=197 vs b1={131}: values [17343170265605241347130653, 25542038069936263923006961), 140267328983 candidates (MITM path)
  MITM b1=131: s=3 t=3 j=3 je=3 Q=2248091 table=7645373 yh=18347

*** MATCH: 18906302033912480308055352 is an 12-digit palindrome in bases 131 and 197
stage b2=198 vs b1={132}: values [18336527447218512795850752, 27982542656501458535448576), 160087270817 candidates (MITM path)
  MITM b1=132: s=3 t=3 j=3 je=3 Q=2299968 table=7762392 yh=20624
done: 2.03s, 4803494 candidates tested
