A171740 search: n=12, threads=1, limit=none
stage b2=117 vs b1={79}: values [56239892154164025151533, 59091511031674153381441), 1111671088 candidates (MITM path)
  MITM b1=79: s=4 t=2 j=2 je=3 Q=6241 table=13689 yh=81210
stage b2=118 vs b1={80}: values [61759259534823101765632, 68719476736000000000000), 2578283971 candidates (MITM path)
  MITM b1=80: s=4 t=2 j=2 je=3 Q=6400 table=13924 yh=185169
stage b2=119 vs b1={81}: values [67766737102405685929319, 79766443076872509863361), 4225604404 candidates (MITM path)
  MITM b1=81: s=4 t=2 j=2 je=3 Q=6561 table=14161 yh=298398
stage b2=120 vs b1={82}: values [74300837068800000000000, 92420056270299898187776), 6068089850 candidates (MITM path)
  MITM b1=82: s=4 t=2 j=2 je=3 Q=6724 table=14400 yh=421396
stage b2=121 vs b1={83}: values [81402749386839761113321, 106890007738661124410161), 8121025970 candidates (MITM path)
  MITM b1=83: s=3 t=3 j=3 je=3 Q=571787 table=1771561 yh=4585
stage b2=122 vs b1={84}: values [89116503268220597577728, 123410307017276135571456), 10400558813 candidates (MITM path)
  MITM b1=84: s=3 t=3 j=3 je=3 Q=592704 table=1815848 yh=5728
stage b2=123 vs b1={85}: values [97489136981438262577827, 142241757136172119140625), 12923727691 candidates (MITM path)
  MITM b1=85: s=3 t=3 j=3 je=3 Q=614125 table=1860867 yh=6946
stage b2=124 vs b1={86}: values [106570876280498368282624, 163674647745587512938496), 15708498741 candidates (MITM path)
  MITM b1=86: s=3 t=3 j=3 je=3 Q=636056 table=1906624 yh=8239
stage b2=125 vs b1={87}: values [116415321826934814453125, 188031682201497672618081), 18773799175 candidates (MITM path)
  MITM b1=87: s=3 t=3 j=3 je=3 Q=658503 table=1953125 yh=9613
stage b2=126 vs b1={88}: values [127079645979756182501376, 215671155821681003462656), 22139552207 candidates (MITM path)
  MITM b1=88: s=3 t=3 j=3 je=3 Q=681472 table=2000376 yh=11068
stage b2=127 vs b1={89}: values [138624799340320978519423, 246990403565262140303521), 25826712684 candidates (MITM path)
  MITM b1=89: s=3 t=3 j=3 je=3 Q=704969 table=2048383 yh=12609
stage b2=128 vs b1={90}: values [151115727451828646838272, 282429536481000000000000), 29857303396 candidates (MITM path)
  MITM b1=90: s=3 t=3 j=3 je=3 Q=729000 table=2097152 yh=14238
stage b2=129 vs b1={91}: values [164621598066108688876929, 322475487413604782665681), 34254452080 candidates (MITM path)
  MITM b1=91: s=3 t=3 j=3 je=3 Q=753571 table=2146689 yh=15957
stage b2=130 vs b1={92}: values [179216039403700000000000, 367666387654882241806336), 39042429119 candidates (MITM path)
  MITM b1=92: s=3 t=3 j=3 je=3 Q=778688 table=2197000 yh=17771
stage b2=131 vs b1={93}: values [194977389846841709335931, 418596297479370673535601), 44246685934 candidates (MITM path)
  MITM b1=93: s=3 t=3 j=3 je=3 Q=804357 table=2248091 yh=19682
stage b2=132 vs b1={94}: values [211988959518950443450368, 475920314814253376475136), 49893894070 candidates (MITM path)
  MITM b1=94: s=3 t=3 j=3 je=3 Q=830584 table=2299968 yh=21694

*** MATCH: 280362249035603974750105 is an 12-digit palindrome in bases 94 and 132
stage b2=133 vs b1={95}: values [230339304218442143770717, 540360087662636962890625), 56011984973 candidates (MITM path)
  MITM b1=95: s=3 t=3 j=3 je=3 Q=857375 table=2352637 yh=23809
stage b2=134 vs b1={96}: values [250122512189374498985984, 612709757329767363772416), 62630190476 candidates (MITM path)
  MITM b1=96: s=3 t=3 j=3 je=3 Q=884736 table=2406104 yh=26030
stage b2=135 vs b1={97}: values [271438504226343896484375, 693842360995438000295041), 69779083969 candidates (MITM path)
  MITM b1=97: s=3 t=3 j=3 je=3 Q=912673 table=2460375 yh=28362
done: 1.06s, 1124842 candidates tested
