A171740 search: n=12, threads=1, limit=none
stage b2=325 vs b1={201}: values [4272843346683979034423828125, 4348632317396990233762642401), 64314047654 candidates (MITM path)
  MITM b1=201: s=4 t=2 j=2 je=3 Q=40401 table=105625 yh=608891
stage b2=326 vs b1={202}: values [4419708237053870265154328576, 4615475323420547975828279296), 163092532609 candidates (MITM path)
  MITM b1=202: s=4 t=2 j=2 je=3 Q=40804 table=106276 yh=1534614
stage b2=327 vs b1={203}: values [4571147964206370729019547223, 4897252030306448390395044241), 266728669106 candidates (MITM path)
  MITM b1=203: s=4 t=2 j=2 je=3 Q=41209 table=106929 yh=2494447
stage b2=328 vs b1={204}: values [4727290386521267611811971072, 5194718390528185623763746816), 375380462890 candidates (MITM path)
  MITM b1=204: s=4 t=2 j=2 je=3 Q=41616 table=107584 yh=3489185
stage b2=329 vs b1={205}: values [4888266528939506518462919129, 5508664624112838398681640625), 489209709485 candidates (MITM path)
  MITM b1=205: s=4 t=2 j=2 je=3 Q=42025 table=108241 yh=4519635
stage b2=330 vs b1={206}: values [5054210651372681700000000000, 5839916592521948960554356736), 608382058254 candidates (MITM path)
  MITM b1=206: s=4 t=2 j=2 je=3 Q=42436 table=108900 yh=5586613
stage b2=331 vs b1={207}: values [5225260318375411481909498131, 6189337220490697154402830401), 733067077091 candidates (MITM path)
  MITM b1=207: s=4 t=2 j=2 je=3 Q=42849 table=109561 yh=6690950
stage b2=332 vs b1={208}: values [5401556470099967575398023168, 6557827967253220516257857536), 863438317746 candidates (MITM path)
  MITM b1=208: s=4 t=2 j=2 je=3 Q=43264 table=110224 yh=7833488
stage b2=333 vs b1={209}: values [5583243494552763872208758517, 6946330348617183160431238081), 999673381782 candidates (MITM path)
  MITM b1=209: s=4 t=2 j=2 je=3 Q=43681 table=110889 yh=9015082
stage b2=334 vs b1={210}: values [5770469301172549409712093184, 7355827511386641000000000000), 1141953987174 candidates (MITM path)
  MITM b1=210: s=3 t=3 j=3 je=3 Q=9261000 table=37259704 yh=30649
stage b2=335 vs b1={211}: values [5963385395750391459130859375, 7787345861668898615544483121), 1290466035538 candidates (MITM path)
  MITM b1=211: s=3 t=3 j=3 je=3 Q=9393931 table=37595375 yh=34326
stage b2=336 vs b1={212}: values [6162146956711778149189287936, 8241956748638414149261459456), 1445399680000 candidates (MITM path)
  MITM b1=212: s=3 t=3 j=3 je=3 Q=9528128 table=37933056 yh=38104
stage b2=337 vs b1={213}: values [6366912912781415703444512113, 8720778205368893309992171281), 1606949393704 candidates (MITM path)
  MITM b1=213: s=3 t=3 j=3 je=3 Q=9663597 table=38272753 yh=41987
stage b2=338 vs b1={214}: values [6577846022051543255362291712, 9224976748383532391296208896), 1775314038965 candidates (MITM path)
  MITM b1=214: s=3 t=3 j=3 je=3 Q=9800344 table=38614472 yh=45976
stage b2=339 vs b1={215}: values [6795112952474838324166805739, 9755769237612933691650390625), 1950696937056 candidates (MITM path)
  MITM b1=215: s=3 t=3 j=3 je=3 Q=9938375 table=38958219 yh=50072
stage b2=340 vs b1={216}: values [7018884363803238400000000000, 10314424798490535546171949056), 2133305938639 candidates (MITM path)
  MITM b1=216: s=3 t=3 j=3 je=3 Q=10077696 table=39304000 yh=54278

*** MATCH: 8850315334411722736163704721 is an 12-digit palindrome in bases 216 and 340
stage b2=341 vs b1={217}: values [7249334990994258712381121741, 10902266807956484097280908961), 2323353494846 candidates (MITM path)
  MITM b1=217: s=3 t=3 j=3 je=3 Q=10218313 table=39651821 yh=58594
stage b2=342 vs b1={218}: values [7486643729106643154813687808, 11520674946182735813538942976), 2521056728996 candidates (MITM path)
  MITM b1=218: s=3 t=3 j=3 je=3 Q=10360232 table=40001688 yh=63024
stage b2=343 vs b1={219}: values [7730993719707444524137094407, 12171087315874829579909431761), 2726637508963 candidates (MITM path)
  MITM b1=219: s=3 t=3 j=3 je=3 Q=10503459 table=40353607 yh=67569
stage b2=344 vs b1={220}: values [7982572438812891719395180544, 12855002631049216000000000000), 2940322520191 candidates (MITM path)
  MITM b1=220: s=3 t=3 j=3 je=3 Q=10648000 table=40707584 yh=72231
stage b2=345 vs b1={221}: values [8241571786385665345166015625, 13573982477229290545823357041), 3162343339350 candidates (MITM path)
  MITM b1=221: s=3 t=3 j=3 je=3 Q=10793861 table=41063625 yh=77011
stage b2=346 vs b1={222}: values [8508188177411469292077623296, 14329653645048357641297596416), 3392936508650 candidates (MITM path)
  MITM b1=222: s=3 t=3 j=3 je=3 Q=10941048 table=41421736 yh=81912
stage b2=347 vs b1={223}: values [8782622634578054336274824003, 15123710539293666054338805121), 3632343610800 candidates (MITM path)
  MITM b1=223: s=3 t=3 j=3 je=3 Q=11089567 table=41781923 yh=86936
done: 64.88s, 42135602 candidates tested
