A171740 search: n=12, threads=1, limit=none
stage b2=443 vs b1={267}: values [128955832196077553484700318307, 131260827061126477105043503761), 304963318550 candidates (MITM path)
  MITM b1=267: s=4 t=2 j=2 je=3 Q=71289 table=196249 yh=1553962
stage b2=444 vs b1={268}: values [132194282275040704726925574144, 137283242530308845011443122176), 664249503345 candidates (MITM path)
  MITM b1=268: s=4 t=2 j=2 je=3 Q=71824 table=197136 yh=3369499
stage b2=445 vs b1={269}: values [135506497742528825219189453125, 143557987030641165766449098161), 1036850529007 candidates (MITM path)
  MITM b1=269: s=4 t=2 j=2 je=3 Q=72361 table=198025 yh=5235958
stage b2=446 vs b1={270}: values [138893987374320305288277456896, 150094635296999121000000000000), 1423095330746 candidates (MITM path)
  MITM b1=270: s=4 t=2 j=2 je=3 Q=72900 table=198916 yh=7154253
stage b2=447 vs b1={271}: values [142358287315299447497245827903, 156903087818962082857498424641), 1823318884413 candidates (MITM path)
  MITM b1=271: s=4 t=2 j=2 je=3 Q=73441 table=199809 yh=9125310
stage b2=448 vs b1={272}: values [145900961512890638499422666752, 163993580655357272581489033216), 2237862285445 candidates (MITM path)
  MITM b1=272: s=4 t=2 j=2 je=3 Q=73984 table=200704 yh=11150064
stage b2=449 vs b1={273}: values [149523602156362812588586992449, 171376695506573539304632176321), 2667072828419 candidates (MITM path)
  MITM b1=273: s=4 t=2 j=2 je=3 Q=74529 table=201601 yh=13229463
stage b2=450 vs b1={274}: values [153227830122070312500000000000, 179063370050426074779119128576), 3111304087218 candidates (MITM path)
  MITM b1=274: s=4 t=2 j=2 je=3 Q=75076 table=202500 yh=15364465
stage b2=451 vs b1={275}: values [157015295424696847215234267451, 187064908547461032867431640625), 3570915995821 candidates (MITM path)
  MITM b1=275: s=4 t=2 j=2 je=3 Q=75625 table=203401 yh=17556040
stage b2=452 vs b1={276}: values [160887677674569844718827470848, 195392992721698273467801010176), 4046274929701 candidates (MITM path)
  MITM b1=276: s=4 t=2 j=2 je=3 Q=76176 table=204304 yh=19805168
stage b2=453 vs b1={277}: values [164846686541113099864560007197, 204059692922921316864296943121), 4537753787840 candidates (MITM path)
  MITM b1=277: s=4 t=2 j=2 je=3 Q=76729 table=205209 yh=22112841
stage b2=454 vs b1={278}: values [168894062222506223751543445504, 213077479576736094126128828416), 5045732075368 candidates (MITM path)
  MITM b1=278: s=3 t=3 j=3 je=3 Q=21484952 table=93576664 yh=53921
stage b2=455 vs b1={279}: values [173031575921620011303271484375, 222459234928734230114433331041), 5570595986816 candidates (MITM path)
  MITM b1=279: s=3 t=3 j=3 je=3 Q=21717639 table=94196375 yh=59139
stage b2=456 vs b1={280}: values [177261030328297458104329568256, 232218265089212416000000000000), 6112738489988 candidates (MITM path)
  MITM b1=280: s=3 t=3 j=3 je=3 Q=21952000 table=94818816 yh=64468
stage b2=457 vs b1={281}: values [181584260108050775997625896793, 242368312385016936196463417761), 6672559410461 candidates (MITM path)
  MITM b1=281: s=3 t=3 j=3 je=3 Q=22188041 table=95443993 yh=69911
stage b2=458 vs b1={282}: values [186003132397245379497877563392, 252923568025201628647322750976), 7250465516703 candidates (MITM path)
  MITM b1=282: s=3 t=3 j=3 je=3 Q=22425768 table=96071912 yh=75470
stage b2=459 vs b1={283}: values [190519547304842441752783207059, 263898685087308495981516810961), 7846870605808 candidates (MITM path)
  MITM b1=283: s=3 t=3 j=3 je=3 Q=22665187 table=96702579 yh=81145
stage b2=460 vs b1={284}: values [195135438420772249600000000000, 275308791831202866814366253056), 8462195589868 candidates (MITM path)
  MITM b1=284: s=3 t=3 j=3 je=3 Q=22906304 table=97336000 yh=86938
stage b2=461 vs b1={285}: values [199852773331011222243920083061, 287169505347519450195556640625), 9096868582960 candidates (MITM path)
  MITM b1=285: s=3 t=3 j=3 je=3 Q=23149125 table=97972181 yh=92852
stage b2=462 vs b1={286}: values [204673554139436097229551679488, 299496945547901850804899024896), 9751324988761 candidates (MITM path)
  MITM b1=286: s=3 t=3 j=3 je=3 Q=23393656 table=98611128 yh=98887
stage b2=463 vs b1={287}: values [209599817996529430739834959087, 312307749504346137016129649281), 10426007588791 candidates (MITM path)
  MITM b1=287: s=3 t=3 j=3 je=3 Q=23639903 table=99252847 yh=105045
stage b2=464 vs b1={288}: values [214633637635011206805784100864, 325619086145088897570576531456), 11121366631287 candidates (MITM path)
  MITM b1=288: s=3 t=3 j=3 je=3 Q=23887872 table=99897344 yh=111328
stage b2=465 vs b1={289}: values [219777121912472001814306640625, 339448671314611904643504117121), 11837859920700 candidates (MITM path)
  MITM b1=289: s=3 t=3 j=3 je=3 Q=24137569 table=100544625 yh=117738
stage b2=466 vs b1={290}: values [225032416361083806744810735616, 353814783205469041000000000000), 12575952907823 candidates (MITM path)
  MITM b1=290: s=3 t=3 j=3 je=3 Q=24389000 table=101194696 yh=124275
stage b2=467 vs b1={291}: values [230401703744465269881211992683, 368736278169776566314796884081), 13336118780553 candidates (MITM path)
  MITM b1=291: s=3 t=3 j=3 je=3 Q=24642171 table=101847563 yh=130942

*** MATCH: 262521422976209547532422480804 is an 12-digit palindrome in bases 291 and 467
stage b2=468 vs b1={292}: values [235887204621778787349175468032, 384232606918345112299069505536), 14118838555280 candidates (MITM path)
  MITM b1=292: s=3 t=3 j=3 je=3 Q=24897088 table=102503232 yh=137741
stage b2=469 vs b1={293}: values [241491177919137537737896750669, 400323831115571027902364072401), 14924601168916 candidates (MITM path)
  MITM b1=293: s=3 t=3 j=3 je=3 Q=25153757 table=103161709 yh=144672
stage b2=470 vs b1={294}: values [247215921508401230300000000000, 417030640378345864542952820736), 15753903571542 candidates (MITM path)
  MITM b1=294: s=3 t=3 j=3 je=3 Q=25412184 table=103823000 yh=151739
stage b2=471 vs b1={295}: values [253063772793440013800811649671, 434374369687385917207275390625), 16607250819708 candidates (MITM path)
  MITM b1=295: s=3 t=3 j=3 je=3 Q=25672375 table=104487111 yh=158941
stage b2=472 vs b1={296}: values [259037109303946675027997360128, 452377017219528840630098722816), 17485156170355 candidates (MITM path)
  MITM b1=296: s=3 t=3 j=3 je=3 Q=25934336 table=105154048 yh=166282
done: 177.70s, 126897396 candidates tested
