A171740 search: n=12, threads=1, limit=none
stage b2=221 vs b1={141}: values [61420735191082762650784421, 61748917974902741368975281), 2816839827 candidates (MITM path)
  MITM b1=141: s=4 t=2 j=2 je=3 Q=19881 table=48841 yh=57674
stage b2=222 vs b1={142}: values [64547989392109719104944128, 67214060505664762405851136), 22271726395 candidates (MITM path)
  MITM b1=142: s=4 t=2 j=2 je=3 Q=20164 table=49284 yh=451906
stage b2=223 vs b1={143}: values [67819329772617336566541727, 73119371471655725294164801), 43097304495 candidates (MITM path)
  MITM b1=143: s=4 t=2 j=2 je=3 Q=20449 table=49729 yh=866644
stage b2=224 vs b1={144}: values [71240703863716132079796224, 79496847203390844133441536), 65356549325 candidates (MITM path)
  MITM b1=144: s=4 t=2 j=2 je=3 Q=20736 table=50176 yh=1302547
stage b2=225 vs b1={145}: values [74818276426792144775390625, 86380562306022715087890625), 89114545098 candidates (MITM path)
  MITM b1=145: s=4 t=2 j=2 je=3 Q=21025 table=50625 yh=1760288
stage b2=226 vs b1={146}: values [78558436364536056991614976, 93806788798424099682390016), 114438534170 candidates (MITM path)
  MITM b1=146: s=4 t=2 j=2 je=3 Q=21316 table=51076 yh=2240554
stage b2=227 vs b1={147}: values [82467803819583117066183323, 101814121186119595835681841), 141397966817 candidates (MITM path)
  MITM b1=147: s=4 t=2 j=2 je=3 Q=21609 table=51529 yh=2744047
stage b2=228 vs b1={148}: values [86553237464988993215004672, 110443607719611533356957696), 170064551675 candidates (MITM path)
  MITM b1=148: s=3 t=3 j=3 je=3 Q=3241792 table=11852352 yh=14349
stage b2=229 vs b1={149}: values [90821841990842470457948029, 119738888098469732352733201), 200512306825 candidates (MITM path)
  MITM b1=149: s=3 t=3 j=3 je=3 Q=3307949 table=12008989 yh=16697
stage b2=230 vs b1={150}: values [95280975791392700000000000, 129746337890625000000000000), 232817611541 candidates (MITM path)
  MITM b1=150: s=3 t=3 j=3 je=3 Q=3375000 table=12167000 yh=19136
stage b2=231 vs b1={151}: values [99938258857146531850367031, 140515219945627518837736801), 267059258694 candidates (MITM path)
  MITM b1=151: s=3 t=3 j=3 je=3 Q=3442951 table=12326391 yh=21666
stage b2=232 vs b1={152}: values [104801580876470315823136768, 152097843090208773684330496), 303318507818 candidates (MITM path)
  MITM b1=152: s=3 t=3 j=3 je=3 Q=3511808 table=12487168 yh=24291
stage b2=233 vs b1={153}: values [109879109551310452512114617, 164549728404324620728411041), 341679138837 candidates (MITM path)
  MITM b1=153: s=3 t=3 j=3 je=3 Q=3581577 table=12649337 yh=27012
stage b2=234 vs b1={154}: values [115179299131727923510339584, 177929783385962838621884416), 382227506449 candidates (MITM path)
  MITM b1=154: s=3 t=3 j=3 je=3 Q=3652264 table=12812904 yh=29832

*** MATCH: 149206541144598140792088475 is an 12-digit palindrome in bases 154 and 234
stage b2=235 vs b1={155}: values [120710899174024038232421875, 192300484323376406494140625), 425052595177 candidates (MITM path)
  MITM b1=155: s=3 t=3 j=3 je=3 Q=3723875 table=12977875 yh=32753
stage b2=236 vs b1={156}: values [126482963527317712416014336, 207728067204059288762843136), 470246075089 candidates (MITM path)
  MITM b1=156: s=3 t=3 j=3 je=3 Q=3796416 table=13144256 yh=35776
stage b2=237 vs b1={157}: values [132504859553518749988128213, 224282727500720205065439601), 517902358175 candidates (MITM path)
  MITM b1=157: s=3 t=3 j=3 je=3 Q=3869893 table=13312053 yh=38905
stage b2=238 vs b1={158}: values [138786277585726844783245312, 242038829185737332250382336), 568118655397 candidates (MITM path)
  MITM b1=158: s=3 t=3 j=3 je=3 Q=3944312 table=13481272 yh=42142
stage b2=239 vs b1={159}: values [145337240630172360933794639, 261075123337098804348567681), 620995034403 candidates (MITM path)
  MITM b1=159: s=3 t=3 j=3 je=3 Q=4019679 table=13651919 yh=45488
done: 7.30s, 9598886 candidates tested
