A171740 search: n=12, threads=1, limit=none
stage b2=323 vs b1={200}: values [3992342073809083968859805627, 4096000000000000000000000000), 91282469770 candidates (MITM path)
  MITM b1=200: s=4 t=2 j=2 je=3 Q=40000 table=104329 yh=874949
stage b2=324 vs b1={201}: values [4130428534112329328517709824, 4348632317396990233762642401), 188621943343 candidates (MITM path)
  MITM b1=201: s=4 t=2 j=2 je=3 Q=40401 table=104976 yh=1796811
stage b2=325 vs b1={202}: values [4272843346683979034423828125, 4615475323420547975828279296), 290755357570 candidates (MITM path)
  MITM b1=202: s=4 t=2 j=2 je=3 Q=40804 table=105625 yh=2752714
stage b2=326 vs b1={203}: values [4419708237053870265154328576, 4897252030306448390395044241), 397839228843 candidates (MITM path)
  MITM b1=203: s=4 t=2 j=2 je=3 Q=41209 table=106276 yh=3743454
stage b2=327 vs b1={204}: values [4571147964206370729019547223, 5194718390528185623763746816), 510033842557 candidates (MITM path)
  MITM b1=204: s=4 t=2 j=2 je=3 Q=41616 table=106929 yh=4769837
stage b2=328 vs b1={205}: values [4727290386521267611811971072, 5508664624112838398681640625), 627503317053 candidates (MITM path)
  MITM b1=205: s=4 t=2 j=2 je=3 Q=42025 table=107584 yh=5832683
stage b2=329 vs b1={206}: values [4888266528939506518462919129, 5839916592521948960554356736), 750415668196 candidates (MITM path)
  MITM b1=206: s=4 t=2 j=2 je=3 Q=42436 table=108241 yh=6932823
stage b2=330 vs b1={207}: values [5054210651372681700000000000, 6189337220490697154402830401), 878942874594 candidates (MITM path)
  MITM b1=207: s=4 t=2 j=2 je=3 Q=42849 table=108900 yh=8071101
stage b2=331 vs b1={208}: values [5225260318375411481909498131, 6557827967253220516257857536), 1013260943443 candidates (MITM path)
  MITM b1=208: s=3 t=3 j=3 je=3 Q=8998912 table=36264691 yh=27941
stage b2=332 vs b1={209}: values [5401556470099967575398023168, 6946330348617183160431238081), 1153549977015 candidates (MITM path)
  MITM b1=209: s=3 t=3 j=3 je=3 Q=9129329 table=36594368 yh=31523
stage b2=333 vs b1={210}: values [5583243494552763872208758517, 7355827511386641000000000000), 1299994239778 candidates (MITM path)
  MITM b1=210: s=3 t=3 j=3 je=3 Q=9261000 table=36926037 yh=35206
stage b2=334 vs b1={211}: values [5770469301172549409712093184, 7787345861668898615544483121), 1452782226161 candidates (MITM path)
  MITM b1=211: s=3 t=3 j=3 je=3 Q=9393931 table=37259704 yh=38991
stage b2=335 vs b1={212}: values [5963385395750391459130859375, 8241956748638414149261459456), 1612106728953 candidates (MITM path)
  MITM b1=212: s=3 t=3 j=3 je=3 Q=9528128 table=37595375 yh=42881
stage b2=336 vs b1={213}: values [6162146956711778149189287936, 8720778205368893309992171281), 1778164908350 candidates (MITM path)
  MITM b1=213: s=3 t=3 j=3 je=3 Q=9663597 table=37933056 yh=46877
stage b2=337 vs b1={214}: values [6366912912781415703444512113, 9224976748383532391296208896), 1951158361632 candidates (MITM path)
  MITM b1=214: s=3 t=3 j=3 je=3 Q=9800344 table=38272753 yh=50981
stage b2=338 vs b1={215}: values [6577846022051543255362291712, 9755769237612933691650390625), 2131293193501 candidates (MITM path)
  MITM b1=215: s=3 t=3 j=3 je=3 Q=9938375 table=38614472 yh=55195
stage b2=339 vs b1={216}: values [6795112952474838324166805739, 10314424798490535546171949056), 2318780087046 candidates (MITM path)
  MITM b1=216: s=3 t=3 j=3 je=3 Q=10077696 table=38958219 yh=59520
stage b2=340 vs b1={217}: values [7018884363803238400000000000, 10902266807956484097280908961), 2513834375363 candidates (MITM path)
  MITM b1=217: s=3 t=3 j=3 je=3 Q=10218313 table=39304000 yh=63959
stage b2=341 vs b1={218}: values [7249334990994258712381121741, 11520674946182735813538942976), 2716676113822 candidates (MITM path)
  MITM b1=218: s=3 t=3 j=3 je=3 Q=10360232 table=39651821 yh=68514
stage b2=342 vs b1={219}: values [7486643729106643154813687808, 12171087315874829579909431761), 2927530152972 candidates (MITM path)
  MITM b1=219: s=3 t=3 j=3 je=3 Q=10503459 table=40001688 yh=73186
stage b2=343 vs b1={220}: values [7730993719707444524137094407, 12855002631049216000000000000), 3146626212111 candidates (MITM path)
  MITM b1=220: s=3 t=3 j=3 je=3 Q=10648000 table=40353607 yh=77977
stage b2=344 vs b1={221}: values [7982572438812891719395180544, 13573982477229290545823357041), 3374198953486 candidates (MITM path)
  MITM b1=221: s=3 t=3 j=3 je=3 Q=10793861 table=40707584 yh=82889
stage b2=345 vs b1={222}: values [8241571786385665345166015625, 14329653645048357641297596416), 3610488057159 candidates (MITM path)
  MITM b1=222: s=3 t=3 j=3 je=3 Q=10941048 table=41063625 yh=87925
stage b2=346 vs b1={223}: values [8508188177411469292077623296, 15123710539293666054338805121), 3855738296517 candidates (MITM path)
  MITM b1=223: s=3 t=3 j=3 je=3 Q=11089567 table=41421736 yh=93085
stage b2=347 vs b1={224}: values [8782622634578054336274824003, 15957917665472413585874354176), 4110199614437 candidates (MITM path)
  MITM b1=224: s=3 t=3 j=3 je=3 Q=11239424 table=41781923 yh=98373
stage b2=348 vs b1={225}: values [9065080882580120623594340352, 16834112196028232574462890625), 4374127200101 candidates (MITM path)
  MITM b1=225: s=3 t=3 j=3 je=3 Q=11390625 table=42144192 yh=103790
stage b2=349 vs b1={226}: values [9355773444073799096880141349, 17754206618385148880104984576), 4647781566469 candidates (MITM path)
  MITM b1=226: s=3 t=3 j=3 je=3 Q=11543176 table=42508549 yh=109338
stage b2=350 vs b1={227}: values [9654915737304687500000000000, 18720191467045367574023614321), 4931428628407 candidates (MITM path)
  MITM b1=227: s=3 t=3 j=3 je=3 Q=11697083 table=42875000 yh=115019
stage b2=351 vs b1={228}: values [9962728175433694563518616351, 19734138142017490453021065216), 5225339781467 candidates (MITM path)
  MITM b1=228: s=3 t=3 j=3 je=3 Q=11852352 table=43243551 yh=120836
stage b2=352 vs b1={229}: values [10279436267585226358493544448, 20798201815902925734870098641), 5529791981330 candidates (MITM path)
  MITM b1=229: s=3 t=3 j=3 je=3 Q=12008989 table=43614208 yh=126789
stage b2=353 vs b1={230}: values [10605270721642531610378603297, 21914624432020321000000000000), 5845067823901 candidates (MITM path)
  MITM b1=230: s=3 t=3 j=3 je=3 Q=12167000 table=43986977 yh=132882
stage b2=354 vs b1={231}: values [10940467548815308008476411904, 23085737796000848857434784161), 6171455626066 candidates (MITM path)
  MITM b1=231: s=3 t=3 j=3 je=3 Q=12326391 table=44361864 yh=139117
stage b2=355 vs b1={232}: values [11285268170004959241748046875, 24313966763341113270967730176), 6509249507111 candidates (MITM path)
  MITM b1=232: s=3 t=3 j=3 je=3 Q=12487168 table=44738875 yh=145495
stage b2=356 vs b1={233}: values [11639919523993182653074374656, 25601832525455335435322705761), 6858749470793 candidates (MITM path)
  MITM b1=233: s=3 t=3 j=3 je=3 Q=12649337 table=45118016 yh=152018
stage b2=357 vs b1={234}: values [12004674177479860045321072893, 26951955996824334101419462656), 7220261488081 candidates (MITM path)
  MITM b1=234: s=3 t=3 j=3 je=3 Q=12812904 table=45499293 yh=158690
stage b2=358 vs b1={235}: values [12379790436996519307878356992, 28367061305895648984619140625), 7594097580555 candidates (MITM path)
  MITM b1=235: s=3 t=3 j=3 je=3 Q=12977875 table=45882712 yh=165512
stage b2=359 vs b1={236}: values [12765532462721932175857515959, 29849979392446980130179383296), 7980575904466 candidates (MITM path)
  MITM b1=236: s=3 t=3 j=3 je=3 Q=13144256 table=46268279 yh=172485
stage b2=360 vs b1={237}: values [13162170384226713600000000000, 31403651714183943747186386481), 8380020835468 candidates (MITM path)
  MITM b1=237: s=3 t=3 j=3 je=3 Q=13312053 table=46656000 yh=179613
stage b2=361 vs b1={238}: values [13569980418174090907801371961, 33031134065402989058412384256), 8792763053999 candidates (MITM path)
  MITM b1=238: s=3 t=3 j=3 je=3 Q=13481272 table=47045881 yh=186898
stage b2=362 vs b1={239}: values [13989244988004316189622233088, 34735600510611194263176918721), 9219139631345 candidates (MITM path)
  MITM b1=239: s=3 t=3 j=3 je=3 Q=13651919 table=47437928 yh=194342
stage b2=363 vs b1={240}: values [14420252845630503161941475187, 36520347436056576000000000000), 9659494116357 candidates (MITM path)
  MITM b1=240: s=3 t=3 j=3 je=3 Q=13824000 table=47832147 yh=201946
stage b2=364 vs b1={241}: values [14863299195173980157734027264, 38388797722185519065061084481), 10114176622838 candidates (MITM path)
  MITM b1=241: s=3 t=3 j=3 je=3 Q=13997521 table=48228544 yh=209714
stage b2=365 vs b1={242}: values [15318685818767563885595703125, 40344505040107975043939700736), 10583543917601 candidates (MITM path)
  MITM b1=242: s=3 t=3 j=3 je=3 Q=14172488 table=48627125 yh=217647
stage b2=366 vs b1={243}: values [15786721204455474199101782016, 42391158275216203514294433201), 11067959509193 candidates (MITM path)
  MITM b1=243: s=3 t=3 j=3 je=3 Q=14348907 table=49027896 yh=225749
stage b2=367 vs b1={244}: values [16267720676218928340423448783, 44532586081169051256761614336), 11567793737281 candidates (MITM path)
  MITM b1=244: s=3 t=3 j=3 je=3 Q=14526784 table=49430863 yh=234020
stage b2=368 vs b1={245}: values [16762006526156773981926981632, 46772761567521097265869140625), 12083423862722 candidates (MITM path)
  MITM b1=245: s=3 t=3 j=3 je=3 Q=14706125 table=49836032 yh=242464

*** MATCH: 35201145174604689638939422914 is an 12-digit palindrome in bases 245 and 368
stage b2=369 vs b1={246}: values [17269908148850843900874319569, 49115807124344448192809865216), 12615234158288 candidates (MITM path)
  MITM b1=246: s=3 t=3 j=3 je=3 Q=14886936 table=50243409 yh=251083
stage b2=370 vs b1={247}: values [17791762177946041300000000000, 51565999387260564203827465441), 13163616000070 candidates (MITM path)
  MITM b1=247: s=3 t=3 j=3 je=3 Q=15069223 table=50653000 yh=259879
stage b2=371 vs b1={248}: values [18327912624975493645267978571, 54127774346370243244217860096), 13728967959558 candidates (MITM path)
  MITM b1=248: s=3 t=3 j=3 je=3 Q=15252992 table=51064811 yh=268854
stage b2=372 vs b1={249}: values [18878711020461444446161993728, 56805732602641806617660372001), 14311695896376 candidates (MITM path)
  MITM b1=249: s=3 t=3 j=3 je=3 Q=15438249 table=51478848 yh=278012
stage b2=373 vs b1={250}: values [19444516557322886668124300077, 59604644775390625000000000000), 14912213051711 candidates (MITM path)
  MITM b1=250: s=3 t=3 j=3 je=3 Q=15625000 table=51895117 yh=287353
stage b2=374 vs b1={251}: values [20025696236621278455959066624, 62529457064557415999535378001), 15530940142400 candidates (MITM path)
  MITM b1=251: s=3 t=3 j=3 je=3 Q=15813251 table=52313624 yh=296882
stage b2=375 vs b1={252}: values [20622625015676021575927734375, 65585296971568246764230148096), 16168305455701 candidates (MITM path)
  MITM b1=252: s=3 t=3 j=3 je=3 Q=16003008 table=52734375 yh=306599
stage b2=376 vs b1={253}: values [21235685958581725467693285376, 68777479182635902650515347441), 16824744944727 candidates (MITM path)
  MITM b1=253: s=3 t=3 j=3 je=3 Q=16194277 table=53157376 yh=316509
stage b2=377 vs b1={254}: values [21865270389159625050067741673, 72111511618440250457975689216), 17500702324570 candidates (MITM path)
  MITM b1=254: s=3 t=3 j=3 je=3 Q=16387064 table=53582633 yh=326612
stage b2=378 vs b1={255}: values [22511778046375868461571254272, 75593101654204447168212890625), 18196629169088 candidates (MITM path)
  MITM b1=255: s=3 t=3 j=3 je=3 Q=16581375 table=54010152 yh=336912
stage b2=379 vs b1={256}: values [23175617242259741753050742179, 79228162514264337593543950336), 18912985008379 candidates (MITM path)
  MITM b1=256: s=3 t=3 j=3 je=3 Q=16777216 table=54439939 yh=347411
stage b2=380 vs b1={257}: values [23857205022355251200000000000, 83022819845310162051379891201), 19650237426921 candidates (MITM path)
  MITM b1=257: s=3 t=3 j=3 je=3 Q=16974593 table=54872000 yh=358111
stage b2=381 vs b1={258}: values [24556967328739840381780226181, 86983418472562773463547252736), 20408862162400 candidates (MITM path)
  MITM b1=258: s=3 t=3 j=3 je=3 Q=17173512 table=55306341 yh=369015
stage b2=382 vs b1={259}: values [25275339165644378498708666368, 91116529343230957588293738481), 21189343205210 candidates (MITM path)
  MITM b1=259: s=3 t=3 j=3 je=3 Q=17373979 table=55742968 yh=380126
stage b2=383 vs b1={260}: values [26012764767708918581052067967, 95428956661682176000000000000), 21992172898634 candidates (MITM path)
  MITM b1=260: s=3 t=3 j=3 je=3 Q=17576000 table=56181887 yh=391446
stage b2=384 vs b1={261}: values [26769697770909089301459369984, 99927745220846124633825584721), 22817852039702 candidates (MITM path)
  MITM b1=261: s=3 t=3 j=3 je=3 Q=17779581 table=56623104 yh=402978
stage b2=385 vs b1={262}: values [27546601386188352049462890625, 104620187934458937028636512256), 23666889980736 candidates (MITM path)
  MITM b1=262: s=3 t=3 j=3 je=3 Q=17984728 table=57066625 yh=414724
stage b2=386 vs b1={263}: values [28343948575831725778577524736, 109513833574845676773925608481), 24539804731562 candidates (MITM path)
  MITM b1=263: s=3 t=3 j=3 je=3 Q=18191447 table=57512456 yh=426687
stage b2=387 vs b1={264}: values [29162222232616955908481341563, 114616494721029974161197367296), 25437123062420 candidates (MITM path)
  MITM b1=264: s=3 t=3 j=3 je=3 Q=18399744 table=57960603 yh=438870
stage b2=388 vs b1={265}: values [30001915361779480272056614912, 119936255922052283847900390625), 26359380607539 candidates (MITM path)
  MITM b1=265: s=3 t=3 j=3 je=3 Q=18609625 table=58411072 yh=451274
stage b2=389 vs b1={266}: values [30863531265827924755035773789, 125481482080472289777685958656), 27307121969405 candidates (MITM path)
  MITM b1=266: s=3 t=3 j=3 je=3 Q=18821096 table=58863869 yh=463903
stage b2=390 vs b1={267}: values [31747583732247243900000000000, 131260827061126477105043503761), 28280900823708 candidates (MITM path)
  MITM b1=267: s=3 t=3 j=3 je=3 Q=19034163 table=59319000 yh=476760
stage b2=391 vs b1={268}: values [32654597224127007351927104791, 137283242530308845011443122176), 29281280024969 candidates (MITM path)
  MITM b1=268: s=3 t=3 j=3 je=3 Q=19248832 table=59776471 yh=489847
stage b2=392 vs b1={269}: values [33585107073752721624827691008, 143557987030641165766449098161), 30308831712859 candidates (MITM path)
  MITM b1=269: s=3 t=3 j=3 je=3 Q=19465109 table=60236288 yh=503166
stage b2=393 vs b1={270}: values [34539659679198468283732168857, 150094635296999121000000000000), 31364137419188 candidates (MITM path)
  MITM b1=270: s=3 t=3 j=3 je=3 Q=19683000 table=60698457 yh=516721
done: 284.01s, 40906430 candidates tested
