A171740 search: n=12, threads=1, limit=none
stage b2=336 vs b1={207}: values [6162146956711778149189287936, 6189337220490697154402830401), 18896342694 candidates (MITM path)
  MITM b1=207: s=4 t=2 j=2 je=3 Q=42849 table=112896 yh=167379
stage b2=337 vs b1={208}: values [6366912912781415703444512113, 6557827967253220516257857536), 130334914236 candidates (MITM path)
  MITM b1=208: s=4 t=2 j=2 je=3 Q=43264 table=113569 yh=1147628
stage b2=338 vs b1={209}: values [6577846022051543255362291712, 6946330348617183160431238081), 247126215409 candidates (MITM path)
  MITM b1=209: s=4 t=2 j=2 je=3 Q=43681 table=114244 yh=2163144
stage b2=339 vs b1={210}: values [6795112952474838324166805739, 7355827511386641000000000000), 369439768515 candidates (MITM path)
  MITM b1=210: s=4 t=2 j=2 je=3 Q=44100 table=114921 yh=3214729
stage b2=340 vs b1={211}: values [7018884363803238400000000000, 7787345861668898615544483121), 497449055626 candidates (MITM path)
  MITM b1=211: s=4 t=2 j=2 je=3 Q=44521 table=115600 yh=4303193
stage b2=341 vs b1={212}: values [7249334990994258712381121741, 8241956748638414149261459456), 631331583846 candidates (MITM path)
  MITM b1=212: s=4 t=2 j=2 je=3 Q=44944 table=116281 yh=5429362
stage b2=342 vs b1={213}: values [7486643729106643154813687808, 8720778205368893309992171281), 771268951191 candidates (MITM path)
  MITM b1=213: s=4 t=2 j=2 je=3 Q=45369 table=116964 yh=6594072
stage b2=343 vs b1={214}: values [7730993719707444524137094407, 9224976748383532391296208896), 917446913115 candidates (MITM path)
  MITM b1=214: s=4 t=2 j=2 je=3 Q=45796 table=117649 yh=7798171
stage b2=344 vs b1={215}: values [7982572438812891719395180544, 9755769237612933691650390625), 1070055449650 candidates (MITM path)
  MITM b1=215: s=4 t=2 j=2 je=3 Q=46225 table=118336 yh=9042519
stage b2=345 vs b1={216}: values [8241571786385665345166015625, 10314424798490535546171949056), 1229288833198 candidates (MITM path)
  MITM b1=216: s=3 t=3 j=3 je=3 Q=10077696 table=41063625 yh=29937
stage b2=346 vs b1={217}: values [8508188177411469292077623296, 10902266807956484097280908961), 1395345696941 candidates (MITM path)
  MITM b1=217: s=3 t=3 j=3 je=3 Q=10218313 table=41421736 yh=33687
stage b2=347 vs b1={218}: values [8782622634578054336274824003, 11520674946182735813538942976), 1568429103892 candidates (MITM path)
  MITM b1=218: s=3 t=3 j=3 je=3 Q=10360232 table=41781923 yh=37539
stage b2=348 vs b1={219}: values [9065080882580120623594340352, 12171087315874829579909431761), 1748746616589 candidates (MITM path)
  MITM b1=219: s=3 t=3 j=3 je=3 Q=10503459 table=42144192 yh=41495
stage b2=349 vs b1={220}: values [9355773444073799096880141349, 12855002631049216000000000000), 1936510367413 candidates (MITM path)
  MITM b1=220: s=3 t=3 j=3 je=3 Q=10648000 table=42508549 yh=45556
stage b2=350 vs b1={221}: values [9654915737304687500000000000, 13573982477229290545823357041), 2131937129557 candidates (MITM path)
  MITM b1=221: s=3 t=3 j=3 je=3 Q=10793861 table=42875000 yh=49725
stage b2=351 vs b1={222}: values [9962728175433694563518616351, 14329653645048357641297596416), 2335248388627 candidates (MITM path)
  MITM b1=222: s=3 t=3 j=3 je=3 Q=10941048 table=43243551 yh=54003
stage b2=352 vs b1={223}: values [10279436267585226358493544448, 15123710539293666054338805121), 2546670414889 candidates (MITM path)
  MITM b1=223: s=3 t=3 j=3 je=3 Q=11089567 table=43614208 yh=58391
stage b2=353 vs b1={224}: values [10605270721642531610378603297, 15957917665472413585874354176), 2766434336153 candidates (MITM path)
  MITM b1=224: s=3 t=3 j=3 je=3 Q=11239424 table=43986977 yh=62893
stage b2=354 vs b1={225}: values [10940467548815308008476411904, 16834112196028232574462890625), 2994776211300 candidates (MITM path)
  MITM b1=225: s=3 t=3 j=3 je=3 Q=11390625 table=44361864 yh=67508
stage b2=355 vs b1={226}: values [11285268170004959241748046875, 17754206618385148880104984576), 3231937104462 candidates (MITM path)
  MITM b1=226: s=3 t=3 j=3 je=3 Q=11543176 table=44738875 yh=72241

*** MATCH: 17027761995610578859690873076 is an 12-digit palindrome in bases 226 and 355
stage b2=356 vs b1={227}: values [11639919523993182653074374656, 18720191467045367574023614321), 3478163159833 candidates (MITM path)
  MITM b1=227: s=3 t=3 j=3 je=3 Q=11697083 table=45118016 yh=77091
stage b2=357 vs b1={228}: values [12004674177479860045321072893, 19734138142017490453021065216), 3733705677138 candidates (MITM path)
  MITM b1=228: s=3 t=3 j=3 je=3 Q=11852352 table=45499293 yh=82061
stage b2=358 vs b1={229}: values [12379790436996519307878356992, 20798201815902925734870098641), 3998821187739 candidates (MITM path)
  MITM b1=229: s=3 t=3 j=3 je=3 Q=12008989 table=45882712 yh=87154
stage b2=359 vs b1={230}: values [12765532462721932175857515959, 21914624432020321000000000000), 4273771531398 candidates (MITM path)
  MITM b1=230: s=3 t=3 j=3 je=3 Q=12167000 table=46268279 yh=92370
stage b2=360 vs b1={231}: values [13162170384226713600000000000, 23085737796000848857434784161), 4558823933683 candidates (MITM path)
  MITM b1=231: s=3 t=3 j=3 je=3 Q=12326391 table=46656000 yh=97712
stage b2=361 vs b1={232}: values [13569980418174090907801371961, 24313966763341113270967730176), 4854251084026 candidates (MITM path)
  MITM b1=232: s=3 t=3 j=3 je=3 Q=12487168 table=47045881 yh=103182
stage b2=362 vs b1={233}: values [13989244988004316189622233088, 25601832525455335435322705761), 5160331214431 candidates (MITM path)
  MITM b1=233: s=3 t=3 j=3 je=3 Q=12649337 table=47437928 yh=108781
stage b2=363 vs b1={234}: values [14420252845630503161941475187, 26951955996824334101419462656), 5477348178832 candidates (MITM path)
  MITM b1=234: s=3 t=3 j=3 je=3 Q=12812904 table=47832147 yh=114512
stage b2=364 vs b1={235}: values [14863299195173980157734027264, 28367061305895648984619140625), 5805591533111 candidates (MITM path)
  MITM b1=235: s=3 t=3 j=3 je=3 Q=12977875 table=48228544 yh=120377
stage b2=365 vs b1={236}: values [15318685818767563885595703125, 29849979392446980130179383296), 6145356615757 candidates (MITM path)
  MITM b1=236: s=3 t=3 j=3 je=3 Q=13144256 table=48627125 yh=126378
stage b2=366 vs b1={237}: values [15786721204455474199101782016, 31403651714183943747186386481), 6496944629192 candidates (MITM path)
  MITM b1=237: s=3 t=3 j=3 je=3 Q=13312053 table=49027896 yh=132516
stage b2=367 vs b1={238}: values [16267720676218928340423448783, 33031134065402989058412384256), 6860662721744 candidates (MITM path)
  MITM b1=238: s=3 t=3 j=3 je=3 Q=13481272 table=49430863 yh=138794
stage b2=368 vs b1={239}: values [16762006526156773981926981632, 34735600510611194263176918721), 7236824070281 candidates (MITM path)
  MITM b1=239: s=3 t=3 j=3 je=3 Q=13651919 table=49836032 yh=145213
done: 119.57s, 40784896 candidates tested
