A171740 search: n=12, threads=1, limit=none
stage b2=229 vs b1={146}: values [90821841990842470457948029, 93806788798424099682390016), 20697776942 candidates (MITM path)
  MITM b1=146: s=4 t=2 j=2 je=3 Q=21316 table=52441 yh=394687
stage b2=230 vs b1={147}: values [95280975791392700000000000, 101814121186119595835681841), 44132172536 candidates (MITM path)
  MITM b1=147: s=4 t=2 j=2 je=3 Q=21609 table=52900 yh=834257
stage b2=231 vs b1={148}: values [99938258857146531850367031, 110443607719611533356957696), 69141468565 candidates (MITM path)
  MITM b1=148: s=4 t=2 j=2 je=3 Q=21904 table=53361 yh=1295731
stage b2=232 vs b1={149}: values [104801580876470315823136768, 119738888098469732352733201), 95795344608 candidates (MITM path)
  MITM b1=149: s=4 t=2 j=2 je=3 Q=22201 table=53824 yh=1779789
stage b2=233 vs b1={150}: values [109879109551310452512114617, 129746337890625000000000000), 124165733121 candidates (MITM path)
  MITM b1=150: s=4 t=2 j=2 je=3 Q=22500 table=54289 yh=2287126
stage b2=234 vs b1={151}: values [115179299131727923510339584, 140515219945627518837736801), 154326870165 candidates (MITM path)
  MITM b1=151: s=4 t=2 j=2 je=3 Q=22801 table=54756 yh=2818447
stage b2=235 vs b1={152}: values [120710899174024038232421875, 152097843090208773684330496), 186355346779 candidates (MITM path)
  MITM b1=152: s=3 t=3 j=3 je=3 Q=3511808 table=12977875 yh=14360
stage b2=236 vs b1={153}: values [126482963527317712416014336, 164549728404324620728411041), 220330161015 candidates (MITM path)
  MITM b1=153: s=3 t=3 j=3 je=3 Q=3581577 table=13144256 yh=16763
stage b2=237 vs b1={154}: values [132504859553518749988128213, 177929783385962838621884416), 256332770623 candidates (MITM path)
  MITM b1=154: s=3 t=3 j=3 je=3 Q=3652264 table=13312053 yh=19256
stage b2=238 vs b1={155}: values [138786277585726844783245312, 192300484323376406494140625), 294447146393 candidates (MITM path)
  MITM b1=155: s=3 t=3 j=3 je=3 Q=3723875 table=13481272 yh=21842
stage b2=239 vs b1={156}: values [145337240630172360933794639, 207728067204059288762843136), 334759826157 candidates (MITM path)
  MITM b1=156: s=3 t=3 j=3 je=3 Q=3796416 table=13651919 yh=24522
stage b2=240 vs b1={157}: values [152168114316902400000000000, 224282727500720205065439601), 377359969443 candidates (MITM path)
  MITM b1=157: s=3 t=3 j=3 je=3 Q=3869893 table=13824000 yh=27298
stage b2=241 vs b1={158}: values [159289617104504228485730641, 242038829185737332250382336), 422339412802 candidates (MITM path)
  MITM b1=158: s=3 t=3 j=3 je=3 Q=3944312 table=13997521 yh=30173
stage b2=242 vs b1={159}: values [166712830744247830760081408, 261075123337098804348567681), 469792725780 candidates (MITM path)
  MITM b1=159: s=3 t=3 j=3 je=3 Q=4019679 table=14172488 yh=33149
stage b2=243 vs b1={160}: values [174449211009120179071170507, 281474976710656000000000000), 519817267567 candidates (MITM path)
  MITM b1=160: s=3 t=3 j=3 je=3 Q=4096000 table=14348907 yh=36227
stage b2=244 vs b1={161}: values [182510598693315783839186944, 303326610665644763629211521), 572513244300 candidates (MITM path)
  MITM b1=161: s=3 t=3 j=3 je=3 Q=4173281 table=14526784 yh=39411
stage b2=245 vs b1={162}: values [190909230887841213330078125, 326723350842869800400326656), 627983767037 candidates (MITM path)
  MITM b1=162: s=3 t=3 j=3 je=3 Q=4251528 table=14706125 yh=42703
stage b2=246 vs b1={163}: values [199657752537985561759389696, 351763888007705494736404081), 686334910394 candidates (MITM path)
  MITM b1=163: s=3 t=3 j=3 je=3 Q=4330747 table=14886936 yh=46104
stage b2=247 vs b1={164}: values [208769228288504308517520103, 378552550483148382977130496), 747675771847 candidates (MITM path)
  MITM b1=164: s=3 t=3 j=3 je=3 Q=4410944 table=15069223 yh=49617
stage b2=248 vs b1={165}: values [218257154622460658242813952, 407199588611568593994140625), 812118531708 candidates (MITM path)
  MITM b1=165: s=3 t=3 j=3 je=3 Q=4492125 table=15252992 yh=53244
stage b2=249 vs b1={166}: values [228135472299766291637190249, 437821471697555965584019456), 879778513764 candidates (MITM path)
  MITM b1=166: s=3 t=3 j=3 je=3 Q=4574296 table=15438249 yh=56987
stage b2=250 vs b1={167}: values [238418579101562500000000000, 470541197898347534873984161), 950774246592 candidates (MITM path)
  MITM b1=167: s=3 t=3 j=3 je=3 Q=4657463 table=15625000 yh=60850
stage b2=251 vs b1={168}: values [249121342886682932269065251, 505488617542763051300683776), 1025227525538 candidates (MITM path)
  MITM b1=168: s=3 t=3 j=3 je=3 Q=4741632 table=15813251 yh=64834
stage b2=252 vs b1={169}: values [260259114966540661762818048, 542800770374370512771595361), 1103263475377 candidates (MITM path)
  MITM b1=169: s=3 t=3 j=3 je=3 Q=4826809 table=16003008 yh=68942
stage b2=253 vs b1={170}: values [271847743804884990713499397, 582622237229761000000000000), 1185010613636 candidates (MITM path)
  MITM b1=170: s=3 t=3 j=3 je=3 Q=4913000 table=16194277 yh=73175
stage b2=254 vs b1={171}: values [283903589048977364007778304, 625105506678337880602119441), 1270600914603 candidates (MITM path)
  MITM b1=171: s=3 t=3 j=3 je=3 Q=5000211 table=16387064 yh=77537
stage b2=255 vs b1={172}: values [296443535898840969287109375, 670411357165926452996079616), 1360169873997 candidates (MITM path)
  MITM b1=172: s=3 t=3 j=3 je=3 Q=5088448 table=16581375 yh=82030
stage b2=256 vs b1={173}: values [309485009821345068724781056, 718709255220793060317103921), 1453856574328 candidates (MITM path)
  MITM b1=173: s=3 t=3 j=3 je=3 Q=5177717 table=16777216 yh=86657
stage b2=257 vs b1={174}: values [323045991615992848448948993, 770177770297334467043659776), 1551803750922 candidates (MITM path)
  MITM b1=174: s=3 t=3 j=3 je=3 Q=5268024 table=16974593 yh=91420
stage b2=258 vs b1={175}: values [337145032839390594819950592, 825005006849765777587890625), 1654157858631 candidates (MITM path)
  MITM b1=175: s=3 t=3 j=3 je=3 Q=5359375 table=17173512 yh=96321
stage b2=259 vs b1={176}: values [351801271595486322734724859, 883389054245605390183038976), 1761069139220 candidates (MITM path)
  MITM b1=176: s=3 t=3 j=3 je=3 Q=5451776 table=17373979 yh=101363
stage b2=260 vs b1={177}: values [367034448698777600000000000, 945538455146635506591955521), 1872691689427 candidates (MITM path)
  MITM b1=177: s=3 t=3 j=3 je=3 Q=5545233 table=17576000 yh=106549
stage b2=261 vs b1={178}: values [382864924217801243807760861, 1011672693003313726683222016), 1989183529714 candidates (MITM path)
  MITM b1=178: s=3 t=3 j=3 je=3 Q=5639752 table=17779581 yh=111881
stage b2=262 vs b1={179}: values [399313694406331820719986688, 1082022699327332498100696241), 2110706673692 candidates (MITM path)
  MITM b1=179: s=3 t=3 j=3 je=3 Q=5735339 table=17984728 yh=117362
stage b2=263 vs b1={180}: values [416402409029831470623291287, 1156831381426176000000000000), 2237427198224 candidates (MITM path)
  MITM b1=180: s=3 t=3 j=3 je=3 Q=5832000 table=18191447 yh=122994
stage b2=264 vs b1={181}: values [434153389094810508186353664, 1236354171303115835117980561), 2369515314222 candidates (MITM path)
  MITM b1=181: s=3 t=3 j=3 je=3 Q=5929741 table=18399744 yh=128780
stage b2=265 vs b1={182}: values [452589644988876542822265625, 1320859596446125189798629376), 2507145438114 candidates (MITM path)
  MITM b1=182: s=3 t=3 j=3 je=3 Q=6028568 table=18609625 yh=134724
stage b2=266 vs b1={183}: values [471734895039369510442428416, 1410629873249683485564270561), 2650496264002 candidates (MITM path)
  MITM b1=183: s=3 t=3 j=3 je=3 Q=6128487 table=18821096 yh=140826

*** MATCH: 1021094419549415382246513384 is an 12-digit palindrome in bases 183 and 266
stage b2=267 vs b1={184}: values [491613584498601037846604883, 1505961523834397662438752256), 2799750836509 candidates (MITM path)
  MITM b1=184: s=3 t=3 j=3 je=3 Q=6229504 table=19034163 yh=147091
stage b2=268 vs b1={185}: values [512250904963838973923295232, 1607166017050789863525390625), 2955096624296 candidates (MITM path)
  MITM b1=185: s=3 t=3 j=3 je=3 Q=6331625 table=19248832 yh=153521
stage b2=269 vs b1={186}: values [533672814240301731473788469, 1714570434475502278801821696), 3116725594282 candidates (MITM path)
  MITM b1=186: s=3 t=3 j=3 je=3 Q=6434856 table=19465109 yh=160119
stage b2=270 vs b1={187}: values [555906056655552300000000000, 1828518162230556187140793681), 3284834286540 candidates (MITM path)
  MITM b1=187: s=3 t=3 j=3 je=3 Q=6539203 table=19683000 yh=166887
stage b2=271 vs b1={188}: values [578978183833808423828407471, 1949369609479181830042157056), 3459623889881 candidates (MITM path)
  MITM b1=188: s=3 t=3 j=3 je=3 Q=6644672 table=19902511 yh=173829
stage b2=272 vs b1={189}: values [602917575938813502137827328, 2077502954475116767205550321), 3641300318133 candidates (MITM path)
  MITM b1=189: s=3 t=3 j=3 je=3 Q=6751269 table=20123648 yh=180947
stage b2=273 vs b1={190}: values [627753463394042268515136177, 2213314919066161000000000000), 3830074287097 candidates (MITM path)
  MITM b1=190: s=3 t=3 j=3 je=3 Q=6859000 table=20346417 yh=188244
stage b2=274 vs b1={191}: values [653515949089146258317953024, 2357221572577185690065114881), 4026161392204 candidates (MITM path)
  MITM b1=191: s=3 t=3 j=3 je=3 Q=6967871 table=20570824 yh=195722
stage b2=275 vs b1={192}: values [680236031081676483154296875, 2509659166022727122011815936), 4229782186851 candidates (MITM path)
  MITM b1=192: s=3 t=3 j=3 je=3 Q=7077888 table=20796875 yh=203386
stage b2=276 vs b1={193}: values [707945625803254614013771776, 2671084997624767126594464001), 4441162261434 candidates (MITM path)
  MITM b1=193: s=3 t=3 j=3 je=3 Q=7189057 table=21024576 yh=211237
stage b2=277 vs b1={194}: values [736677591779499338860277773, 2841978310637314049208487936), 4660532323073 candidates (MITM path)
  MITM b1=194: s=3 t=3 j=3 je=3 Q=7301384 table=21253933 yh=219279
stage b2=278 vs b1={195}: values [766465753873151417719887872, 3022841224505963164306640625), 4888128276017 candidates (MITM path)
  MITM b1=195: s=3 t=3 j=3 je=3 Q=7414875 table=21484952 yh=227515
stage b2=279 vs b1={196}: values [797344928059979319406571079, 3214199700417740936751087616), 5124191302757 candidates (MITM path)
  MITM b1=196: s=3 t=3 j=3 je=3 Q=7529536 table=21717639 yh=235947
stage b2=280 vs b1={197}: values [829350946747187200000000000, 3416604542324232545384738641), 5368967945820 candidates (MITM path)
  MITM b1=197: s=3 t=3 j=3 je=3 Q=7645373 table=21952000 yh=244578
stage b2=281 vs b1={198}: values [862520684644188385040795081, 3630632434549265533578448896), 5622710190257 candidates (MITM path)
  MITM b1=198: s=3 t=3 j=3 je=3 Q=7762392 table=22188041 yh=253412
stage b2=282 vs b1={199}: values [896892085195750456196179968, 3856887017121283350242637601), 5885675546830 candidates (MITM path)
  MITM b1=199: s=3 t=3 j=3 je=3 Q=7880599 table=22425768 yh=262452
stage b2=283 vs b1={200}: values [932504187587662529970024067, 4096000000000000000000000000), 6158127135890 candidates (MITM path)
  MITM b1=200: s=3 t=3 j=3 je=3 Q=8000000 table=22665187 yh=271700
stage b2=284 vs b1={201}: values [969397154335221362022416384, 4348632317396990233762642401), 6440333771943 candidates (MITM path)
  MITM b1=201: s=3 t=3 j=3 je=3 Q=8120601 table=22906304 yh=281160
stage b2=285 vs b1={202}: values [1007612299464980527001953125, 4615475323420547975828279296), 6732570048926 candidates (MITM path)
  MITM b1=202: s=3 t=3 j=3 je=3 Q=8242408 table=23149125 yh=290835
done: 68.89s, 12206444 candidates tested
