A171740 search: n=12, threads=1, limit=none
stage b2=278 vs b1={174}: values [766465753873151417719887872, 770177770297334467043659776), 8041574942 candidates (MITM path)
  MITM b1=174: s=4 t=2 j=2 je=3 Q=30276 table=77284 yh=104053
stage b2=279 vs b1={175}: values [797344928059979319406571079, 825005006849765777587890625), 58644622255 candidates (MITM path)
  MITM b1=175: s=4 t=2 j=2 je=3 Q=30625 table=77841 yh=753390
stage b2=280 vs b1={176}: values [829350946747187200000000000, 883389054245605390183038976), 112137777104 candidates (MITM path)
  MITM b1=176: s=4 t=2 j=2 je=3 Q=30976 table=78400 yh=1430329
stage b2=281 vs b1={177}: values [862520684644188385040795081, 945538455146635506591955521), 168629342437 candidates (MITM path)
  MITM b1=177: s=4 t=2 j=2 je=3 Q=31329 table=78961 yh=2135603
stage b2=282 vs b1={178}: values [896892085195750456196179968, 1011672693003313726683222016), 228230599093 candidates (MITM path)
  MITM b1=178: s=4 t=2 j=2 je=3 Q=31684 table=79524 yh=2869959
stage b2=283 vs b1={179}: values [932504187587662529970024067, 1082022699327332498100696241), 291055863216 candidates (MITM path)
  MITM b1=179: s=4 t=2 j=2 je=3 Q=32041 table=80089 yh=3634156
stage b2=284 vs b1={180}: values [969397154335221362022416384, 1156831381426176000000000000), 357222544305 candidates (MITM path)
  MITM b1=180: s=4 t=2 j=2 je=3 Q=32400 table=80656 yh=4428965
stage b2=285 vs b1={181}: values [1007612299464980527001953125, 1236354171303115835117980561), 426851203898 candidates (MITM path)
  MITM b1=181: s=4 t=2 j=2 je=3 Q=32761 table=81225 yh=5255171
stage b2=286 vs b1={182}: values [1047192117300356121695451136, 1320859596446125189798629376), 500065614912 candidates (MITM path)
  MITM b1=182: s=3 t=3 j=3 je=3 Q=6028568 table=23393656 yh=21377
stage b2=287 vs b1={183}: values [1088180311861833230021357663, 1410629873249683485564270561), 576992821618 candidates (MITM path)
  MITM b1=183: s=3 t=3 j=3 je=3 Q=6128487 table=23639903 yh=24408
stage b2=288 vs b1={184}: values [1130621826892669783231168512, 1505961523834397662438752256), 657763200264 candidates (MITM path)
  MITM b1=184: s=3 t=3 j=3 je=3 Q=6229504 table=23887872 yh=27536
stage b2=289 vs b1={185}: values [1174562876521148458974062689, 1607166017050789863525390625), 742510520345 candidates (MITM path)
  MITM b1=185: s=3 t=3 j=3 je=3 Q=6331625 table=24137569 yh=30762
stage b2=290 vs b1={186}: values [1220050976570582900000000000, 1714570434475502278801821696), 831372006521 candidates (MITM path)
  MITM b1=186: s=3 t=3 j=3 je=3 Q=6434856 table=24389000 yh=34088
stage b2=291 vs b1={187}: values [1267134976528441808641913691, 1828518162230556187140793681), 924488401184 candidates (MITM path)
  MITM b1=187: s=3 t=3 j=3 je=3 Q=6539203 table=24642171 yh=37517
stage b2=292 vs b1={188}: values [1315865092186113398284484608, 1949369609479181830042157056), 1022004027674 candidates (MITM path)
  MITM b1=188: s=3 t=3 j=3 je=3 Q=6644672 table=24897088 yh=41050
stage b2=293 vs b1={189}: values [1366292938960993269291344957, 2077502954475116767205550321), 1124066854150 candidates (MITM path)
  MITM b1=189: s=3 t=3 j=3 je=3 Q=6751269 table=25153757 yh=44688

*** MATCH: 1387721252349541385577934920 is an 12-digit palindrome in bases 189 and 293
done: 11.82s, 20829711 candidates tested
