A171740 search: n=12, threads=1, limit=none
stage b2=142 vs b1={94}: values [473338454265244805675008, 475920314814253376475136), 314921793 candidates (MITM path)
  MITM b1=94: s=4 t=2 j=2 je=3 Q=8836 table=20164 yh=15619
stage b2=143 vs b1={95}: values [511324276025564512546607, 540360087662636962890625), 3395609544 candidates (MITM path)
  MITM b1=95: s=4 t=2 j=2 je=3 Q=9025 table=20449 yh=166053
stage b2=144 vs b1={96}: values [552061438912436417593344, 612709757329767363772416), 6802112513 candidates (MITM path)
  MITM b1=96: s=4 t=2 j=2 je=3 Q=9216 table=20736 yh=328034
stage b2=145 vs b1={97}: values [595728015903604931640625, 693842360995438000295041), 10556610450 candidates (MITM path)
  MITM b1=97: s=4 t=2 j=2 je=3 Q=9409 table=21025 yh=502098
stage b2=146 vs b1={98}: values [642512252044000682756096, 784716723734800033386496), 14682368455 candidates (MITM path)
  MITM b1=98: s=4 t=2 j=2 je=3 Q=9604 table=21316 yh=688796
stage b2=147 vs b1={99}: values [692613069293330583916203, 886384871716129280658801), 19203773301 candidates (MITM path)
  MITM b1=99: s=3 t=3 j=3 je=3 Q=970299 table=3176523 yh=6046
stage b2=148 vs b1={100}: values [746240592700077928087552, 1000000000000000000000000), 24146370432 candidates (MITM path)
  MITM b1=100: s=3 t=3 j=3 je=3 Q=1000000 table=3241792 yh=7449
stage b2=149 vs b1={101}: values [803616698647447868139149, 1126825030131969720661201), 29536901641 candidates (MITM path)
  MITM b1=101: s=3 t=3 j=3 je=3 Q=1030301 table=3307949 yh=8930

*** MATCH: 985140704257629399630600 is an 12-digit palindrome in bases 101 and 149
stage b2=150 vs b1={102}: values [864975585937500000000000, 1268241794562545318301696), 35403343419 candidates (MITM path)
  MITM b1=102: s=3 t=3 j=3 je=3 Q=1061208 table=3375000 yh=10490
stage b2=151 vs b1={103}: values [930564370500844495614151, 1425760886846178945447841), 41774945988 candidates (MITM path)
  MITM b1=103: s=3 t=3 j=3 je=3 Q=1092727 table=3442951 yh=12134
done: 0.58s, 1723574 candidates tested
