A171740 search: n=12, threads=1, limit=none
stage b2=224 vs b1={143}: values [71240703863716132079796224, 73119371471655725294164801), 14871741821 candidates (MITM path)
  MITM b1=143: s=4 t=2 j=2 je=3 Q=20449 table=50176 yh=296392
stage b2=225 vs b1={144}: values [74818276426792144775390625, 79496847203390844133441536), 36059366705 candidates (MITM path)
  MITM b1=144: s=4 t=2 j=2 je=3 Q=20736 table=50625 yh=712284
stage b2=226 vs b1={145}: values [78558436364536056991614976, 86380562306022715087890625), 58704875213 candidates (MITM path)
  MITM b1=145: s=4 t=2 j=2 je=3 Q=21025 table=51076 yh=1149364
stage b2=227 vs b1={146}: values [82467803819583117066183323, 93806788798424099682390016), 82874140406 candidates (MITM path)
  MITM b1=146: s=4 t=2 j=2 je=3 Q=21316 table=51529 yh=1608301
stage b2=228 vs b1={147}: values [86553237464988993215004672, 101814121186119595835681841), 108635208268 candidates (MITM path)
  MITM b1=147: s=4 t=2 j=2 je=3 Q=21609 table=51984 yh=2089782
stage b2=229 vs b1={148}: values [90821841990842470457948029, 110443607719611533356957696), 136058347579 candidates (MITM path)
  MITM b1=148: s=4 t=2 j=2 je=3 Q=21904 table=52441 yh=2594504
stage b2=230 vs b1={149}: values [95280975791392700000000000, 119738888098469732352733201), 165216100449 candidates (MITM path)
  MITM b1=149: s=3 t=3 j=3 je=3 Q=3307949 table=12167000 yh=13580
stage b2=231 vs b1={150}: values [99938258857146531850367031, 129746337890625000000000000), 196183333503 candidates (MITM path)
  MITM b1=150: s=3 t=3 j=3 je=3 Q=3375000 table=12326391 yh=15916
stage b2=232 vs b1={151}: values [104801580876470315823136768, 140515219945627518837736801), 229037289718 candidates (MITM path)
  MITM b1=151: s=3 t=3 j=3 je=3 Q=3442951 table=12487168 yh=18342
stage b2=233 vs b1={152}: values [109879109551310452512114617, 152097843090208773684330496), 263857640923 candidates (MITM path)
  MITM b1=152: s=3 t=3 j=3 je=3 Q=3511808 table=12649337 yh=20860
stage b2=234 vs b1={153}: values [115179299131727923510339584, 164549728404324620728411041), 300726540957 candidates (MITM path)
  MITM b1=153: s=3 t=3 j=3 je=3 Q=3581577 table=12812904 yh=23471
stage b2=235 vs b1={154}: values [120710899174024038232421875, 177929783385962838621884416), 339728679482 candidates (MITM path)
  MITM b1=154: s=3 t=3 j=3 je=3 Q=3652264 table=12977875 yh=26178
stage b2=236 vs b1={155}: values [126482963527317712416014336, 192300484323376406494140625), 380951336460 candidates (MITM path)
  MITM b1=155: s=3 t=3 j=3 je=3 Q=3723875 table=13144256 yh=28983
stage b2=237 vs b1={156}: values [132504859553518749988128213, 207728067204059288762843136), 424484437295 candidates (MITM path)
  MITM b1=156: s=3 t=3 j=3 je=3 Q=3796416 table=13312053 yh=31888
stage b2=238 vs b1={157}: values [138786277585726844783245312, 224282727500720205065439601), 470420608636 candidates (MITM path)
  MITM b1=157: s=3 t=3 j=3 je=3 Q=3869893 table=13481272 yh=34895
stage b2=239 vs b1={158}: values [145337240630172360933794639, 242038829185737332250382336), 518855234841 candidates (MITM path)
  MITM b1=158: s=3 t=3 j=3 je=3 Q=3944312 table=13651919 yh=38007
stage b2=240 vs b1={159}: values [152168114316902400000000000, 261075123337098804348567681), 569886515113 candidates (MITM path)
  MITM b1=159: s=3 t=3 j=3 je=3 Q=4019679 table=13824000 yh=41225
stage b2=241 vs b1={160}: values [159289617104504228485730641, 281474976710656000000000000), 623615521298 candidates (MITM path)
  MITM b1=160: s=3 t=3 j=3 je=3 Q=4096000 table=13997521 yh=44552
stage b2=242 vs b1={161}: values [166712830744247830760081408, 303326610665644763629211521), 680146256358 candidates (MITM path)
  MITM b1=161: s=3 t=3 j=3 je=3 Q=4173281 table=14172488 yh=47991
stage b2=243 vs b1={162}: values [174449211009120179071170507, 326723350842869800400326656), 739585713502 candidates (MITM path)
  MITM b1=162: s=3 t=3 j=3 je=3 Q=4251528 table=14348907 yh=51544
stage b2=244 vs b1={163}: values [182510598693315783839186944, 351763888007705494736404081), 802043935997 candidates (MITM path)
  MITM b1=163: s=3 t=3 j=3 je=3 Q=4330747 table=14526784 yh=55212
stage b2=245 vs b1={164}: values [190909230887841213330078125, 378552550483148382977130496), 867634077648 candidates (MITM path)
  MITM b1=164: s=3 t=3 j=3 je=3 Q=4410944 table=14706125 yh=58999
stage b2=246 vs b1={165}: values [199657752537985561759389696, 407199588611568593994140625), 936472463945 candidates (MITM path)
  MITM b1=165: s=3 t=3 j=3 je=3 Q=4492125 table=14886936 yh=62906
stage b2=247 vs b1={166}: values [208769228288504308517520103, 437821471697555965584019456), 1008678653889 candidates (MITM path)
  MITM b1=166: s=3 t=3 j=3 je=3 Q=4574296 table=15069223 yh=66937
stage b2=248 vs b1={167}: values [218257154622460658242813952, 470541197898347534873984161), 1084375502490 candidates (MITM path)
  MITM b1=167: s=3 t=3 j=3 je=3 Q=4657463 table=15252992 yh=71093
stage b2=249 vs b1={168}: values [228135472299766291637190249, 505488617542763051300683776), 1163689223937 candidates (MITM path)
  MITM b1=168: s=3 t=3 j=3 je=3 Q=4741632 table=15438249 yh=75378
stage b2=250 vs b1={169}: values [238418579101562500000000000, 542800770374370512771595361), 1246749455454 candidates (MITM path)
  MITM b1=169: s=3 t=3 j=3 je=3 Q=4826809 table=15625000 yh=79792
stage b2=251 vs b1={170}: values [249121342886682932269065251, 582622237229761000000000000), 1333689321817 candidates (MITM path)
  MITM b1=170: s=3 t=3 j=3 je=3 Q=4913000 table=15813251 yh=84340

*** MATCH: 317888424784043894009653452 is an 12-digit palindrome in bases 170 and 251
stage b2=252 vs b1={171}: values [260259114966540661762818048, 625105506678337880602119441), 1424645500564 candidates (MITM path)
  MITM b1=171: s=3 t=3 j=3 je=3 Q=5000211 table=16003008 yh=89024
stage b2=253 vs b1={172}: values [271847743804884990713499397, 670411357165926452996079616), 1519758287873 candidates (MITM path)
  MITM b1=172: s=3 t=3 j=3 je=3 Q=5088448 table=16194277 yh=93846
stage b2=254 vs b1={173}: values [283903589048977364007778304, 718709255220793060317103921), 1619171665127 candidates (MITM path)
  MITM b1=173: s=3 t=3 j=3 je=3 Q=5177717 table=16387064 yh=98808
stage b2=255 vs b1={174}: values [296443535898840969287109375, 770177770297334467043659776), 1723033366151 candidates (MITM path)
  MITM b1=174: s=3 t=3 j=3 je=3 Q=5268024 table=16581375 yh=103914
stage b2=256 vs b1={175}: values [309485009821345068724781056, 825005006849765777587890625), 1831494945139 candidates (MITM path)
  MITM b1=175: s=3 t=3 j=3 je=3 Q=5359375 table=16777216 yh=109166
done: 24.81s, 9414876 candidates tested
