A171740 search: n=12, threads=1, limit=none
stage b2=255 vs b1={161}: values [296443535898840969287109375, 303326610665644763629211521), 25034643106 candidates (MITM path)
  MITM b1=161: s=4 t=2 j=2 je=3 Q=25921 table=65025 yh=385001
stage b2=256 vs b1={162}: values [309485009821345068724781056, 326723350842869800400326656), 61242889947 candidates (MITM path)
  MITM b1=162: s=4 t=2 j=2 je=3 Q=26244 table=65536 yh=934493
stage b2=257 vs b1={163}: values [323045991615992848448948993, 351763888007705494736404081), 99667573329 candidates (MITM path)
  MITM b1=163: s=4 t=2 j=2 je=3 Q=26569 table=66049 yh=1508995
stage b2=258 vs b1={164}: values [337145032839390594819950592, 378552550483148382977130496), 140398012475 candidates (MITM path)
  MITM b1=164: s=4 t=2 j=2 je=3 Q=26896 table=66564 yh=2109219
stage b2=259 vs b1={165}: values [351801271595486322734724859, 407199588611568593994140625), 183526163780 candidates (MITM path)
  MITM b1=165: s=4 t=2 j=2 je=3 Q=27225 table=67081 yh=2735889
stage b2=260 vs b1={166}: values [367034448698777600000000000, 437821471697555965584019456), 229146675238 candidates (MITM path)
  MITM b1=166: s=4 t=2 j=2 je=3 Q=27556 table=67600 yh=3389744
stage b2=261 vs b1={167}: values [382864924217801243807760861, 470541197898347534873984161), 277356941517 candidates (MITM path)
  MITM b1=167: s=4 t=2 j=2 je=3 Q=27889 table=68121 yh=4071534
stage b2=262 vs b1={168}: values [399313694406331820719986688, 505488617542763051300683776), 328257159680 candidates (MITM path)
  MITM b1=168: s=3 t=3 j=3 je=3 Q=4741632 table=17984728 yh=18252
stage b2=263 vs b1={169}: values [416402409029831470623291287, 542800770374370512771595361), 381950385556 candidates (MITM path)
  MITM b1=169: s=3 t=3 j=3 je=3 Q=4826809 table=18191447 yh=20997
stage b2=264 vs b1={170}: values [434153389094810508186353664, 582622237229761000000000000), 438542590762 candidates (MITM path)
  MITM b1=170: s=3 t=3 j=3 je=3 Q=4913000 table=18399744 yh=23835
stage b2=265 vs b1={171}: values [452589644988876542822265625, 625105506678337880602119441), 498142720373 candidates (MITM path)
  MITM b1=171: s=3 t=3 j=3 je=3 Q=5000211 table=18609625 yh=26769
stage b2=266 vs b1={172}: values [471734895039369510442428416, 670411357165926452996079616), 560862751248 candidates (MITM path)
  MITM b1=172: s=3 t=3 j=3 je=3 Q=5088448 table=18821096 yh=29800
stage b2=267 vs b1={173}: values [491613584498601037846604883, 718709255220793060317103921), 626817751006 candidates (MITM path)
  MITM b1=173: s=3 t=3 j=3 je=3 Q=5177717 table=19034163 yh=32932
stage b2=268 vs b1={174}: values [512250904963838973923295232, 770177770297334467043659776), 696125937663 candidates (MITM path)
  MITM b1=174: s=3 t=3 j=3 je=3 Q=5268024 table=19248832 yh=36165
stage b2=269 vs b1={175}: values [533672814240301731473788469, 825005006849765777587890625), 768908739916 candidates (MITM path)
  MITM b1=175: s=3 t=3 j=3 je=3 Q=5359375 table=19465109 yh=39502
stage b2=270 vs b1={176}: values [555906056655552300000000000, 883389054245605390183038976), 845290858095 candidates (MITM path)
  MITM b1=176: s=3 t=3 j=3 je=3 Q=5451776 table=19683000 yh=42946
stage b2=271 vs b1={177}: values [578978183833808423828407471, 945538455146635506591955521), 925400325763 candidates (MITM path)
  MITM b1=177: s=3 t=3 j=3 je=3 Q=5545233 table=19902511 yh=46497
stage b2=272 vs b1={178}: values [602917575938813502137827328, 1011672693003313726683222016), 1009368571987 candidates (MITM path)
  MITM b1=178: s=3 t=3 j=3 je=3 Q=5639752 table=20123648 yh=50159
stage b2=273 vs b1={179}: values [627753463394042268515136177, 1082022699327332498100696241), 1097330484254 candidates (MITM path)
  MITM b1=179: s=3 t=3 j=3 je=3 Q=5735339 table=20346417 yh=53933
stage b2=274 vs b1={180}: values [653515949089146258317953024, 1156831381426176000000000000), 1189424472068 candidates (MITM path)
  MITM b1=180: s=3 t=3 j=3 je=3 Q=5832000 table=20570824 yh=57821
stage b2=275 vs b1={181}: values [680236031081676483154296875, 1236354171303115835117980561), 1285792531190 candidates (MITM path)
  MITM b1=181: s=3 t=3 j=3 je=3 Q=5929741 table=20796875 yh=61827
stage b2=276 vs b1={182}: values [707945625803254614013771776, 1320859596446125189798629376), 1386580308560 candidates (MITM path)
  MITM b1=182: s=3 t=3 j=3 je=3 Q=6028568 table=21024576 yh=65951
stage b2=277 vs b1={183}: values [736677591779499338860277773, 1410629873249683485564270561), 1491937167867 candidates (MITM path)
  MITM b1=183: s=3 t=3 j=3 je=3 Q=6128487 table=21253933 yh=70196
stage b2=278 vs b1={184}: values [766465753873151417719887872, 1505961523834397662438752256), 1602016255800 candidates (MITM path)
  MITM b1=184: s=3 t=3 j=3 je=3 Q=6229504 table=21484952 yh=74565
stage b2=279 vs b1={185}: values [797344928059979319406571079, 1607166017050789863525390625), 1716974568955 candidates (MITM path)
  MITM b1=185: s=3 t=3 j=3 je=3 Q=6331625 table=21717639 yh=79059
stage b2=280 vs b1={186}: values [829350946747187200000000000, 1714570434475502278801821696), 1836973021413 candidates (MITM path)
  MITM b1=186: s=3 t=3 j=3 je=3 Q=6434856 table=21952000 yh=83682
stage b2=281 vs b1={187}: values [862520684644188385040795081, 1828518162230556187140793681), 1962176512987 candidates (MITM path)
  MITM b1=187: s=3 t=3 j=3 je=3 Q=6539203 table=22188041 yh=88434

*** MATCH: 1138328497615191700854344028 is an 12-digit palindrome in bases 187 and 281
stage b2=282 vs b1={188}: values [896892085195750456196179968, 1949369609479181830042157056), 2092753998141 candidates (MITM path)
  MITM b1=188: s=3 t=3 j=3 je=3 Q=6644672 table=22425768 yh=93320
stage b2=283 vs b1={189}: values [932504187587662529970024067, 2077502954475116767205550321), 2228878555573 candidates (MITM path)
  MITM b1=189: s=3 t=3 j=3 je=3 Q=6751269 table=22665187 yh=98340
stage b2=284 vs b1={190}: values [969397154335221362022416384, 2213314919066161000000000000), 2370727458476 candidates (MITM path)
  MITM b1=190: s=3 t=3 j=3 je=3 Q=6859000 table=22906304 yh=103497
stage b2=285 vs b1={191}: values [1007612299464980527001953125, 2357221572577185690065114881), 2518482245467 candidates (MITM path)
  MITM b1=191: s=3 t=3 j=3 je=3 Q=6967871 table=23149125 yh=108794
stage b2=286 vs b1={192}: values [1047192117300356121695451136, 2509659166022727122011815936), 2672328792190 candidates (MITM path)
  MITM b1=192: s=3 t=3 j=3 je=3 Q=7077888 table=23393656 yh=114234
stage b2=287 vs b1={193}: values [1088180311861833230021357663, 2671084997624767126594464001), 2832457383595 candidates (MITM path)
  MITM b1=193: s=3 t=3 j=3 je=3 Q=7189057 table=23639903 yh=119817
stage b2=288 vs b1={194}: values [1130621826892669783231168512, 2841978310637314049208487936), 2999062786887 candidates (MITM path)
  MITM b1=194: s=3 t=3 j=3 je=3 Q=7301384 table=23887872 yh=125548
done: 39.81s, 16150174 candidates tested
