A171740 search: n=12, threads=1, limit=none
stage b2=463 vs b1={278}: values [209599817996529430739834959087, 213077479576736094126128828416), 353021675096 candidates (MITM path)
  MITM b1=278: s=4 t=2 j=2 je=3 Q=77284 table=214369 yh=1646795
stage b2=464 vs b1={279}: values [214633637635011206805784100864, 222459234928734230114433331041), 784168895839 candidates (MITM path)
  MITM b1=279: s=4 t=2 j=2 je=3 Q=77841 table=215296 yh=3642283
stage b2=465 vs b1={280}: values [219777121912472001814306640625, 232218265089212416000000000000), 1230672711396 candidates (MITM path)
  MITM b1=280: s=4 t=2 j=2 je=3 Q=78400 table=216225 yh=5691631
stage b2=466 vs b1={281}: values [225032416361083806744810735616, 242368312385016936196463417761), 1692898005791 candidates (MITM path)
  MITM b1=281: s=4 t=2 j=2 je=3 Q=78961 table=217156 yh=7795769
stage b2=467 vs b1={282}: values [230401703744465269881211992683, 252923568025201628647322750976), 2171216114664 candidates (MITM path)
  MITM b1=282: s=4 t=2 j=2 je=3 Q=79524 table=218089 yh=9955643
stage b2=468 vs b1={283}: values [235887204621778787349175468032, 263898685087308495981516810961), 2666004906553 candidates (MITM path)
  MITM b1=283: s=4 t=2 j=2 je=3 Q=80089 table=219024 yh=12172205
stage b2=469 vs b1={284}: values [241491177919137537737896750669, 275308791831202866814366253056), 3177648864795 candidates (MITM path)
  MITM b1=284: s=4 t=2 j=2 je=3 Q=80656 table=219961 yh=14446420
stage b2=470 vs b1={285}: values [247215921508401230300000000000, 287169505347519450195556640625), 3706539170030 candidates (MITM path)
  MITM b1=285: s=4 t=2 j=2 je=3 Q=81225 table=220900 yh=16779263
stage b2=471 vs b1={286}: values [253063772793440013800811649671, 299496945547901850804899024896), 4253073783323 candidates (MITM path)
  MITM b1=286: s=4 t=2 j=2 je=3 Q=81796 table=221841 yh=19171722
stage b2=472 vs b1={287}: values [259037109303946675027997360128, 312307749504346137016129649281), 4817657529896 candidates (MITM path)
  MITM b1=287: s=4 t=2 j=2 je=3 Q=82369 table=222784 yh=21624792
stage b2=473 vs b1={288}: values [265138349296877942293007763977, 325619086145088897570576531456), 5400702183473 candidates (MITM path)
  MITM b1=288: s=4 t=2 j=2 je=3 Q=82944 table=223729 yh=24139483
stage b2=474 vs b1={289}: values [271369952365606399975686580224, 339448671314611904643504117121), 6002626551245 candidates (MITM path)
  MITM b1=289: s=3 t=3 j=3 je=3 Q=24137569 table=106496424 yh=56365
stage b2=475 vs b1={290}: values [277734420056865215301513671875, 353814783205469041000000000000), 6623856559445 candidates (MITM path)
  MITM b1=290: s=3 t=3 j=3 je=3 Q=24389000 table=107171875 yh=61806
stage b2=476 vs b1={291}: values [284234296495568578116086398976, 368736278169776566314796884081), 7264825339541 candidates (MITM path)
  MITM b1=291: s=3 t=3 j=3 je=3 Q=24642171 table=107850176 yh=67361
stage b2=477 vs b1={292}: values [290872169017591458452425905573, 384232606918345112299069505536), 7925973315053 candidates (MITM path)
  MITM b1=292: s=3 t=3 j=3 je=3 Q=24897088 table=108531333 yh=73030
stage b2=478 vs b1={293}: values [297650668810592995192411420672, 400323831115571027902364072401), 8607748288983 candidates (MITM path)
  MITM b1=293: s=3 t=3 j=3 je=3 Q=25153757 table=109215352 yh=78815
stage b2=479 vs b1={294}: values [304572471562968542123015813279, 417030640378345864542952820736), 9310605531865 candidates (MITM path)
  MITM b1=294: s=3 t=3 j=3 je=3 Q=25412184 table=109902239 yh=84718
stage b2=480 vs b1={295}: values [311640298121016115200000000000, 434374369687385917207275390625), 10035007870441 candidates (MITM path)
  MITM b1=295: s=3 t=3 j=3 je=3 Q=25672375 table=110592000 yh=90740
stage b2=481 vs b1={296}: values [318856915154403706875322757281, 452377017219528840630098722816), 10781425776950 candidates (MITM path)
  MITM b1=296: s=3 t=3 j=3 je=3 Q=25934336 table=111284641 yh=96882
stage b2=482 vs b1={297}: values [326225135830024659938776352768, 471061262609691461042593862241), 11550337459052 candidates (MITM path)
  MITM b1=297: s=3 t=3 j=3 je=3 Q=26198073 table=111980168 yh=103147
stage b2=483 vs b1={298}: values [333747820494329024488347411867, 490450485651332023716795191296), 12342228950364 candidates (MITM path)
  MITM b1=298: s=3 t=3 j=3 je=3 Q=26463592 table=112678587 yh=109535
stage b2=484 vs b1={299}: values [341427877364219557396646723584, 510568785444411275443565936401), 13157594201627 candidates (MITM path)
  MITM b1=299: s=3 t=3 j=3 je=3 Q=26730899 table=113379904 yh=116049
stage b2=485 vs b1={300}: values [349268263226601764001611328125, 531441000000000000000000000000), 13996935172499 candidates (MITM path)
  MITM b1=300: s=3 t=3 j=3 je=3 Q=27000000 table=114084125 yh=122690
stage b2=486 vs b1={301}: values [357271984146678126737757198336, 553092726310835924575445943601), 14860761923969 candidates (MITM path)
  MITM b1=301: s=3 t=3 j=3 je=3 Q=27270901 table=114791256 yh=129460
stage b2=487 vs b1={302}: values [365442096185077415058791025463, 575550340897290317159369936896), 15749592711405 candidates (MITM path)
  MITM b1=302: s=3 t=3 j=3 je=3 Q=27543608 table=115501303 yh=136359
stage b2=488 vs b1={303}: values [373781706123910725302654861312, 598841020838364120317909320641), 16663954078225 candidates (MITM path)
  MITM b1=303: s=3 t=3 j=3 je=3 Q=27818127 table=116214272 yh=143390
stage b2=489 vs b1={304}: values [382293972201846658135397384889, 622992765297495137011017711616), 17604380950202 candidates (MITM path)
  MITM b1=304: s=3 t=3 j=3 je=3 Q=28094464 table=116930169 yh=150555

*** MATCH: 472320861355778796552992433430 is an 12-digit palindrome in bases 304 and 489
stage b2=490 vs b1={305}: values [390982104858298804900000000000, 648034417553121620683837890625), 18571416730393 candidates (MITM path)
  MITM b1=305: s=3 t=3 j=3 je=3 Q=28372625 table=117649000 yh=157855
stage b2=491 vs b1={306}: values [399849367486819482609834395891, 673995687544113646503571623936), 19565613394704 candidates (MITM path)
  MITM b1=306: s=3 t=3 j=3 je=3 Q=28652616 table=118370771 yh=165291
stage b2=492 vs b1={307}: values [408899077197794430483230097408, 700907174940351875150276622001), 20587531588083 candidates (MITM path)
  MITM b1=307: s=3 t=3 j=3 je=3 Q=28934443 table=119095488 yh=172866
stage b2=493 vs b1={308}: values [418134605590533958835165292757, 728800392748903786995238567936), 21637740721349 candidates (MITM path)
  MITM b1=308: s=3 t=3 j=3 je=3 Q=29218112 table=119823157 yh=180581
stage b2=494 vs b1={309}: values [427559379534856823843881170944, 757707791466420184947746068881), 22716819068651 candidates (MITM path)
  MITM b1=309: s=3 t=3 j=3 je=3 Q=29503629 table=120553784 yh=188438
stage b2=495 vs b1={310}: values [437176881962263889213818359375, 787662783788549761000000000000), 23825353865564 candidates (MITM path)
  MITM b1=310: s=3 t=3 j=3 je=3 Q=29791000 table=121287375 yh=196438
stage b2=496 vs b1={311}: values [446990652666799428081282973696, 818699769887346816976612516321), 24963941407816 candidates (MITM path)
  MITM b1=311: s=3 t=3 j=3 je=3 Q=30080231 table=122023936 yh=204583
stage b2=497 vs b1={312}: values [457004289115698715675308342353, 850854163267826846772605485056), 26133187150656 candidates (MITM path)
  MITM b1=312: s=3 t=3 j=3 je=3 Q=30371328 table=122763473 yh=212875
stage b2=498 vs b1={313}: values [467221447269921365272965629952, 884162417215006648162206715681), 27333705808854 candidates (MITM path)
  MITM b1=313: s=3 t=3 j=3 je=3 Q=30664297 table=123505992 yh=221315
done: 275.38s, 138825528 candidates tested
