A171740 search: n=12, threads=1, limit=none
stage b2=283 vs b1={177}: values [932504187587662529970024067, 945538455146635506591955521), 25372777937 candidates (MITM path)
  MITM b1=177: s=4 t=2 j=2 je=3 Q=31329 table=80089 yh=316808
stage b2=284 vs b1={178}: values [969397154335221362022416384, 1011672693003313726683222016), 80571066018 candidates (MITM path)
  MITM b1=178: s=4 t=2 j=2 je=3 Q=31684 table=80656 yh=998947
stage b2=285 vs b1={179}: values [1007612299464980527001953125, 1082022699327332498100696241), 138855944951 candidates (MITM path)
  MITM b1=179: s=4 t=2 j=2 je=3 Q=32041 table=81225 yh=1709523
stage b2=286 vs b1={180}: values [1047192117300356121695451136, 1156831381426176000000000000), 200341035058 candidates (MITM path)
  MITM b1=180: s=4 t=2 j=2 je=3 Q=32400 table=81796 yh=2449277
stage b2=287 vs b1={181}: values [1088180311861833230021357663, 1236354171303115835117980561), 265143028513 candidates (MITM path)
  MITM b1=181: s=4 t=2 j=2 je=3 Q=32761 table=82369 yh=3218967
stage b2=288 vs b1={182}: values [1130621826892669783231168512, 1320859596446125189798629376), 333381747607 candidates (MITM path)
  MITM b1=182: s=4 t=2 j=2 je=3 Q=33124 table=82944 yh=4019360
stage b2=289 vs b1={183}: values [1174562876521148458974062689, 1410629873249683485564270561), 405180203645 candidates (MITM path)
  MITM b1=183: s=4 t=2 j=2 je=3 Q=33489 table=83521 yh=4851238
stage b2=290 vs b1={184}: values [1220050976570582900000000000, 1505961523834397662438752256), 480664656496 candidates (MITM path)
  MITM b1=184: s=4 t=2 j=2 je=3 Q=33856 table=84100 yh=5715395
stage b2=291 vs b1={185}: values [1267134976528441808641913691, 1607166017050789863525390625), 559964674774 candidates (MITM path)
  MITM b1=185: s=3 t=3 j=3 je=3 Q=6331625 table=24642171 yh=22724
stage b2=292 vs b1={186}: values [1315865092186113398284484608, 1714570434475502278801821696), 643213196673 candidates (MITM path)
  MITM b1=186: s=3 t=3 j=3 je=3 Q=6434856 table=24897088 yh=25835
stage b2=293 vs b1={187}: values [1366292938960993269291344957, 1828518162230556187140793681), 730546591437 candidates (MITM path)
  MITM b1=187: s=3 t=3 j=3 je=3 Q=6539203 table=25153757 yh=29044
stage b2=294 vs b1={188}: values [1418471565912741035860383744, 1949369609479181830042157056), 822104721480 candidates (MITM path)
  MITM b1=188: s=3 t=3 j=3 je=3 Q=6644672 table=25412184 yh=32351
stage b2=295 vs b1={189}: values [1472455490465714973583984375, 2077502954475116767205550321), 918031005160 candidates (MITM path)
  MITM b1=189: s=3 t=3 j=3 je=3 Q=6751269 table=25672375 yh=35760
stage b2=296 vs b1={190}: values [1528300733849759596723306496, 2213314919066161000000000000), 1018472480189 candidates (MITM path)
  MITM b1=190: s=3 t=3 j=3 je=3 Q=6859000 table=25934336 yh=39272
stage b2=297 vs b1={191}: values [1586064857271688421018834553, 2357221572577185690065114881), 1123579867703 candidates (MITM path)
  MITM b1=191: s=3 t=3 j=3 je=3 Q=6967871 table=26198073 yh=42888
stage b2=298 vs b1={192}: values [1645806998829973233948977152, 2509659166022727122011815936), 1233507636977 candidates (MITM path)
  MITM b1=192: s=3 t=3 j=3 je=3 Q=7077888 table=26463592 yh=46612
stage b2=299 vs b1={193}: values [1707587911185321991450053299, 2671084997624767126594464001), 1348414070793 candidates (MITM path)
  MITM b1=193: s=3 t=3 j=3 je=3 Q=7189057 table=26730899 yh=50445

*** MATCH: 2111968498573024085405650500 is an 12-digit palindrome in bases 193 and 299
stage b2=300 vs b1={194}: values [1771470000000000000000000000, 2841978310637314049208487936), 1468461331465 candidates (MITM path)
  MITM b1=194: s=3 t=3 j=3 je=3 Q=7301384 table=27000000 yh=54388
stage b2=301 vs b1={195}: values [1837517363158923337459953301, 3022841224505963164306640625), 1593815527510 candidates (MITM path)
  MITM b1=195: s=3 t=3 j=3 je=3 Q=7414875 table=27270901 yh=58444
stage b2=302 vs b1={196}: values [1905795830785729527017781248, 3214199700417740936751087616), 1724646780984 candidates (MITM path)
  MITM b1=196: s=3 t=3 j=3 je=3 Q=7529536 table=27543608 yh=62616
stage b2=303 vs b1={197}: values [1976373006067208317880888847, 3416604542324232545384738641), 1861129295465 candidates (MITM path)
  MITM b1=197: s=3 t=3 j=3 je=3 Q=7645373 table=27818127 yh=66904
stage b2=304 vs b1={198}: values [2049318306899655055957295104, 3630632434549265533578448896), 2003441424700 candidates (MITM path)
  MITM b1=198: s=3 t=3 j=3 je=3 Q=7762392 table=28094464 yh=71311
done: 29.03s, 23624998 candidates tested
