A171740 search: n=12, threads=1, limit=none
stage b2=195 vs b1={126}: values [15501749869261349560546875, 16012035393449278995173376), 9281230964 candidates (MITM path)
  MITM b1=126: s=4 t=2 j=2 je=3 Q=15876 table=38025 yh=244083
stage b2=196 vs b1={127}: values [16398978063355821105872896, 17605349516220764271966721), 21278677063 candidates (MITM path)
  MITM b1=127: s=4 t=2 j=2 je=3 Q=16129 table=38416 yh=553902
stage b2=197 vs b1={128}: values [17343170265605241347130653, 19342813113834066795298816), 34210157785 candidates (MITM path)
  MITM b1=128: s=4 t=2 j=2 je=3 Q=16384 table=38809 yh=881501
stage b2=198 vs b1={129}: values [18336527447218512795850752, 21236186150528020865123841), 48123337777 candidates (MITM path)
  MITM b1=129: s=4 t=2 j=2 je=3 Q=16641 table=39204 yh=1227511
stage b2=199 vs b1={130}: values [19381341794579313317802199, 23298085122481000000000000), 63067650731 candidates (MITM path)
  MITM b1=130: s=4 t=2 j=2 je=3 Q=16900 table=39601 yh=1592578
stage b2=200 vs b1={131}: values [20480000000000000000000000, 25542038069936263923006961), 79094344843 candidates (MITM path)
  MITM b1=131: s=4 t=2 j=2 je=3 Q=17161 table=40000 yh=1977359
stage b2=201 vs b1={132}: values [21634986653716369322202201, 27982542656501458535448576), 96256528932 candidates (MITM path)
  MITM b1=132: s=3 t=3 j=3 je=3 Q=2299968 table=8120601 yh=11854
stage b2=202 vs b1={133}: values [22848887739705683048654848, 30635127461052805121505361), 114609219220 candidates (MITM path)
  MITM b1=133: s=3 t=3 j=3 je=3 Q=2352637 table=8242408 yh=13905
stage b2=203 vs b1={134}: values [24124394237962799952684947, 33516416633376182864121856), 134209386777 candidates (MITM path)
  MITM b1=134: s=3 t=3 j=3 je=3 Q=2406104 table=8365427 yh=16044
stage b2=204 vs b1={135}: values [25464305835922478547861504, 36644198070556426025390625), 155116005630 candidates (MITM path)
  MITM b1=135: s=3 t=3 j=3 je=3 Q=2460375 table=8489664 yh=18272
stage b2=205 vs b1={136}: values [26871534751769943408203125, 40037495277186834126340096), 177390101538 candidates (MITM path)
  MITM b1=136: s=3 t=3 j=3 je=3 Q=2515456 table=8615125 yh=20591
stage b2=206 vs b1={137}: values [28349109672436645439584256, 43716643078717303412870881), 201094801435 candidates (MITM path)
  MITM b1=137: s=3 t=3 j=3 je=3 Q=2571353 table=8741816 yh=23004
stage b2=207 vs b1={138}: values [29900179809133802678274543, 47703367363695867545849856), 226295383538 candidates (MITM path)
  MITM b1=138: s=3 t=3 j=3 je=3 Q=2628072 table=8869743 yh=25514
stage b2=208 vs b1={139}: values [31528019073332790943547392, 52020869037289085480011921), 253059328127 candidates (MITM path)
  MITM b1=139: s=3 t=3 j=3 je=3 Q=2685619 table=8998912 yh=28122
stage b2=209 vs b1={140}: values [33236030376158771102541809, 56693912375296000000000000), 281456369003 candidates (MITM path)
  MITM b1=140: s=3 t=3 j=3 je=3 Q=2744000 table=9129329 yh=30830
stage b2=210 vs b1={141}: values [35027750054222100000000000, 61748917974902741368975281), 311558545602 candidates (MITM path)
  MITM b1=141: s=3 t=3 j=3 je=3 Q=2803221 table=9261000 yh=33642
stage b2=211 vs b1={142}: values [36906852424971083485992811, 67214060505664762405851136), 343440255799 candidates (MITM path)
  MITM b1=142: s=3 t=3 j=3 je=3 Q=2863288 table=9393931 yh=36560
stage b2=212 vs b1={143}: values [38877154474709500704063488, 73119371471655725294164801), 377178309376 candidates (MITM path)
  MITM b1=143: s=3 t=3 j=3 je=3 Q=2924207 table=9528128 yh=39586
stage b2=213 vs b1={144}: values [40942620682483067183061837, 79496847203390844133441536), 412851982167 candidates (MITM path)
  MITM b1=144: s=3 t=3 j=3 je=3 Q=2985984 table=9663597 yh=42723
stage b2=214 vs b1={145}: values [43107367983100618650916864, 86380562306022715087890625), 450543070888 candidates (MITM path)
  MITM b1=145: s=3 t=3 j=3 je=3 Q=3048625 table=9800344 yh=45973
stage b2=215 vs b1={146}: values [45375670872618296240234375, 93806788798424099682390016), 490335948628 candidates (MITM path)
  MITM b1=146: s=3 t=3 j=3 je=3 Q=3112136 table=9938375 yh=49338
stage b2=216 vs b1={147}: values [47751966659678405306351616, 101814121186119595835681841), 532317621038 candidates (MITM path)
  MITM b1=147: s=3 t=3 j=3 je=3 Q=3176523 table=10077696 yh=52822
stage b2=217 vs b1={148}: values [50240860866158912890695433, 110443607719611533356957696), 576577783184 candidates (MITM path)
  MITM b1=148: s=3 t=3 j=3 je=3 Q=3241792 table=10218313 yh=56426
stage b2=218 vs b1={149}: values [52847132780654751438252032, 119738888098469732352733201), 623208877088 candidates (MITM path)
  MITM b1=149: s=3 t=3 j=3 je=3 Q=3307949 table=10360232 yh=60154
stage b2=219 vs b1={150}: values [55575741168378217259860419, 129746337890625000000000000), 672306149950 candidates (MITM path)
  MITM b1=150: s=3 t=3 j=3 je=3 Q=3375000 table=10503459 yh=64009

*** MATCH: 86732730655291595322388600 is an 12-digit palindrome in bases 150 and 219
stage b2=220 vs b1={151}: values [58431830141132800000000000, 140515219945627518837736801), 723967713049 candidates (MITM path)
  MITM b1=151: s=3 t=3 j=3 je=3 Q=3442951 table=10648000 yh=67991
stage b2=221 vs b1={152}: values [61420735191082762650784421, 152097843090208773684330496), 778294601332 candidates (MITM path)
  MITM b1=152: s=3 t=3 j=3 je=3 Q=3511808 table=10793861 yh=72106
stage b2=222 vs b1={153}: values [64547989392109719104944128, 164549728404324620728411041), 835390833685 candidates (MITM path)
  MITM b1=153: s=3 t=3 j=3 je=3 Q=3581577 table=10941048 yh=76354
stage b2=223 vs b1={154}: values [67819329772617336566541727, 177929783385962838621884416), 895363473886 candidates (MITM path)
  MITM b1=154: s=3 t=3 j=3 je=3 Q=3652264 table=11089567 yh=80740
stage b2=224 vs b1={155}: values [71240703863716132079796224, 192300484323376406494140625), 958322692247 candidates (MITM path)
  MITM b1=155: s=3 t=3 j=3 je=3 Q=3723875 table=11239424 yh=85265
stage b2=225 vs b1={156}: values [74818276426792144775390625, 207728067204059288762843136), 1024381827943 candidates (MITM path)
  MITM b1=156: s=3 t=3 j=3 je=3 Q=3796416 table=11390625 yh=89933
stage b2=226 vs b1={157}: values [78558436364536056991614976, 224282727500720205065439601), 1093657452028 candidates (MITM path)
  MITM b1=157: s=3 t=3 j=3 je=3 Q=3869893 table=11543176 yh=94745
stage b2=227 vs b1={158}: values [82467803819583117066183323, 242038829185737332250382336), 1166269431136 candidates (MITM path)
  MITM b1=158: s=3 t=3 j=3 je=3 Q=3944312 table=11697083 yh=99707
stage b2=228 vs b1={159}: values [86553237464988993215004672, 261075123337098804348567681), 1242340991872 candidates (MITM path)
  MITM b1=159: s=3 t=3 j=3 je=3 Q=4019679 table=11852352 yh=104819
done: 15.46s, 7210623 candidates tested
