A171740 search: n=12, threads=1, limit=none
stage b2=445 vs b1={268}: values [135506497742528825219189453125, 137283242530308845011443122176), 228804722605 candidates (MITM path)
  MITM b1=268: s=4 t=2 j=2 je=3 Q=71824 table=198025 yh=1155434
stage b2=446 vs b1={269}: values [138893987374320305288277456896, 143557987030641165766449098161), 592583230839 candidates (MITM path)
  MITM b1=269: s=4 t=2 j=2 je=3 Q=72361 table=198916 yh=2979063
stage b2=447 vs b1={270}: values [142358287315299447497245827903, 150094635296999121000000000000), 969819377576 candidates (MITM path)
  MITM b1=270: s=4 t=2 j=2 je=3 Q=72900 table=199809 yh=4853733
stage b2=448 vs b1={271}: values [145900961512890638499422666752, 156903087818962082857498424641), 1360844625435 candidates (MITM path)
  MITM b1=271: s=4 t=2 j=2 je=3 Q=73441 table=200704 yh=6780357
stage b2=449 vs b1={272}: values [149523602156362812588586992449, 163993580655357272581489033216), 1765996505117 candidates (MITM path)
  MITM b1=272: s=4 t=2 j=2 je=3 Q=73984 table=201601 yh=8759860
stage b2=450 vs b1={273}: values [153227830122070312500000000000, 171376695506573539304632176321), 2185618694471 candidates (MITM path)
  MITM b1=273: s=4 t=2 j=2 je=3 Q=74529 table=202500 yh=10793179
stage b2=451 vs b1={274}: values [157015295424696847215234267451, 179063370050426074779119128576), 2620061098172 candidates (MITM path)
  MITM b1=274: s=4 t=2 j=2 je=3 Q=75076 table=203401 yh=12881260
stage b2=452 vs b1={275}: values [160887677674569844718827470848, 187064908547461032867431640625), 3069679928014 candidates (MITM path)
  MITM b1=275: s=4 t=2 j=2 je=3 Q=75625 table=204304 yh=15025061
stage b2=453 vs b1={276}: values [164846686541113099864560007197, 195392992721698273467801010176), 3534837783817 candidates (MITM path)
  MITM b1=276: s=4 t=2 j=2 je=3 Q=76176 table=205209 yh=17225550
stage b2=454 vs b1={277}: values [168894062222506223751543445504, 204059692922921316864296943121), 4015903734949 candidates (MITM path)
  MITM b1=277: s=4 t=2 j=2 je=3 Q=76729 table=206116 yh=19483707
stage b2=455 vs b1={278}: values [173031575921620011303271484375, 213077479576736094126128828416), 4513253402462 candidates (MITM path)
  MITM b1=278: s=4 t=2 j=2 je=3 Q=77284 table=207025 yh=21800524
stage b2=456 vs b1={279}: values [177261030328297458104329568256, 222459234928734230114433331041), 5027269041854 candidates (MITM path)
  MITM b1=279: s=3 t=3 j=3 je=3 Q=21717639 table=94818816 yh=53020
stage b2=457 vs b1={280}: values [181584260108050775997625896793, 232218265089212416000000000000), 5558339626436 candidates (MITM path)
  MITM b1=280: s=3 t=3 j=3 je=3 Q=21952000 table=95443993 yh=58237
stage b2=458 vs b1={281}: values [186003132397245379497877563392, 242368312385016936196463417761), 6106860931332 candidates (MITM path)
  MITM b1=281: s=3 t=3 j=3 je=3 Q=22188041 table=96071912 yh=63566
stage b2=459 vs b1={282}: values [190519547304842441752783207059, 252923568025201628647322750976), 6673235618092 candidates (MITM path)
  MITM b1=282: s=3 t=3 j=3 je=3 Q=22425768 table=96702579 yh=69008
stage b2=460 vs b1={283}: values [195135438420772249600000000000, 263898685087308495981516810961), 7257873319927 candidates (MITM path)
  MITM b1=283: s=3 t=3 j=3 je=3 Q=22665187 table=97336000 yh=74566
stage b2=461 vs b1={284}: values [199852773331011222243920083061, 275308791831202866814366253056), 7861190727567 candidates (MITM path)
  MITM b1=284: s=3 t=3 j=3 je=3 Q=22906304 table=97972181 yh=80240
stage b2=462 vs b1={285}: values [204673554139436097229551679488, 287169505347519450195556640625), 8483611675749 candidates (MITM path)
  MITM b1=285: s=3 t=3 j=3 je=3 Q=23149125 table=98611128 yh=86031
stage b2=463 vs b1={286}: values [209599817996529430739834959087, 299496945547901850804899024896), 9125567230314 candidates (MITM path)
  MITM b1=286: s=3 t=3 j=3 je=3 Q=23393656 table=99252847 yh=91943
stage b2=464 vs b1={287}: values [214633637635011206805784100864, 312307749504346137016129649281), 9787495775950 candidates (MITM path)
  MITM b1=287: s=3 t=3 j=3 je=3 Q=23639903 table=99897344 yh=97976
stage b2=465 vs b1={288}: values [219777121912472001814306640625, 325619086145088897570576531456), 10469843104539 candidates (MITM path)
  MITM b1=288: s=3 t=3 j=3 je=3 Q=23887872 table=100544625 yh=104132
stage b2=466 vs b1={289}: values [225032416361083806744810735616, 339448671314611904643504117121), 11173062504153 candidates (MITM path)
  MITM b1=289: s=3 t=3 j=3 je=3 Q=24137569 table=101194696 yh=110412
stage b2=467 vs b1={290}: values [230401703744465269881211992683, 353814783205469041000000000000), 11897614848661 candidates (MITM path)
  MITM b1=290: s=3 t=3 j=3 je=3 Q=24389000 table=101847563 yh=116818
stage b2=468 vs b1={291}: values [235887204621778787349175468032, 368736278169776566314796884081), 12643968687975 candidates (MITM path)
  MITM b1=291: s=3 t=3 j=3 je=3 Q=24642171 table=102503232 yh=123352
stage b2=469 vs b1={292}: values [241491177919137537737896750669, 384232606918345112299069505536), 13412600338921 candidates (MITM path)
  MITM b1=292: s=3 t=3 j=3 je=3 Q=24897088 table=103161709 yh=130016
stage b2=470 vs b1={293}: values [247215921508401230300000000000, 400323831115571027902364072401), 14203993976747 candidates (MITM path)
  MITM b1=293: s=3 t=3 j=3 je=3 Q=25153757 table=103823000 yh=136810
stage b2=471 vs b1={294}: values [253063772793440013800811649671, 417030640378345864542952820736), 15018641727252 candidates (MITM path)
  MITM b1=294: s=3 t=3 j=3 je=3 Q=25412184 table=104487111 yh=143737
stage b2=472 vs b1={295}: values [259037109303946675027997360128, 434374369687385917207275390625), 15857043759559 candidates (MITM path)
  MITM b1=295: s=3 t=3 j=3 je=3 Q=25672375 table=105154048 yh=150799
stage b2=473 vs b1={296}: values [265138349296877942293007763977, 452377017219528840630098722816), 16719708379517 candidates (MITM path)
  MITM b1=296: s=3 t=3 j=3 je=3 Q=25934336 table=105823817 yh=157996
stage b2=474 vs b1={297}: values [271369952365606399975686580224, 471061262609691461042593862241), 17607152123734 candidates (MITM path)
  MITM b1=297: s=3 t=3 j=3 je=3 Q=26198073 table=106496424 yh=165331
stage b2=475 vs b1={298}: values [277734420056865215301513671875, 490450485651332023716795191296), 18519899854250 candidates (MITM path)
  MITM b1=298: s=3 t=3 j=3 je=3 Q=26463592 table=107171875 yh=172806
stage b2=476 vs b1={299}: values [284234296495568578116086398976, 510568785444411275443565936401), 19458484853845 candidates (MITM path)
  MITM b1=299: s=3 t=3 j=3 je=3 Q=26730899 table=107850176 yh=180422
stage b2=477 vs b1={300}: values [290872169017591458452425905573, 531441000000000000000000000000), 20423448921983 candidates (MITM path)
  MITM b1=300: s=3 t=3 j=3 je=3 Q=27000000 table=108531333 yh=188181
stage b2=478 vs b1={301}: values [297650668810592995192411420672, 553092726310835924575445943601), 21415342471392 candidates (MITM path)
  MITM b1=301: s=3 t=3 j=3 je=3 Q=27270901 table=109215352 yh=196084
stage b2=479 vs b1={302}: values [304572471562968542123015813279, 575550340897290317159369936896), 22434724625288 candidates (MITM path)
  MITM b1=302: s=3 t=3 j=3 je=3 Q=27543608 table=109902239 yh=204134

*** MATCH: 530665354017235125677428015680 is an 12-digit palindrome in bases 302 and 479
stage b2=480 vs b1={303}: values [311640298121016115200000000000, 598841020838364120317909320641), 23482163315231 candidates (MITM path)
  MITM b1=303: s=3 t=3 j=3 je=3 Q=27818127 table=110592000 yh=212332
stage b2=481 vs b1={304}: values [318856915154403706875322757281, 622992765297495137011017711616), 24558235379627 candidates (MITM path)
  MITM b1=304: s=3 t=3 j=3 je=3 Q=28094464 table=111284641 yh=220680
stage b2=482 vs b1={305}: values [326225135830024659938776352768, 648034417553121620683837890625), 25663526662870 candidates (MITM path)
  MITM b1=305: s=3 t=3 j=3 je=3 Q=28372625 table=111980168 yh=229180
stage b2=483 vs b1={306}: values [333747820494329024488347411867, 673995687544113646503571623936), 26798632115120 candidates (MITM path)
  MITM b1=306: s=3 t=3 j=3 je=3 Q=28652616 table=112678587 yh=237833
stage b2=484 vs b1={307}: values [341427877364219557396646723584, 700907174940351875150276622001), 27964155892732 candidates (MITM path)
  MITM b1=307: s=3 t=3 j=3 je=3 Q=28934443 table=113379904 yh=246642
stage b2=485 vs b1={308}: values [349268263226601764001611328125, 728800392748903786995238567936), 29160711459322 candidates (MITM path)
  MITM b1=308: s=3 t=3 j=3 je=3 Q=29218112 table=114084125 yh=255608
stage b2=486 vs b1={309}: values [357271984146678126737757198336, 757707791466420184947746068881), 30388921687481 candidates (MITM path)
  MITM b1=309: s=3 t=3 j=3 je=3 Q=29503629 table=114791256 yh=264733
stage b2=487 vs b1={310}: values [365442096185077415058791025463, 787662783788549761000000000000), 31649418961128 candidates (MITM path)
  MITM b1=310: s=3 t=3 j=3 je=3 Q=29791000 table=115501303 yh=274018
stage b2=488 vs b1={311}: values [373781706123910725302654861312, 818699769887346816976612516321), 32942845278515 candidates (MITM path)
  MITM b1=311: s=3 t=3 j=3 je=3 Q=30080231 table=116214272 yh=283467
stage b2=489 vs b1={312}: values [382293972201846658135397384889, 850854163267826846772605485056), 34269852355874 candidates (MITM path)
  MITM b1=312: s=3 t=3 j=3 je=3 Q=30371328 table=116930169 yh=293080
stage b2=490 vs b1={313}: values [390982104858298804900000000000, 884162417215006648162206715681), 35631101731715 candidates (MITM path)
  MITM b1=313: s=3 t=3 j=3 je=3 Q=30664297 table=117649000 yh=302860
stage b2=491 vs b1={314}: values [399849367486819482609834395891, 918662051842949959948040605696), 37027264871762 candidates (MITM path)
  MITM b1=314: s=3 t=3 j=3 je=3 Q=30959144 table=118370771 yh=312808
stage b2=492 vs b1={315}: values [408899077197794430483230097408, 954391681757526337812744140625), 38459023274552 candidates (MITM path)
  MITM b1=315: s=3 t=3 j=3 je=3 Q=31255875 table=119095488 yh=322926
stage b2=493 vs b1={316}: values [418134605590533958835165292757, 991391044344780112897566048256), 39927068577669 candidates (MITM path)
  MITM b1=316: s=3 t=3 j=3 je=3 Q=31554496 table=119823157 yh=333217
stage b2=494 vs b1={317}: values [427559379534856823843881170944, 1029701028696997844179291768561), 41432102664637 candidates (MITM path)
  MITM b1=317: s=3 t=3 j=3 je=3 Q=31855013 table=120553784 yh=343682
stage b2=495 vs b1={318}: values [437176881962263889213818359375, 1069363705188756702611733221376), 42974837772456 candidates (MITM path)
  MITM b1=318: s=3 t=3 j=3 je=3 Q=32157432 table=121287375 yh=354323
stage b2=496 vs b1={319}: values [446990652666799428081282973696, 1110422355715432735355050594561), 44555996599801 candidates (MITM path)
  MITM b1=319: s=3 t=3 j=3 je=3 Q=32461759 table=122023936 yh=365142
stage b2=497 vs b1={320}: values [457004289115698715675308342353, 1152921504606846976000000000000), 46176312415855 candidates (MITM path)
  MITM b1=320: s=3 t=3 j=3 je=3 Q=32768000 table=122763473 yh=376141
stage b2=498 vs b1={321}: values [467221447269921365272965629952, 1196906950228928915420617322241), 47836529169810 candidates (MITM path)
  MITM b1=321: s=3 t=3 j=3 je=3 Q=33076161 table=123505992 yh=387322
stage b2=499 vs b1={322}: values [477645842414670666895611255499, 1242425797286480951825250390016), 49537401601017 candidates (MITM path)
  MITM b1=322: s=3 t=3 j=3 je=3 Q=33386248 table=124251499 yh=398687
stage b2=500 vs b1={323}: values [488281250000000000000000000000, 1289526489840334121941717217521), 51279695349782 candidates (MITM path)
  MITM b1=323: s=3 t=3 j=3 je=3 Q=33698267 table=125000000 yh=410238
stage b2=501 vs b1={324}: values [499131506491608208145638755501, 1338258845052394702439737982976), 53064187068825 candidates (MITM path)
  MITM b1=324: s=3 t=3 j=3 je=3 Q=34012224 table=125751501 yh=421977
stage b2=502 vs b1={325}: values [510200510231926645287045634048, 1388674087672293186187744140625), 54891664535394 candidates (MITM path)
  MITM b1=325: s=3 t=3 j=3 je=3 Q=34328125 table=126506008 yh=433906
stage b2=503 vs b1={326}: values [521492222311601429966591196647, 1440824885279561706440311115776), 56762926764027 candidates (MITM path)
  MITM b1=326: s=3 t=3 j=3 je=3 Q=34645976 table=127263527 yh=446027
done: 564.22s, 126537715 candidates tested
