A171740 search: n=12, threads=1, limit=none
stage b2=402 vs b1={244}: values [44308452666811124371870107648, 44532586081169051256761614336), 53106818973 candidates (MITM path)
  MITM b1=244: s=4 t=2 j=2 je=3 Q=59536 table=161604 yh=328624
stage b2=403 vs b1={245}: values [45536065966540892753630392747, 46772761567521097265869140625), 288690530865 candidates (MITM path)
  MITM b1=245: s=4 t=2 j=2 je=3 Q=60025 table=162409 yh=1777553
stage b2=404 vs b1={246}: values [46794522090917238883645128704, 49115807124344448192809865216), 533875855813 candidates (MITM path)
  MITM b1=246: s=4 t=2 j=2 je=3 Q=60516 table=163216 yh=3270978
stage b2=405 vs b1={247}: values [48084516708184142230517578125, 51565999387260564203827465441), 788922059064 candidates (MITM path)
  MITM b1=247: s=4 t=2 j=2 je=3 Q=61009 table=164025 yh=4809768
stage b2=406 vs b1={248}: values [49406759399347814303098771456, 54127774346370243244217860096), 1054093593887 candidates (MITM path)
  MITM b1=248: s=4 t=2 j=2 je=3 Q=61504 table=164836 yh=6394803
stage b2=407 vs b1={249}: values [50761973901033889039170022343, 56805732602641806617660372001), 1329660175234 candidates (MITM path)
  MITM b1=249: s=4 t=2 j=2 je=3 Q=62001 table=165649 yh=8026974
stage b2=408 vs b1={250}: values [52150898351969236066020360192, 59604644775390625000000000000), 1615896854022 candidates (MITM path)
  MITM b1=250: s=4 t=2 j=2 je=3 Q=62500 table=166464 yh=9707186
stage b2=409 vs b1={251}: values [53574285543133366239295624009, 62529457064557415999535378001), 1913084092029 candidates (MITM path)
  MITM b1=251: s=4 t=2 j=2 je=3 Q=63001 table=167281 yh=11436351
stage b2=410 vs b1={252}: values [55032903171624844100000000000, 65585296971568246764230148096), 2221507837420 candidates (MITM path)
  MITM b1=252: s=4 t=2 j=2 je=3 Q=63504 table=168100 yh=13215395
stage b2=411 vs b1={253}: values [56527534098288570421020715011, 68777479182635902650515347441), 2541459600888 candidates (MITM path)
  MITM b1=253: s=4 t=2 j=2 je=3 Q=64009 table=168921 yh=15045256
stage b2=412 vs b1={254}: values [58058976609150249860268556288, 72111511618440250457975689216), 2873236532417 candidates (MITM path)
  MITM b1=254: s=4 t=2 j=2 je=3 Q=64516 table=169744 yh=16926882
stage b2=413 vs b1={255}: values [59628044680704813913766929637, 75593101654204447168212890625), 3217141498669 candidates (MITM path)
  MITM b1=255: s=3 t=3 j=3 je=3 Q=16581375 table=70444997 yh=45669
stage b2=414 vs b1={256}: values [61235568249106027885106264064, 79228162514264337593543950336), 3573483161005 candidates (MITM path)
  MITM b1=256: s=3 t=3 j=3 je=3 Q=16777216 table=70957944 yh=50361
stage b2=415 vs b1={257}: values [62882393483304972473974609375, 83022819845310162051379891201), 3942576054116 candidates (MITM path)
  MITM b1=257: s=3 t=3 j=3 je=3 Q=16974593 table=71473375 yh=55162
stage b2=416 vs b1={258}: values [64569383062185555852385058816, 86983418472562773463547252736), 4324740665296 candidates (MITM path)
  MITM b1=258: s=3 t=3 j=3 je=3 Q=17173512 table=71991296 yh=60074
stage b2=417 vs b1={259}: values [66297416455745680759191883233, 91116529343230957588293738481), 4720303514331 candidates (MITM path)
  MITM b1=259: s=3 t=3 j=3 je=3 Q=17373979 table=72511713 yh=65098
stage b2=418 vs b1={260}: values [68067390210373163218005624832, 95428956661682176000000000000), 5129597234028 candidates (MITM path)
  MITM b1=260: s=3 t=3 j=3 je=3 Q=17576000 table=73034632 yh=70236
stage b2=419 vs b1={261}: values [69880218238265974987208422619, 99927745220846124633825584721), 5552960651361 candidates (MITM path)
  MITM b1=261: s=3 t=3 j=3 je=3 Q=17779581 table=73560059 yh=75489
stage b2=420 vs b1={262}: values [71736832111046860800000000000, 104620187934458937028636512256), 5990738869266 candidates (MITM path)
  MITM b1=262: s=3 t=3 j=3 je=3 Q=17984728 table=74088000 yh=80860
stage b2=421 vs b1={263}: values [73638181357622863863877426621, 109513833574845676773925608481), 6443283349046 candidates (MITM path)
  MITM b1=263: s=3 t=3 j=3 je=3 Q=18191447 table=74618461 yh=86350
stage b2=422 vs b1={264}: values [75585233766340778979313276928, 114616494721029974161197367296), 6910951993429 candidates (MITM path)
  MITM b1=264: s=3 t=3 j=3 je=3 Q=18399744 table=75151448 yh=91961
stage b2=423 vs b1={265}: values [77578975691490042023332369527, 119936255922052283847900390625), 7394109230248 candidates (MITM path)
  MITM b1=265: s=3 t=3 j=3 je=3 Q=18609625 table=75686967 yh=97694
stage b2=424 vs b1={266}: values [79620412364205057441922023424, 125481482080472289777685958656), 7893126096759 candidates (MITM path)
  MITM b1=266: s=3 t=3 j=3 je=3 Q=18821096 table=76225024 yh=103551
stage b2=425 vs b1={267}: values [81710568207819461822509765625, 131260827061126477105043503761), 8408380324595 candidates (MITM path)
  MITM b1=267: s=3 t=3 j=3 je=3 Q=19034163 table=76765625 yh=109534
stage b2=426 vs b1={268}: values [83850487157725321590910642176, 137283242530308845011443122176), 8940256425360 candidates (MITM path)
  MITM b1=268: s=3 t=3 j=3 je=3 Q=19248832 table=77308776 yh=115644
stage b2=427 vs b1={269}: values [86041232985790766413028611123, 143557987030641165766449098161), 9489145776854 candidates (MITM path)
  MITM b1=269: s=3 t=3 j=3 je=3 Q=19465109 table=77854483 yh=121884
stage b2=428 vs b1={270}: values [88283889629390066997077737472, 150094635296999121000000000000), 10055446709940 candidates (MITM path)
  MITM b1=270: s=3 t=3 j=3 je=3 Q=19683000 table=78402752 yh=128254
stage b2=429 vs b1={271}: values [90579561525100676704093790229, 156903087818962082857498424641), 10639564596054 candidates (MITM path)
  MITM b1=271: s=3 t=3 j=3 je=3 Q=19902511 table=78953589 yh=134758
stage b2=430 vs b1={272}: values [92929373947122270700000000000, 163993580655357272581489033216), 11241911935351 candidates (MITM path)
  MITM b1=272: s=3 t=3 j=3 je=3 Q=20123648 table=79507000 yh=141396
stage b2=431 vs b1={273}: values [95334473350473334338476729231, 171376695506573539304632176321), 11862908445489 candidates (MITM path)
  MITM b1=273: s=3 t=3 j=3 je=3 Q=20346417 table=80062991 yh=148170
stage b2=432 vs b1={274}: values [97796027719021374067408109568, 179063370050426074779119128576), 12502981151066 candidates (MITM path)
  MITM b1=274: s=3 t=3 j=3 je=3 Q=20570824 table=80621568 yh=155083
stage b2=433 vs b1={275}: values [100315226918403349419823702417, 187064908547461032867431640625), 13162564473688 candidates (MITM path)
  MITM b1=275: s=3 t=3 j=3 je=3 Q=20796875 table=81182737 yh=162136
stage b2=434 vs b1={276}: values [102893283053893453600144246784, 195392992721698273467801010176), 13842100322690 candidates (MITM path)
  MITM b1=276: s=3 t=3 j=3 je=3 Q=21024576 table=81746504 yh=169330
stage b2=435 vs b1={277}: values [105531430833275902825341796875, 204059692922921316864296943121), 14542038186495 candidates (MITM path)
  MITM b1=277: s=3 t=3 j=3 je=3 Q=21253933 table=82312875 yh=176668
stage b2=436 vs b1={278}: values [108230927934780930945540161536, 213077479576736094126128828416), 15262835224623 candidates (MITM path)
  MITM b1=278: s=3 t=3 j=3 je=3 Q=21484952 table=82881856 yh=184152
stage b2=437 vs b1={279}: values [110993055380142725966855596013, 222459234928734230114433331041), 16004956360343 candidates (MITM path)
  MITM b1=279: s=3 t=3 j=3 je=3 Q=21717639 table=83453453 yh=191784
stage b2=438 vs b1={280}: values [113819117912838588948194138112, 232218265089212416000000000000), 16768874373977 candidates (MITM path)
  MITM b1=280: s=3 t=3 j=3 je=3 Q=21952000 table=84027672 yh=199564
stage b2=439 vs b1={281}: values [116710444381569143360604716839, 242368312385016936196463417761), 17555069996845 candidates (MITM path)
  MITM b1=281: s=3 t=3 j=3 je=3 Q=22188041 table=84604519 yh=207496
stage b2=440 vs b1={282}: values [119668388129039974400000000000, 252923568025201628647322750976), 18364032005862 candidates (MITM path)
  MITM b1=282: s=3 t=3 j=3 je=3 Q=22425768 table=85184000 yh=215581
stage b2=441 vs b1={283}: values [122694327386105632949003612841, 263898685087308495981516810961), 19196257318789 candidates (MITM path)
  MITM b1=283: s=3 t=3 j=3 je=3 Q=22665187 table=85766121 yh=223821
stage b2=442 vs b1={284}: values [125789665671337497908806494208, 275308791831202866814366253056), 20052251090126 candidates (MITM path)
  MITM b1=284: s=3 t=3 j=3 je=3 Q=22906304 table=86350888 yh=232219
stage b2=443 vs b1={285}: values [128955832196077553484700318307, 287169505347519450195556640625), 20932526807661 candidates (MITM path)
  MITM b1=285: s=3 t=3 j=3 je=3 Q=23149125 table=86938307 yh=240775
stage b2=444 vs b1={286}: values [132194282275040704726925574144, 299496945547901850804899024896), 21837606389669 candidates (MITM path)
  MITM b1=286: s=3 t=3 j=3 je=3 Q=23393656 table=87528384 yh=249492
stage b2=445 vs b1={287}: values [135506497742528825219189453125, 312307749504346137016129649281), 22768020282769 candidates (MITM path)
  MITM b1=287: s=3 t=3 j=3 je=3 Q=23639903 table=88121125 yh=258372
stage b2=446 vs b1={288}: values [138893987374320305288277456896, 325619086145088897570576531456), 23724307560419 candidates (MITM path)
  MITM b1=288: s=3 t=3 j=3 je=3 Q=23887872 table=88716536 yh=267417
stage b2=447 vs b1={289}: values [142358287315299447497245827903, 339448671314611904643504117121), 24707016022088 candidates (MITM path)
  MITM b1=289: s=3 t=3 j=3 je=3 Q=24137569 table=89314623 yh=276630
stage b2=448 vs b1={290}: values [145900961512890638499422666752, 353814783205469041000000000000), 25716702293060 candidates (MITM path)
  MITM b1=290: s=3 t=3 j=3 je=3 Q=24389000 table=89915392 yh=286011
stage b2=449 vs b1={291}: values [149523602156362812588586992449, 368736278169776566314796884081), 26753931924908 candidates (MITM path)
  MITM b1=291: s=3 t=3 j=3 je=3 Q=24642171 table=90518849 yh=295562
stage b2=450 vs b1={292}: values [153227830122070312500000000000, 384232606918345112299069505536), 27819279496617 candidates (MITM path)
  MITM b1=292: s=3 t=3 j=3 je=3 Q=24897088 table=91125000 yh=305288
stage b2=451 vs b1={293}: values [157015295424696847215234267451, 400323831115571027902364072401), 28913328716371 candidates (MITM path)
  MITM b1=293: s=3 t=3 j=3 je=3 Q=25153757 table=91733851 yh=315188
stage b2=452 vs b1={294}: values [160887677674569844718827470848, 417030640378345864542952820736), 30036672523985 candidates (MITM path)
  MITM b1=294: s=3 t=3 j=3 je=3 Q=25412184 table=92345408 yh=325265
stage b2=453 vs b1={295}: values [164846686541113099864560007197, 434374369687385917207275390625), 31189913194009 candidates (MITM path)
  MITM b1=295: s=3 t=3 j=3 je=3 Q=25672375 table=92959677 yh=335521
stage b2=454 vs b1={296}: values [168894062222506223751543445504, 452377017219528840630098722816), 32373662439482 candidates (MITM path)
  MITM b1=296: s=3 t=3 j=3 je=3 Q=25934336 table=93576664 yh=345959
stage b2=455 vs b1={297}: values [173031575921620011303271484375, 471061262609691461042593862241), 33588541516348 candidates (MITM path)
  MITM b1=297: s=3 t=3 j=3 je=3 Q=26198073 table=94196375 yh=356580
stage b2=456 vs b1={298}: values [177261030328297458104329568256, 490450485651332023716795191296), 34835181328533 candidates (MITM path)
  MITM b1=298: s=3 t=3 j=3 je=3 Q=26463592 table=94818816 yh=367387

*** MATCH: 383072761956657600975603334346 is an 12-digit palindrome in bases 298 and 456
stage b2=457 vs b1={299}: values [181584260108050775997625896793, 510568785444411275443565936401), 36114222533679 candidates (MITM path)
  MITM b1=299: s=3 t=3 j=3 je=3 Q=26730899 table=95443993 yh=378382
stage b2=458 vs b1={300}: values [186003132397245379497877563392, 531441000000000000000000000000), 37426315649545 candidates (MITM path)
  MITM b1=300: s=3 t=3 j=3 je=3 Q=27000000 table=96071912 yh=389566
stage b2=459 vs b1={301}: values [190519547304842441752783207059, 553092726310835924575445943601), 38772121161066 candidates (MITM path)
  MITM b1=301: s=3 t=3 j=3 je=3 Q=27270901 table=96702579 yh=400942
stage b2=460 vs b1={302}: values [195135438420772249600000000000, 575550340897290317159369936896), 40152309628077 candidates (MITM path)
  MITM b1=302: s=3 t=3 j=3 je=3 Q=27543608 table=97336000 yh=412513
stage b2=461 vs b1={303}: values [199852773331011222243920083061, 598841020838364120317909320641), 41567561793696 candidates (MITM path)
  MITM b1=303: s=3 t=3 j=3 je=3 Q=27818127 table=97972181 yh=424280
stage b2=462 vs b1={304}: values [204673554139436097229551679488, 622992765297495137011017711616), 43018568693377 candidates (MITM path)
  MITM b1=304: s=3 t=3 j=3 je=3 Q=28094464 table=98611128 yh=436245
stage b2=463 vs b1={305}: values [209599817996529430739834959087, 648034417553121620683837890625), 44506031764620 candidates (MITM path)
  MITM b1=305: s=3 t=3 j=3 je=3 Q=28372625 table=99252847 yh=448411
stage b2=464 vs b1={306}: values [214633637635011206805784100864, 673995687544113646503571623936), 46030662957358 candidates (MITM path)
  MITM b1=306: s=3 t=3 j=3 je=3 Q=28652616 table=99897344 yh=460780
stage b2=465 vs b1={307}: values [219777121912472001814306640625, 700907174940351875150276622001), 47593184844994 candidates (MITM path)
  MITM b1=307: s=3 t=3 j=3 je=3 Q=28934443 table=100544625 yh=473354
stage b2=466 vs b1={308}: values [225032416361083806744810735616, 728800392748903786995238567936), 49194330736114 candidates (MITM path)
  MITM b1=308: s=3 t=3 j=3 je=3 Q=29218112 table=101194696 yh=486136
stage b2=467 vs b1={309}: values [230401703744465269881211992683, 757707791466420184947746068881), 50834844786869 candidates (MITM path)
  MITM b1=309: s=3 t=3 j=3 je=3 Q=29503629 table=101847563 yh=499127
stage b2=468 vs b1={310}: values [235887204621778787349175468032, 787662783788549761000000000000), 52515482114016 candidates (MITM path)
  MITM b1=310: s=3 t=3 j=3 je=3 Q=29791000 table=102503232 yh=512331
stage b2=469 vs b1={311}: values [241491177919137537737896750669, 818699769887346816976612516321), 54237008908632 candidates (MITM path)
  MITM b1=311: s=3 t=3 j=3 je=3 Q=30080231 table=103161709 yh=525748

*** MATCH: 344501038199648056856403094080 is an 12-digit palindrome in bases 311 and 469
stage b2=470 vs b1={312}: values [247215921508401230300000000000, 850854163267826846772605485056), 56000202550498 candidates (MITM path)
  MITM b1=312: s=3 t=3 j=3 je=3 Q=30371328 table=103823000 yh=539382
stage b2=471 vs b1={313}: values [253063772793440013800811649671, 884162417215006648162206715681), 57805851723145 candidates (MITM path)
  MITM b1=313: s=3 t=3 j=3 je=3 Q=30664297 table=104487111 yh=553235
stage b2=472 vs b1={314}: values [259037109303946675027997360128, 918662051842949959948040605696), 59654756529580 candidates (MITM path)
  MITM b1=314: s=3 t=3 j=3 je=3 Q=30959144 table=105154048 yh=567309
stage b2=473 vs b1={315}: values [265138349296877942293007763977, 954391681757526337812744140625), 61547728608670 candidates (MITM path)
  MITM b1=315: s=3 t=3 j=3 je=3 Q=31255875 table=105823817 yh=581606

*** MATCH: 320005135257618932127593278440 is an 12-digit palindrome in bases 315 and 473
stage b2=474 vs b1={316}: values [271369952365606399975686580224, 991391044344780112897566048256), 63485591252209 candidates (MITM path)
  MITM b1=316: s=3 t=3 j=3 je=3 Q=31554496 table=106496424 yh=596129
stage b2=475 vs b1={317}: values [277734420056865215301513671875, 1029701028696997844179291768561), 65469179522645 candidates (MITM path)
  MITM b1=317: s=3 t=3 j=3 je=3 Q=31855013 table=107171875 yh=610881
stage b2=476 vs b1={318}: values [284234296495568578116086398976, 1069363705188756702611733221376), 67499340371487 candidates (MITM path)
  MITM b1=318: s=3 t=3 j=3 je=3 Q=32157432 table=107850176 yh=625863
stage b2=477 vs b1={319}: values [290872169017591458452425905573, 1110422355715432735355050594561), 69576932758378 candidates (MITM path)
  MITM b1=319: s=3 t=3 j=3 je=3 Q=32461759 table=108531333 yh=641077
stage b2=478 vs b1={320}: values [297650668810592995192411420672, 1152921504606846976000000000000), 71702827770845 candidates (MITM path)
  MITM b1=320: s=3 t=3 j=3 je=3 Q=32768000 table=109215352 yh=656528
stage b2=479 vs b1={321}: values [304572471562968542123015813279, 1196906950228928915420617322241), 73877908744722 candidates (MITM path)
  MITM b1=321: s=3 t=3 j=3 je=3 Q=33076161 table=109902239 yh=672215
stage b2=480 vs b1={322}: values [311640298121016115200000000000, 1242425797286480951825250390016), 76103071385244 candidates (MITM path)
  MITM b1=322: s=3 t=3 j=3 je=3 Q=33386248 table=110592000 yh=688143
stage b2=481 vs b1={323}: values [318856915154403706875322757281, 1289526489840334121941717217521), 78379223888812 candidates (MITM path)
  MITM b1=323: s=3 t=3 j=3 je=3 Q=33698267 table=111284641 yh=704314
done: 634.26s, 101673980 candidates tested
