A171740 search: n=12, threads=1, limit=none
stage b2=281 vs b1={176}: values [862520684644188385040795081, 883389054245605390183038976), 42388749088 candidates (MITM path)
  MITM b1=176: s=4 t=2 j=2 je=3 Q=30976 table=78961 yh=536832
stage b2=282 vs b1={177}: values [896892085195750456196179968, 945538455146635506591955521), 96728797396 candidates (MITM path)
  MITM b1=177: s=4 t=2 j=2 je=3 Q=31329 table=79524 yh=1216348
stage b2=283 vs b1={178}: values [932504187587662529970024067, 1011672693003313726683222016), 154111069026 candidates (MITM path)
  MITM b1=178: s=4 t=2 j=2 je=3 Q=31684 table=80089 yh=1924248
stage b2=284 vs b1={179}: values [969397154335221362022416384, 1082022699327332498100696241), 214648009386 candidates (MITM path)
  MITM b1=179: s=4 t=2 j=2 je=3 Q=32041 table=80656 yh=2661278
stage b2=285 vs b1={180}: values [1007612299464980527001953125, 1156831381426176000000000000), 278455117412 candidates (MITM path)
  MITM b1=180: s=4 t=2 j=2 je=3 Q=32400 table=81225 yh=3428195
stage b2=286 vs b1={181}: values [1047192117300356121695451136, 1236354171303115835117980561), 345651003723 candidates (MITM path)
  MITM b1=181: s=4 t=2 j=2 je=3 Q=32761 table=81796 yh=4225770
stage b2=287 vs b1={182}: values [1088180311861833230021357663, 1320859596446125189798629376), 416357449415 candidates (MITM path)
  MITM b1=182: s=4 t=2 j=2 je=3 Q=33124 table=82369 yh=5054784
stage b2=288 vs b1={183}: values [1130621826892669783231168512, 1410629873249683485564270561), 490699465503 candidates (MITM path)
  MITM b1=183: s=4 t=2 j=2 je=3 Q=33489 table=82944 yh=5916034
stage b2=289 vs b1={184}: values [1174562876521148458974062689, 1505961523834397662438752256), 568805353001 candidates (MITM path)
  MITM b1=184: s=3 t=3 j=3 je=3 Q=6229504 table=24137569 yh=23566
stage b2=290 vs b1={185}: values [1220050976570582900000000000, 1607166017050789863525390625), 650806763645 candidates (MITM path)
  MITM b1=185: s=3 t=3 j=3 je=3 Q=6331625 table=24389000 yh=26685
stage b2=291 vs b1={186}: values [1267134976528441808641913691, 1714570434475502278801821696), 736838761270 candidates (MITM path)
  MITM b1=186: s=3 t=3 j=3 je=3 Q=6434856 table=24642171 yh=29902
stage b2=292 vs b1={187}: values [1315865092186113398284484608, 1828518162230556187140793681), 827039883826 candidates (MITM path)
  MITM b1=187: s=3 t=3 j=3 je=3 Q=6539203 table=24897088 yh=33219
stage b2=293 vs b1={188}: values [1366292938960993269291344957, 1949369609479181830042157056), 921552206044 candidates (MITM path)
  MITM b1=188: s=3 t=3 j=3 je=3 Q=6644672 table=25153757 yh=36637

*** MATCH: 1603808847520186560355462626 is an 12-digit palindrome in bases 188 and 293
stage b2=294 vs b1={189}: values [1418471565912741035860383744, 2077502954475116767205550321), 1020521402755 candidates (MITM path)
  MITM b1=189: s=3 t=3 j=3 je=3 Q=6751269 table=25412184 yh=40159
stage b2=295 vs b1={190}: values [1472455490465714973583984375, 2213314919066161000000000000), 1124096812857 candidates (MITM path)
  MITM b1=190: s=3 t=3 j=3 je=3 Q=6859000 table=25672375 yh=43787
stage b2=296 vs b1={191}: values [1528300733849759596723306496, 2357221572577185690065114881), 1232431503929 candidates (MITM path)
  MITM b1=191: s=3 t=3 j=3 je=3 Q=6967871 table=25934336 yh=47522
stage b2=297 vs b1={192}: values [1586064857271688421018834553, 2509659166022727122011815936), 1345682337508 candidates (MITM path)
  MITM b1=192: s=3 t=3 j=3 je=3 Q=7077888 table=26198073 yh=51366
done: 12.09s, 25116159 candidates tested
