A171740 search: n=12, threads=1, limit=none
stage b2=175 vs b1={114}: values [4714314324855804443359375, 4817904819828488880132096), 3606547165 candidates (MITM path)
  MITM b1=114: s=4 t=2 j=2 je=3 Q=12996 table=30625 yh=117765
stage b2=176 vs b1={115}: values [5019255990031848807858176, 5350250105473711181640625), 11136385749 candidates (MITM path)
  MITM b1=115: s=4 t=2 j=2 je=3 Q=13225 table=30976 yh=359517
stage b2=177 vs b1={116}: values [5342025170319974613513873, 5936027041831326482169856), 19317379647 candidates (MITM path)
  MITM b1=116: s=4 t=2 j=2 je=3 Q=13456 table=31329 yh=616598
stage b2=178 vs b1={117}: values [5683554455074796217321472, 6580067382037190942729361), 28186200847 candidates (MITM path)
  MITM b1=117: s=4 t=2 j=2 je=3 Q=13689 table=31684 yh=889604
stage b2=179 vs b1={118}: values [6044819549314706693299979, 7287592625109126008344576), 37781017503 candidates (MITM path)
  MITM b1=118: s=4 t=2 j=2 je=3 Q=13924 table=32041 yh=1179147
stage b2=180 vs b1={119}: values [6426841007923200000000000, 8064241715186276625588961), 48141536034 candidates (MITM path)
  MITM b1=119: s=3 t=3 j=3 je=3 Q=1685159 table=5832000 yh=8255
stage b2=181 vs b1={120}: values [6830686029298982514463981, 8916100448256000000000000), 59309043875 candidates (MITM path)
  MITM b1=120: s=3 t=3 j=3 je=3 Q=1728000 table=5929741 yh=10002
stage b2=182 vs b1={121}: values [7257470310143544998893568, 9849732675807611094711841), 71326452908 candidates (MITM path)
  MITM b1=121: s=3 t=3 j=3 je=3 Q=1771561 table=6028568 yh=11832
stage b2=183 vs b1={122}: values [7708359963113024511280167, 10872213398722912904482816), 84238343553 candidates (MITM path)
  MITM b1=122: s=3 t=3 j=3 je=3 Q=1815848 table=6128487 yh=13746
stage b2=184 vs b1={123}: values [8184573499099987295862784, 11991163848716906297072721), 98091009526 candidates (MITM path)
  MITM b1=123: s=3 t=3 j=3 je=3 Q=1860867 table=6229504 yh=15747
stage b2=185 vs b1={124}: values [8687383875950215478515625, 13214788658781797667045376), 112932503281 candidates (MITM path)
  MITM b1=124: s=3 t=3 j=3 je=3 Q=1906624 table=6331625 yh=17837
stage b2=186 vs b1={125}: values [9218120615459689670977536, 14551915228366851806640625), 128812682107 candidates (MITM path)
  MITM b1=125: s=3 t=3 j=3 je=3 Q=1953125 table=6434856 yh=20018
stage b2=187 vs b1={126}: values [9778171990537733621073763, 16012035393449278995173376), 145783254912 candidates (MITM path)
  MITM b1=126: s=3 t=3 j=3 je=3 Q=2000376 table=6539203 yh=22294
stage b2=188 vs b1={127}: values [10368987284463733138522112, 17605349516220764271966721), 163897829672 candidates (MITM path)
  MITM b1=127: s=3 t=3 j=3 je=3 Q=2048383 table=6644672 yh=24667
stage b2=189 vs b1={128}: values [10992079124206967022251589, 19342813113834066795298816), 183211961567 candidates (MITM path)
  MITM b1=128: s=3 t=3 j=3 je=3 Q=2097152 table=6751269 yh=27138
stage b2=190 vs b1={129}: values [11649025889821900000000000, 21236186150528020865123841), 203783201780 candidates (MITM path)
  MITM b1=129: s=3 t=3 j=3 je=3 Q=2146689 table=6859000 yh=29711
stage b2=191 vs b1={130}: values [12341474201974794188822591, 23298085122481000000000000), 225671146986 candidates (MITM path)
  MITM b1=130: s=3 t=3 j=3 je=3 Q=2197000 table=6967871 yh=32388
stage b2=192 vs b1={131}: values [13071141489701703760478208, 25542038069936263923006961), 248937489517 candidates (MITM path)
  MITM b1=131: s=3 t=3 j=3 je=3 Q=2248091 table=7077888 yh=35172
stage b2=193 vs b1={132}: values [13839818640542834852821057, 27982542656501458535448576), 273646068202 candidates (MITM path)
  MITM b1=132: s=3 t=3 j=3 je=3 Q=2299968 table=7189057 yh=38065
stage b2=194 vs b1={133}: values [14649372735243886851590144, 30635127461052805121505361), 299862919898 candidates (MITM path)
  MITM b1=133: s=3 t=3 j=3 je=3 Q=2352637 table=7301384 yh=41070
stage b2=195 vs b1={134}: values [15501749869261349560546875, 33516416633376182864121856), 327656331695 candidates (MITM path)
  MITM b1=134: s=3 t=3 j=3 je=3 Q=2406104 table=7414875 yh=44190
stage b2=196 vs b1={135}: values [16398978063355821105872896, 36644198070556426025390625), 357096893811 candidates (MITM path)
  MITM b1=135: s=3 t=3 j=3 je=3 Q=2460375 table=7529536 yh=47427
stage b2=197 vs b1={136}: values [17343170265605241347130653, 40037495277186834126340096), 388257553166 candidates (MITM path)
  MITM b1=136: s=3 t=3 j=3 je=3 Q=2515456 table=7645373 yh=50784
stage b2=198 vs b1={137}: values [18336527447218512795850752, 43716643078717303412870881), 421213667643 candidates (MITM path)
  MITM b1=137: s=3 t=3 j=3 je=3 Q=2571353 table=7762392 yh=54264
stage b2=199 vs b1={138}: values [19381341794579313317802199, 47703367363695867545849856), 456043061042 candidates (MITM path)
  MITM b1=138: s=3 t=3 j=3 je=3 Q=2628072 table=7880599 yh=57870
stage b2=200 vs b1={139}: values [20480000000000000000000000, 52020869037289085480011921), 492826078708 candidates (MITM path)
  MITM b1=139: s=3 t=3 j=3 je=3 Q=2685619 table=8000000 yh=61604
stage b2=201 vs b1={140}: values [21634986653716369322202201, 56693912375296000000000000), 531645643860 candidates (MITM path)
  MITM b1=140: s=3 t=3 j=3 je=3 Q=2744000 table=8120601 yh=65469
stage b2=202 vs b1={141}: values [22848887739705683048654848, 61748917974902741368975281), 572587314599 candidates (MITM path)
  MITM b1=141: s=3 t=3 j=3 je=3 Q=2803221 table=8242408 yh=69469
stage b2=203 vs b1={142}: values [24124394237962799952684947, 67214060505664762405851136), 615739341615 candidates (MITM path)
  MITM b1=142: s=3 t=3 j=3 je=3 Q=2863288 table=8365427 yh=73606
stage b2=204 vs b1={143}: values [25464305835922478547861504, 73119371471655725294164801), 661192726574 candidates (MITM path)
  MITM b1=143: s=3 t=3 j=3 je=3 Q=2924207 table=8489664 yh=77883
stage b2=205 vs b1={144}: values [26871534751769943408203125, 79496847203390844133441536), 709041281207 candidates (MITM path)
  MITM b1=144: s=3 t=3 j=3 je=3 Q=2985984 table=8615125 yh=82302
stage b2=206 vs b1={145}: values [28349109672436645439584256, 86380562306022715087890625), 759381687080 candidates (MITM path)
  MITM b1=145: s=3 t=3 j=3 je=3 Q=3048625 table=8741816 yh=86868
stage b2=207 vs b1={146}: values [29900179809133802678274543, 93806788798424099682390016), 812313556068 candidates (MITM path)
  MITM b1=146: s=3 t=3 j=3 je=3 Q=3112136 table=8869743 yh=91583
stage b2=208 vs b1={147}: values [31528019073332790943547392, 101814121186119595835681841), 867939491511 candidates (MITM path)
  MITM b1=147: s=3 t=3 j=3 je=3 Q=3176523 table=8998912 yh=96450
stage b2=209 vs b1={148}: values [33236030376158771102541809, 110443607719611533356957696), 926365150076 candidates (MITM path)
  MITM b1=148: s=3 t=3 j=3 je=3 Q=3241792 table=9129329 yh=101472
stage b2=210 vs b1={149}: values [35027750054222100000000000, 119738888098469732352733201), 987699304301 candidates (MITM path)
  MITM b1=149: s=3 t=3 j=3 je=3 Q=3307949 table=9261000 yh=106652
stage b2=211 vs b1={150}: values [36906852424971083485992811, 129746337890625000000000000), 1052053905846 candidates (MITM path)
  MITM b1=150: s=3 t=3 j=3 je=3 Q=3375000 table=9393931 yh=111993
stage b2=212 vs b1={151}: values [38877154474709500704063488, 140515219945627518837736801), 1119544149432 candidates (MITM path)
  MITM b1=151: s=3 t=3 j=3 je=3 Q=3442951 table=9528128 yh=117499
stage b2=213 vs b1={152}: values [40942620682483067183061837, 152097843090208773684330496), 1190288537480 candidates (MITM path)
  MITM b1=152: s=3 t=3 j=3 je=3 Q=3511808 table=9663597 yh=123173
stage b2=214 vs b1={153}: values [43107367983100618650916864, 164549728404324620728411041), 1264408945447 candidates (MITM path)
  MITM b1=153: s=3 t=3 j=3 je=3 Q=3581577 table=9800344 yh=129017
stage b2=215 vs b1={154}: values [45375670872618296240234375, 177929783385962838621884416), 1342030687859 candidates (MITM path)
  MITM b1=154: s=3 t=3 j=3 je=3 Q=3652264 table=9938375 yh=135036
stage b2=216 vs b1={155}: values [47751966659678405306351616, 192300484323376406494140625), 1423282585042 candidates (MITM path)
  MITM b1=155: s=3 t=3 j=3 je=3 Q=3723875 table=10077696 yh=141231
stage b2=217 vs b1={156}: values [50240860866158912890695433, 207728067204059288762843136), 1508297030552 candidates (MITM path)
  MITM b1=156: s=3 t=3 j=3 je=3 Q=3796416 table=10218313 yh=147608
stage b2=218 vs b1={157}: values [52847132780654751438252032, 224282727500720205065439601), 1597210059308 candidates (MITM path)
  MITM b1=157: s=3 t=3 j=3 je=3 Q=3869893 table=10360232 yh=154168

*** MATCH: 143846646944000294713069200 is an 12-digit palindrome in bases 157 and 218
stage b2=219 vs b1={158}: values [55575741168378217259860419, 242038829185737332250382336), 1690161416418 candidates (MITM path)
  MITM b1=158: s=3 t=3 j=3 je=3 Q=3944312 table=10503459 yh=160915
stage b2=220 vs b1={159}: values [58431830141132800000000000, 261075123337098804348567681), 1787294626709 candidates (MITM path)
  MITM b1=159: s=3 t=3 j=3 je=3 Q=4019679 table=10648000 yh=167853
stage b2=221 vs b1={160}: values [61420735191082762650784421, 281474976710656000000000000), 1888757064963 candidates (MITM path)
  MITM b1=160: s=3 t=3 j=3 je=3 Q=4096000 table=10793861 yh=174985
stage b2=222 vs b1={161}: values [64547989392109719104944128, 303326610665644763629211521), 1994700026841 candidates (MITM path)
  MITM b1=161: s=3 t=3 j=3 je=3 Q=4173281 table=10941048 yh=182314
stage b2=223 vs b1={162}: values [67819329772617336566541727, 326723350842869800400326656), 2105278800525 candidates (MITM path)
  MITM b1=162: s=3 t=3 j=3 je=3 Q=4251528 table=11089567 yh=189844
stage b2=224 vs b1={163}: values [71240703863716132079796224, 351763888007705494736404081), 2220652739049 candidates (MITM path)
  MITM b1=163: s=3 t=3 j=3 je=3 Q=4330747 table=11239424 yh=197578
stage b2=225 vs b1={164}: values [74818276426792144775390625, 378552550483148382977130496), 2340985333339 candidates (MITM path)
  MITM b1=164: s=3 t=3 j=3 je=3 Q=4410944 table=11390625 yh=205519
stage b2=226 vs b1={165}: values [78558436364536056991614976, 407199588611568593994140625), 2466444285957 candidates (MITM path)
  MITM b1=165: s=3 t=3 j=3 je=3 Q=4492125 table=11543176 yh=213672
stage b2=227 vs b1={166}: values [82467803819583117066183323, 437821471697555965584019456), 2597201585544 candidates (MITM path)
  MITM b1=166: s=3 t=3 j=3 je=3 Q=4574296 table=11697083 yh=222039
stage b2=228 vs b1={167}: values [86553237464988993215004672, 470541197898347534873984161), 2733433581970 candidates (MITM path)
  MITM b1=167: s=3 t=3 j=3 je=3 Q=4657463 table=11852352 yh=230624
stage b2=229 vs b1={168}: values [90821841990842470457948029, 505488617542763051300683776), 2875321062189 candidates (MITM path)
  MITM b1=168: s=3 t=3 j=3 je=3 Q=4741632 table=12008989 yh=239431
stage b2=230 vs b1={169}: values [95280975791392700000000000, 542800770374370512771595361), 3023049326796 candidates (MITM path)
  MITM b1=169: s=3 t=3 j=3 je=3 Q=4826809 table=12167000 yh=248464
stage b2=231 vs b1={170}: values [99938258857146531850367031, 582622237229761000000000000), 3176808267288 candidates (MITM path)
  MITM b1=170: s=3 t=3 j=3 je=3 Q=4913000 table=12326391 yh=257725
stage b2=232 vs b1={171}: values [104801580876470315823136768, 625105506678337880602119441), 3336792444038 candidates (MITM path)
  MITM b1=171: s=3 t=3 j=3 je=3 Q=5000211 table=12487168 yh=267218
stage b2=233 vs b1={172}: values [109879109551310452512114617, 670411357165926452996079616), 3503201164966 candidates (MITM path)
  MITM b1=172: s=3 t=3 j=3 je=3 Q=5088448 table=12649337 yh=276948
stage b2=234 vs b1={173}: values [115179299131727923510339584, 718709255220793060317103921), 3676238564919 candidates (MITM path)
  MITM b1=173: s=3 t=3 j=3 je=3 Q=5177717 table=12812904 yh=286917
stage b2=235 vs b1={174}: values [120710899174024038232421875, 770177770297334467043659776), 3856113685759 candidates (MITM path)
  MITM b1=174: s=3 t=3 j=3 je=3 Q=5268024 table=12977875 yh=297130
stage b2=236 vs b1={175}: values [126482963527317712416014336, 825005006849765777587890625), 4043040557156 candidates (MITM path)
  MITM b1=175: s=3 t=3 j=3 je=3 Q=5359375 table=13144256 yh=307590
stage b2=237 vs b1={176}: values [132504859553518749988128213, 883389054245605390183038976), 4237238278090 candidates (MITM path)
  MITM b1=176: s=3 t=3 j=3 je=3 Q=5451776 table=13312053 yh=318301
stage b2=238 vs b1={177}: values [138786277585726844783245312, 945538455146635506591955521), 4438931099057 candidates (MITM path)
  MITM b1=177: s=3 t=3 j=3 je=3 Q=5545233 table=13481272 yh=329267
done: 43.35s, 6364279 candidates tested
