A171740 search: n=12, threads=1, limit=none
stage b2=202 vs b1={130}: values [22848887739705683048654848, 23298085122481000000000000), 6611941471 candidates (MITM path)
  MITM b1=130: s=4 t=2 j=2 je=3 Q=16900 table=40804 yh=162042
stage b2=203 vs b1={131}: values [24124394237962799952684947, 25542038069936263923006961), 20257735911 candidates (MITM path)
  MITM b1=131: s=4 t=2 j=2 je=3 Q=17161 table=41209 yh=491586
stage b2=204 vs b1={132}: values [25464305835922478547861504, 27982542656501458535448576), 34939409848 candidates (MITM path)
  MITM b1=132: s=4 t=2 j=2 je=3 Q=17424 table=41616 yh=839567
stage b2=205 vs b1={133}: values [26871534751769943408203125, 30635127461052805121505361), 50708346844 candidates (MITM path)
  MITM b1=133: s=4 t=2 j=2 je=3 Q=17689 table=42025 yh=1206624
stage b2=206 vs b1={134}: values [28349109672436645439584256, 33516416633376182864121856), 67617784832 candidates (MITM path)
  MITM b1=134: s=4 t=2 j=2 je=3 Q=17956 table=42436 yh=1593407
stage b2=207 vs b1={135}: values [29900179809133802678274543, 36644198070556426025390625), 85722862514 candidates (MITM path)
  MITM b1=135: s=4 t=2 j=2 je=3 Q=18225 table=42849 yh=2000581
stage b2=208 vs b1={136}: values [31528019073332790943547392, 40037495277186834126340096), 105080666411 candidates (MITM path)
  MITM b1=136: s=3 t=3 j=3 je=3 Q=2515456 table=8998912 yh=11678
stage b2=209 vs b1={137}: values [33236030376158771102541809, 43716643078717303412870881), 125750278576 candidates (MITM path)
  MITM b1=137: s=3 t=3 j=3 je=3 Q=2571353 table=9129329 yh=13775
stage b2=210 vs b1={138}: values [35027750054222100000000000, 47703367363695867545849856), 147792824972 candidates (MITM path)
  MITM b1=138: s=3 t=3 j=3 je=3 Q=2628072 table=9261000 yh=15959
stage b2=211 vs b1={139}: values [36906852424971083485992811, 52020869037289085480011921), 171271524506 candidates (MITM path)
  MITM b1=139: s=3 t=3 j=3 je=3 Q=2685619 table=9393931 yh=18233
stage b2=212 vs b1={140}: values [38877154474709500704063488, 56693912375296000000000000), 196251738727 candidates (MITM path)
  MITM b1=140: s=3 t=3 j=3 je=3 Q=2744000 table=9528128 yh=20598

*** MATCH: 44216839172300628102257349 is an 12-digit palindrome in bases 140 and 212
stage b2=213 vs b1={141}: values [40942620682483067183061837, 61748917974902741368975281), 222801022194 candidates (MITM path)
  MITM b1=141: s=3 t=3 j=3 je=3 Q=2803221 table=9663597 yh=23056
stage b2=214 vs b1={142}: values [43107367983100618650916864, 67214060505664762405851136), 250989173506 candidates (MITM path)
  MITM b1=142: s=3 t=3 j=3 je=3 Q=2863288 table=9800344 yh=25611
done: 2.83s, 6364433 candidates tested
