A171740 search: n=12, threads=1, limit=none
stage b2=456 vs b1={274}: values [177261030328297458104329568256, 179063370050426074779119128576), 200469172793 candidates (MITM path)
  MITM b1=274: s=4 t=2 j=2 je=3 Q=75076 table=207936 yh=964091
stage b2=457 vs b1={275}: values [181584260108050775997625896793, 187064908547461032867431640625), 601637287248 candidates (MITM path)
  MITM b1=275: s=4 t=2 j=2 je=3 Q=75625 table=208849 yh=2880729
stage b2=458 vs b1={276}: values [186003132397245379497877563392, 195392992721698273467801010176), 1017340336331 candidates (MITM path)
  MITM b1=276: s=4 t=2 j=2 je=3 Q=76176 table=209764 yh=4849929
stage b2=459 vs b1={277}: values [190519547304842441752783207059, 204059692922921316864296943121), 1447928850893 candidates (MITM path)
  MITM b1=277: s=4 t=2 j=2 je=3 Q=76729 table=210681 yh=6872613
stage b2=460 vs b1={278}: values [195135438420772249600000000000, 213077479576736094126128828416), 1893759648122 candidates (MITM path)
  MITM b1=278: s=4 t=2 j=2 je=3 Q=77284 table=211600 yh=8949715
stage b2=461 vs b1={279}: values [199852773331011222243920083061, 222459234928734230114433331041), 2355195911837 candidates (MITM path)
  MITM b1=279: s=4 t=2 j=2 je=3 Q=77841 table=212521 yh=11082180
stage b2=462 vs b1={280}: values [204673554139436097229551679488, 232218265089212416000000000000), 2832607273407 candidates (MITM path)
  MITM b1=280: s=4 t=2 j=2 je=3 Q=78400 table=213444 yh=13270963
stage b2=463 vs b1={281}: values [209599817996529430739834959087, 242368312385016936196463417761), 3326369893270 candidates (MITM path)
  MITM b1=281: s=4 t=2 j=2 je=3 Q=78961 table=214369 yh=15517029
stage b2=464 vs b1={282}: values [214633637635011206805784100864, 252923568025201628647322750976), 3836866543069 candidates (MITM path)
  MITM b1=282: s=4 t=2 j=2 je=3 Q=79524 table=215296 yh=17821356
stage b2=465 vs b1={283}: values [219777121912472001814306640625, 263898685087308495981516810961), 4364486688402 candidates (MITM path)
  MITM b1=283: s=4 t=2 j=2 je=3 Q=80089 table=216225 yh=20184931
stage b2=466 vs b1={284}: values [225032416361083806744810735616, 275308791831202866814366253056), 4909626572187 candidates (MITM path)
  MITM b1=284: s=4 t=2 j=2 je=3 Q=80656 table=217156 yh=22608754
stage b2=467 vs b1={285}: values [230401703744465269881211992683, 287169505347519450195556640625), 5472689298639 candidates (MITM path)
  MITM b1=285: s=4 t=2 j=2 je=3 Q=81225 table=218089 yh=25093835
stage b2=468 vs b1={286}: values [235887204621778787349175468032, 299496945547901850804899024896), 6054084917871 candidates (MITM path)
  MITM b1=286: s=3 t=3 j=3 je=3 Q=23393656 table=102503232 yh=59063
stage b2=469 vs b1={287}: values [241491177919137537737896750669, 312307749504346137016129649281), 6654230511104 candidates (MITM path)
  MITM b1=287: s=3 t=3 j=3 je=3 Q=23639903 table=103161709 yh=64503
stage b2=470 vs b1={288}: values [247215921508401230300000000000, 325619086145088897570576531456), 7273550276499 candidates (MITM path)
  MITM b1=288: s=3 t=3 j=3 je=3 Q=23887872 table=103823000 yh=70058
stage b2=471 vs b1={289}: values [253063772793440013800811649671, 339448671314611904643504117121), 7912475615616 candidates (MITM path)
  MITM b1=289: s=3 t=3 j=3 je=3 Q=24137569 table=104487111 yh=75727
stage b2=472 vs b1={290}: values [259037109303946675027997360128, 353814783205469041000000000000), 8571445220480 candidates (MITM path)
  MITM b1=290: s=3 t=3 j=3 je=3 Q=24389000 table=105154048 yh=81514
stage b2=473 vs b1={291}: values [265138349296877942293007763977, 368736278169776566314796884081), 9250905161280 candidates (MITM path)
  MITM b1=291: s=3 t=3 j=3 je=3 Q=24642171 table=105823817 yh=87418
stage b2=474 vs b1={292}: values [271369952365606399975686580224, 384232606918345112299069505536), 9951308974685 candidates (MITM path)
  MITM b1=292: s=3 t=3 j=3 je=3 Q=24897088 table=106496424 yh=93443
stage b2=475 vs b1={293}: values [277734420056865215301513671875, 400323831115571027902364072401), 10673117752784 candidates (MITM path)
  MITM b1=293: s=3 t=3 j=3 je=3 Q=25153757 table=107171875 yh=99589
stage b2=476 vs b1={294}: values [284234296495568578116086398976, 417030640378345864542952820736), 11416800232655 candidates (MITM path)
  MITM b1=294: s=3 t=3 j=3 je=3 Q=25412184 table=107850176 yh=105858
stage b2=477 vs b1={295}: values [290872169017591458452425905573, 434374369687385917207275390625), 12182832886551 candidates (MITM path)
  MITM b1=295: s=3 t=3 j=3 je=3 Q=25672375 table=108531333 yh=112252
stage b2=478 vs b1={296}: values [297650668810592995192411420672, 452377017219528840630098722816), 12971700012721 candidates (MITM path)
  MITM b1=296: s=3 t=3 j=3 je=3 Q=25934336 table=109215352 yh=118772
stage b2=479 vs b1={297}: values [304572471562968542123015813279, 471061262609691461042593862241), 13783893826850 candidates (MITM path)
  MITM b1=297: s=3 t=3 j=3 je=3 Q=26198073 table=109902239 yh=125420
stage b2=480 vs b1={298}: values [311640298121016115200000000000, 490450485651332023716795191296), 14619914554137 candidates (MITM path)
  MITM b1=298: s=3 t=3 j=3 je=3 Q=26463592 table=110592000 yh=132197
stage b2=481 vs b1={299}: values [318856915154403706875322757281, 510568785444411275443565936401), 15480270521991 candidates (MITM path)
  MITM b1=299: s=3 t=3 j=3 je=3 Q=26730899 table=111284641 yh=139106
stage b2=482 vs b1={300}: values [326225135830024659938776352768, 531441000000000000000000000000), 16365478253364 candidates (MITM path)
  MITM b1=300: s=3 t=3 j=3 je=3 Q=27000000 table=111980168 yh=146147
stage b2=483 vs b1={301}: values [333747820494329024488347411867, 553092726310835924575445943601), 17276062560716 candidates (MITM path)
  MITM b1=301: s=3 t=3 j=3 je=3 Q=27270901 table=112678587 yh=153322
stage b2=484 vs b1={302}: values [341427877364219557396646723584, 575550340897290317159369936896), 18212556640602 candidates (MITM path)
  MITM b1=302: s=3 t=3 j=3 je=3 Q=27543608 table=113379904 yh=160634
stage b2=485 vs b1={303}: values [349268263226601764001611328125, 598841020838364120317909320641), 19175502168905 candidates (MITM path)
  MITM b1=303: s=3 t=3 j=3 je=3 Q=27818127 table=114084125 yh=168083
stage b2=486 vs b1={304}: values [357271984146678126737757198336, 622992765297495137011017711616), 20165449396689 candidates (MITM path)
  MITM b1=304: s=3 t=3 j=3 je=3 Q=28094464 table=114791256 yh=175671
stage b2=487 vs b1={305}: values [365442096185077415058791025463, 648034417553121620683837890625), 21182957246696 candidates (MITM path)
  MITM b1=305: s=3 t=3 j=3 je=3 Q=28372625 table=115501303 yh=183401

*** MATCH: 388985186613063476439047880648 is an 12-digit palindrome in bases 305 and 487
stage b2=488 vs b1={306}: values [373781706123910725302654861312, 673995687544113646503571623936), 22228593410474 candidates (MITM path)
  MITM b1=306: s=3 t=3 j=3 je=3 Q=28652616 table=116214272 yh=191273
stage b2=489 vs b1={307}: values [382293972201846658135397384889, 700907174940351875150276622001), 23302934446139 candidates (MITM path)
  MITM b1=307: s=3 t=3 j=3 je=3 Q=28934443 table=116930169 yh=199290
done: 227.09s, 152294055 candidates tested
