A171740 search: n=12, threads=1, limit=none
stage b2=396 vs b1={241}: values [37553208211903514205902340096, 38388797722185519065061084481), 216681515180 candidates (MITM path)
  MITM b1=241: s=4 t=2 j=2 je=3 Q=58081 table=156816 yh=1381757
stage b2=397 vs b1={242}: values [38609624189220868855209238453, 40344505040107975043939700736), 443125367654 candidates (MITM path)
  MITM b1=242: s=4 t=2 j=2 je=3 Q=58564 table=157609 yh=2811549
stage b2=398 vs b1={243}: values [39692987995298433674858903552, 42391158275216203514294433201), 678845466194 candidates (MITM path)
  MITM b1=243: s=4 t=2 j=2 je=3 Q=59049 table=158404 yh=4285533
stage b2=399 vs b1={244}: values [40803916724384370442551204399, 44532586081169051256761614336), 924094742681 candidates (MITM path)
  MITM b1=244: s=4 t=2 j=2 je=3 Q=59536 table=159201 yh=5804579
stage b2=400 vs b1={245}: values [41943040000000000000000000000, 46772761567521097265869140625), 1179131242071 candidates (MITM path)
  MITM b1=245: s=4 t=2 j=2 je=3 Q=60025 table=160000 yh=7369571
stage b2=401 vs b1={246}: values [43111000196969091338568804401, 49115807124344448192809865216), 1444218195698 candidates (MITM path)
  MITM b1=246: s=4 t=2 j=2 je=3 Q=60516 table=160801 yh=8981401
stage b2=402 vs b1={247}: values [44308452666811124371870107648, 51565999387260564203827465441), 1719624095192 candidates (MITM path)
  MITM b1=247: s=4 t=2 j=2 je=3 Q=61009 table=161604 yh=10640975
stage b2=403 vs b1={248}: values [45536065966540892753630392747, 54127774346370243244217860096), 2005622767027 candidates (MITM path)
  MITM b1=248: s=4 t=2 j=2 je=3 Q=61504 table=162409 yh=12349210
stage b2=404 vs b1={249}: values [46794522090917238883645128704, 56805732602641806617660372001), 2302493447680 candidates (MITM path)
  MITM b1=249: s=4 t=2 j=2 je=3 Q=62001 table=163216 yh=14107033
stage b2=405 vs b1={250}: values [48084516708184142230517578125, 59604644775390625000000000000), 2610520859425 candidates (MITM path)
  MITM b1=250: s=4 t=2 j=2 je=3 Q=62500 table=164025 yh=15915384
stage b2=406 vs b1={251}: values [49406759399347814303098771456, 62529457064557415999535378001), 2929995286741 candidates (MITM path)
  MITM b1=251: s=3 t=3 j=3 je=3 Q=15813251 table=66923416 yh=43782
stage b2=407 vs b1={252}: values [50761973901033889039170022343, 65585296971568246764230148096), 3261212653357 candidates (MITM path)
  MITM b1=252: s=3 t=3 j=3 je=3 Q=16003008 table=67419143 yh=48373
stage b2=408 vs b1={253}: values [52150898351969236066020360192, 68777479182635902650515347441), 3604474599912 candidates (MITM path)
  MITM b1=253: s=3 t=3 j=3 je=3 Q=16194277 table=67917312 yh=53072
stage b2=409 vs b1={254}: values [53574285543133366239295624009, 72111511618440250457975689216), 3960088562253 candidates (MITM path)
  MITM b1=254: s=3 t=3 j=3 je=3 Q=16387064 table=68417929 yh=57881
stage b2=410 vs b1={255}: values [55032903171624844100000000000, 75593101654204447168212890625), 4328367850356 candidates (MITM path)
  MITM b1=255: s=3 t=3 j=3 je=3 Q=16581375 table=68921000 yh=62802
stage b2=411 vs b1={256}: values [56527534098288570421020715011, 79228162514264337593543950336), 4709631727876 candidates (MITM path)
  MITM b1=256: s=3 t=3 j=3 je=3 Q=16777216 table=69426531 yh=67837
stage b2=412 vs b1={257}: values [58058976609150249860268556288, 83022819845310162051379891201), 5104205492335 candidates (MITM path)
  MITM b1=257: s=3 t=3 j=3 je=3 Q=16974593 table=69934528 yh=72986
stage b2=413 vs b1={258}: values [59628044680704813913766929637, 86983418472562773463547252736), 5512420555935 candidates (MITM path)
  MITM b1=258: s=3 t=3 j=3 je=3 Q=17173512 table=70444997 yh=78252
stage b2=414 vs b1={259}: values [61235568249106027885106264064, 91116529343230957588293738481), 5934614527004 candidates (MITM path)
  MITM b1=259: s=3 t=3 j=3 je=3 Q=17373979 table=70957944 yh=83636
stage b2=415 vs b1={260}: values [62882393483304972473974609375, 95428956661682176000000000000), 6371131292082 candidates (MITM path)
  MITM b1=260: s=3 t=3 j=3 je=3 Q=17576000 table=71473375 yh=89140
stage b2=416 vs b1={261}: values [64569383062185555852385058816, 99927745220846124633825584721), 6822321098637 candidates (MITM path)
  MITM b1=261: s=3 t=3 j=3 je=3 Q=17779581 table=71991296 yh=94766
stage b2=417 vs b1={262}: values [66297416455745680759191883233, 104620187934458937028636512256), 7288540638417 candidates (MITM path)
  MITM b1=262: s=3 t=3 j=3 je=3 Q=17984728 table=72511713 yh=100516
stage b2=418 vs b1={263}: values [68067390210373163218005624832, 109513833574845676773925608481), 7770153131437 candidates (MITM path)
  MITM b1=263: s=3 t=3 j=3 je=3 Q=18191447 table=73034632 yh=106390
stage b2=419 vs b1={264}: values [69880218238265974987208422619, 114616494721029974161197367296), 8267528410615 candidates (MITM path)
  MITM b1=264: s=3 t=3 j=3 je=3 Q=18399744 table=73560059 yh=112392
stage b2=420 vs b1={265}: values [71736832111046860800000000000, 119936255922052283847900390625), 8781043007028 candidates (MITM path)
  MITM b1=265: s=3 t=3 j=3 je=3 Q=18609625 table=74088000 yh=118522
stage b2=421 vs b1={266}: values [73638181357622863863877426621, 125481482080472289777685958656), 9311080235825 candidates (MITM path)
  MITM b1=266: s=3 t=3 j=3 je=3 Q=18821096 table=74618461 yh=124783
stage b2=422 vs b1={267}: values [75585233766340778979313276928, 131260827061126477105043503761), 9858030282768 candidates (MITM path)
  MITM b1=267: s=3 t=3 j=3 je=3 Q=19034163 table=75151448 yh=131176
stage b2=423 vs b1={268}: values [77578975691490042023332369527, 137283242530308845011443122176), 10422290291423 candidates (MITM path)
  MITM b1=268: s=3 t=3 j=3 je=3 Q=19248832 table=75686967 yh=137703
stage b2=424 vs b1={269}: values [79620412364205057441922023424, 143557987030641165766449098161), 11004264450990 candidates (MITM path)
  MITM b1=269: s=3 t=3 j=3 je=3 Q=19465109 table=76225024 yh=144366
stage b2=425 vs b1={270}: values [81710568207819461822509765625, 150094635296999121000000000000), 11604364084771 candidates (MITM path)
  MITM b1=270: s=3 t=3 j=3 je=3 Q=19683000 table=76765625 yh=151167
stage b2=426 vs b1={271}: values [83850487157725321590910642176, 156903087818962082857498424641), 12223007739294 candidates (MITM path)
  MITM b1=271: s=3 t=3 j=3 je=3 Q=19902511 table=77308776 yh=158107
stage b2=427 vs b1={272}: values [86041232985790766413028611123, 163993580655357272581489033216), 12860621274067 candidates (MITM path)
  MITM b1=272: s=3 t=3 j=3 je=3 Q=20123648 table=77854483 yh=165188
stage b2=428 vs b1={273}: values [88283889629390066997077737472, 171376695506573539304632176321), 13517637951992 candidates (MITM path)
  MITM b1=273: s=3 t=3 j=3 je=3 Q=20346417 table=78402752 yh=172413
stage b2=429 vs b1={274}: values [90579561525100676704093790229, 179063370050426074779119128576), 14194498530414 candidates (MITM path)
  MITM b1=274: s=3 t=3 j=3 je=3 Q=20570824 table=78953589 yh=179783
stage b2=430 vs b1={275}: values [92929373947122270700000000000, 187064908547461032867431640625), 14891651352825 candidates (MITM path)
  MITM b1=275: s=3 t=3 j=3 je=3 Q=20796875 table=79507000 yh=187300
stage b2=431 vs b1={276}: values [95334473350473334338476729231, 195392992721698273467801010176), 15609552441213 candidates (MITM path)
  MITM b1=276: s=3 t=3 j=3 je=3 Q=21024576 table=80062991 yh=194966
stage b2=432 vs b1={277}: values [97796027719021374067408109568, 204059692922921316864296943121), 16348665589056 candidates (MITM path)
  MITM b1=277: s=3 t=3 j=3 je=3 Q=21253933 table=80621568 yh=202783
stage b2=433 vs b1={278}: values [100315226918403349419823702417, 213077479576736094126128828416), 17109462454977 candidates (MITM path)
  MITM b1=278: s=3 t=3 j=3 je=3 Q=21484952 table=81182737 yh=210753

*** MATCH: 168682608847639693227116832066 is an 12-digit palindrome in bases 278 and 433
stage b2=434 vs b1={279}: values [102893283053893453600144246784, 222459234928734230114433331041), 17892422657035 candidates (MITM path)
  MITM b1=279: s=3 t=3 j=3 je=3 Q=21717639 table=81746504 yh=218877
stage b2=435 vs b1={280}: values [105531430833275902825341796875, 232218265089212416000000000000), 18698033867681 candidates (MITM path)
  MITM b1=280: s=3 t=3 j=3 je=3 Q=21952000 table=82312875 yh=227159
stage b2=436 vs b1={281}: values [108230927934780930945540161536, 242368312385016936196463417761), 19526791909354 candidates (MITM path)
  MITM b1=281: s=3 t=3 j=3 je=3 Q=22188041 table=82881856 yh=235598
stage b2=437 vs b1={282}: values [110993055380142725966855596013, 252923568025201628647322750976), 20379200850739 candidates (MITM path)
  MITM b1=282: s=3 t=3 j=3 je=3 Q=22425768 table=83453453 yh=244199
stage b2=438 vs b1={283}: values [113819117912838588948194138112, 263898685087308495981516810961), 21255773103675 candidates (MITM path)
  MITM b1=283: s=3 t=3 j=3 je=3 Q=22665187 table=84027672 yh=252962
stage b2=439 vs b1={284}: values [116710444381569143360604716839, 275308791831202866814366253056), 22157029520713 candidates (MITM path)
  MITM b1=284: s=3 t=3 j=3 je=3 Q=22906304 table=84604519 yh=261890
stage b2=440 vs b1={285}: values [119668388129039974400000000000, 287169505347519450195556640625), 23083499493339 candidates (MITM path)
  MITM b1=285: s=3 t=3 j=3 je=3 Q=23149125 table=85184000 yh=270984
stage b2=441 vs b1={286}: values [122694327386105632949003612841, 299496945547901850804899024896), 24035721050842 candidates (MITM path)
  MITM b1=286: s=3 t=3 j=3 je=3 Q=23393656 table=85766121 yh=280248
stage b2=442 vs b1={287}: values [125789665671337497908806494208, 312307749504346137016129649281), 25014240959847 candidates (MITM path)
  MITM b1=287: s=3 t=3 j=3 je=3 Q=23639903 table=86350888 yh=289682
stage b2=443 vs b1={288}: values [128955832196077553484700318307, 325619086145088897570576531456), 26019614824497 candidates (MITM path)
  MITM b1=288: s=3 t=3 j=3 je=3 Q=23887872 table=86938307 yh=299289
stage b2=444 vs b1={289}: values [132194282275040704726925574144, 339448671314611904643504117121), 27052407187302 candidates (MITM path)
  MITM b1=289: s=3 t=3 j=3 je=3 Q=24137569 table=87528384 yh=309071
stage b2=445 vs b1={290}: values [135506497742528825219189453125, 353814783205469041000000000000), 28113191630638 candidates (MITM path)
  MITM b1=290: s=3 t=3 j=3 je=3 Q=24389000 table=88121125 yh=319029
stage b2=446 vs b1={291}: values [138893987374320305288277456896, 368736278169776566314796884081), 29202550878909 candidates (MITM path)
  MITM b1=291: s=3 t=3 j=3 je=3 Q=24642171 table=88716536 yh=329167
stage b2=447 vs b1={292}: values [142358287315299447497245827903, 384232606918345112299069505536), 30321076901372 candidates (MITM path)
  MITM b1=292: s=3 t=3 j=3 je=3 Q=24897088 table=89314623 yh=339487
stage b2=448 vs b1={293}: values [145900961512890638499422666752, 400323831115571027902364072401), 31469371015615 candidates (MITM path)
  MITM b1=293: s=3 t=3 j=3 je=3 Q=25153757 table=89915392 yh=349989
stage b2=449 vs b1={294}: values [149523602156362812588586992449, 417030640378345864542952820736), 32648043991702 candidates (MITM path)
  MITM b1=294: s=3 t=3 j=3 je=3 Q=25412184 table=90518849 yh=360677
stage b2=450 vs b1={295}: values [153227830122070312500000000000, 434374369687385917207275390625), 33857716156978 candidates (MITM path)
  MITM b1=295: s=3 t=3 j=3 je=3 Q=25672375 table=91125000 yh=371553
stage b2=451 vs b1={296}: values [157015295424696847215234267451, 452377017219528840630098722816), 35099017501536 candidates (MITM path)
  MITM b1=296: s=3 t=3 j=3 je=3 Q=25934336 table=91733851 yh=382618
stage b2=452 vs b1={297}: values [160887677674569844718827470848, 471061262609691461042593862241), 36372587784350 candidates (MITM path)
  MITM b1=297: s=3 t=3 j=3 je=3 Q=26198073 table=92345408 yh=393876
stage b2=453 vs b1={298}: values [164846686541113099864560007197, 490450485651332023716795191296), 37679076640064 candidates (MITM path)
  MITM b1=298: s=3 t=3 j=3 je=3 Q=26463592 table=92959677 yh=405328
done: 322.77s, 88101413 candidates tested
