A171740 search: n=12, threads=1, limit=none
stage b2=414 vs b1={251}: values [61235568249106027885106264064, 62529457064557415999535378001), 256977388924 candidates (MITM path)
  MITM b1=251: s=4 t=2 j=2 je=3 Q=63001 table=171396 yh=1499320
stage b2=415 vs b1={252}: values [62882393483304972473974609375, 65585296971568246764230148096), 529105113163 candidates (MITM path)
  MITM b1=252: s=4 t=2 j=2 je=3 Q=63504 table=172225 yh=3072174
stage b2=416 vs b1={253}: values [64569383062185555852385058816, 68777479182635902650515347441), 811943234781 candidates (MITM path)
  MITM b1=253: s=4 t=2 j=2 je=3 Q=64009 table=173056 yh=4691795
stage b2=417 vs b1={254}: values [66297416455745680759191883233, 72111511618440250457975689216), 1105772553336 candidates (MITM path)
  MITM b1=254: s=4 t=2 j=2 je=3 Q=64516 table=173889 yh=6359072
stage b2=418 vs b1={255}: values [68067390210373163218005624832, 75593101654204447168212890625), 1410879332332 candidates (MITM path)
  MITM b1=255: s=4 t=2 j=2 je=3 Q=65025 table=174724 yh=8074903
stage b2=419 vs b1={256}: values [69880218238265974987208422619, 79228162514264337593543950336), 1727555374718 candidates (MITM path)
  MITM b1=256: s=4 t=2 j=2 je=3 Q=65536 table=175561 yh=9840201
stage b2=420 vs b1={257}: values [71736832111046860800000000000, 83022819845310162051379891201), 2056098099014 candidates (MITM path)
  MITM b1=257: s=4 t=2 j=2 je=3 Q=66049 table=176400 yh=11655885
stage b2=421 vs b1={258}: values [73638181357622863863877426621, 86983418472562773463547252736), 2396810616045 candidates (MITM path)
  MITM b1=258: s=4 t=2 j=2 je=3 Q=66564 table=177241 yh=13522891
stage b2=422 vs b1={259}: values [75585233766340778979313276928, 91116529343230957588293738481), 2750001806302 candidates (MITM path)
  MITM b1=259: s=4 t=2 j=2 je=3 Q=67081 table=178084 yh=15442162
stage b2=423 vs b1={260}: values [77578975691490042023332369527, 95428956661682176000000000000), 3115986397923 candidates (MITM path)
  MITM b1=260: s=4 t=2 j=2 je=3 Q=67600 table=178929 yh=17414653
stage b2=424 vs b1={261}: values [79620412364205057441922023424, 99927745220846124633825584721), 3495085045290 candidates (MITM path)
  MITM b1=261: s=3 t=3 j=3 je=3 Q=17779581 table=76225024 yh=45853
stage b2=425 vs b1={262}: values [81710568207819461822509765625, 104620187934458937028636512256), 3887624408255 candidates (MITM path)
  MITM b1=262: s=3 t=3 j=3 je=3 Q=17984728 table=76765625 yh=50643
stage b2=426 vs b1={263}: values [83850487157725321590910642176, 109513833574845676773925608481), 4293937231986 candidates (MITM path)
  MITM b1=263: s=3 t=3 j=3 je=3 Q=18191447 table=77308776 yh=55543
stage b2=427 vs b1={264}: values [86041232985790766413028611123, 114616494721029974161197367296), 4714362427442 candidates (MITM path)
  MITM b1=264: s=3 t=3 j=3 je=3 Q=18399744 table=77854483 yh=60554
stage b2=428 vs b1={265}: values [88283889629390066997077737472, 119936255922052283847900390625), 5149245152468 candidates (MITM path)
  MITM b1=265: s=3 t=3 j=3 je=3 Q=18609625 table=78402752 yh=65677
stage b2=429 vs b1={266}: values [90579561525100676704093790229, 125481482080472289777685958656), 5598936893523 candidates (MITM path)
  MITM b1=266: s=3 t=3 j=3 je=3 Q=18821096 table=78953589 yh=70915
stage b2=430 vs b1={267}: values [92929373947122270700000000000, 131260827061126477105043503761), 6063795548030 candidates (MITM path)
  MITM b1=267: s=3 t=3 j=3 je=3 Q=19034163 table=79507000 yh=76268
stage b2=431 vs b1={268}: values [95334473350473334338476729231, 137283242530308845011443122176), 6544185507359 candidates (MITM path)
  MITM b1=268: s=3 t=3 j=3 je=3 Q=19248832 table=80062991 yh=81738
stage b2=432 vs b1={269}: values [97796027719021374067408109568, 143557987030641165766449098161), 7040477740441 candidates (MITM path)
  MITM b1=269: s=3 t=3 j=3 je=3 Q=19465109 table=80621568 yh=87328
stage b2=433 vs b1={270}: values [100315226918403349419823702417, 150094635296999121000000000000), 7553049878005 candidates (MITM path)
  MITM b1=270: s=3 t=3 j=3 je=3 Q=19683000 table=81182737 yh=93038
stage b2=434 vs b1={271}: values [102893283053893453600144246784, 156903087818962082857498424641), 8082286297458 candidates (MITM path)
  MITM b1=271: s=3 t=3 j=3 je=3 Q=19902511 table=81746504 yh=98871
stage b2=435 vs b1={272}: values [105531430833275902825341796875, 163993580655357272581489033216), 8628578208391 candidates (MITM path)
  MITM b1=272: s=3 t=3 j=3 je=3 Q=20123648 table=82312875 yh=104827
stage b2=436 vs b1={273}: values [108230927934780930945540161536, 171376695506573539304632176321), 9192323738714 candidates (MITM path)
  MITM b1=273: s=3 t=3 j=3 je=3 Q=20346417 table=82881856 yh=110909
stage b2=437 vs b1={274}: values [110993055380142725966855596013, 179063370050426074779119128576), 9773928021439 candidates (MITM path)
  MITM b1=274: s=3 t=3 j=3 je=3 Q=20570824 table=83453453 yh=117119
stage b2=438 vs b1={275}: values [113819117912838588948194138112, 187064908547461032867431640625), 10373803282088 candidates (MITM path)
  MITM b1=275: s=3 t=3 j=3 je=3 Q=20796875 table=84027672 yh=123457
stage b2=439 vs b1={276}: values [116710444381569143360604716839, 195392992721698273467801010176), 10992368926737 candidates (MITM path)
  MITM b1=276: s=3 t=3 j=3 je=3 Q=21024576 table=84604519 yh=129927
stage b2=440 vs b1={277}: values [119668388129039974400000000000, 204059692922921316864296943121), 11630051630706 candidates (MITM path)
  MITM b1=277: s=3 t=3 j=3 je=3 Q=21253933 table=85184000 yh=136529
stage b2=441 vs b1={278}: values [122694327386105632949003612841, 213077479576736094126128828416), 12287285427877 candidates (MITM path)
  MITM b1=278: s=3 t=3 j=3 je=3 Q=21484952 table=85766121 yh=143266
stage b2=442 vs b1={279}: values [125789665671337497908806494208, 222459234928734230114433331041), 12964511800658 candidates (MITM path)
  MITM b1=279: s=3 t=3 j=3 je=3 Q=21717639 table=86350888 yh=150138
stage b2=443 vs b1={280}: values [128955832196077553484700318307, 232218265089212416000000000000), 13662179770587 candidates (MITM path)
  MITM b1=280: s=3 t=3 j=3 je=3 Q=21952000 table=86938307 yh=157148
stage b2=444 vs b1={281}: values [132194282275040704726925574144, 242368312385016936196463417761), 14380745989568 candidates (MITM path)
  MITM b1=281: s=3 t=3 j=3 je=3 Q=22188041 table=87528384 yh=164299
stage b2=445 vs b1={282}: values [135506497742528825219189453125, 252923568025201628647322750976), 15120674831763 candidates (MITM path)
  MITM b1=282: s=3 t=3 j=3 je=3 Q=22425768 table=88121125 yh=171590

*** MATCH: 167215474592621198875504409856 is an 12-digit palindrome in bases 282 and 445
stage b2=446 vs b1={283}: values [138893987374320305288277456896, 263898685087308495981516810961), 15882438486114 candidates (MITM path)
  MITM b1=283: s=3 t=3 j=3 je=3 Q=22665187 table=88716536 yh=179025
stage b2=447 vs b1={284}: values [142358287315299447497245827903, 275308791831202866814366253056), 16666517049511 candidates (MITM path)
  MITM b1=284: s=3 t=3 j=3 je=3 Q=22906304 table=89314623 yh=186605
stage b2=448 vs b1={285}: values [145900961512890638499422666752, 287169505347519450195556640625), 17473398620612 candidates (MITM path)
  MITM b1=285: s=3 t=3 j=3 je=3 Q=23149125 table=89915392 yh=194332
stage b2=449 vs b1={286}: values [149523602156362812588586992449, 299496945547901850804899024896), 18303579394298 candidates (MITM path)
  MITM b1=286: s=3 t=3 j=3 je=3 Q=23393656 table=90518849 yh=202208
stage b2=450 vs b1={287}: values [153227830122070312500000000000, 312307749504346137016129649281), 19157563756778 candidates (MITM path)
  MITM b1=287: s=3 t=3 j=3 je=3 Q=23639903 table=91125000 yh=210234
stage b2=451 vs b1={288}: values [157015295424696847215234267451, 325619086145088897570576531456), 20035864381341 candidates (MITM path)
  MITM b1=288: s=3 t=3 j=3 je=3 Q=23887872 table=91733851 yh=218413
stage b2=452 vs b1={289}: values [160887677674569844718827470848, 339448671314611904643504117121), 20939002324752 candidates (MITM path)
  MITM b1=289: s=3 t=3 j=3 je=3 Q=24137569 table=92345408 yh=226747
stage b2=453 vs b1={290}: values [164846686541113099864560007197, 353814783205469041000000000000), 21867507124304 candidates (MITM path)
  MITM b1=290: s=3 t=3 j=3 je=3 Q=24389000 table=92959677 yh=235237
done: 260.14s, 93914752 candidates tested
