A171740 search: n=12, threads=1, limit=none
stage b2=304 vs b1={189}: values [2049318306899655055957295104, 2077502954475116767205550321), 35708458874 candidates (MITM path)
  MITM b1=189: s=4 t=2 j=2 je=3 Q=35721 table=92416 yh=386389
stage b2=305 vs b1={190}: values [2124703008370890559619140625, 2213314919066161000000000000), 110076107848 candidates (MITM path)
  MITM b1=190: s=4 t=2 j=2 je=3 Q=36100 table=93025 yh=1183296
stage b2=306 vs b1={191}: values [2202600286091874661776377856, 2357221572577185690065114881), 188339200927 candidates (MITM path)
  MITM b1=191: s=4 t=2 j=2 je=3 Q=36481 table=93636 yh=2011398
stage b2=307 vs b1={192}: values [2283085260392025651955298443, 2509659166022727122011815936), 270632306029 candidates (MITM path)
  MITM b1=192: s=4 t=2 j=2 je=3 Q=36864 table=94249 yh=2871461
stage b2=308 vs b1={193}: values [2366235041392544762971553792, 2671084997624767126594464001), 357093412013 candidates (MITM path)
  MITM b1=193: s=4 t=2 j=2 je=3 Q=37249 table=94864 yh=3764267
stage b2=309 vs b1={194}: values [2452128774972233608245132909, 2841978310637314049208487936), 447863989843 candidates (MITM path)
  MITM b1=194: s=4 t=2 j=2 je=3 Q=37636 table=95481 yh=4690609
stage b2=310 vs b1={195}: values [2540847689640483100000000000, 3022841224505963164306640625), 543089054372 candidates (MITM path)
  MITM b1=195: s=4 t=2 j=2 je=3 Q=38025 table=96100 yh=5651291
stage b2=311 vs b1={196}: values [2632475144332304877738303911, 3214199700417740936751087616), 642917226775 candidates (MITM path)
  MITM b1=196: s=4 t=2 j=2 je=3 Q=38416 table=96721 yh=6647132
stage b2=312 vs b1={197}: values [2727096677140470662732709888, 3416604542324232545384738641), 747500797614 candidates (MITM path)
  MITM b1=197: s=3 t=3 j=3 je=3 Q=7645373 table=30371328 yh=24613
stage b2=313 vs b1={198}: values [2824800055000021240134845737, 3630632434549265533578448896), 856995790539 candidates (MITM path)
  MITM b1=198: s=3 t=3 j=3 je=3 Q=7762392 table=30664297 yh=27948
stage b2=314 vs b1={199}: values [2925675324340604967987390464, 3856887017121283350242637601), 971562026642 candidates (MITM path)
  MITM b1=199: s=3 t=3 j=3 je=3 Q=7880599 table=30959144 yh=31383
stage b2=315 vs b1={200}: values [3029814862722305834326171875, 4096000000000000000000000000), 1091363189440 candidates (MITM path)
  MITM b1=200: s=3 t=3 j=3 je=3 Q=8000000 table=31255875 yh=34918
stage b2=316 vs b1={201}: values [3137313431470823142080905216, 4348632317396990233762642401), 1216566890507 candidates (MITM path)
  MITM b1=201: s=3 t=3 j=3 je=3 Q=8120601 table=31554496 yh=38555
stage b2=317 vs b1={202}: values [3248268229328068909082939333, 4615475323420547975828279296), 1347344735748 candidates (MITM path)
  MITM b1=202: s=3 t=3 j=3 je=3 Q=8242408 table=31855013 yh=42297
stage b2=318 vs b1={203}: values [3362778947134455039659538432, 4897252030306448390395044241), 1483872392323 candidates (MITM path)
  MITM b1=203: s=3 t=3 j=3 je=3 Q=8365427 table=32157432 yh=46144
stage b2=319 vs b1={204}: values [3480947823559350267570691519, 5194718390528185623763746816), 1626329656210 candidates (MITM path)
  MITM b1=204: s=3 t=3 j=3 je=3 Q=8489664 table=32461759 yh=50100
stage b2=320 vs b1={205}: values [3602879701896396800000000000, 5508664624112838398681640625), 1774900520422 candidates (MITM path)
  MITM b1=205: s=3 t=3 j=3 je=3 Q=8615125 table=32768000 yh=54166
stage b2=321 vs b1={206}: values [3728682087940588521559555521, 5839916592521948960554356736), 1929773243870 candidates (MITM path)
  MITM b1=206: s=3 t=3 j=3 je=3 Q=8741816 table=33076161 yh=58344
stage b2=322 vs b1={207}: values [3858465208964226558463510528, 6189337220490697154402830401), 2091140420873 candidates (MITM path)
  MITM b1=207: s=3 t=3 j=3 je=3 Q=8869743 table=33386248 yh=62635
stage b2=323 vs b1={208}: values [3992342073809083968859805627, 6557827967253220516257857536), 2259199051323 candidates (MITM path)
  MITM b1=208: s=3 t=3 j=3 je=3 Q=8998912 table=33698267 yh=67042
stage b2=324 vs b1={209}: values [4130428534112329328517709824, 6946330348617183160431238081), 2434150611504 candidates (MITM path)
  MITM b1=209: s=3 t=3 j=3 je=3 Q=9129329 table=34012224 yh=71567
stage b2=325 vs b1={210}: values [4272843346683979034423828125, 7355827511386641000000000000), 2616201125552 candidates (MITM path)
  MITM b1=210: s=3 t=3 j=3 je=3 Q=9261000 table=34328125 yh=76212
stage b2=326 vs b1={211}: values [4419708237053870265154328576, 7787345861668898615544483121), 2805561237584 candidates (MITM path)
  MITM b1=211: s=3 t=3 j=3 je=3 Q=9393931 table=34645976 yh=80978
stage b2=327 vs b1={212}: values [4571147964206370729019547223, 8241956748638414149261459456), 3002446284470 candidates (MITM path)
  MITM b1=212: s=3 t=3 j=3 je=3 Q=9528128 table=34965783 yh=85869
stage b2=328 vs b1={213}: values [4727290386521267611811971072, 8720778205368893309992171281), 3207076369267 candidates (MITM path)
  MITM b1=213: s=3 t=3 j=3 je=3 Q=9663597 table=35287552 yh=90885
stage b2=329 vs b1={214}: values [4888266528939506518462919129, 9224976748383532391296208896), 3419676435309 candidates (MITM path)
  MITM b1=214: s=3 t=3 j=3 je=3 Q=9800344 table=35611289 yh=96028
stage b2=330 vs b1={215}: values [5054210651372681700000000000, 9755769237612933691650390625), 3640476340951 candidates (MITM path)
  MITM b1=215: s=3 t=3 j=3 je=3 Q=9938375 table=35937000 yh=101302
stage b2=331 vs b1={216}: values [5225260318375411481909498131, 10314424798490535546171949056), 3869710934975 candidates (MITM path)
  MITM b1=216: s=3 t=3 j=3 je=3 Q=10077696 table=36264691 yh=106708
stage b2=332 vs b1={217}: values [5401556470099967575398023168, 10902266807956484097280908961), 4107620132656 candidates (MITM path)
  MITM b1=217: s=3 t=3 j=3 je=3 Q=10218313 table=36594368 yh=112248
stage b2=333 vs b1={218}: values [5583243494552763872208758517, 11520674946182735813538942976), 4354448992482 candidates (MITM path)
  MITM b1=218: s=3 t=3 j=3 je=3 Q=10360232 table=36926037 yh=117924
stage b2=334 vs b1={219}: values [5770469301172549409712093184, 12171087315874829579909431761), 4610447793549 candidates (MITM path)
  MITM b1=219: s=3 t=3 j=3 je=3 Q=10503459 table=37259704 yh=123739
stage b2=335 vs b1={220}: values [5963385395750391459130859375, 12855002631049216000000000000), 4875872113600 candidates (MITM path)
  MITM b1=220: s=3 t=3 j=3 je=3 Q=10648000 table=37595375 yh=129694

*** MATCH: 11479532223676550065341852816 is an 12-digit palindrome in bases 220 and 335
stage b2=336 vs b1={221}: values [6162146956711778149189287936, 13573982477229290545823357041), 5150982907739 candidates (MITM path)
  MITM b1=221: s=3 t=3 j=3 je=3 Q=10793861 table=37933056 yh=135792
stage b2=337 vs b1={222}: values [6366912912781415703444512113, 14329653645048357641297596416), 5436046587811 candidates (MITM path)
  MITM b1=222: s=3 t=3 j=3 je=3 Q=10941048 table=38272753 yh=142035
stage b2=338 vs b1={223}: values [6577846022051543255362291712, 15123710539293666054338805121), 5731335102432 candidates (MITM path)
  MITM b1=223: s=3 t=3 j=3 je=3 Q=11089567 table=38614472 yh=148425
stage b2=339 vs b1={224}: values [6795112952474838324166805739, 15957917665472413585874354176), 6037126017702 candidates (MITM path)
  MITM b1=224: s=3 t=3 j=3 je=3 Q=11239424 table=38958219 yh=154965
stage b2=340 vs b1={225}: values [7018884363803238400000000000, 16834112196028232574462890625), 6353702598573 candidates (MITM path)
  MITM b1=225: s=3 t=3 j=3 je=3 Q=11390625 table=39304000 yh=161656
stage b2=341 vs b1={226}: values [7249334990994258712381121741, 17754206618385148880104984576), 6681353890885 candidates (MITM path)
  MITM b1=226: s=3 t=3 j=3 je=3 Q=11543176 table=39651821 yh=168501
stage b2=342 vs b1={227}: values [7486643729106643154813687808, 18720191467045367574023614321), 7020374804077 candidates (MITM path)
  MITM b1=227: s=3 t=3 j=3 je=3 Q=11697083 table=40001688 yh=175502
stage b2=343 vs b1={228}: values [7730993719707444524137094407, 19734138142017490453021065216), 7371066194555 candidates (MITM path)
  MITM b1=228: s=3 t=3 j=3 je=3 Q=11852352 table=40353607 yh=182662
stage b2=344 vs b1={229}: values [7982572438812891719395180544, 20798201815902925734870098641), 7733734949741 candidates (MITM path)
  MITM b1=229: s=3 t=3 j=3 je=3 Q=12008989 table=40707584 yh=189983
stage b2=345 vs b1={230}: values [8241571786385665345166015625, 21914624432020321000000000000), 8108694072784 candidates (MITM path)
  MITM b1=230: s=3 t=3 j=3 je=3 Q=12167000 table=41063625 yh=197467
stage b2=346 vs b1={231}: values [8508188177411469292077623296, 23085737796000848857434784161), 8496262767946 candidates (MITM path)
  MITM b1=231: s=3 t=3 j=3 je=3 Q=12326391 table=41421736 yh=205117
stage b2=347 vs b1={232}: values [8782622634578054336274824003, 24313966763341113270967730176), 8896766526654 candidates (MITM path)
  MITM b1=232: s=3 t=3 j=3 je=3 Q=12487168 table=41781923 yh=212934
stage b2=348 vs b1={233}: values [9065080882580120623594340352, 25601832525455335435322705761), 9310537214235 candidates (MITM path)
  MITM b1=233: s=3 t=3 j=3 je=3 Q=12649337 table=42144192 yh=220922
stage b2=349 vs b1={234}: values [9355773444073799096880141349, 26951955996824334101419462656), 9737913157308 candidates (MITM path)
  MITM b1=234: s=3 t=3 j=3 je=3 Q=12812904 table=42508549 yh=229082
stage b2=350 vs b1={235}: values [9654915737304687500000000000, 28367061305895648984619140625), 10179239231867 candidates (MITM path)
  MITM b1=235: s=3 t=3 j=3 je=3 Q=12977875 table=42875000 yh=237417
stage b2=351 vs b1={236}: values [9962728175433694563518616351, 29849979392446980130179383296), 10634866952022 candidates (MITM path)
  MITM b1=236: s=3 t=3 j=3 je=3 Q=13144256 table=43243551 yh=245930
stage b2=352 vs b1={237}: values [10279436267585226358493544448, 31403651714183943747186386481), 11105154559431 candidates (MITM path)
  MITM b1=237: s=3 t=3 j=3 je=3 Q=13312053 table=43614208 yh=254623
stage b2=353 vs b1={238}: values [10605270721642531610378603297, 33031134065402989058412384256), 11590467113388 candidates (MITM path)
  MITM b1=238: s=3 t=3 j=3 je=3 Q=13481272 table=43986977 yh=263498
stage b2=354 vs b1={239}: values [10940467548815308008476411904, 34735600510611194263176918721), 12091176581608 candidates (MITM path)
  MITM b1=239: s=3 t=3 j=3 je=3 Q=13651919 table=44361864 yh=272558
stage b2=355 vs b1={240}: values [11285268170004959241748046875, 36520347436056576000000000000), 12607661931674 candidates (MITM path)
  MITM b1=240: s=3 t=3 j=3 je=3 Q=13824000 table=44738875 yh=281806
done: 121.27s, 29837263 candidates tested
