A171740 search: n=12, threads=1, limit=none
stage b2=440 vs b1={265}: values [119668388129039974400000000000, 119936255922052283847900390625), 36915133266 candidates (MITM path)
  MITM b1=265: s=4 t=2 j=2 je=3 Q=70225 table=193600 yh=190678
stage b2=441 vs b1={266}: values [122694327386105632949003612841, 125481482080472289777685958656), 378904302753 candidates (MITM path)
  MITM b1=266: s=4 t=2 j=2 je=3 Q=70756 table=194481 yh=1948285
stage b2=442 vs b1={267}: values [125789665671337497908806494208, 131260827061126477105043503761), 733746275546 candidates (MITM path)
  MITM b1=267: s=4 t=2 j=2 je=3 Q=71289 table=195364 yh=3755791
stage b2=443 vs b1={268}: values [128955832196077553484700318307, 137283242530308845011443122176), 1101761539238 candidates (MITM path)
  MITM b1=268: s=4 t=2 j=2 je=3 Q=71824 table=196249 yh=5614101
stage b2=444 vs b1={269}: values [132194282275040704726925574144, 143557987030641165766449098161), 1483276516505 candidates (MITM path)
  MITM b1=269: s=4 t=2 j=2 je=3 Q=72361 table=197136 yh=7524129
stage b2=445 vs b1={270}: values [135506497742528825219189453125, 150094635296999121000000000000), 1878623643319 candidates (MITM path)
  MITM b1=270: s=4 t=2 j=2 je=3 Q=72900 table=198025 yh=9486801
stage b2=446 vs b1={271}: values [138893987374320305288277456896, 156903087818962082857498424641), 2288141447764 candidates (MITM path)
  MITM b1=271: s=4 t=2 j=2 je=3 Q=73441 table=198916 yh=11503054
stage b2=447 vs b1={272}: values [142358287315299447497245827903, 163993580655357272581489033216), 2712174629470 candidates (MITM path)
  MITM b1=272: s=4 t=2 j=2 je=3 Q=73984 table=199809 yh=13573837
stage b2=448 vs b1={273}: values [145900961512890638499422666752, 171376695506573539304632176321), 3151074139657 candidates (MITM path)
  MITM b1=273: s=4 t=2 j=2 je=3 Q=74529 table=200704 yh=15700107
stage b2=449 vs b1={274}: values [149523602156362812588586992449, 179063370050426074779119128576), 3605197261800 candidates (MITM path)
  MITM b1=274: s=4 t=2 j=2 je=3 Q=75076 table=201601 yh=17882835
stage b2=450 vs b1={275}: values [153227830122070312500000000000, 187064908547461032867431640625), 4074907692905 candidates (MITM path)
  MITM b1=275: s=4 t=2 j=2 je=3 Q=75625 table=202500 yh=20123001
stage b2=451 vs b1={276}: values [157015295424696847215234267451, 195392992721698273467801010176), 4560575625409 candidates (MITM path)
  MITM b1=276: s=4 t=2 j=2 je=3 Q=76176 table=203401 yh=22421599
stage b2=452 vs b1={277}: values [160887677674569844718827470848, 204059692922921316864296943121), 5062577829690 candidates (MITM path)
  MITM b1=277: s=3 t=3 j=3 je=3 Q=21253933 table=92345408 yh=54823
stage b2=453 vs b1={278}: values [164846686541113099864560007197, 213077479576736094126128828416), 5581297737209 candidates (MITM path)
  MITM b1=278: s=3 t=3 j=3 je=3 Q=21484952 table=92959677 yh=60040
stage b2=454 vs b1={279}: values [168894062222506223751543445504, 222459234928734230114433331041), 6117125524257 candidates (MITM path)
  MITM b1=279: s=3 t=3 j=3 je=3 Q=21717639 table=93576664 yh=65371
stage b2=455 vs b1={280}: values [173031575921620011303271484375, 232218265089212416000000000000), 6670458196340 candidates (MITM path)
  MITM b1=280: s=3 t=3 j=3 je=3 Q=21952000 table=94196375 yh=70815
stage b2=456 vs b1={281}: values [177261030328297458104329568256, 242368312385016936196463417761), 7241699673172 candidates (MITM path)
  MITM b1=281: s=3 t=3 j=3 je=3 Q=22188041 table=94818816 yh=76375
stage b2=457 vs b1={282}: values [181584260108050775997625896793, 252923568025201628647322750976), 7831260874306 candidates (MITM path)
  MITM b1=282: s=3 t=3 j=3 je=3 Q=22425768 table=95443993 yh=82051
stage b2=458 vs b1={283}: values [186003132397245379497877563392, 263898685087308495981516810961), 8439559805374 candidates (MITM path)
  MITM b1=283: s=3 t=3 j=3 je=3 Q=22665187 table=96071912 yh=87847
stage b2=459 vs b1={284}: values [190519547304842441752783207059, 275308791831202866814366253056), 9067021644966 candidates (MITM path)
  MITM b1=284: s=3 t=3 j=3 je=3 Q=22906304 table=96702579 yh=93762
stage b2=460 vs b1={285}: values [195135438420772249600000000000, 287169505347519450195556640625), 9714078832130 candidates (MITM path)
  MITM b1=285: s=3 t=3 j=3 je=3 Q=23149125 table=97336000 yh=99800
stage b2=461 vs b1={286}: values [199852773331011222243920083061, 299496945547901850804899024896), 10381171154499 candidates (MITM path)
  MITM b1=286: s=3 t=3 j=3 je=3 Q=23393656 table=97972181 yh=105961
stage b2=462 vs b1={287}: values [204673554139436097229551679488, 312307749504346137016129649281), 11068745837045 candidates (MITM path)
  MITM b1=287: s=3 t=3 j=3 je=3 Q=23639903 table=98611128 yh=112247
stage b2=463 vs b1={288}: values [209599817996529430739834959087, 325619086145088897570576531456), 11777257631469 candidates (MITM path)
  MITM b1=288: s=3 t=3 j=3 je=3 Q=23887872 table=99252847 yh=118660
stage b2=464 vs b1={289}: values [214633637635011206805784100864, 339448671314611904643504117121), 12507168906213 candidates (MITM path)
  MITM b1=289: s=3 t=3 j=3 je=3 Q=24137569 table=99897344 yh=125201
stage b2=465 vs b1={290}: values [219777121912472001814306640625, 353814783205469041000000000000), 13258949737107 candidates (MITM path)
  MITM b1=290: s=3 t=3 j=3 je=3 Q=24389000 table=100544625 yh=131872
stage b2=466 vs b1={291}: values [225032416361083806744810735616, 368736278169776566314796884081), 14033077998653 candidates (MITM path)
  MITM b1=291: s=3 t=3 j=3 je=3 Q=24642171 table=101194696 yh=138675
stage b2=467 vs b1={292}: values [230401703744465269881211992683, 384232606918345112299069505536), 14830039455929 candidates (MITM path)
  MITM b1=292: s=3 t=3 j=3 je=3 Q=24897088 table=101847563 yh=145611
stage b2=468 vs b1={293}: values [235887204621778787349175468032, 400323831115571027902364072401), 15650327857141 candidates (MITM path)
  MITM b1=293: s=3 t=3 j=3 je=3 Q=25153757 table=102503232 yh=152682
stage b2=469 vs b1={294}: values [241491177919137537737896750669, 417030640378345864542952820736), 16494445026801 candidates (MITM path)
  MITM b1=294: s=3 t=3 j=3 je=3 Q=25412184 table=103161709 yh=159890
stage b2=470 vs b1={295}: values [247215921508401230300000000000, 434374369687385917207275390625), 17362900959541 candidates (MITM path)
  MITM b1=295: s=3 t=3 j=3 je=3 Q=25672375 table=103823000 yh=167236
stage b2=471 vs b1={296}: values [253063772793440013800811649671, 452377017219528840630098722816), 18256213914568 candidates (MITM path)
  MITM b1=296: s=3 t=3 j=3 je=3 Q=25934336 table=104487111 yh=174723
stage b2=472 vs b1={297}: values [259037109303946675027997360128, 471061262609691461042593862241), 19174910510751 candidates (MITM path)
  MITM b1=297: s=3 t=3 j=3 je=3 Q=26198073 table=105154048 yh=182351
stage b2=473 vs b1={298}: values [265138349296877942293007763977, 490450485651332023716795191296), 20119525822352 candidates (MITM path)
  MITM b1=298: s=3 t=3 j=3 je=3 Q=26463592 table=105823817 yh=190123
stage b2=474 vs b1={299}: values [271369952365606399975686580224, 510568785444411275443565936401), 21090603475385 candidates (MITM path)
  MITM b1=299: s=3 t=3 j=3 je=3 Q=26730899 table=106496424 yh=198041
stage b2=475 vs b1={300}: values [277734420056865215301513671875, 531441000000000000000000000000), 22088695744631 candidates (MITM path)
  MITM b1=300: s=3 t=3 j=3 je=3 Q=27000000 table=107171875 yh=206106
stage b2=476 vs b1={301}: values [284234296495568578116086398976, 553092726310835924575445943601), 23114363651275 candidates (MITM path)
  MITM b1=301: s=3 t=3 j=3 je=3 Q=27270901 table=107850176 yh=214320
stage b2=477 vs b1={302}: values [290872169017591458452425905573, 575550340897290317159369936896), 24168177061199 candidates (MITM path)
  MITM b1=302: s=3 t=3 j=3 je=3 Q=27543608 table=108531333 yh=222684
stage b2=478 vs b1={303}: values [297650668810592995192411420672, 598841020838364120317909320641), 25250714783910 candidates (MITM path)
  MITM b1=303: s=3 t=3 j=3 je=3 Q=27818127 table=109215352 yh=231202
stage b2=479 vs b1={304}: values [304572471562968542123015813279, 622992765297495137011017711616), 26362564672113 candidates (MITM path)
  MITM b1=304: s=3 t=3 j=3 je=3 Q=28094464 table=109902239 yh=239873
stage b2=480 vs b1={305}: values [311640298121016115200000000000, 648034417553121620683837890625), 27504323721922 candidates (MITM path)
  MITM b1=305: s=3 t=3 j=3 je=3 Q=28372625 table=110592000 yh=248701
stage b2=481 vs b1={306}: values [318856915154403706875322757281, 673995687544113646503571623936), 28676598173727 candidates (MITM path)
  MITM b1=306: s=3 t=3 j=3 je=3 Q=28652616 table=111284641 yh=257687
stage b2=482 vs b1={307}: values [326225135830024659938776352768, 700907174940351875150276622001), 29880003613694 candidates (MITM path)
  MITM b1=307: s=3 t=3 j=3 je=3 Q=28934443 table=111980168 yh=266833
stage b2=483 vs b1={308}: values [333747820494329024488347411867, 728800392748903786995238567936), 31115165075915 candidates (MITM path)
  MITM b1=308: s=3 t=3 j=3 je=3 Q=29218112 table=112678587 yh=276141
stage b2=484 vs b1={309}: values [341427877364219557396646723584, 757707791466420184947746068881), 32382717145211 candidates (MITM path)
  MITM b1=309: s=3 t=3 j=3 je=3 Q=29503629 table=113379904 yh=285613
stage b2=485 vs b1={310}: values [349268263226601764001611328125, 787662783788549761000000000000), 33683304060569 candidates (MITM path)
  MITM b1=310: s=3 t=3 j=3 je=3 Q=29791000 table=114084125 yh=295250
stage b2=486 vs b1={311}: values [357271984146678126737757198336, 818699769887346816976612516321), 35017579819240 candidates (MITM path)
  MITM b1=311: s=3 t=3 j=3 je=3 Q=30080231 table=114791256 yh=305055
stage b2=487 vs b1={312}: values [365442096185077415058791025463, 850854163267826846772605485056), 36386208281478 candidates (MITM path)
  MITM b1=312: s=3 t=3 j=3 je=3 Q=30371328 table=115501303 yh=315029
stage b2=488 vs b1={313}: values [373781706123910725302654861312, 884162417215006648162206715681), 37789863275931 candidates (MITM path)
  MITM b1=313: s=3 t=3 j=3 je=3 Q=30664297 table=116214272 yh=325175
stage b2=489 vs b1={314}: values [382293972201846658135397384889, 918662051842949959948040605696), 39229228705680 candidates (MITM path)
  MITM b1=314: s=3 t=3 j=3 je=3 Q=30959144 table=116930169 yh=335493
stage b2=490 vs b1={315}: values [390982104858298804900000000000, 954391681757526337812744140625), 40704998654932 candidates (MITM path)
  MITM b1=315: s=3 t=3 j=3 je=3 Q=31255875 table=117649000 yh=345987
stage b2=491 vs b1={316}: values [399849367486819482609834395891, 991391044344780112897566048256), 42217877496363 candidates (MITM path)
  MITM b1=316: s=3 t=3 j=3 je=3 Q=31554496 table=118370771 yh=356658
stage b2=492 vs b1={317}: values [408899077197794430483230097408, 1029701028696997844179291768561), 43768579999110 candidates (MITM path)
  MITM b1=317: s=3 t=3 j=3 je=3 Q=31855013 table=119095488 yh=367509
stage b2=493 vs b1={318}: values [418134605590533958835165292757, 1069363705188756702611733221376), 45357831437422 candidates (MITM path)
  MITM b1=318: s=3 t=3 j=3 je=3 Q=32157432 table=119823157 yh=378540
stage b2=494 vs b1={319}: values [427559379534856823843881170944, 1110422355715432735355050594561), 46986367699960 candidates (MITM path)
  MITM b1=319: s=3 t=3 j=3 je=3 Q=32461759 table=120553784 yh=389755
stage b2=495 vs b1={320}: values [437176881962263889213818359375, 1152921504606846976000000000000), 48654935399751 candidates (MITM path)
  MITM b1=320: s=3 t=3 j=3 je=3 Q=32768000 table=121287375 yh=401155
stage b2=496 vs b1={321}: values [446990652666799428081282973696, 1196906950228928915420617322241), 50364291984798 candidates (MITM path)
  MITM b1=321: s=3 t=3 j=3 je=3 Q=33076161 table=122023936 yh=412742
stage b2=497 vs b1={322}: values [457004289115698715675308342353, 1242425797286480951825250390016), 52115205849347 candidates (MITM path)
  MITM b1=322: s=3 t=3 j=3 je=3 Q=33386248 table=122763473 yh=424518
stage b2=498 vs b1={323}: values [467221447269921365272965629952, 1289526489840334121941717217521), 53908456445806 candidates (MITM path)
  MITM b1=323: s=3 t=3 j=3 je=3 Q=33698267 table=123505992 yh=436485
stage b2=499 vs b1={324}: values [477645842414670666895611255499, 1338258845052394702439737982976), 55744834397324 candidates (MITM path)
  MITM b1=324: s=3 t=3 j=3 je=3 Q=34012224 table=124251499 yh=448646

*** MATCH: 761269889835434916633107456500 is an 12-digit palindrome in bases 324 and 499
stage b2=500 vs b1={325}: values [488281250000000000000000000000, 1388674087672293186187744140625), 57625141611027 candidates (MITM path)
  MITM b1=325: s=3 t=3 j=3 je=3 Q=34328125 table=125000000 yh=461002
stage b2=501 vs b1={326}: values [499131506491608208145638755501, 1440824885279561706440311115776), 59550191391909 candidates (MITM path)
  MITM b1=326: s=3 t=3 j=3 je=3 Q=34645976 table=125751501 yh=473555
stage b2=502 vs b1={327}: values [510200510231926645287045634048, 1494765384295483228389391941921), 61520808557384 candidates (MITM path)
  MITM b1=327: s=3 t=3 j=3 je=3 Q=34965783 table=126506008 yh=486308
stage b2=503 vs b1={328}: values [521492222311601429966591196647, 1550551246778975776674326511616), 63537829552498 candidates (MITM path)
  MITM b1=328: s=3 t=3 j=3 je=3 Q=35287552 table=127263527 yh=499262
stage b2=504 vs b1={329}: values [533010667451475275290251362304, 1608239688021097644574300393441), 65602102565796 candidates (MITM path)
  MITM b1=329: s=3 t=3 j=3 je=3 Q=35611289 table=128024064 yh=512421
stage b2=505 vs b1={330}: values [544759934895174099174853515625, 1667889514952984961000000000000), 67714487645858 candidates (MITM path)
  MITM b1=330: s=3 t=3 j=3 je=3 Q=35937000 table=128787625 yh=525785
stage b2=506 vs b1={331}: values [556744179312404460981246765056, 1729561165382261200512043881361), 69875856818482 candidates (MITM path)
  MITM b1=331: s=3 t=3 j=3 je=3 Q=36264691 table=129554216 yh=539357
stage b2=507 vs b1={332}: values [568967621713068717313312446243, 1793316748073189235032143691776), 72087094204544 candidates (MITM path)
  MITM b1=332: s=3 t=3 j=3 je=3 Q=36594368 table=130323843 yh=553139
stage b2=508 vs b1={333}: values [581434550372305641487929966592, 1859220083686070369445516586161), 74349096138510 candidates (MITM path)
  MITM b1=333: s=3 t=3 j=3 je=3 Q=36926037 table=131096512 yh=567133
stage b2=509 vs b1={334}: values [594149321766565107986044015109, 1927336746591631502843839123456), 76662771287611 candidates (MITM path)
  MITM b1=334: s=3 t=3 j=3 je=3 Q=37259704 table=131872229 yh=581342
stage b2=510 vs b1={335}: values [607116361520826305100000000000, 1997734107576381138808837890625), 79029040771687 candidates (MITM path)
  MITM b1=335: s=3 t=3 j=3 je=3 Q=37595375 table=132651000 yh=595767
stage b2=511 vs b1={336}: values [620340165367069806017523226111, 2070481377455157458127600746496), 81448838283686 candidates (MITM path)
  MITM b1=336: s=3 t=3 j=3 je=3 Q=37933056 table=133432831 yh=610411
stage b2=512 vs b1={337}: values [633825300114114700748351602688, 2145649651607337092060800582081), 83923110210839 candidates (MITM path)
  MITM b1=337: s=3 t=3 j=3 je=3 Q=38272753 table=134217728 yh=625276
stage b2=513 vs b1={338}: values [647576404628932868625869313537, 2223311955453421620312454598656), 86452815756485 candidates (MITM path)
  MITM b1=338: s=3 t=3 j=3 je=3 Q=38614472 table=135005697 yh=640365
stage b2=514 vs b1={339}: values [661598190829553353623447537664, 2303543290888970191892547145521), 89038927062573 candidates (MITM path)
  MITM b1=339: s=3 t=3 j=3 je=3 Q=38958219 table=135796744 yh=655678
stage b2=515 vs b1={340}: values [675895444689670692433935546875, 2386420683693101056000000000000), 91682429332827 candidates (MITM path)
  MITM b1=340: s=3 t=3 j=3 je=3 Q=39304000 table=136590875 yh=671220
stage b2=516 vs b1={341}: values [690473027255071938191258812416, 2472023231929042220921962513681), 94384320956573 candidates (MITM path)
  MITM b1=341: s=3 t=3 j=3 je=3 Q=39651821 table=137388096 yh=686991
stage b2=517 vs b1={342}: values [705335875671998020885807527133, 2560432155354471958946281230336), 97145613633238 candidates (MITM path)
  MITM b1=342: s=3 t=3 j=3 je=3 Q=40001688 table=138188413 yh=702994
stage b2=518 vs b1={343}: values [720489004227555988960716511232, 2651730845859653471779023381601), 99967332497512 candidates (MITM path)
  MITM b1=343: s=3 t=3 j=3 je=3 Q=40353607 table=138991832 yh=719232
stage b2=519 vs b1={344}: values [735937505402299585294763053719, 2746004918951634751471942107136), 102850516245183 candidates (MITM path)
  MITM b1=344: s=3 t=3 j=3 je=3 Q=40707584 table=139798359 yh=735707
stage b2=520 vs b1={345}: values [751686550935096524800000000000, 2843342266303054544082275390625), 105796217259634 candidates (MITM path)
  MITM b1=345: s=3 t=3 j=3 je=3 Q=41063625 table=140608000 yh=752420
done: 796.34s, 141634439 candidates tested
