A171740 search: n=12, threads=1, limit=none
stage b2=299 vs b1={186}: values [1707587911185321991450053299, 1714570434475502278801821696), 9772040608 candidates (MITM path)
  MITM b1=186: s=4 t=2 j=2 je=3 Q=34596 table=89401 yh=109306
stage b2=300 vs b1={187}: values [1771470000000000000000000000, 1828518162230556187140793681), 78255366572 candidates (MITM path)
  MITM b1=187: s=4 t=2 j=2 je=3 Q=34969 table=90000 yh=869505
stage b2=301 vs b1={188}: values [1837517363158923337459953301, 1949369609479181830042157056), 150399272963 candidates (MITM path)
  MITM b1=188: s=4 t=2 j=2 je=3 Q=35344 table=90601 yh=1660018
stage b2=302 vs b1={189}: values [1905795830785729527017781248, 2077502954475116767205550321), 226332361908 candidates (MITM path)
  MITM b1=189: s=4 t=2 j=2 je=3 Q=35721 table=91204 yh=2481606
stage b2=303 vs b1={190}: values [1976373006067208317880888847, 2213314919066161000000000000), 306186557165 candidates (MITM path)
  MITM b1=190: s=4 t=2 j=2 je=3 Q=36100 table=91809 yh=3335039
stage b2=304 vs b1={191}: values [2049318306899655055957295104, 2357221572577185690065114881), 390097164424 candidates (MITM path)
  MITM b1=191: s=4 t=2 j=2 je=3 Q=36481 table=92416 yh=4221100
stage b2=305 vs b1={192}: values [2124703008370890559619140625, 2509659166022727122011815936), 478202932244 candidates (MITM path)
  MITM b1=192: s=4 t=2 j=2 je=3 Q=36864 table=93025 yh=5140586
stage b2=306 vs b1={193}: values [2202600286091874661776377856, 2671084997624767126594464001), 570646113626 candidates (MITM path)
  MITM b1=193: s=4 t=2 j=2 je=3 Q=37249 table=93636 yh=6094303
stage b2=307 vs b1={194}: values [2283085260392025651955298443, 2841978310637314049208487936), 667572528223 candidates (MITM path)
  MITM b1=194: s=4 t=2 j=2 je=3 Q=37636 table=94249 yh=7083073
stage b2=308 vs b1={195}: values [2366235041392544762971553792, 3022841224505963164306640625), 769131625192 candidates (MITM path)
  MITM b1=195: s=3 t=3 j=3 je=3 Q=7414875 table=29218112 yh=26324
stage b2=309 vs b1={196}: values [2452128774972233608245132909, 3214199700417740936751087616), 875476546690 candidates (MITM path)
  MITM b1=196: s=3 t=3 j=3 je=3 Q=7529536 table=29503629 yh=29674
stage b2=310 vs b1={197}: values [2540847689640483100000000000, 3416604542324232545384738641), 986764192006 candidates (MITM path)
  MITM b1=197: s=3 t=3 j=3 je=3 Q=7645373 table=29791000 yh=33123
stage b2=311 vs b1={198}: values [2632475144332304877738303911, 3630632434549265533578448896), 1103155282339 candidates (MITM path)
  MITM b1=198: s=3 t=3 j=3 je=3 Q=7762392 table=30080231 yh=36674
stage b2=312 vs b1={199}: values [2727096677140470662732709888, 3856887017121283350242637601), 1224814426223 candidates (MITM path)
  MITM b1=199: s=3 t=3 j=3 je=3 Q=7880599 table=30371328 yh=40328
stage b2=313 vs b1={200}: values [2824800055000021240134845737, 4096000000000000000000000000), 1351910185599 candidates (MITM path)
  MITM b1=200: s=3 t=3 j=3 je=3 Q=8000000 table=30664297 yh=44088
stage b2=314 vs b1={201}: values [2925675324340604967987390464, 4348632317396990233762642401), 1484615142525 candidates (MITM path)
  MITM b1=201: s=3 t=3 j=3 je=3 Q=8120601 table=30959144 yh=47955
stage b2=315 vs b1={202}: values [3029814862722305834326171875, 4615475323420547975828279296), 1623105966545 candidates (MITM path)
  MITM b1=202: s=3 t=3 j=3 je=3 Q=8242408 table=31255875 yh=51930
stage b2=316 vs b1={203}: values [3137313431470823142080905216, 4897252030306448390395044241), 1767563482700 candidates (MITM path)
  MITM b1=203: s=3 t=3 j=3 je=3 Q=8365427 table=31554496 yh=56017
stage b2=317 vs b1={204}: values [3248268229328068909082939333, 5194718390528185623763746816), 1918172740195 candidates (MITM path)
  MITM b1=204: s=3 t=3 j=3 je=3 Q=8489664 table=31855013 yh=60216
stage b2=318 vs b1={205}: values [3362778947134455039659538432, 5508664624112838398681640625), 2075123081708 candidates (MITM path)
  MITM b1=205: s=3 t=3 j=3 je=3 Q=8615125 table=32157432 yh=64531
stage b2=319 vs b1={206}: values [3480947823559350267570691519, 5839916592521948960554356736), 2238608213363 candidates (MITM path)
  MITM b1=206: s=3 t=3 j=3 je=3 Q=8741816 table=32461759 yh=68962
stage b2=320 vs b1={207}: values [3602879701896396800000000000, 6189337220490697154402830401), 2408826275351 candidates (MITM path)
  MITM b1=207: s=3 t=3 j=3 je=3 Q=8869743 table=32768000 yh=73512
stage b2=321 vs b1={208}: values [3728682087940588521559555521, 6557827967253220516257857536), 2585979913200 candidates (MITM path)
  MITM b1=208: s=3 t=3 j=3 je=3 Q=8998912 table=33076161 yh=78183
stage b2=322 vs b1={209}: values [3858465208964226558463510528, 6946330348617183160431238081), 2770276349709 candidates (MITM path)
  MITM b1=209: s=3 t=3 j=3 je=3 Q=9129329 table=33386248 yh=82977
stage b2=323 vs b1={210}: values [3992342073809083968859805627, 7355827511386641000000000000), 2961927457537 candidates (MITM path)
  MITM b1=210: s=3 t=3 j=3 je=3 Q=9261000 table=33698267 yh=87896
stage b2=324 vs b1={211}: values [4130428534112329328517709824, 7787345861668898615544483121), 3161149832440 candidates (MITM path)
  MITM b1=211: s=3 t=3 j=3 je=3 Q=9393931 table=34012224 yh=92942
stage b2=325 vs b1={212}: values [4272843346683979034423828125, 8241956748638414149261459456), 3368164867184 candidates (MITM path)
  MITM b1=212: s=3 t=3 j=3 je=3 Q=9528128 table=34328125 yh=98117
stage b2=326 vs b1={213}: values [4419708237053870265154328576, 8720778205368893309992171281), 3583198826097 candidates (MITM path)
  MITM b1=213: s=3 t=3 j=3 je=3 Q=9663597 table=34645976 yh=103424
stage b2=327 vs b1={214}: values [4571147964206370729019547223, 9224976748383532391296208896), 3806482920295 candidates (MITM path)
  MITM b1=214: s=3 t=3 j=3 je=3 Q=9800344 table=34965783 yh=108864
stage b2=328 vs b1={215}: values [4727290386521267611811971072, 9755769237612933691650390625), 4038253383567 candidates (MITM path)
  MITM b1=215: s=3 t=3 j=3 je=3 Q=9938375 table=35287552 yh=114439
stage b2=329 vs b1={216}: values [4888266528939506518462919129, 10314424798490535546171949056), 4278751548915 candidates (MITM path)
  MITM b1=216: s=3 t=3 j=3 je=3 Q=10077696 table=35611289 yh=120152
stage b2=330 vs b1={217}: values [5054210651372681700000000000, 10902266807956484097280908961), 4528223925765 candidates (MITM path)
  MITM b1=217: s=3 t=3 j=3 je=3 Q=10218313 table=35937000 yh=126005
stage b2=331 vs b1={218}: values [5225260318375411481909498131, 11520674946182735813538942976), 4786922277835 candidates (MITM path)
  MITM b1=218: s=3 t=3 j=3 je=3 Q=10360232 table=36264691 yh=132000
stage b2=332 vs b1={219}: values [5401556470099967575398023168, 12171087315874829579909431761), 5055103701674 candidates (MITM path)
  MITM b1=219: s=3 t=3 j=3 je=3 Q=10503459 table=36594368 yh=138139
stage b2=333 vs b1={220}: values [5583243494552763872208758517, 12855002631049216000000000000), 5333030705862 candidates (MITM path)
  MITM b1=220: s=3 t=3 j=3 je=3 Q=10648000 table=36926037 yh=144425
stage b2=334 vs b1={221}: values [5770469301172549409712093184, 13573982477229290545823357041), 5620971290872 candidates (MITM path)
  MITM b1=221: s=3 t=3 j=3 je=3 Q=10793861 table=37259704 yh=150860
stage b2=335 vs b1={222}: values [5963385395750391459130859375, 14329653645048357641297596416), 5919199029613 candidates (MITM path)
  MITM b1=222: s=3 t=3 j=3 je=3 Q=10941048 table=37595375 yh=157445
stage b2=336 vs b1={223}: values [6162146956711778149189287936, 15123710539293666054338805121), 6227993148622 candidates (MITM path)
  MITM b1=223: s=3 t=3 j=3 je=3 Q=11089567 table=37933056 yh=164184
stage b2=337 vs b1={224}: values [6366912912781415703444512113, 15957917665472413585874354176), 6547638609941 candidates (MITM path)
  MITM b1=224: s=3 t=3 j=3 je=3 Q=11239424 table=38272753 yh=171079
stage b2=338 vs b1={225}: values [6577846022051543255362291712, 16834112196028232574462890625), 6878426193652 candidates (MITM path)
  MITM b1=225: s=3 t=3 j=3 je=3 Q=11390625 table=38614472 yh=178131

*** MATCH: 14175632478407215973188681314 is an 12-digit palindrome in bases 225 and 338
stage b2=339 vs b1={226}: values [6795112952474838324166805739, 17754206618385148880104984576), 7220652581087 candidates (MITM path)
  MITM b1=226: s=3 t=3 j=3 je=3 Q=11543176 table=38958219 yh=185344
stage b2=340 vs b1={227}: values [7018884363803238400000000000, 18720191467045367574023614321), 7574620438710 candidates (MITM path)
  MITM b1=227: s=3 t=3 j=3 je=3 Q=11697083 table=39304000 yh=192719
stage b2=341 vs b1={228}: values [7249334990994258712381121741, 19734138142017490453021065216), 7940638502666 candidates (MITM path)
  MITM b1=228: s=3 t=3 j=3 je=3 Q=11852352 table=39651821 yh=200260

*** MATCH: 9911932241585833506533067594 is an 12-digit palindrome in bases 228 and 341
stage b2=342 vs b1={229}: values [7486643729106643154813687808, 20798201815902925734870098641), 8319021664005 candidates (MITM path)
  MITM b1=229: s=3 t=3 j=3 je=3 Q=12008989 table=40001688 yh=207967
stage b2=343 vs b1={230}: values [7730993719707444524137094407, 21914624432020321000000000000), 8710091054578 candidates (MITM path)
  MITM b1=230: s=3 t=3 j=3 je=3 Q=12167000 table=40353607 yh=215845
stage b2=344 vs b1={231}: values [7982572438812891719395180544, 23085737796000848857434784161), 9114174133609 candidates (MITM path)
  MITM b1=231: s=3 t=3 j=3 je=3 Q=12326391 table=40707584 yh=223894
stage b2=345 vs b1={232}: values [8241571786385665345166015625, 24313966763341113270967730176), 9531604774936 candidates (MITM path)
  MITM b1=232: s=3 t=3 j=3 je=3 Q=12487168 table=41063625 yh=232118
stage b2=346 vs b1={233}: values [8508188177411469292077623296, 25601832525455335435322705761), 9962723354931 candidates (MITM path)
  MITM b1=233: s=3 t=3 j=3 je=3 Q=12649337 table=41421736 yh=240520
stage b2=347 vs b1={234}: values [8782622634578054336274824003, 26951955996824334101419462656), 10407876841097 candidates (MITM path)
  MITM b1=234: s=3 t=3 j=3 je=3 Q=12812904 table=41781923 yh=249100
stage b2=348 vs b1={235}: values [9065080882580120623594340352, 28367061305895648984619140625), 10867418881334 candidates (MITM path)
  MITM b1=235: s=3 t=3 j=3 je=3 Q=12977875 table=42144192 yh=257863
stage b2=349 vs b1={236}: values [9355773444073799096880141349, 29849979392446980130179383296), 11341709893891 candidates (MITM path)
  MITM b1=236: s=3 t=3 j=3 je=3 Q=13144256 table=42508549 yh=266811
stage b2=350 vs b1={237}: values [9654915737304687500000000000, 31403651714183943747186386481), 11831117157990 candidates (MITM path)
  MITM b1=237: s=3 t=3 j=3 je=3 Q=13312053 table=42875000 yh=275945
done: 127.70s, 34297220 candidates tested
