A171740 search: n=12, threads=1, limit=none
stage b2=373 vs b1={228}: values [19444516557322886668124300077, 19734138142017490453021065216), 107541956836 candidates (MITM path)
  MITM b1=228: s=4 t=2 j=2 je=3 Q=51984 table=139129 yh=772966
stage b2=374 vs b1={229}: values [20025696236621278455959066624, 20798201815902925734870098641), 282274737054 candidates (MITM path)
  MITM b1=229: s=4 t=2 j=2 je=3 Q=52441 table=139876 yh=2018036
stage b2=375 vs b1={230}: values [20622625015676021575927734375, 21914624432020321000000000000), 464595192042 candidates (MITM path)
  MITM b1=230: s=4 t=2 j=2 je=3 Q=52900 table=140625 yh=3303789
stage b2=376 vs b1={231}: values [21235685958581725467693285376, 23085737796000848857434784161), 654721839213 candidates (MITM path)
  MITM b1=231: s=4 t=2 j=2 je=3 Q=53361 table=141376 yh=4631068
stage b2=377 vs b1={232}: values [21865270389159625050067741673, 24313966763341113270967730176), 852877852739 candidates (MITM path)
  MITM b1=232: s=4 t=2 j=2 je=3 Q=53824 table=142129 yh=6000731
stage b2=378 vs b1={233}: values [22511778046375868461571254272, 25601832525455335435322705761), 1059291133799 candidates (MITM path)
  MITM b1=233: s=4 t=2 j=2 je=3 Q=54289 table=142884 yh=7413645
stage b2=379 vs b1={234}: values [23175617242259741753050742179, 26951955996824334101419462656), 1274194381452 candidates (MITM path)
  MITM b1=234: s=4 t=2 j=2 je=3 Q=54756 table=143641 yh=8870688
stage b2=380 vs b1={235}: values [23857205022355251200000000000, 28367061305895648984619140625), 1497825164127 candidates (MITM path)
  MITM b1=235: s=4 t=2 j=2 je=3 Q=55225 table=144400 yh=10372751
stage b2=381 vs b1={236}: values [24556967328739840381780226181, 29849979392446980130179383296), 1730425991753 candidates (MITM path)
  MITM b1=236: s=4 t=2 j=2 je=3 Q=55696 table=145161 yh=11920737
stage b2=382 vs b1={237}: values [25275339165644378498708666368, 31403651714183943747186386481), 1972244388499 candidates (MITM path)
  MITM b1=237: s=4 t=2 j=2 je=3 Q=56169 table=145924 yh=13515559
stage b2=383 vs b1={238}: values [26012764767708918581052067967, 33031134065402989058412384256), 2223532966158 candidates (MITM path)
  MITM b1=238: s=3 t=3 j=3 je=3 Q=13481272 table=56181887 yh=39578
stage b2=384 vs b1={239}: values [26769697770909089301459369984, 34735600510611194263176918721), 2484549498148 candidates (MITM path)
  MITM b1=239: s=3 t=3 j=3 je=3 Q=13651919 table=56623104 yh=43879
stage b2=385 vs b1={240}: values [27546601386188352049462890625, 36520347436056576000000000000), 2755556994150 candidates (MITM path)
  MITM b1=240: s=3 t=3 j=3 je=3 Q=13824000 table=57066625 yh=48287
stage b2=386 vs b1={241}: values [28343948575831725778577524736, 38388797722185519065061084481), 3036823775376 candidates (MITM path)
  MITM b1=241: s=3 t=3 j=3 je=3 Q=13997521 table=57512456 yh=52803
stage b2=387 vs b1={242}: values [29162222232616955908481341563, 40344505040107975043939700736), 3328623550467 candidates (MITM path)
  MITM b1=242: s=3 t=3 j=3 je=3 Q=14172488 table=57960603 yh=57430
stage b2=388 vs b1={243}: values [30001915361779480272056614912, 42391158275216203514294433201), 3631235492028 candidates (MITM path)
  MITM b1=243: s=3 t=3 j=3 je=3 Q=14348907 table=58411072 yh=62167
stage b2=389 vs b1={244}: values [30863531265827924755035773789, 44532586081169051256761614336), 3944944313794 candidates (MITM path)
  MITM b1=244: s=3 t=3 j=3 je=3 Q=14526784 table=58863869 yh=67019
stage b2=390 vs b1={245}: values [31747583732247243900000000000, 46772761567521097265869140625), 4270040348435 candidates (MITM path)
  MITM b1=245: s=3 t=3 j=3 je=3 Q=14706125 table=59319000 yh=71985
stage b2=391 vs b1={246}: values [32654597224127007351927104791, 49115807124344448192809865216), 4606819625998 candidates (MITM path)
  MITM b1=246: s=3 t=3 j=3 je=3 Q=14886936 table=59776471 yh=77068
stage b2=392 vs b1={247}: values [33585107073752721624827691008, 51565999387260564203827465441), 4955583952979 candidates (MITM path)
  MITM b1=247: s=3 t=3 j=3 je=3 Q=15069223 table=60236288 yh=82270
stage b2=393 vs b1={248}: values [34539659679198468283732168857, 54127774346370243244217860096), 5316640992042 candidates (MITM path)
  MITM b1=248: s=3 t=3 j=3 je=3 Q=15252992 table=60698457 yh=87592
stage b2=394 vs b1={249}: values [35518812703959534278923577344, 56805732602641806617660372001), 5690304342378 candidates (MITM path)
  MITM b1=249: s=3 t=3 j=3 je=3 Q=15438249 table=61162984 yh=93036
stage b2=395 vs b1={250}: values [36523135279664107855419921875, 59604644775390625000000000000), 6076893620695 candidates (MITM path)
  MITM b1=250: s=3 t=3 j=3 je=3 Q=15625000 table=61629875 yh=98604
stage b2=396 vs b1={251}: values [37553208211903514205902340096, 62529457064557415999535378001), 6476734542861 candidates (MITM path)
  MITM b1=251: s=3 t=3 j=3 je=3 Q=15813251 table=62099136 yh=104297
stage b2=397 vs b1={252}: values [38609624189220868855209238453, 65585296971568246764230148096), 6890159006178 candidates (MITM path)
  MITM b1=252: s=3 t=3 j=3 je=3 Q=16003008 table=62570773 yh=110118
stage b2=398 vs b1={253}: values [39692987995298433674858903552, 68777479182635902650515347441), 7317505172312 candidates (MITM path)
  MITM b1=253: s=3 t=3 j=3 je=3 Q=16194277 table=63044792 yh=116069
stage b2=399 vs b1={254}: values [40803916724384370442551204399, 72111511618440250457975689216), 7759117550857 candidates (MITM path)
  MITM b1=254: s=3 t=3 j=3 je=3 Q=16387064 table=63521199 yh=122151
stage b2=400 vs b1={255}: values [41943040000000000000000000000, 75593101654204447168212890625), 8215347083547 candidates (MITM path)
  MITM b1=255: s=3 t=3 j=3 je=3 Q=16581375 table=64000000 yh=128365
stage b2=401 vs b1={256}: values [43111000196969091338568804401, 79228162514264337593543950336), 8686551229115 candidates (MITM path)
  MITM b1=256: s=3 t=3 j=3 je=3 Q=16777216 table=64481201 yh=134715
stage b2=402 vs b1={257}: values [44308452666811124371870107648, 83022819845310162051379891201), 9173094048801 candidates (MITM path)
  MITM b1=257: s=3 t=3 j=3 je=3 Q=16974593 table=64964808 yh=141201
stage b2=403 vs b1={258}: values [45536065966540892753630392747, 86983418472562773463547252736), 9675346292504 candidates (MITM path)
  MITM b1=258: s=3 t=3 j=3 je=3 Q=17173512 table=65450827 yh=147827
stage b2=404 vs b1={259}: values [46794522090917238883645128704, 91116529343230957588293738481), 10193685485583 candidates (MITM path)
  MITM b1=259: s=3 t=3 j=3 je=3 Q=17373979 table=65939264 yh=154593
stage b2=405 vs b1={260}: values [48084516708184142230517578125, 95428956661682176000000000000), 10728496016308 candidates (MITM path)
  MITM b1=260: s=3 t=3 j=3 je=3 Q=17576000 table=66430125 yh=161501
stage b2=406 vs b1={261}: values [49406759399347814303098771456, 99927745220846124633825584721), 11280169223965 candidates (MITM path)
  MITM b1=261: s=3 t=3 j=3 je=3 Q=17779581 table=66923416 yh=168554
stage b2=407 vs b1={262}: values [50761973901033889039170022343, 104620187934458937028636512256), 11849103487607 candidates (MITM path)
  MITM b1=262: s=3 t=3 j=3 je=3 Q=17984728 table=67419143 yh=175753
stage b2=408 vs b1={263}: values [52150898351969236066020360192, 109513833574845676773925608481), 12435704315458 candidates (MITM path)
  MITM b1=263: s=3 t=3 j=3 je=3 Q=18191447 table=67917312 yh=183101
stage b2=409 vs b1={264}: values [53574285543133366239295624009, 114616494721029974161197367296), 13040384434974 candidates (MITM path)
  MITM b1=264: s=3 t=3 j=3 je=3 Q=18399744 table=68417929 yh=190599
stage b2=410 vs b1={265}: values [55032903171624844100000000000, 119936255922052283847900390625), 13663563883551 candidates (MITM path)
  MITM b1=265: s=3 t=3 j=3 je=3 Q=18609625 table=68921000 yh=198250
stage b2=411 vs b1={266}: values [56527534098288570421020715011, 125481482080472289777685958656), 14305670099891 candidates (MITM path)
  MITM b1=266: s=3 t=3 j=3 je=3 Q=18821096 table=69426531 yh=206055
stage b2=412 vs b1={267}: values [58058976609150249860268556288, 131260827061126477105043503761), 14967138016026 candidates (MITM path)
  MITM b1=267: s=3 t=3 j=3 je=3 Q=19034163 table=69934528 yh=214017
stage b2=413 vs b1={268}: values [59628044680704813913766929637, 137283242530308845011443122176), 15648410149991 candidates (MITM path)
  MITM b1=268: s=3 t=3 j=3 je=3 Q=19248832 table=70444997 yh=222137
stage b2=414 vs b1={269}: values [61235568249106027885106264064, 143557987030641165766449098161), 16349936699159 candidates (MITM path)
  MITM b1=269: s=3 t=3 j=3 je=3 Q=19465109 table=70957944 yh=230418
stage b2=415 vs b1={270}: values [62882393483304972473974609375, 150094635296999121000000000000), 17072175634231 candidates (MITM path)
  MITM b1=270: s=3 t=3 j=3 je=3 Q=19683000 table=71473375 yh=238861
stage b2=416 vs b1={271}: values [64569383062185555852385058816, 156903087818962082857498424641), 17815592793887 candidates (MITM path)
  MITM b1=271: s=3 t=3 j=3 je=3 Q=19902511 table=71991296 yh=247469
stage b2=417 vs b1={272}: values [66297416455745680759191883233, 163993580655357272581489033216), 18580661980091 candidates (MITM path)
  MITM b1=272: s=3 t=3 j=3 je=3 Q=20123648 table=72511713 yh=256244
stage b2=418 vs b1={273}: values [68067390210373163218005624832, 171376695506573539304632176321), 19367865054061 candidates (MITM path)
  MITM b1=273: s=3 t=3 j=3 je=3 Q=20346417 table=73034632 yh=265188
stage b2=419 vs b1={274}: values [69880218238265974987208422619, 179063370050426074779119128576), 20177692032892 candidates (MITM path)
  MITM b1=274: s=3 t=3 j=3 je=3 Q=20570824 table=73560059 yh=274303
stage b2=420 vs b1={275}: values [71736832111046860800000000000, 187064908547461032867431640625), 21010641186851 candidates (MITM path)
  MITM b1=275: s=3 t=3 j=3 je=3 Q=20796875 table=74088000 yh=283591
stage b2=421 vs b1={276}: values [73638181357622863863877426621, 195392992721698273467801010176), 21867219137321 candidates (MITM path)
  MITM b1=276: s=3 t=3 j=3 je=3 Q=21024576 table=74618461 yh=293054
stage b2=422 vs b1={277}: values [75585233766340778979313276928, 204059692922921316864296943121), 22747940955420 candidates (MITM path)
  MITM b1=277: s=3 t=3 j=3 je=3 Q=21253933 table=75151448 yh=302695
stage b2=423 vs b1={278}: values [77578975691490042023332369527, 213077479576736094126128828416), 23653330261270 candidates (MITM path)
  MITM b1=278: s=3 t=3 j=3 je=3 Q=21484952 table=75686967 yh=312516
stage b2=424 vs b1={279}: values [79620412364205057441922023424, 222459234928734230114433331041), 24583919323940 candidates (MITM path)
  MITM b1=279: s=3 t=3 j=3 je=3 Q=21717639 table=76225024 yh=322518
stage b2=425 vs b1={280}: values [81710568207819461822509765625, 232218265089212416000000000000), 25540249162051 candidates (MITM path)
  MITM b1=280: s=3 t=3 j=3 je=3 Q=21952000 table=76765625 yh=332705
stage b2=426 vs b1={281}: values [83850487157725321590910642176, 242368312385016936196463417761), 26522869645040 candidates (MITM path)
  MITM b1=281: s=3 t=3 j=3 je=3 Q=22188041 table=77308776 yh=343078
stage b2=427 vs b1={282}: values [86041232985790766413028611123, 252923568025201628647322750976), 27532339595099 candidates (MITM path)
  MITM b1=282: s=3 t=3 j=3 je=3 Q=22425768 table=77854483 yh=353639
stage b2=428 vs b1={283}: values [88283889629390066997077737472, 263898685087308495981516810961), 28569226889774 candidates (MITM path)
  MITM b1=283: s=3 t=3 j=3 je=3 Q=22665187 table=78402752 yh=364391
stage b2=429 vs b1={284}: values [90579561525100676704093790229, 275308791831202866814366253056), 29634108565229 candidates (MITM path)
  MITM b1=284: s=3 t=3 j=3 je=3 Q=22906304 table=78953589 yh=375336
stage b2=430 vs b1={285}: values [92929373947122270700000000000, 287169505347519450195556640625), 30727570920188 candidates (MITM path)
  MITM b1=285: s=3 t=3 j=3 je=3 Q=23149125 table=79507000 yh=386477
stage b2=431 vs b1={286}: values [95334473350473334338476729231, 299496945547901850804899024896), 31850209620530 candidates (MITM path)
  MITM b1=286: s=3 t=3 j=3 je=3 Q=23393656 table=80062991 yh=397815
stage b2=432 vs b1={287}: values [97796027719021374067408109568, 312307749504346137016129649281), 33002629804568 candidates (MITM path)
  MITM b1=287: s=3 t=3 j=3 je=3 Q=23639903 table=80621568 yh=409353
stage b2=433 vs b1={288}: values [100315226918403349419823702417, 325619086145088897570576531456), 34185446188987 candidates (MITM path)
  MITM b1=288: s=3 t=3 j=3 je=3 Q=23887872 table=81182737 yh=421093
stage b2=434 vs b1={289}: values [102893283053893453600144246784, 339448671314611904643504117121), 35399283175451 candidates (MITM path)
  MITM b1=289: s=3 t=3 j=3 je=3 Q=24137569 table=81746504 yh=433038

*** MATCH: 220847092734946873493037904740 is an 12-digit palindrome in bases 289 and 434
stage b2=435 vs b1={290}: values [105531430833275902825341796875, 353814783205469041000000000000), 36644774957892 candidates (MITM path)
  MITM b1=290: s=3 t=3 j=3 je=3 Q=24389000 table=82312875 yh=445189
stage b2=436 vs b1={291}: values [108230927934780930945540161536, 368736278169776566314796884081), 37922565630458 candidates (MITM path)
  MITM b1=291: s=3 t=3 j=3 je=3 Q=24642171 table=82881856 yh=457550
stage b2=437 vs b1={292}: values [110993055380142725966855596013, 384232606918345112299069505536), 39233309296137 candidates (MITM path)
  MITM b1=292: s=3 t=3 j=3 je=3 Q=24897088 table=83453453 yh=470123
stage b2=438 vs b1={293}: values [113819117912838588948194138112, 400323831115571027902364072401), 40577670176054 candidates (MITM path)
  MITM b1=293: s=3 t=3 j=3 je=3 Q=25153757 table=84027672 yh=482909
stage b2=439 vs b1={294}: values [116710444381569143360604716839, 417030640378345864542952820736), 41956322719440 candidates (MITM path)
  MITM b1=294: s=3 t=3 j=3 je=3 Q=25412184 table=84604519 yh=495912
stage b2=440 vs b1={295}: values [119668388129039974400000000000, 434374369687385917207275390625), 43369951714276 candidates (MITM path)
  MITM b1=295: s=3 t=3 j=3 je=3 Q=25672375 table=85184000 yh=509133
stage b2=441 vs b1={296}: values [122694327386105632949003612841, 452377017219528840630098722816), 44819252398603 candidates (MITM path)
  MITM b1=296: s=3 t=3 j=3 je=3 Q=25934336 table=85766121 yh=522576
stage b2=442 vs b1={297}: values [125789665671337497908806494208, 471061262609691461042593862241), 46304930572521 candidates (MITM path)
  MITM b1=297: s=3 t=3 j=3 je=3 Q=26198073 table=86350888 yh=536242
stage b2=443 vs b1={298}: values [128955832196077553484700318307, 490450485651332023716795191296), 47827702710845 candidates (MITM path)
  MITM b1=298: s=3 t=3 j=3 je=3 Q=26463592 table=86938307 yh=550134
stage b2=444 vs b1={299}: values [132194282275040704726925574144, 510568785444411275443565936401), 49388296076454 candidates (MITM path)
  MITM b1=299: s=3 t=3 j=3 je=3 Q=26730899 table=87528384 yh=564255
stage b2=445 vs b1={300}: values [135506497742528825219189453125, 531441000000000000000000000000), 50987448834300 candidates (MITM path)
  MITM b1=300: s=3 t=3 j=3 je=3 Q=27000000 table=88121125 yh=578607
stage b2=446 vs b1={301}: values [138893987374320305288277456896, 553092726310835924575445943601), 52625910166106 candidates (MITM path)
  MITM b1=301: s=3 t=3 j=3 je=3 Q=27270901 table=88716536 yh=593192
stage b2=447 vs b1={302}: values [142358287315299447497245827903, 575550340897290317159369936896), 54304440385731 candidates (MITM path)
  MITM b1=302: s=3 t=3 j=3 je=3 Q=27543608 table=89314623 yh=608013
stage b2=448 vs b1={303}: values [145900961512890638499422666752, 598841020838364120317909320641), 56023811055222 candidates (MITM path)
  MITM b1=303: s=3 t=3 j=3 je=3 Q=27818127 table=89915392 yh=623073
stage b2=449 vs b1={304}: values [149523602156362812588586992449, 622992765297495137011017711616), 57784805101534 candidates (MITM path)
  MITM b1=304: s=3 t=3 j=3 je=3 Q=28094464 table=90518849 yh=638374

*** MATCH: 209500575178292925425378040150 is an 12-digit palindrome in bases 304 and 449
stage b2=450 vs b1={305}: values [153227830122070312500000000000, 648034417553121620683837890625), 59588216933935 candidates (MITM path)
  MITM b1=305: s=3 t=3 j=3 je=3 Q=28372625 table=91125000 yh=653918
stage b2=451 vs b1={306}: values [157015295424696847215234267451, 673995687544113646503571623936), 61434852562090 candidates (MITM path)
  MITM b1=306: s=3 t=3 j=3 je=3 Q=28652616 table=91733851 yh=669708
stage b2=452 vs b1={307}: values [160887677674569844718827470848, 700907174940351875150276622001), 63325529714816 candidates (MITM path)
  MITM b1=307: s=3 t=3 j=3 je=3 Q=28934443 table=92345408 yh=685747
stage b2=453 vs b1={308}: values [164846686541113099864560007197, 728800392748903786995238567936), 65261077959530 candidates (MITM path)
  MITM b1=308: s=3 t=3 j=3 je=3 Q=29218112 table=92959677 yh=702037
stage b2=454 vs b1={309}: values [168894062222506223751543445504, 757707791466420184947746068881), 67242338822365 candidates (MITM path)
  MITM b1=309: s=3 t=3 j=3 je=3 Q=29503629 table=93576664 yh=718581
stage b2=455 vs b1={310}: values [173031575921620011303271484375, 787662783788549761000000000000), 69270165908972 candidates (MITM path)
  MITM b1=310: s=3 t=3 j=3 je=3 Q=29791000 table=94196375 yh=735381
stage b2=456 vs b1={311}: values [177261030328297458104329568256, 818699769887346816976612516321), 71345425026005 candidates (MITM path)
  MITM b1=311: s=3 t=3 j=3 je=3 Q=30080231 table=94818816 yh=752440
stage b2=457 vs b1={312}: values [181584260108050775997625896793, 850854163267826846772605485056), 73468994303284 candidates (MITM path)
  MITM b1=312: s=3 t=3 j=3 je=3 Q=30371328 table=95443993 yh=769761
stage b2=458 vs b1={313}: values [186003132397245379497877563392, 884162417215006648162206715681), 75641764316639 candidates (MITM path)
  MITM b1=313: s=3 t=3 j=3 je=3 Q=30664297 table=96071912 yh=787346
stage b2=459 vs b1={314}: values [190519547304842441752783207059, 918662051842949959948040605696), 77864638211441 candidates (MITM path)
  MITM b1=314: s=3 t=3 j=3 je=3 Q=30959144 table=96702579 yh=805198
stage b2=460 vs b1={315}: values [195135438420772249600000000000, 954391681757526337812744140625), 80138531826812 candidates (MITM path)
  MITM b1=315: s=3 t=3 j=3 je=3 Q=31255875 table=97336000 yh=823319
stage b2=461 vs b1={316}: values [199852773331011222243920083061, 991391044344780112897566048256), 82464373820519 candidates (MITM path)
  MITM b1=316: s=3 t=3 j=3 je=3 Q=31554496 table=97972181 yh=841713
stage b2=462 vs b1={317}: values [204673554139436097229551679488, 1029701028696997844179291768561), 84843105794553 candidates (MITM path)
  MITM b1=317: s=3 t=3 j=3 je=3 Q=31855013 table=98611128 yh=860381
done: 559.62s, 81929919 candidates tested
