A171740 search: n=12, threads=1, limit=none
stage b2=200 vs b1={129}: values [20480000000000000000000000, 21236186150528020865123841), 11815408603 candidates (MITM path)
  MITM b1=129: s=4 t=2 j=2 je=3 Q=16641 table=40000 yh=295386
stage b2=201 vs b1={130}: values [21634986653716369322202201, 23298085122481000000000000), 25219798897 candidates (MITM path)
  MITM b1=130: s=4 t=2 j=2 je=3 Q=16900 table=40401 yh=624237
stage b2=202 vs b1={131}: values [22848887739705683048654848, 25542038069936263923006961), 39641709945 candidates (MITM path)
  MITM b1=131: s=4 t=2 j=2 je=3 Q=17161 table=40804 yh=971516
stage b2=203 vs b1={132}: values [24124394237962799952684947, 27982542656501458535448576), 55131867403 candidates (MITM path)
  MITM b1=132: s=4 t=2 j=2 je=3 Q=17424 table=41209 yh=1337860
stage b2=204 vs b1={133}: values [25464305835922478547861504, 30635127461052805121505361), 71742837899 candidates (MITM path)
  MITM b1=133: s=4 t=2 j=2 je=3 Q=17689 table=41616 yh=1723925
stage b2=205 vs b1={134}: values [26871534751769943408203125, 33516416633376182864121856), 89529075332 candidates (MITM path)
  MITM b1=134: s=4 t=2 j=2 je=3 Q=17956 table=42025 yh=2130377
stage b2=206 vs b1={135}: values [28349109672436645439584256, 36644198070556426025390625), 108546967832 candidates (MITM path)
  MITM b1=135: s=3 t=3 j=3 je=3 Q=2460375 table=8741816 yh=12417
stage b2=207 vs b1={136}: values [29900179809133802678274543, 40037495277186834126340096), 128854885388 candidates (MITM path)
  MITM b1=136: s=3 t=3 j=3 je=3 Q=2515456 table=8869743 yh=14528
stage b2=208 vs b1={137}: values [31528019073332790943547392, 43716643078717303412870881), 150513228127 candidates (MITM path)
  MITM b1=137: s=3 t=3 j=3 je=3 Q=2571353 table=8998912 yh=16726
stage b2=209 vs b1={138}: values [33236030376158771102541809, 47703367363695867545849856), 173584475266 candidates (MITM path)
  MITM b1=138: s=3 t=3 j=3 je=3 Q=2628072 table=9129329 yh=19014
stage b2=210 vs b1={139}: values [35027750054222100000000000, 52020869037289085480011921), 198133234720 candidates (MITM path)
  MITM b1=139: s=3 t=3 j=3 je=3 Q=2685619 table=9261000 yh=21395
stage b2=211 vs b1={140}: values [36906852424971083485992811, 56693912375296000000000000), 224226293388 candidates (MITM path)
  MITM b1=140: s=3 t=3 j=3 je=3 Q=2744000 table=9393931 yh=23870
stage b2=212 vs b1={141}: values [38877154474709500704063488, 61748917974902741368975281), 251932668093 candidates (MITM path)
  MITM b1=141: s=3 t=3 j=3 je=3 Q=2803221 table=9528128 yh=26441
stage b2=213 vs b1={142}: values [40942620682483067183061837, 67214060505664762405851136), 281323657201 candidates (MITM path)
  MITM b1=142: s=3 t=3 j=3 je=3 Q=2863288 table=9663597 yh=29112
stage b2=214 vs b1={143}: values [43107367983100618650916864, 73119371471655725294164801), 312472892903 candidates (MITM path)
  MITM b1=143: s=3 t=3 j=3 je=3 Q=2924207 table=9800344 yh=31884
stage b2=215 vs b1={144}: values [45375670872618296240234375, 79496847203390844133441536), 345456394174 candidates (MITM path)
  MITM b1=144: s=3 t=3 j=3 je=3 Q=2985984 table=9938375 yh=34760
stage b2=216 vs b1={145}: values [47751966659678405306351616, 86380562306022715087890625), 380352620399 candidates (MITM path)
  MITM b1=145: s=3 t=3 j=3 je=3 Q=3048625 table=10077696 yh=37743
stage b2=217 vs b1={146}: values [50240860866158912890695433, 93806788798424099682390016), 417242525673 candidates (MITM path)
  MITM b1=146: s=3 t=3 j=3 je=3 Q=3112136 table=10218313 yh=40833
stage b2=218 vs b1={147}: values [52847132780654751438252032, 101814121186119595835681841), 456209613779 candidates (MITM path)
  MITM b1=147: s=3 t=3 j=3 je=3 Q=3176523 table=10360232 yh=44035
stage b2=219 vs b1={148}: values [55575741168378217259860419, 110443607719611533356957696), 497339993841 candidates (MITM path)
  MITM b1=148: s=3 t=3 j=3 je=3 Q=3241792 table=10503459 yh=47351
stage b2=220 vs b1={149}: values [58431830141132800000000000, 119738888098469732352733201), 540722436644 candidates (MITM path)
  MITM b1=149: s=3 t=3 j=3 je=3 Q=3307949 table=10648000 yh=50782
stage b2=221 vs b1={150}: values [61420735191082762650784421, 129746337890625000000000000), 586448431648 candidates (MITM path)
  MITM b1=150: s=3 t=3 j=3 je=3 Q=3375000 table=10793861 yh=54332
stage b2=222 vs b1={151}: values [64547989392109719104944128, 140515219945627518837736801), 634612244664 candidates (MITM path)
  MITM b1=151: s=3 t=3 j=3 je=3 Q=3442951 table=10941048 yh=58003
stage b2=223 vs b1={152}: values [67819329772617336566541727, 152097843090208773684330496), 685310976222 candidates (MITM path)
  MITM b1=152: s=3 t=3 j=3 je=3 Q=3511808 table=11089567 yh=61798
stage b2=224 vs b1={153}: values [71240703863716132079796224, 164549728404324620728411041), 738644620609 candidates (MITM path)
  MITM b1=153: s=3 t=3 j=3 je=3 Q=3581577 table=11239424 yh=65720
stage b2=225 vs b1={154}: values [74818276426792144775390625, 177929783385962838621884416), 794716125600 candidates (MITM path)
  MITM b1=154: s=3 t=3 j=3 je=3 Q=3652264 table=11390625 yh=69770
stage b2=226 vs b1={155}: values [78558436364536056991614976, 192300484323376406494140625), 853631452857 candidates (MITM path)
  MITM b1=155: s=3 t=3 j=3 je=3 Q=3723875 table=11543176 yh=73952
stage b2=227 vs b1={156}: values [82467803819583117066183323, 207728067204059288762843136), 915499639023 candidates (MITM path)
  MITM b1=156: s=3 t=3 j=3 je=3 Q=3796416 table=11697083 yh=78268
stage b2=228 vs b1={157}: values [86553237464988993215004672, 224282727500720205065439601), 980432857495 candidates (MITM path)
  MITM b1=157: s=3 t=3 j=3 je=3 Q=3869893 table=11852352 yh=82721
stage b2=229 vs b1={158}: values [90821841990842470457948029, 242038829185737332250382336), 1048546480879 candidates (MITM path)
  MITM b1=158: s=3 t=3 j=3 je=3 Q=3944312 table=12008989 yh=87314
stage b2=230 vs b1={159}: values [95280975791392700000000000, 261075123337098804348567681), 1119959144136 candidates (MITM path)
  MITM b1=159: s=3 t=3 j=3 je=3 Q=4019679 table=12167000 yh=92049
stage b2=231 vs b1={160}: values [99938258857146531850367031, 281474976710656000000000000), 1194792808408 candidates (MITM path)
  MITM b1=160: s=3 t=3 j=3 je=3 Q=4096000 table=12326391 yh=96930
stage b2=232 vs b1={161}: values [104801580876470315823136768, 303326610665644763629211521), 1273172825541 candidates (MITM path)
  MITM b1=161: s=3 t=3 j=3 je=3 Q=4173281 table=12487168 yh=101959
stage b2=233 vs b1={162}: values [109879109551310452512114617, 326723350842869800400326656), 1355228003280 candidates (MITM path)
  MITM b1=162: s=3 t=3 j=3 je=3 Q=4251528 table=12649337 yh=107139
stage b2=234 vs b1={163}: values [115179299131727923510339584, 351763888007705494736404081), 1441090671170 candidates (MITM path)
  MITM b1=163: s=3 t=3 j=3 je=3 Q=4330747 table=12812904 yh=112472
stage b2=235 vs b1={164}: values [120710899174024038232421875, 378552550483148382977130496), 1530896747131 candidates (MITM path)
  MITM b1=164: s=3 t=3 j=3 je=3 Q=4410944 table=12977875 yh=117963
stage b2=236 vs b1={165}: values [126482963527317712416014336, 407199588611568593994140625), 1624785804734 candidates (MITM path)
  MITM b1=165: s=3 t=3 j=3 je=3 Q=4492125 table=13144256 yh=123612
stage b2=237 vs b1={166}: values [132504859553518749988128213, 437821471697555965584019456), 1722901141160 candidates (MITM path)
  MITM b1=166: s=3 t=3 j=3 je=3 Q=4574296 table=13312053 yh=129425
stage b2=238 vs b1={167}: values [138786277585726844783245312, 470541197898347534873984161), 1825389845855 candidates (MITM path)
  MITM b1=167: s=3 t=3 j=3 je=3 Q=4657463 table=13481272 yh=135402
stage b2=239 vs b1={168}: values [145337240630172360933794639, 505488617542763051300683776), 1932402869875 candidates (MITM path)
  MITM b1=168: s=3 t=3 j=3 je=3 Q=4741632 table=13651919 yh=141549
stage b2=240 vs b1={169}: values [152168114316902400000000000, 542800770374370512771595361), 2044095095921 candidates (MITM path)
  MITM b1=169: s=3 t=3 j=3 je=3 Q=4826809 table=13824000 yh=147866
stage b2=241 vs b1={170}: values [159289617104504228485730641, 582622237229761000000000000), 2160625409073 candidates (MITM path)
  MITM b1=170: s=3 t=3 j=3 je=3 Q=4913000 table=13997521 yh=154358
stage b2=242 vs b1={171}: values [166712830744247830760081408, 625105506678337880602119441), 2282156768209 candidates (MITM path)
  MITM b1=171: s=3 t=3 j=3 je=3 Q=5000211 table=14172488 yh=161028
stage b2=243 vs b1={172}: values [174449211009120179071170507, 670411357165926452996079616), 2408856278127 candidates (MITM path)
  MITM b1=172: s=3 t=3 j=3 je=3 Q=5088448 table=14348907 yh=167878
stage b2=244 vs b1={173}: values [182510598693315783839186944, 718709255220793060317103921), 2540895262359 candidates (MITM path)
  MITM b1=173: s=3 t=3 j=3 je=3 Q=5177717 table=14526784 yh=174912
stage b2=245 vs b1={174}: values [190909230887841213330078125, 770177770297334467043659776), 2678449336673 candidates (MITM path)
  MITM b1=174: s=3 t=3 j=3 je=3 Q=5268024 table=14706125 yh=182132
stage b2=246 vs b1={175}: values [199657752537985561759389696, 825005006849765777587890625), 2821698483283 candidates (MITM path)
  MITM b1=175: s=3 t=3 j=3 je=3 Q=5359375 table=14886936 yh=189542

*** MATCH: 800645019958519774779570544 is an 12-digit palindrome in bases 175 and 246
stage b2=247 vs b1={176}: values [208769228288504308517520103, 883389054245605390183038976), 2970827125749 candidates (MITM path)
  MITM b1=176: s=3 t=3 j=3 je=3 Q=5451776 table=15069223 yh=197146
stage b2=248 vs b1={177}: values [218257154622460658242813952, 945538455146635506591955521), 3126024204569 candidates (MITM path)
  MITM b1=177: s=3 t=3 j=3 je=3 Q=5545233 table=15252992 yh=204945
stage b2=249 vs b1={178}: values [228135472299766291637190249, 1011672693003313726683222016), 3287483253480 candidates (MITM path)
  MITM b1=178: s=3 t=3 j=3 je=3 Q=5639752 table=15438249 yh=212945
stage b2=250 vs b1={179}: values [238418579101562500000000000, 1082022699327332498100696241), 3455402476445 candidates (MITM path)
  MITM b1=179: s=3 t=3 j=3 je=3 Q=5735339 table=15625000 yh=221146
stage b2=251 vs b1={180}: values [249121342886682932269065251, 1156831381426176000000000000), 3629984825350 candidates (MITM path)
  MITM b1=180: s=3 t=3 j=3 je=3 Q=5832000 table=15813251 yh=229554
stage b2=252 vs b1={181}: values [260259114966540661762818048, 1236354171303115835117980561), 3811438078386 candidates (MITM path)
  MITM b1=181: s=3 t=3 j=3 je=3 Q=5929741 table=16003008 yh=238171
stage b2=253 vs b1={182}: values [271847743804884990713499397, 1320859596446125189798629376), 3999974919146 candidates (MITM path)
  MITM b1=182: s=3 t=3 j=3 je=3 Q=6028568 table=16194277 yh=247000
stage b2=254 vs b1={183}: values [283903589048977364007778304, 1410629873249683485564270561), 4195813016406 candidates (MITM path)
  MITM b1=183: s=3 t=3 j=3 je=3 Q=6128487 table=16387064 yh=256045
stage b2=255 vs b1={184}: values [296443535898840969287109375, 1505961523834397662438752256), 4399175104620 candidates (MITM path)
  MITM b1=184: s=3 t=3 j=3 je=3 Q=6229504 table=16581375 yh=265309
stage b2=256 vs b1={185}: values [309485009821345068724781056, 1607166017050789863525390625), 4610289065104 candidates (MITM path)
  MITM b1=185: s=3 t=3 j=3 je=3 Q=6331625 table=16777216 yh=274795
stage b2=257 vs b1={186}: values [323045991615992848448948993, 1714570434475502278801821696), 4829388007931 candidates (MITM path)
  MITM b1=186: s=3 t=3 j=3 je=3 Q=6434856 table=16974593 yh=284507

*** MATCH: 560546994672214941601521960 is an 12-digit palindrome in bases 186 and 257
stage b2=258 vs b1={187}: values [337145032839390594819950592, 1828518162230556187140793681), 5056710354519 candidates (MITM path)
  MITM b1=187: s=3 t=3 j=3 je=3 Q=6539203 table=17173512 yh=294449
stage b2=259 vs b1={188}: values [351801271595486322734724859, 1949369609479181830042157056), 5292499920926 candidates (MITM path)
  MITM b1=188: s=3 t=3 j=3 je=3 Q=6644672 table=17373979 yh=304623
stage b2=260 vs b1={189}: values [367034448698777600000000000, 2077502954475116767205550321), 5537006001845 candidates (MITM path)
  MITM b1=189: s=3 t=3 j=3 je=3 Q=6751269 table=17576000 yh=315033
stage b2=261 vs b1={190}: values [382864924217801243807760861, 2213314919066161000000000000), 5790483455301 candidates (MITM path)
  MITM b1=190: s=3 t=3 j=3 je=3 Q=6859000 table=17779581 yh=325682
stage b2=262 vs b1={191}: values [399313694406331820719986688, 2357221572577185690065114881), 6053192788056 candidates (MITM path)
  MITM b1=191: s=3 t=3 j=3 je=3 Q=6967871 table=17984728 yh=336575
stage b2=263 vs b1={192}: values [416402409029831470623291287, 2509659166022727122011815936), 6325400241707 candidates (MITM path)
  MITM b1=192: s=3 t=3 j=3 je=3 Q=7077888 table=18191447 yh=347713
stage b2=264 vs b1={193}: values [434153389094810508186353664, 2671084997624767126594464001), 6607377879497 candidates (MITM path)
  MITM b1=193: s=3 t=3 j=3 je=3 Q=7189057 table=18399744 yh=359102
stage b2=265 vs b1={194}: values [452589644988876542822265625, 2841978310637314049208487936), 6899403673830 candidates (MITM path)
  MITM b1=194: s=3 t=3 j=3 je=3 Q=7301384 table=18609625 yh=370744
stage b2=266 vs b1={195}: values [471734895039369510442428416, 3022841224505963164306640625), 7201761594478 candidates (MITM path)
  MITM b1=195: s=3 t=3 j=3 je=3 Q=7414875 table=18821096 yh=382644
stage b2=267 vs b1={196}: values [491613584498601037846604883, 3214199700417740936751087616), 7514741697511 candidates (MITM path)
  MITM b1=196: s=3 t=3 j=3 je=3 Q=7529536 table=19034163 yh=394803
stage b2=268 vs b1={197}: values [512250904963838973923295232, 3416604542324232545384738641), 7838640214917 candidates (MITM path)
  MITM b1=197: s=3 t=3 j=3 je=3 Q=7645373 table=19248832 yh=407227
stage b2=269 vs b1={198}: values [533672814240301731473788469, 3630632434549265533578448896), 8173759644932 candidates (MITM path)
  MITM b1=198: s=3 t=3 j=3 je=3 Q=7762392 table=19465109 yh=419919
stage b2=270 vs b1={199}: values [555906056655552300000000000, 3856887017121283350242637601), 8520408843080 candidates (MITM path)
  MITM b1=199: s=3 t=3 j=3 je=3 Q=7880599 table=19683000 yh=432882
done: 69.28s, 12185611 candidates tested
