A171740 search: n=12, threads=1, limit=none
stage b2=140 vs b1={93}: values [404956516966400000000000, 418596297479370673535601), 1811503460 candidates (MITM path)
  MITM b1=93: s=4 t=2 j=2 je=3 Q=8649 table=19600 yh=92424
stage b2=141 vs b1={94}: values [437935588474487527439541, 475920314814253376475136), 4833862871 candidates (MITM path)
  MITM b1=94: s=4 t=2 j=2 je=3 Q=8836 table=19881 yh=243140
stage b2=142 vs b1={95}: values [473338454265244805675008, 540360087662636962890625), 8174946923 candidates (MITM path)
  MITM b1=95: s=4 t=2 j=2 je=3 Q=9025 table=20164 yh=405423
stage b2=143 vs b1={96}: values [511324276025564512546607, 612709757329767363772416), 11856582907 candidates (MITM path)
  MITM b1=96: s=4 t=2 j=2 je=3 Q=9216 table=20449 yh=579813
stage b2=144 vs b1={97}: values [552061438912436417593344, 693842360995438000295041), 15901673934 candidates (MITM path)
  MITM b1=97: s=3 t=3 j=3 je=3 Q=912673 table=2985984 yh=5326
stage b2=145 vs b1={98}: values [595728015903604931640625, 784716723734800033386496), 20334235183 candidates (MITM path)
  MITM b1=98: s=3 t=3 j=3 je=3 Q=941192 table=3048625 yh=6670
stage b2=146 vs b1={99}: values [642512252044000682756096, 886384871716129280658801), 25179430826 candidates (MITM path)
  MITM b1=99: s=3 t=3 j=3 je=3 Q=970299 table=3112136 yh=8091
stage b2=147 vs b1={100}: values [692613069293330583916203, 1000000000000000000000000), 30463611625 candidates (MITM path)
  MITM b1=100: s=3 t=3 j=3 je=3 Q=1000000 table=3176523 yh=9591
stage b2=148 vs b1={101}: values [746240592700077928087552, 1126825030131969720661201), 36214353212 candidates (MITM path)
  MITM b1=101: s=3 t=3 j=3 je=3 Q=1030301 table=3241792 yh=11172
stage b2=149 vs b1={102}: values [803616698647447868139149, 1268241794562545318301696), 42460495046 candidates (MITM path)
  MITM b1=102: s=3 t=3 j=3 je=3 Q=1061208 table=3307949 yh=12836

*** MATCH: 1044713705814940522468500 is an 12-digit palindrome in bases 102 and 149
stage b2=150 vs b1={103}: values [864975585937500000000000, 1425760886846178945447841), 49232180053 candidates (MITM path)
  MITM b1=103: s=3 t=3 j=3 je=3 Q=1092727 table=3375000 yh=14588
stage b2=151 vs b1={104}: values [930564370500844495614151, 1601032218567680790102016), 56560894948 candidates (MITM path)
  MITM b1=104: s=3 t=3 j=3 je=3 Q=1124864 table=3442951 yh=16429
stage b2=152 vs b1={105}: values [1000643704540847195291648, 1795856326022129150390625), 64479511241 candidates (MITM path)
  MITM b1=105: s=3 t=3 j=3 je=3 Q=1157625 table=3511808 yh=18361
done: 1.26s, 1376802 candidates tested
