A171740 search: n=12, threads=1, limit=none
stage b2=111 vs b1={75}: values [31517572945366073781711, 31676352024078369140625), 84889780 candidates (MITM path)
  MITM b1=75: s=4 t=2 j=2 je=3 Q=5625 table=12321 yh=6890
stage b2=112 vs b1={76}: values [34785499933455142617088, 37133262473195501387776), 1189449568 candidates (MITM path)
  MITM b1=76: s=4 t=2 j=2 je=3 Q=5776 table=12544 yh=94823
stage b2=113 vs b1={77}: values [38358611506121121577937, 43439888521963583647921), 2440631494 candidates (MITM path)
  MITM b1=77: s=4 t=2 j=2 je=3 Q=5929 table=12769 yh=191138
stage b2=114 vs b1={78}: values [42262322980951656843264, 50714860157241037295616), 3850862232 candidates (MITM path)
  MITM b1=78: s=4 t=2 j=2 je=3 Q=6084 table=12996 yh=296312
stage b2=115 vs b1={79}: values [46523913960640966796875, 59091511031674153381441), 5433319029 candidates (MITM path)
  MITM b1=79: s=3 t=3 j=3 je=3 Q=493039 table=1520875 yh=3573
stage b2=116 vs b1={80}: values [51172646912339021398016, 68719476736000000000000), 7201960396 candidates (MITM path)
  MITM b1=80: s=3 t=3 j=3 je=3 Q=512000 table=1560896 yh=4614
stage b2=117 vs b1={81}: values [56239892154164025151533, 79766443076872509863361), 9171557481 candidates (MITM path)
  MITM b1=81: s=3 t=3 j=3 je=3 Q=531441 table=1601613 yh=5727
stage b2=118 vs b1={82}: values [61759259534823101765632, 92420056270299898187776), 11357726128 candidates (MITM path)
  MITM b1=82: s=3 t=3 j=3 je=3 Q=551368 table=1643032 yh=6913
stage b2=119 vs b1={83}: values [67766737102405685929319, 106890007738661124410161), 13776959621 candidates (MITM path)
  MITM b1=83: s=3 t=3 j=3 je=3 Q=571787 table=1685159 yh=8176
stage b2=120 vs b1={84}: values [74300837068800000000000, 123410307017276135571456), 16446662122 candidates (MITM path)
  MITM b1=84: s=3 t=3 j=3 je=3 Q=592704 table=1728000 yh=9518
stage b2=121 vs b1={85}: values [81402749386839761113321, 142241757136172119140625), 19385182788 candidates (MITM path)
  MITM b1=85: s=3 t=3 j=3 je=3 Q=614125 table=1771561 yh=10943
stage b2=122 vs b1={86}: values [89116503268220597577728, 163674647745587512938496), 22611850592 candidates (MITM path)
  MITM b1=86: s=3 t=3 j=3 je=3 Q=636056 table=1815848 yh=12453
stage b2=123 vs b1={87}: values [97489136981438262577827, 188031682201497672618081), 26147009824 candidates (MITM path)
  MITM b1=87: s=3 t=3 j=3 je=3 Q=658503 table=1860867 yh=14051
stage b2=124 vs b1={88}: values [106570876280498368282624, 215671155821681003462656), 30012056294 candidates (MITM path)
  MITM b1=88: s=3 t=3 j=3 je=3 Q=681472 table=1906624 yh=15741
stage b2=125 vs b1={89}: values [116415321826934814453125, 246990403565262140303521), 34229474228 candidates (MITM path)
  MITM b1=89: s=3 t=3 j=3 je=3 Q=704969 table=1953125 yh=17526
stage b2=126 vs b1={90}: values [127079645979756182501376, 282429536481000000000000), 38822873853 candidates (MITM path)
  MITM b1=90: s=3 t=3 j=3 je=3 Q=729000 table=2000376 yh=19408
stage b2=127 vs b1={91}: values [138624799340320978519423, 322475487413604782665681), 43817029689 candidates (MITM path)
  MITM b1=91: s=3 t=3 j=3 je=3 Q=753571 table=2048383 yh=21392
stage b2=128 vs b1={92}: values [151115727451828646838272, 367666387654882241806336), 49237919531 candidates (MITM path)
  MITM b1=92: s=3 t=3 j=3 je=3 Q=778688 table=2097152 yh=23479

*** MATCH: 313429998351040568591490 is an 12-digit palindrome in bases 92 and 128
stage b2=129 vs b1={93}: values [164621598066108688876929, 418596297479370673535601), 55112764129 candidates (MITM path)
  MITM b1=93: s=3 t=3 j=3 je=3 Q=804357 table=2146689 yh=25674
stage b2=130 vs b1={94}: values [179216039403700000000000, 475920314814253376475136), 61470067577 candidates (MITM path)
  MITM b1=94: s=3 t=3 j=3 je=3 Q=830584 table=2197000 yh=27980
stage b2=131 vs b1={95}: values [194977389846841709335931, 540360087662636962890625), 68339658391 candidates (MITM path)
  MITM b1=95: s=3 t=3 j=3 je=3 Q=857375 table=2248091 yh=30399

*** MATCH: 240896308364548242850752 is an 12-digit palindrome in bases 95 and 131
stage b2=132 vs b1={96}: values [211988959518950443450368, 612709757329767363772416), 75752731293 candidates (MITM path)
  MITM b1=96: s=3 t=3 j=3 je=3 Q=884736 table=2299968 yh=32937
stage b2=133 vs b1={97}: values [230339304218442143770717, 693842360995438000295041), 83741889697 candidates (MITM path)
  MITM b1=97: s=3 t=3 j=3 je=3 Q=912673 table=2352637 yh=35595
done: 1.20s, 791726 candidates tested
