A171740 search: n=12, threads=1, limit=none
stage b2=398 vs b1={242}: values [39692987995298433674858903552, 40344505040107975043939700736), 163918265393 candidates (MITM path)
  MITM b1=242: s=4 t=2 j=2 je=3 Q=58564 table=158404 yh=1034812
stage b2=399 vs b1={243}: values [40803916724384370442551204399, 42391158275216203514294433201), 393373998105 candidates (MITM path)
  MITM b1=243: s=4 t=2 j=2 je=3 Q=59049 table=159201 yh=2470927
stage b2=400 vs b1={244}: values [41943040000000000000000000000, 44532586081169051256761614336), 632213398723 candidates (MITM path)
  MITM b1=244: s=4 t=2 j=2 je=3 Q=59536 table=160000 yh=3951334
stage b2=401 vs b1={245}: values [43111000196969091338568804401, 46772761567521097265869140625), 880691496599 candidates (MITM path)
  MITM b1=245: s=4 t=2 j=2 je=3 Q=60025 table=160801 yh=5476904
stage b2=402 vs b1={246}: values [44308452666811124371870107648, 49115807124344448192809865216), 1139068459044 candidates (MITM path)
  MITM b1=246: s=4 t=2 j=2 je=3 Q=60516 table=161604 yh=7048517
stage b2=403 vs b1={247}: values [45536065966540892753630392747, 51565999387260564203827465441), 1407609664761 candidates (MITM path)
  MITM b1=247: s=4 t=2 j=2 je=3 Q=61009 table=162409 yh=8667067
stage b2=404 vs b1={248}: values [46794522090917238883645128704, 54127774346370243244217860096), 1686585777873 candidates (MITM path)
  MITM b1=248: s=4 t=2 j=2 je=3 Q=61504 table=163216 yh=10333459
stage b2=405 vs b1={249}: values [48084516708184142230517578125, 56805732602641806617660372001), 1976272822595 candidates (MITM path)
  MITM b1=249: s=4 t=2 j=2 je=3 Q=62001 table=164025 yh=12048608
stage b2=406 vs b1={250}: values [49406759399347814303098771456, 59604644775390625000000000000), 2276952258509 candidates (MITM path)
  MITM b1=250: s=4 t=2 j=2 je=3 Q=62500 table=164836 yh=13813441
stage b2=407 vs b1={251}: values [50761973901033889039170022343, 62529457064557415999535378001), 2588911056478 candidates (MITM path)
  MITM b1=251: s=4 t=2 j=2 je=3 Q=63001 table=165649 yh=15628897
stage b2=408 vs b1={252}: values [52150898351969236066020360192, 65585296971568246764230148096), 2912441775168 candidates (MITM path)
  MITM b1=252: s=3 t=3 j=3 je=3 Q=16003008 table=67917312 yh=42883
stage b2=409 vs b1={253}: values [53574285543133366239295624009, 68777479182635902650515347441), 3247842638210 candidates (MITM path)
  MITM b1=253: s=3 t=3 j=3 je=3 Q=16194277 table=68417929 yh=47471
stage b2=410 vs b1={254}: values [55032903171624844100000000000, 72111511618440250457975689216), 3595417611977 candidates (MITM path)
  MITM b1=254: s=3 t=3 j=3 je=3 Q=16387064 table=68921000 yh=52168
stage b2=411 vs b1={255}: values [56527534098288570421020715011, 75593101654204447168212890625), 3955476483995 candidates (MITM path)
  MITM b1=255: s=3 t=3 j=3 je=3 Q=16581375 table=69426531 yh=56974
stage b2=412 vs b1={256}: values [58058976609150249860268556288, 79228162514264337593543950336), 4328334941979 candidates (MITM path)
  MITM b1=256: s=3 t=3 j=3 je=3 Q=16777216 table=69934528 yh=61892
stage b2=413 vs b1={257}: values [59628044680704813913766929637, 83022819845310162051379891201), 4714314653497 candidates (MITM path)
  MITM b1=257: s=3 t=3 j=3 je=3 Q=16974593 table=70444997 yh=66922
stage b2=414 vs b1={258}: values [61235568249106027885106264064, 86983418472562773463547252736), 5113743346270 candidates (MITM path)
  MITM b1=258: s=3 t=3 j=3 je=3 Q=17173512 table=70957944 yh=72068
stage b2=415 vs b1={259}: values [62882393483304972473974609375, 91116529343230957588293738481), 5526954889098 candidates (MITM path)
  MITM b1=259: s=3 t=3 j=3 je=3 Q=17373979 table=71473375 yh=77329
stage b2=416 vs b1={260}: values [64569383062185555852385058816, 95428956661682176000000000000), 5954289373419 candidates (MITM path)
  MITM b1=260: s=3 t=3 j=3 je=3 Q=17576000 table=71991296 yh=82709
stage b2=417 vs b1={261}: values [66297416455745680759191883233, 99927745220846124633825584721), 6396093195501 candidates (MITM path)
  MITM b1=261: s=3 t=3 j=3 je=3 Q=17779581 table=72511713 yh=88208
stage b2=418 vs b1={262}: values [68067390210373163218005624832, 104620187934458937028636512256), 6852719139275 candidates (MITM path)
  MITM b1=262: s=3 t=3 j=3 je=3 Q=17984728 table=73034632 yh=93829
stage b2=419 vs b1={263}: values [69880218238265974987208422619, 109513833574845676773925608481), 7324526459792 candidates (MITM path)
  MITM b1=263: s=3 t=3 j=3 je=3 Q=18191447 table=73560059 yh=99573
stage b2=420 vs b1={264}: values [71736832111046860800000000000, 114616494721029974161197367296), 7811880967323 candidates (MITM path)
  MITM b1=264: s=3 t=3 j=3 je=3 Q=18399744 table=74088000 yh=105441
stage b2=421 vs b1={265}: values [73638181357622863863877426621, 119936255922052283847900390625), 8315155112098 candidates (MITM path)
  MITM b1=265: s=3 t=3 j=3 je=3 Q=18609625 table=74618461 yh=111436
stage b2=422 vs b1={266}: values [75585233766340778979313276928, 125481482080472289777685958656), 8834728069674 candidates (MITM path)
  MITM b1=266: s=3 t=3 j=3 je=3 Q=18821096 table=75151448 yh=117559
stage b2=423 vs b1={267}: values [77578975691490042023332369527, 131260827061126477105043503761), 9370985826957 candidates (MITM path)
  MITM b1=267: s=3 t=3 j=3 je=3 Q=19034163 table=75686967 yh=123813

*** MATCH: 102731694364644435932660739784 is an 12-digit palindrome in bases 267 and 423
stage b2=424 vs b1={268}: values [79620412364205057441922023424, 137283242530308845011443122176), 9924321268843 candidates (MITM path)
  MITM b1=268: s=3 t=3 j=3 je=3 Q=19248832 table=76225024 yh=130198
stage b2=425 vs b1={269}: values [81710568207819461822509765625, 143557987030641165766449098161), 10495134265522 candidates (MITM path)
  MITM b1=269: s=3 t=3 j=3 je=3 Q=19465109 table=76765625 yh=136717
stage b2=426 vs b1={270}: values [83850487157725321590910642176, 150094635296999121000000000000), 11083831760406 candidates (MITM path)
  MITM b1=270: s=3 t=3 j=3 je=3 Q=19683000 table=77308776 yh=143371
stage b2=427 vs b1={271}: values [86041232985790766413028611123, 156903087818962082857498424641), 11690827858711 candidates (MITM path)
  MITM b1=271: s=3 t=3 j=3 je=3 Q=19902511 table=77854483 yh=150163
stage b2=428 vs b1={272}: values [88283889629390066997077737472, 163993580655357272581489033216), 12316543916676 candidates (MITM path)
  MITM b1=272: s=3 t=3 j=3 je=3 Q=20123648 table=78402752 yh=157094

*** MATCH: 101931578129902043150245234617 is an 12-digit palindrome in bases 272 and 428
stage b2=429 vs b1={273}: values [90579561525100676704093790229, 171376695506573539304632176321), 12961408631427 candidates (MITM path)
  MITM b1=273: s=3 t=3 j=3 je=3 Q=20346417 table=78953589 yh=164165
stage b2=430 vs b1={274}: values [92929373947122270700000000000, 179063370050426074779119128576), 13625858131488 candidates (MITM path)
  MITM b1=274: s=3 t=3 j=3 je=3 Q=20570824 table=79507000 yh=171380
stage b2=431 vs b1={275}: values [95334473350473334338476729231, 187064908547461032867431640625), 14310336067940 candidates (MITM path)
  MITM b1=275: s=3 t=3 j=3 je=3 Q=20796875 table=80062991 yh=178739
stage b2=432 vs b1={276}: values [97796027719021374067408109568, 195392992721698273467801010176), 15015293706216 candidates (MITM path)
  MITM b1=276: s=3 t=3 j=3 je=3 Q=21024576 table=80621568 yh=186245
stage b2=433 vs b1={277}: values [100315226918403349419823702417, 204059692922921316864296943121), 15741190018562 candidates (MITM path)
  MITM b1=277: s=3 t=3 j=3 je=3 Q=21253933 table=81182737 yh=193899
done: 145.54s, 81976393 candidates tested
