A171740 search: n=12, threads=1, limit=none
stage b2=82 vs b1={57}: values [1127073856954876807168, 1176246293903439668001), 161747888 candidates (MITM path)
  MITM b1=57: s=4 t=2 j=2 je=3 Q=3249 table=6724 yh=24056
stage b2=83 vs b1={58}: values [1287831418538085836267, 1449225352009601191936), 493649444 candidates (MITM path)
  MITM b1=58: s=4 t=2 j=2 je=3 Q=3364 table=6889 yh=71658
stage b2=84 vs b1={59}: values [1469170321634239709184, 1779197418239532716881), 882518742 candidates (MITM path)
  MITM b1=59: s=4 t=2 j=2 je=3 Q=3481 table=7056 yh=125074
stage b2=85 vs b1={60}: values [1673432436896142578125, 2176782336000000000000), 1334616322 candidates (MITM path)
  MITM b1=60: s=3 t=3 j=3 je=3 Q=216000 table=614125 yh=2174
stage b2=86 vs b1={61}: values [1903193578437064103936, 2654348974297586158321), 1856688656 candidates (MITM path)
  MITM b1=61: s=3 t=3 j=3 je=3 Q=226981 table=636056 yh=2920
stage b2=87 vs b1={62}: values [2161283703465490489863, 3226266762397899821056), 2455993334 candidates (MITM path)
  MITM b1=62: s=3 t=3 j=3 je=3 Q=238328 table=658503 yh=3730
stage b2=88 vs b1={63}: values [2450808588882738675712, 3909188328478827879681), 3140324948 candidates (MITM path)
  MITM b1=63: s=3 t=3 j=3 je=3 Q=250047 table=681472 yh=4609
stage b2=89 vs b1={64}: values [2775173073766990340489, 4722366482869645213696), 3918041674 candidates (MITM path)
  MITM b1=64: s=3 t=3 j=3 je=3 Q=262144 table=704969 yh=5558
stage b2=90 vs b1={65}: values [3138105960900000000000, 5688009063105712890625), 4798092549 candidates (MITM path)
  MITM b1=65: s=3 t=3 j=3 je=3 Q=274625 table=729000 yh=6582
stage b2=91 vs b1={66}: values [3543686674874777831491, 6831675453247426400256), 5790045449 candidates (MITM path)
  MITM b1=66: s=3 t=3 j=3 je=3 Q=287496 table=753571 yh=7684
stage b2=92 vs b1={67}: values [3996373778857415671808, 8182718904632857144561), 6904115768 candidates (MITM path)
  MITM b1=67: s=3 t=3 j=3 je=3 Q=300763 table=778688 yh=8867
stage b2=93 vs b1={68}: values [4501035456767426597157, 9774779120406941925376), 8151195797 candidates (MITM path)
  MITM b1=68: s=3 t=3 j=3 je=3 Q=314432 table=804357 yh=10134
stage b2=94 vs b1={69}: values [5062982072492057196544, 11646329922777311412561), 9542884804 candidates (MITM path)
  MITM b1=69: s=3 t=3 j=3 je=3 Q=328509 table=830584 yh=11490
stage b2=95 vs b1={70}: values [5688000922764599609375, 13841287201000000000000), 11091519826 candidates (MITM path)
  MITM b1=70: s=3 t=3 j=3 je=3 Q=343000 table=857375 yh=12937
stage b2=96 vs b1={71}: values [6382393305518410039296, 16409682740640811134241), 12810207152 candidates (MITM path)
  MITM b1=71: s=3 t=3 j=3 je=3 Q=357911 table=884736 yh=14480
stage b2=97 vs b1={72}: values [7153014030880804126753, 19408409961765342806016), 14712854524 candidates (MITM path)
  MITM b1=72: s=3 t=3 j=3 je=3 Q=373248 table=912673 yh=16121
stage b2=98 vs b1={73}: values [8007313507497959524352, 22902048046490258711521), 16814204040 candidates (MITM path)
  MITM b1=73: s=3 t=3 j=3 je=3 Q=389017 table=941192 yh=17865
stage b2=99 vs b1={74}: values [8953382542587164451099, 26963771415920784510976), 19129865760 candidates (MITM path)
  MITM b1=74: s=3 t=3 j=3 je=3 Q=405224 table=970299 yh=19716
stage b2=100 vs b1={75}: values [10000000000000000000000, 31676352024078369140625), 21676352025 candidates (MITM path)
  MITM b1=75: s=3 t=3 j=3 je=3 Q=421875 table=1000000 yh=21677
stage b2=101 vs b1={76}: values [11156683466653165551101, 37133262473195501387776), 24471112482 candidates (MITM path)
  MITM b1=76: s=3 t=3 j=3 je=3 Q=438976 table=1030301 yh=23752

*** MATCH: 27592334862735494685372 is an 12-digit palindrome in bases 76 and 101
stage b2=102 vs b1={77}: values [12433743083946522728448, 43439888521963583647921), 27532569821 candidates (MITM path)
  MITM b1=77: s=3 t=3 j=3 je=3 Q=456533 table=1061208 yh=25945
stage b2=103 vs b1={78}: values [13842338707244455781047, 50714860157241037295616), 30880156219 candidates (MITM path)
  MITM b1=78: s=3 t=3 j=3 je=3 Q=474552 table=1092727 yh=28260
stage b2=104 vs b1={79}: values [15394540563150776827904, 59091511031674153381441), 34534350492 candidates (MITM path)
  MITM b1=79: s=3 t=3 j=3 je=3 Q=493039 table=1124864 yh=30701
stage b2=105 vs b1={80}: values [17103393581163134765625, 68719476736000000000000), 38516715965 candidates (MITM path)
  MITM b1=80: s=3 t=3 j=3 je=3 Q=512000 table=1157625 yh=33273
stage b2=106 vs b1={81}: values [18982985583354248390656, 79766443076872509863361), 42849939045 candidates (MITM path)
  MITM b1=81: s=3 t=3 j=3 je=3 Q=531441 table=1191016 yh=35978
stage b2=107 vs b1={82}: values [21048519522998348950643, 92420056270299898187776), 47557868514 candidates (MITM path)
  MITM b1=82: s=3 t=3 j=3 je=3 Q=551368 table=1225043 yh=38822
stage b2=108 vs b1={83}: values [23316389970546096340992, 106890007738661124410161), 52665555527 candidates (MITM path)
  MITM b1=83: s=3 t=3 j=3 je=3 Q=571787 table=1259712 yh=41808
stage b2=109 vs b1={84}: values [25804264053054077850709, 123410307017276135571456), 58199294326 candidates (MITM path)
  MITM b1=84: s=3 t=3 j=3 je=3 Q=592704 table=1295029 yh=44941
done: 0.72s, 452537 candidates tested
