A171740 search: n=12, threads=1, limit=none
stage b2=119 vs b1={80}: values [67766737102405685929319, 68719476736000000000000), 335499954 candidates (MITM path)
  MITM b1=80: s=4 t=2 j=2 je=3 Q=6400 table=14161 yh=23692
stage b2=120 vs b1={81}: values [74300837068800000000000, 79766443076872509863361), 1830420394 candidates (MITM path)
  MITM b1=81: s=4 t=2 j=2 je=3 Q=6561 table=14400 yh=127113
stage b2=121 vs b1={82}: values [81402749386839761113321, 92420056270299898187776), 3510453502 candidates (MITM path)
  MITM b1=82: s=4 t=2 j=2 je=3 Q=6724 table=14641 yh=239769
stage b2=122 vs b1={83}: values [89116503268220597577728, 106890007738661124410161), 5390314236 candidates (MITM path)
  MITM b1=83: s=4 t=2 j=2 je=3 Q=6889 table=14884 yh=362155
stage b2=123 vs b1={84}: values [97489136981438262577827, 123410307017276135571456), 7485553736 candidates (MITM path)
  MITM b1=84: s=3 t=3 j=3 je=3 Q=592704 table=1860867 yh=4023
stage b2=124 vs b1={85}: values [106570876280498368282624, 142241757136172119140625), 9812591579 candidates (MITM path)
  MITM b1=85: s=3 t=3 j=3 je=3 Q=614125 table=1906624 yh=5147
stage b2=125 vs b1={86}: values [116415321826934814453125, 163674647745587512938496), 12388748734 candidates (MITM path)
  MITM b1=86: s=3 t=3 j=3 je=3 Q=636056 table=1953125 yh=6344
stage b2=126 vs b1={87}: values [127079645979756182501376, 188031682201497672618081), 15232281180 candidates (MITM path)
  MITM b1=87: s=3 t=3 j=3 je=3 Q=658503 table=2000376 yh=7615
stage b2=127 vs b1={88}: values [138624799340320978519423, 215671155821681003462656), 18362414222 candidates (MITM path)
  MITM b1=88: s=3 t=3 j=3 je=3 Q=681472 table=2048383 yh=8965
stage b2=128 vs b1={89}: values [151115727451828646838272, 246990403565262140303521), 21799377490 candidates (MITM path)
  MITM b1=89: s=3 t=3 j=3 je=3 Q=704969 table=2097152 yh=10395
stage b2=129 vs b1={90}: values [164621598066108688876929, 282429536481000000000000), 25564440621 candidates (MITM path)
  MITM b1=90: s=3 t=3 j=3 je=3 Q=729000 table=2146689 yh=11909

*** MATCH: 221843179543320871695250 is an 12-digit palindrome in bases 90 and 129
stage b2=130 vs b1={91}: values [179216039403700000000000, 322475487413604782665681), 29679949634 candidates (MITM path)
  MITM b1=91: s=3 t=3 j=3 je=3 Q=753571 table=2197000 yh=13510
stage b2=131 vs b1={92}: values [194977389846841709335931, 367666387654882241806336), 34169363992 candidates (MITM path)
  MITM b1=92: s=3 t=3 j=3 je=3 Q=778688 table=2248091 yh=15200
stage b2=132 vs b1={93}: values [211988959518950443450368, 418596297479370673535601), 39057294359 candidates (MITM path)
  MITM b1=93: s=3 t=3 j=3 je=3 Q=804357 table=2299968 yh=16982
done: 0.53s, 808198 candidates tested
