A171740 search: n=12, threads=1, limit=none
stage b2=368 vs b1={225}: values [16762006526156773981926981632, 16834112196028232574462890625), 29032370921 candidates (MITM path)
  MITM b1=225: s=4 t=2 j=2 je=3 Q=50625 table=135424 yh=214382
stage b2=369 vs b1={226}: values [17269908148850843900874319569, 17754206618385148880104984576), 191846950227 candidates (MITM path)
  MITM b1=226: s=4 t=2 j=2 je=3 Q=51076 table=136161 yh=1408972
stage b2=370 vs b1={227}: values [17791762177946041300000000000, 18720191467045367574023614321), 361858258092 candidates (MITM path)
  MITM b1=227: s=4 t=2 j=2 je=3 Q=51529 table=136900 yh=2643231
stage b2=371 vs b1={228}: values [18327912624975493645267978571, 19734138142017490453021065216), 539276526196 candidates (MITM path)
  MITM b1=228: s=4 t=2 j=2 je=3 Q=51984 table=137641 yh=3917994
stage b2=372 vs b1={229}: values [18878711020461444446161993728, 20798201815902925734870098641), 724316526694 candidates (MITM path)
  MITM b1=229: s=4 t=2 j=2 je=3 Q=52441 table=138384 yh=5234107
stage b2=373 vs b1={230}: values [19444516557322886668124300077, 21914624432020321000000000000), 917197641606 candidates (MITM path)
  MITM b1=230: s=4 t=2 j=2 je=3 Q=52900 table=139129 yh=6592427
stage b2=374 vs b1={231}: values [20025696236621278455959066624, 23085737796000848857434784161), 1118143932825 candidates (MITM path)
  MITM b1=231: s=4 t=2 j=2 je=3 Q=53361 table=139876 yh=7993823
stage b2=375 vs b1={232}: values [20622625015676021575927734375, 24313966763341113270967730176), 1327384212758 candidates (MITM path)
  MITM b1=232: s=4 t=2 j=2 je=3 Q=53824 table=140625 yh=9439177
stage b2=376 vs b1={233}: values [21235685958581725467693285376, 25601832525455335435322705761), 1545152115587 candidates (MITM path)
  MITM b1=233: s=4 t=2 j=2 je=3 Q=54289 table=141376 yh=10929381
stage b2=377 vs b1={234}: values [21865270389159625050067741673, 26951955996824334101419462656), 1771686169165 candidates (MITM path)
  MITM b1=234: s=4 t=2 j=2 je=3 Q=54756 table=142129 yh=12465340
stage b2=378 vs b1={235}: values [22511778046375868461571254272, 28367061305895648984619140625), 2007229867527 candidates (MITM path)
  MITM b1=235: s=3 t=3 j=3 je=3 Q=12977875 table=54010152 yh=37164
stage b2=379 vs b1={236}: values [23175617242259741753050742179, 29849979392446980130179383296), 2252031744044 candidates (MITM path)
  MITM b1=236: s=3 t=3 j=3 je=3 Q=13144256 table=54439939 yh=41368
stage b2=380 vs b1={237}: values [23857205022355251200000000000, 31403651714183943747186386481), 2506345445202 candidates (MITM path)
  MITM b1=237: s=3 t=3 j=3 je=3 Q=13312053 table=54872000 yh=45677
stage b2=381 vs b1={238}: values [24556967328739840381780226181, 33031134065402989058412384256), 2770429805009 candidates (MITM path)
  MITM b1=238: s=3 t=3 j=3 je=3 Q=13481272 table=55306341 yh=50093
stage b2=382 vs b1={239}: values [25275339165644378498708666368, 34735600510611194263176918721), 3044548920043 candidates (MITM path)
  MITM b1=239: s=3 t=3 j=3 je=3 Q=13651919 table=55742968 yh=54618
stage b2=383 vs b1={240}: values [26012764767708918581052067967, 36520347436056576000000000000), 3328972225125 candidates (MITM path)
  MITM b1=240: s=3 t=3 j=3 je=3 Q=13824000 table=56181887 yh=59254
stage b2=384 vs b1={241}: values [26769697770909089301459369984, 38388797722185519065061084481), 3623974569636 candidates (MITM path)
  MITM b1=241: s=3 t=3 j=3 je=3 Q=13997521 table=56623104 yh=64002
stage b2=385 vs b1={242}: values [27546601386188352049462890625, 40344505040107975043939700736), 3929836294457 candidates (MITM path)
  MITM b1=242: s=3 t=3 j=3 je=3 Q=14172488 table=57066625 yh=68865
stage b2=386 vs b1={243}: values [28343948575831725778577524736, 42391158275216203514294433201), 4246843309565 candidates (MITM path)
  MITM b1=243: s=3 t=3 j=3 je=3 Q=14348907 table=57512456 yh=73843
stage b2=387 vs b1={244}: values [29162222232616955908481341563, 44532586081169051256761614336), 4575287172246 candidates (MITM path)
  MITM b1=244: s=3 t=3 j=3 je=3 Q=14526784 table=57960603 yh=78938
stage b2=388 vs b1={245}: values [30001915361779480272056614912, 46772761567521097265869140625), 4915465165961 candidates (MITM path)
  MITM b1=245: s=3 t=3 j=3 je=3 Q=14706125 table=58411072 yh=84153
stage b2=389 vs b1={246}: values [30863531265827924755035773789, 49115807124344448192809865216), 5267680379849 candidates (MITM path)
  MITM b1=246: s=3 t=3 j=3 je=3 Q=14886936 table=58863869 yh=89490
stage b2=390 vs b1={247}: values [31747583732247243900000000000, 51565999387260564203827465441), 5632241788866 candidates (MITM path)
  MITM b1=247: s=3 t=3 j=3 je=3 Q=15069223 table=59319000 yh=94949
stage b2=391 vs b1={248}: values [32654597224127007351927104791, 54127774346370243244217860096), 6009464334573 candidates (MITM path)
  MITM b1=248: s=3 t=3 j=3 je=3 Q=15252992 table=59776471 yh=100533
stage b2=392 vs b1={249}: values [33585107073752721624827691008, 56805732602641806617660372001), 6399669006562 candidates (MITM path)
  MITM b1=249: s=3 t=3 j=3 je=3 Q=15438249 table=60236288 yh=106243
stage b2=393 vs b1={250}: values [34539659679198468283732168857, 59604644775390625000000000000), 6803182924525 candidates (MITM path)
  MITM b1=250: s=3 t=3 j=3 je=3 Q=15625000 table=60698457 yh=112082
stage b2=394 vs b1={251}: values [35518812703959534278923577344, 62529457064557415999535378001), 7220339420972 candidates (MITM path)
  MITM b1=251: s=3 t=3 j=3 je=3 Q=15813251 table=61162984 yh=118051
stage b2=395 vs b1={252}: values [36523135279664107855419921875, 65585296971568246764230148096), 7651478124593 candidates (MITM path)
  MITM b1=252: s=3 t=3 j=3 je=3 Q=16003008 table=61629875 yh=124153
stage b2=396 vs b1={253}: values [37553208211903514205902340096, 68777479182635902650515347441), 8096945044263 candidates (MITM path)
  MITM b1=253: s=3 t=3 j=3 je=3 Q=16194277 table=62099136 yh=130388
stage b2=397 vs b1={254}: values [38609624189220868855209238453, 72111511618440250457975689216), 8557092653698 candidates (MITM path)
  MITM b1=254: s=3 t=3 j=3 je=3 Q=16387064 table=62570773 yh=136759
stage b2=398 vs b1={255}: values [39692987995298433674858903552, 75593101654204447168212890625), 9032279976760 candidates (MITM path)
  MITM b1=255: s=3 t=3 j=3 je=3 Q=16581375 table=63044792 yh=143268
stage b2=399 vs b1={256}: values [40803916724384370442551204399, 79228162514264337593543950336), 9522872673407 candidates (MITM path)
  MITM b1=256: s=3 t=3 j=3 je=3 Q=16777216 table=63521199 yh=149917
stage b2=400 vs b1={257}: values [41943040000000000000000000000, 83022819845310162051379891201), 10029243126297 candidates (MITM path)
  MITM b1=257: s=3 t=3 j=3 je=3 Q=16974593 table=64000000 yh=156707
stage b2=401 vs b1={258}: values [43111000196969091338568804401, 86983418472562773463547252736), 10551770528041 candidates (MITM path)
  MITM b1=258: s=3 t=3 j=3 je=3 Q=17173512 table=64481201 yh=163642
stage b2=402 vs b1={259}: values [44308452666811124371870107648, 91116529343230957588293738481), 11090840969106 candidates (MITM path)
  MITM b1=259: s=3 t=3 j=3 je=3 Q=17373979 table=64964808 yh=170721
stage b2=403 vs b1={260}: values [45536065966540892753630392747, 95428956661682176000000000000), 11646847526375 candidates (MITM path)
  MITM b1=260: s=3 t=3 j=3 je=3 Q=17576000 table=65450827 yh=177949
stage b2=404 vs b1={261}: values [46794522090917238883645128704, 99927745220846124633825584721), 12220190352356 candidates (MITM path)
  MITM b1=261: s=3 t=3 j=3 je=3 Q=17779581 table=65939264 yh=185325
stage b2=405 vs b1={262}: values [48084516708184142230517578125, 104620187934458937028636512256), 12811276765046 candidates (MITM path)
  MITM b1=262: s=3 t=3 j=3 je=3 Q=17984728 table=66430125 yh=192854
stage b2=406 vs b1={263}: values [49406759399347814303098771456, 109513833574845676773925608481), 13420521338451 candidates (MITM path)
  MITM b1=263: s=3 t=3 j=3 je=3 Q=18191447 table=66923416 yh=200536
stage b2=407 vs b1={264}: values [50761973901033889039170022343, 114616494721029974161197367296), 14048345993762 candidates (MITM path)
  MITM b1=264: s=3 t=3 j=3 je=3 Q=18399744 table=67419143 yh=208374
stage b2=408 vs b1={265}: values [52150898351969236066020360192, 119936255922052283847900390625), 14695180091185 candidates (MITM path)
  MITM b1=265: s=3 t=3 j=3 je=3 Q=18609625 table=67917312 yh=216369
stage b2=409 vs b1={266}: values [53574285543133366239295624009, 125481482080472289777685958656), 15361460522430 candidates (MITM path)
  MITM b1=266: s=3 t=3 j=3 je=3 Q=18821096 table=68417929 yh=224524
stage b2=410 vs b1={267}: values [55032903171624844100000000000, 131260827061126477105043503761), 16047631803856 candidates (MITM path)
  MITM b1=267: s=3 t=3 j=3 je=3 Q=19034163 table=68921000 yh=232841
stage b2=411 vs b1={268}: values [56527534098288570421020715011, 137283242530308845011443122176), 16754146170281 candidates (MITM path)
  MITM b1=268: s=3 t=3 j=3 je=3 Q=19248832 table=69426531 yh=241322
stage b2=412 vs b1={269}: values [58058976609150249860268556288, 143557987030641165766449098161), 17481463669442 candidates (MITM path)
  MITM b1=269: s=3 t=3 j=3 je=3 Q=19465109 table=69934528 yh=249969
stage b2=413 vs b1={270}: values [59628044680704813913766929637, 150094635296999121000000000000), 18230052257118 candidates (MITM path)
  MITM b1=270: s=3 t=3 j=3 je=3 Q=19683000 table=70444997 yh=258785
stage b2=414 vs b1={271}: values [61235568249106027885106264064, 156903087818962082857498424641), 19000387892921 candidates (MITM path)
  MITM b1=271: s=3 t=3 j=3 je=3 Q=19902511 table=70957944 yh=267770
stage b2=415 vs b1={272}: values [62882393483304972473974609375, 163993580655357272581489033216), 19792954636740 candidates (MITM path)
  MITM b1=272: s=3 t=3 j=3 je=3 Q=20123648 table=71473375 yh=276928
stage b2=416 vs b1={273}: values [64569383062185555852385058816, 171376695506573539304632176321), 20608244745850 candidates (MITM path)
  MITM b1=273: s=3 t=3 j=3 je=3 Q=20346417 table=71991296 yh=286261
stage b2=417 vs b1={274}: values [66297416455745680759191883233, 179063370050426074779119128576), 21446758772682 candidates (MITM path)
  MITM b1=274: s=3 t=3 j=3 je=3 Q=20570824 table=72511713 yh=295770

*** MATCH: 117657852944698518020516374900 is an 12-digit palindrome in bases 274 and 417
stage b2=418 vs b1={275}: values [68067390210373163218005624832, 187064908547461032867431640625), 22309005663264 candidates (MITM path)
  MITM b1=275: s=3 t=3 j=3 je=3 Q=20796875 table=73034632 yh=305458
stage b2=419 vs b1={276}: values [69880218238265974987208422619, 195392992721698273467801010176), 23195502856316 candidates (MITM path)
  MITM b1=276: s=3 t=3 j=3 je=3 Q=21024576 table=73560059 yh=315328
stage b2=420 vs b1={277}: values [71736832111046860800000000000, 204059692922921316864296943121), 24106776383015 candidates (MITM path)
  MITM b1=277: s=3 t=3 j=3 je=3 Q=21253933 table=74088000 yh=325381
stage b2=421 vs b1={278}: values [73638181357622863863877426621, 213077479576736094126128828416), 25043360967428 candidates (MITM path)
  MITM b1=278: s=3 t=3 j=3 je=3 Q=21484952 table=74618461 yh=335619
stage b2=422 vs b1={279}: values [75585233766340778979313276928, 222459234928734230114433331041), 26005800127607 candidates (MITM path)
  MITM b1=279: s=3 t=3 j=3 je=3 Q=21717639 table=75151448 yh=346046
stage b2=423 vs b1={280}: values [77578975691490042023332369527, 232218265089212416000000000000), 26994646277350 candidates (MITM path)
  MITM b1=280: s=3 t=3 j=3 je=3 Q=21952000 table=75686967 yh=356662
stage b2=424 vs b1={281}: values [79620412364205057441922023424, 242368312385016936196463417761), 28010460828637 candidates (MITM path)
  MITM b1=281: s=3 t=3 j=3 je=3 Q=22188041 table=76225024 yh=367471
stage b2=425 vs b1={282}: values [81710568207819461822509765625, 252923568025201628647322750976), 29053814294721 candidates (MITM path)
  MITM b1=282: s=3 t=3 j=3 je=3 Q=22425768 table=76765625 yh=378475
stage b2=426 vs b1={283}: values [83850487157725321590910642176, 263898685087308495981516810961), 30125286393902 candidates (MITM path)
  MITM b1=283: s=3 t=3 j=3 je=3 Q=22665187 table=77308776 yh=389675
stage b2=427 vs b1={284}: values [86041232985790766413028611123, 275308791831202866814366253056), 31225466153962 candidates (MITM path)
  MITM b1=284: s=3 t=3 j=3 je=3 Q=22906304 table=77854483 yh=401075
stage b2=428 vs b1={285}: values [88283889629390066997077737472, 287169505347519450195556640625), 32354952017270 candidates (MITM path)
  MITM b1=285: s=3 t=3 j=3 je=3 Q=23149125 table=78402752 yh=412677
stage b2=429 vs b1={286}: values [90579561525100676704093790229, 299496945547901850804899024896), 33514351946557 candidates (MITM path)
  MITM b1=286: s=3 t=3 j=3 je=3 Q=23393656 table=78953589 yh=424482
stage b2=430 vs b1={287}: values [92929373947122270700000000000, 312307749504346137016129649281), 34704283531371 candidates (MITM path)
  MITM b1=287: s=3 t=3 j=3 je=3 Q=23639903 table=79507000 yh=436494
stage b2=431 vs b1={288}: values [95334473350473334338476729231, 325619086145088897570576531456), 35925374095188 candidates (MITM path)
  MITM b1=288: s=3 t=3 j=3 je=3 Q=23887872 table=80062991 yh=448714
stage b2=432 vs b1={289}: values [97796027719021374067408109568, 339448671314611904643504117121), 37178260803211 candidates (MITM path)
  MITM b1=289: s=3 t=3 j=3 je=3 Q=24137569 table=80621568 yh=461146
stage b2=433 vs b1={290}: values [100315226918403349419823702417, 353814783205469041000000000000), 38463590770828 candidates (MITM path)
  MITM b1=290: s=3 t=3 j=3 je=3 Q=24389000 table=81182737 yh=473791
stage b2=434 vs b1={291}: values [102893283053893453600144246784, 368736278169776566314796884081), 39782021172755 candidates (MITM path)
  MITM b1=291: s=3 t=3 j=3 je=3 Q=24642171 table=81746504 yh=486652
stage b2=435 vs b1={292}: values [105531430833275902825341796875, 384232606918345112299069505536), 41134219352844 candidates (MITM path)
  MITM b1=292: s=3 t=3 j=3 je=3 Q=24897088 table=82312875 yh=499731
stage b2=436 vs b1={293}: values [108230927934780930945540161536, 400323831115571027902364072401), 42520862934571 candidates (MITM path)
  MITM b1=293: s=3 t=3 j=3 je=3 Q=25153757 table=82881856 yh=513030
stage b2=437 vs b1={294}: values [110993055380142725966855596013, 417030640378345864542952820736), 43942639932194 candidates (MITM path)
  MITM b1=294: s=3 t=3 j=3 je=3 Q=25412184 table=83453453 yh=526553
stage b2=438 vs b1={295}: values [113819117912838588948194138112, 434374369687385917207275390625), 45400248862592 candidates (MITM path)
  MITM b1=295: s=3 t=3 j=3 je=3 Q=25672375 table=84027672 yh=540302
stage b2=439 vs b1={296}: values [116710444381569143360604716839, 452377017219528840630098722816), 46894398857775 candidates (MITM path)
  MITM b1=296: s=3 t=3 j=3 je=3 Q=25934336 table=84604519 yh=554278
done: 359.75s, 67975335 candidates tested
