A171740 search: n=12, threads=1, limit=none
stage b2=271 vs b1={170}: values [578978183833808423828407471, 582622237229761000000000000), 9199600895 candidates (MITM path)
  MITM b1=170: s=4 t=2 j=2 je=3 Q=28900 table=73441 yh=125266
stage b2=272 vs b1={171}: values [602917575938813502137827328, 625105506678337880602119441), 54790262020 candidates (MITM path)
  MITM b1=171: s=4 t=2 j=2 je=3 Q=29241 table=73984 yh=740570
stage b2=273 vs b1={172}: values [627753463394042268515136177, 670411357165926452996079616), 103044193900 candidates (MITM path)
  MITM b1=172: s=4 t=2 j=2 je=3 Q=29584 table=74529 yh=1382606
stage b2=274 vs b1={173}: values [653515949089146258317953024, 718709255220793060317103921), 154063453545 candidates (MITM path)
  MITM b1=173: s=4 t=2 j=2 je=3 Q=29929 table=75076 yh=2052100
stage b2=275 vs b1={174}: values [680236031081676483154296875, 770177770297334467043659776), 207952965677 candidates (MITM path)
  MITM b1=174: s=4 t=2 j=2 je=3 Q=30276 table=75625 yh=2749792
stage b2=276 vs b1={175}: values [707945625803254614013771776, 825005006849765777587890625), 264820579177 candidates (MITM path)
  MITM b1=175: s=4 t=2 j=2 je=3 Q=30625 table=76176 yh=3476431
stage b2=277 vs b1={176}: values [736677591779499338860277773, 883389054245605390183038976), 324777124173 candidates (MITM path)
  MITM b1=176: s=4 t=2 j=2 je=3 Q=30976 table=76729 yh=4232782
stage b2=278 vs b1={177}: values [766465753873151417719887872, 945538455146635506591955521), 387936469773 candidates (MITM path)
  MITM b1=177: s=4 t=2 j=2 je=3 Q=31329 table=77284 yh=5019623
stage b2=279 vs b1={178}: values [797344928059979319406571079, 1011672693003313726683222016), 454415582444 candidates (MITM path)
  MITM b1=178: s=3 t=3 j=3 je=3 Q=5639752 table=21717639 yh=20924
stage b2=280 vs b1={179}: values [829350946747187200000000000, 1082022699327332498100696241), 524334585035 candidates (MITM path)
  MITM b1=179: s=3 t=3 j=3 je=3 Q=5735339 table=21952000 yh=23886
stage b2=281 vs b1={180}: values [862520684644188385040795081, 1156831381426176000000000000), 597816816447 candidates (MITM path)
  MITM b1=180: s=3 t=3 j=3 je=3 Q=5832000 table=22188041 yh=26944
stage b2=282 vs b1={181}: values [896892085195750456196179968, 1236354171303115835117980561), 674988891950 candidates (MITM path)
  MITM b1=181: s=3 t=3 j=3 je=3 Q=5929741 table=22425768 yh=30099
stage b2=283 vs b1={182}: values [932504187587662529970024067, 1320859596446125189798629376), 755980764153 candidates (MITM path)
  MITM b1=182: s=3 t=3 j=3 je=3 Q=6028568 table=22665187 yh=33355
stage b2=284 vs b1={183}: values [969397154335221362022416384, 1410629873249683485564270561), 840925784620 candidates (MITM path)
  MITM b1=183: s=3 t=3 j=3 je=3 Q=6128487 table=22906304 yh=36712
stage b2=285 vs b1={184}: values [1007612299464980527001953125, 1505961523834397662438752256), 929960766143 candidates (MITM path)
  MITM b1=184: s=3 t=3 j=3 je=3 Q=6229504 table=23149125 yh=40173
stage b2=286 vs b1={185}: values [1047192117300356121695451136, 1607166017050789863525390625), 1023226045664 candidates (MITM path)
  MITM b1=185: s=3 t=3 j=3 je=3 Q=6331625 table=23393656 yh=43740
stage b2=287 vs b1={186}: values [1088180311861833230021357663, 1714570434475502278801821696), 1120865547854 candidates (MITM path)
  MITM b1=186: s=3 t=3 j=3 je=3 Q=6434856 table=23639903 yh=47415
stage b2=288 vs b1={187}: values [1130621826892669783231168512, 1828518162230556187140793681), 1223026849343 candidates (MITM path)
  MITM b1=187: s=3 t=3 j=3 je=3 Q=6539203 table=23887872 yh=51199
stage b2=289 vs b1={188}: values [1174562876521148458974062689, 1949369609479181830042157056), 1329861243612 candidates (MITM path)
  MITM b1=188: s=3 t=3 j=3 je=3 Q=6644672 table=24137569 yh=55096
stage b2=290 vs b1={189}: values [1220050976570582900000000000, 2077502954475116767205550321), 1441523806537 candidates (MITM path)
  MITM b1=189: s=3 t=3 j=3 je=3 Q=6751269 table=24389000 yh=59106
stage b2=291 vs b1={190}: values [1267134976528441808641913691, 2213314919066161000000000000), 1558173462596 candidates (MITM path)
  MITM b1=190: s=3 t=3 j=3 je=3 Q=6859000 table=24642171 yh=63232
stage b2=292 vs b1={191}: values [1315865092186113398284484608, 2357221572577185690065114881), 1679973051734 candidates (MITM path)
  MITM b1=191: s=3 t=3 j=3 je=3 Q=6967871 table=24897088 yh=67477
stage b2=293 vs b1={192}: values [1366292938960993269291344957, 2509659166022727122011815936), 1807089396885 candidates (MITM path)
  MITM b1=192: s=3 t=3 j=3 je=3 Q=7077888 table=25153757 yh=71842
stage b2=294 vs b1={193}: values [1418471565912741035860383744, 2671084997624767126594464001), 1939693372161 candidates (MITM path)
  MITM b1=193: s=3 t=3 j=3 je=3 Q=7189057 table=25412184 yh=76330
stage b2=295 vs b1={194}: values [1472455490465714973583984375, 2841978310637314049208487936), 2077959971701 candidates (MITM path)
  MITM b1=194: s=3 t=3 j=3 je=3 Q=7301384 table=25672375 yh=80942
stage b2=296 vs b1={195}: values [1528300733849759596723306496, 3022841224505963164306640625), 2222068379183 candidates (MITM path)
  MITM b1=195: s=3 t=3 j=3 je=3 Q=7414875 table=25934336 yh=85681
stage b2=297 vs b1={196}: values [1586064857271688421018834553, 3214199700417740936751087616), 2372202037999 candidates (MITM path)
  MITM b1=196: s=3 t=3 j=3 je=3 Q=7529536 table=26198073 yh=90549
stage b2=298 vs b1={197}: values [1645806998829973233948977152, 3416604542324232545384738641), 2528548722101 candidates (MITM path)
  MITM b1=197: s=3 t=3 j=3 je=3 Q=7645373 table=26463592 yh=95549
stage b2=299 vs b1={198}: values [1707587911185321991450053299, 3630632434549265533578448896), 2691300607506 candidates (MITM path)
  MITM b1=198: s=3 t=3 j=3 je=3 Q=7762392 table=26730899 yh=100682
stage b2=300 vs b1={199}: values [1771470000000000000000000000, 3856887017121283350242637601), 2860654344474 candidates (MITM path)
  MITM b1=199: s=3 t=3 j=3 je=3 Q=7880599 table=27000000 yh=105951
stage b2=301 vs b1={200}: values [1837517363158923337459953301, 4096000000000000000000000000), 3036811130350 candidates (MITM path)
  MITM b1=200: s=3 t=3 j=3 je=3 Q=8000000 table=27270901 yh=111358
stage b2=302 vs b1={201}: values [1905795830785729527017781248, 4348632317396990233762642401), 3219976783078 candidates (MITM path)
  MITM b1=201: s=3 t=3 j=3 je=3 Q=8120601 table=27543608 yh=116905

*** MATCH: 4024210901055302818226736996 is an 12-digit palindrome in bases 201 and 302
stage b2=303 vs b1={202}: values [1976373006067208317880888847, 4615475323420547975828279296), 3410361815379 candidates (MITM path)
  MITM b1=202: s=3 t=3 j=3 je=3 Q=8242408 table=27818127 yh=122595
stage b2=304 vs b1={203}: values [2049318306899655055957295104, 4897252030306448390395044241), 3608181509611 candidates (MITM path)
  MITM b1=203: s=3 t=3 j=3 je=3 Q=8365427 table=28094464 yh=128431
stage b2=305 vs b1={204}: values [2124703008370890559619140625, 5194718390528185623763746816), 3813655993285 candidates (MITM path)
  MITM b1=204: s=3 t=3 j=3 je=3 Q=8489664 table=28372625 yh=134414
stage b2=306 vs b1={205}: values [2202600286091874661776377856, 5508664624112838398681640625), 4027010315267 candidates (MITM path)
  MITM b1=205: s=3 t=3 j=3 je=3 Q=8615125 table=28652616 yh=140546
stage b2=307 vs b1={206}: values [2283085260392025651955298443, 5839916592521948960554356736), 4248474522644 candidates (MITM path)
  MITM b1=206: s=3 t=3 j=3 je=3 Q=8741816 table=28934443 yh=146832
stage b2=308 vs b1={207}: values [2366235041392544762971553792, 6189337220490697154402830401), 4478283738269 candidates (MITM path)
  MITM b1=207: s=3 t=3 j=3 je=3 Q=8869743 table=29218112 yh=153271
stage b2=309 vs b1={208}: values [2452128774972233608245132909, 6557827967253220516257857536), 4716678238977 candidates (MITM path)
  MITM b1=208: s=3 t=3 j=3 je=3 Q=8998912 table=29503629 yh=159868
stage b2=310 vs b1={209}: values [2540847689640483100000000000, 6946330348617183160431238081), 4963903534477 candidates (MITM path)
  MITM b1=209: s=3 t=3 j=3 je=3 Q=9129329 table=29791000 yh=166625
stage b2=311 vs b1={210}: values [2632475144332304877738303911, 7355827511386641000000000000), 5220210446920 candidates (MITM path)
  MITM b1=210: s=3 t=3 j=3 je=3 Q=9261000 table=30080231 yh=173543
stage b2=312 vs b1={211}: values [2727096677140470662732709888, 7787345861668898615544483121), 5485855191149 candidates (MITM path)
  MITM b1=211: s=3 t=3 j=3 je=3 Q=9393931 table=30371328 yh=180627
stage b2=313 vs b1={212}: values [2824800055000021240134845737, 8241956748638414149261459456), 5761099455613 candidates (MITM path)
  MITM b1=212: s=3 t=3 j=3 je=3 Q=9528128 table=30664297 yh=187877
stage b2=314 vs b1={213}: values [2925675324340604967987390464, 8720778205368893309992171281), 6046210483975 candidates (MITM path)
  MITM b1=213: s=3 t=3 j=3 je=3 Q=9663597 table=30959144 yh=195297
stage b2=315 vs b1={214}: values [3029814862722305834326171875, 9224976748383532391296208896), 6341461157390 candidates (MITM path)
  MITM b1=214: s=3 t=3 j=3 je=3 Q=9800344 table=31255875 yh=202889
stage b2=316 vs b1={215}: values [3137313431470823142080905216, 9755769237612933691650390625), 6647130077459 candidates (MITM path)
  MITM b1=215: s=3 t=3 j=3 je=3 Q=9938375 table=31554496 yh=210656
stage b2=317 vs b1={216}: values [3248268229328068909082939333, 10314424798490535546171949056), 6963501649873 candidates (MITM path)
  MITM b1=216: s=3 t=3 j=3 je=3 Q=10077696 table=31855013 yh=218600
stage b2=318 vs b1={217}: values [3362778947134455039659538432, 10902266807956484097280908961), 7290866168730 candidates (MITM path)
  MITM b1=217: s=3 t=3 j=3 je=3 Q=10218313 table=32157432 yh=226725
stage b2=319 vs b1={218}: values [3480947823559350267570691519, 11520674946182735813538942976), 7629519901536 candidates (MITM path)
  MITM b1=218: s=3 t=3 j=3 je=3 Q=10360232 table=32461759 yh=235032
stage b2=320 vs b1={219}: values [3602879701896396800000000000, 12171087315874829579909431761), 7979765174891 candidates (MITM path)
  MITM b1=219: s=3 t=3 j=3 je=3 Q=10503459 table=32768000 yh=243524
stage b2=321 vs b1={220}: values [3728682087940588521559555521, 12855002631049216000000000000), 8341910460847 candidates (MITM path)
  MITM b1=220: s=3 t=3 j=3 je=3 Q=10648000 table=33076161 yh=252204
stage b2=322 vs b1={221}: values [3858465208964226558463510528, 13573982477229290545823357041), 8716270463965 candidates (MITM path)
  MITM b1=221: s=3 t=3 j=3 je=3 Q=10793861 table=33386248 yh=261074
stage b2=323 vs b1={222}: values [3992342073809083968859805627, 14329653645048357641297596416), 9103166209042 candidates (MITM path)
  MITM b1=222: s=3 t=3 j=3 je=3 Q=10941048 table=33698267 yh=270138
done: 96.89s, 22221309 candidates tested
