A171740 search: n=12, threads=1, limit=none
stage b2=366 vs b1={224}: values [15786721204455474199101782016, 15957917665472413585874354176), 71221033305 candidates (MITM path)
  MITM b1=224: s=4 t=2 j=2 je=3 Q=50176 table=133956 yh=531675
stage b2=367 vs b1={225}: values [16267720676218928340423448783, 16834112196028232574462890625), 231803696280 candidates (MITM path)
  MITM b1=225: s=4 t=2 j=2 je=3 Q=50625 table=134689 yh=1721030
stage b2=368 vs b1={226}: values [16762006526156773981926981632, 17754206618385148880104984576), 399495922529 candidates (MITM path)
  MITM b1=226: s=4 t=2 j=2 je=3 Q=51076 table=135424 yh=2949964
stage b2=369 vs b1={227}: values [17269908148850843900874319569, 18720191467045367574023614321), 574506113612 candidates (MITM path)
  MITM b1=227: s=4 t=2 j=2 je=3 Q=51529 table=136161 yh=4219315
stage b2=370 vs b1={228}: values [17791762177946041300000000000, 19734138142017490453021065216), 757047188375 candidates (MITM path)
  MITM b1=228: s=4 t=2 j=2 je=3 Q=51984 table=136900 yh=5529929
stage b2=371 vs b1={229}: values [18327912624975493645267978571, 20798201815902925734870098641), 947336652220 candidates (MITM path)
  MITM b1=229: s=4 t=2 j=2 je=3 Q=52441 table=137641 yh=6882664
stage b2=372 vs b1={230}: values [18878711020461444446161993728, 21914624432020321000000000000), 1145596667005 candidates (MITM path)
  MITM b1=230: s=4 t=2 j=2 je=3 Q=52900 table=138384 yh=8278390
stage b2=373 vs b1={231}: values [19444516557322886668124300077, 23085737796000848857434784161), 1352054121560 candidates (MITM path)
  MITM b1=231: s=4 t=2 j=2 je=3 Q=53361 table=139129 yh=9717990
stage b2=374 vs b1={232}: values [20025696236621278455959066624, 24313966763341113270967730176), 1566940702837 candidates (MITM path)
  MITM b1=232: s=4 t=2 j=2 je=3 Q=53824 table=139876 yh=11202356
stage b2=375 vs b1={233}: values [20622625015676021575927734375, 25601832525455335435322705761), 1790492967687 candidates (MITM path)
  MITM b1=233: s=4 t=2 j=2 je=3 Q=54289 table=140625 yh=12732395
stage b2=376 vs b1={234}: values [21235685958581725467693285376, 26951955996824334101419462656), 2022952415265 candidates (MITM path)
  MITM b1=234: s=3 t=3 j=3 je=3 Q=12812904 table=53157376 yh=38056
stage b2=377 vs b1={235}: values [21865270389159625050067741673, 28367061305895648984619140625), 2264565560062 candidates (MITM path)
  MITM b1=235: s=3 t=3 j=3 je=3 Q=12977875 table=53582633 yh=42264
stage b2=378 vs b1={236}: values [22511778046375868461571254272, 29849979392446980130179383296), 2515584005575 candidates (MITM path)
  MITM b1=236: s=3 t=3 j=3 je=3 Q=13144256 table=54010152 yh=46577
stage b2=379 vs b1={237}: values [23175617242259741753050742179, 31403651714183943747186386481), 2776264518601 candidates (MITM path)
  MITM b1=237: s=3 t=3 j=3 je=3 Q=13312053 table=54439939 yh=50997
stage b2=380 vs b1={238}: values [23857205022355251200000000000, 33031134065402989058412384256), 3046869104176 candidates (MITM path)
  MITM b1=238: s=3 t=3 j=3 je=3 Q=13481272 table=54872000 yh=55527
stage b2=381 vs b1={239}: values [24556967328739840381780226181, 34735600510611194263176918721), 3327665081135 candidates (MITM path)
  MITM b1=239: s=3 t=3 j=3 je=3 Q=13651919 table=55306341 yh=60168
stage b2=382 vs b1={240}: values [25275339165644378498708666368, 36520347436056576000000000000), 3618925158317 candidates (MITM path)
  MITM b1=240: s=3 t=3 j=3 je=3 Q=13824000 table=55742968 yh=64922
stage b2=383 vs b1={241}: values [26012764767708918581052067967, 38388797722185519065061084481), 3920927511405 candidates (MITM path)
  MITM b1=241: s=3 t=3 j=3 je=3 Q=13997521 table=56181887 yh=69790
stage b2=384 vs b1={242}: values [26769697770909089301459369984, 40344505040107975043939700736), 4233955860400 candidates (MITM path)
  MITM b1=242: s=3 t=3 j=3 je=3 Q=14172488 table=56623104 yh=74775
stage b2=385 vs b1={243}: values [27546601386188352049462890625, 42391158275216203514294433201), 4558299547737 candidates (MITM path)
  MITM b1=243: s=3 t=3 j=3 je=3 Q=14348907 table=57066625 yh=79877
stage b2=386 vs b1={244}: values [28343948575831725778577524736, 44532586081169051256761614336), 4894253617039 candidates (MITM path)
  MITM b1=244: s=3 t=3 j=3 je=3 Q=14526784 table=57512456 yh=85100
stage b2=387 vs b1={245}: values [29162222232616955908481341563, 46772761567521097265869140625), 5242118892514 candidates (MITM path)
  MITM b1=245: s=3 t=3 j=3 je=3 Q=14706125 table=57960603 yh=90443
stage b2=388 vs b1={246}: values [30001915361779480272056614912, 49115807124344448192809865216), 5602202058991 candidates (MITM path)
  MITM b1=246: s=3 t=3 j=3 je=3 Q=14886936 table=58411072 yh=95910
stage b2=389 vs b1={247}: values [30863531265827924755035773789, 51565999387260564203827465441), 5974815742598 candidates (MITM path)
  MITM b1=247: s=3 t=3 j=3 je=3 Q=15069223 table=58863869 yh=101503

*** MATCH: 38124460929822346126126438320 is an 12-digit palindrome in bases 247 and 389
stage b2=390 vs b1={248}: values [31747583732247243900000000000, 54127774346370243244217860096), 6360278592086 candidates (MITM path)
  MITM b1=248: s=3 t=3 j=3 je=3 Q=15252992 table=59319000 yh=107222
stage b2=391 vs b1={249}: values [32654597224127007351927104791, 56805732602641806617660372001), 6758915360796 candidates (MITM path)
  MITM b1=249: s=3 t=3 j=3 je=3 Q=15438249 table=59776471 yh=113070
stage b2=392 vs b1={250}: values [33585107073752721624827691008, 59604644775390625000000000000), 7171056989273 candidates (MITM path)
  MITM b1=250: s=3 t=3 j=3 je=3 Q=15625000 table=60236288 yh=119049
stage b2=393 vs b1={251}: values [34539659679198468283732168857, 62529457064557415999535378001), 7597040688523 candidates (MITM path)
  MITM b1=251: s=3 t=3 j=3 je=3 Q=15813251 table=60698457 yh=125161
stage b2=394 vs b1={252}: values [35518812703959534278923577344, 65585296971568246764230148096), 8037210023917 candidates (MITM path)
  MITM b1=252: s=3 t=3 j=3 je=3 Q=16003008 table=61162984 yh=131407
stage b2=395 vs b1={253}: values [36523135279664107855419921875, 68777479182635902650515347441), 8491914999752 candidates (MITM path)
  MITM b1=253: s=3 t=3 j=3 je=3 Q=16194277 table=61629875 yh=137789
stage b2=396 vs b1={254}: values [37553208211903514205902340096, 72111511618440250457975689216), 8961512144446 candidates (MITM path)
  MITM b1=254: s=3 t=3 j=3 je=3 Q=16387064 table=62099136 yh=144310
done: 101.99s, 64769291 candidates tested
