A171740 search: n=12, threads=1, limit=none
stage b2=465 vs b1={279}: values [219777121912472001814306640625, 222459234928734230114433331041), 265313504644 candidates (MITM path)
  MITM b1=279: s=4 t=2 j=2 je=3 Q=77841 table=216225 yh=1227026
stage b2=466 vs b1={280}: values [225032416361083806744810735616, 232218265089212416000000000000), 701717924760 candidates (MITM path)
  MITM b1=280: s=4 t=2 j=2 je=3 Q=78400 table=217156 yh=3231401
stage b2=467 vs b1={281}: values [230401703744465269881211992683, 242368312385016936196463417761), 1153638668379 candidates (MITM path)
  MITM b1=281: s=4 t=2 j=2 je=3 Q=78961 table=218089 yh=5289761
stage b2=468 vs b1={282}: values [235887204621778787349175468032, 252923568025201628647322750976), 1621443339250 candidates (MITM path)
  MITM b1=282: s=4 t=2 j=2 je=3 Q=79524 table=219024 yh=7403040
stage b2=469 vs b1={283}: values [241491177919137537737896750669, 263898685087308495981516810961), 2105506021240 candidates (MITM path)
  MITM b1=283: s=4 t=2 j=2 je=3 Q=80089 table=219961 yh=9572179
stage b2=470 vs b1={284}: values [247215921508401230300000000000, 275308791831202866814366253056), 2606207359753 candidates (MITM path)
  MITM b1=284: s=4 t=2 j=2 je=3 Q=80656 table=220900 yh=11798133
stage b2=471 vs b1={285}: values [253063772793440013800811649671, 287169505347519450195556640625), 3123934643748 candidates (MITM path)
  MITM b1=285: s=4 t=2 j=2 je=3 Q=81225 table=221841 yh=14081864
stage b2=472 vs b1={286}: values [259037109303946675027997360128, 299496945547901850804899024896), 3659081888368 candidates (MITM path)
  MITM b1=286: s=4 t=2 j=2 je=3 Q=81796 table=222784 yh=16424348
stage b2=473 vs b1={287}: values [265138349296877942293007763977, 312307749504346137016129649281), 4212049918190 candidates (MITM path)
  MITM b1=287: s=4 t=2 j=2 je=3 Q=82369 table=223729 yh=18826572
stage b2=474 vs b1={288}: values [271369952365606399975686580224, 325619086145088897570576531456), 4783246451078 candidates (MITM path)
  MITM b1=288: s=4 t=2 j=2 je=3 Q=82944 table=224676 yh=21289531
stage b2=475 vs b1={289}: values [277734420056865215301513671875, 339448671314611904643504117121), 5373086182651 candidates (MITM path)
  MITM b1=289: s=4 t=2 j=2 je=3 Q=83521 table=225625 yh=23814233
stage b2=476 vs b1={290}: values [284234296495568578116086398976, 353814783205469041000000000000), 5981990871369 candidates (MITM path)
  MITM b1=290: s=4 t=2 j=2 je=3 Q=84100 table=226576 yh=26401697
stage b2=477 vs b1={291}: values [290872169017591458452425905573, 368736278169776566314796884081), 6610389424230 candidates (MITM path)
  MITM b1=291: s=3 t=3 j=3 je=3 Q=24642171 table=108531333 yh=60908
stage b2=478 vs b1={292}: values [297650668810592995192411420672, 384232606918345112299069505536), 7258717983090 candidates (MITM path)
  MITM b1=292: s=3 t=3 j=3 je=3 Q=24897088 table=109215352 yh=66463
stage b2=479 vs b1={293}: values [304572471562968542123015813279, 400323831115571027902364072401), 7927420011593 candidates (MITM path)
  MITM b1=293: s=3 t=3 j=3 je=3 Q=25153757 table=109902239 yh=72132
stage b2=480 vs b1={294}: values [311640298121016115200000000000, 417030640378345864542952820736), 8616946382723 candidates (MITM path)
  MITM b1=294: s=3 t=3 j=3 je=3 Q=25412184 table=110592000 yh=77917
stage b2=481 vs b1={295}: values [318856915154403706875322757281, 434374369687385917207275390625), 9327755466979 candidates (MITM path)
  MITM b1=295: s=3 t=3 j=3 je=3 Q=25672375 table=111284641 yh=83819
stage b2=482 vs b1={296}: values [326225135830024659938776352768, 452377017219528840630098722816), 10060313221160 candidates (MITM path)
  MITM b1=296: s=3 t=3 j=3 je=3 Q=25934336 table=111980168 yh=89841
stage b2=483 vs b1={297}: values [333747820494329024488347411867, 471061262609691461042593862241), 10815093277784 candidates (MITM path)
  MITM b1=297: s=3 t=3 j=3 je=3 Q=26198073 table=112678587 yh=95982
stage b2=484 vs b1={298}: values [341427877364219557396646723584, 490450485651332023716795191296), 11592577035121 candidates (MITM path)
  MITM b1=298: s=3 t=3 j=3 je=3 Q=26463592 table=113379904 yh=102246
stage b2=485 vs b1={299}: values [349268263226601764001611328125, 510568785444411275443565936401), 12393253747850 candidates (MITM path)
  MITM b1=299: s=3 t=3 j=3 je=3 Q=26730899 table=114084125 yh=108633
stage b2=486 vs b1={300}: values [357271984146678126737757198336, 531441000000000000000000000000), 13217620618343 candidates (MITM path)
  MITM b1=300: s=3 t=3 j=3 je=3 Q=27000000 table=114791256 yh=115145
stage b2=487 vs b1={301}: values [365442096185077415058791025463, 553092726310835924575445943601), 14066182888574 candidates (MITM path)
  MITM b1=301: s=3 t=3 j=3 je=3 Q=27270901 table=115501303 yh=121784
stage b2=488 vs b1={302}: values [373781706123910725302654861312, 575550340897290317159369936896), 14939453932648 candidates (MITM path)
  MITM b1=302: s=3 t=3 j=3 je=3 Q=27543608 table=116214272 yh=128551
stage b2=489 vs b1={303}: values [382293972201846658135397384889, 598841020838364120317909320641), 15837955349965 candidates (MITM path)
  MITM b1=303: s=3 t=3 j=3 je=3 Q=27818127 table=116930169 yh=135448
stage b2=490 vs b1={304}: values [390982104858298804900000000000, 622992765297495137011017711616), 16762217059006 candidates (MITM path)
  MITM b1=304: s=3 t=3 j=3 je=3 Q=28094464 table=117649000 yh=142477
stage b2=491 vs b1={305}: values [399849367486819482609834395891, 648034417553121620683837890625), 17712777391751 candidates (MITM path)
  MITM b1=305: s=3 t=3 j=3 je=3 Q=28372625 table=118370771 yh=149639
stage b2=492 vs b1={306}: values [408899077197794430483230097408, 673995687544113646503571623936), 18690183188721 candidates (MITM path)
  MITM b1=306: s=3 t=3 j=3 je=3 Q=28652616 table=119095488 yh=156935
stage b2=493 vs b1={307}: values [418134605590533958835165292757, 700907174940351875150276622001), 19694989894661 candidates (MITM path)
  MITM b1=307: s=3 t=3 j=3 je=3 Q=28934443 table=119823157 yh=164368
stage b2=494 vs b1={308}: values [427559379534856823843881170944, 728800392748903786995238567936), 20727761654838 candidates (MITM path)
  MITM b1=308: s=3 t=3 j=3 je=3 Q=29218112 table=120553784 yh=171938
stage b2=495 vs b1={309}: values [437176881962263889213818359375, 757707791466420184947746068881), 21789071411987 candidates (MITM path)
  MITM b1=309: s=3 t=3 j=3 je=3 Q=29503629 table=121287375 yh=179649
stage b2=496 vs b1={310}: values [446990652666799428081282973696, 787662783788549761000000000000), 22879501003881 candidates (MITM path)
  MITM b1=310: s=3 t=3 j=3 je=3 Q=29791000 table=122023936 yh=187501
stage b2=497 vs b1={311}: values [457004289115698715675308342353, 818699769887346816976612516321), 23999641261536 candidates (MITM path)
  MITM b1=311: s=3 t=3 j=3 je=3 Q=30080231 table=122763473 yh=195495
stage b2=498 vs b1={312}: values [467221447269921365272965629952, 850854163267826846772605485056), 25150092108050 candidates (MITM path)
  MITM b1=312: s=3 t=3 j=3 je=3 Q=30371328 table=123505992 yh=203635
stage b2=499 vs b1={313}: values [477645842414670666895611255499, 884162417215006648162206715681), 26331462658079 candidates (MITM path)
  MITM b1=313: s=3 t=3 j=3 je=3 Q=30664297 table=124251499 yh=211921
stage b2=500 vs b1={314}: values [488281250000000000000000000000, 918662051842949959948040605696), 27544371317949 candidates (MITM path)
  MITM b1=314: s=3 t=3 j=3 je=3 Q=30959144 table=125000000 yh=220355
stage b2=501 vs b1={315}: values [499131506491608208145638755501, 954391681757526337812744140625), 28789445886403 candidates (MITM path)
  MITM b1=315: s=3 t=3 j=3 je=3 Q=31255875 table=125751501 yh=228940
stage b2=502 vs b1={316}: values [510200510231926645287045634048, 991391044344780112897566048256), 30067323655984 candidates (MITM path)
  MITM b1=316: s=3 t=3 j=3 je=3 Q=31554496 table=126506008 yh=237676
stage b2=503 vs b1={317}: values [521492222311601429966591196647, 1029701028696997844179291768561), 31378651515064 candidates (MITM path)
  MITM b1=317: s=3 t=3 j=3 je=3 Q=31855013 table=127263527 yh=246565
stage b2=504 vs b1={318}: values [533010667451475275290251362304, 1069363705188756702611733221376), 32724086050503 candidates (MITM path)
  MITM b1=318: s=3 t=3 j=3 je=3 Q=32157432 table=128024064 yh=255609
stage b2=505 vs b1={319}: values [544759934895174099174853515625, 1110422355715432735355050594561), 34104293650950 candidates (MITM path)
  MITM b1=319: s=3 t=3 j=3 je=3 Q=32461759 table=128787625 yh=264811
stage b2=506 vs b1={320}: values [556744179312404460981246765056, 1152921504606846976000000000000), 35519950610793 candidates (MITM path)
  MITM b1=320: s=3 t=3 j=3 je=3 Q=32768000 table=129554216 yh=274171
stage b2=507 vs b1={321}: values [568967621713068717313312446243, 1196906950228928915420617322241), 36971743234737 candidates (MITM path)
  MITM b1=321: s=3 t=3 j=3 je=3 Q=33076161 table=130323843 yh=283692
stage b2=508 vs b1={322}: values [581434550372305641487929966592, 1242425797286480951825250390016), 38460367943036 candidates (MITM path)
  MITM b1=322: s=3 t=3 j=3 je=3 Q=33386248 table=131096512 yh=293375
stage b2=509 vs b1={323}: values [594149321766565107986044015109, 1289526489840334121941717217521), 39986531377358 candidates (MITM path)
  MITM b1=323: s=3 t=3 j=3 je=3 Q=33698267 table=131872229 yh=303222
stage b2=510 vs b1={324}: values [607116361520826305100000000000, 1338258845052394702439737982976), 41550950507301 candidates (MITM path)
  MITM b1=324: s=3 t=3 j=3 je=3 Q=34012224 table=132651000 yh=313236
stage b2=511 vs b1={325}: values [620340165367069806017523226111, 1388674087672293186187744140625), 43154352737551 candidates (MITM path)
  MITM b1=325: s=3 t=3 j=3 je=3 Q=34328125 table=133432831 yh=323417
stage b2=512 vs b1={326}: values [633825300114114700748351602688, 1440824885279561706440311115776), 44797476015682 candidates (MITM path)
  MITM b1=326: s=3 t=3 j=3 je=3 Q=34645976 table=134217728 yh=333768
stage b2=513 vs b1={327}: values [647576404628932868625869313537, 1494765384295483228389391941921), 46481068940606 candidates (MITM path)
  MITM b1=327: s=3 t=3 j=3 je=3 Q=34965783 table=135005697 yh=344290
stage b2=514 vs b1={328}: values [661598190829553353623447537664, 1550551246778975776674326511616), 48205890871667 candidates (MITM path)
  MITM b1=328: s=3 t=3 j=3 je=3 Q=35287552 table=135796744 yh=354986

*** MATCH: 1191109633589735460827187200155 is an 12-digit palindrome in bases 328 and 514
stage b2=515 vs b1={329}: values [675895444689670692433935546875, 1608239688021097644574300393441), 49972712038382 candidates (MITM path)
  MITM b1=329: s=3 t=3 j=3 je=3 Q=35611289 table=136590875 yh=365857
stage b2=516 vs b1={330}: values [690473027255071938191258812416, 1667889514952984961000000000000), 51782313650829 candidates (MITM path)
  MITM b1=330: s=3 t=3 j=3 je=3 Q=35937000 table=137388096 yh=376906
stage b2=517 vs b1={331}: values [705335875671998020885807527133, 1729561165382261200512043881361), 53635488010690 candidates (MITM path)
  MITM b1=331: s=3 t=3 j=3 je=3 Q=36264691 table=138188413 yh=388134
stage b2=518 vs b1={332}: values [720489004227555988960716511232, 1793316748073189235032143691776), 55533038622930 candidates (MITM path)
  MITM b1=332: s=3 t=3 j=3 je=3 Q=36594368 table=138991832 yh=399542
stage b2=519 vs b1={333}: values [735937505402299585294763053719, 1859220083686070369445516586161), 57475780308137 candidates (MITM path)
  MITM b1=333: s=3 t=3 j=3 je=3 Q=36926037 table=139798359 yh=411134
stage b2=520 vs b1={334}: values [751686550935096524800000000000, 1927336746591631502843839123456), 59464539315511 candidates (MITM path)
  MITM b1=334: s=3 t=3 j=3 je=3 Q=37259704 table=140608000 yh=422911
stage b2=521 vs b1={335}: values [767741392900401760208994397721, 1997734107576381138808837890625), 61500153436497 candidates (MITM path)
  MITM b1=335: s=3 t=3 j=3 je=3 Q=37595375 table=141420761 yh=434874
stage b2=522 vs b1={336}: values [784107364798056947318294243328, 2070481377455157458127600746496), 63583472119079 candidates (MITM path)
  MITM b1=336: s=3 t=3 j=3 je=3 Q=37933056 table=142236648 yh=447026
stage b2=523 vs b1={337}: values [800789882655737251012174233427, 2145649651607337092060800582081), 65715356582717 candidates (MITM path)
  MITM b1=337: s=3 t=3 j=3 je=3 Q=38272753 table=143055667 yh=459370
stage b2=524 vs b1={338}: values [817794446144167568834532737024, 2223311955453421620312454598656), 67896679933945 candidates (MITM path)
  MITM b1=338: s=3 t=3 j=3 je=3 Q=38614472 table=143877824 yh=471906
stage b2=525 vs b1={339}: values [835126639705231189727783203125, 2303543290888970191892547145521), 70128327282618 candidates (MITM path)
  MITM b1=339: s=3 t=3 j=3 je=3 Q=38958219 table=144703125 yh=484636
stage b2=526 vs b1={340}: values [852792133693094851836500555776, 2386420683693101056000000000000), 72411195858813 candidates (MITM path)
  MITM b1=340: s=3 t=3 j=3 je=3 Q=39304000 table=145531576 yh=497564
stage b2=527 vs b1={341}: values [870796685528475115001283375023, 2472023231929042220921962513681), 74746195130387 candidates (MITM path)
  MITM b1=341: s=3 t=3 j=3 je=3 Q=39651821 table=146363183 yh=510690
stage b2=528 vs b1={342}: values [889146140866171920765652303872, 2560432155354471958946281230336), 77134246921190 candidates (MITM path)
  MITM b1=342: s=3 t=3 j=3 je=3 Q=40001688 table=147197952 yh=524018
stage b2=529 vs b1={343}: values [907846434775996175406740561329, 2651730845859653471779023381601), 79576285529932 candidates (MITM path)
  MITM b1=343: s=3 t=3 j=3 je=3 Q=40353607 table=148035889 yh=537548
stage b2=530 vs b1={344}: values [926903592937219159700000000000, 2746004918951634751471942107136), 82073257849706 candidates (MITM path)
  MITM b1=344: s=3 t=3 j=3 je=3 Q=40707584 table=148877000 yh=551283
stage b2=531 vs b1={345}: values [946323732846672542860142060331, 2843342266303054544082275390625), 84626123488176 candidates (MITM path)
  MITM b1=345: s=3 t=3 j=3 je=3 Q=41063625 table=149721291 yh=565225
stage b2=532 vs b1={346}: values [966113065040628757386093395968, 2943833109384368375058857660416), 87235854888407 candidates (MITM path)
  MITM b1=346: s=3 t=3 j=3 je=3 Q=41421736 table=150568768 yh=579376
stage b2=533 vs b1={347}: values [986277894330592476397946946317, 3047570054198584854687363929041), 89903437450372 candidates (MITM path)
  MITM b1=347: s=3 t=3 j=3 je=3 Q=41781923 table=151419437 yh=593738
stage b2=534 vs b1={348}: values [1006824621053134925509846800384, 3154648147137881977010830442496), 92629869653103 candidates (MITM path)
  MITM b1=348: s=3 t=3 j=3 je=3 Q=42144192 table=152273304 yh=608314
stage b2=535 vs b1={349}: values [1027759742333903757355615234375, 3265164931981755884811169330801), 95416163177508 candidates (MITM path)
  MITM b1=349: s=3 t=3 j=3 je=3 Q=42508549 table=153130375 yh=623105
stage b2=536 vs b1={350}: values [1049089853365942218594908635136, 3379220508056640625000000000000), 98263343029849 candidates (MITM path)
  MITM b1=350: s=3 t=3 j=3 je=3 Q=42875000 table=153990656 yh=638113
stage b2=537 vs b1={351}: values [1070821648702452346598011379913, 3496917589577226791795034339201), 101172447665876 candidates (MITM path)
  MITM b1=351: s=3 t=3 j=3 je=3 Q=43243551 table=154854153 yh=653341
stage b2=538 vs b1={352}: values [1092961923564137946058318784512, 3618361566189999678189727645696), 104144529115624 candidates (MITM path)
  MITM b1=352: s=3 t=3 j=3 je=3 Q=43614208 table=155720872 yh=668790
stage b2=539 vs b1={353}: values [1115517575161264114534437527939, 3743660564739813658463646963841), 107180653108875 candidates (MITM path)
  MITM b1=353: s=3 t=3 j=3 je=3 Q=43986977 table=156590819 yh=684464
stage b2=540 vs b1={354}: values [1138495604030571110400000000000, 3872925512280619035000649814016), 110281899201276 candidates (MITM path)
  MITM b1=354: s=3 t=3 j=3 je=3 Q=44361864 table=157464000 yh=700363
stage b2=541 vs b1={355}: values [1161903115387181386900143203941, 4006270200351760530820556640625), 113449360901125 candidates (MITM path)
  MITM b1=355: s=3 t=3 j=3 je=3 Q=44738875 table=158340421 yh=716491
stage b2=542 vs b1={356}: values [1185747320491639652000578500608, 4143811350541573024494477377536), 116684145796816 candidates (MITM path)
  MITM b1=356: s=3 t=3 j=3 je=3 Q=45118016 table=159220088 yh=732849
done: 820.30s, 169171970 candidates tested
