A171740 search: n=12, threads=1, limit=none
stage b2=158 vs b1={104}: values [1531891323960362862344192, 1601032218567680790102016), 4444188517 candidates (MITM path)
  MITM b1=104: s=4 t=2 j=2 je=3 Q=10816 table=24964 yh=178024
stage b2=159 vs b1={105}: values [1641981907780495624833759, 1795856326022129150390625), 9523216948 candidates (MITM path)
  MITM b1=105: s=4 t=2 j=2 je=3 Q=11025 table=25281 yh=376695
stage b2=160 vs b1={106}: values [1759218604441600000000000, 2012196471835550329409536), 15078655923 candidates (MITM path)
  MITM b1=106: s=4 t=2 j=2 je=3 Q=11236 table=25600 yh=589010
stage b2=161 vs b1={107}: values [1884016215314563749249761, 2252191588960823337718801), 21139732138 candidates (MITM path)
  MITM b1=107: s=4 t=2 j=2 je=3 Q=11449 table=25921 yh=815545
stage b2=162 vs b1={108}: values [2016810807672035804940288, 2518170116818978404827136), 27736968673 candidates (MITM path)
  MITM b1=108: s=4 t=2 j=2 je=3 Q=11664 table=26244 yh=1056889
stage b2=163 vs b1={109}: values [2158060662623960090407387, 2812664781782894485727281), 34902224477 candidates (MITM path)
  MITM b1=109: s=3 t=3 j=3 je=3 Q=1295029 table=4330747 yh=8060
stage b2=164 vs b1={110}: values [2308247259043587701080064, 3138428376721000000000000), 42668734548 candidates (MITM path)
  MITM b1=110: s=3 t=3 j=3 je=3 Q=1331000 table=4410944 yh=9674
stage b2=165 vs b1={111}: values [2467876294615567236328125, 3498450596935634189769921), 51071150762 candidates (MITM path)
  MITM b1=111: s=3 t=3 j=3 je=3 Q=1367631 table=4492125 yh=11370
stage b2=166 vs b1={112}: values [2637478745165999792674816, 3895975992546975973113856), 60145583391 candidates (MITM path)
  MITM b1=112: s=3 t=3 j=3 je=3 Q=1404928 table=4574296 yh=13149
stage b2=167 vs b1={113}: values [2817611963463158891460983, 4334523100191686738306881), 69929643292 candidates (MITM path)
  MITM b1=113: s=3 t=3 j=3 je=3 Q=1442897 table=4657463 yh=15015
stage b2=168 vs b1={114}: values [3008860818706922924408832, 4817904819828488880132096), 80462484767 candidates (MITM path)
  MITM b1=114: s=3 t=3 j=3 je=3 Q=1481544 table=4741632 yh=16970
stage b2=169 vs b1={115}: values [3211838877954855105157369, 5350250105473711181640625), 91784849111 candidates (MITM path)
  MITM b1=115: s=3 t=3 j=3 je=3 Q=1520875 table=4826809 yh=19016

*** MATCH: 3530783236174570136512480 is an 12-digit palindrome in bases 115 and 169
stage b2=170 vs b1={116}: values [3427189630763300000000000, 5936027041831326482169856), 103939108826 candidates (MITM path)
  MITM b1=116: s=3 t=3 j=3 je=3 Q=1560896 table=4913000 yh=21156
done: 1.56s, 3094111 candidates tested
