A171740 search: n=12, threads=1, limit=none
stage b2=276 vs b1={173}: values [707945625803254614013771776, 718709255220793060317103921), 24350295986 candidates (MITM path)
  MITM b1=173: s=4 t=2 j=2 je=3 Q=29929 table=76176 yh=319659
stage b2=277 vs b1={174}: values [736677591779499338860277773, 770177770297334467043659776), 74159792667 candidates (MITM path)
  MITM b1=174: s=4 t=2 j=2 je=3 Q=30276 table=76729 yh=966516
stage b2=278 vs b1={175}: values [766465753873151417719887872, 825005006849765777587890625), 126817270200 candidates (MITM path)
  MITM b1=175: s=4 t=2 j=2 je=3 Q=30625 table=77284 yh=1640926
stage b2=279 vs b1={176}: values [797344928059979319406571079, 883389054245605390183038976), 182429895291 candidates (MITM path)
  MITM b1=176: s=4 t=2 j=2 je=3 Q=30976 table=77841 yh=2343623
stage b2=280 vs b1={177}: values [829350946747187200000000000, 945538455146635506591955521), 241107794523 candidates (MITM path)
  MITM b1=177: s=4 t=2 j=2 je=3 Q=31329 table=78400 yh=3075355
stage b2=281 vs b1={178}: values [862520684644188385040795081, 1011672693003313726683222016), 302964111665 candidates (MITM path)
  MITM b1=178: s=4 t=2 j=2 je=3 Q=31684 table=78961 yh=3836883
stage b2=282 vs b1={179}: values [896892085195750456196179968, 1082022699327332498100696241), 368115065608 candidates (MITM path)
  MITM b1=179: s=4 t=2 j=2 je=3 Q=32041 table=79524 yh=4628981
stage b2=283 vs b1={180}: values [932504187587662529970024067, 1156831381426176000000000000), 436680008956 candidates (MITM path)
  MITM b1=180: s=4 t=2 j=2 je=3 Q=32400 table=80089 yh=5452435
stage b2=284 vs b1={181}: values [969397154335221362022416384, 1236354171303115835117980561), 508781487252 candidates (MITM path)
  MITM b1=181: s=3 t=3 j=3 je=3 Q=5929741 table=22906304 yh=22212
stage b2=285 vs b1={182}: values [1007612299464980527001953125, 1320859596446125189798629376), 584545298854 candidates (MITM path)
  MITM b1=182: s=3 t=3 j=3 je=3 Q=6028568 table=23149125 yh=25252
stage b2=286 vs b1={183}: values [1047192117300356121695451136, 1410629873249683485564270561), 664100555456 candidates (MITM path)
  MITM b1=183: s=3 t=3 j=3 je=3 Q=6128487 table=23393656 yh=28389
stage b2=287 vs b1={184}: values [1088180311861833230021357663, 1505961523834397662438752256), 747579743255 candidates (MITM path)
  MITM b1=184: s=3 t=3 j=3 je=3 Q=6229504 table=23639903 yh=31624
stage b2=288 vs b1={185}: values [1130621826892669783231168512, 1607166017050789863525390625), 835118784769 candidates (MITM path)
  MITM b1=185: s=3 t=3 j=3 je=3 Q=6331625 table=23887872 yh=34960
stage b2=289 vs b1={186}: values [1174562876521148458974062689, 1714570434475502278801821696), 926857101305 candidates (MITM path)
  MITM b1=186: s=3 t=3 j=3 je=3 Q=6434856 table=24137569 yh=38399
stage b2=290 vs b1={187}: values [1220050976570582900000000000, 1828518162230556187140793681), 1022937676077 candidates (MITM path)
  MITM b1=187: s=3 t=3 j=3 je=3 Q=6539203 table=24389000 yh=41943
stage b2=291 vs b1={188}: values [1267134976528441808641913691, 1949369609479181830042157056), 1123507117977 candidates (MITM path)
  MITM b1=188: s=3 t=3 j=3 je=3 Q=6644672 table=24642171 yh=45593
stage b2=292 vs b1={189}: values [1315865092186113398284484608, 2077502954475116767205550321), 1228715725998 candidates (MITM path)
  MITM b1=189: s=3 t=3 j=3 je=3 Q=6751269 table=24897088 yh=49352
stage b2=293 vs b1={190}: values [1366292938960993269291344957, 2213314919066161000000000000), 1338717554314 candidates (MITM path)
  MITM b1=190: s=3 t=3 j=3 je=3 Q=6859000 table=25153757 yh=53222
stage b2=294 vs b1={191}: values [1418471565912741035860383744, 2357221572577185690065114881), 1453670478014 candidates (MITM path)
  MITM b1=191: s=3 t=3 j=3 je=3 Q=6967871 table=25412184 yh=57204
stage b2=295 vs b1={192}: values [1472455490465714973583984375, 2509659166022727122011815936), 1573736259495 candidates (MITM path)
  MITM b1=192: s=3 t=3 j=3 je=3 Q=7077888 table=25672375 yh=61301
stage b2=296 vs b1={193}: values [1528300733849759596723306496, 2671084997624767126594464001), 1699080615506 candidates (MITM path)
  MITM b1=193: s=3 t=3 j=3 je=3 Q=7189057 table=25934336 yh=65515
stage b2=297 vs b1={194}: values [1586064857271688421018834553, 2841978310637314049208487936), 1829873284861 candidates (MITM path)
  MITM b1=194: s=3 t=3 j=3 je=3 Q=7301384 table=26198073 yh=69848
stage b2=298 vs b1={195}: values [1645806998829973233948977152, 3022841224505963164306640625), 1966288096804 candidates (MITM path)
  MITM b1=195: s=3 t=3 j=3 je=3 Q=7414875 table=26463592 yh=74302
stage b2=299 vs b1={196}: values [1707587911185321991450053299, 3214199700417740936751087616), 2108503040036 candidates (MITM path)
  MITM b1=196: s=3 t=3 j=3 je=3 Q=7529536 table=26730899 yh=78879
stage b2=300 vs b1={197}: values [1771470000000000000000000000, 3416604542324232545384738641), 2256700332407 candidates (MITM path)
  MITM b1=197: s=3 t=3 j=3 je=3 Q=7645373 table=27000000 yh=83582
stage b2=301 vs b1={198}: values [1837517363158923337459953301, 3630632434549265533578448896), 2411066491268 candidates (MITM path)
  MITM b1=198: s=3 t=3 j=3 je=3 Q=7762392 table=27270901 yh=88412
stage b2=302 vs b1={199}: values [1905795830785729527017781248, 3856887017121283350242637601), 2571792404486 candidates (MITM path)
  MITM b1=199: s=3 t=3 j=3 je=3 Q=7880599 table=27543608 yh=93372
stage b2=303 vs b1={200}: values [1976373006067208317880888847, 4096000000000000000000000000), 2739073402128 candidates (MITM path)
  MITM b1=200: s=3 t=3 j=3 je=3 Q=8000000 table=27818127 yh=98464
stage b2=304 vs b1={201}: values [2049318306899655055957295104, 4348632317396990233762642401), 2913109328802 candidates (MITM path)
  MITM b1=201: s=3 t=3 j=3 je=3 Q=8120601 table=28094464 yh=103690
stage b2=305 vs b1={202}: values [2124703008370890559619140625, 4615475323420547975828279296), 3094104616675 candidates (MITM path)
  MITM b1=202: s=3 t=3 j=3 je=3 Q=8242408 table=28372625 yh=109053
stage b2=306 vs b1={203}: values [2202600286091874661776377856, 4897252030306448390395044241), 3282268359151 candidates (MITM path)
  MITM b1=203: s=3 t=3 j=3 je=3 Q=8365427 table=28652616 yh=114554
stage b2=307 vs b1={204}: values [2283085260392025651955298443, 5194718390528185623763746816), 3477814385216 candidates (MITM path)
  MITM b1=204: s=3 t=3 j=3 je=3 Q=8489664 table=28934443 yh=120197
stage b2=308 vs b1={205}: values [2366235041392544762971553792, 5508664624112838398681640625), 3680961334461 candidates (MITM path)
  MITM b1=205: s=3 t=3 j=3 je=3 Q=8615125 table=29218112 yh=125983

*** MATCH: 5442114521951769801123975762 is an 12-digit palindrome in bases 205 and 308
stage b2=309 vs b1={206}: values [2452128774972233608245132909, 5839916592521948960554356736), 3891932732761 candidates (MITM path)
  MITM b1=206: s=3 t=3 j=3 je=3 Q=8741816 table=29503629 yh=131914
stage b2=310 vs b1={207}: values [2540847689640483100000000000, 6189337220490697154402830401), 4110957068640 candidates (MITM path)
  MITM b1=207: s=3 t=3 j=3 je=3 Q=8869743 table=29791000 yh=137994
stage b2=311 vs b1={208}: values [2632475144332304877738303911, 6557827967253220516257857536), 4338267870292 candidates (MITM path)
  MITM b1=208: s=3 t=3 j=3 je=3 Q=8998912 table=30080231 yh=144224
stage b2=312 vs b1={209}: values [2727096677140470662732709888, 6946330348617183160431238081), 4574103783290 candidates (MITM path)
  MITM b1=209: s=3 t=3 j=3 je=3 Q=9129329 table=30371328 yh=150606
stage b2=313 vs b1={210}: values [2824800055000021240134845737, 7355827511386641000000000000), 4818708648950 candidates (MITM path)
  MITM b1=210: s=3 t=3 j=3 je=3 Q=9261000 table=30664297 yh=157144
stage b2=314 vs b1={211}: values [2925675324340604967987390464, 7787345861668898615544483121), 5072331583389 candidates (MITM path)
  MITM b1=211: s=3 t=3 j=3 je=3 Q=9393931 table=30959144 yh=163840
stage b2=315 vs b1={212}: values [3029814862722305834326171875, 8241956748638414149261459456), 5335227057237 candidates (MITM path)
  MITM b1=212: s=3 t=3 j=3 je=3 Q=9528128 table=31255875 yh=170696
stage b2=316 vs b1={213}: values [3137313431470823142080905216, 8720778205368893309992171281), 5607654976039 candidates (MITM path)
  MITM b1=213: s=3 t=3 j=3 je=3 Q=9663597 table=31554496 yh=177714
stage b2=317 vs b1={214}: values [3248268229328068909082939333, 9224976748383532391296208896), 5889880761329 candidates (MITM path)
  MITM b1=214: s=3 t=3 j=3 je=3 Q=9800344 table=31855013 yh=184897
stage b2=318 vs b1={215}: values [3362778947134455039659538432, 9755769237612933691650390625), 6182175432375 candidates (MITM path)
  MITM b1=215: s=3 t=3 j=3 je=3 Q=9938375 table=32157432 yh=192248
stage b2=319 vs b1={216}: values [3480947823559350267570691519, 10314424798490535546171949056), 6484815688610 candidates (MITM path)
  MITM b1=216: s=3 t=3 j=3 je=3 Q=10077696 table=32461759 yh=199768
stage b2=320 vs b1={217}: values [3602879701896396800000000000, 10902266807956484097280908961), 6798083992731 candidates (MITM path)
  MITM b1=217: s=3 t=3 j=3 je=3 Q=10218313 table=32768000 yh=207462
stage b2=321 vs b1={218}: values [3728682087940588521559555521, 11520674946182735813538942976), 7122268654491 candidates (MITM path)
  MITM b1=218: s=3 t=3 j=3 je=3 Q=10360232 table=33076161 yh=215330
stage b2=322 vs b1={219}: values [3858465208964226558463510528, 12171087315874829579909431761), 7457663915151 candidates (MITM path)
  MITM b1=219: s=3 t=3 j=3 je=3 Q=10503459 table=33386248 yh=223376
stage b2=323 vs b1={220}: values [3992342073809083968859805627, 12855002631049216000000000000), 7804570032632 candidates (MITM path)
  MITM b1=220: s=3 t=3 j=3 je=3 Q=10648000 table=33698267 yh=231602
stage b2=324 vs b1={221}: values [4130428534112329328517709824, 13573982477229290545823357041), 8163293367332 candidates (MITM path)
  MITM b1=221: s=3 t=3 j=3 je=3 Q=10793861 table=34012224 yh=240011
stage b2=325 vs b1={222}: values [4272843346683979034423828125, 14329653645048357641297596416), 8534146468630 candidates (MITM path)
  MITM b1=222: s=3 t=3 j=3 je=3 Q=10941048 table=34328125 yh=248606
stage b2=326 vs b1={223}: values [4419708237053870265154328576, 15123710539293666054338805121), 8917448162078 candidates (MITM path)
  MITM b1=223: s=3 t=3 j=3 je=3 Q=11089567 table=34645976 yh=257388
stage b2=327 vs b1={224}: values [4571147964206370729019547223, 15957917665472413585874354176), 9313523637261 candidates (MITM path)
  MITM b1=224: s=3 t=3 j=3 je=3 Q=11239424 table=34965783 yh=266362
stage b2=328 vs b1={225}: values [4727290386521267611811971072, 16834112196028232574462890625), 9722704536357 candidates (MITM path)
  MITM b1=225: s=3 t=3 j=3 je=3 Q=11390625 table=35287552 yh=275528
stage b2=329 vs b1={226}: values [4888266528939506518462919129, 17754206618385148880104984576), 10145329043363 candidates (MITM path)
  MITM b1=226: s=3 t=3 j=3 je=3 Q=11543176 table=35611289 yh=284891
stage b2=330 vs b1={227}: values [5054210651372681700000000000, 18720191467045367574023614321), 10581741974023 candidates (MITM path)
  MITM b1=227: s=3 t=3 j=3 je=3 Q=11697083 table=35937000 yh=294453
stage b2=331 vs b1={228}: values [5225260318375411481909498131, 19734138142017490453021065216), 11032294866424 candidates (MITM path)
  MITM b1=228: s=3 t=3 j=3 je=3 Q=11852352 table=36264691 yh=304216
stage b2=332 vs b1={229}: values [5401556470099967575398023168, 20798201815902925734870098641), 11497346072292 candidates (MITM path)
  MITM b1=229: s=3 t=3 j=3 je=3 Q=12008989 table=36594368 yh=314184
done: 118.26s, 25248520 candidates tested
