A171740 search: n=12, threads=1, limit=none
stage b2=489 vs b1={292}: values [382293972201846658135397384889, 384232606918345112299069505536), 141789095133 candidates (MITM path)
  MITM b1=292: s=4 t=2 j=2 je=3 Q=85264 table=239121 yh=592960
stage b2=490 vs b1={293}: values [390982104858298804900000000000, 400323831115571027902364072401), 674917449629 candidates (MITM path)
  MITM b1=293: s=4 t=2 j=2 je=3 Q=85849 table=240100 yh=2810985
stage b2=491 vs b1={294}: values [399849367486819482609834395891, 417030640378345864542952820736), 1226214318523 candidates (MITM path)
  MITM b1=294: s=4 t=2 j=2 je=3 Q=86436 table=241081 yh=5086317
stage b2=492 vs b1={295}: values [408899077197794430483230097408, 434374369687385917207275390625), 1796091933408 candidates (MITM path)
  MITM b1=295: s=4 t=2 j=2 je=3 Q=87025 table=242064 yh=7419906
stage b2=493 vs b1={296}: values [418134605590533958835165292757, 452377017219528840630098722816), 2384969491746 candidates (MITM path)
  MITM b1=296: s=4 t=2 j=2 je=3 Q=87616 table=243049 yh=9812711
stage b2=494 vs b1={297}: values [427559379534856823843881170944, 471061262609691461042593862241), 2993273240889 candidates (MITM path)
  MITM b1=297: s=4 t=2 j=2 je=3 Q=88209 table=244036 yh=12265704
stage b2=495 vs b1={298}: values [437176881962263889213818359375, 490450485651332023716795191296), 3621436562704 candidates (MITM path)
  MITM b1=298: s=4 t=2 j=2 je=3 Q=88804 table=245025 yh=14779866
stage b2=496 vs b1={299}: values [446990652666799428081282973696, 510568785444411275443565936401), 4269900058806 candidates (MITM path)
  MITM b1=299: s=4 t=2 j=2 je=3 Q=89401 table=246016 yh=17356189
stage b2=497 vs b1={300}: values [457004289115698715675308342353, 531441000000000000000000000000), 4939111636399 candidates (MITM path)
  MITM b1=300: s=4 t=2 j=2 je=3 Q=90000 table=247009 yh=19995675
stage b2=498 vs b1={301}: values [467221447269921365272965629952, 553092726310835924575445943601), 5629526594721 candidates (MITM path)
  MITM b1=301: s=4 t=2 j=2 je=3 Q=90601 table=248004 yh=22699338
stage b2=499 vs b1={302}: values [477645842414670666895611255499, 575550340897290317159369936896), 6341607712107 candidates (MITM path)
  MITM b1=302: s=4 t=2 j=2 je=3 Q=91204 table=249001 yh=25468202
stage b2=500 vs b1={303}: values [488281250000000000000000000000, 598841020838364120317909320641), 7075825333656 candidates (MITM path)
  MITM b1=303: s=4 t=2 j=2 je=3 Q=91809 table=250000 yh=28303302
stage b2=501 vs b1={304}: values [499131506491608208145638755501, 622992765297495137011017711616), 7832657459509 candidates (MITM path)
  MITM b1=304: s=4 t=2 j=2 je=3 Q=92416 table=251001 yh=31205683
stage b2=502 vs b1={305}: values [510200510231926645287045634048, 648034417553121620683837890625), 8612589833747 candidates (MITM path)
  MITM b1=305: s=3 t=3 j=3 je=3 Q=28372625 table=126506008 yh=68081
stage b2=503 vs b1={306}: values [521492222311601429966591196647, 673995687544113646503571623936), 9416116033893 candidates (MITM path)
  MITM b1=306: s=3 t=3 j=3 je=3 Q=28652616 table=127263527 yh=73990
stage b2=504 vs b1={307}: values [533010667451475275290251362304, 700907174940351875150276622001), 10243737561036 candidates (MITM path)
  MITM b1=307: s=3 t=3 j=3 je=3 Q=28934443 table=128024064 yh=80015
stage b2=505 vs b1={308}: values [544759934895174099174853515625, 728800392748903786995238567936), 11095963930567 candidates (MITM path)
  MITM b1=308: s=3 t=3 j=3 je=3 Q=29218112 table=128787625 yh=86158
stage b2=506 vs b1={309}: values [556744179312404460981246765056, 757707791466420184947746068881), 11973312763534 candidates (MITM path)
  MITM b1=309: s=3 t=3 j=3 je=3 Q=29503629 table=129554216 yh=92420
stage b2=507 vs b1={310}: values [568967621713068717313312446243, 787662783788549761000000000000), 12876309878606 candidates (MITM path)
  MITM b1=310: s=3 t=3 j=3 je=3 Q=29791000 table=130323843 yh=98803
stage b2=508 vs b1={311}: values [581434550372305641487929966592, 818699769887346816976612516321), 13805489384671 candidates (MITM path)
  MITM b1=311: s=3 t=3 j=3 je=3 Q=30080231 table=131096512 yh=105308
stage b2=509 vs b1={312}: values [594149321766565107986044015109, 850854163267826846772605485056), 14761393774035 candidates (MITM path)
  MITM b1=312: s=3 t=3 j=3 je=3 Q=30371328 table=131872229 yh=111938
stage b2=510 vs b1={313}: values [607116361520826305100000000000, 884162417215006648162206715681), 15744574016256 candidates (MITM path)
  MITM b1=313: s=3 t=3 j=3 je=3 Q=30664297 table=132651000 yh=118692
stage b2=511 vs b1={314}: values [620340165367069806017523226111, 918662051842949959948040605696), 16755589652591 candidates (MITM path)
  MITM b1=314: s=3 t=3 j=3 je=3 Q=30959144 table=133432831 yh=125574
stage b2=512 vs b1={315}: values [633825300114114700748351602688, 954391681757526337812744140625), 17795008891065 candidates (MITM path)
  MITM b1=315: s=3 t=3 j=3 je=3 Q=31255875 table=134217728 yh=132584
stage b2=513 vs b1={316}: values [647576404628932868625869313537, 991391044344780112897566048256), 18863408702167 candidates (MITM path)
  MITM b1=316: s=3 t=3 j=3 je=3 Q=31554496 table=135005697 yh=139724
stage b2=514 vs b1={317}: values [661598190829553353623447537664, 1029701028696997844179291768561), 19961374915166 candidates (MITM path)
  MITM b1=317: s=3 t=3 j=3 je=3 Q=31855013 table=135796744 yh=146995
stage b2=515 vs b1={318}: values [675895444689670692433935546875, 1069363705188756702611733221376), 21089502315053 candidates (MITM path)
  MITM b1=318: s=3 t=3 j=3 je=3 Q=32157432 table=136590875 yh=154400
stage b2=516 vs b1={319}: values [690473027255071938191258812416, 1110422355715432735355050594561), 22248394740105 candidates (MITM path)
  MITM b1=319: s=3 t=3 j=3 je=3 Q=32461759 table=137388096 yh=161939
stage b2=517 vs b1={320}: values [705335875671998020885807527133, 1152921504606846976000000000000), 23438665180083 candidates (MITM path)
  MITM b1=320: s=3 t=3 j=3 je=3 Q=32768000 table=138188413 yh=169614
stage b2=518 vs b1={321}: values [720489004227555988960716511232, 1196906950228928915420617322241), 24660935875050 candidates (MITM path)
  MITM b1=321: s=3 t=3 j=3 je=3 Q=33076161 table=138991832 yh=177428
stage b2=519 vs b1={322}: values [735937505402299585294763053719, 1242425797286480951825250390016), 25915838414815 candidates (MITM path)
  MITM b1=322: s=3 t=3 j=3 je=3 Q=33386248 table=139798359 yh=185381
stage b2=520 vs b1={323}: values [751686550935096524800000000000, 1289526489840334121941717217521), 27204013839016 candidates (MITM path)
  MITM b1=323: s=3 t=3 j=3 je=3 Q=33698267 table=140608000 yh=193475
stage b2=521 vs b1={324}: values [767741392900401760208994397721, 1338258845052394702439737982976), 28526112737823 candidates (MITM path)
  MITM b1=324: s=3 t=3 j=3 je=3 Q=34012224 table=141420761 yh=201711
stage b2=522 vs b1={325}: values [784107364798056947318294243328, 1388674087672293186187744140625), 29882795353270 candidates (MITM path)
  MITM b1=325: s=3 t=3 j=3 je=3 Q=34328125 table=142236648 yh=210093
stage b2=523 vs b1={326}: values [800789882655737251012174233427, 1440824885279561706440311115776), 31274731681232 candidates (MITM path)
  MITM b1=326: s=3 t=3 j=3 je=3 Q=34645976 table=143055667 yh=218620
stage b2=524 vs b1={327}: values [817794446144167568834532737024, 1494765384295483228389391941921), 32702601574015 candidates (MITM path)
  MITM b1=327: s=3 t=3 j=3 je=3 Q=34965783 table=143877824 yh=227295
stage b2=525 vs b1={328}: values [835126639705231189727783203125, 1550551246778975776674326511616), 34167094843593 candidates (MITM path)
  MITM b1=328: s=3 t=3 j=3 je=3 Q=35287552 table=144703125 yh=236119
stage b2=526 vs b1={329}: values [852792133693094851836500555776, 1608239688021097644574300393441), 35668911365471 candidates (MITM path)
  MITM b1=329: s=3 t=3 j=3 je=3 Q=35611289 table=145531576 yh=245094
stage b2=527 vs b1={330}: values [870796685528475115001283375023, 1667889514952984961000000000000), 37208761183187 candidates (MITM path)
  MITM b1=330: s=3 t=3 j=3 je=3 Q=35937000 table=146363183 yh=254223
stage b2=528 vs b1={331}: values [889146140866171920765652303872, 1729561165382261200512043881361), 38787364613441 candidates (MITM path)
  MITM b1=331: s=3 t=3 j=3 je=3 Q=36264691 table=147197952 yh=263505
stage b2=529 vs b1={332}: values [907846434775996175406740561329, 1793316748073189235032143691776), 40405452351874 candidates (MITM path)
  MITM b1=332: s=3 t=3 j=3 je=3 Q=36594368 table=148035889 yh=272944
stage b2=530 vs b1={333}: values [926903592937219159700000000000, 1859220083686070369445516586161), 42063765579465 candidates (MITM path)
  MITM b1=333: s=3 t=3 j=3 je=3 Q=36926037 table=148877000 yh=282541
stage b2=531 vs b1={334}: values [946323732846672542860142060331, 1927336746591631502843839123456), 43763056069582 candidates (MITM path)
  MITM b1=334: s=3 t=3 j=3 je=3 Q=37259704 table=149721291 yh=292297
stage b2=532 vs b1={335}: values [966113065040628757386093395968, 1997734107576381138808837890625), 45504086295661 candidates (MITM path)
  MITM b1=335: s=3 t=3 j=3 je=3 Q=37595375 table=150568768 yh=302215
stage b2=533 vs b1={336}: values [986277894330592476397946946317, 2070481377455157458127600746496), 47287629539525 candidates (MITM path)
  MITM b1=336: s=3 t=3 j=3 je=3 Q=37933056 table=151419437 yh=312296
stage b2=534 vs b1={337}: values [1006824621053134925509846800384, 2145649651607337092060800582081), 49114470000346 candidates (MITM path)
  MITM b1=337: s=3 t=3 j=3 je=3 Q=38272753 table=152273304 yh=322542
stage b2=535 vs b1={338}: values [1027759742333903757355615234375, 2223311955453421620312454598656), 50985402904245 candidates (MITM path)
  MITM b1=338: s=3 t=3 j=3 je=3 Q=38614472 table=153130375 yh=332955
stage b2=536 vs b1={339}: values [1049089853365942218594908635136, 2303543290888970191892547145521), 52901234614529 candidates (MITM path)
  MITM b1=339: s=3 t=3 j=3 je=3 Q=38958219 table=153990656 yh=343536
stage b2=537 vs b1={340}: values [1070821648702452346598011379913, 2386420683693101056000000000000), 54862782742580 candidates (MITM path)
  MITM b1=340: s=3 t=3 j=3 je=3 Q=39304000 table=154854153 yh=354287
stage b2=538 vs b1={341}: values [1092961923564137946058318784512, 2472023231929042220921962513681), 56870876259373 candidates (MITM path)
  MITM b1=341: s=3 t=3 j=3 je=3 Q=39651821 table=155720872 yh=365211
stage b2=539 vs b1={342}: values [1115517575161264114534437527939, 2560432155354471958946281230336), 58926355607645 candidates (MITM path)
  MITM b1=342: s=3 t=3 j=3 je=3 Q=40001688 table=156590819 yh=376308
stage b2=540 vs b1={343}: values [1138495604030571110400000000000, 2651730845859653471779023381601), 61030072814708 candidates (MITM path)
  MITM b1=343: s=3 t=3 j=3 je=3 Q=40353607 table=157464000 yh=387582
stage b2=541 vs b1={344}: values [1161903115387181386900143203941, 2746004918951634751471942107136), 63182891605900 candidates (MITM path)
  MITM b1=344: s=3 t=3 j=3 je=3 Q=40707584 table=158340421 yh=399032

*** MATCH: 2606450134270617050465136163830 is an 12-digit palindrome in bases 344 and 541
stage b2=542 vs b1={345}: values [1185747320491639652000578500608, 2843342266303054544082275390625), 65385687518691 candidates (MITM path)
  MITM b1=345: s=3 t=3 j=3 je=3 Q=41063625 table=159220088 yh=410663
stage b2=543 vs b1={346}: values [1210035538032226855489750842207, 2943833109384368375058857660416), 67639348017421 candidates (MITM path)
  MITM b1=346: s=3 t=3 j=3 je=3 Q=41421736 table=160103007 yh=422474
stage b2=544 vs b1={347}: values [1234775195522690052378270367744, 3047570054198584854687363929041), 69944772608698 candidates (MITM path)
  MITM b1=347: s=3 t=3 j=3 je=3 Q=41781923 table=160989184 yh=434469
stage b2=545 vs b1={348}: values [1259973830715531145054150390625, 3154648147137881977010830442496), 72302872957432 candidates (MITM path)
  MITM b1=348: s=3 t=3 j=3 je=3 Q=42144192 table=161878625 yh=446649
stage b2=546 vs b1={349}: values [1285639093030998565918998890496, 3265164931981755884811169330801), 74714573003524 candidates (MITM path)
  MITM b1=349: s=3 t=3 j=3 je=3 Q=42508549 table=162771336 yh=459016
stage b2=547 vs b1={350}: values [1311778745001927027370820531803, 3379220508056640625000000000000), 77180809079199 candidates (MITM path)
  MITM b1=350: s=3 t=3 j=3 je=3 Q=42875000 table=163667323 yh=471572
stage b2=548 vs b1={351}: values [1338400663734571537035167793152, 3496917589577226791795034339201), 79702530026990 candidates (MITM path)
  MITM b1=351: s=3 t=3 j=3 je=3 Q=43243551 table=164566592 yh=484318
stage b2=549 vs b1={352}: values [1365512842385582953099747743549, 3618361566189999678189727645696), 82280697318368 candidates (MITM path)
  MITM b1=352: s=3 t=3 j=3 je=3 Q=43614208 table=165469149 yh=497258
stage b2=550 vs b1={353}: values [1393123391655273437500000000000, 3743660564739813658463646963841), 84916285173026 candidates (MITM path)
  MITM b1=353: s=3 t=3 j=3 je=3 Q=43986977 table=166375000 yh=510391
stage b2=551 vs b1={354}: values [1421240541297321253556406018551, 3872925512280619035000649814016), 87610280678812 candidates (MITM path)
  MITM b1=354: s=3 t=3 j=3 je=3 Q=44361864 table=167284151 yh=523722
stage b2=552 vs b1={355}: values [1449872641645065449500204597248, 4006270200351760530820556640625), 90363683912313 candidates (MITM path)
  MITM b1=355: s=3 t=3 j=3 je=3 Q=44738875 table=168196608 yh=537251
stage b2=553 vs b1={356}: values [1479028165154542070164647711097, 4143811350541573024494477377536), 93177508060090 candidates (MITM path)
  MITM b1=356: s=3 t=3 j=3 je=3 Q=45118016 table=169112377 yh=550980
stage b2=554 vs b1={357}: values [1508715707964414645985848879104, 4285668681360310036179623022801), 96052779540568 candidates (MITM path)
  MITM b1=357: s=3 t=3 j=3 je=3 Q=45499293 table=170031464 yh=564912
stage b2=555 vs b1={358}: values [1538943991472952821372607421875, 4431964976444753912220451803136), 98990538126576 candidates (MITM path)
  MITM b1=358: s=3 t=3 j=3 je=3 Q=45882712 table=170953875 yh=579049
stage b2=556 vs b1={359}: values [1569721863932214103490330361856, 4582826154117173651132848229281), 101991837068544 candidates (MITM path)
  MITM b1=359: s=3 t=3 j=3 je=3 Q=46268279 table=171879616 yh=593392
stage b2=557 vs b1={360}: values [1601058302059584837582353420693, 4738381338321616896000000000000), 105057743218350 candidates (MITM path)
  MITM b1=360: s=3 t=3 j=3 je=3 Q=46656000 table=172808693 yh=607943
stage b2=558 vs b1={361}: values [1632962412666837646144657569792, 4898762930960846817716295277921), 108189337153825 candidates (MITM path)
  MITM b1=361: s=3 t=3 j=3 je=3 Q=47045881 table=173741112 yh=622705
stage b2=559 vs b1={362}: values [1665443434306863706599301798159, 5064106685657562460643248377856), 111387713303911 candidates (MITM path)
  MITM b1=362: s=3 t=3 j=3 je=3 Q=47437928 table=174676879 yh=637679
stage b2=560 vs b1={363}: values [1698510738938239385600000000000, 5234551782963872647784755492881), 114653980074479 candidates (MITM path)
  MITM b1=363: s=3 t=3 j=3 je=3 Q=47832147 table=175616000 yh=652868
stage b2=561 vs b1={364}: values [1732173833607787897772353894161, 5410240907043328777415185924096), 117989259974798 candidates (MITM path)
  MITM b1=364: s=3 t=3 j=3 je=3 Q=48228544 table=176558481 yh=668273
stage b2=562 vs b1={365}: values [1766442362151297812563548325888, 5591320323850160818242431640625), 121394689744665 candidates (MITM path)
  MITM b1=365: s=3 t=3 j=3 je=3 Q=48627125 table=177504328 yh=683898
stage b2=563 vs b1={366}: values [1801326106912561394974093742987, 5777939960830703556871252217856), 124871420482189 candidates (MITM path)
  MITM b1=366: s=3 t=3 j=3 je=3 Q=49027896 table=178453547 yh=699742
stage b2=564 vs b1={367}: values [1836834990480896934289776574464, 5970253488172346700935405703361), 128420617772237 candidates (MITM path)
  MITM b1=367: s=3 t=3 j=3 je=3 Q=49430863 table=179406144 yh=715810
stage b2=565 vs b1={368}: values [1872979077447320389547705078125, 6168418401625692825349129240576), 132043461815537 candidates (MITM path)
  MITM b1=368: s=3 t=3 j=3 je=3 Q=49836032 table=180362125 yh=732102
stage b2=566 vs b1={369}: values [1909768576179532861378609289216, 6372596106925961399422623920961), 135741147558439 candidates (MITM path)
  MITM b1=369: s=3 t=3 j=3 je=3 Q=50243409 table=181321496 yh=748622
stage b2=567 vs b1={370}: values [1947213840615891587090802236583, 6582952005840035281000000000000), 139514884823337 candidates (MITM path)
  MITM b1=370: s=3 t=3 j=3 je=3 Q=50653000 table=182284263 yh=765370
stage b2=568 vs b1={371}: values [1985325372078533349421908754432, 6799655583865908142394420049841), 143365898439750 candidates (MITM path)
  MITM b1=371: s=3 t=3 j=3 je=3 Q=51064811 table=183250432 yh=782350
stage b2=569 vs b1={372}: values [2024113821105820389305131081769, 7022880499611657333972261666816), 147295428376064 candidates (MITM path)
  MITM b1=372: s=3 t=3 j=3 je=3 Q=51478848 table=184220009 yh=799563
stage b2=570 vs b1={373}: values [2063589989304280119300000000000, 7252804675881436727210363928721), 151304729871940 candidates (MITM path)
  MITM b1=373: s=3 t=3 j=3 je=3 Q=51895117 table=185193000 yh=817012
stage b2=571 vs b1={374}: values [2103764831220211147045849420771, 7489610392496358142528690917376), 155395073571372 candidates (MITM path)
  MITM b1=374: s=3 t=3 j=3 je=3 Q=52313624 table=186169411 yh=834698
stage b2=572 vs b1={375}: values [2144649456231129337232283926528, 7733484380878508090972900390625), 159567745656421 candidates (MITM path)
  MITM b1=375: s=3 t=3 j=3 je=3 Q=52734375 table=187149248 yh=852623
stage b2=573 vs b1={376}: values [2186255130457228866167355527877, 7984617920426728775852675301376), 163824047981602 candidates (MITM path)
  MITM b1=376: s=3 t=3 j=3 je=3 Q=53157376 table=188132517 yh=870791
stage b2=574 vs b1={377}: values [2228593278693034455083740493824, 8243206936713178643875538610721), 168165298208940 candidates (MITM path)
  MITM b1=377: s=3 t=3 j=3 je=3 Q=53582633 table=189119224 yh=889203
stage b2=575 vs b1={378}: values [2271675486359422206878662109375, 8509452101530078278473934114816), 172592829943684 candidates (MITM path)
  MITM b1=378: s=3 t=3 j=3 je=3 Q=54010152 table=190109375 yh=907861
stage b2=576 vs b1={379}: values [2315513501476187716057433112576, 8783558934816442124406231285841), 177107992870691 candidates (MITM path)
  MITM b1=379: s=3 t=3 j=3 je=3 Q=54439939 table=191102976 yh=926768
stage b2=577 vs b1={380}: values [2360119236655341373266124769473, 9065737908494995456000000000000), 181712152891472 candidates (MITM path)
  MITM b1=380: s=3 t=3 j=3 je=3 Q=54872000 table=192100033 yh=945925
stage b2=578 vs b1={381}: values [2405504771115312043978880387072, 9356204552249879185458266174961), 186406692261900 candidates (MITM path)
  MITM b1=381: s=3 t=3 j=3 je=3 Q=55306341 table=193100552 yh=965335
stage b2=579 vs b1={382}: values [2451682352716241565672691784379, 9655179561276152586506710552576), 191193009730593 candidates (MITM path)
  MITM b1=382: s=3 t=3 j=3 je=3 Q=55742968 table=194104539 yh=985001
stage b2=580 vs b1={383}: values [2498664400016553779200000000000, 9962888906032515816542942031361), 196072520677951 candidates (MITM path)
  MITM b1=383: s=3 t=3 j=3 je=3 Q=56181887 table=195112000 yh=1004923
stage b2=581 vs b1={384}: values [2546463504350983088080258388381, 10279563944029090291760398073856), 201046657255867 candidates (MITM path)
  MITM b1=384: s=3 t=3 j=3 je=3 Q=56623104 table=196122941 yh=1025106
stage b2=582 vs b1={385}: values [2595092431930248824098639239168, 10605441533682515539043212890625), 206116868528106 candidates (MITM path)
  MITM b1=385: s=3 t=3 j=3 je=3 Q=57066625 table=197137368 yh=1045550
done: 1048.23s, 212921391 candidates tested
