A171740 search: n=12, threads=1, limit=none
stage b2=480 vs b1={287}: values [311640298121016115200000000000, 312307749504346137016129649281), 54572294388 candidates (MITM path)
  MITM b1=287: s=4 t=2 j=2 je=3 Q=82369 table=230400 yh=236859
stage b2=481 vs b1={288}: values [318856915154403706875322757281, 325619086145088897570576531456), 546028976158 candidates (MITM path)
  MITM b1=288: s=4 t=2 j=2 je=3 Q=82944 table=231361 yh=2360074
stage b2=482 vs b1={289}: values [326225135830024659938776352768, 339448671314611904643504117121), 1054545579510 candidates (MITM path)
  MITM b1=289: s=4 t=2 j=2 je=3 Q=83521 table=232324 yh=4539116
stage b2=483 vs b1={290}: values [333747820494329024488347411867, 353814783205469041000000000000), 1580515863411 candidates (MITM path)
  MITM b1=290: s=4 t=2 j=2 je=3 Q=84100 table=233289 yh=6774927
stage b2=484 vs b1={291}: values [341427877364219557396646723584, 368736278169776566314796884081), 2124340351328 candidates (MITM path)
  MITM b1=291: s=4 t=2 j=2 je=3 Q=84681 table=234256 yh=9068457
stage b2=485 vs b1={292}: values [349268263226601764001611328125, 384232606918345112299069505536), 2686426414130 candidates (MITM path)
  MITM b1=292: s=4 t=2 j=2 je=3 Q=85264 table=235225 yh=11420668
stage b2=486 vs b1={293}: values [357271984146678126737757198336, 400323831115571027902364072401), 3267188353600 candidates (MITM path)
  MITM b1=293: s=4 t=2 j=2 je=3 Q=85849 table=236196 yh=13832531
stage b2=487 vs b1={294}: values [365442096185077415058791025463, 417030640378345864542952820736), 3867047486553 candidates (MITM path)
  MITM b1=294: s=4 t=2 j=2 je=3 Q=86436 table=237169 yh=16305030
stage b2=488 vs b1={295}: values [373781706123910725302654861312, 434374369687385917207275390625), 4486432229567 candidates (MITM path)
  MITM b1=295: s=4 t=2 j=2 je=3 Q=87025 table=238144 yh=18839158
stage b2=489 vs b1={296}: values [382293972201846658135397384889, 452377017219528840630098722816), 5125778184319 candidates (MITM path)
  MITM b1=296: s=4 t=2 j=2 je=3 Q=87616 table=239121 yh=21435919
stage b2=490 vs b1={297}: values [390982104858298804900000000000, 471061262609691461042593862241), 5785528223532 candidates (MITM path)
  MITM b1=297: s=4 t=2 j=2 je=3 Q=88209 table=240100 yh=24096328
stage b2=491 vs b1={298}: values [399849367486819482609834395891, 490450485651332023716795191296), 6466132577539 candidates (MITM path)
  MITM b1=298: s=4 t=2 j=2 je=3 Q=88804 table=241081 yh=26821411
stage b2=492 vs b1={299}: values [408899077197794430483230097408, 510568785444411275443565936401), 7168048921451 candidates (MITM path)
  MITM b1=299: s=4 t=2 j=2 je=3 Q=89401 table=242064 yh=29612206
stage b2=493 vs b1={300}: values [418134605590533958835165292757, 531441000000000000000000000000), 7891742462948 candidates (MITM path)
  MITM b1=300: s=3 t=3 j=3 je=3 Q=27000000 table=119823157 yh=65862
stage b2=494 vs b1={301}: values [427559379534856823843881170944, 553092726310835924575445943601), 8637686030679 candidates (MITM path)
  MITM b1=301: s=3 t=3 j=3 je=3 Q=27270901 table=120553784 yh=71651
stage b2=495 vs b1={302}: values [437176881962263889213818359375, 575550340897290317159369936896), 9406360163278 candidates (MITM path)
  MITM b1=302: s=3 t=3 j=3 je=3 Q=27543608 table=121287375 yh=77555
stage b2=496 vs b1={303}: values [446990652666799428081282973696, 598841020838364120317909320641), 10198253198996 candidates (MITM path)
  MITM b1=303: s=3 t=3 j=3 je=3 Q=27818127 table=122023936 yh=83576
stage b2=497 vs b1={304}: values [457004289115698715675308342353, 622992765297495137011017711616), 11013861365957 candidates (MITM path)
  MITM b1=304: s=3 t=3 j=3 je=3 Q=28094464 table=122763473 yh=89717
stage b2=498 vs b1={305}: values [467221447269921365272965629952, 648034417553121620683837890625), 11853688873025 candidates (MITM path)
  MITM b1=305: s=3 t=3 j=3 je=3 Q=28372625 table=123505992 yh=95977
stage b2=499 vs b1={306}: values [477645842414670666895611255499, 673995687544113646503571623936), 12718248001290 candidates (MITM path)
  MITM b1=306: s=3 t=3 j=3 je=3 Q=28652616 table=124251499 yh=102359
stage b2=500 vs b1={307}: values [488281250000000000000000000000, 700907174940351875150276622001), 13608059196183 candidates (MITM path)
  MITM b1=307: s=3 t=3 j=3 je=3 Q=28934443 table=125000000 yh=108865
stage b2=501 vs b1={308}: values [499131506491608208145638755501, 728800392748903786995238567936), 14523651160203 candidates (MITM path)
  MITM b1=308: s=3 t=3 j=3 je=3 Q=29218112 table=125751501 yh=115495
stage b2=502 vs b1={309}: values [510200510231926645287045634048, 757707791466420184947746068881), 15465560946270 candidates (MITM path)
  MITM b1=309: s=3 t=3 j=3 je=3 Q=29503629 table=126506008 yh=122252
stage b2=503 vs b1={310}: values [521492222311601429966591196647, 787662783788549761000000000000), 16434334051702 candidates (MITM path)
  MITM b1=310: s=3 t=3 j=3 je=3 Q=29791000 table=127263527 yh=129137
stage b2=504 vs b1={311}: values [533010667451475275290251362304, 818699769887346816976612516321), 17430524512815 candidates (MITM path)
  MITM b1=311: s=3 t=3 j=3 je=3 Q=30080231 table=128024064 yh=136151
stage b2=505 vs b1={312}: values [544759934895174099174853515625, 850854163267826846772605485056), 18454695000146 candidates (MITM path)
  MITM b1=312: s=3 t=3 j=3 je=3 Q=30371328 table=128787625 yh=143296
stage b2=506 vs b1={313}: values [556744179312404460981246765056, 884162417215006648162206715681), 19507416914304 candidates (MITM path)
  MITM b1=313: s=3 t=3 j=3 je=3 Q=30664297 table=129554216 yh=150574
stage b2=507 vs b1={314}: values [568967621713068717313312446243, 918662051842949959948040605696), 20589270482448 candidates (MITM path)
  MITM b1=314: s=3 t=3 j=3 je=3 Q=30959144 table=130323843 yh=157986
stage b2=508 vs b1={315}: values [581434550372305641487929966592, 954391681757526337812744140625), 21700844855390 candidates (MITM path)
  MITM b1=315: s=3 t=3 j=3 je=3 Q=31255875 table=131096512 yh=165534
stage b2=509 vs b1={316}: values [594149321766565107986044015109, 991391044344780112897566048256), 22842738205325 candidates (MITM path)
  MITM b1=316: s=3 t=3 j=3 je=3 Q=31554496 table=131872229 yh=173219
stage b2=510 vs b1={317}: values [607116361520826305100000000000, 1029701028696997844179291768561), 24015557824200 candidates (MITM path)
  MITM b1=317: s=3 t=3 j=3 je=3 Q=31855013 table=132651000 yh=181044
stage b2=511 vs b1={318}: values [620340165367069806017523226111, 1069363705188756702611733221376), 25219920222696 candidates (MITM path)
  MITM b1=318: s=3 t=3 j=3 je=3 Q=32157432 table=133432831 yh=189009
stage b2=512 vs b1={319}: values [633825300114114700748351602688, 1110422355715432735355050594561), 26456451229857 candidates (MITM path)
  MITM b1=319: s=3 t=3 j=3 je=3 Q=32461759 table=134217728 yh=197116
stage b2=513 vs b1={320}: values [647576404628932868625869313537, 1152921504606846976000000000000), 27725786093342 candidates (MITM path)
  MITM b1=320: s=3 t=3 j=3 je=3 Q=32768000 table=135005697 yh=205368
stage b2=514 vs b1={321}: values [661598190829553353623447537664, 1196906950228928915420617322241), 29028569580306 candidates (MITM path)
  MITM b1=321: s=3 t=3 j=3 je=3 Q=33076161 table=135796744 yh=213765
stage b2=515 vs b1={322}: values [675895444689670692433935546875, 1242425797286480951825250390016), 30365456078930 candidates (MITM path)
  MITM b1=322: s=3 t=3 j=3 je=3 Q=33386248 table=136590875 yh=222310
stage b2=516 vs b1={323}: values [690473027255071938191258812416, 1289526489840334121941717217521), 31737109700561 candidates (MITM path)
  MITM b1=323: s=3 t=3 j=3 je=3 Q=33698267 table=137388096 yh=231004
stage b2=517 vs b1={324}: values [705335875671998020885807527133, 1338258845052394702439737982976), 33144204382510 candidates (MITM path)
  MITM b1=324: s=3 t=3 j=3 je=3 Q=34012224 table=138188413 yh=239848
stage b2=518 vs b1={325}: values [720489004227555988960716511232, 1388674087672293186187744140625), 34587423991471 candidates (MITM path)
  MITM b1=325: s=3 t=3 j=3 je=3 Q=34328125 table=138991832 yh=248846
stage b2=519 vs b1={326}: values [735937505402299585294763053719, 1440824885279561706440311115776), 36067462427579 candidates (MITM path)
  MITM b1=326: s=3 t=3 j=3 je=3 Q=34645976 table=139798359 yh=257997
stage b2=520 vs b1={327}: values [751686550935096524800000000000, 1494765384295483228389391941921), 37585023729109 candidates (MITM path)
  MITM b1=327: s=3 t=3 j=3 je=3 Q=34965783 table=140608000 yh=267304
stage b2=521 vs b1={328}: values [767741392900401760208994397721, 1550551246778975776674326511616), 39140822177810 candidates (MITM path)
  MITM b1=328: s=3 t=3 j=3 je=3 Q=35287552 table=141420761 yh=276769
stage b2=522 vs b1={329}: values [784107364798056947318294243328, 1608239688021097644574300393441), 40735582404876 candidates (MITM path)
  MITM b1=329: s=3 t=3 j=3 je=3 Q=35611289 table=142236648 yh=286394
stage b2=523 vs b1={330}: values [800789882655737251012174233427, 1667889514952984961000000000000), 42370039497559 candidates (MITM path)
  MITM b1=330: s=3 t=3 j=3 je=3 Q=35937000 table=143055667 yh=296179
stage b2=524 vs b1={331}: values [817794446144167568834532737024, 1729561165382261200512043881361), 44044939106420 candidates (MITM path)
  MITM b1=331: s=3 t=3 j=3 je=3 Q=36264691 table=143877824 yh=306128
stage b2=525 vs b1={332}: values [835126639705231189727783203125, 1793316748073189235032143691776), 45761037553222 candidates (MITM path)
  MITM b1=332: s=3 t=3 j=3 je=3 Q=36594368 table=144703125 yh=316241
stage b2=526 vs b1={333}: values [852792133693094851836500555776, 1859220083686070369445516586161), 47519101939466 candidates (MITM path)
  MITM b1=333: s=3 t=3 j=3 je=3 Q=36926037 table=145531576 yh=326521
stage b2=527 vs b1={334}: values [870796685528475115001283375023, 1927336746591631502843839123456), 49319910255561 candidates (MITM path)
  MITM b1=334: s=3 t=3 j=3 je=3 Q=37259704 table=146363183 yh=336970
stage b2=528 vs b1={335}: values [889146140866171920765652303872, 1997734107576381138808837890625), 51164251490650 candidates (MITM path)
  MITM b1=335: s=3 t=3 j=3 je=3 Q=37595375 table=147197952 yh=347589
stage b2=529 vs b1={336}: values [907846434775996175406740561329, 2070481377455157458127600746496), 53052925743067 candidates (MITM path)
  MITM b1=336: s=3 t=3 j=3 je=3 Q=37933056 table=148035889 yh=358379
stage b2=530 vs b1={337}: values [926903592937219159700000000000, 2145649651607337092060800582081), 54986744331444 candidates (MITM path)
  MITM b1=337: s=3 t=3 j=3 je=3 Q=38272753 table=148877000 yh=369344
stage b2=531 vs b1={338}: values [946323732846672542860142060331, 2223311955453421620312454598656), 56966529906467 candidates (MITM path)
  MITM b1=338: s=3 t=3 j=3 je=3 Q=38614472 table=149721291 yh=380484
stage b2=532 vs b1={339}: values [966113065040628757386093395968, 2303543290888970191892547145521), 58993116563265 candidates (MITM path)
  MITM b1=339: s=3 t=3 j=3 je=3 Q=38958219 table=150568768 yh=391802
stage b2=533 vs b1={340}: values [986277894330592476397946946317, 2386420683693101056000000000000), 61067349954459 candidates (MITM path)
  MITM b1=340: s=3 t=3 j=3 je=3 Q=39304000 table=151419437 yh=403300
stage b2=534 vs b1={341}: values [1006824621053134925509846800384, 2472023231929042220921962513681), 63190087403851 candidates (MITM path)
  MITM b1=341: s=3 t=3 j=3 je=3 Q=39651821 table=152273304 yh=414979
stage b2=535 vs b1={342}: values [1027759742333903757355615234375, 2560432155354471958946281230336), 65362198020759 candidates (MITM path)
  MITM b1=342: s=3 t=3 j=3 je=3 Q=40001688 table=153130375 yh=426841
stage b2=536 vs b1={343}: values [1049089853365942218594908635136, 2651730845859653471779023381601), 67584562815003 candidates (MITM path)
  MITM b1=343: s=3 t=3 j=3 je=3 Q=40353607 table=153990656 yh=438888
stage b2=537 vs b1={344}: values [1070821648702452346598011379913, 2746004918951634751471942107136), 69858074812543 candidates (MITM path)
  MITM b1=344: s=3 t=3 j=3 je=3 Q=40707584 table=154854153 yh=451122
stage b2=538 vs b1={345}: values [1092961923564137946058318784512, 2843342266303054544082275390625), 72183639171757 candidates (MITM path)
  MITM b1=345: s=3 t=3 j=3 je=3 Q=41063625 table=155720872 yh=463546
stage b2=539 vs b1={346}: values [1115517575161264114534437527939, 2943833109384368375058857660416), 74562173300380 candidates (MITM path)
  MITM b1=346: s=3 t=3 j=3 je=3 Q=41421736 table=156590819 yh=476160
stage b2=540 vs b1={347}: values [1138495604030571110400000000000, 3047570054198584854687363929041), 76994606973085 candidates (MITM path)
  MITM b1=347: s=3 t=3 j=3 je=3 Q=41781923 table=157464000 yh=488967
stage b2=541 vs b1={348}: values [1161903115387181386900143203941, 3154648147137881977010830442496), 79481882449721 candidates (MITM path)
  MITM b1=348: s=3 t=3 j=3 je=3 Q=42144192 table=158340421 yh=501969
stage b2=542 vs b1={349}: values [1185747320491639652000578500608, 3265164931981755884811169330801), 82024954594199 candidates (MITM path)
  MITM b1=349: s=3 t=3 j=3 je=3 Q=42508549 table=159220088 yh=515168
stage b2=543 vs b1={350}: values [1210035538032226855489750842207, 3379220508056640625000000000000), 84624790994035 candidates (MITM path)
  MITM b1=350: s=3 t=3 j=3 je=3 Q=42875000 table=160103007 yh=528565
stage b2=544 vs b1={351}: values [1234775195522690052378270367744, 3496917589577226791795034339201), 87282372080540 candidates (MITM path)
  MITM b1=351: s=3 t=3 j=3 je=3 Q=43243551 table=160989184 yh=542163
stage b2=545 vs b1={352}: values [1259973830715531145054150390625, 3618361566189999678189727645696), 89998691249670 candidates (MITM path)
  MITM b1=352: s=3 t=3 j=3 je=3 Q=43614208 table=161878625 yh=555965
stage b2=546 vs b1={353}: values [1285639093030998565918998890496, 3743660564739813658463646963841), 92774754983527 candidates (MITM path)
  MITM b1=353: s=3 t=3 j=3 je=3 Q=43986977 table=162771336 yh=569970
stage b2=547 vs b1={354}: values [1311778745001927027370820531803, 3872925512280619035000649814016), 95611582972513 candidates (MITM path)
  MITM b1=354: s=3 t=3 j=3 je=3 Q=44361864 table=163667323 yh=584183
stage b2=548 vs b1={355}: values [1338400663734571537035167793152, 4006270200351760530820556640625), 98510208238147 candidates (MITM path)
  MITM b1=355: s=3 t=3 j=3 je=3 Q=44738875 table=164566592 yh=598604
stage b2=549 vs b1={356}: values [1365512842385582953099747743549, 4143811350541573024494477377536), 101471677256525 candidates (MITM path)
  MITM b1=356: s=3 t=3 j=3 je=3 Q=45118016 table=165469149 yh=613237
stage b2=550 vs b1={357}: values [1393123391655273437500000000000, 4285668681360310036179623022801), 104497050082455 candidates (MITM path)
  MITM b1=357: s=3 t=3 j=3 je=3 Q=45499293 table=166375000 yh=628082
stage b2=551 vs b1={358}: values [1421240541297321253556406018551, 4431964976444753912220451803136), 107587400474227 candidates (MITM path)
  MITM b1=358: s=3 t=3 j=3 je=3 Q=45882712 table=167284151 yh=643142
stage b2=552 vs b1={359}: values [1449872641645065449500204597248, 4582826154117173651132848229281), 110743816019064 candidates (MITM path)
  MITM b1=359: s=3 t=3 j=3 je=3 Q=46268279 table=168196608 yh=658419
stage b2=553 vs b1={360}: values [1479028165154542070164647711097, 4738381338321616896000000000000), 113967398259211 candidates (MITM path)
  MITM b1=360: s=3 t=3 j=3 je=3 Q=46656000 table=169112377 yh=673916
stage b2=554 vs b1={361}: values [1508715707964414645985848879104, 4898762930960846817716295277921), 117259262818696 candidates (MITM path)
  MITM b1=361: s=3 t=3 j=3 je=3 Q=47045881 table=170031464 yh=689633
stage b2=555 vs b1={362}: values [1538943991472952821372607421875, 5064106685657562460643248377856), 120620539530745 candidates (MITM path)
  MITM b1=362: s=3 t=3 j=3 je=3 Q=47437928 table=170953875 yh=705574
stage b2=556 vs b1={363}: values [1569721863932214103490330361856, 5234551782963872647784755492881), 124052372565856 candidates (MITM path)
  MITM b1=363: s=3 t=3 j=3 je=3 Q=47832147 table=171879616 yh=721740
stage b2=557 vs b1={364}: values [1601058302059584837582353420693, 5410240907043328777415185924096), 127555920560539 candidates (MITM path)
  MITM b1=364: s=3 t=3 j=3 je=3 Q=48228544 table=172808693 yh=738134
stage b2=558 vs b1={365}: values [1632962412666837646144657569792, 5591320323850160818242431640625), 131132356746710 candidates (MITM path)
  MITM b1=365: s=3 t=3 j=3 je=3 Q=48627125 table=173741112 yh=754758
stage b2=559 vs b1={366}: values [1665443434306863706599301798159, 5777939960830703556871252217856), 134782869081753 candidates (MITM path)
  MITM b1=366: s=3 t=3 j=3 je=3 Q=49027896 table=174676879 yh=771613
stage b2=560 vs b1={367}: values [1698510738938239385600000000000, 5970253488172346700935405703361), 138508660379237 candidates (MITM path)
  MITM b1=367: s=3 t=3 j=3 je=3 Q=49430863 table=175616000 yh=788702
stage b2=561 vs b1={368}: values [1732173833607787897772353894161, 6168418401625692825349129240576), 142310948440300 candidates (MITM path)
  MITM b1=368: s=3 t=3 j=3 je=3 Q=49836032 table=176558481 yh=806028
stage b2=562 vs b1={369}: values [1766442362151297812563548325888, 6372596106925961399422623920961), 146190966185700 candidates (MITM path)
  MITM b1=369: s=3 t=3 j=3 je=3 Q=50243409 table=177504328 yh=823591
stage b2=563 vs b1={370}: values [1801326106912561394974093742987, 6582952005840035281000000000000), 150149961788517 candidates (MITM path)
  MITM b1=370: s=3 t=3 j=3 je=3 Q=50653000 table=178453547 yh=841396
stage b2=564 vs b1={371}: values [1836834990480896934289776574464, 6799655583865908142394420049841), 154189198807533 candidates (MITM path)
  MITM b1=371: s=3 t=3 j=3 je=3 Q=51064811 table=179406144 yh=859443
stage b2=565 vs b1={372}: values [1872979077447320389547705078125, 7022880499611657333972261666816), 158309956321268 candidates (MITM path)
  MITM b1=372: s=3 t=3 j=3 je=3 Q=51478848 table=180362125 yh=877734
stage b2=566 vs b1={373}: values [1909768576179532861378609289216, 7252804675881436727210363928721), 162513529062683 candidates (MITM path)
  MITM b1=373: s=3 t=3 j=3 je=3 Q=51895117 table=181321496 yh=896273
stage b2=567 vs b1={374}: values [1947213840615891587090802236583, 7489610392496358142528690917376), 166801227554550 candidates (MITM path)
  MITM b1=374: s=3 t=3 j=3 je=3 Q=52313624 table=182284263 yh=915062
stage b2=568 vs b1={375}: values [1985325372078533349421908754432, 7733484380878508090972900390625), 171174378245483 candidates (MITM path)
  MITM b1=375: s=3 t=3 j=3 je=3 Q=52734375 table=183250432 yh=934101
stage b2=569 vs b1={376}: values [2024113821105820389305131081769, 7984617920426728775852675301376), 175634323646645 candidates (MITM path)
  MITM b1=376: s=3 t=3 j=3 je=3 Q=53157376 table=184220009 yh=953395
stage b2=570 vs b1={377}: values [2063589989304280119300000000000, 8243206936713178643875538610721), 180182422469112 candidates (MITM path)
  MITM b1=377: s=3 t=3 j=3 je=3 Q=53582633 table=185193000 yh=972945
stage b2=571 vs b1={378}: values [2103764831220211147045849420771, 8509452101530078278473934114816), 184820049761906 candidates (MITM path)
  MITM b1=378: s=3 t=3 j=3 je=3 Q=54010152 table=186169411 yh=992752
stage b2=572 vs b1={379}: values [2144649456231129337232283926528, 8783558934816442124406231285841), 189548597050706 candidates (MITM path)
  MITM b1=379: s=3 t=3 j=3 je=3 Q=54439939 table=187149248 yh=1012821
stage b2=573 vs b1={380}: values [2186255130457228866167355527877, 9065737908494995456000000000000), 194369472477211 candidates (MITM path)
  MITM b1=380: s=3 t=3 j=3 je=3 Q=54872000 table=188132517 yh=1033152
stage b2=574 vs b1={381}: values [2228593278693034455083740493824, 9356204552249879185458266174961), 199284100939185 candidates (MITM path)
  MITM b1=381: s=3 t=3 j=3 je=3 Q=55306341 table=189119224 yh=1053749
stage b2=575 vs b1={382}: values [2271675486359422206878662109375, 9655179561276152586506710552576), 204293924231164 candidates (MITM path)
  MITM b1=382: s=3 t=3 j=3 je=3 Q=55742968 table=190109375 yh=1074613
stage b2=576 vs b1={383}: values [2315513501476187716057433112576, 9962888906032515816542942031361), 209400401185836 candidates (MITM path)
  MITM b1=383: s=3 t=3 j=3 je=3 Q=56181887 table=191102976 yh=1095747
stage b2=577 vs b1={384}: values [2360119236655341373266124769473, 10279563944029090291760398073856), 214605007816088 candidates (MITM path)
  MITM b1=384: s=3 t=3 j=3 je=3 Q=56623104 table=192100033 yh=1117153
stage b2=578 vs b1={385}: values [2405504771115312043978880387072, 10605441533682515539043212890625), 219909237457729 candidates (MITM path)
  MITM b1=385: s=3 t=3 j=3 je=3 Q=57066625 table=193100552 yh=1138833

*** MATCH: 5686694041003732361127591362346 is an 12-digit palindrome in bases 385 and 578
stage b2=579 vs b1={386}: values [2451682352716241565672691784379, 10940764150271046150530924548096), 225314600912876 candidates (MITM path)
  MITM b1=386: s=3 t=3 j=3 je=3 Q=57512456 table=194104539 yh=1160790
stage b2=580 vs b1={387}: values [2498664400016553779200000000000, 11285780004022761936582279184881), 230822626594019 candidates (MITM path)
  MITM b1=387: s=3 t=3 j=3 je=3 Q=57960603 table=195112000 yh=1183027
stage b2=581 vs b1={388}: values [2546463504350983088080258388381, 11640743160370438345557966585856), 236434860668750 candidates (MITM path)
  MITM b1=388: s=3 t=3 j=3 je=3 Q=58411072 table=196122941 yh=1205545
stage b2=582 vs b1={389}: values [2595092431930248824098639239168, 12005913662407062729708916003921), 242152867205174 candidates (MITM path)
  MITM b1=389: s=3 t=3 j=3 je=3 Q=58863869 table=197137368 yh=1228346
stage b2=583 vs b1={390}: values [2644564125962562988946446055767, 12381557655576425121000000000000), 247978228317981 candidates (MITM path)
  MITM b1=390: s=3 t=3 j=3 je=3 Q=59319000 table=198155287 yh=1251434
stage b2=584 vs b1={391}: values [2694891708797160239686624477184, 12767947514633659874603497973281), 253912544315203 candidates (MITM path)
  MITM b1=391: s=3 t=3 j=3 je=3 Q=59776471 table=199176704 yh=1274811
stage b2=585 vs b1={392}: values [2746088484090040290602197265625, 13165361972911066876932454875136), 259957433845632 candidates (MITM path)
  MITM b1=392: s=3 t=3 j=3 je=3 Q=60236288 table=200201625 yh=1298479
stage b2=586 vs b1={393}: values [2798167938992114215508674471936, 13574086253924998035506742360801), 266114534046923 candidates (MITM path)
  MITM b1=393: s=3 t=3 j=3 je=3 Q=60698457 table=201230056 yh=1322440
stage b2=587 vs b1={394}: values [2851143746359947452906740409363, 13994412205360056505895889473536), 272385500694366 candidates (MITM path)
  MITM b1=394: s=3 t=3 j=3 je=3 Q=61162984 table=202262003 yh=1346697
stage b2=588 vs b1={395}: values [2905029766989293641442065907712, 14426638435467322602890869140625), 278772008350329 candidates (MITM path)
  MITM b1=395: s=3 t=3 j=3 je=3 Q=61629875 table=203297472 yh=1371252
stage b2=589 vs b1={396}: values [2959840051871614745048248895989, 14871070451913791625537326678016), 285275750514384 candidates (MITM path)
  MITM b1=396: s=3 t=3 j=3 je=3 Q=62099136 table=204336469 yh=1396108
stage b2=590 vs b1={397}: values [3015588844473784265900000000000, 15328020803120684935518067665841), 291898439774102 candidates (MITM path)
  MITM b1=397: s=3 t=3 j=3 je=3 Q=62570773 table=205379000 yh=1421268
stage b2=591 vs b1={398}: values [3072290583041171688920153786991, 15797809222128776602593843613696), 298641807956527 candidates (MITM path)
  MITM b1=398: s=3 t=3 j=3 je=3 Q=63044792 table=206425071 yh=1446733
stage b2=592 vs b1={399}: values [3129959902924307654089331703808, 16280762773029363806577930555201), 305507606280324 candidates (MITM path)
  MITM b1=399: s=3 t=3 j=3 je=3 Q=63521199 table=207474688 yh=1472506
stage b2=593 vs b1={400}: values [3188611638929330712224580716657, 16777216000000000000000000000000), 312497605508605 candidates (MITM path)
  MITM b1=400: s=3 t=3 j=3 je=3 Q=64000000 table=208527857 yh=1498590
stage b2=594 vs b1={401}: values [3248260827692417886246573164544, 17287511078984605626766090564801), 319613596102433 candidates (MITM path)
  MITM b1=401: s=3 t=3 j=3 je=3 Q=64481201 table=209584584 yh=1524987
stage b2=595 vs b1={402}: values [3308922710078402633267529296875, 17811997972058071997491783274496), 326857388374999 candidates (MITM path)
  MITM b1=402: s=3 t=3 j=3 je=3 Q=64964808 table=210644875 yh=1551699
stage b2=596 vs b1={403}: values [3370612733603785183127505207296, 18351034584515979779713048277041), 334230812646480 candidates (MITM path)
  MITM b1=403: s=3 t=3 j=3 je=3 Q=65450827 table=211708736 yh=1578730
stage b2=597 vs b1={404}: values [3433346554884341616308706146253, 18904986924730564508992631996416), 341735719399576 candidates (MITM path)
  MITM b1=404: s=3 t=3 j=3 je=3 Q=65939264 table=212776173 yh=1606081
stage b2=598 vs b1={405}: values [3497140042107539438489709156352, 19474229266814577603359619140625), 349373979435723 candidates (MITM path)
  MITM b1=405: s=3 t=3 j=3 je=3 Q=66430125 table=213847192 yh=1633756
stage b2=599 vs b1={406}: values [3562009277529968810387620206599, 20059144316135212607058101211136), 357147484031981 candidates (MITM path)
  MITM b1=406: s=3 t=3 j=3 je=3 Q=66923416 table=214921799 yh=1661756
stage b2=600 vs b1={407}: values [3627970560000000000000000000000, 20660123377720792838942199093601), 365058145098611 candidates (MITM path)
  MITM b1=407: s=3 t=3 j=3 je=3 Q=67419143 table=216000000 yh=1690085
stage b2=601 vs b1={408}: values [3695040407505879039923659806601, 21277566527603448314936306958336), 373107895337325 candidates (MITM path)
  MITM b1=408: s=3 t=3 j=3 je=3 Q=67917312 table=217081801 yh=1718744
stage b2=602 vs b1={409}: values [3763235559749474995117984360448, 21911882787141546791871910219681), 381298688400211 candidates (MITM path)
  MITM b1=409: s=3 t=3 j=3 je=3 Q=68417929 table=218167208 yh=1747737
stage b2=603 vs b1={410}: values [3832572980745893676320153300547, 22563490300366186081000000000000), 389632499049350 candidates (MITM path)
  MITM b1=410: s=3 t=3 j=3 je=3 Q=68921000 table=219256227 yh=1777065
stage b2=604 vs b1={411}: values [3903069861449174071332415995904, 23232816514396602443039513869521), 398111323317102 candidates (MITM path)
  MITM b1=411: s=3 t=3 j=3 je=3 Q=69426531 table=220348864 yh=1806732
stage b2=605 vs b1={412}: values [3974743622404285210611376953125, 23920298362969902942430645190656), 406737178667079 candidates (MITM path)
  MITM b1=412: s=3 t=3 j=3 je=3 Q=69934528 table=221445125 yh=1836741
stage b2=606 vs b1={413}: values [4047611916425642635020060358656, 24626382453131088146385741940081), 415512104155801 candidates (MITM path)
  MITM b1=413: s=3 t=3 j=3 je=3 Q=70444997 table=222545016 yh=1867093
stage b2=607 vs b1={414}: values [4121692631302365092279372570143, 25351525255129895544433993322496), 424438160595023 candidates (MITM path)
  MITM b1=414: s=3 t=3 j=3 je=3 Q=70957944 table=223648543 yh=1897791
stage b2=608 vs b1={415}: values [4197003892530493554600540372992, 26096193295571563576699462890625), 433517430714758 candidates (MITM path)
  MITM b1=415: s=3 t=3 j=3 je=3 Q=71473375 table=224755712 yh=1928839
stage b2=609 vs b1={416}: values [4273564066072396123218280306209, 26860863353869191234592184467456), 442752019326969 candidates (MITM path)
  MITM b1=416: s=3 t=3 j=3 je=3 Q=71991296 table=225866529 yh=1960238
stage b2=610 vs b1={417}: values [4351391761143583866100000000000, 27646022662045948876583015308161), 452144053489953 candidates (MITM path)
  MITM b1=417: s=3 t=3 j=3 je=3 Q=72511713 table=226981000 yh=1991991
stage b2=611 vs b1={418}: values [4430505833027164123003435837211, 28452169107935982225126351179776), 461695682673403 candidates (MITM path)
  MITM b1=418: s=3 t=3 j=3 je=3 Q=73034632 table=228099131 yh=2024102
stage b2=612 vs b1={419}: values [4510925385916159307318021849088, 29279811441833443519640329077361), 471409078924151 candidates (MITM path)
  MITM b1=419: s=3 t=3 j=3 je=3 Q=73560059 table=229220928 yh=2056571
stage b2=613 vs b1={420}: values [4592669775783920736778231997437, 30129469486639681536000000000000), 481286437032602 candidates (MITM path)
  MITM b1=420: s=3 t=3 j=3 je=3 Q=74088000 table=230346397 yh=2089403
stage b2=614 vs b1={421}: values [4675758613282868535204451211264, 31001674351559225686692396607441), 491329974699843 candidates (MITM path)
  MITM b1=421: s=3 t=3 j=3 je=3 Q=74618461 table=231475544 yh=2122600
stage b2=615 vs b1={422}: values [4760211766671790164932958984375, 31896968649395808729270202863616), 501541932705442 candidates (MITM path)
  MITM b1=422: s=3 t=3 j=3 je=3 Q=75151448 table=232608375 yh=2156165
stage b2=616 vs b1={423}: values [4846049364771931674565742166016, 32815906717500287775869592309921), 511924575075925 candidates (MITM path)
  MITM b1=423: s=3 t=3 j=3 je=3 Q=75686967 table=233744896 yh=2190100
stage b2=617 vs b1={424}: values [4933291799952117279127519871033, 33759054842422944355374937931776), 522480189253948 candidates (MITM path)
  MITM b1=424: s=3 t=3 j=3 je=3 Q=76225024 table=234885113 yh=2224408
stage b2=618 vs b1={425}: values [5021959731143134429686032197632, 34726991488323271274566650390625), 533211086268141 candidates (MITM path)
  MITM b1=425: s=3 t=3 j=3 je=3 Q=76765625 table=236029032 yh=2259092
stage b2=619 vs b1={426}: values [5112074086881623076996824584819, 35720307529190986997727933566976), 544119600903647 candidates (MITM path)
  MITM b1=426: s=3 t=3 j=3 je=3 Q=77308776 table=237176659 yh=2294154
stage b2=620 vs b1={427}: values [5203656068383709388800000000000, 36739606484932657258363216949521), 555208091873343 candidates (MITM path)
  MITM b1=427: s=3 t=3 j=3 je=3 Q=77854483 table=238328000 yh=2329597
stage b2=621 vs b1={428}: values [5296727152648625743048300468821, 37785504761378948674749271638016), 566478941989742 candidates (MITM path)
  MITM b1=428: s=3 t=3 j=3 je=3 Q=78402752 table=239483061 yh=2365424
stage b2=622 vs b1={429}: values [5391309095592560389608046409728, 38858631894268190306056236008241), 577934558337594 candidates (MITM path)
  MITM b1=429: s=3 t=3 j=3 je=3 Q=78953589 table=240641848 yh=2401638
stage b2=623 vs b1={430}: values [5487423935212981750871575397327, 39959630797262576401000000000000), 589577372447154 candidates (MITM path)
  MITM b1=430: s=3 t=3 j=3 je=3 Q=79507000 table=241804367 yh=2438242
stage b2=624 vs b1={431}: values [5585093994783683917276589850624, 41089158014054007099883470298561), 601409840468158 candidates (MITM path)
  MITM b1=431: s=3 t=3 j=3 je=3 Q=80062991 table=242970624 yh=2475237
stage b2=625 vs b1={432}: values [5684341886080801486968994140625, 42247883974617233597120303333376), 613434443344467 candidates (MITM path)
  MITM b1=432: s=3 t=3 j=3 je=3 Q=80621568 table=244140625 yh=2512628
done: 2045.35s, 236132561 candidates tested
