A171740 search: n=12, threads=1, limit=none
stage b2=204 vs b1={131}: values [25464305835922478547861504, 25542038069936263923006961), 1078499989 candidates (MITM path)
  MITM b1=131: s=4 t=2 j=2 je=3 Q=17161 table=41616 yh=25916
stage b2=205 vs b1={132}: values [26871534751769943408203125, 27982542656501458535448576), 14969041162 candidates (MITM path)
  MITM b1=132: s=4 t=2 j=2 je=3 Q=17424 table=42025 yh=356194
stage b2=206 vs b1={133}: values [28349109672436645439584256, 30635127461052805121505361), 29914123570 candidates (MITM path)
  MITM b1=133: s=4 t=2 j=2 je=3 Q=17689 table=42436 yh=704924
stage b2=207 vs b1={134}: values [29900179809133802678274543, 33516416633376182864121856), 45965796664 candidates (MITM path)
  MITM b1=134: s=4 t=2 j=2 je=3 Q=17956 table=42849 yh=1072740
stage b2=208 vs b1={135}: values [31528019073332790943547392, 36644198070556426025390625), 63177977778 candidates (MITM path)
  MITM b1=135: s=4 t=2 j=2 je=3 Q=18225 table=43264 yh=1460290
stage b2=209 vs b1={136}: values [33236030376158771102541809, 40037495277186834126340096), 81606498618 candidates (MITM path)
  MITM b1=136: s=4 t=2 j=2 je=3 Q=18496 table=43681 yh=1868238
stage b2=210 vs b1={137}: values [35027750054222100000000000, 43716643078717303412870881), 101309152416 candidates (MITM path)
  MITM b1=137: s=4 t=2 j=2 je=3 Q=18769 table=44100 yh=2297260
stage b2=211 vs b1={138}: values [36906852424971083485992811, 47703367363695867545849856), 122345741727 candidates (MITM path)
  MITM b1=138: s=3 t=3 j=3 je=3 Q=2628072 table=9393931 yh=13024
stage b2=212 vs b1={139}: values [38877154474709500704063488, 52020869037289085480011921), 144778126898 candidates (MITM path)
  MITM b1=139: s=3 t=3 j=3 je=3 Q=2685619 table=9528128 yh=15195
stage b2=213 vs b1={140}: values [40942620682483067183061837, 56693912375296000000000000), 168670275192 candidates (MITM path)
  MITM b1=140: s=3 t=3 j=3 je=3 Q=2744000 table=9663597 yh=17455
stage b2=214 vs b1={141}: values [43107367983100618650916864, 61748917974902741368975281), 194088310577 candidates (MITM path)
  MITM b1=141: s=3 t=3 j=3 je=3 Q=2803221 table=9800344 yh=19805
stage b2=215 vs b1={142}: values [45375670872618296240234375, 67214060505664762405851136), 221100564180 candidates (MITM path)
  MITM b1=142: s=3 t=3 j=3 je=3 Q=2863288 table=9938375 yh=22248
stage b2=216 vs b1={143}: values [47751966659678405306351616, 73119371471655725294164801), 249777625397 candidates (MITM path)
  MITM b1=143: s=3 t=3 j=3 je=3 Q=2924207 table=10077696 yh=24786
stage b2=217 vs b1={144}: values [50240860866158912890695433, 79496847203390844133441536), 280192393684 candidates (MITM path)
  MITM b1=144: s=3 t=3 j=3 je=3 Q=2985984 table=10218313 yh=27421
stage b2=218 vs b1={145}: values [52847132780654751438252032, 86380562306022715087890625), 312420131003 candidates (MITM path)
  MITM b1=145: s=3 t=3 j=3 je=3 Q=3048625 table=10360232 yh=30156
stage b2=219 vs b1={146}: values [55575741168378217259860419, 93806788798424099682390016), 346538514945 candidates (MITM path)
  MITM b1=146: s=3 t=3 j=3 je=3 Q=3112136 table=10503459 yh=32993
stage b2=220 vs b1={147}: values [58431830141132800000000000, 101814121186119595835681841), 382627692515 candidates (MITM path)
  MITM b1=147: s=3 t=3 j=3 je=3 Q=3176523 table=10648000 yh=35935
stage b2=221 vs b1={148}: values [61420735191082762650784421, 110443607719611533356957696), 420770334594 candidates (MITM path)
  MITM b1=148: s=3 t=3 j=3 je=3 Q=3241792 table=10793861 yh=38983
stage b2=222 vs b1={149}: values [64547989392109719104944128, 119738888098469732352733201), 461051691076 candidates (MITM path)
  MITM b1=149: s=3 t=3 j=3 je=3 Q=3307949 table=10941048 yh=42140
stage b2=223 vs b1={150}: values [67819329772617336566541727, 129746337890625000000000000), 503559646667 candidates (MITM path)
  MITM b1=150: s=3 t=3 j=3 je=3 Q=3375000 table=11089567 yh=45409
stage b2=224 vs b1={151}: values [71240703863716132079796224, 140515219945627518837736801), 548384777369 candidates (MITM path)
  MITM b1=151: s=3 t=3 j=3 je=3 Q=3442951 table=11239424 yh=48792
stage b2=225 vs b1={152}: values [74818276426792144775390625, 152097843090208773684330496), 595620407634 candidates (MITM path)
  MITM b1=152: s=3 t=3 j=3 je=3 Q=3511808 table=11390625 yh=52291
stage b2=226 vs b1={153}: values [78558436364536056991614976, 164549728404324620728411041), 645362668198 candidates (MITM path)
  MITM b1=153: s=3 t=3 j=3 je=3 Q=3581577 table=11543176 yh=55909
stage b2=227 vs b1={154}: values [82467803819583117066183323, 177929783385962838621884416), 697710554585 candidates (MITM path)
  MITM b1=154: s=3 t=3 j=3 je=3 Q=3652264 table=11697083 yh=59649

*** MATCH: 86591086611336022188653100 is an 12-digit palindrome in bases 154 and 227
stage b2=228 vs b1={155}: values [86553237464988993215004672, 192300484323376406494140625), 752765986302 candidates (MITM path)
  MITM b1=155: s=3 t=3 j=3 je=3 Q=3723875 table=11852352 yh=63512
done: 13.36s, 8310704 candidates tested
