A171740 search: n=12, threads=1, limit=none
stage b2=170 vs b1={111}: values [3427189630763300000000000, 3498450596935634189769921), 2952284308 candidates (MITM path)
  MITM b1=111: s=4 t=2 j=2 je=3 Q=12321 table=28900 yh=102156
stage b2=171 vs b1={112}: values [3655587758352853102936371, 3895975992546975973113856), 9614717869 candidates (MITM path)
  MITM b1=112: s=4 t=2 j=2 je=3 Q=12544 table=29241 yh=328810
stage b2=172 vs b1={113}: values [3897740448639107284860928, 4334523100191686738306881), 16869208225 candidates (MITM path)
  MITM b1=113: s=4 t=2 j=2 je=3 Q=12769 table=29584 yh=570214
stage b2=173 vs b1={114}: values [4154388758501693990272277, 4817904819828488880132096), 24749978230 candidates (MITM path)
  MITM b1=114: s=4 t=2 j=2 je=3 Q=12996 table=29929 yh=826957
stage b2=174 vs b1={115}: values [4426309024697324523239424, 5350250105473711181640625), 33292682393 candidates (MITM path)
  MITM b1=115: s=4 t=2 j=2 je=3 Q=13225 table=30276 yh=1099640
stage b2=175 vs b1={116}: values [4714314324855804443359375, 5936027041831326482169856), 42534448136 candidates (MITM path)
  MITM b1=116: s=3 t=3 j=3 je=3 Q=1560896 table=5359375 yh=7937
stage b2=176 vs b1={117}: values [5019255990031848807858176, 6580067382037190942729361), 52513917716 candidates (MITM path)
  MITM b1=117: s=3 t=3 j=3 je=3 Q=1601613 table=5451776 yh=9633
stage b2=177 vs b1={118}: values [5342025170319974613513873, 7287592625109126008344576), 63271290808 candidates (MITM path)
  MITM b1=118: s=3 t=3 j=3 je=3 Q=1643032 table=5545233 yh=11411
stage b2=178 vs b1={119}: values [5683554455074796217321472, 8064241715186276625588961), 74848367768 candidates (MITM path)
  MITM b1=119: s=3 t=3 j=3 je=3 Q=1685159 table=5639752 yh=13272
stage b2=179 vs b1={120}: values [6044819549314706693299979, 8916100448256000000000000), 87288593558 candidates (MITM path)
  MITM b1=120: s=3 t=3 j=3 je=3 Q=1728000 table=5735339 yh=15220
stage b2=180 vs b1={121}: values [6426841007923200000000000, 9849732675807611094711841), 100637102352 candidates (MITM path)
  MITM b1=121: s=3 t=3 j=3 je=3 Q=1771561 table=5832000 yh=17257
stage b2=181 vs b1={122}: values [6830686029298982514463981, 10872213398722912904482816), 114940762802 candidates (MITM path)
  MITM b1=122: s=3 t=3 j=3 je=3 Q=1815848 table=5929741 yh=19384
stage b2=182 vs b1={123}: values [7257470310143544998893568, 11991163848716906297072721), 130248223996 candidates (MITM path)
  MITM b1=123: s=3 t=3 j=3 je=3 Q=1860867 table=6028568 yh=21606
stage b2=183 vs b1={124}: values [7708359963113024511280167, 13214788658781797667045376), 146609962077 candidates (MITM path)
  MITM b1=124: s=3 t=3 j=3 je=3 Q=1906624 table=6128487 yh=23923
stage b2=184 vs b1={125}: values [8184573499099987295862784, 14551915228366851806640625), 164078327547 candidates (MITM path)
  MITM b1=125: s=3 t=3 j=3 je=3 Q=1953125 table=6229504 yh=26339
stage b2=185 vs b1={126}: values [8687383875950215478515625, 16012035393449278995173376), 182707593248 candidates (MITM path)
  MITM b1=126: s=3 t=3 j=3 je=3 Q=2000376 table=6331625 yh=28857
stage b2=186 vs b1={127}: values [9218120615459689670977536, 17605349516220764271966721), 202554003024 candidates (MITM path)
  MITM b1=127: s=3 t=3 j=3 je=3 Q=2048383 table=6434856 yh=31478
stage b2=187 vs b1={128}: values [9778171990537733621073763, 19342813113834066795298816), 223675821059 candidates (MITM path)
  MITM b1=128: s=3 t=3 j=3 je=3 Q=2097152 table=6539203 yh=34206
stage b2=188 vs b1={129}: values [10368987284463733138522112, 21236186150528020865123841), 246133381901 candidates (MITM path)
  MITM b1=129: s=3 t=3 j=3 je=3 Q=2146689 table=6644672 yh=37043
stage b2=189 vs b1={130}: values [10992079124206967022251589, 23298085122481000000000000), 269989141170 candidates (MITM path)
  MITM b1=130: s=3 t=3 j=3 je=3 Q=2197000 table=6751269 yh=39991
stage b2=190 vs b1={131}: values [11649025889821900000000000, 25542038069936263923006961), 295307726943 candidates (MITM path)
  MITM b1=131: s=3 t=3 j=3 je=3 Q=2248091 table=6859000 yh=43055
stage b2=191 vs b1={132}: values [12341474201974794188822591, 27982542656501458535448576), 322155991833 candidates (MITM path)
  MITM b1=132: s=3 t=3 j=3 je=3 Q=2299968 table=6967871 yh=46235
stage b2=192 vs b1={133}: values [13071141489701703760478208, 30635127461052805121505361), 350603065744 candidates (MITM path)
  MITM b1=133: s=3 t=3 j=3 je=3 Q=2352637 table=7077888 yh=49535
stage b2=193 vs b1={134}: values [13839818640542834852821057, 33516416633376182864121856), 380720409325 candidates (MITM path)
  MITM b1=134: s=3 t=3 j=3 je=3 Q=2406104 table=7189057 yh=52959
stage b2=194 vs b1={135}: values [14649372735243886851590144, 36644198070556426025390625), 412581868095 candidates (MITM path)
  MITM b1=135: s=3 t=3 j=3 je=3 Q=2460375 table=7301384 yh=56508
stage b2=195 vs b1={136}: values [15501749869261349560546875, 40037495277186834126340096), 446263727275 candidates (MITM path)
  MITM b1=136: s=3 t=3 j=3 je=3 Q=2515456 table=7414875 yh=60185

*** MATCH: 18950643875061256168350736 is an 12-digit palindrome in bases 136 and 195
stage b2=196 vs b1={137}: values [16398978063355821105872896, 43716643078717303412870881), 481844767293 candidates (MITM path)
  MITM b1=137: s=3 t=3 j=3 je=3 Q=2571353 table=7529536 yh=63994
stage b2=197 vs b1={138}: values [17343170265605241347130653, 47703367363695867545849856), 519406319990 candidates (MITM path)
  MITM b1=138: s=3 t=3 j=3 je=3 Q=2628072 table=7645373 yh=67938
stage b2=198 vs b1={139}: values [18336527447218512795850752, 52020869037289085480011921), 559032325514 candidates (MITM path)
  MITM b1=139: s=3 t=3 j=3 je=3 Q=2685619 table=7762392 yh=72019
done: 9.51s, 3532975 candidates tested
