A171740 search: n=12, threads=1, limit=none
stage b2=135 vs b1={90}: values [271438504226343896484375, 282429536481000000000000), 1815665626 candidates (MITM path)
  MITM b1=90: s=4 t=2 j=2 je=3 Q=8100 table=18225 yh=99626
stage b2=136 vs b1={91}: values [294393347626373780340736, 322475487413604782665681), 4438096557 candidates (MITM path)
  MITM b1=91: s=4 t=2 j=2 je=3 Q=8281 table=18496 yh=239949
stage b2=137 vs b1={92}: values [319099584516184696444313, 367666387654882241806336), 7345411228 candidates (MITM path)
  MITM b1=92: s=4 t=2 j=2 je=3 Q=8464 table=18769 yh=391359
stage b2=138 vs b1={93}: values [345676575099245416998912, 418596297479370673535601), 10557728465 candidates (MITM path)
  MITM b1=93: s=4 t=2 j=2 je=3 Q=8649 table=19044 yh=554387
stage b2=139 vs b1={94}: values [374250856383374715683539, 475920314814253376475136), 14096188825 candidates (MITM path)
  MITM b1=94: s=3 t=3 j=3 je=3 Q=830584 table=2685619 yh=5249
stage b2=140 vs b1={95}: values [404956516966400000000000, 540360087662636962890625), 17982990014 candidates (MITM path)
  MITM b1=95: s=3 t=3 j=3 je=3 Q=857375 table=2744000 yh=6554
stage b2=141 vs b1={96}: values [437935588474487527439541, 612709757329767363772416), 22241422987 candidates (MITM path)
  MITM b1=96: s=3 t=3 j=3 je=3 Q=884736 table=2803221 yh=7935
stage b2=142 vs b1={97}: values [473338454265244805675008, 693842360995438000295041), 26895908715 candidates (MITM path)
  MITM b1=97: s=3 t=3 j=3 je=3 Q=912673 table=2863288 yh=9394
stage b2=143 vs b1={98}: values [511324276025564512546607, 784716723734800033386496), 31972035647 candidates (MITM path)
  MITM b1=98: s=3 t=3 j=3 je=3 Q=941192 table=2924207 yh=10934
stage b2=144 vs b1={99}: values [552061438912436417593344, 886384871716129280658801), 37496597840 candidates (MITM path)
  MITM b1=99: s=3 t=3 j=3 je=3 Q=970299 table=2985984 yh=12558
stage b2=145 vs b1={100}: values [595728015903604931640625, 1000000000000000000000000), 43497633783 candidates (MITM path)
  MITM b1=100: s=3 t=3 j=3 je=3 Q=1000000 table=3048625 yh=14268
stage b2=146 vs b1={101}: values [642512252044000682756096, 1126825030131969720661201), 50004465898 candidates (MITM path)
  MITM b1=101: s=3 t=3 j=3 je=3 Q=1030301 table=3112136 yh=16068
stage b2=147 vs b1={102}: values [692613069293330583916203, 1268241794562545318301696), 57047740730 candidates (MITM path)
  MITM b1=102: s=3 t=3 j=3 je=3 Q=1061208 table=3176523 yh=17960
stage b2=148 vs b1={103}: values [746240592700077928087552, 1425760886846178945447841), 64659469822 candidates (MITM path)
  MITM b1=103: s=3 t=3 j=3 je=3 Q=1092727 table=3241792 yh=19946
stage b2=149 vs b1={104}: values [803616698647447868139149, 1601032218567680790102016), 72873071280 candidates (MITM path)
  MITM b1=104: s=3 t=3 j=3 je=3 Q=1124864 table=3307949 yh=22030
stage b2=150 vs b1={105}: values [864975585937500000000000, 1795856326022129150390625), 81723412024 candidates (MITM path)
  MITM b1=105: s=3 t=3 j=3 je=3 Q=1157625 table=3375000 yh=24215
stage b2=151 vs b1={106}: values [930564370500844495614151, 2012196471835550329409536), 91246850736 candidates (MITM path)
  MITM b1=106: s=3 t=3 j=3 je=3 Q=1191016 table=3442951 yh=26503
stage b2=152 vs b1={107}: values [1000643704540847195291648, 2252191588960823337718801), 101481281486 candidates (MITM path)
  MITM b1=107: s=3 t=3 j=3 je=3 Q=1225043 table=3511808 yh=28898
stage b2=153 vs b1={108}: values [1075488420943298174695497, 2518170116818978404827136), 112466178067 candidates (MITM path)
  MITM b1=108: s=3 t=3 j=3 je=3 Q=1259712 table=3581577 yh=31402
stage b2=154 vs b1={109}: values [1155388203804953497544704, 2812664781782894485727281), 124242639010 candidates (MITM path)
  MITM b1=109: s=3 t=3 j=3 je=3 Q=1295029 table=3652264 yh=34018
stage b2=155 vs b1={110}: values [1240648285957267138671875, 3138428376721000000000000), 136853433298 candidates (MITM path)
  MITM b1=110: s=3 t=3 j=3 je=3 Q=1331000 table=3723875 yh=36751
stage b2=156 vs b1={111}: values [1331590174384995440787456, 3498450596935634189769921), 150343046776 candidates (MITM path)
  MITM b1=111: s=3 t=3 j=3 je=3 Q=1367631 table=3796416 yh=39602
stage b2=157 vs b1={112}: values [1428552404463186019525093, 3895975992546975973113856), 164757729254 candidates (MITM path)
  MITM b1=112: s=3 t=3 j=3 je=3 Q=1404928 table=3869893 yh=42575
stage b2=158 vs b1={113}: values [1531891323960362862344192, 4334523100191686738306881), 180145542311 candidates (MITM path)
  MITM b1=113: s=3 t=3 j=3 je=3 Q=1442897 table=3944312 yh=45673

*** MATCH: 4258285395815204639798664 is an 12-digit palindrome in bases 113 and 158
stage b2=159 vs b1={114}: values [1641981907780495624833759, 4817904819828488880132096), 196556407790 candidates (MITM path)
  MITM b1=114: s=3 t=3 j=3 je=3 Q=1481544 table=4019679 yh=48899

*** MATCH: 2459997350162621199721600 is an 12-digit palindrome in bases 114 and 159
stage b2=160 vs b1={115}: values [1759218604441600000000000, 5350250105473711181640625), 214042156997 candidates (MITM path)
  MITM b1=115: s=3 t=3 j=3 je=3 Q=1520875 table=4096000 yh=52257
stage b2=161 vs b1={116}: values [1884016215314563749249761, 5936027041831326482169856), 232656580597 candidates (MITM path)
  MITM b1=116: s=3 t=3 j=3 je=3 Q=1560896 table=4173281 yh=55750

*** MATCH: 1973838294919430429704110 is an 12-digit palindrome in bases 116 and 161
done: 3.59s, 1760639 candidates tested
