A171740 search: n=12, threads=1, limit=none
stage b2=219 vs b1={140}: values [55575741168378217259860419, 56693912375296000000000000), 10135463544 candidates (MITM path)
  MITM b1=140: s=4 t=2 j=2 je=3 Q=19600 table=47961 yh=211328
stage b2=220 vs b1={141}: values [58431830141132800000000000, 61748917974902741368975281), 29256400092 candidates (MITM path)
  MITM b1=141: s=4 t=2 j=2 je=3 Q=19881 table=48400 yh=604472
stage b2=221 vs b1={142}: values [61420735191082762650784421, 67214060505664762405851136), 49724940733 candidates (MITM path)
  MITM b1=142: s=4 t=2 j=2 je=3 Q=20164 table=48841 yh=1018099
stage b2=222 vs b1={143}: values [64547989392109719104944128, 73119371471655725294164801), 71603295023 candidates (MITM path)
  MITM b1=143: s=4 t=2 j=2 je=3 Q=20449 table=49284 yh=1452872
stage b2=223 vs b1={144}: values [67819329772617336566541727, 79496847203390844133441536), 94955766961 candidates (MITM path)
  MITM b1=144: s=4 t=2 j=2 je=3 Q=20736 table=49729 yh=1909465
stage b2=224 vs b1={145}: values [71240703863716132079796224, 86380562306022715087890625), 119848804018 candidates (MITM path)
  MITM b1=145: s=4 t=2 j=2 je=3 Q=21025 table=50176 yh=2388569
stage b2=225 vs b1={146}: values [74818276426792144775390625, 93806788798424099682390016), 146351046823 candidates (MITM path)
  MITM b1=146: s=3 t=3 j=3 je=3 Q=3112136 table=11390625 yh=12849
stage b2=226 vs b1={147}: values [78558436364536056991614976, 101814121186119595835681841), 174533379500 candidates (MITM path)
  MITM b1=147: s=3 t=3 j=3 je=3 Q=3176523 table=11543176 yh=15121
stage b2=227 vs b1={148}: values [82467803819583117066183323, 110443607719611533356957696), 204468980664 candidates (MITM path)
  MITM b1=148: s=3 t=3 j=3 je=3 Q=3241792 table=11697083 yh=17481
stage b2=228 vs b1={149}: values [86553237464988993215004672, 119738888098469732352733201), 236233375075 candidates (MITM path)
  MITM b1=149: s=3 t=3 j=3 je=3 Q=3307949 table=11852352 yh=19932
stage b2=229 vs b1={150}: values [90821841990842470457948029, 129746337890625000000000000), 269904485950 candidates (MITM path)
  MITM b1=150: s=3 t=3 j=3 je=3 Q=3375000 table=12008989 yh=22476
stage b2=230 vs b1={151}: values [95280975791392700000000000, 140515219945627518837736801), 305562687939 candidates (MITM path)
  MITM b1=151: s=3 t=3 j=3 je=3 Q=3442951 table=12167000 yh=25115
stage b2=231 vs b1={152}: values [99938258857146531850367031, 152097843090208773684330496), 343290860759 candidates (MITM path)
  MITM b1=152: s=3 t=3 j=3 je=3 Q=3511808 table=12326391 yh=27851
stage b2=232 vs b1={153}: values [104801580876470315823136768, 164549728404324620728411041), 383174443493 candidates (MITM path)
  MITM b1=153: s=3 t=3 j=3 je=3 Q=3581577 table=12487168 yh=30686
stage b2=233 vs b1={154}: values [109879109551310452512114617, 177929783385962838621884416), 425301489556 candidates (MITM path)
  MITM b1=154: s=3 t=3 j=3 je=3 Q=3652264 table=12649337 yh=33623
stage b2=234 vs b1={155}: values [115179299131727923510339584, 192300484323376406494140625), 469762722320 candidates (MITM path)
  MITM b1=155: s=3 t=3 j=3 je=3 Q=3723875 table=12812904 yh=36664
stage b2=235 vs b1={156}: values [120710899174024038232421875, 207728067204059288762843136), 516651591415 candidates (MITM path)
  MITM b1=156: s=3 t=3 j=3 je=3 Q=3796416 table=12977875 yh=39811
stage b2=236 vs b1={157}: values [126482963527317712416014336, 224282727500720205065439601), 566064329687 candidates (MITM path)
  MITM b1=157: s=3 t=3 j=3 je=3 Q=3869893 table=13144256 yh=43066
stage b2=237 vs b1={158}: values [132504859553518749988128213, 242038829185737332250382336), 618100010838 candidates (MITM path)
  MITM b1=158: s=3 t=3 j=3 je=3 Q=3944312 table=13312053 yh=46432
stage b2=238 vs b1={159}: values [138786277585726844783245312, 261075123337098804348567681), 672860607721 candidates (MITM path)
  MITM b1=159: s=3 t=3 j=3 je=3 Q=4019679 table=13481272 yh=49911
stage b2=239 vs b1={160}: values [145337240630172360933794639, 281474976710656000000000000), 730451051320 candidates (MITM path)
  MITM b1=160: s=3 t=3 j=3 je=3 Q=4096000 table=13651919 yh=53506
stage b2=240 vs b1={161}: values [152168114316902400000000000, 303326610665644763629211521), 790979290395 candidates (MITM path)
  MITM b1=161: s=3 t=3 j=3 je=3 Q=4173281 table=13824000 yh=57218
stage b2=241 vs b1={162}: values [159289617104504228485730641, 326723350842869800400326656), 854556351798 candidates (MITM path)
  MITM b1=162: s=3 t=3 j=3 je=3 Q=4251528 table=13997521 yh=61051
stage b2=242 vs b1={163}: values [166712830744247830760081408, 351763888007705494736404081), 921296401470 candidates (MITM path)
  MITM b1=163: s=3 t=3 j=3 je=3 Q=4330747 table=14172488 yh=65006
stage b2=243 vs b1={164}: values [174449211009120179071170507, 378552550483148382977130496), 991316806109 candidates (MITM path)
  MITM b1=164: s=3 t=3 j=3 je=3 Q=4410944 table=14348907 yh=69087
stage b2=244 vs b1={165}: values [182510598693315783839186944, 407199588611568593994140625), 1064738195513 candidates (MITM path)
  MITM b1=165: s=3 t=3 j=3 je=3 Q=4492125 table=14526784 yh=73295
stage b2=245 vs b1={166}: values [190909230887841213330078125, 437821471697555965584019456), 1141684525604 candidates (MITM path)
  MITM b1=166: s=3 t=3 j=3 je=3 Q=4574296 table=14706125 yh=77634
stage b2=246 vs b1={167}: values [199657752537985561759389696, 470541197898347534873984161), 1222283142126 candidates (MITM path)
  MITM b1=167: s=3 t=3 j=3 je=3 Q=4657463 table=14886936 yh=82105
stage b2=247 vs b1={168}: values [208769228288504308517520103, 505488617542763051300683776), 1306664845021 candidates (MITM path)
  MITM b1=168: s=3 t=3 j=3 je=3 Q=4741632 table=15069223 yh=86711
stage b2=248 vs b1={169}: values [218257154622460658242813952, 542800770374370512771595361), 1394963953491 candidates (MITM path)
  MITM b1=169: s=3 t=3 j=3 je=3 Q=4826809 table=15252992 yh=91456
stage b2=249 vs b1={170}: values [228135472299766291637190249, 582622237229761000000000000), 1487318371731 candidates (MITM path)
  MITM b1=170: s=3 t=3 j=3 je=3 Q=4913000 table=15438249 yh=96340
stage b2=250 vs b1={171}: values [238418579101562500000000000, 625105506678337880602119441), 1583869655355 candidates (MITM path)
  MITM b1=171: s=3 t=3 j=3 je=3 Q=5000211 table=15625000 yh=101368
stage b2=251 vs b1={172}: values [249121342886682932269065251, 670411357165926452996079616), 1684763078489 candidates (MITM path)
  MITM b1=172: s=3 t=3 j=3 je=3 Q=5088448 table=15813251 yh=106542
stage b2=252 vs b1={173}: values [260259114966540661762818048, 718709255220793060317103921), 1790147701562 candidates (MITM path)
  MITM b1=173: s=3 t=3 j=3 je=3 Q=5177717 table=16003008 yh=111864
stage b2=253 vs b1={174}: values [271847743804884990713499397, 770177770297334467043659776), 1900176439769 candidates (MITM path)
  MITM b1=174: s=3 t=3 j=3 je=3 Q=5268024 table=16194277 yh=117337
stage b2=254 vs b1={175}: values [283903589048977364007778304, 825005006849765777587890625), 2015006132226 candidates (MITM path)
  MITM b1=175: s=3 t=3 j=3 je=3 Q=5359375 table=16387064 yh=122964
stage b2=255 vs b1={176}: values [296443535898840969287109375, 883389054245605390183038976), 2134797611805 candidates (MITM path)
  MITM b1=176: s=3 t=3 j=3 je=3 Q=5451776 table=16581375 yh=128747
stage b2=256 vs b1={177}: values [309485009821345068724781056, 945538455146635506591955521), 2259715775656 candidates (MITM path)
  MITM b1=177: s=3 t=3 j=3 je=3 Q=5545233 table=16777216 yh=134690
stage b2=257 vs b1={178}: values [323045991615992848448948993, 1011672693003313726683222016), 2389929656419 candidates (MITM path)
  MITM b1=178: s=3 t=3 j=3 je=3 Q=5639752 table=16974593 yh=140795
stage b2=258 vs b1={179}: values [337145032839390594819950592, 1082022699327332498100696241), 2525612494117 candidates (MITM path)
  MITM b1=179: s=3 t=3 j=3 je=3 Q=5735339 table=17173512 yh=147065
stage b2=259 vs b1={180}: values [351801271595486322734724859, 1156831381426176000000000000), 2666941808741 candidates (MITM path)
  MITM b1=180: s=3 t=3 j=3 je=3 Q=5832000 table=17373979 yh=153503
stage b2=260 vs b1={181}: values [367034448698777600000000000, 1236354171303115835117980561), 2814099473523 candidates (MITM path)
  MITM b1=181: s=3 t=3 j=3 je=3 Q=5929741 table=17576000 yh=160111
stage b2=261 vs b1={182}: values [382864924217801243807760861, 1320859596446125189798629376), 2967271788896 candidates (MITM path)
  MITM b1=182: s=3 t=3 j=3 je=3 Q=6028568 table=17779581 yh=166893
stage b2=262 vs b1={183}: values [399313694406331820719986688, 1410629873249683485564270561), 3126649557148 candidates (MITM path)
  MITM b1=183: s=3 t=3 j=3 je=3 Q=6128487 table=17984728 yh=173851
stage b2=263 vs b1={184}: values [416402409029831470623291287, 1505961523834397662438752256), 3292428157757 candidates (MITM path)
  MITM b1=184: s=3 t=3 j=3 je=3 Q=6229504 table=18191447 yh=180988
stage b2=264 vs b1={185}: values [434153389094810508186353664, 1607166017050789863525390625), 3464807623431 candidates (MITM path)
  MITM b1=185: s=3 t=3 j=3 je=3 Q=6331625 table=18399744 yh=188308
stage b2=265 vs b1={186}: values [452589644988876542822265625, 1714570434475502278801821696), 3643992716825 candidates (MITM path)
  MITM b1=186: s=3 t=3 j=3 je=3 Q=6434856 table=18609625 yh=195813
stage b2=266 vs b1={187}: values [471734895039369510442428416, 1828518162230556187140793681), 3830193007961 candidates (MITM path)
  MITM b1=187: s=3 t=3 j=3 je=3 Q=6539203 table=18821096 yh=203506
stage b2=267 vs b1={188}: values [491613584498601037846604883, 1949369609479181830042157056), 4023622952335 candidates (MITM path)
  MITM b1=188: s=3 t=3 j=3 je=3 Q=6644672 table=19034163 yh=211390

*** MATCH: 1748060333513649790816960800 is an 12-digit palindrome in bases 188 and 267
stage b2=268 vs b1={189}: values [512250904963838973923295232, 2077502954475116767205550321), 4224501969716 candidates (MITM path)
  MITM b1=189: s=3 t=3 j=3 je=3 Q=6751269 table=19248832 yh=219468
stage b2=269 vs b1={190}: values [533672814240301731473788469, 2213314919066161000000000000), 4433054523644 candidates (MITM path)
  MITM b1=190: s=3 t=3 j=3 je=3 Q=6859000 table=19465109 yh=227744
stage b2=270 vs b1={191}: values [555906056655552300000000000, 2357221572577185690065114881), 4649510201619 candidates (MITM path)
  MITM b1=191: s=3 t=3 j=3 je=3 Q=6967871 table=19683000 yh=236220
stage b2=271 vs b1={192}: values [578978183833808423828407471, 2509659166022727122011815936), 4874103795982 candidates (MITM path)
  MITM b1=192: s=3 t=3 j=3 je=3 Q=7077888 table=19902511 yh=244899
stage b2=272 vs b1={193}: values [602917575938813502137827328, 2671084997624767126594464001), 5107075385497 candidates (MITM path)
  MITM b1=193: s=3 t=3 j=3 je=3 Q=7189057 table=20123648 yh=253785
stage b2=273 vs b1={194}: values [627753463394042268515136177, 2841978310637314049208487936), 5348670417624 candidates (MITM path)
  MITM b1=194: s=3 t=3 j=3 je=3 Q=7301384 table=20346417 yh=262881
stage b2=274 vs b1={195}: values [653515949089146258317953024, 3022841224505963164306640625), 5599139791489 candidates (MITM path)
  MITM b1=195: s=3 t=3 j=3 je=3 Q=7414875 table=20570824 yh=272189
stage b2=275 vs b1={196}: values [680236031081676483154296875, 3214199700417740936751087616), 5858739941555 candidates (MITM path)
  MITM b1=196: s=3 t=3 j=3 je=3 Q=7529536 table=20796875 yh=281713
stage b2=276 vs b1={197}: values [707945625803254614013771776, 3416604542324232545384738641), 6127732921982 candidates (MITM path)
  MITM b1=197: s=3 t=3 j=3 je=3 Q=7645373 table=21024576 yh=291456
stage b2=277 vs b1={198}: values [736677591779499338860277773, 3630632434549265533578448896), 6406386491692 candidates (MITM path)
  MITM b1=198: s=3 t=3 j=3 je=3 Q=7762392 table=21253933 yh=301422
stage b2=278 vs b1={199}: values [766465753873151417719887872, 3856887017121283350242637601), 6694974200127 candidates (MITM path)
  MITM b1=199: s=3 t=3 j=3 je=3 Q=7880599 table=21484952 yh=311613
stage b2=279 vs b1={200}: values [797344928059979319406571079, 4096000000000000000000000000), 6993775473708 candidates (MITM path)
  MITM b1=200: s=3 t=3 j=3 je=3 Q=8000000 table=21717639 yh=322033
stage b2=280 vs b1={201}: values [829350946747187200000000000, 4348632317396990233762642401), 7303075702992 candidates (MITM path)
  MITM b1=201: s=3 t=3 j=3 je=3 Q=8120601 table=21952000 yh=332684
stage b2=281 vs b1={202}: values [862520684644188385040795081, 4615475323420547975828279296), 7623166330529 candidates (MITM path)
  MITM b1=202: s=3 t=3 j=3 je=3 Q=8242408 table=22188041 yh=343571
stage b2=282 vs b1={203}: values [896892085195750456196179968, 4897252030306448390395044241), 7954344939415 candidates (MITM path)
  MITM b1=203: s=3 t=3 j=3 je=3 Q=8365427 table=22425768 yh=354697
stage b2=283 vs b1={204}: values [932504187587662529970024067, 5194718390528185623763746816), 8296915342552 candidates (MITM path)
  MITM b1=204: s=3 t=3 j=3 je=3 Q=8489664 table=22665187 yh=366065
stage b2=284 vs b1={205}: values [969397154335221362022416384, 5508664624112838398681640625), 8651187672599 candidates (MITM path)
  MITM b1=205: s=3 t=3 j=3 je=3 Q=8615125 table=22906304 yh=377678
stage b2=285 vs b1={206}: values [1007612299464980527001953125, 5839916592521948960554356736), 9017478472633 candidates (MITM path)
  MITM b1=206: s=3 t=3 j=3 je=3 Q=8741816 table=23149125 yh=389539
stage b2=286 vs b1={207}: values [1047192117300356121695451136, 6189337220490697154402830401), 9396110787507 candidates (MITM path)
  MITM b1=207: s=3 t=3 j=3 je=3 Q=8869743 table=23393656 yh=401653
stage b2=287 vs b1={208}: values [1088180311861833230021357663, 6557827967253220516257857536), 9787414255906 candidates (MITM path)
  MITM b1=208: s=3 t=3 j=3 je=3 Q=8998912 table=23639903 yh=414021
stage b2=288 vs b1={209}: values [1130621826892669783231168512, 6946330348617183160431238081), 10191725203110 candidates (MITM path)
  MITM b1=209: s=3 t=3 j=3 je=3 Q=9129329 table=23887872 yh=426649
stage b2=289 vs b1={210}: values [1174562876521148458974062689, 7355827511386641000000000000), 10609386734458 candidates (MITM path)
  MITM b1=210: s=3 t=3 j=3 je=3 Q=9261000 table=24137569 yh=439539
stage b2=290 vs b1={211}: values [1220050976570582900000000000, 7787345861668898615544483121), 11040748829514 candidates (MITM path)
  MITM b1=211: s=3 t=3 j=3 je=3 Q=9393931 table=24389000 yh=452694
stage b2=291 vs b1={212}: values [1267134976528441808641913691, 8241956748638414149261459456), 11486168436935 candidates (MITM path)
  MITM b1=212: s=3 t=3 j=3 je=3 Q=9528128 table=24642171 yh=466119
stage b2=292 vs b1={213}: values [1315865092186113398284484608, 8720778205368893309992171281), 11946009570041 candidates (MITM path)
  MITM b1=213: s=3 t=3 j=3 je=3 Q=9663597 table=24897088 yh=479816
stage b2=293 vs b1={214}: values [1366292938960993269291344957, 9224976748383532391296208896), 12420643403095 candidates (MITM path)
  MITM b1=214: s=3 t=3 j=3 je=3 Q=9800344 table=25153757 yh=493789
stage b2=294 vs b1={215}: values [1418471565912741035860383744, 9755769237612933691650390625), 12910448368278 candidates (MITM path)
  MITM b1=215: s=3 t=3 j=3 je=3 Q=9938375 table=25412184 yh=508042
stage b2=295 vs b1={216}: values [1472455490465714973583984375, 10314424798490535546171949056), 13415810253372 candidates (MITM path)
  MITM b1=216: s=3 t=3 j=3 je=3 Q=10077696 table=25672375 yh=522578
stage b2=296 vs b1={217}: values [1528300733849759596723306496, 10902266807956484097280908961), 13937122300150 candidates (MITM path)
  MITM b1=217: s=3 t=3 j=3 je=3 Q=10218313 table=25934336 yh=537401
stage b2=297 vs b1={218}: values [1586064857271688421018834553, 11520674946182735813538942976), 14474785303468 candidates (MITM path)
  MITM b1=218: s=3 t=3 j=3 je=3 Q=10360232 table=26198073 yh=552514
stage b2=298 vs b1={219}: values [1645806998829973233948977152, 12171087315874829579909431761), 15029207711061 candidates (MITM path)
  MITM b1=219: s=3 t=3 j=3 je=3 Q=10503459 table=26463592 yh=567921
stage b2=299 vs b1={220}: values [1707587911185321991450053299, 12855002631049216000000000000), 15600805724043 candidates (MITM path)
  MITM b1=220: s=3 t=3 j=3 je=3 Q=10648000 table=26730899 yh=583625
done: 114.83s, 13920206 candidates tested
