A171740 search: n=12, threads=1, limit=none
stage b2=264 vs b1={166}: values [434153389094810508186353664, 437821471697555965584019456), 10834666450 candidates (MITM path)
  MITM b1=166: s=4 t=2 j=2 je=3 Q=27556 table=69696 yh=155457
stage b2=265 vs b1={167}: values [452589644988876542822265625, 470541197898347534873984161), 51835438862 candidates (MITM path)
  MITM b1=167: s=4 t=2 j=2 je=3 Q=27889 table=70225 yh=738134
stage b2=266 vs b1={168}: values [471734895039369510442428416, 505488617542763051300683776), 95286605497 candidates (MITM path)
  MITM b1=168: s=4 t=2 j=2 je=3 Q=28224 table=70756 yh=1346693
stage b2=267 vs b1={169}: values [491613584498601037846604883, 542800770374370512771595361), 141284228929 candidates (MITM path)
  MITM b1=169: s=4 t=2 j=2 je=3 Q=28561 table=71289 yh=1981852
stage b2=268 vs b1={170}: values [512250904963838973923295232, 582622237229761000000000000), 189927131456 candidates (MITM path)
  MITM b1=170: s=4 t=2 j=2 je=3 Q=28900 table=71824 yh=2644341
stage b2=269 vs b1={171}: values [533672814240301731473788469, 625105506678337880602119441), 241316950592 candidates (MITM path)
  MITM b1=171: s=4 t=2 j=2 je=3 Q=29241 table=72361 yh=3334904
stage b2=270 vs b1={172}: values [555906056655552300000000000, 670411357165926452996079616), 295558195195 candidates (MITM path)
  MITM b1=172: s=4 t=2 j=2 je=3 Q=29584 table=72900 yh=4054297
stage b2=271 vs b1={173}: values [578978183833808423828407471, 718709255220793060317103921), 352758302251 candidates (MITM path)
  MITM b1=173: s=4 t=2 j=2 je=3 Q=29929 table=73441 yh=4803289
stage b2=272 vs b1={174}: values [602917575938813502137827328, 770177770297334467043659776), 413027694289 candidates (MITM path)
  MITM b1=174: s=3 t=3 j=3 je=3 Q=5268024 table=20123648 yh=20525
stage b2=273 vs b1={175}: values [627753463394042268515136177, 825005006849765777587890625), 476479837459 candidates (MITM path)
  MITM b1=175: s=3 t=3 j=3 je=3 Q=5359375 table=20346417 yh=23419
stage b2=274 vs b1={176}: values [653515949089146258317953024, 883389054245605390183038976), 543231300248 candidates (MITM path)
  MITM b1=176: s=3 t=3 j=3 je=3 Q=5451776 table=20570824 yh=26408
stage b2=275 vs b1={177}: values [680236031081676483154296875, 945538455146635506591955521), 613401812848 candidates (MITM path)
  MITM b1=177: s=3 t=3 j=3 je=3 Q=5545233 table=20796875 yh=29495
stage b2=276 vs b1={178}: values [707945625803254614013771776, 1011672693003313726683222016), 687114327178 candidates (MITM path)
  MITM b1=178: s=3 t=3 j=3 je=3 Q=5639752 table=21024576 yh=32682
stage b2=277 vs b1={179}: values [736677591779499338860277773, 1082022699327332498100696241), 764495077556 candidates (MITM path)
  MITM b1=179: s=3 t=3 j=3 je=3 Q=5735339 table=21253933 yh=35970
stage b2=278 vs b1={180}: values [766465753873151417719887872, 1156831381426176000000000000), 845673642026 candidates (MITM path)
  MITM b1=180: s=3 t=3 j=3 je=3 Q=5832000 table=21484952 yh=39362
stage b2=279 vs b1={181}: values [797344928059979319406571079, 1236354171303115835117980561), 930783004335 candidates (MITM path)
  MITM b1=181: s=3 t=3 j=3 je=3 Q=5929741 table=21717639 yh=42859
stage b2=280 vs b1={182}: values [829350946747187200000000000, 1320859596446125189798629376), 1019959616575 candidates (MITM path)
  MITM b1=182: s=3 t=3 j=3 je=3 Q=6028568 table=21952000 yh=46464
stage b2=281 vs b1={183}: values [862520684644188385040795081, 1410629873249683485564270561), 1113343462471 candidates (MITM path)
  MITM b1=183: s=3 t=3 j=3 je=3 Q=6128487 table=22188041 yh=50178
stage b2=282 vs b1={184}: values [896892085195750456196179968, 1505961523834397662438752256), 1211078121335 candidates (MITM path)
  MITM b1=184: s=3 t=3 j=3 je=3 Q=6229504 table=22425768 yh=54004
stage b2=283 vs b1={185}: values [932504187587662529970024067, 1607166017050789863525390625), 1313310832676 candidates (MITM path)
  MITM b1=185: s=3 t=3 j=3 je=3 Q=6331625 table=22665187 yh=57944
stage b2=284 vs b1={186}: values [969397154335221362022416384, 1714570434475502278801821696), 1420192561470 candidates (MITM path)
  MITM b1=186: s=3 t=3 j=3 je=3 Q=6434856 table=22906304 yh=62001
stage b2=285 vs b1={187}: values [1007612299464980527001953125, 1828518162230556187140793681), 1531878064091 candidates (MITM path)
  MITM b1=187: s=3 t=3 j=3 je=3 Q=6539203 table=23149125 yh=66175
stage b2=286 vs b1={188}: values [1047192117300356121695451136, 1949369609479181830042157056), 1648525954908 candidates (MITM path)
  MITM b1=188: s=3 t=3 j=3 je=3 Q=6644672 table=23393656 yh=70469

*** MATCH: 1801742124405786431085451521 is an 12-digit palindrome in bases 188 and 286
stage b2=287 vs b1={189}: values [1088180311861833230021357663, 2077502954475116767205550321), 1770298773535 candidates (MITM path)
  MITM b1=189: s=3 t=3 j=3 je=3 Q=6751269 table=23639903 yh=74887
stage b2=288 vs b1={190}: values [1130621826892669783231168512, 2213314919066161000000000000), 1897363052760 candidates (MITM path)
  MITM b1=190: s=3 t=3 j=3 je=3 Q=6859000 table=23887872 yh=79428
stage b2=289 vs b1={191}: values [1174562876521148458974062689, 2357221572577185690065114881), 2029889387126 candidates (MITM path)
  MITM b1=191: s=3 t=3 j=3 je=3 Q=6967871 table=24137569 yh=84097
stage b2=290 vs b1={192}: values [1220050976570582900000000000, 2509659166022727122011815936), 2168052502186 candidates (MITM path)
  MITM b1=192: s=3 t=3 j=3 je=3 Q=7077888 table=24389000 yh=88895
stage b2=291 vs b1={193}: values [1267134976528441808641913691, 2671084997624767126594464001), 2312031324418 candidates (MITM path)
  MITM b1=193: s=3 t=3 j=3 je=3 Q=7189057 table=24642171 yh=93825
stage b2=292 vs b1={194}: values [1315865092186113398284484608, 2841978310637314049208487936), 2462009051819 candidates (MITM path)
  MITM b1=194: s=3 t=3 j=3 je=3 Q=7301384 table=24897088 yh=98888
stage b2=293 vs b1={195}: values [1366292938960993269291344957, 3022841224505963164306640625), 2618173225152 candidates (MITM path)
  MITM b1=195: s=3 t=3 j=3 je=3 Q=7414875 table=25153757 yh=104087

*** MATCH: 1401427204867299632516316900 is an 12-digit palindrome in bases 195 and 293
done: 34.37s, 19962754 candidates tested
