A171740 search: n=12, threads=1, limit=none
stage b2=297 vs b1={185}: values [1586064857271688421018834553, 1607166017050789863525390625), 30744513849 candidates (MITM path)
  MITM b1=185: s=4 t=2 j=2 je=3 Q=34225 table=88209 yh=348542
stage b2=298 vs b1={186}: values [1645806998829973233948977152, 1714570434475502278801821696), 98188354715 candidates (MITM path)
  MITM b1=186: s=4 t=2 j=2 je=3 Q=34596 table=88804 yh=1105675
stage b2=299 vs b1={187}: values [1707587911185321991450053299, 1828518162230556187140793681), 169241873576 candidates (MITM path)
  MITM b1=187: s=4 t=2 j=2 je=3 Q=34969 table=89401 yh=1893065
stage b2=300 vs b1={188}: values [1771470000000000000000000000, 1949369609479181830042157056), 244032386117 candidates (MITM path)
  MITM b1=188: s=4 t=2 j=2 je=3 Q=35344 table=90000 yh=2711471
stage b2=301 vs b1={189}: values [1837517363158923337459953301, 2077502954475116767205550321), 322690510410 candidates (MITM path)
  MITM b1=189: s=4 t=2 j=2 je=3 Q=35721 table=90601 yh=3561667
stage b2=302 vs b1={190}: values [1905795830785729527017781248, 2213314919066161000000000000), 405350227101 candidates (MITM path)
  MITM b1=190: s=4 t=2 j=2 je=3 Q=36100 table=91204 yh=4444435
stage b2=303 vs b1={191}: values [1976373006067208317880888847, 2357221572577185690065114881), 492148940239 candidates (MITM path)
  MITM b1=191: s=4 t=2 j=2 je=3 Q=36481 table=91809 yh=5360575
stage b2=304 vs b1={192}: values [2049318306899655055957295104, 2509659166022727122011815936), 583227538744 candidates (MITM path)
  MITM b1=192: s=4 t=2 j=2 je=3 Q=36864 table=92416 yh=6310894
stage b2=305 vs b1={193}: values [2124703008370890559619140625, 2671084997624767126594464001), 678730458503 candidates (MITM path)
  MITM b1=193: s=3 t=3 j=3 je=3 Q=7189057 table=28372625 yh=23923
stage b2=306 vs b1={194}: values [2202600286091874661776377856, 2841978310637314049208487936), 778805745124 candidates (MITM path)
  MITM b1=194: s=3 t=3 j=3 je=3 Q=7301384 table=28652616 yh=27181
stage b2=307 vs b1={195}: values [2283085260392025651955298443, 3022841224505963164306640625), 883605117320 candidates (MITM path)
  MITM b1=195: s=3 t=3 j=3 je=3 Q=7414875 table=28934443 yh=30539
stage b2=308 vs b1={196}: values [2366235041392544762971553792, 3214199700417740936751087616), 993284030938 candidates (MITM path)
  MITM b1=196: s=3 t=3 j=3 je=3 Q=7529536 table=29218112 yh=33996
stage b2=309 vs b1={197}: values [2452128774972233608245132909, 3416604542324232545384738641), 1108001743636 candidates (MITM path)
  MITM b1=197: s=3 t=3 j=3 je=3 Q=7645373 table=29503629 yh=37555
stage b2=310 vs b1={198}: values [2540847689640483100000000000, 3630632434549265533578448896), 1227921380204 candidates (MITM path)
  MITM b1=198: s=3 t=3 j=3 je=3 Q=7762392 table=29791000 yh=41218

*** MATCH: 3518578953105410762705649791 is an 12-digit palindrome in bases 198 and 310
stage b2=311 vs b1={199}: values [2632475144332304877738303911, 3856887017121283350242637601), 1353209998528 candidates (MITM path)
  MITM b1=199: s=3 t=3 j=3 je=3 Q=7880599 table=30080231 yh=44987
stage b2=312 vs b1={200}: values [2727096677140470662732709888, 4096000000000000000000000000), 1484038656209 candidates (MITM path)
  MITM b1=200: s=3 t=3 j=3 je=3 Q=8000000 table=30371328 yh=48864
stage b2=313 vs b1={201}: values [2824800055000021240134845737, 4348632317396990233762642401), 1620582477825 candidates (MITM path)
  MITM b1=201: s=3 t=3 j=3 je=3 Q=8120601 table=30664297 yh=52850
stage b2=314 vs b1={202}: values [2925675324340604967987390464, 4615475323420547975828279296), 1763020722843 candidates (MITM path)
  MITM b1=202: s=3 t=3 j=3 je=3 Q=8242408 table=30959144 yh=56947
stage b2=315 vs b1={203}: values [3029814862722305834326171875, 4897252030306448390395044241), 1911536854188 candidates (MITM path)
  MITM b1=203: s=3 t=3 j=3 je=3 Q=8365427 table=31255875 yh=61158
stage b2=316 vs b1={204}: values [3137313431470823142080905216, 5194718390528185623763746816), 2066318607457 candidates (MITM path)
  MITM b1=204: s=3 t=3 j=3 je=3 Q=8489664 table=31554496 yh=65485
stage b2=317 vs b1={205}: values [3248268229328068909082939333, 5508664624112838398681640625), 2227558060791 candidates (MITM path)
  MITM b1=205: s=3 t=3 j=3 je=3 Q=8615125 table=31855013 yh=69929
stage b2=318 vs b1={206}: values [3362778947134455039659538432, 5839916592521948960554356736), 2395451705399 candidates (MITM path)
  MITM b1=206: s=3 t=3 j=3 je=3 Q=8741816 table=32157432 yh=74492
stage b2=319 vs b1={207}: values [3480947823559350267570691519, 6189337220490697154402830401), 2570200516738 candidates (MITM path)
  MITM b1=207: s=3 t=3 j=3 je=3 Q=8869743 table=32461759 yh=79177
done: 31.07s, 26073645 candidates tested
