A171740 search: n=12, threads=1, limit=none
stage b2=359 vs b1={220}: values [12765532462721932175857515959, 12855002631049216000000000000), 41793771403 candidates (MITM path)
  MITM b1=220: s=4 t=2 j=2 je=3 Q=48400 table=128881 yh=324282
stage b2=360 vs b1={221}: values [13162170384226713600000000000, 13573982477229290545823357041), 189183863813 candidates (MITM path)
  MITM b1=221: s=4 t=2 j=2 je=3 Q=48841 table=129600 yh=1459753
stage b2=361 vs b1={222}: values [13569980418174090907801371961, 14329653645048357641297596416), 343228711076 candidates (MITM path)
  MITM b1=222: s=4 t=2 j=2 je=3 Q=49284 table=130321 yh=2633718
stage b2=362 vs b1={223}: values [13989244988004316189622233088, 15123710539293666054338805121), 504126920649 candidates (MITM path)
  MITM b1=223: s=4 t=2 j=2 je=3 Q=49729 table=131044 yh=3847005
stage b2=363 vs b1={224}: values [14420252845630503161941475187, 15957917665472413585874354176), 672081479988 candidates (MITM path)
  MITM b1=224: s=4 t=2 j=2 je=3 Q=50176 table=131769 yh=5100453
stage b2=364 vs b1={225}: values [14863299195173980157734027264, 16834112196028232574462890625), 847299824841 candidates (MITM path)
  MITM b1=225: s=4 t=2 j=2 je=3 Q=50625 table=132496 yh=6394909
stage b2=365 vs b1={226}: values [15318685818767563885595703125, 17754206618385148880104984576), 1029993908172 candidates (MITM path)
  MITM b1=226: s=4 t=2 j=2 je=3 Q=51076 table=133225 yh=7731236
stage b2=366 vs b1={227}: values [15786721204455474199101782016, 18720191467045367574023614321), 1220380269705 candidates (MITM path)
  MITM b1=227: s=4 t=2 j=2 je=3 Q=51529 table=133956 yh=9110307
stage b2=367 vs b1={228}: values [16267720676218928340423448783, 19734138142017490453021065216), 1418680106103 candidates (MITM path)
  MITM b1=228: s=4 t=2 j=2 je=3 Q=51984 table=134689 yh=10533007
stage b2=368 vs b1={229}: values [16762006526156773981926981632, 20798201815902925734870098641), 1625119341766 candidates (MITM path)
  MITM b1=229: s=4 t=2 j=2 je=3 Q=52441 table=135424 yh=12000232
stage b2=369 vs b1={230}: values [17269908148850843900874319569, 21914624432020321000000000000), 1839928700273 candidates (MITM path)
  MITM b1=230: s=3 t=3 j=3 je=3 Q=12167000 table=50243409 yh=36621
stage b2=370 vs b1={231}: values [17791762177946041300000000000, 23085737796000848857434784161), 2063343776439 candidates (MITM path)
  MITM b1=231: s=3 t=3 j=3 je=3 Q=12326391 table=50653000 yh=40735
stage b2=371 vs b1={232}: values [18327912624975493645267978571, 24313966763341113270967730176), 2295605109019 candidates (MITM path)
  MITM b1=232: s=3 t=3 j=3 je=3 Q=12487168 table=51064811 yh=44955
stage b2=372 vs b1={233}: values [18878711020461444446161993728, 25601832525455335435322705761), 2536958254035 candidates (MITM path)
  MITM b1=233: s=3 t=3 j=3 je=3 Q=12649337 table=51478848 yh=49282
stage b2=373 vs b1={234}: values [19444516557322886668124300077, 26951955996824334101419462656), 2787653858742 candidates (MITM path)
  MITM b1=234: s=3 t=3 j=3 je=3 Q=12812904 table=51895117 yh=53718
stage b2=374 vs b1={235}: values [20025696236621278455959066624, 28367061305895648984619140625), 3047947736231 candidates (MITM path)
  MITM b1=235: s=3 t=3 j=3 je=3 Q=12977875 table=52313624 yh=58263
stage b2=375 vs b1={236}: values [20622625015676021575927734375, 29849979392446980130179383296), 3318100940665 candidates (MITM path)
  MITM b1=236: s=3 t=3 j=3 je=3 Q=13144256 table=52734375 yh=62922
stage b2=376 vs b1={237}: values [21235685958581725467693285376, 31403651714183943747186386481), 3598379843152 candidates (MITM path)
  MITM b1=237: s=3 t=3 j=3 je=3 Q=13312053 table=53157376 yh=67693
stage b2=377 vs b1={238}: values [21865270389159625050067741673, 33031134065402989058412384256), 3889056208264 candidates (MITM path)
  MITM b1=238: s=3 t=3 j=3 je=3 Q=13481272 table=53582633 yh=72581
stage b2=378 vs b1={239}: values [22511778046375868461571254272, 34735600510611194263176918721), 4190407271187 candidates (MITM path)
  MITM b1=239: s=3 t=3 j=3 je=3 Q=13651919 table=54010152 yh=77586
stage b2=379 vs b1={240}: values [23175617242259741753050742179, 36520347436056576000000000000), 4502715815516 candidates (MITM path)
  MITM b1=240: s=3 t=3 j=3 je=3 Q=13824000 table=54439939 yh=82710

*** MATCH: 27442594939226294276092243860 is an 12-digit palindrome in bases 240 and 379
stage b2=380 vs b1={241}: values [23857205022355251200000000000, 38388797722185519065061084481), 4826270251691 candidates (MITM path)
  MITM b1=241: s=3 t=3 j=3 je=3 Q=13997521 table=54872000 yh=87956
stage b2=381 vs b1={242}: values [24556967328739840381780226181, 40344505040107975043939700736), 5161364696076 candidates (MITM path)
  MITM b1=242: s=3 t=3 j=3 je=3 Q=14172488 table=55306341 yh=93324
stage b2=382 vs b1={243}: values [25275339165644378498708666368, 42391158275216203514294433201), 5508299050683 candidates (MITM path)
  MITM b1=243: s=3 t=3 j=3 je=3 Q=14348907 table=55742968 yh=98817
stage b2=383 vs b1={244}: values [26012764767708918581052067967, 44532586081169051256761614336), 5867379083536 candidates (MITM path)
  MITM b1=244: s=3 t=3 j=3 je=3 Q=14526784 table=56181887 yh=104436
stage b2=384 vs b1={245}: values [26769697770909089301459369984, 46772761567521097265869140625), 6238916509687 candidates (MITM path)
  MITM b1=245: s=3 t=3 j=3 je=3 Q=14706125 table=56623104 yh=110184
done: 69.68s, 59788748 candidates tested
