A171740 search: n=12, threads=1, limit=none
stage b2=217 vs b1={139}: values [50240860866158912890695433, 52020869037289085480011921), 17047613590 candidates (MITM path)
  MITM b1=139: s=4 t=2 j=2 je=3 Q=19321 table=47089 yh=362030
stage b2=218 vs b1={140}: values [52847132780654751438252032, 56693912375296000000000000), 35839202907 candidates (MITM path)
  MITM b1=140: s=4 t=2 j=2 je=3 Q=19600 table=47524 yh=754129
stage b2=219 vs b1={141}: values [55575741168378217259860419, 61748917974902741368975281), 55955660534 candidates (MITM path)
  MITM b1=141: s=4 t=2 j=2 je=3 Q=19881 table=47961 yh=1166691
stage b2=220 vs b1={142}: values [58431830141132800000000000, 67214060505664762405851136), 77458438883 candidates (MITM path)
  MITM b1=142: s=4 t=2 j=2 je=3 Q=20164 table=48400 yh=1600381
stage b2=221 vs b1={143}: values [61420735191082762650784421, 73119371471655725294164801), 100411070347 candidates (MITM path)
  MITM b1=143: s=4 t=2 j=2 je=3 Q=20449 table=48841 yh=2055877
stage b2=222 vs b1={144}: values [64547989392109719104944128, 79496847203390844133441536), 124879216232 candidates (MITM path)
  MITM b1=144: s=4 t=2 j=2 je=3 Q=20736 table=49284 yh=2533870
stage b2=223 vs b1={145}: values [67819329772617336566541727, 86380562306022715087890625), 150930716343 candidates (MITM path)
  MITM b1=145: s=3 t=3 j=3 je=3 Q=3048625 table=11089567 yh=13611
stage b2=224 vs b1={146}: values [71240703863716132079796224, 93806788798424099682390016), 178635639236 candidates (MITM path)
  MITM b1=146: s=3 t=3 j=3 je=3 Q=3112136 table=11239424 yh=15894
stage b2=225 vs b1={147}: values [74818276426792144775390625, 101814121186119595835681841), 208066333110 candidates (MITM path)
  MITM b1=147: s=3 t=3 j=3 je=3 Q=3176523 table=11390625 yh=18267
stage b2=226 vs b1={148}: values [78558436364536056991614976, 110443607719611533356957696), 239297477379 candidates (MITM path)
  MITM b1=148: s=3 t=3 j=3 je=3 Q=3241792 table=11543176 yh=20731
stage b2=227 vs b1={149}: values [82467803819583117066183323, 119738888098469732352733201), 272406134886 candidates (MITM path)
  MITM b1=149: s=3 t=3 j=3 je=3 Q=3307949 table=11697083 yh=23289
stage b2=228 vs b1={150}: values [86553237464988993215004672, 129746337890625000000000000), 307471804792 candidates (MITM path)
  MITM b1=150: s=3 t=3 j=3 je=3 Q=3375000 table=11852352 yh=25942
stage b2=229 vs b1={151}: values [90821841990842470457948029, 140515219945627518837736801), 344576476123 candidates (MITM path)
  MITM b1=151: s=3 t=3 j=3 je=3 Q=3442951 table=12008989 yh=28694

*** MATCH: 103808730848618795991631560 is an 12-digit palindrome in bases 151 and 229
stage b2=230 vs b1={152}: values [95280975791392700000000000, 152097843090208773684330496), 383804681977 candidates (MITM path)
  MITM b1=152: s=3 t=3 j=3 je=3 Q=3511808 table=12167000 yh=31545
stage b2=231 vs b1={153}: values [99938258857146531850367031, 164549728404324620728411041), 425243554409 candidates (MITM path)
  MITM b1=153: s=3 t=3 j=3 je=3 Q=3581577 table=12326391 yh=34499
done: 6.69s, 8605013 candidates tested
