A171740 search: n=12, threads=1, limit=none
stage b2=380 vs b1={232}: values [23857205022355251200000000000, 24313966763341113270967730176), 151700893919 candidates (MITM path)
  MITM b1=232: s=4 t=2 j=2 je=3 Q=53824 table=144400 yh=1050561
stage b2=381 vs b1={233}: values [24556967328739840381780226181, 25601832525455335435322705761), 341594138180 candidates (MITM path)
  MITM b1=233: s=4 t=2 j=2 je=3 Q=54289 table=145161 yh=2353209
stage b2=382 vs b1={234}: values [25275339165644378498708666368, 26951955996824334101419462656), 539577267114 candidates (MITM path)
  MITM b1=234: s=4 t=2 j=2 je=3 Q=54756 table=145924 yh=3697660
stage b2=383 vs b1={235}: values [26012764767708918581052067967, 28367061305895648984619140625), 745879240993 candidates (MITM path)
  MITM b1=235: s=4 t=2 j=2 je=3 Q=55225 table=146689 yh=5084767
stage b2=384 vs b1={236}: values [26769697770909089301459369984, 29849979392446980130179383296), 960733818504 candidates (MITM path)
  MITM b1=236: s=4 t=2 j=2 je=3 Q=55696 table=147456 yh=6515394
stage b2=385 vs b1={237}: values [27546601386188352049462890625, 31403651714183943747186386481), 1184379627977 candidates (MITM path)
  MITM b1=237: s=4 t=2 j=2 je=3 Q=56169 table=148225 yh=7990418
stage b2=386 vs b1={238}: values [28343948575831725778577524736, 33031134065402989058412384256), 1417060239227 candidates (MITM path)
  MITM b1=238: s=4 t=2 j=2 je=3 Q=56644 table=148996 yh=9510727
stage b2=387 vs b1={239}: values [29162222232616955908481341563, 34735600510611194263176918721), 1659024236032 candidates (MITM path)
  MITM b1=239: s=4 t=2 j=2 je=3 Q=57121 table=149769 yh=11077221
stage b2=388 vs b1={240}: values [30001915361779480272056614912, 36520347436056576000000000000), 1910525289226 candidates (MITM path)
  MITM b1=240: s=4 t=2 j=2 je=3 Q=57600 table=150544 yh=12690810
stage b2=389 vs b1={241}: values [30863531265827924755035773789, 38388797722185519065061084481), 2171822230420 candidates (MITM path)
  MITM b1=241: s=4 t=2 j=2 je=3 Q=58081 table=151321 yh=14352418
stage b2=390 vs b1={242}: values [31747583732247243900000000000, 40344505040107975043939700736), 2443179126354 candidates (MITM path)
  MITM b1=242: s=3 t=3 j=3 je=3 Q=14172488 table=59319000 yh=41188
stage b2=391 vs b1={243}: values [32654597224127007351927104791, 42391158275216203514294433201), 2724865353870 candidates (MITM path)
  MITM b1=243: s=3 t=3 j=3 je=3 Q=14348907 table=59776471 yh=45585
stage b2=392 vs b1={244}: values [33585107073752721624827691008, 44532586081169051256761614336), 3017155675526 candidates (MITM path)
  MITM b1=244: s=3 t=3 j=3 je=3 Q=14526784 table=60236288 yh=50089
stage b2=393 vs b1={245}: values [34539659679198468283732168857, 46772761567521097265869140625), 3320330315826 candidates (MITM path)
  MITM b1=245: s=3 t=3 j=3 je=3 Q=14706125 table=60698457 yh=54703
stage b2=394 vs b1={246}: values [35518812703959534278923577344, 49115807124344448192809865216), 3634675038092 candidates (MITM path)
  MITM b1=246: s=3 t=3 j=3 je=3 Q=14886936 table=61162984 yh=59427
stage b2=395 vs b1={247}: values [36523135279664107855419921875, 51565999387260564203827465441), 3960481221966 candidates (MITM path)
  MITM b1=247: s=3 t=3 j=3 je=3 Q=15069223 table=61629875 yh=64263
stage b2=396 vs b1={248}: values [37553208211903514205902340096, 54127774346370243244217860096), 4298045941540 candidates (MITM path)
  MITM b1=248: s=3 t=3 j=3 je=3 Q=15252992 table=62099136 yh=69213
stage b2=397 vs b1={249}: values [38609624189220868855209238453, 56805732602641806617660372001), 4647672044130 candidates (MITM path)
  MITM b1=249: s=3 t=3 j=3 je=3 Q=15438249 table=62570773 yh=74279
stage b2=398 vs b1={250}: values [39692987995298433674858903552, 59604644775390625000000000000), 5009668229681 candidates (MITM path)
  MITM b1=250: s=3 t=3 j=3 je=3 Q=15625000 table=63044792 yh=79463
stage b2=399 vs b1={251}: values [40803916724384370442551204399, 62529457064557415999535378001), 5384349130801 candidates (MITM path)
  MITM b1=251: s=3 t=3 j=3 je=3 Q=15813251 table=63521199 yh=84765
stage b2=400 vs b1={252}: values [41943040000000000000000000000, 65585296971568246764230148096), 5772035393450 candidates (MITM path)
  MITM b1=252: s=3 t=3 j=3 je=3 Q=16003008 table=64000000 yh=90189
stage b2=401 vs b1={253}: values [43111000196969091338568804401, 68777479182635902650515347441), 6173053758247 candidates (MITM path)
  MITM b1=253: s=3 t=3 j=3 je=3 Q=16194277 table=64481201 yh=95735
stage b2=402 vs b1={254}: values [44308452666811124371870107648, 72111511618440250457975689216), 6587737142435 candidates (MITM path)
  MITM b1=254: s=3 t=3 j=3 je=3 Q=16387064 table=64964808 yh=101405
stage b2=403 vs b1={255}: values [45536065966540892753630392747, 75593101654204447168212890625), 7016424722473 candidates (MITM path)
  MITM b1=255: s=3 t=3 j=3 je=3 Q=16581375 table=65450827 yh=107202
stage b2=404 vs b1={256}: values [46794522090917238883645128704, 79228162514264337593543950336), 7459462017276 candidates (MITM path)
  MITM b1=256: s=3 t=3 j=3 je=3 Q=16777216 table=65939264 yh=113127
stage b2=405 vs b1={257}: values [48084516708184142230517578125, 83022819845310162051379891201), 7917200972097 candidates (MITM path)
  MITM b1=257: s=3 t=3 j=3 je=3 Q=16974593 table=66430125 yh=119181
stage b2=406 vs b1={258}: values [49406759399347814303098771456, 86983418472562773463547252736), 8390000043046 candidates (MITM path)
  MITM b1=258: s=3 t=3 j=3 je=3 Q=17173512 table=66923416 yh=125368
stage b2=407 vs b1={259}: values [50761973901033889039170022343, 91116529343230957588293738481), 8878224282265 candidates (MITM path)
  MITM b1=259: s=3 t=3 j=3 je=3 Q=17373979 table=67419143 yh=131687
stage b2=408 vs b1={260}: values [52150898351969236066020360192, 95428956661682176000000000000), 9382245423734 candidates (MITM path)
  MITM b1=260: s=3 t=3 j=3 je=3 Q=17576000 table=67917312 yh=138143
stage b2=409 vs b1={261}: values [53574285543133366239295624009, 99927745220846124633825584721), 9902441969734 candidates (MITM path)
  MITM b1=261: s=3 t=3 j=3 je=3 Q=17779581 table=68417929 yh=144735
stage b2=410 vs b1={262}: values [55032903171624844100000000000, 104620187934458937028636512256), 10439199277950 candidates (MITM path)
  MITM b1=262: s=3 t=3 j=3 je=3 Q=17984728 table=68921000 yh=151467
stage b2=411 vs b1={263}: values [56527534098288570421020715011, 109513833574845676773925608481), 10992909649228 candidates (MITM path)
  MITM b1=263: s=3 t=3 j=3 je=3 Q=18191447 table=69426531 yh=158339
stage b2=412 vs b1={264}: values [58058976609150249860268556288, 114616494721029974161197367296), 11563972415967 candidates (MITM path)
  MITM b1=264: s=3 t=3 j=3 je=3 Q=18399744 table=69934528 yh=165355
stage b2=413 vs b1={265}: values [59628044680704813913766929637, 119936255922052283847900390625), 12152794031182 candidates (MITM path)
  MITM b1=265: s=3 t=3 j=3 je=3 Q=18609625 table=70444997 yh=172515
stage b2=414 vs b1={266}: values [61235568249106027885106264064, 125481482080472289777685958656), 12759788158193 candidates (MITM path)
  MITM b1=266: s=3 t=3 j=3 je=3 Q=18821096 table=70957944 yh=179822
stage b2=415 vs b1={267}: values [62882393483304972473974609375, 131260827061126477105043503761), 13385375760985 candidates (MITM path)
  MITM b1=267: s=3 t=3 j=3 je=3 Q=19034163 table=71473375 yh=187278
stage b2=416 vs b1={268}: values [64569383062185555852385058816, 137283242530308845011443122176), 14029985195205 candidates (MITM path)
  MITM b1=268: s=3 t=3 j=3 je=3 Q=19248832 table=71991296 yh=194885
stage b2=417 vs b1={269}: values [66297416455745680759191883233, 143557987030641165766449098161), 14694052299822 candidates (MITM path)
  MITM b1=269: s=3 t=3 j=3 je=3 Q=19465109 table=72511713 yh=202644
stage b2=418 vs b1={270}: values [68067390210373163218005624832, 150094635296999121000000000000), 15378020489434 candidates (MITM path)
  MITM b1=270: s=3 t=3 j=3 je=3 Q=19683000 table=73034632 yh=210558
stage b2=419 vs b1={271}: values [69880218238265974987208422619, 156903087818962082857498424641), 16082340847228 candidates (MITM path)
  MITM b1=271: s=3 t=3 j=3 je=3 Q=19902511 table=73560059 yh=218629
stage b2=420 vs b1={272}: values [71736832111046860800000000000, 163993580655357272581489033216), 16807472218604 candidates (MITM path)
  MITM b1=272: s=3 t=3 j=3 je=3 Q=20123648 table=74088000 yh=226859
stage b2=421 vs b1={273}: values [73638181357622863863877426621, 171376695506573539304632176321), 17553881305441 candidates (MITM path)
  MITM b1=273: s=3 t=3 j=3 je=3 Q=20346417 table=74618461 yh=235249
stage b2=422 vs b1={274}: values [75585233766340778979313276928, 179063370050426074779119128576), 18322042761032 candidates (MITM path)
  MITM b1=274: s=3 t=3 j=3 je=3 Q=20570824 table=75151448 yh=243802
stage b2=423 vs b1={275}: values [77578975691490042023332369527, 187064908547461032867431640625), 19112439285667 candidates (MITM path)
  MITM b1=275: s=3 t=3 j=3 je=3 Q=20796875 table=75686967 yh=252520
stage b2=424 vs b1={276}: values [79620412364205057441922023424, 195392992721698273467801010176), 19925561722880 candidates (MITM path)
  MITM b1=276: s=3 t=3 j=3 je=3 Q=21024576 table=76225024 yh=261405
stage b2=425 vs b1={277}: values [81710568207819461822509765625, 204059692922921316864296943121), 20761909156347 candidates (MITM path)
  MITM b1=277: s=3 t=3 j=3 je=3 Q=21253933 table=76765625 yh=270459
stage b2=426 vs b1={278}: values [83850487157725321590910642176, 213077479576736094126128828416), 21621989007454 candidates (MITM path)
  MITM b1=278: s=3 t=3 j=3 je=3 Q=21484952 table=77308776 yh=279684
stage b2=427 vs b1={279}: values [86041232985790766413028611123, 222459234928734230114433331041), 22506317133513 candidates (MITM path)
  MITM b1=279: s=3 t=3 j=3 je=3 Q=21717639 table=77854483 yh=289082
stage b2=428 vs b1={280}: values [88283889629390066997077737472, 232218265089212416000000000000), 23415417926646 candidates (MITM path)
  MITM b1=280: s=3 t=3 j=3 je=3 Q=21952000 table=78402752 yh=298656
stage b2=429 vs b1={281}: values [90579561525100676704093790229, 242368312385016936196463417761), 24349824413331 candidates (MITM path)
  MITM b1=281: s=3 t=3 j=3 je=3 Q=22188041 table=78953589 yh=308407
stage b2=430 vs b1={282}: values [92929373947122270700000000000, 252923568025201628647322750976), 25310078354603 candidates (MITM path)
  MITM b1=282: s=3 t=3 j=3 je=3 Q=22425768 table=79507000 yh=318338
stage b2=431 vs b1={283}: values [95334473350473334338476729231, 263898685087308495981516810961), 26296730346926 candidates (MITM path)
  MITM b1=283: s=3 t=3 j=3 je=3 Q=22665187 table=80062991 yh=328451
stage b2=432 vs b1={284}: values [97796027719021374067408109568, 275308791831202866814366253056), 27310339923722 candidates (MITM path)
  MITM b1=284: s=3 t=3 j=3 je=3 Q=22906304 table=80621568 yh=338748
stage b2=433 vs b1={285}: values [100315226918403349419823702417, 287169505347519450195556640625), 28351475657564 candidates (MITM path)
  MITM b1=285: s=3 t=3 j=3 je=3 Q=23149125 table=81182737 yh=349231
stage b2=434 vs b1={286}: values [102893283053893453600144246784, 299496945547901850804899024896), 29420715263039 candidates (MITM path)
  MITM b1=286: s=3 t=3 j=3 je=3 Q=23393656 table=81746504 yh=359902
stage b2=435 vs b1={287}: values [105531430833275902825341796875, 312307749504346137016129649281), 30518645700272 candidates (MITM path)
  MITM b1=287: s=3 t=3 j=3 je=3 Q=23639903 table=82312875 yh=370764
stage b2=436 vs b1={288}: values [108230927934780930945540161536, 325619086145088897570576531456), 31645863279116 candidates (MITM path)
  MITM b1=288: s=3 t=3 j=3 je=3 Q=23887872 table=82881856 yh=381819
stage b2=437 vs b1={289}: values [110993055380142725966855596013, 339448671314611904643504117121), 32802973764006 candidates (MITM path)
  MITM b1=289: s=3 t=3 j=3 je=3 Q=24137569 table=83453453 yh=393070
stage b2=438 vs b1={290}: values [113819117912838588948194138112, 353814783205469041000000000000), 33990592479489 candidates (MITM path)
  MITM b1=290: s=3 t=3 j=3 je=3 Q=24389000 table=84027672 yh=404517
stage b2=439 vs b1={291}: values [116710444381569143360604716839, 368736278169776566314796884081), 35209344416409 candidates (MITM path)
  MITM b1=291: s=3 t=3 j=3 je=3 Q=24642171 table=84604519 yh=416164
stage b2=440 vs b1={292}: values [119668388129039974400000000000, 384232606918345112299069505536), 36459864338772 candidates (MITM path)
  MITM b1=292: s=3 t=3 j=3 je=3 Q=24897088 table=85184000 yh=428014
stage b2=441 vs b1={293}: values [122694327386105632949003612841, 400323831115571027902364072401), 37742796891268 candidates (MITM path)
  MITM b1=293: s=3 t=3 j=3 je=3 Q=25153757 table=85766121 yh=440067
stage b2=442 vs b1={294}: values [125789665671337497908806494208, 417030640378345864542952820736), 39058796707478 candidates (MITM path)
  MITM b1=294: s=3 t=3 j=3 je=3 Q=25412184 table=86350888 yh=452327
stage b2=443 vs b1={295}: values [128955832196077553484700318307, 434374369687385917207275390625), 40408528518731 candidates (MITM path)
  MITM b1=295: s=3 t=3 j=3 je=3 Q=25672375 table=86938307 yh=464796

*** MATCH: 135261735592596785474422455096 is an 12-digit palindrome in bases 295 and 443
stage b2=444 vs b1={296}: values [132194282275040704726925574144, 452377017219528840630098722816), 41792667263652 candidates (MITM path)
  MITM b1=296: s=3 t=3 j=3 je=3 Q=25934336 table=87528384 yh=477476
done: 407.98s, 85616131 candidates tested
