A171740 search: n=12, threads=1, limit=none
stage b2=209 vs b1={134}: values [33236030376158771102541809, 33516416633376182864121856), 3364178313 candidates (MITM path)
  MITM b1=134: s=4 t=2 j=2 je=3 Q=17956 table=43681 yh=77017
stage b2=210 vs b1={135}: values [35027750054222100000000000, 36644198070556426025390625), 18847162464 candidates (MITM path)
  MITM b1=135: s=4 t=2 j=2 je=3 Q=18225 table=44100 yh=427374
stage b2=211 vs b1={136}: values [36906852424971083485992811, 40037495277186834126340096), 35476338801 candidates (MITM path)
  MITM b1=136: s=4 t=2 j=2 je=3 Q=18496 table=44521 yh=796846
stage b2=212 vs b1={137}: values [38877154474709500704063488, 43716643078717303412870881), 53307007840 candidates (MITM path)
  MITM b1=137: s=4 t=2 j=2 je=3 Q=18769 table=44944 yh=1186077
stage b2=213 vs b1={138}: values [40942620682483067183061837, 47703367363695867545849856), 72396412019 candidates (MITM path)
  MITM b1=138: s=4 t=2 j=2 je=3 Q=19044 table=45369 yh=1595725
stage b2=214 vs b1={139}: values [43107367983100618650916864, 52020869037289085480011921), 92803783039 candidates (MITM path)
  MITM b1=139: s=4 t=2 j=2 je=3 Q=19321 table=45796 yh=2026461
stage b2=215 vs b1={140}: values [45375670872618296240234375, 56693912375296000000000000), 114590389851 candidates (MITM path)
  MITM b1=140: s=4 t=2 j=2 je=3 Q=19600 table=46225 yh=2478971
stage b2=216 vs b1={141}: values [47751966659678405306351616, 61748917974902741368975281), 137819587310 candidates (MITM path)
  MITM b1=141: s=3 t=3 j=3 je=3 Q=2803221 table=10077696 yh=13676
stage b2=217 vs b1={142}: values [50240860866158912890695433, 67214060505664762405851136), 162556865479 candidates (MITM path)
  MITM b1=142: s=3 t=3 j=3 je=3 Q=2863288 table=10218313 yh=15909
stage b2=218 vs b1={143}: values [52847132780654751438252032, 73119371471655725294164801), 188869899596 candidates (MITM path)
  MITM b1=143: s=3 t=3 j=3 je=3 Q=2924207 table=10360232 yh=18231
stage b2=219 vs b1={144}: values [55575741168378217259860419, 79496847203390844133441536), 216828600708 candidates (MITM path)
  MITM b1=144: s=3 t=3 j=3 je=3 Q=2985984 table=10503459 yh=20644

*** MATCH: 55605704961929847168424420 is an 12-digit palindrome in bases 144 and 219
done: 2.47s, 8636313 candidates tested
