A171740 search: n=12, threads=1, limit=none
stage b2=348 vs b1={214}: values [9065080882580120623594340352, 9224976748383532391296208896), 90024718344 candidates (MITM path)
  MITM b1=214: s=4 t=2 j=2 je=3 Q=45796 table=121104 yh=743368
stage b2=349 vs b1={215}: values [9355773444073799096880141349, 9755769237612933691650390625), 221361894212 candidates (MITM path)
  MITM b1=215: s=4 t=2 j=2 je=3 Q=46225 table=121801 yh=1817407
stage b2=350 vs b1={216}: values [9654915737304687500000000000, 10314424798490535546171949056), 358767009630 candidates (MITM path)
  MITM b1=216: s=4 t=2 j=2 je=3 Q=46656 table=122500 yh=2928711
stage b2=351 vs b1={217}: values [9962728175433694563518616351, 10902266807956484097280908961), 502425812604 candidates (MITM path)
  MITM b1=217: s=4 t=2 j=2 je=3 Q=47089 table=123201 yh=4078099
stage b2=352 vs b1={218}: values [10279436267585226358493544448, 11520674946182735813538942976), 652528251562 candidates (MITM path)
  MITM b1=218: s=4 t=2 j=2 je=3 Q=47524 table=123904 yh=5266402
stage b2=353 vs b1={219}: values [10605270721642531610378603297, 12171087315874829579909431761), 809268542435 candidates (MITM path)
  MITM b1=219: s=4 t=2 j=2 je=3 Q=47961 table=124609 yh=6494464
stage b2=354 vs b1={220}: values [10940467548815308008476411904, 12855002631049216000000000000), 972845236383 candidates (MITM path)
  MITM b1=220: s=4 t=2 j=2 je=3 Q=48400 table=125316 yh=7763137
stage b2=355 vs b1={221}: values [11285268170004959241748046875, 13573982477229290545823357041), 1143461288132 candidates (MITM path)
  MITM b1=221: s=4 t=2 j=2 je=3 Q=48841 table=126025 yh=9073290
stage b2=356 vs b1={222}: values [11639919523993182653074374656, 14329653645048357641297596416), 1321324124956 candidates (MITM path)
  MITM b1=222: s=4 t=2 j=2 je=3 Q=49284 table=126736 yh=10425800
stage b2=357 vs b1={223}: values [12004674177479860045321072893, 15123710539293666054338805121), 1506645716279 candidates (MITM path)
  MITM b1=223: s=3 t=3 j=3 je=3 Q=11089567 table=45499293 yh=33114
stage b2=358 vs b1={224}: values [12379790436996519307878356992, 15957917665472413585874354176), 1699642643921 candidates (MITM path)
  MITM b1=224: s=3 t=3 j=3 je=3 Q=11239424 table=45882712 yh=37044
stage b2=359 vs b1={225}: values [12765532462721932175857515959, 16834112196028232574462890625), 1900536172964 candidates (MITM path)
  MITM b1=225: s=3 t=3 j=3 je=3 Q=11390625 table=46268279 yh=41077
stage b2=360 vs b1={226}: values [13162170384226713600000000000, 17754206618385148880104984576), 2109552323269 candidates (MITM path)
  MITM b1=226: s=3 t=3 j=3 je=3 Q=11543176 table=46656000 yh=45216
stage b2=361 vs b1={227}: values [13569980418174090907801371961, 18720191467045367574023614321), 2326921941612 candidates (MITM path)
  MITM b1=227: s=3 t=3 j=3 je=3 Q=11697083 table=47045881 yh=49461
stage b2=362 vs b1={228}: values [13989244988004316189622233088, 19734138142017490453021065216), 2552880774472 candidates (MITM path)
  MITM b1=228: s=3 t=3 j=3 je=3 Q=11852352 table=47437928 yh=53816
stage b2=363 vs b1={229}: values [14420252845630503161941475187, 20798201815902925734870098641), 2787669541445 candidates (MITM path)
  MITM b1=229: s=3 t=3 j=3 je=3 Q=12008989 table=47832147 yh=58281
stage b2=364 vs b1={230}: values [14863299195173980157734027264, 21914624432020321000000000000), 3031534009307 candidates (MITM path)
  MITM b1=230: s=3 t=3 j=3 je=3 Q=12167000 table=48228544 yh=62858
stage b2=365 vs b1={231}: values [15318685818767563885595703125, 23085737796000848857434784161), 3284725066712 candidates (MITM path)
  MITM b1=231: s=3 t=3 j=3 je=3 Q=12326391 table=48627125 yh=67550
stage b2=366 vs b1={232}: values [15786721204455474199101782016, 24313966763341113270967730176), 3547498799530 candidates (MITM path)
  MITM b1=232: s=3 t=3 j=3 je=3 Q=12487168 table=49027896 yh=72357
stage b2=367 vs b1={233}: values [16267720676218928340423448783, 25601832525455335435322705761), 3820116566831 candidates (MITM path)
  MITM b1=233: s=3 t=3 j=3 je=3 Q=12649337 table=49430863 yh=77283
stage b2=368 vs b1={234}: values [16762006526156773981926981632, 26951955996824334101419462656), 4102845077510 candidates (MITM path)
  MITM b1=234: s=3 t=3 j=3 je=3 Q=12812904 table=49836032 yh=82327
stage b2=369 vs b1={235}: values [17269908148850843900874319569, 28367061305895648984619140625), 4395956467558 candidates (MITM path)
  MITM b1=235: s=3 t=3 j=3 je=3 Q=12977875 table=50243409 yh=87494
stage b2=370 vs b1={236}: values [17791762177946041300000000000, 29849979392446980130179383296), 4699728377977 candidates (MITM path)
  MITM b1=236: s=3 t=3 j=3 je=3 Q=13144256 table=50653000 yh=92783
stage b2=371 vs b1={237}: values [18327912624975493645267978571, 31403651714183943747186386481), 5014444033341 candidates (MITM path)
  MITM b1=237: s=3 t=3 j=3 je=3 Q=13312053 table=51064811 yh=98198
stage b2=372 vs b1={238}: values [18878711020461444446161993728, 33031134065402989058412384256), 5340392321005 candidates (MITM path)
  MITM b1=238: s=3 t=3 j=3 je=3 Q=13481272 table=51478848 yh=103740
stage b2=373 vs b1={239}: values [19444516557322886668124300077, 34735600510611194263176918721), 5677867870961 candidates (MITM path)
  MITM b1=239: s=3 t=3 j=3 je=3 Q=13651919 table=51895117 yh=109411
stage b2=374 vs b1={240}: values [20025696236621278455959066624, 36520347436056576000000000000), 6027171136344 candidates (MITM path)
  MITM b1=240: s=3 t=3 j=3 je=3 Q=13824000 table=52313624 yh=115213
stage b2=375 vs b1={241}: values [20622625015676021575927734375, 38388797722185519065061084481), 6388608474589 candidates (MITM path)
  MITM b1=241: s=3 t=3 j=3 je=3 Q=13997521 table=52734375 yh=121147
stage b2=376 vs b1={242}: values [21235685958581725467693285376, 40344505040107975043939700736), 6762492229236 candidates (MITM path)
  MITM b1=242: s=3 t=3 j=3 je=3 Q=14172488 table=53157376 yh=127217
stage b2=377 vs b1={243}: values [21865270389159625050067741673, 42391158275216203514294433201), 7149140812389 candidates (MITM path)
  MITM b1=243: s=3 t=3 j=3 je=3 Q=14348907 table=53582633 yh=133423
stage b2=378 vs b1={244}: values [22511778046375868461571254272, 44532586081169051256761614336), 7548878787825 candidates (MITM path)
  MITM b1=244: s=3 t=3 j=3 je=3 Q=14526784 table=54010152 yh=139768
stage b2=379 vs b1={245}: values [23175617242259741753050742179, 46772761567521097265869140625), 7962036954763 candidates (MITM path)
  MITM b1=245: s=3 t=3 j=3 je=3 Q=14706125 table=54439939 yh=146254
stage b2=380 vs b1={246}: values [23857205022355251200000000000, 49115807124344448192809865216), 8388952432278 candidates (MITM path)
  MITM b1=246: s=3 t=3 j=3 je=3 Q=14886936 table=54872000 yh=152883
stage b2=381 vs b1={247}: values [24556967328739840381780226181, 51565999387260564203827465441), 8829968744375 candidates (MITM path)
  MITM b1=247: s=3 t=3 j=3 je=3 Q=15069223 table=55306341 yh=159656
stage b2=382 vs b1={248}: values [25275339165644378498708666368, 54127774346370243244217860096), 9285435905723 candidates (MITM path)
  MITM b1=248: s=3 t=3 j=3 je=3 Q=15252992 table=55742968 yh=166576
stage b2=383 vs b1={249}: values [26012764767708918581052067967, 56805732602641806617660372001), 9755710508037 candidates (MITM path)
  MITM b1=249: s=3 t=3 j=3 je=3 Q=15438249 table=56181887 yh=173646
stage b2=384 vs b1={250}: values [26769697770909089301459369984, 59604644775390625000000000000), 10241155807124 candidates (MITM path)
  MITM b1=250: s=3 t=3 j=3 je=3 Q=15625000 table=56623104 yh=180866
stage b2=385 vs b1={251}: values [27546601386188352049462890625, 62529457064557415999535378001), 10742141810585 candidates (MITM path)
  MITM b1=251: s=3 t=3 j=3 je=3 Q=15813251 table=57066625 yh=188239
stage b2=386 vs b1={252}: values [28343948575831725778577524736, 65585296971568246764230148096), 11259045366180 candidates (MITM path)
  MITM b1=252: s=3 t=3 j=3 je=3 Q=16003008 table=57512456 yh=195768
stage b2=387 vs b1={253}: values [29162222232616955908481341563, 68777479182635902650515347441), 11792250250842 candidates (MITM path)
  MITM b1=253: s=3 t=3 j=3 je=3 Q=16194277 table=57960603 yh=203453
stage b2=388 vs b1={254}: values [30001915361779480272056614912, 72111511618440250457975689216), 12342147260370 candidates (MITM path)
  MITM b1=254: s=3 t=3 j=3 je=3 Q=16387064 table=58411072 yh=211299
stage b2=389 vs b1={255}: values [30863531265827924755035773789, 75593101654204447168212890625), 12909134299762 candidates (MITM path)
  MITM b1=255: s=3 t=3 j=3 je=3 Q=16581375 table=58863869 yh=219305
stage b2=390 vs b1={256}: values [31747583732247243900000000000, 79228162514264337593543950336), 13493616474229 candidates (MITM path)
  MITM b1=256: s=3 t=3 j=3 je=3 Q=16777216 table=59319000 yh=227476
stage b2=391 vs b1={257}: values [32654597224127007351927104791, 83022819845310162051379891201), 14096006180859 candidates (MITM path)
  MITM b1=257: s=3 t=3 j=3 je=3 Q=16974593 table=59776471 yh=235812
stage b2=392 vs b1={258}: values [33585107073752721624827691008, 86983418472562773463547252736), 14716723200955 candidates (MITM path)
  MITM b1=258: s=3 t=3 j=3 je=3 Q=17173512 table=60236288 yh=244317
stage b2=393 vs b1={259}: values [34539659679198468283732168857, 91116529343230957588293738481), 15356194793025 candidates (MITM path)
  MITM b1=259: s=3 t=3 j=3 je=3 Q=17373979 table=60698457 yh=252992

*** MATCH: 68510008111015945624941211720 is an 12-digit palindrome in bases 259 and 393
stage b2=394 vs b1={260}: values [35518812703959534278923577344, 95428956661682176000000000000), 16014855786450 candidates (MITM path)
  MITM b1=260: s=3 t=3 j=3 je=3 Q=17576000 table=61162984 yh=261840
stage b2=395 vs b1={261}: values [36523135279664107855419921875, 99927745220846124633825584721), 16693148675807 candidates (MITM path)
  MITM b1=261: s=3 t=3 j=3 je=3 Q=17779581 table=61629875 yh=270862
stage b2=396 vs b1={262}: values [37553208211903514205902340096, 104620187934458937028636512256), 17391523715869 candidates (MITM path)
  MITM b1=262: s=3 t=3 j=3 je=3 Q=17984728 table=62099136 yh=280061
stage b2=397 vs b1={263}: values [38609624189220868855209238453, 109513833574845676773925608481), 18110439017260 candidates (MITM path)
  MITM b1=263: s=3 t=3 j=3 je=3 Q=18191447 table=62570773 yh=289440
stage b2=398 vs b1={264}: values [39692987995298433674858903552, 114616494721029974161197367296), 18850360642787 candidates (MITM path)
  MITM b1=264: s=3 t=3 j=3 je=3 Q=18399744 table=63044792 yh=299000
stage b2=399 vs b1={265}: values [40803916724384370442551204399, 119936255922052283847900390625), 19611762704440 candidates (MITM path)
  MITM b1=265: s=3 t=3 j=3 je=3 Q=18609625 table=63521199 yh=308744
stage b2=400 vs b1={266}: values [41943040000000000000000000000, 125481482080472289777685958656), 20395127461053 candidates (MITM path)
  MITM b1=266: s=3 t=3 j=3 je=3 Q=18821096 table=64000000 yh=318674
stage b2=401 vs b1={267}: values [43111000196969091338568804401, 131260827061126477105043503761), 21200945416645 candidates (MITM path)
  MITM b1=267: s=3 t=3 j=3 je=3 Q=19034163 table=64481201 yh=328793

*** MATCH: 48946500472002060662021509704 is an 12-digit palindrome in bases 267 and 401
stage b2=402 vs b1={268}: values [44308452666811124371870107648, 137283242530308845011443122176), 22029715419423 candidates (MITM path)
  MITM b1=268: s=3 t=3 j=3 je=3 Q=19248832 table=64964808 yh=339103
stage b2=403 vs b1={269}: values [45536065966540892753630392747, 143557987030641165766449098161), 22881944761463 candidates (MITM path)
  MITM b1=269: s=3 t=3 j=3 je=3 Q=19465109 table=65450827 yh=349606
stage b2=404 vs b1={270}: values [46794522090917238883645128704, 150094635296999121000000000000), 23758149279056 candidates (MITM path)
  MITM b1=270: s=3 t=3 j=3 je=3 Q=19683000 table=65939264 yh=360304
stage b2=405 vs b1={271}: values [48084516708184142230517578125, 156903087818962082857498424641), 24658853453730 candidates (MITM path)
  MITM b1=271: s=3 t=3 j=3 je=3 Q=19902511 table=66430125 yh=371200
done: 224.84s, 54174814 candidates tested
