A171740 search: n=12, threads=1, limit=none
stage b2=427 vs b1={258}: values [86041232985790766413028611123, 86983418472562773463547252736), 155442280798 candidates (MITM path)
  MITM b1=258: s=4 t=2 j=2 je=3 Q=66564 table=182329 yh=852538
stage b2=428 vs b1={259}: values [88283889629390066997077737472, 91116529343230957588293738481), 460817247606 candidates (MITM path)
  MITM b1=259: s=4 t=2 j=2 je=3 Q=67081 table=183184 yh=2515598
stage b2=429 vs b1={260}: values [90579561525100676704093790229, 95428956661682176000000000000), 777935910387 candidates (MITM path)
  MITM b1=260: s=4 t=2 j=2 je=3 Q=67600 table=184041 yh=4226971
stage b2=430 vs b1={261}: values [92929373947122270700000000000, 99927745220846124633825584721), 1107098456374 candidates (MITM path)
  MITM b1=261: s=4 t=2 j=2 je=3 Q=68121 table=184900 yh=5987553
stage b2=431 vs b1={262}: values [95334473350473334338476729231, 104620187934458937028636512256), 1448610769615 candidates (MITM path)
  MITM b1=262: s=4 t=2 j=2 je=3 Q=68644 table=185761 yh=7798251
stage b2=432 vs b1={263}: values [97796027719021374067408109568, 109513833574845676773925608481), 1802784507826 candidates (MITM path)
  MITM b1=263: s=4 t=2 j=2 je=3 Q=69169 table=186624 yh=9659983
stage b2=433 vs b1={264}: values [100315226918403349419823702417, 114616494721029974161197367296), 2169937179856 candidates (MITM path)
  MITM b1=264: s=4 t=2 j=2 je=3 Q=69696 table=187489 yh=11573678
stage b2=434 vs b1={265}: values [102893283053893453600144246784, 119936255922052283847900390625), 2550392223772 candidates (MITM path)
  MITM b1=265: s=4 t=2 j=2 je=3 Q=70225 table=188356 yh=13540276
stage b2=435 vs b1={266}: values [105531430833275902825341796875, 125481482080472289777685958656), 2944479085558 candidates (MITM path)
  MITM b1=266: s=4 t=2 j=2 je=3 Q=70756 table=189225 yh=15560730
stage b2=436 vs b1={267}: values [108230927934780930945540161536, 131260827061126477105043503761), 3352533298429 candidates (MITM path)
  MITM b1=267: s=4 t=2 j=2 je=3 Q=71289 table=190096 yh=17636002
stage b2=437 vs b1={268}: values [110993055380142725966855596013, 137283242530308845011443122176), 3774896562776 candidates (MITM path)
  MITM b1=268: s=4 t=2 j=2 je=3 Q=71824 table=190969 yh=19767065
stage b2=438 vs b1={269}: values [113819117912838588948194138112, 143557987030641165766449098161), 4211916826713 candidates (MITM path)
  MITM b1=269: s=3 t=3 j=3 je=3 Q=19465109 table=84027672 yh=50126
stage b2=439 vs b1={270}: values [116710444381569143360604716839, 150094635296999121000000000000), 4663948367263 candidates (MITM path)
  MITM b1=270: s=3 t=3 j=3 je=3 Q=19683000 table=84604519 yh=55127
stage b2=440 vs b1={271}: values [119668388129039974400000000000, 156903087818962082857498424641), 5131351872154 candidates (MITM path)
  MITM b1=271: s=3 t=3 j=3 je=3 Q=19902511 table=85184000 yh=60239
stage b2=441 vs b1={272}: values [122694327386105632949003612841, 163993580655357272581489033216), 5614494522244 candidates (MITM path)
  MITM b1=272: s=3 t=3 j=3 je=3 Q=20123648 table=85766121 yh=65463
stage b2=442 vs b1={273}: values [125789665671337497908806494208, 171376695506573539304632176321), 6113750074568 candidates (MITM path)
  MITM b1=273: s=3 t=3 j=3 je=3 Q=20346417 table=86350888 yh=70802
stage b2=443 vs b1={274}: values [128955832196077553484700318307, 179063370050426074779119128576), 6629498946011 candidates (MITM path)
  MITM b1=274: s=3 t=3 j=3 je=3 Q=20570824 table=86938307 yh=76256
stage b2=444 vs b1={275}: values [132194282275040704726925574144, 187064908547461032867431640625), 7162128297609 candidates (MITM path)
  MITM b1=275: s=3 t=3 j=3 je=3 Q=20796875 table=87528384 yh=81827
stage b2=445 vs b1={276}: values [135506497742528825219189453125, 195392992721698273467801010176), 7712032119470 candidates (MITM path)
  MITM b1=276: s=3 t=3 j=3 je=3 Q=21024576 table=88121125 yh=87517
stage b2=446 vs b1={277}: values [138893987374320305288277456896, 204059692922921316864296943121), 8279611316338 candidates (MITM path)
  MITM b1=277: s=3 t=3 j=3 je=3 Q=21253933 table=88716536 yh=93327
stage b2=447 vs b1={278}: values [142358287315299447497245827903, 213077479576736094126128828416), 8865273793767 candidates (MITM path)
  MITM b1=278: s=3 t=3 j=3 je=3 Q=21484952 table=89314623 yh=99259
stage b2=448 vs b1={279}: values [145900961512890638499422666752, 222459234928734230114433331041), 9469434544939 candidates (MITM path)
  MITM b1=279: s=3 t=3 j=3 je=3 Q=21717639 table=89915392 yh=105315
stage b2=449 vs b1={280}: values [149523602156362812588586992449, 232218265089212416000000000000), 10092515738111 candidates (MITM path)
  MITM b1=280: s=3 t=3 j=3 je=3 Q=21952000 table=90518849 yh=111497
stage b2=450 vs b1={281}: values [153227830122070312500000000000, 242368312385016936196463417761), 10734946804685 candidates (MITM path)
  MITM b1=281: s=3 t=3 j=3 je=3 Q=22188041 table=91125000 yh=117805
stage b2=451 vs b1={282}: values [157015295424696847215234267451, 252923568025201628647322750976), 11397164527926 candidates (MITM path)
  MITM b1=282: s=3 t=3 j=3 je=3 Q=22425768 table=91733851 yh=124242
stage b2=452 vs b1={283}: values [160887677674569844718827470848, 263898685087308495981516810961), 12079613132298 candidates (MITM path)
  MITM b1=283: s=3 t=3 j=3 je=3 Q=22665187 table=92345408 yh=130810
stage b2=453 vs b1={284}: values [164846686541113099864560007197, 275308791831202866814366253056), 12782744373444 candidates (MITM path)
  MITM b1=284: s=3 t=3 j=3 je=3 Q=22906304 table=92959677 yh=137509
stage b2=454 vs b1={285}: values [168894062222506223751543445504, 287169505347519450195556640625), 13507017628801 candidates (MITM path)
  MITM b1=285: s=3 t=3 j=3 je=3 Q=23149125 table=93576664 yh=144342
stage b2=455 vs b1={286}: values [173031575921620011303271484375, 299496945547901850804899024896), 14252899988848 candidates (MITM path)
  MITM b1=286: s=3 t=3 j=3 je=3 Q=23393656 table=94196375 yh=151311
stage b2=456 vs b1={287}: values [177261030328297458104329568256, 312307749504346137016129649281), 15020866348993 candidates (MITM path)
  MITM b1=287: s=3 t=3 j=3 je=3 Q=23639903 table=94818816 yh=158417
stage b2=457 vs b1={288}: values [181584260108050775997625896793, 325619086145088897570576531456), 15811399502098 candidates (MITM path)
  MITM b1=288: s=3 t=3 j=3 je=3 Q=23887872 table=95443993 yh=165662
stage b2=458 vs b1={289}: values [186003132397245379497877563392, 339448671314611904643504117121), 16624990231645 candidates (MITM path)
  MITM b1=289: s=3 t=3 j=3 je=3 Q=24137569 table=96071912 yh=173048
stage b2=459 vs b1={290}: values [190519547304842441752783207059, 353814783205469041000000000000), 17462137405534 candidates (MITM path)
  MITM b1=290: s=3 t=3 j=3 je=3 Q=24389000 table=96702579 yh=180576
stage b2=460 vs b1={291}: values [195135438420772249600000000000, 368736278169776566314796884081), 18323348070536 candidates (MITM path)
  MITM b1=291: s=3 t=3 j=3 je=3 Q=24642171 table=97336000 yh=188249
stage b2=461 vs b1={292}: values [199852773331011222243920083061, 384232606918345112299069505536), 19209137547370 candidates (MITM path)
  MITM b1=292: s=3 t=3 j=3 je=3 Q=24897088 table=97972181 yh=196068
stage b2=462 vs b1={293}: values [204673554139436097229551679488, 400323831115571027902364072401), 20120029526437 candidates (MITM path)
  MITM b1=293: s=3 t=3 j=3 je=3 Q=25153757 table=98611128 yh=204035
stage b2=463 vs b1={294}: values [209599817996529430739834959087, 417030640378345864542952820736), 21056556164188 candidates (MITM path)
  MITM b1=294: s=3 t=3 j=3 je=3 Q=25412184 table=99252847 yh=212151
stage b2=464 vs b1={295}: values [214633637635011206805784100864, 434374369687385917207275390625), 22019258180138 candidates (MITM path)
  MITM b1=295: s=3 t=3 j=3 je=3 Q=25672375 table=99897344 yh=220419
stage b2=465 vs b1={296}: values [219777121912472001814306640625, 452377017219528840630098722816), 23008684954531 candidates (MITM path)
  MITM b1=296: s=3 t=3 j=3 je=3 Q=25934336 table=100544625 yh=228841
stage b2=466 vs b1={297}: values [225032416361083806744810735616, 471061262609691461042593862241), 24025394626635 candidates (MITM path)
  MITM b1=297: s=3 t=3 j=3 je=3 Q=26198073 table=101194696 yh=237418
stage b2=467 vs b1={298}: values [230401703744465269881211992683, 490450485651332023716795191296), 25069954193703 candidates (MITM path)
  MITM b1=298: s=3 t=3 j=3 je=3 Q=26463592 table=101847563 yh=246152
stage b2=468 vs b1={299}: values [235887204621778787349175468032, 510568785444411275443565936401), 26142939610564 candidates (MITM path)
  MITM b1=299: s=3 t=3 j=3 je=3 Q=26730899 table=102503232 yh=255046
stage b2=469 vs b1={300}: values [241491177919137537737896750669, 531441000000000000000000000000), 27244935889870 candidates (MITM path)
  MITM b1=300: s=3 t=3 j=3 je=3 Q=27000000 table=103161709 yh=264100
stage b2=470 vs b1={301}: values [247215921508401230300000000000, 553092726310835924575445943601), 28376537202993 candidates (MITM path)
  MITM b1=301: s=3 t=3 j=3 je=3 Q=27270901 table=103823000 yh=273317
stage b2=471 vs b1={302}: values [253063772793440013800811649671, 575550340897290317159369936896), 29538346981561 candidates (MITM path)
  MITM b1=302: s=3 t=3 j=3 je=3 Q=27543608 table=104487111 yh=282699
stage b2=472 vs b1={303}: values [259037109303946675027997360128, 598841020838364120317909320641), 30730978019659 candidates (MITM path)
  MITM b1=303: s=3 t=3 j=3 je=3 Q=27818127 table=105154048 yh=292248
stage b2=473 vs b1={304}: values [265138349296877942293007763977, 622992765297495137011017711616), 31955052576663 candidates (MITM path)
  MITM b1=304: s=3 t=3 j=3 je=3 Q=28094464 table=105823817 yh=301965
stage b2=474 vs b1={305}: values [271369952365606399975686580224, 648034417553121620683837890625), 33211202480744 candidates (MITM path)
  MITM b1=305: s=3 t=3 j=3 je=3 Q=28372625 table=106496424 yh=311853
stage b2=475 vs b1={306}: values [277734420056865215301513671875, 673995687544113646503571623936), 34500069233007 candidates (MITM path)
  MITM b1=306: s=3 t=3 j=3 je=3 Q=28652616 table=107171875 yh=321914
stage b2=476 vs b1={307}: values [284234296495568578116086398976, 700907174940351875150276622001), 35822304112293 candidates (MITM path)
  MITM b1=307: s=3 t=3 j=3 je=3 Q=28934443 table=107850176 yh=332149
stage b2=477 vs b1={308}: values [290872169017591458452425905573, 728800392748903786995238567936), 37178568280631 candidates (MITM path)
  MITM b1=308: s=3 t=3 j=3 je=3 Q=29218112 table=108531333 yh=342561
stage b2=478 vs b1={309}: values [297650668810592995192411420672, 757707791466420184947746068881), 38569532889345 candidates (MITM path)
  MITM b1=309: s=3 t=3 j=3 je=3 Q=29503629 table=109215352 yh=353152
stage b2=479 vs b1={310}: values [304572471562968542123015813279, 787662783788549761000000000000), 39995879185815 candidates (MITM path)
  MITM b1=310: s=3 t=3 j=3 je=3 Q=29791000 table=109902239 yh=363923
stage b2=480 vs b1={311}: values [311640298121016115200000000000, 818699769887346816976612516321), 41458298620891 candidates (MITM path)
  MITM b1=311: s=3 t=3 j=3 je=3 Q=30080231 table=110592000 yh=374877
stage b2=481 vs b1={312}: values [318856915154403706875322757281, 850854163267826846772605485056), 42957492956968 candidates (MITM path)
  MITM b1=312: s=3 t=3 j=3 je=3 Q=30371328 table=111284641 yh=386015
stage b2=482 vs b1={313}: values [326225135830024659938776352768, 884162417215006648162206715681), 44494174376714 candidates (MITM path)
  MITM b1=313: s=3 t=3 j=3 je=3 Q=30664297 table=111980168 yh=397340
stage b2=483 vs b1={314}: values [333747820494329024488347411867, 918662051842949959948040605696), 46069065592456 candidates (MITM path)
  MITM b1=314: s=3 t=3 j=3 je=3 Q=30959144 table=112678587 yh=408854
stage b2=484 vs b1={315}: values [341427877364219557396646723584, 954391681757526337812744140625), 47682899956224 candidates (MITM path)
  MITM b1=315: s=3 t=3 j=3 je=3 Q=31255875 table=113379904 yh=420559
stage b2=485 vs b1={316}: values [349268263226601764001611328125, 991391044344780112897566048256), 49336421570454 candidates (MITM path)
  MITM b1=316: s=3 t=3 j=3 je=3 Q=31554496 table=114084125 yh=432457
stage b2=486 vs b1={317}: values [357271984146678126737757198336, 1029701028696997844179291768561), 51030385399352 candidates (MITM path)
  MITM b1=317: s=3 t=3 j=3 je=3 Q=31855013 table=114791256 yh=444550
stage b2=487 vs b1={318}: values [365442096185077415058791025463, 1069363705188756702611733221376), 52765557380910 candidates (MITM path)
  MITM b1=318: s=3 t=3 j=3 je=3 Q=32157432 table=115501303 yh=456840
stage b2=488 vs b1={319}: values [373781706123910725302654861312, 1110422355715432735355050594561), 54542714539594 candidates (MITM path)
  MITM b1=319: s=3 t=3 j=3 je=3 Q=32461759 table=116214272 yh=469329
stage b2=489 vs b1={320}: values [382293972201846658135397384889, 1152921504606846976000000000000), 56362645099682 candidates (MITM path)
  MITM b1=320: s=3 t=3 j=3 je=3 Q=32768000 table=116930169 yh=482020
stage b2=490 vs b1={321}: values [390982104858298804900000000000, 1196906950228928915420617322241), 58226148599273 candidates (MITM path)
  MITM b1=321: s=3 t=3 j=3 je=3 Q=33076161 table=117649000 yh=494915
stage b2=491 vs b1={322}: values [399849367486819482609834395891, 1242425797286480951825250390016), 60134036004949 candidates (MITM path)
  MITM b1=322: s=3 t=3 j=3 je=3 Q=33386248 table=118370771 yh=508015
stage b2=492 vs b1={323}: values [408899077197794430483230097408, 1289526489840334121941717217521), 62087129827110 candidates (MITM path)
  MITM b1=323: s=3 t=3 j=3 je=3 Q=33698267 table=119095488 yh=521323
stage b2=493 vs b1={324}: values [418134605590533958835165292757, 1338258845052394702439737982976), 64086264235959 candidates (MITM path)
  MITM b1=324: s=3 t=3 j=3 je=3 Q=34012224 table=119823157 yh=534841
stage b2=494 vs b1={325}: values [427559379534856823843881170944, 1388674087672293186187744140625), 66132285178167 candidates (MITM path)
  MITM b1=325: s=3 t=3 j=3 je=3 Q=34328125 table=120553784 yh=548571
stage b2=495 vs b1={326}: values [437176881962263889213818359375, 1440824885279561706440311115776), 68226050494187 candidates (MITM path)
  MITM b1=326: s=3 t=3 j=3 je=3 Q=34645976 table=121287375 yh=562516
stage b2=496 vs b1={327}: values [446990652666799428081282973696, 1494765384295483228389391941921), 70368430036245 candidates (MITM path)
  MITM b1=327: s=3 t=3 j=3 je=3 Q=34965783 table=122023936 yh=576678
stage b2=497 vs b1={328}: values [457004289115698715675308342353, 1550551246778975776674326511616), 72560305786987 candidates (MITM path)
  MITM b1=328: s=3 t=3 j=3 je=3 Q=35287552 table=122763473 yh=591058
stage b2=498 vs b1={329}: values [467221447269921365272965629952, 1608239688021097644574300393441), 74802571978802 candidates (MITM path)
  MITM b1=329: s=3 t=3 j=3 je=3 Q=35611289 table=123505992 yh=605660
stage b2=499 vs b1={330}: values [477645842414670666895611255499, 1667889514952984961000000000000), 77096135213799 candidates (MITM path)
  MITM b1=330: s=3 t=3 j=3 je=3 Q=35937000 table=124251499 yh=620485
stage b2=500 vs b1={331}: values [488281250000000000000000000000, 1729561165382261200512043881361), 79441914584465 candidates (MITM path)
  MITM b1=331: s=3 t=3 j=3 je=3 Q=36264691 table=125000000 yh=635536
stage b2=501 vs b1={332}: values [499131506491608208145638755501, 1793316748073189235032143691776), 81840841794982 candidates (MITM path)
  MITM b1=332: s=3 t=3 j=3 je=3 Q=36594368 table=125751501 yh=650815
stage b2=502 vs b1={333}: values [510200510231926645287045634048, 1859220083686070369445516586161), 84293861283212 candidates (MITM path)
  MITM b1=333: s=3 t=3 j=3 je=3 Q=36926037 table=126506008 yh=666323
stage b2=503 vs b1={334}: values [521492222311601429966591196647, 1927336746591631502843839123456), 86801930343354 candidates (MITM path)
  MITM b1=334: s=3 t=3 j=3 je=3 Q=37259704 table=127263527 yh=682065

*** MATCH: 683665926528654578975103802080 is an 12-digit palindrome in bases 334 and 503
stage b2=504 vs b1={335}: values [533010667451475275290251362304, 1997734107576381138808837890625), 89366019249271 candidates (MITM path)
  MITM b1=335: s=3 t=3 j=3 je=3 Q=37595375 table=128024064 yh=698041
stage b2=505 vs b1={336}: values [544759934895174099174853515625, 2070481377455157458127600746496), 91987111378484 candidates (MITM path)
  MITM b1=336: s=3 t=3 j=3 je=3 Q=37933056 table=128787625 yh=714255
stage b2=506 vs b1={337}: values [556744179312404460981246765056, 2145649651607337092060800582081), 94666203336835 candidates (MITM path)
  MITM b1=337: s=3 t=3 j=3 je=3 Q=38272753 table=129554216 yh=730708
stage b2=507 vs b1={338}: values [568967621713068717313312446243, 2223311955453421620312454598656), 97404305083824 candidates (MITM path)
  MITM b1=338: s=3 t=3 j=3 je=3 Q=38614472 table=130323843 yh=747403
stage b2=508 vs b1={339}: values [581434550372305641487929966592, 2303543290888970191892547145521), 100202440058618 candidates (MITM path)
  MITM b1=339: s=3 t=3 j=3 je=3 Q=38958219 table=131096512 yh=764342
stage b2=509 vs b1={340}: values [594149321766565107986044015109, 2386420683693101056000000000000), 103061645306727 candidates (MITM path)
  MITM b1=340: s=3 t=3 j=3 je=3 Q=39304000 table=131872229 yh=781527
stage b2=510 vs b1={341}: values [607116361520826305100000000000, 2472023231929042220921962513681), 105982971607355 candidates (MITM path)
  MITM b1=341: s=3 t=3 j=3 je=3 Q=39651821 table=132651000 yh=798961
stage b2=511 vs b1={342}: values [620340165367069806017523226111, 2560432155354471958946281230336), 108967483601425 candidates (MITM path)
  MITM b1=342: s=3 t=3 j=3 je=3 Q=40001688 table=133432831 yh=816647
stage b2=512 vs b1={343}: values [633825300114114700748351602688, 2651730845859653471779023381601), 112016259920275 candidates (MITM path)
  MITM b1=343: s=3 t=3 j=3 je=3 Q=40353607 table=134217728 yh=834587
stage b2=513 vs b1={344}: values [647576404628932868625869313537, 2746004918951634751471942107136), 115130393315027 candidates (MITM path)
  MITM b1=344: s=3 t=3 j=3 je=3 Q=40707584 table=135005697 yh=852782
stage b2=514 vs b1={345}: values [661598190829553353623447537664, 2843342266303054544082275390625), 118310990786632 candidates (MITM path)
  MITM b1=345: s=3 t=3 j=3 je=3 Q=41063625 table=135796744 yh=871236
stage b2=515 vs b1={346}: values [675895444689670692433935546875, 2943833109384368375058857660416), 121559173716589 candidates (MITM path)
  MITM b1=346: s=3 t=3 j=3 je=3 Q=41421736 table=136590875 yh=889951
done: 987.98s, 129293660 candidates tested
