A171740 search: n=12, threads=1, limit=none
stage b2=214 vs b1={137}: values [43107367983100618650916864, 43716643078717303412870881), 6343526909 candidates (MITM path)
  MITM b1=137: s=4 t=2 j=2 je=3 Q=18769 table=45796 yh=138518
stage b2=215 vs b1={138}: values [45375670872618296240234375, 47703367363695867545849856), 23566527389 candidates (MITM path)
  MITM b1=138: s=4 t=2 j=2 je=3 Q=19044 table=46225 yh=509823
stage b2=216 vs b1={139}: values [47751966659678405306351616, 52020869037289085480011921), 42033322165 candidates (MITM path)
  MITM b1=139: s=4 t=2 j=2 je=3 Q=19321 table=46656 yh=900920
stage b2=217 vs b1={140}: values [50240860866158912890695433, 56693912375296000000000000), 61802597529 candidates (MITM path)
  MITM b1=140: s=4 t=2 j=2 je=3 Q=19600 table=47089 yh=1312464
stage b2=218 vs b1={141}: values [52847132780654751438252032, 61748917974902741368975281), 82935057223 candidates (MITM path)
  MITM b1=141: s=4 t=2 j=2 je=3 Q=19881 table=47524 yh=1745120
stage b2=219 vs b1={142}: values [55575741168378217259860419, 67214060505664762405851136), 105493470612 candidates (MITM path)
  MITM b1=142: s=4 t=2 j=2 je=3 Q=20164 table=47961 yh=2199568
stage b2=220 vs b1={143}: values [58431830141132800000000000, 73119371471655725294164801), 129542721527 candidates (MITM path)
  MITM b1=143: s=3 t=3 j=3 je=3 Q=2924207 table=10648000 yh=12166
stage b2=221 vs b1={144}: values [61420735191082762650784421, 79496847203390844133441536), 155149857756 candidates (MITM path)
  MITM b1=144: s=3 t=3 j=3 je=3 Q=2985984 table=10793861 yh=14374
stage b2=222 vs b1={145}: values [64547989392109719104944128, 86380562306022715087890625), 182384141198 candidates (MITM path)
  MITM b1=145: s=3 t=3 j=3 je=3 Q=3048625 table=10941048 yh=16670
stage b2=223 vs b1={146}: values [67819329772617336566541727, 93806788798424099682390016), 211317098670 candidates (MITM path)
  MITM b1=146: s=3 t=3 j=3 je=3 Q=3112136 table=11089567 yh=19056
stage b2=224 vs b1={147}: values [71240703863716132079796224, 101814121186119595835681841), 242022573380 candidates (MITM path)
  MITM b1=147: s=3 t=3 j=3 je=3 Q=3176523 table=11239424 yh=21534
stage b2=225 vs b1={148}: values [74818276426792144775390625, 110443607719611533356957696), 274576777056 candidates (MITM path)
  MITM b1=148: s=3 t=3 j=3 je=3 Q=3241792 table=11390625 yh=24106
stage b2=226 vs b1={149}: values [78558436364536056991614976, 119738888098469732352733201), 309058342749 candidates (MITM path)
  MITM b1=149: s=3 t=3 j=3 je=3 Q=3307949 table=11543176 yh=26775
stage b2=227 vs b1={150}: values [82467803819583117066183323, 129746337890625000000000000), 345548378282 candidates (MITM path)
  MITM b1=150: s=3 t=3 j=3 je=3 Q=3375000 table=11697083 yh=29542
stage b2=228 vs b1={151}: values [86553237464988993215004672, 140515219945627518837736801), 384130520384 candidates (MITM path)
  MITM b1=151: s=3 t=3 j=3 je=3 Q=3442951 table=11852352 yh=32410
stage b2=229 vs b1={152}: values [90821841990842470457948029, 152097843090208773684330496), 424890989478 candidates (MITM path)
  MITM b1=152: s=3 t=3 j=3 je=3 Q=3511808 table=12008989 yh=35382
stage b2=230 vs b1={153}: values [95280975791392700000000000, 164549728404324620728411041), 467918645140 candidates (MITM path)
  MITM b1=153: s=3 t=3 j=3 je=3 Q=3581577 table=12167000 yh=38459
stage b2=231 vs b1={154}: values [99938258857146531850367031, 177929783385962838621884416), 513305042229 candidates (MITM path)
  MITM b1=154: s=3 t=3 j=3 je=3 Q=3652264 table=12326391 yh=41643
stage b2=232 vs b1={155}: values [104801580876470315823136768, 192300484323376406494140625), 561144487683 candidates (MITM path)
  MITM b1=155: s=3 t=3 j=3 je=3 Q=3723875 table=12487168 yh=44938
stage b2=233 vs b1={156}: values [109879109551310452512114617, 207728067204059288762843136), 611534097991 candidates (MITM path)
  MITM b1=156: s=3 t=3 j=3 je=3 Q=3796416 table=12649337 yh=48346
stage b2=234 vs b1={157}: values [115179299131727923510339584, 224282727500720205065439601), 664573857335 candidates (MITM path)
  MITM b1=157: s=3 t=3 j=3 je=3 Q=3869893 table=12812904 yh=51868
stage b2=235 vs b1={158}: values [120710899174024038232421875, 242038829185737332250382336), 720366676400 candidates (MITM path)
  MITM b1=158: s=3 t=3 j=3 je=3 Q=3944312 table=12977875 yh=55508
stage b2=236 vs b1={159}: values [126482963527317712416014336, 261075123337098804348567681), 779018451870 candidates (MITM path)
  MITM b1=159: s=3 t=3 j=3 je=3 Q=4019679 table=13144256 yh=59267
stage b2=237 vs b1={160}: values [132504859553518749988128213, 281474976710656000000000000), 840638126587 candidates (MITM path)
  MITM b1=160: s=3 t=3 j=3 je=3 Q=4096000 table=13312053 yh=63149
stage b2=238 vs b1={161}: values [138786277585726844783245312, 303326610665644763629211521), 905337750393 candidates (MITM path)
  MITM b1=161: s=3 t=3 j=3 je=3 Q=4173281 table=13481272 yh=67156
stage b2=239 vs b1={162}: values [145337240630172360933794639, 326723350842869800400326656), 973232541648 candidates (MITM path)
  MITM b1=162: s=3 t=3 j=3 je=3 Q=4251528 table=13651919 yh=71290
stage b2=240 vs b1={163}: values [152168114316902400000000000, 351763888007705494736404081), 1044440949422 candidates (MITM path)
  MITM b1=163: s=3 t=3 j=3 je=3 Q=4330747 table=13824000 yh=75553
stage b2=241 vs b1={164}: values [159289617104504228485730641, 378552550483148382977130496), 1119084716377 candidates (MITM path)
  MITM b1=164: s=3 t=3 j=3 je=3 Q=4410944 table=13997521 yh=79949
stage b2=242 vs b1={165}: values [166712830744247830760081408, 407199588611568593994140625), 1197288942310 candidates (MITM path)
  MITM b1=165: s=3 t=3 j=3 je=3 Q=4492125 table=14172488 yh=84480
stage b2=243 vs b1={166}: values [174449211009120179071170507, 437821471697555965584019456), 1279182148396 candidates (MITM path)
  MITM b1=166: s=3 t=3 j=3 je=3 Q=4574296 table=14348907 yh=89149
stage b2=244 vs b1={167}: values [182510598693315783839186944, 470541197898347534873984161), 1364896342102 candidates (MITM path)
  MITM b1=167: s=3 t=3 j=3 je=3 Q=4657463 table=14526784 yh=93958
stage b2=245 vs b1={168}: values [190909230887841213330078125, 505488617542763051300683776), 1454567082783 candidates (MITM path)
  MITM b1=168: s=3 t=3 j=3 je=3 Q=4741632 table=14706125 yh=98909
stage b2=246 vs b1={169}: values [199657752537985561759389696, 542800770374370512771595361), 1548333547964 candidates (MITM path)
  MITM b1=169: s=3 t=3 j=3 je=3 Q=4826809 table=14886936 yh=104007
stage b2=247 vs b1={170}: values [208769228288504308517520103, 582622237229761000000000000), 1646338600307 candidates (MITM path)
  MITM b1=170: s=3 t=3 j=3 je=3 Q=4913000 table=15069223 yh=109252
stage b2=248 vs b1={171}: values [218257154622460658242813952, 625105506678337880602119441), 1748728855258 candidates (MITM path)
  MITM b1=171: s=3 t=3 j=3 je=3 Q=5000211 table=15252992 yh=114649
stage b2=249 vs b1={172}: values [228135472299766291637190249, 670411357165926452996079616), 1855654749381 candidates (MITM path)
  MITM b1=172: s=3 t=3 j=3 je=3 Q=5088448 table=15438249 yh=120199
stage b2=250 vs b1={173}: values [238418579101562500000000000, 718709255220793060317103921), 1967270609385 candidates (MITM path)
  MITM b1=173: s=3 t=3 j=3 je=3 Q=5177717 table=15625000 yh=125906
stage b2=251 vs b1={174}: values [249121342886682932269065251, 770177770297334467043659776), 2083734721823 candidates (MITM path)
  MITM b1=174: s=3 t=3 j=3 je=3 Q=5268024 table=15813251 yh=131772

*** MATCH: 666118756484146672040350800 is an 12-digit palindrome in bases 174 and 251
stage b2=252 vs b1={175}: values [260259114966540661762818048, 825005006849765777587890625), 2205209403493 candidates (MITM path)
  MITM b1=175: s=3 t=3 j=3 je=3 Q=5359375 table=16003008 yh=137800
stage b2=253 vs b1={176}: values [271847743804884990713499397, 883389054245605390183038976), 2331861072519 candidates (MITM path)
  MITM b1=176: s=3 t=3 j=3 je=3 Q=5451776 table=16194277 yh=143993
stage b2=254 vs b1={177}: values [283903589048977364007778304, 945538455146635506591955521), 2463860320122 candidates (MITM path)
  MITM b1=177: s=3 t=3 j=3 je=3 Q=5545233 table=16387064 yh=150354
stage b2=255 vs b1={178}: values [296443535898840969287109375, 1011672693003313726683222016), 2601381983085 candidates (MITM path)
  MITM b1=178: s=3 t=3 j=3 je=3 Q=5639752 table=16581375 yh=156886
stage b2=256 vs b1={179}: values [309485009821345068724781056, 1082022699327332498100696241), 2744605216897 candidates (MITM path)
  MITM b1=179: s=3 t=3 j=3 je=3 Q=5735339 table=16777216 yh=163592
stage b2=257 vs b1={180}: values [323045991615992848448948993, 1156831381426176000000000000), 2893713569604 candidates (MITM path)
  MITM b1=180: s=3 t=3 j=3 je=3 Q=5832000 table=16974593 yh=170474
stage b2=258 vs b1={181}: values [337145032839390594819950592, 1236354171303115835117980561), 3048895056333 candidates (MITM path)
  MITM b1=181: s=3 t=3 j=3 je=3 Q=5929741 table=17173512 yh=177535
stage b2=259 vs b1={182}: values [351801271595486322734724859, 1320859596446125189798629376), 3210342234523 candidates (MITM path)
  MITM b1=182: s=3 t=3 j=3 je=3 Q=6028568 table=17373979 yh=184779
stage b2=260 vs b1={183}: values [367034448698777600000000000, 1410629873249683485564270561), 3378252279842 candidates (MITM path)
  MITM b1=183: s=3 t=3 j=3 je=3 Q=6128487 table=17576000 yh=192209
stage b2=261 vs b1={184}: values [382864924217801243807760861, 1505961523834397662438752256), 3552827062792 candidates (MITM path)
  MITM b1=184: s=3 t=3 j=3 je=3 Q=6229504 table=17779581 yh=199827
stage b2=262 vs b1={185}: values [399313694406331820719986688, 1607166017050789863525390625), 3734273226021 candidates (MITM path)
  MITM b1=185: s=3 t=3 j=3 je=3 Q=6331625 table=17984728 yh=207636
stage b2=263 vs b1={186}: values [416402409029831470623291287, 1714570434475502278801821696), 3922802262311 candidates (MITM path)
  MITM b1=186: s=3 t=3 j=3 je=3 Q=6434856 table=18191447 yh=215640

*** MATCH: 556459941322916827338657240 is an 12-digit palindrome in bases 186 and 263
stage b2=264 vs b1={187}: values [434153389094810508186353664, 1828518162230556187140793681), 4118630593281 candidates (MITM path)
  MITM b1=187: s=3 t=3 j=3 je=3 Q=6539203 table=18399744 yh=223842
stage b2=265 vs b1={188}: values [452589644988876542822265625, 1949369609479181830042157056), 4321979648764 candidates (MITM path)
  MITM b1=188: s=3 t=3 j=3 je=3 Q=6644672 table=18609625 yh=232245
stage b2=266 vs b1={189}: values [471734895039369510442428416, 2077502954475116767205550321), 4533075946898 candidates (MITM path)
  MITM b1=189: s=3 t=3 j=3 je=3 Q=6751269 table=18821096 yh=240851
stage b2=267 vs b1={190}: values [491613584498601037846604883, 2213314919066161000000000000), 4752151174902 candidates (MITM path)
  MITM b1=190: s=3 t=3 j=3 je=3 Q=6859000 table=19034163 yh=249665
stage b2=268 vs b1={191}: values [512250904963838973923295232, 2357221572577185690065114881), 4979442270549 candidates (MITM path)
  MITM b1=191: s=3 t=3 j=3 je=3 Q=6967871 table=19248832 yh=258689
stage b2=269 vs b1={192}: values [533672814240301731473788469, 2509659166022727122011815936), 5215191504345 candidates (MITM path)
  MITM b1=192: s=3 t=3 j=3 je=3 Q=7077888 table=19465109 yh=267926
stage b2=270 vs b1={193}: values [555906056655552300000000000, 2671084997624767126594464001), 5459646562393 candidates (MITM path)
  MITM b1=193: s=3 t=3 j=3 je=3 Q=7189057 table=19683000 yh=277379
done: 49.47s, 9653723 candidates tested
