A171740 search: n=12, threads=1, limit=none
stage b2=478 vs b1={286}: values [297650668810592995192411420672, 299496945547901850804899024896), 154785194785 candidates (MITM path)
  MITM b1=286: s=4 t=2 j=2 je=3 Q=81796 table=228484 yh=677445
stage b2=479 vs b1={287}: values [304572471562968542123015813279, 312307749504346137016129649281), 640416986602 candidates (MITM path)
  MITM b1=287: s=4 t=2 j=2 je=3 Q=82369 table=229441 yh=2791206
stage b2=480 vs b1={288}: values [311640298121016115200000000000, 325619086145088897570576531456), 1142936480886 candidates (MITM path)
  MITM b1=288: s=4 t=2 j=2 je=3 Q=82944 table=230400 yh=4960662
stage b2=481 vs b1={289}: values [318856915154403706875322757281, 339448671314611904643504117121), 1662734578724 candidates (MITM path)
  MITM b1=289: s=4 t=2 j=2 je=3 Q=83521 table=231361 yh=7186754
stage b2=482 vs b1={290}: values [326225135830024659938776352768, 353814783205469041000000000000), 2200208916436 candidates (MITM path)
  MITM b1=290: s=4 t=2 j=2 je=3 Q=84100 table=232324 yh=9470434
stage b2=483 vs b1={291}: values [333747820494329024488347411867, 368736278169776566314796884081), 2755763948353 candidates (MITM path)
  MITM b1=291: s=4 t=2 j=2 je=3 Q=84681 table=233289 yh=11812662
stage b2=484 vs b1={292}: values [341427877364219557396646723584, 384232606918345112299069505536), 3329811030201 candidates (MITM path)
  MITM b1=292: s=4 t=2 j=2 je=3 Q=85264 table=234256 yh=14214411
stage b2=485 vs b1={293}: values [349268263226601764001611328125, 400323831115571027902364072401), 3922768503094 candidates (MITM path)
  MITM b1=293: s=4 t=2 j=2 je=3 Q=85849 table=235225 yh=16676665
stage b2=486 vs b1={294}: values [357271984146678126737757198336, 417030640378345864542952820736), 4535061778138 candidates (MITM path)
  MITM b1=294: s=4 t=2 j=2 je=3 Q=86436 table=236196 yh=19200418
stage b2=487 vs b1={295}: values [365442096185077415058791025463, 434374369687385917207275390625), 5167123421642 candidates (MITM path)
  MITM b1=295: s=4 t=2 j=2 je=3 Q=87025 table=237169 yh=21786673
stage b2=488 vs b1={296}: values [373781706123910725302654861312, 452377017219528840630098722816), 5819393240946 candidates (MITM path)
  MITM b1=296: s=4 t=2 j=2 je=3 Q=87616 table=238144 yh=24436448
stage b2=489 vs b1={297}: values [382293972201846658135397384889, 471061262609691461042593862241), 6492318370853 candidates (MITM path)
  MITM b1=297: s=4 t=2 j=2 je=3 Q=88209 table=239121 yh=27150767
stage b2=490 vs b1={298}: values [390982104858298804900000000000, 490450485651332023716795191296), 7186353360680 candidates (MITM path)
  MITM b1=298: s=3 t=3 j=3 je=3 Q=26463592 table=117649000 yh=61083
stage b2=491 vs b1={299}: values [399849367486819482609834395891, 510568785444411275443565936401), 7901960261922 candidates (MITM path)
  MITM b1=299: s=3 t=3 j=3 je=3 Q=26730899 table=118370771 yh=66757
stage b2=492 vs b1={300}: values [408899077197794430483230097408, 531441000000000000000000000000), 8639608716533 candidates (MITM path)
  MITM b1=300: s=3 t=3 j=3 je=3 Q=27000000 table=119095488 yh=72544
stage b2=493 vs b1={301}: values [418134605590533958835165292757, 553092726310835924575445943601), 9399776045818 candidates (MITM path)
  MITM b1=301: s=3 t=3 j=3 je=3 Q=27270901 table=119823157 yh=78448
stage b2=494 vs b1={302}: values [427559379534856823843881170944, 575550340897290317159369936896), 10182947339947 candidates (MITM path)
  MITM b1=302: s=3 t=3 j=3 je=3 Q=27543608 table=120553784 yh=84469
stage b2=495 vs b1={303}: values [437176881962263889213818359375, 598841020838364120317909320641), 10989615548085 candidates (MITM path)
  MITM b1=303: s=3 t=3 j=3 je=3 Q=27818127 table=121287375 yh=90609
stage b2=496 vs b1={304}: values [446990652666799428081282973696, 622992765297495137011017711616), 11820281569144 candidates (MITM path)
  MITM b1=304: s=3 t=3 j=3 je=3 Q=28094464 table=122023936 yh=96869
stage b2=497 vs b1={305}: values [457004289115698715675308342353, 648034417553121620683837890625), 12675454343146 candidates (MITM path)
  MITM b1=305: s=3 t=3 j=3 je=3 Q=28372625 table=122763473 yh=103252
stage b2=498 vs b1={306}: values [467221447269921365272965629952, 673995687544113646503571623936), 13555650943222 candidates (MITM path)
  MITM b1=306: s=3 t=3 j=3 je=3 Q=28652616 table=123505992 yh=109758
stage b2=499 vs b1={307}: values [477645842414670666895611255499, 700907174940351875150276622001), 14461396668218 candidates (MITM path)
  MITM b1=307: s=3 t=3 j=3 je=3 Q=28934443 table=124251499 yh=116389
stage b2=500 vs b1={308}: values [488281250000000000000000000000, 728800392748903786995238567936), 15393225135930 candidates (MITM path)
  MITM b1=308: s=3 t=3 j=3 je=3 Q=29218112 table=125000000 yh=123146
stage b2=501 vs b1={309}: values [499131506491608208145638755501, 757707791466420184947746068881), 16351678376966 candidates (MITM path)
  MITM b1=309: s=3 t=3 j=3 je=3 Q=29503629 table=125751501 yh=130032
stage b2=502 vs b1={310}: values [510200510231926645287045634048, 787662783788549761000000000000), 17337306929225 candidates (MITM path)
  MITM b1=310: s=3 t=3 j=3 je=3 Q=29791000 table=126506008 yh=137048
stage b2=503 vs b1={311}: values [521492222311601429966591196647, 818699769887346816976612516321), 18350669933008 candidates (MITM path)
  MITM b1=311: s=3 t=3 j=3 je=3 Q=30080231 table=127263527 yh=144195

*** MATCH: 550026893102473988391592387440 is an 12-digit palindrome in bases 311 and 503
stage b2=504 vs b1={312}: values [533010667451475275290251362304, 850854163267826846772605485056), 19392335226750 candidates (MITM path)
  MITM b1=312: s=3 t=3 j=3 je=3 Q=30371328 table=128024064 yh=151475
stage b2=505 vs b1={313}: values [544759934895174099174853515625, 884162417215006648162206715681), 20462879443383 candidates (MITM path)
  MITM b1=313: s=3 t=3 j=3 je=3 Q=30664297 table=128787625 yh=158889
done: 170.84s, 161659369 candidates tested
