A171740 search: n=12, threads=1, limit=none
stage b2=114 vs b1={77}: values [42262322980951656843264, 43439888521963583647921), 536483020 candidates (MITM path)
  MITM b1=77: s=4 t=2 j=2 je=3 Q=5929 table=12996 yh=41281
stage b2=115 vs b1={78}: values [46523913960640966796875, 50714860157241037295616), 1811861694 candidates (MITM path)
  MITM b1=78: s=4 t=2 j=2 je=3 Q=6084 table=13225 yh=137003
stage b2=116 vs b1={79}: values [51172646912339021398016, 59091511031674153381441), 3250236444 candidates (MITM path)
  MITM b1=79: s=4 t=2 j=2 je=3 Q=6241 table=13456 yh=241546
stage b2=117 vs b1={80}: values [56239892154164025151533, 68719476736000000000000), 4865023679 candidates (MITM path)
  MITM b1=80: s=4 t=2 j=2 je=3 Q=6400 table=13689 yh=355397
stage b2=118 vs b1={81}: values [61759259534823101765632, 79766443076872509863361), 6670428716 candidates (MITM path)
  MITM b1=81: s=3 t=3 j=3 je=3 Q=531441 table=1643032 yh=4060
stage b2=119 vs b1={82}: values [67766737102405685929319, 92420056270299898187776), 8681477218 candidates (MITM path)
  MITM b1=82: s=3 t=3 j=3 je=3 Q=551368 table=1685159 yh=5152
stage b2=120 vs b1={83}: values [74300837068800000000000, 106890007738661124410161), 10914047320 candidates (MITM path)
  MITM b1=83: s=3 t=3 j=3 je=3 Q=571787 table=1728000 yh=6316
stage b2=121 vs b1={84}: values [81402749386839761113321, 123410307017276135571456), 13384902438 candidates (MITM path)
  MITM b1=84: s=3 t=3 j=3 je=3 Q=592704 table=1771561 yh=7556
stage b2=122 vs b1={85}: values [89116503268220597577728, 142241757136172119140625), 16111724769 candidates (MITM path)
  MITM b1=85: s=3 t=3 j=3 je=3 Q=614125 table=1815848 yh=8873
stage b2=123 vs b1={86}: values [97489136981438262577827, 163674647745587512938496), 19113149469 candidates (MITM path)
  MITM b1=86: s=3 t=3 j=3 je=3 Q=636056 table=1860867 yh=10272
stage b2=124 vs b1={87}: values [106570876280498368282624, 188031682201497672618081), 22408799532 candidates (MITM path)
  MITM b1=87: s=3 t=3 j=3 je=3 Q=658503 table=1906624 yh=11754
stage b2=125 vs b1={88}: values [116415321826934814453125, 215671155821681003462656), 26019321347 candidates (MITM path)
  MITM b1=88: s=3 t=3 j=3 je=3 Q=681472 table=1953125 yh=13322
stage b2=126 vs b1={89}: values [127079645979756182501376, 246990403565262140303521), 29966420963 candidates (MITM path)
  MITM b1=89: s=3 t=3 j=3 je=3 Q=704969 table=2000376 yh=14981
stage b2=127 vs b1={90}: values [138624799340320978519423, 282429536481000000000000), 34272901031 candidates (MITM path)
  MITM b1=90: s=3 t=3 j=3 je=3 Q=729000 table=2048383 yh=16732

*** MATCH: 195506276091457242084992 is an 12-digit palindrome in bases 90 and 127
stage b2=128 vs b1={91}: values [151115727451828646838272, 322475487413604782665681), 38962698446 candidates (MITM path)
  MITM b1=91: s=3 t=3 j=3 je=3 Q=753571 table=2097152 yh=18579
stage b2=129 vs b1={92}: values [164621598066108688876929, 367666387654882241806336), 44060922691 candidates (MITM path)
  MITM b1=92: s=3 t=3 j=3 je=3 Q=778688 table=2146689 yh=20526
stage b2=130 vs b1={93}: values [179216039403700000000000, 418596297479370673535601), 49593894865 candidates (MITM path)
  MITM b1=93: s=3 t=3 j=3 je=3 Q=804357 table=2197000 yh=22574
stage b2=131 vs b1={94}: values [194977389846841709335931, 475920314814253376475136), 55589187418 candidates (MITM path)
  MITM b1=94: s=3 t=3 j=3 je=3 Q=830584 table=2248091 yh=24728
done: 1.01s, 873652 candidates tested
