A171740 search: n=12, threads=1, limit=none
stage b2=389 vs b1={237}: values [30863531265827924755035773789, 31403651714183943747186386481), 155880938389 candidates (MITM path)
  MITM b1=237: s=4 t=2 j=2 je=3 Q=56169 table=151321 yh=1030135
stage b2=390 vs b1={238}: values [31747583732247243900000000000, 33031134065402989058412384256), 364775164189 candidates (MITM path)
  MITM b1=238: s=4 t=2 j=2 je=3 Q=56644 table=152100 yh=2398259
stage b2=391 vs b1={239}: values [32654597224127007351927104791, 34735600510611194263176918721), 582387736993 candidates (MITM path)
  MITM b1=239: s=4 t=2 j=2 je=3 Q=57121 table=152881 yh=3809419
stage b2=392 vs b1={240}: values [33585107073752721624827691008, 36520347436056576000000000000), 808960411083 candidates (MITM path)
  MITM b1=240: s=4 t=2 j=2 je=3 Q=57600 table=153664 yh=5264476
stage b2=393 vs b1={241}: values [34539659679198468283732168857, 38388797722185519065061084481), 1044739907393 candidates (MITM path)
  MITM b1=241: s=4 t=2 j=2 je=3 Q=58081 table=154449 yh=6764304
stage b2=394 vs b1={242}: values [35518812703959534278923577344, 40344505040107975043939700736), 1289977985828 candidates (MITM path)
  MITM b1=242: s=4 t=2 j=2 je=3 Q=58564 table=155236 yh=8309787
stage b2=395 vs b1={243}: values [36523135279664107855419921875, 42391158275216203514294433201), 1544931518208 candidates (MITM path)
  MITM b1=243: s=4 t=2 j=2 je=3 Q=59049 table=156025 yh=9901821
stage b2=396 vs b1={244}: values [37553208211903514205902340096, 44532586081169051256761614336), 1809862561838 candidates (MITM path)
  MITM b1=244: s=4 t=2 j=2 je=3 Q=59536 table=156816 yh=11541314
stage b2=397 vs b1={245}: values [38609624189220868855209238453, 46772761567521097265869140625), 2085038433687 candidates (MITM path)
  MITM b1=245: s=4 t=2 j=2 je=3 Q=60025 table=157609 yh=13229184
stage b2=398 vs b1={246}: values [39692987995298433674858903552, 49115807124344448192809865216), 2370731785213 candidates (MITM path)
  MITM b1=246: s=4 t=2 j=2 je=3 Q=60516 table=158404 yh=14966364
stage b2=399 vs b1={247}: values [40803916724384370442551204399, 51565999387260564203827465441), 2667220677790 candidates (MITM path)
  MITM b1=247: s=3 t=3 j=3 je=3 Q=15069223 table=63521199 yh=41990
stage b2=400 vs b1={248}: values [41943040000000000000000000000, 54127774346370243244217860096), 2974788658782 candidates (MITM path)
  MITM b1=248: s=3 t=3 j=3 je=3 Q=15252992 table=64000000 yh=46482
stage b2=401 vs b1={249}: values [43111000196969091338568804401, 56805732602641806617660372001), 3293724838231 candidates (MITM path)
  MITM b1=249: s=3 t=3 j=3 je=3 Q=15438249 table=64481201 yh=51081
stage b2=402 vs b1={250}: values [44308452666811124371870107648, 59604644775390625000000000000), 3624323966180 candidates (MITM path)
  MITM b1=250: s=3 t=3 j=3 je=3 Q=15625000 table=64964808 yh=55790
stage b2=403 vs b1={251}: values [45536065966540892753630392747, 62529457064557415999535378001), 3966886510626 candidates (MITM path)
  MITM b1=251: s=3 t=3 j=3 je=3 Q=15813251 table=65450827 yh=60609
stage b2=404 vs b1={252}: values [46794522090917238883645128704, 65585296971568246764230148096), 4321718736097 candidates (MITM path)
  MITM b1=252: s=3 t=3 j=3 je=3 Q=16003008 table=65939264 yh=65541
stage b2=405 vs b1={253}: values [48084516708184142230517578125, 68777479182635902650515347441), 4689132782874 candidates (MITM path)
  MITM b1=253: s=3 t=3 j=3 je=3 Q=16194277 table=66430125 yh=70588
stage b2=406 vs b1={254}: values [49406759399347814303098771456, 72111511618440250457975689216), 5069446746832 candidates (MITM path)
  MITM b1=254: s=3 t=3 j=3 je=3 Q=16387064 table=66923416 yh=75750
stage b2=407 vs b1={255}: values [50761973901033889039170022343, 75593101654204447168212890625), 5462984759924 candidates (MITM path)
  MITM b1=255: s=3 t=3 j=3 je=3 Q=16581375 table=67419143 yh=81031
stage b2=408 vs b1={256}: values [52150898351969236066020360192, 79228162514264337593543950336), 5870077071293 candidates (MITM path)
  MITM b1=256: s=3 t=3 j=3 je=3 Q=16777216 table=67917312 yh=86430
stage b2=409 vs b1={257}: values [53574285543133366239295624009, 83022819845310162051379891201), 6291060129029 candidates (MITM path)
  MITM b1=257: s=3 t=3 j=3 je=3 Q=16974593 table=68417929 yh=91951
stage b2=410 vs b1={258}: values [55032903171624844100000000000, 86983418472562773463547252736), 6726276662555 candidates (MITM path)
  MITM b1=258: s=3 t=3 j=3 je=3 Q=17173512 table=68921000 yh=97595
stage b2=411 vs b1={259}: values [56527534098288570421020715011, 91116529343230957588293738481), 7176075765650 candidates (MITM path)
  MITM b1=259: s=3 t=3 j=3 je=3 Q=17373979 table=69426531 yh=103363
stage b2=412 vs b1={260}: values [58058976609150249860268556288, 95428956661682176000000000000), 7640812980122 candidates (MITM path)
  MITM b1=260: s=3 t=3 j=3 je=3 Q=17576000 table=69934528 yh=109257
stage b2=413 vs b1={261}: values [59628044680704813913766929637, 99927745220846124633825584721), 8120850380103 candidates (MITM path)
  MITM b1=261: s=3 t=3 j=3 je=3 Q=17779581 table=70444997 yh=115280
stage b2=414 vs b1={262}: values [61235568249106027885106264064, 104620187934458937028636512256), 8616556657003 candidates (MITM path)
  MITM b1=262: s=3 t=3 j=3 je=3 Q=17984728 table=70957944 yh=121432
stage b2=415 vs b1={263}: values [62882393483304972473974609375, 109513833574845676773925608481), 9128307205089 candidates (MITM path)
  MITM b1=263: s=3 t=3 j=3 je=3 Q=18191447 table=71473375 yh=127717
stage b2=416 vs b1={264}: values [64569383062185555852385058816, 114616494721029974161197367296), 9656484207721 candidates (MITM path)
  MITM b1=264: s=3 t=3 j=3 je=3 Q=18399744 table=71991296 yh=134135
stage b2=417 vs b1={265}: values [66297416455745680759191883233, 119936255922052283847900390625), 10201476724219 candidates (MITM path)
  MITM b1=265: s=3 t=3 j=3 je=3 Q=18609625 table=72511713 yh=140688
stage b2=418 vs b1={266}: values [68067390210373163218005624832, 125481482080472289777685958656), 10763680777383 candidates (MITM path)
  MITM b1=266: s=3 t=3 j=3 je=3 Q=18821096 table=73034632 yh=147378
stage b2=419 vs b1={267}: values [69880218238265974987208422619, 131260827061126477105043503761), 11343499441653 candidates (MITM path)
  MITM b1=267: s=3 t=3 j=3 je=3 Q=19034163 table=73560059 yh=154208
stage b2=420 vs b1={268}: values [71736832111046860800000000000, 137283242530308845011443122176), 11941342931914 candidates (MITM path)
  MITM b1=268: s=3 t=3 j=3 je=3 Q=19248832 table=74088000 yh=161178
stage b2=421 vs b1={269}: values [73638181357622863863877426621, 143557987030641165766449098161), 12557628692955 candidates (MITM path)
  MITM b1=269: s=3 t=3 j=3 je=3 Q=19465109 table=74618461 yh=168292
stage b2=422 vs b1={270}: values [75585233766340778979313276928, 150094635296999121000000000000), 13192781489568 candidates (MITM path)
  MITM b1=270: s=3 t=3 j=3 je=3 Q=19683000 table=75151448 yh=175550

*** MATCH: 115542230619369180927937878567 is an 12-digit palindrome in bases 270 and 422
stage b2=423 vs b1={271}: values [77578975691490042023332369527, 156903087818962082857498424641), 13847233497295 candidates (MITM path)
  MITM b1=271: s=3 t=3 j=3 je=3 Q=19902511 table=75686967 yh=182955
stage b2=424 vs b1={272}: values [79620412364205057441922023424, 163993580655357272581489033216), 14521424393833 candidates (MITM path)
  MITM b1=272: s=3 t=3 j=3 je=3 Q=20123648 table=76225024 yh=190508

*** MATCH: 92582682696105992547043074825 is an 12-digit palindrome in bases 272 and 424
stage b2=425 vs b1={273}: values [81710568207819461822509765625, 171376695506573539304632176321), 15215801451079 candidates (MITM path)
  MITM b1=273: s=3 t=3 j=3 je=3 Q=20346417 table=76765625 yh=198212
stage b2=426 vs b1={274}: values [83850487157725321590910642176, 179063370050426074779119128576), 15930819627828 candidates (MITM path)
  MITM b1=274: s=3 t=3 j=3 je=3 Q=20570824 table=77308776 yh=206068
stage b2=427 vs b1={275}: values [86041232985790766413028611123, 187064908547461032867431640625), 16666941663132 candidates (MITM path)
  MITM b1=275: s=3 t=3 j=3 je=3 Q=20796875 table=77854483 yh=214079
stage b2=428 vs b1={276}: values [88283889629390066997077737472, 195392992721698273467801010176), 17424638170294 candidates (MITM path)
  MITM b1=276: s=3 t=3 j=3 je=3 Q=21024576 table=78402752 yh=222246
stage b2=429 vs b1={277}: values [90579561525100676704093790229, 204059692922921316864296943121), 18204387731531 candidates (MITM path)
  MITM b1=277: s=3 t=3 j=3 je=3 Q=21253933 table=78953589 yh=230571
done: 184.64s, 79803583 candidates tested
