A171740 search: n=12, threads=1, limit=none
stage b2=341 vs b1={210}: values [7249334990994258712381121741, 7355827511386641000000000000), 67731833450 candidates (MITM path)
  MITM b1=210: s=4 t=2 j=2 je=3 Q=44100 table=116281 yh=582485
stage b2=342 vs b1={211}: values [7486643729106643154813687808, 7787345861668898615544483121), 187922971818 candidates (MITM path)
  MITM b1=211: s=4 t=2 j=2 je=3 Q=44521 table=116964 yh=1606674
stage b2=343 vs b1={212}: values [7730993719707444524137094407, 8241956748638414149261459456), 313779637794 candidates (MITM path)
  MITM b1=212: s=4 t=2 j=2 je=3 Q=44944 table=117649 yh=2667083
stage b2=344 vs b1={213}: values [7982572438812891719395180544, 8720778205368893309992171281), 445478530077 candidates (MITM path)
  MITM b1=213: s=4 t=2 j=2 je=3 Q=45369 table=118336 yh=3764523
stage b2=345 vs b1={214}: values [8241571786385665345166015625, 9224976748383532391296208896), 583200415677 candidates (MITM path)
  MITM b1=214: s=4 t=2 j=2 je=3 Q=45796 table=119025 yh=4899815
stage b2=346 vs b1={215}: values [8508188177411469292077623296, 9755769237612933691650390625), 727130196029 candidates (MITM path)
  MITM b1=215: s=4 t=2 j=2 je=3 Q=46225 table=119716 yh=6073793
stage b2=347 vs b1={216}: values [8782622634578054336274824003, 10314424798490535546171949056), 877456973741 candidates (MITM path)
  MITM b1=216: s=4 t=2 j=2 je=3 Q=46656 table=120409 yh=7287304
stage b2=348 vs b1={217}: values [9065080882580120623594340352, 10902266807956484097280908961), 1034374119966 candidates (MITM path)
  MITM b1=217: s=4 t=2 j=2 je=3 Q=47089 table=121104 yh=8541206
stage b2=349 vs b1={218}: values [9355773444073799096880141349, 11520674946182735813538942976), 1198079342407 candidates (MITM path)
  MITM b1=218: s=4 t=2 j=2 je=3 Q=47524 table=121801 yh=9836368
stage b2=350 vs b1={219}: values [9654915737304687500000000000, 12171087315874829579909431761), 1368774753959 candidates (MITM path)
  MITM b1=219: s=3 t=3 j=3 je=3 Q=10503459 table=42875000 yh=31925
stage b2=351 vs b1={220}: values [9962728175433694563518616351, 12855002631049216000000000000), 1546666941980 candidates (MITM path)
  MITM b1=220: s=3 t=3 j=3 je=3 Q=10648000 table=43243551 yh=35767
stage b2=352 vs b1={221}: values [10279436267585226358493544448, 13573982477229290545823357041), 1731967038198 candidates (MITM path)
  MITM b1=221: s=3 t=3 j=3 je=3 Q=10793861 table=43614208 yh=39712
stage b2=353 vs b1={222}: values [10605270721642531610378603297, 14329653645048357641297596416), 1924890789251 candidates (MITM path)
  MITM b1=222: s=3 t=3 j=3 je=3 Q=10941048 table=43986977 yh=43761
stage b2=354 vs b1={223}: values [10940467548815308008476411904, 15123710539293666054338805121), 2125658627874 candidates (MITM path)
  MITM b1=223: s=3 t=3 j=3 je=3 Q=11089567 table=44361864 yh=47917
stage b2=355 vs b1={224}: values [11285268170004959241748046875, 15957917665472413585874354176), 2334495744712 candidates (MITM path)
  MITM b1=224: s=3 t=3 j=3 je=3 Q=11239424 table=44738875 yh=52181
stage b2=356 vs b1={225}: values [11639919523993182653074374656, 16834112196028232574462890625), 2551632160779 candidates (MITM path)
  MITM b1=225: s=3 t=3 j=3 je=3 Q=11390625 table=45118016 yh=56555
stage b2=357 vs b1={226}: values [12004674177479860045321072893, 17754206618385148880104984576), 2777302800555 candidates (MITM path)
  MITM b1=226: s=3 t=3 j=3 je=3 Q=11543176 table=45499293 yh=61041
stage b2=358 vs b1={227}: values [12379790436996519307878356992, 18720191467045367574023614321), 3011747565728 candidates (MITM path)
  MITM b1=227: s=3 t=3 j=3 je=3 Q=11697083 table=45882712 yh=65641
stage b2=359 vs b1={228}: values [12765532462721932175857515959, 19734138142017490453021065216), 3255211409575 candidates (MITM path)
  MITM b1=228: s=3 t=3 j=3 je=3 Q=11852352 table=46268279 yh=70356
stage b2=360 vs b1={229}: values [13162170384226713600000000000, 20798201815902925734870098641), 3507944411984 candidates (MITM path)
  MITM b1=229: s=3 t=3 j=3 je=3 Q=12008989 table=46656000 yh=75188
stage b2=361 vs b1={230}: values [13569980418174090907801371961, 21914624432020321000000000000), 3770201855129 candidates (MITM path)
  MITM b1=230: s=3 t=3 j=3 je=3 Q=12167000 table=47045881 yh=80139
stage b2=362 vs b1={231}: values [13989244988004316189622233088, 23085737796000848857434784161), 4042244299779 candidates (MITM path)
  MITM b1=231: s=3 t=3 j=3 je=3 Q=12326391 table=47437928 yh=85212
stage b2=363 vs b1={232}: values [14420252845630503161941475187, 24313966763341113270967730176), 4324337662267 candidates (MITM path)
  MITM b1=232: s=3 t=3 j=3 je=3 Q=12487168 table=47832147 yh=90407
stage b2=364 vs b1={233}: values [14863299195173980157734027264, 25601832525455335435322705761), 4616753292093 candidates (MITM path)
  MITM b1=233: s=3 t=3 j=3 je=3 Q=12649337 table=48228544 yh=95727
stage b2=365 vs b1={234}: values [15318685818767563885595703125, 26951955996824334101419462656), 4919768050182 candidates (MITM path)
  MITM b1=234: s=3 t=3 j=3 je=3 Q=12812904 table=48627125 yh=101174
stage b2=366 vs b1={235}: values [15786721204455474199101782016, 28367061305895648984619140625), 5233664387797 candidates (MITM path)
  MITM b1=235: s=3 t=3 j=3 je=3 Q=12977875 table=49027896 yh=106749
stage b2=367 vs b1={236}: values [16267720676218928340423448783, 29849979392446980130179383296), 5558730426086 candidates (MITM path)
  MITM b1=236: s=3 t=3 j=3 je=3 Q=13144256 table=49430863 yh=112455
stage b2=368 vs b1={237}: values [16762006526156773981926981632, 31403651714183943747186386481), 5895260036299 candidates (MITM path)
  MITM b1=237: s=3 t=3 j=3 je=3 Q=13312053 table=49836032 yh=118294
stage b2=369 vs b1={238}: values [17269908148850843900874319569, 33031134065402989058412384256), 6243552920644 candidates (MITM path)
  MITM b1=238: s=3 t=3 j=3 je=3 Q=13481272 table=50243409 yh=124267
stage b2=370 vs b1={239}: values [17791762177946041300000000000, 34735600510611194263176918721), 6603914693800 candidates (MITM path)
  MITM b1=239: s=3 t=3 j=3 je=3 Q=13651919 table=50653000 yh=130376
stage b2=371 vs b1={240}: values [18327912624975493645267978571, 36520347436056576000000000000), 6976656965086 candidates (MITM path)
  MITM b1=240: s=3 t=3 j=3 je=3 Q=13824000 table=51064811 yh=136624
stage b2=372 vs b1={241}: values [18878711020461444446161993728, 38388797722185519065061084481), 7362097421280 candidates (MITM path)
  MITM b1=241: s=3 t=3 j=3 je=3 Q=13997521 table=51478848 yh=143013
stage b2=373 vs b1={242}: values [19444516557322886668124300077, 40344505040107975043939700736), 7760559910100 candidates (MITM path)
  MITM b1=242: s=3 t=3 j=3 je=3 Q=14172488 table=51895117 yh=149544

*** MATCH: 22103234893112723608414234518 is an 12-digit palindrome in bases 242 and 373
stage b2=374 vs b1={243}: values [20025696236621278455959066624, 42391158275216203514294433201), 8172374524333 candidates (MITM path)
  MITM b1=243: s=3 t=3 j=3 je=3 Q=14348907 table=52313624 yh=156219
stage b2=375 vs b1={244}: values [20622625015676021575927734375, 44532586081169051256761614336), 8597877686630 candidates (MITM path)
  MITM b1=244: s=3 t=3 j=3 je=3 Q=14526784 table=52734375 yh=163042
stage b2=376 vs b1={245}: values [21235685958581725467693285376, 46772761567521097265869140625), 9037412234952 candidates (MITM path)
  MITM b1=245: s=3 t=3 j=3 je=3 Q=14706125 table=53157376 yh=170013
stage b2=377 vs b1={246}: values [21865270389159625050067741673, 49115807124344448192809865216), 9491327508680 candidates (MITM path)
  MITM b1=246: s=3 t=3 j=3 je=3 Q=14886936 table=53582633 yh=177135
done: 128.52s, 47214688 candidates tested
