A171740 search: n=12, threads=1, limit=none
stage b2=382 vs b1={233}: values [25275339165644378498708666368, 25601832525455335435322705761), 105073736314 candidates (MITM path)
  MITM b1=233: s=4 t=2 j=2 je=3 Q=54289 table=145924 yh=720058
stage b2=383 vs b1={234}: values [26012764767708918581052067967, 26951955996824334101419462656), 297550979564 candidates (MITM path)
  MITM b1=234: s=4 t=2 j=2 je=3 Q=54756 table=146689 yh=2028448
stage b2=384 vs b1={235}: values [26769697770909089301459369984, 28367061305895648984619140625), 498214565116 candidates (MITM path)
  MITM b1=235: s=4 t=2 j=2 je=3 Q=55225 table=147456 yh=3378734
stage b2=385 vs b1={236}: values [27546601386188352049462890625, 29849979392446980130179383296), 707295408188 candidates (MITM path)
  MITM b1=236: s=4 t=2 j=2 je=3 Q=55696 table=148225 yh=4771769
stage b2=386 vs b1={237}: values [28343948575831725778577524736, 31403651714183943747186386481), 925029246409 candidates (MITM path)
  MITM b1=237: s=4 t=2 j=2 je=3 Q=56169 table=148996 yh=6208417
stage b2=387 vs b1={238}: values [29162222232616955908481341563, 33031134065402989058412384256), 1151656711156 candidates (MITM path)
  MITM b1=238: s=4 t=2 j=2 je=3 Q=56644 table=149769 yh=7689554
stage b2=388 vs b1={239}: values [30001915361779480272056614912, 34735600510611194263176918721), 1387423399527 candidates (MITM path)
  MITM b1=239: s=4 t=2 j=2 je=3 Q=57121 table=150544 yh=9216066
stage b2=389 vs b1={240}: values [30863531265827924755035773789, 36520347436056576000000000000), 1632579946923 candidates (MITM path)
  MITM b1=240: s=4 t=2 j=2 je=3 Q=57600 table=151321 yh=10788853
stage b2=390 vs b1={241}: values [31747583732247243900000000000, 38388797722185519065061084481), 1887382100268 candidates (MITM path)
  MITM b1=241: s=4 t=2 j=2 je=3 Q=58081 table=152100 yh=12408824
stage b2=391 vs b1={242}: values [32654597224127007351927104791, 40344505040107975043939700736), 2152090791839 candidates (MITM path)
  MITM b1=242: s=4 t=2 j=2 je=3 Q=58564 table=152881 yh=14076902
stage b2=392 vs b1={243}: values [33585107073752721624827691008, 42391158275216203514294433201), 2426972213737 candidates (MITM path)
  MITM b1=243: s=3 t=3 j=3 je=3 Q=14348907 table=60236288 yh=40291
stage b2=393 vs b1={244}: values [34539659679198468283732168857, 44532586081169051256761614336), 2712297892978 candidates (MITM path)
  MITM b1=244: s=3 t=3 j=3 je=3 Q=14526784 table=60698457 yh=44685
stage b2=394 vs b1={245}: values [35518812703959534278923577344, 46772761567521097265869140625), 3008344767211 candidates (MITM path)
  MITM b1=245: s=3 t=3 j=3 je=3 Q=14706125 table=61162984 yh=49186
stage b2=395 vs b1={246}: values [36523135279664107855419921875, 49115807124344448192809865216), 3315395261069 candidates (MITM path)
  MITM b1=246: s=3 t=3 j=3 je=3 Q=14886936 table=61629875 yh=53796
stage b2=396 vs b1={247}: values [37553208211903514205902340096, 51565999387260564203827465441), 3633737363154 candidates (MITM path)
  MITM b1=247: s=3 t=3 j=3 je=3 Q=15069223 table=62099136 yh=58516
stage b2=397 vs b1={248}: values [38609624189220868855209238453, 54127774346370243244217860096), 3963664703647 candidates (MITM path)
  MITM b1=248: s=3 t=3 j=3 je=3 Q=15252992 table=62570773 yh=63347
stage b2=398 vs b1={249}: values [39692987995298433674858903552, 56805732602641806617660372001), 4305476632550 candidates (MITM path)
  MITM b1=249: s=3 t=3 j=3 je=3 Q=15438249 table=63044792 yh=68293
stage b2=399 vs b1={250}: values [40803916724384370442551204399, 59604644775390625000000000000), 4659478298576 candidates (MITM path)
  MITM b1=250: s=3 t=3 j=3 je=3 Q=15625000 table=63521199 yh=73354
stage b2=400 vs b1={251}: values [41943040000000000000000000000, 62529457064557415999535378001), 5025980728652 candidates (MITM path)
  MITM b1=251: s=3 t=3 j=3 je=3 Q=15813251 table=64000000 yh=78531
stage b2=401 vs b1={252}: values [43111000196969091338568804401, 65585296971568246764230148096), 5405300908078 candidates (MITM path)
  MITM b1=252: s=3 t=3 j=3 je=3 Q=16003008 table=64481201 yh=83828
stage b2=402 vs b1={253}: values [44308452666811124371870107648, 68777479182635902650515347441), 5797761861311 candidates (MITM path)
  MITM b1=253: s=3 t=3 j=3 je=3 Q=16194277 table=64964808 yh=89245
stage b2=403 vs b1={254}: values [45536065966540892753630392747, 72111511618440250457975689216), 6203692733388 candidates (MITM path)
  MITM b1=254: s=3 t=3 j=3 je=3 Q=16387064 table=65450827 yh=94785
stage b2=404 vs b1={255}: values [46794522090917238883645128704, 75593101654204447168212890625), 6623428871994 candidates (MITM path)
  MITM b1=255: s=3 t=3 j=3 je=3 Q=16581375 table=65939264 yh=100448
stage b2=405 vs b1={256}: values [48084516708184142230517578125, 79228162514264337593543950336), 7057311910163 candidates (MITM path)
  MITM b1=256: s=3 t=3 j=3 je=3 Q=16777216 table=66430125 yh=106237
stage b2=406 vs b1={257}: values [49406759399347814303098771456, 83022819845310162051379891201), 7505689849625 candidates (MITM path)
  MITM b1=257: s=3 t=3 j=3 je=3 Q=16974593 table=66923416 yh=112154
stage b2=407 vs b1={258}: values [50761973901033889039170022343, 86983418472562773463547252736), 7968917144789 candidates (MITM path)
  MITM b1=258: s=3 t=3 j=3 je=3 Q=17173512 table=67419143 yh=118200
stage b2=408 vs b1={259}: values [52150898351969236066020360192, 91116529343230957588293738481), 8447354787371 candidates (MITM path)
  MITM b1=259: s=3 t=3 j=3 je=3 Q=17373979 table=67917312 yh=124378
stage b2=409 vs b1={260}: values [53574285543133366239295624009, 95428956661682176000000000000), 8941370391669 candidates (MITM path)
  MITM b1=260: s=3 t=3 j=3 je=3 Q=17576000 table=68417929 yh=130688
stage b2=410 vs b1={261}: values [55032903171624844100000000000, 99927745220846124633825584721), 9451338280478 candidates (MITM path)
  MITM b1=261: s=3 t=3 j=3 je=3 Q=17779581 table=68921000 yh=137133
stage b2=411 vs b1={262}: values [56527534098288570421020715011, 104620187934458937028636512256), 9977639571650 candidates (MITM path)
  MITM b1=262: s=3 t=3 j=3 je=3 Q=17984728 table=69426531 yh=143716
stage b2=412 vs b1={263}: values [58058976609150249860268556288, 109513833574845676773925608481), 10520662265303 candidates (MITM path)
  MITM b1=263: s=3 t=3 j=3 je=3 Q=18191447 table=69934528 yh=150436
stage b2=413 vs b1={264}: values [59628044680704813913766929637, 114616494721029974161197367296), 11080801331674 candidates (MITM path)
  MITM b1=264: s=3 t=3 j=3 je=3 Q=18399744 table=70444997 yh=157298
stage b2=414 vs b1={265}: values [61235568249106027885106264064, 119936255922052283847900390625), 11658458799622 candidates (MITM path)
  MITM b1=265: s=3 t=3 j=3 je=3 Q=18609625 table=70957944 yh=164301
stage b2=415 vs b1={266}: values [62882393483304972473974609375, 125481482080472289777685958656), 12254043845778 candidates (MITM path)
  MITM b1=266: s=3 t=3 j=3 je=3 Q=18821096 table=71473375 yh=171450
stage b2=416 vs b1={267}: values [64569383062185555852385058816, 131260827061126477105043503761), 12867972884347 candidates (MITM path)
  MITM b1=267: s=3 t=3 j=3 je=3 Q=19034163 table=71991296 yh=178744
stage b2=417 vs b1={268}: values [66297416455745680759191883233, 137283242530308845011443122176), 13500669657553 candidates (MITM path)
  MITM b1=268: s=3 t=3 j=3 je=3 Q=19248832 table=72511713 yh=186187
stage b2=418 vs b1={269}: values [68067390210373163218005624832, 143557987030641165766449098161), 14152565326748 candidates (MITM path)
  MITM b1=269: s=3 t=3 j=3 je=3 Q=19465109 table=73034632 yh=193779
stage b2=419 vs b1={270}: values [69880218238265974987208422619, 150094635296999121000000000000), 14824098564160 candidates (MITM path)
  MITM b1=270: s=3 t=3 j=3 je=3 Q=19683000 table=73560059 yh=201524
stage b2=420 vs b1={271}: values [71736832111046860800000000000, 156903087818962082857498424641), 15515715645298 candidates (MITM path)
  MITM b1=271: s=3 t=3 j=3 je=3 Q=19902511 table=74088000 yh=209423
stage b2=421 vs b1={272}: values [73638181357622863863877426621, 163993580655357272581489033216), 16227870542016 candidates (MITM path)
  MITM b1=272: s=3 t=3 j=3 je=3 Q=20123648 table=74618461 yh=217478
stage b2=422 vs b1={273}: values [75585233766340778979313276928, 171376695506573539304632176321), 16961025016221 candidates (MITM path)
  MITM b1=273: s=3 t=3 j=3 je=3 Q=20346417 table=75151448 yh=225692
stage b2=423 vs b1={274}: values [77578975691490042023332369527, 179063370050426074779119128576), 17715648714246 candidates (MITM path)
  MITM b1=274: s=3 t=3 j=3 je=3 Q=20570824 table=75686967 yh=234065
stage b2=424 vs b1={275}: values [79620412364205057441922023424, 187064908547461032867431640625), 18492219261870 candidates (MITM path)
  MITM b1=275: s=3 t=3 j=3 je=3 Q=20796875 table=76225024 yh=242601
stage b2=425 vs b1={276}: values [81710568207819461822509765625, 195392992721698273467801010176), 19291222360001 candidates (MITM path)
  MITM b1=276: s=3 t=3 j=3 je=3 Q=21024576 table=76765625 yh=251301
stage b2=426 vs b1={277}: values [83850487157725321590910642176, 204059692922921316864296943121), 20113151881011 candidates (MITM path)
  MITM b1=277: s=3 t=3 j=3 je=3 Q=21253933 table=77308776 yh=260167
stage b2=427 vs b1={278}: values [86041232985790766413028611123, 213077479576736094126128828416), 20958509965736 candidates (MITM path)
  MITM b1=278: s=3 t=3 j=3 je=3 Q=21484952 table=77854483 yh=269202
stage b2=428 vs b1={279}: values [88283889629390066997077737472, 222459234928734230114433331041), 21827807121122 candidates (MITM path)
  MITM b1=279: s=3 t=3 j=3 je=3 Q=21717639 table=78402752 yh=278407
stage b2=429 vs b1={280}: values [90579561525100676704093790229, 232218265089212416000000000000), 22721562318546 candidates (MITM path)
  MITM b1=280: s=3 t=3 j=3 je=3 Q=21952000 table=78953589 yh=287784
stage b2=430 vs b1={281}: values [92929373947122270700000000000, 242368312385016936196463417761), 23640303092786 candidates (MITM path)
  MITM b1=281: s=3 t=3 j=3 je=3 Q=22188041 table=79507000 yh=297337
stage b2=431 vs b1={282}: values [95334473350473334338476729231, 252923568025201628647322750976), 24584565641652 candidates (MITM path)
  MITM b1=282: s=3 t=3 j=3 je=3 Q=22425768 table=80062991 yh=307066
stage b2=432 vs b1={283}: values [97796027719021374067408109568, 263898685087308495981516810961), 25554894926286 candidates (MITM path)
  MITM b1=283: s=3 t=3 j=3 je=3 Q=22665187 table=80621568 yh=316974
stage b2=433 vs b1={284}: values [100315226918403349419823702417, 275308791831202866814366253056), 26551844772115 candidates (MITM path)
  MITM b1=284: s=3 t=3 j=3 je=3 Q=22906304 table=81182737 yh=327063
stage b2=434 vs b1={285}: values [102893283053893453600144246784, 287169505347519450195556640625), 27575977970474 candidates (MITM path)
  MITM b1=285: s=3 t=3 j=3 je=3 Q=23149125 table=81746504 yh=337336
stage b2=435 vs b1={286}: values [105531430833275902825341796875, 299496945547901850804899024896), 28627866380885 candidates (MITM path)
  MITM b1=286: s=3 t=3 j=3 je=3 Q=23393656 table=82312875 yh=347794
stage b2=436 vs b1={287}: values [108230927934780930945540161536, 312307749504346137016129649281), 29708091034007 candidates (MITM path)
  MITM b1=287: s=3 t=3 j=3 je=3 Q=23639903 table=82881856 yh=358440
stage b2=437 vs b1={288}: values [110993055380142725966855596013, 325619086145088897570576531456), 30817242235248 candidates (MITM path)
  MITM b1=288: s=3 t=3 j=3 je=3 Q=23887872 table=83453453 yh=369275
stage b2=438 vs b1={289}: values [113819117912838588948194138112, 339448671314611904643504117121), 31955919669039 candidates (MITM path)
  MITM b1=289: s=3 t=3 j=3 je=3 Q=24137569 table=84027672 yh=380303
stage b2=439 vs b1={290}: values [116710444381569143360604716839, 353814783205469041000000000000), 33124732503777 candidates (MITM path)
  MITM b1=290: s=3 t=3 j=3 je=3 Q=24389000 table=84604519 yh=391525
stage b2=440 vs b1={291}: values [119668388129039974400000000000, 368736278169776566314796884081), 34324299497436 candidates (MITM path)
  MITM b1=291: s=3 t=3 j=3 je=3 Q=24642171 table=85184000 yh=402944
stage b2=441 vs b1={292}: values [122694327386105632949003612841, 384232606918345112299069505536), 35555249103842 candidates (MITM path)
  MITM b1=292: s=3 t=3 j=3 je=3 Q=24897088 table=85766121 yh=414561
stage b2=442 vs b1={293}: values [125789665671337497908806494208, 400323831115571027902364072401), 36818219579614 candidates (MITM path)
  MITM b1=293: s=3 t=3 j=3 je=3 Q=25153757 table=86350888 yh=426380
stage b2=443 vs b1={294}: values [128955832196077553484700318307, 417030640378345864542952820736), 38113859091780 candidates (MITM path)
  MITM b1=294: s=3 t=3 j=3 je=3 Q=25412184 table=86938307 yh=438402

*** MATCH: 374711524379331533372620163100 is an 12-digit palindrome in bases 294 and 443
stage b2=444 vs b1={295}: values [132194282275040704726925574144, 434374369687385917207275390625), 39442825826055 candidates (MITM path)
  MITM b1=295: s=3 t=3 j=3 je=3 Q=25672375 table=87528384 yh=450629
stage b2=445 vs b1={296}: values [135506497742528825219189453125, 452377017219528840630098722816), 40805788095793 candidates (MITM path)
  MITM b1=296: s=3 t=3 j=3 je=3 Q=25934336 table=88121125 yh=463065
stage b2=446 vs b1={297}: values [138893987374320305288277456896, 471061262609691461042593862241), 42203424451604 candidates (MITM path)
  MITM b1=297: s=3 t=3 j=3 je=3 Q=26198073 table=88716536 yh=475711

*** MATCH: 286840219114952623669534234704 is an 12-digit palindrome in bases 297 and 446
stage b2=447 vs b1={298}: values [142358287315299447497245827903, 490450485651332023716795191296), 43636423791646 candidates (MITM path)
  MITM b1=298: s=3 t=3 j=3 je=3 Q=26463592 table=89314623 yh=488570
stage b2=448 vs b1={299}: values [145900961512890638499422666752, 510568785444411275443565936401), 45105485472588 candidates (MITM path)
  MITM b1=299: s=3 t=3 j=3 je=3 Q=26730899 table=89915392 yh=501644
stage b2=449 vs b1={300}: values [149523602156362812588586992449, 531441000000000000000000000000), 46611319421242 candidates (MITM path)
  MITM b1=300: s=3 t=3 j=3 je=3 Q=27000000 table=90518849 yh=514935
stage b2=450 vs b1={301}: values [153227830122070312500000000000, 553092726310835924575445943601), 48154646246867 candidates (MITM path)
  MITM b1=301: s=3 t=3 j=3 je=3 Q=27270901 table=91125000 yh=528447
stage b2=451 vs b1={302}: values [157015295424696847215234267451, 575550340897290317159369936896), 49736197354148 candidates (MITM path)
  MITM b1=302: s=3 t=3 j=3 je=3 Q=27543608 table=91733851 yh=542180
stage b2=452 vs b1={303}: values [160887677674569844718827470848, 598841020838364120317909320641), 51356715056850 candidates (MITM path)
  MITM b1=303: s=3 t=3 j=3 je=3 Q=27818127 table=92345408 yh=556138
stage b2=453 vs b1={304}: values [164846686541113099864560007197, 622992765297495137011017711616), 53016952692136 candidates (MITM path)
  MITM b1=304: s=3 t=3 j=3 je=3 Q=28094464 table=92959677 yh=570323
stage b2=454 vs b1={305}: values [168894062222506223751543445504, 648034417553121620683837890625), 54717674735575 candidates (MITM path)
  MITM b1=305: s=3 t=3 j=3 je=3 Q=28372625 table=93576664 yh=584737
stage b2=455 vs b1={306}: values [173031575921620011303271484375, 673995687544113646503571623936), 56459656916809 candidates (MITM path)
  MITM b1=306: s=3 t=3 j=3 je=3 Q=28652616 table=94196375 yh=599383
stage b2=456 vs b1={307}: values [177261030328297458104329568256, 700907174940351875150276622001), 58243686335906 candidates (MITM path)
  MITM b1=307: s=3 t=3 j=3 je=3 Q=28934443 table=94818816 yh=614263
stage b2=457 vs b1={308}: values [181584260108050775997625896793, 728800392748903786995238567936), 60070561580382 candidates (MITM path)
  MITM b1=308: s=3 t=3 j=3 je=3 Q=29218112 table=95443993 yh=629381
stage b2=458 vs b1={309}: values [186003132397245379497877563392, 757707791466420184947746068881), 61941092842908 candidates (MITM path)
  MITM b1=309: s=3 t=3 j=3 je=3 Q=29503629 table=96071912 yh=644737
stage b2=459 vs b1={310}: values [190519547304842441752783207059, 787662783788549761000000000000), 63856102039679 candidates (MITM path)
  MITM b1=310: s=3 t=3 j=3 je=3 Q=29791000 table=96702579 yh=660336
stage b2=460 vs b1={311}: values [195135438420772249600000000000, 818699769887346816976612516321), 65816422929478 candidates (MITM path)
  MITM b1=311: s=3 t=3 j=3 je=3 Q=30080231 table=97336000 yh=676178
stage b2=461 vs b1={312}: values [199852773331011222243920083061, 850854163267826846772605485056), 67822901233405 candidates (MITM path)
  MITM b1=312: s=3 t=3 j=3 je=3 Q=30371328 table=97972181 yh=692267
stage b2=462 vs b1={313}: values [204673554139436097229551679488, 884162417215006648162206715681), 69876394755287 candidates (MITM path)
  MITM b1=313: s=3 t=3 j=3 je=3 Q=30664297 table=98611128 yh=708606
stage b2=463 vs b1={314}: values [209599817996529430739834959087, 918662051842949959948040605696), 71977773502769 candidates (MITM path)
  MITM b1=314: s=3 t=3 j=3 je=3 Q=30959144 table=99252847 yh=725197
stage b2=464 vs b1={315}: values [214633637635011206805784100864, 954391681757526337812744140625), 74127919809083 candidates (MITM path)
  MITM b1=315: s=3 t=3 j=3 je=3 Q=31255875 table=99897344 yh=742041
stage b2=465 vs b1={316}: values [219777121912472001814306640625, 991391044344780112897566048256), 76327728455498 candidates (MITM path)
  MITM b1=316: s=3 t=3 j=3 je=3 Q=31554496 table=100544625 yh=759143
stage b2=466 vs b1={317}: values [225032416361083806744810735616, 1029701028696997844179291768561), 78578106794443 candidates (MITM path)
  MITM b1=317: s=3 t=3 j=3 je=3 Q=31855013 table=101194696 yh=776505
stage b2=467 vs b1={318}: values [230401703744465269881211992683, 1069363705188756702611733221376), 80879974873322 candidates (MITM path)
  MITM b1=318: s=3 t=3 j=3 je=3 Q=32157432 table=101847563 yh=794128
stage b2=468 vs b1={319}: values [235887204621778787349175468032, 1110422355715432735355050594561), 83234265558998 candidates (MITM path)
  MITM b1=319: s=3 t=3 j=3 je=3 Q=32461759 table=102503232 yh=812017
stage b2=469 vs b1={320}: values [241491177919137537737896750669, 1152921504606846976000000000000), 85641924662967 candidates (MITM path)
  MITM b1=320: s=3 t=3 j=3 je=3 Q=32768000 table=103161709 yh=830172
stage b2=470 vs b1={321}: values [247215921508401230300000000000, 1196906950228928915420617322241), 88103911067211 candidates (MITM path)
  MITM b1=321: s=3 t=3 j=3 je=3 Q=33076161 table=103823000 yh=848598
stage b2=471 vs b1={322}: values [253063772793440013800811649671, 1242425797286480951825250390016), 90621196850729 candidates (MITM path)
  MITM b1=322: s=3 t=3 j=3 je=3 Q=33386248 table=104487111 yh=867296
stage b2=472 vs b1={323}: values [259037109303946675027997360128, 1289526489840334121941717217521), 93194767416759 candidates (MITM path)
  MITM b1=323: s=3 t=3 j=3 je=3 Q=33698267 table=105154048 yh=886269
stage b2=473 vs b1={324}: values [265138349296877942293007763977, 1338258845052394702439737982976), 95825621620673 candidates (MITM path)
  MITM b1=324: s=3 t=3 j=3 je=3 Q=34012224 table=105823817 yh=905521
stage b2=474 vs b1={325}: values [271369952365606399975686580224, 1388674087672293186187744140625), 98514771898564 candidates (MITM path)
  MITM b1=325: s=3 t=3 j=3 je=3 Q=34328125 table=106496424 yh=925053
stage b2=475 vs b1={326}: values [277734420056865215301513671875, 1440824885279561706440311115776), 101263244396511 candidates (MITM path)
  MITM b1=326: s=3 t=3 j=3 je=3 Q=34645976 table=107171875 yh=944868
stage b2=476 vs b1={327}: values [284234296495568578116086398976, 1494765384295483228389391941921), 104072079100533 candidates (MITM path)
  MITM b1=327: s=3 t=3 j=3 je=3 Q=34965783 table=107850176 yh=964970
done: 678.66s, 85726948 candidates tested
