A171740 search: n=12, threads=1, limit=none
stage b2=98 vs b1={67}: values [8007313507497959524352, 8182718904632857144561), 198009715 candidates (MITM path)
  MITM b1=67: s=4 t=2 j=2 je=3 Q=4489 table=9604 yh=20618
stage b2=99 vs b1={68}: values [8953382542587164451099, 9774779120406941925376), 872452360 candidates (MITM path)
  MITM b1=68: s=4 t=2 j=2 je=3 Q=4624 table=9801 yh=89017
stage b2=100 vs b1={69}: values [10000000000000000000000, 11646329922777311412561), 1646329923 candidates (MITM path)
  MITM b1=69: s=4 t=2 j=2 je=3 Q=4761 table=10000 yh=164633
stage b2=101 vs b1={70}: values [11156683466653165551101, 13841287201000000000000), 2529018157 candidates (MITM path)
  MITM b1=70: s=4 t=2 j=2 je=3 Q=4900 table=10201 yh=247919
stage b2=102 vs b1={71}: values [12433743083946522728448, 16409682740640811134241), 3530520633 candidates (MITM path)
  MITM b1=71: s=3 t=3 j=3 je=3 Q=357911 table=1061208 yh=3327
stage b2=103 vs b1={72}: values [13842338707244455781047, 19408409961765342806016), 4661497048 candidates (MITM path)
  MITM b1=72: s=3 t=3 j=3 je=3 Q=373248 table=1092727 yh=4266
stage b2=104 vs b1={73}: values [15394540563150776827904, 22902048046490258711521), 5933292217 candidates (MITM path)
  MITM b1=73: s=3 t=3 j=3 je=3 Q=389017 table=1124864 yh=5275
stage b2=105 vs b1={74}: values [17103393581163134765625, 26963771415920784510976), 7357965757 candidates (MITM path)
  MITM b1=74: s=3 t=3 j=3 je=3 Q=405224 table=1157625 yh=6357
stage b2=106 vs b1={75}: values [18982985583354248390656, 31676352024078369140625), 8948322467 candidates (MITM path)
  MITM b1=75: s=3 t=3 j=3 je=3 Q=421875 table=1191016 yh=7514
stage b2=107 vs b1={76}: values [21048519522998348950643, 37133262473195501387776), 10717943387 candidates (MITM path)
  MITM b1=76: s=3 t=3 j=3 je=3 Q=438976 table=1225043 yh=8750
stage b2=108 vs b1={77}: values [23316389970546096340992, 43439888521963583647921), 12681217574 candidates (MITM path)
  MITM b1=77: s=3 t=3 j=3 je=3 Q=456533 table=1259712 yh=10067
stage b2=109 vs b1={78}: values [25804264053054077850709, 50714860157241037295616), 14853374551 candidates (MITM path)
  MITM b1=78: s=3 t=3 j=3 je=3 Q=474552 table=1295029 yh=11470
stage b2=110 vs b1={79}: values [28531167061100000000000, 59091511031674153381441), 17250517465 candidates (MITM path)
  MITM b1=79: s=3 t=3 j=3 je=3 Q=493039 table=1331000 yh=12961
stage b2=111 vs b1={80}: values [31517572945366073781711, 68719476736000000000000), 19889656947 candidates (MITM path)
  MITM b1=80: s=3 t=3 j=3 je=3 Q=512000 table=1367631 yh=14544
stage b2=112 vs b1={81}: values [34785499933455142617088, 79766443076872509863361), 22788745657 candidates (MITM path)
  MITM b1=81: s=3 t=3 j=3 je=3 Q=531441 table=1404928 yh=16221
stage b2=113 vs b1={82}: values [38358611506121121577937, 92420056270299898187776), 25966713541 candidates (MITM path)
  MITM b1=82: s=3 t=3 j=3 je=3 Q=551368 table=1442897 yh=17997

*** MATCH: 86695254875984294876154 is an 12-digit palindrome in bases 82 and 113
stage b2=114 vs b1={83}: values [42262322980951656843264, 106890007738661124410161), 29443503784 candidates (MITM path)
  MITM b1=83: s=3 t=3 j=3 je=3 Q=571787 table=1481544 yh=19874
stage b2=115 vs b1={84}: values [46523913960640966796875, 123410307017276135571456), 33240109469 candidates (MITM path)
  MITM b1=84: s=3 t=3 j=3 je=3 Q=592704 table=1520875 yh=21856
stage b2=116 vs b1={85}: values [51172646912339021398016, 142241757136172119140625), 37378610931 candidates (MITM path)
  MITM b1=85: s=3 t=3 j=3 je=3 Q=614125 table=1560896 yh=23947
stage b2=117 vs b1={86}: values [56239892154164025151533, 163674647745587512938496), 41882213824 candidates (MITM path)
  MITM b1=86: s=3 t=3 j=3 je=3 Q=636056 table=1601613 yh=26151
stage b2=118 vs b1={87}: values [61759259534823101765632, 188031682201497672618081), 46775287885 candidates (MITM path)
  MITM b1=87: s=3 t=3 j=3 je=3 Q=658503 table=1643032 yh=28469
stage b2=119 vs b1={88}: values [67766737102405685929319, 215671155821681003462656), 52083406406 candidates (MITM path)
  MITM b1=88: s=3 t=3 j=3 je=3 Q=681472 table=1685159 yh=30908
stage b2=120 vs b1={89}: values [74300837068800000000000, 246990403565262140303521), 57833386414 candidates (MITM path)
  MITM b1=89: s=3 t=3 j=3 je=3 Q=704969 table=1728000 yh=33469
stage b2=121 vs b1={90}: values [81402749386839761113321, 282429536481000000000000), 64053329554 candidates (MITM path)
  MITM b1=90: s=3 t=3 j=3 je=3 Q=729000 table=1771561 yh=36157
done: 1.07s, 693801 candidates tested
