A171740 search: n=12, threads=1, limit=none
stage b2=109 vs b1={74}: values [25804264053054077850709, 26963771415920784510976), 691376356 candidates (MITM path)
  MITM b1=74: s=4 t=2 j=2 je=3 Q=5476 table=11881 yh=58192
stage b2=110 vs b1={75}: values [28531167061100000000000, 31676352024078369140625), 1775374917 candidates (MITM path)
  MITM b1=75: s=4 t=2 j=2 je=3 Q=5625 table=12100 yh=146726
stage b2=111 vs b1={76}: values [31517572945366073781711, 37133262473195501387776), 3002376945 candidates (MITM path)
  MITM b1=76: s=4 t=2 j=2 je=3 Q=5776 table=12321 yh=243680
stage b2=112 vs b1={77}: values [34785499933455142617088, 43439888521963583647921), 4384582594 candidates (MITM path)
  MITM b1=77: s=4 t=2 j=2 je=3 Q=5929 table=12544 yh=349537
stage b2=113 vs b1={78}: values [38358611506121121577937, 50714860157241037295616), 5934935157 candidates (MITM path)
  MITM b1=78: s=3 t=3 j=3 je=3 Q=474552 table=1442897 yh=4114
stage b2=114 vs b1={79}: values [42262322980951656843264, 59091511031674153381441), 7667151685 candidates (MITM path)
  MITM b1=79: s=3 t=3 j=3 je=3 Q=493039 table=1481544 yh=5176
stage b2=115 vs b1={80}: values [46523913960640966796875, 68719476736000000000000), 9595754295 candidates (MITM path)
  MITM b1=80: s=3 t=3 j=3 je=3 Q=512000 table=1520875 yh=6310
stage b2=116 vs b1={81}: values [51172646912339021398016, 79766443076872509863361), 11736102168 candidates (MITM path)
  MITM b1=81: s=3 t=3 j=3 je=3 Q=531441 table=1560896 yh=7519
stage b2=117 vs b1={82}: values [56239892154164025151533, 92420056270299898187776), 14104424228 candidates (MITM path)
  MITM b1=82: s=3 t=3 j=3 je=3 Q=551368 table=1601613 yh=8807
stage b2=118 vs b1={83}: values [61759259534823101765632, 106890007738661124410161), 16717852522 candidates (MITM path)
  MITM b1=83: s=3 t=3 j=3 je=3 Q=571787 table=1643032 yh=10176
stage b2=119 vs b1={84}: values [67766737102405685929319, 123410307017276135571456), 19594456277 candidates (MITM path)
  MITM b1=84: s=3 t=3 j=3 je=3 Q=592704 table=1685159 yh=11628
stage b2=120 vs b1={85}: values [74300837068800000000000, 142241757136172119140625), 22753276665 candidates (MITM path)
  MITM b1=85: s=3 t=3 j=3 je=3 Q=614125 table=1728000 yh=13168
stage b2=121 vs b1={86}: values [81402749386839761113321, 163674647745587512938496), 26214362249 candidates (MITM path)
  MITM b1=86: s=3 t=3 j=3 je=3 Q=636056 table=1771561 yh=14798
stage b2=122 vs b1={87}: values [89116503268220597577728, 188031682201497672618081), 29998805133 candidates (MITM path)
  MITM b1=87: s=3 t=3 j=3 je=3 Q=658503 table=1815848 yh=16521
stage b2=123 vs b1={88}: values [97489136981438262577827, 215671155821681003462656), 34128777803 candidates (MITM path)
  MITM b1=88: s=3 t=3 j=3 je=3 Q=681472 table=1860867 yh=18341
stage b2=124 vs b1={89}: values [106570876280498368282624, 246990403565262140303521), 38627570666 candidates (MITM path)
  MITM b1=89: s=3 t=3 j=3 je=3 Q=704969 table=1906624 yh=20260
stage b2=125 vs b1={90}: values [116415321826934814453125, 282429536481000000000000), 43519630287 candidates (MITM path)
  MITM b1=90: s=3 t=3 j=3 je=3 Q=729000 table=1953125 yh=22283
stage b2=126 vs b1={91}: values [127079645979756182501376, 322475487413604782665681), 48830598328 candidates (MITM path)
  MITM b1=91: s=3 t=3 j=3 je=3 Q=753571 table=2000376 yh=24411
stage b2=127 vs b1={92}: values [138624799340320978519423, 367666387654882241806336), 54587351184 candidates (MITM path)
  MITM b1=92: s=3 t=3 j=3 je=3 Q=778688 table=2048383 yh=26649
stage b2=128 vs b1={93}: values [151115727451828646838272, 418596297479370673535601), 60818040317 candidates (MITM path)
  MITM b1=93: s=3 t=3 j=3 je=3 Q=804357 table=2097152 yh=29001
stage b2=129 vs b1={94}: values [164621598066108688876929, 475920314814253376475136), 67552133301 candidates (MITM path)
  MITM b1=94: s=3 t=3 j=3 je=3 Q=830584 table=2146689 yh=31469
stage b2=130 vs b1={95}: values [179216039403700000000000, 540360087662636962890625), 74820455556 candidates (MITM path)
  MITM b1=95: s=3 t=3 j=3 je=3 Q=857375 table=2197000 yh=34056
stage b2=131 vs b1={96}: values [194977389846841709335931, 612709757329767363772416), 82655232799 candidates (MITM path)
  MITM b1=96: s=3 t=3 j=3 je=3 Q=884736 table=2248091 yh=36767
stage b2=132 vs b1={97}: values [211988959518950443450368, 693842360995438000295041), 91090134188 candidates (MITM path)
  MITM b1=97: s=3 t=3 j=3 je=3 Q=912673 table=2299968 yh=39605

*** MATCH: 471824602455708063553334 is an 12-digit palindrome in bases 97 and 132
stage b2=133 vs b1={98}: values [230339304218442143770717, 784716723734800033386496), 100160316177 candidates (MITM path)
  MITM b1=98: s=3 t=3 j=3 je=3 Q=941192 table=2352637 yh=42574
stage b2=134 vs b1={99}: values [250122512189374498985984, 886384871716129280658801), 109902467071 candidates (MITM path)
  MITM b1=99: s=3 t=3 j=3 je=3 Q=970299 table=2406104 yh=45677
stage b2=135 vs b1={100}: values [271438504226343896484375, 1000000000000000000000000), 120354852295 candidates (MITM path)
  MITM b1=100: s=3 t=3 j=3 je=3 Q=1000000 table=2460375 yh=48918
stage b2=136 vs b1={101}: values [294393347626373780340736, 1126825030131969720661201), 131557360357 candidates (MITM path)
  MITM b1=101: s=3 t=3 j=3 je=3 Q=1030301 table=2515456 yh=52300
stage b2=137 vs b1={102}: values [319099584516184696444313, 1268241794562545318301696), 143551549531 candidates (MITM path)
  MITM b1=102: s=3 t=3 j=3 je=3 Q=1061208 table=2571353 yh=55828
stage b2=138 vs b1={103}: values [345676575099245416998912, 1425760886846178945447841), 156380695235 candidates (MITM path)
  MITM b1=103: s=3 t=3 j=3 je=3 Q=1092727 table=2628072 yh=59504
stage b2=139 vs b1={104}: values [374250856383374715683539, 1601032218567680790102016), 170089838130 candidates (MITM path)
  MITM b1=104: s=3 t=3 j=3 je=3 Q=1124864 table=2685619 yh=63334
stage b2=140 vs b1={105}: values [404956516966400000000000, 1795856326022129150390625), 184725832914 candidates (MITM path)
  MITM b1=105: s=3 t=3 j=3 je=3 Q=1157625 table=2744000 yh=67320
stage b2=141 vs b1={106}: values [437935588474487527439541, 2012196471835550329409536), 200337397838 candidates (MITM path)
  MITM b1=106: s=3 t=3 j=3 je=3 Q=1191016 table=2803221 yh=71467
done: 2.13s, 1245758 candidates tested
