A171740 search: n=12, threads=1, limit=none
stage b2=153 vs b1={101}: values [1075488420943298174695497, 1126825030131969720661201), 4002013921 candidates (MITM path)
  MITM b1=101: s=4 t=2 j=2 je=3 Q=10201 table=23409 yh=170961
stage b2=154 vs b1={102}: values [1155388203804953497544704, 1268241794562545318301696), 8460403124 candidates (MITM path)
  MITM b1=102: s=4 t=2 j=2 je=3 Q=10404 table=23716 yh=356739
stage b2=155 vs b1={103}: values [1240648285957267138671875, 1425760886846178945447841), 13348909656 candidates (MITM path)
  MITM b1=103: s=4 t=2 j=2 je=3 Q=10609 table=24025 yh=555626
stage b2=156 vs b1={104}: values [1331590174384995440787456, 1601032218567680790102016), 18694668762 candidates (MITM path)
  MITM b1=104: s=4 t=2 j=2 je=3 Q=10816 table=24336 yh=768190
stage b2=157 vs b1={105}: values [1428552404463186019525093, 1795856326022129150390625), 24526052339 candidates (MITM path)
  MITM b1=105: s=3 t=3 j=3 je=3 Q=1157625 table=3869893 yh=6338
stage b2=158 vs b1={106}: values [1531891323960362862344192, 2012196471835550329409536), 30872707601 candidates (MITM path)
  MITM b1=106: s=3 t=3 j=3 je=3 Q=1191016 table=3944312 yh=7828
stage b2=159 vs b1={107}: values [1641981907780495624833759, 2252191588960823337718801), 37765596412 candidates (MITM path)
  MITM b1=107: s=3 t=3 j=3 je=3 Q=1225043 table=4019679 yh=9396
stage b2=160 vs b1={108}: values [1759218604441600000000000, 2518170116818978404827136), 45237035297 candidates (MITM path)
  MITM b1=108: s=3 t=3 j=3 je=3 Q=1259712 table=4096000 yh=11045
stage b2=161 vs b1={109}: values [1884016215314563749249761, 2812664781782894485727281), 53320736124 candidates (MITM path)
  MITM b1=109: s=3 t=3 j=3 je=3 Q=1295029 table=4173281 yh=12777

*** MATCH: 2325588067326991207846050 is an 12-digit palindrome in bases 109 and 161
stage b2=162 vs b1={110}: values [2016810807672035804940288, 3138428376721000000000000), 62051847462 candidates (MITM path)
  MITM b1=110: s=3 t=3 j=3 je=3 Q=1331000 table=4251528 yh=14596
stage b2=163 vs b1={111}: values [2158060662623960090407387, 3498450596935634189769921), 71466996624 candidates (MITM path)
  MITM b1=111: s=3 t=3 j=3 je=3 Q=1367631 table=4330747 yh=16503
stage b2=164 vs b1={112}: values [2308247259043587701080064, 3895975992546975973113856), 81604332382 candidates (MITM path)
  MITM b1=112: s=3 t=3 j=3 je=3 Q=1404928 table=4410944 yh=18501
done: 1.45s, 1898484 candidates tested
