A171740 search: n=12, threads=1, limit=none
stage b2=160 vs b1={105}: values [1759218604441600000000000, 1795856326022129150390625), 2183778381 candidates (MITM path)
  MITM b1=105: s=4 t=2 j=2 je=3 Q=11025 table=25600 yh=85304
stage b2=161 vs b1={106}: values [1884016215314563749249761, 2012196471835550329409536), 7359797755 candidates (MITM path)
  MITM b1=106: s=4 t=2 j=2 je=3 Q=11236 table=25921 yh=283932
stage b2=162 vs b1={107}: values [2016810807672035804940288, 2252191588960823337718801), 13022096604 candidates (MITM path)
  MITM b1=107: s=4 t=2 j=2 je=3 Q=11449 table=26244 yh=496194
stage b2=163 vs b1={108}: values [2158060662623960090407387, 2518170116818978404827136), 19200339013 candidates (MITM path)
  MITM b1=108: s=4 t=2 j=2 je=3 Q=11664 table=26569 yh=722660
stage b2=164 vs b1={109}: values [2308247259043587701080064, 2812664781782894485727281), 25925496161 candidates (MITM path)
  MITM b1=109: s=4 t=2 j=2 je=3 Q=11881 table=26896 yh=963917
stage b2=165 vs b1={110}: values [2467876294615567236328125, 3138428376721000000000000), 33229885902 candidates (MITM path)
  MITM b1=110: s=3 t=3 j=3 je=3 Q=1331000 table=4492125 yh=7398
stage b2=166 vs b1={111}: values [2637478745165999792674816, 3498450596935634189769921), 41147213008 candidates (MITM path)
  MITM b1=111: s=3 t=3 j=3 je=3 Q=1367631 table=4574296 yh=8996
stage b2=167 vs b1={112}: values [2817611963463158891460983, 3895975992546975973113856), 49712610098 candidates (MITM path)
  MITM b1=112: s=3 t=3 j=3 je=3 Q=1404928 table=4657463 yh=10674
stage b2=168 vs b1={113}: values [3008860818706922924408832, 4334523100191686738306881), 58962679219 candidates (MITM path)
  MITM b1=113: s=3 t=3 j=3 je=3 Q=1442897 table=4741632 yh=12436
stage b2=169 vs b1={114}: values [3211838877954855105157369, 4817904819828488880132096), 68935534120 candidates (MITM path)
  MITM b1=114: s=3 t=3 j=3 je=3 Q=1481544 table=4826809 yh=14282
stage b2=170 vs b1={115}: values [3427189630763300000000000, 5350250105473711181640625), 79670843187 candidates (MITM path)
  MITM b1=115: s=3 t=3 j=3 je=3 Q=1520875 table=4913000 yh=16217
stage b2=171 vs b1={116}: values [3655587758352853102936371, 5936027041831326482169856), 91209873064 candidates (MITM path)
  MITM b1=116: s=3 t=3 j=3 je=3 Q=1560896 table=5000211 yh=18242
stage b2=172 vs b1={117}: values [3897740448639107284860928, 6580067382037190942729361), 103595532941 candidates (MITM path)
  MITM b1=117: s=3 t=3 j=3 je=3 Q=1601613 table=5088448 yh=20359
stage b2=173 vs b1={118}: values [4154388758501693990272277, 7287592625109126008344576), 116872419534 candidates (MITM path)
  MITM b1=118: s=3 t=3 j=3 je=3 Q=1643032 table=5177717 yh=22573
stage b2=174 vs b1={119}: values [4426309024697324523239424, 8064241715186276625588961), 131086862733 candidates (MITM path)
  MITM b1=119: s=3 t=3 j=3 je=3 Q=1685159 table=5268024 yh=24884
stage b2=175 vs b1={120}: values [4714314324855804443359375, 8916100448256000000000000), 146286971938 candidates (MITM path)
  MITM b1=120: s=3 t=3 j=3 je=3 Q=1728000 table=5359375 yh=27296
stage b2=176 vs b1={121}: values [5019255990031848807858176, 9849732675807611094711841), 162522683076 candidates (MITM path)
  MITM b1=121: s=3 t=3 j=3 je=3 Q=1771561 table=5451776 yh=29811
stage b2=177 vs b1={122}: values [5342025170319974613513873, 10872213398722912904482816), 179845806301 candidates (MITM path)
  MITM b1=122: s=3 t=3 j=3 je=3 Q=1815848 table=5545233 yh=32433
stage b2=178 vs b1={123}: values [5683554455074796217321472, 11991163848716906297072721), 198310074380 candidates (MITM path)
  MITM b1=123: s=3 t=3 j=3 je=3 Q=1860867 table=5639752 yh=35163
stage b2=179 vs b1={124}: values [6044819549314706693299979, 13214788658781797667045376), 217971191760 candidates (MITM path)
  MITM b1=124: s=3 t=3 j=3 je=3 Q=1906624 table=5735339 yh=38005

*** MATCH: 6476574851113832507538000 is an 12-digit palindrome in bases 124 and 179
stage b2=180 vs b1={125}: values [6426841007923200000000000, 14551915228366851806640625), 238886884329 candidates (MITM path)
  MITM b1=125: s=3 t=3 j=3 je=3 Q=1953125 table=5832000 yh=40962
done: 4.04s, 2835311 candidates tested
