A171740 search: n=12, threads=1, limit=none
stage b2=292 vs b1={182}: values [1315865092186113398284484608, 1320859596446125189798629376), 8057406587 candidates (MITM path)
  MITM b1=182: s=4 t=2 j=2 je=3 Q=33124 table=85264 yh=94500
stage b2=293 vs b1={183}: values [1366292938960993269291344957, 1410629873249683485564270561), 70074488775 candidates (MITM path)
  MITM b1=183: s=4 t=2 j=2 je=3 Q=33489 table=85849 yh=816253
stage b2=294 vs b1={184}: values [1418471565912741035860383744, 1505961523834397662438752256), 135479699655 candidates (MITM path)
  MITM b1=184: s=4 t=2 j=2 je=3 Q=33856 table=86436 yh=1567399
stage b2=295 vs b1={185}: values [1472455490465714973583984375, 1607166017050789863525390625), 204394609486 candidates (MITM path)
  MITM b1=185: s=4 t=2 j=2 je=3 Q=34225 table=87025 yh=2348689
stage b2=296 vs b1={186}: values [1528300733849759596723306496, 1714570434475502278801821696), 276943993387 candidates (MITM path)
  MITM b1=186: s=4 t=2 j=2 je=3 Q=34596 table=87616 yh=3160884
stage b2=297 vs b1={187}: values [1586064857271688421018834553, 1828518162230556187140793681), 353255890668 candidates (MITM path)
  MITM b1=187: s=4 t=2 j=2 je=3 Q=34969 table=88209 yh=4004761
stage b2=298 vs b1={188}: values [1645806998829973233948977152, 1949369609479181830042157056), 433461664805 candidates (MITM path)
  MITM b1=188: s=4 t=2 j=2 je=3 Q=35344 table=88804 yh=4881106
stage b2=299 vs b1={189}: values [1707587911185321991450053299, 2077502954475116767205550321), 517696064047 candidates (MITM path)
  MITM b1=189: s=4 t=2 j=2 je=3 Q=35721 table=89401 yh=5790719
stage b2=300 vs b1={190}: values [1771470000000000000000000000, 2213314919066161000000000000), 606097282670 candidates (MITM path)
  MITM b1=190: s=4 t=2 j=2 je=3 Q=36100 table=90000 yh=6734415
stage b2=301 vs b1={191}: values [1837517363158923337459953301, 2357221572577185690065114881), 698807022869 candidates (MITM path)
  MITM b1=191: s=3 t=3 j=3 je=3 Q=6967871 table=27270901 yh=25625
stage b2=302 vs b1={192}: values [1905795830785729527017781248, 2509659166022727122011815936), 795970557290 candidates (MITM path)
  MITM b1=192: s=3 t=3 j=3 je=3 Q=7077888 table=27543608 yh=28899
stage b2=303 vs b1={193}: values [1976373006067208317880888847, 2671084997624767126594464001), 897736792210 candidates (MITM path)
  MITM b1=193: s=3 t=3 j=3 je=3 Q=7189057 table=27818127 yh=32272
stage b2=304 vs b1={194}: values [2049318306899655055957295104, 2841978310637314049208487936), 1004258331361 candidates (MITM path)
  MITM b1=194: s=3 t=3 j=3 je=3 Q=7301384 table=28094464 yh=35746
stage b2=305 vs b1={195}: values [2124703008370890559619140625, 3022841224505963164306640625), 1115691540397 candidates (MITM path)
  MITM b1=195: s=3 t=3 j=3 je=3 Q=7414875 table=28372625 yh=39323
stage b2=306 vs b1={196}: values [2202600286091874661776377856, 3214199700417740936751087616), 1232196612014 candidates (MITM path)
  MITM b1=196: s=3 t=3 j=3 je=3 Q=7529536 table=28652616 yh=43005
stage b2=307 vs b1={197}: values [2283085260392025651955298443, 3416604542324232545384738641), 1353937631710 candidates (MITM path)
  MITM b1=197: s=3 t=3 j=3 je=3 Q=7645373 table=28934443 yh=46794
stage b2=308 vs b1={198}: values [2366235041392544762971553792, 3630632434549265533578448896), 1481082644205 candidates (MITM path)
  MITM b1=198: s=3 t=3 j=3 je=3 Q=7762392 table=29218112 yh=50691
stage b2=309 vs b1={199}: values [2452128774972233608245132909, 3856887017121283350242637601), 1613803720503 candidates (MITM path)
  MITM b1=199: s=3 t=3 j=3 je=3 Q=7880599 table=29503629 yh=54699
stage b2=310 vs b1={200}: values [2540847689640483100000000000, 4096000000000000000000000000), 1752277025609 candidates (MITM path)
  MITM b1=200: s=3 t=3 j=3 je=3 Q=8000000 table=29791000 yh=58820

*** MATCH: 2902842425748132657776589741 is an 12-digit palindrome in bases 200 and 310
stage b2=311 vs b1={201}: values [2632475144332304877738303911, 4348632317396990233762642401), 1896682886900 candidates (MITM path)
  MITM b1=201: s=3 t=3 j=3 je=3 Q=8120601 table=30080231 yh=63055
stage b2=312 vs b1={202}: values [2727096677140470662732709888, 4615475323420547975828279296), 2047205863147 candidates (MITM path)
  MITM b1=202: s=3 t=3 j=3 je=3 Q=8242408 table=30371328 yh=67406
stage b2=313 vs b1={203}: values [2824800055000021240134845737, 4897252030306448390395044241), 2204034814194 candidates (MITM path)
  MITM b1=203: s=3 t=3 j=3 je=3 Q=8365427 table=30664297 yh=71877
done: 24.69s, 29788387 candidates tested
