A171740 search: n=12, threads=1, limit=none
stage b2=260 vs b1={164}: values [367034448698777600000000000, 378552550483148382977130496), 37285573219 candidates (MITM path)
  MITM b1=164: s=4 t=2 j=2 je=3 Q=26896 table=67600 yh=551562
stage b2=261 vs b1={165}: values [382864924217801243807760861, 407199588611568593994140625), 76980781753 candidates (MITM path)
  MITM b1=165: s=4 t=2 j=2 je=3 Q=27225 table=68121 yh=1130060
stage b2=262 vs b1={166}: values [399313694406331820719986688, 437821471697555965584019456), 119053098659 candidates (MITM path)
  MITM b1=166: s=4 t=2 j=2 je=3 Q=27556 table=68644 yh=1734356
stage b2=263 vs b1={167}: values [416402409029831470623291287, 470541197898347534873984161), 163596513926 candidates (MITM path)
  MITM b1=167: s=4 t=2 j=2 je=3 Q=27889 table=69169 yh=2365172
stage b2=264 vs b1={168}: values [434153389094810508186353664, 505488617542763051300683776), 210707742999 candidates (MITM path)
  MITM b1=168: s=4 t=2 j=2 je=3 Q=28224 table=69696 yh=3023241
stage b2=265 vs b1={169}: values [452589644988876542822265625, 542800770374370512771595361), 260486282058 candidates (MITM path)
  MITM b1=169: s=4 t=2 j=2 je=3 Q=28561 table=70225 yh=3709310
stage b2=266 vs b1={170}: values [471734895039369510442428416, 582622237229761000000000000), 313034463941 candidates (MITM path)
  MITM b1=170: s=4 t=2 j=2 je=3 Q=28900 table=70756 yh=4424141
stage b2=267 vs b1={171}: values [491613584498601037846604883, 625105506678337880602119441), 368457514721 candidates (MITM path)
  MITM b1=171: s=3 t=3 j=3 je=3 Q=5000211 table=19034163 yh=19358
stage b2=268 vs b1={172}: values [512250904963838973923295232, 670411357165926452996079616), 426863610923 candidates (MITM path)
  MITM b1=172: s=3 t=3 j=3 je=3 Q=5088448 table=19248832 yh=22177
stage b2=269 vs b1={173}: values [533672814240301731473788469, 718709255220793060317103921), 488363937396 candidates (MITM path)
  MITM b1=173: s=3 t=3 j=3 je=3 Q=5177717 table=19465109 yh=25090
stage b2=270 vs b1={174}: values [555906056655552300000000000, 770177770297334467043659776), 553072745830 candidates (MITM path)
  MITM b1=174: s=3 t=3 j=3 je=3 Q=5268024 table=19683000 yh=28100
stage b2=271 vs b1={175}: values [578978183833808423828407471, 825005006849765777587890625), 621107413933 candidates (MITM path)
  MITM b1=175: s=3 t=3 j=3 je=3 Q=5359375 table=19902511 yh=31208
stage b2=272 vs b1={176}: values [602917575938813502137827328, 883389054245605390183038976), 692588505252 candidates (MITM path)
  MITM b1=176: s=3 t=3 j=3 je=3 Q=5451776 table=20123648 yh=34417
stage b2=273 vs b1={177}: values [627753463394042268515136177, 945538455146635506591955521), 767639829654 candidates (MITM path)
  MITM b1=177: s=3 t=3 j=3 je=3 Q=5545233 table=20346417 yh=37729
stage b2=274 vs b1={178}: values [653515949089146258317953024, 1011672693003313726683222016), 846388504461 candidates (MITM path)
  MITM b1=178: s=3 t=3 j=3 je=3 Q=5639752 table=20570824 yh=41146
stage b2=275 vs b1={179}: values [680236031081676483154296875, 1082022699327332498100696241), 928965016240 candidates (MITM path)
  MITM b1=179: s=3 t=3 j=3 je=3 Q=5735339 table=20796875 yh=44669
stage b2=276 vs b1={180}: values [707945625803254614013771776, 1156831381426176000000000000), 1015503283253 candidates (MITM path)
  MITM b1=180: s=3 t=3 j=3 je=3 Q=5832000 table=21024576 yh=48301
stage b2=277 vs b1={181}: values [736677591779499338860277773, 1236354171303115835117980561), 1106140718565 candidates (MITM path)
  MITM b1=181: s=3 t=3 j=3 je=3 Q=5929741 table=21253933 yh=52045
stage b2=278 vs b1={182}: values [766465753873151417719887872, 1320859596446125189798629376), 1201018293809 candidates (MITM path)
  MITM b1=182: s=3 t=3 j=3 je=3 Q=6028568 table=21484952 yh=55901
stage b2=279 vs b1={183}: values [797344928059979319406571079, 1410629873249683485564270561), 1300280603616 candidates (MITM path)
  MITM b1=183: s=3 t=3 j=3 je=3 Q=6128487 table=21717639 yh=59873
stage b2=280 vs b1={184}: values [829350946747187200000000000, 1505961523834397662438752256), 1404075930707 candidates (MITM path)
  MITM b1=184: s=3 t=3 j=3 je=3 Q=6229504 table=21952000 yh=63962
stage b2=281 vs b1={185}: values [862520684644188385040795081, 1607166017050789863525390625), 1512556311642 candidates (MITM path)
  MITM b1=185: s=3 t=3 j=3 je=3 Q=6331625 table=22188041 yh=68170
stage b2=282 vs b1={186}: values [896892085195750456196179968, 1714570434475502278801821696), 1625877603243 candidates (MITM path)
  MITM b1=186: s=3 t=3 j=3 je=3 Q=6434856 table=22425768 yh=72501
stage b2=283 vs b1={187}: values [932504187587662529970024067, 1828518162230556187140793681), 1744199549668 candidates (MITM path)
  MITM b1=187: s=3 t=3 j=3 je=3 Q=6539203 table=22665187 yh=76956
stage b2=284 vs b1={188}: values [969397154335221362022416384, 1949369609479181830042157056), 1867685850168 candidates (MITM path)
  MITM b1=188: s=3 t=3 j=3 je=3 Q=6644672 table=22906304 yh=81536
stage b2=285 vs b1={189}: values [1007612299464980527001953125, 2077502954475116767205550321), 1996504227494 candidates (MITM path)
  MITM b1=189: s=3 t=3 j=3 je=3 Q=6751269 table=23149125 yh=86246
stage b2=286 vs b1={190}: values [1047192117300356121695451136, 2213314919066161000000000000), 2130826496987 candidates (MITM path)
  MITM b1=190: s=3 t=3 j=3 je=3 Q=6859000 table=23393656 yh=91086
stage b2=287 vs b1={191}: values [1088180311861833230021357663, 2357221572577185690065114881), 2270828636323 candidates (MITM path)
  MITM b1=191: s=3 t=3 j=3 je=3 Q=6967871 table=23639903 yh=96060

*** MATCH: 1323747416885390881171577280 is an 12-digit palindrome in bases 191 and 287
stage b2=288 vs b1={192}: values [1130621826892669783231168512, 2509659166022727122011815936), 2416690855937 candidates (MITM path)
  MITM b1=192: s=3 t=3 j=3 je=3 Q=7077888 table=23887872 yh=101169
stage b2=289 vs b1={193}: values [1174562876521148458974062689, 2671084997624767126594464001), 2568597670112 candidates (MITM path)
  MITM b1=193: s=3 t=3 j=3 je=3 Q=7189057 table=24137569 yh=106415
stage b2=290 vs b1={194}: values [1220050976570582900000000000, 2841978310637314049208487936), 2726737968747 candidates (MITM path)
  MITM b1=194: s=3 t=3 j=3 je=3 Q=7301384 table=24389000 yh=111802
stage b2=291 vs b1={195}: values [1267134976528441808641913691, 3022841224505963164306640625), 2891305089786 candidates (MITM path)
  MITM b1=195: s=3 t=3 j=3 je=3 Q=7414875 table=24642171 yh=117332
stage b2=292 vs b1={196}: values [1315865092186113398284484608, 3214199700417740936751087616), 3062496892328 candidates (MITM path)
  MITM b1=196: s=3 t=3 j=3 je=3 Q=7529536 table=24897088 yh=123007
done: 37.43s, 18032365 candidates tested
