A171740 search: n=12, threads=1, limit=none
stage b2=460 vs b1={276}: values [195135438420772249600000000000, 195392992721698273467801010176), 27184529233 candidates (MITM path)
  MITM b1=276: s=4 t=2 j=2 je=3 Q=76176 table=211600 yh=128472
stage b2=461 vs b1={277}: values [199852773331011222243920083061, 204059692922921316864296943121), 438287070335 candidates (MITM path)
  MITM b1=277: s=4 t=2 j=2 je=3 Q=76729 table=212521 yh=2062324
stage b2=462 vs b1={278}: values [204673554139436097229551679488, 213077479576736094126128828416), 864231988576 candidates (MITM path)
  MITM b1=278: s=4 t=2 j=2 je=3 Q=77284 table=213444 yh=4048988
stage b2=463 vs b1={279}: values [209599817996529430739834959087, 222459234928734230114433331041), 1305375121029 candidates (MITM path)
  MITM b1=279: s=4 t=2 j=2 je=3 Q=77841 table=214369 yh=6089384
stage b2=464 vs b1={280}: values [214633637635011206805784100864, 232218265089212416000000000000), 1762078647410 candidates (MITM path)
  MITM b1=280: s=4 t=2 j=2 je=3 Q=78400 table=215296 yh=8184447
stage b2=465 vs b1={281}: values [219777121912472001814306640625, 242368312385016936196463417761), 2234711170633 candidates (MITM path)
  MITM b1=281: s=4 t=2 j=2 je=3 Q=78961 table=216225 yh=10335120
stage b2=466 vs b1={282}: values [225032416361083806744810735616, 252923568025201628647322750976), 2723647797969 candidates (MITM path)
  MITM b1=282: s=4 t=2 j=2 je=3 Q=79524 table=217156 yh=12542356
stage b2=467 vs b1={283}: values [230401703744465269881211992683, 263898685087308495981516810961), 3229270222820 candidates (MITM path)
  MITM b1=283: s=4 t=2 j=2 je=3 Q=80089 table=218089 yh=14807122
stage b2=468 vs b1={284}: values [235887204621778787349175468032, 275308791831202866814366253056), 3751966807101 candidates (MITM path)
  MITM b1=284: s=4 t=2 j=2 je=3 Q=80656 table=219024 yh=17130392
stage b2=469 vs b1={285}: values [241491177919137537737896750669, 287169505347519450195556640625), 4292132664237 candidates (MITM path)
  MITM b1=285: s=4 t=2 j=2 je=3 Q=81225 table=219961 yh=19513154
stage b2=470 vs b1={286}: values [247215921508401230300000000000, 299496945547901850804899024896), 4850169742769 candidates (MITM path)
  MITM b1=286: s=4 t=2 j=2 je=3 Q=81796 table=220900 yh=21956405
stage b2=471 vs b1={287}: values [253063772793440013800811649671, 312307749504346137016129649281), 5426486910583 candidates (MITM path)
  MITM b1=287: s=4 t=2 j=2 je=3 Q=82369 table=221841 yh=24461155
stage b2=472 vs b1={288}: values [259037109303946675027997360128, 325619086145088897570576531456), 6021500039747 candidates (MITM path)
  MITM b1=288: s=3 t=3 j=3 je=3 Q=23887872 table=105154048 yh=57264
stage b2=473 vs b1={289}: values [265138349296877942293007763977, 339448671314611904643504117121), 6635632091966 candidates (MITM path)
  MITM b1=289: s=3 t=3 j=3 je=3 Q=24137569 table=105823817 yh=62705
stage b2=474 vs b1={290}: values [271369952365606399975686580224, 353814783205469041000000000000), 7269313204659 candidates (MITM path)
  MITM b1=290: s=3 t=3 j=3 je=3 Q=24389000 table=106496424 yh=68259
stage b2=475 vs b1={291}: values [277734420056865215301513671875, 368736278169776566314796884081), 7922980777648 candidates (MITM path)
  MITM b1=291: s=3 t=3 j=3 je=3 Q=24642171 table=107171875 yh=73928
stage b2=476 vs b1={292}: values [284234296495568578116086398976, 384232606918345112299069505536), 8597079560471 candidates (MITM path)
  MITM b1=292: s=3 t=3 j=3 je=3 Q=24897088 table=107850176 yh=79714
stage b2=477 vs b1={293}: values [290872169017591458452425905573, 400323831115571027902364072401), 9292061740316 candidates (MITM path)
  MITM b1=293: s=3 t=3 j=3 je=3 Q=25153757 table=108531333 yh=85617
stage b2=478 vs b1={294}: values [297650668810592995192411420672, 417030640378345864542952820736), 10008387030574 candidates (MITM path)
  MITM b1=294: s=3 t=3 j=3 je=3 Q=25412184 table=109215352 yh=91640
stage b2=479 vs b1={295}: values [304572471562968542123015813279, 434374369687385917207275390625), 10746522760013 candidates (MITM path)
  MITM b1=295: s=3 t=3 j=3 je=3 Q=25672375 table=109902239 yh=97783
stage b2=480 vs b1={296}: values [311640298121016115200000000000, 452377017219528840630098722816), 11506943962580 candidates (MITM path)
  MITM b1=296: s=3 t=3 j=3 je=3 Q=25934336 table=110592000 yh=104049
stage b2=481 vs b1={297}: values [318856915154403706875322757281, 471061262609691461042593862241), 12290133467827 candidates (MITM path)
  MITM b1=297: s=3 t=3 j=3 je=3 Q=26198073 table=111284641 yh=110439
stage b2=482 vs b1={298}: values [326225135830024659938776352768, 490450485651332023716795191296), 13096581991954 candidates (MITM path)
  MITM b1=298: s=3 t=3 j=3 je=3 Q=26463592 table=111980168 yh=116955
stage b2=483 vs b1={299}: values [333747820494329024488347411867, 510568785444411275443565936401), 13926788229489 candidates (MITM path)
  MITM b1=299: s=3 t=3 j=3 je=3 Q=26730899 table=112678587 yh=123598
stage b2=484 vs b1={300}: values [341427877364219557396646723584, 531441000000000000000000000000), 14781258945591 candidates (MITM path)
  MITM b1=300: s=3 t=3 j=3 je=3 Q=27000000 table=113379904 yh=130370
stage b2=485 vs b1={301}: values [349268263226601764001611328125, 553092726310835924575445943601), 15660509068973 candidates (MITM path)
  MITM b1=301: s=3 t=3 j=3 je=3 Q=27270901 table=114084125 yh=137272
stage b2=486 vs b1={302}: values [357271984146678126737757198336, 575550340897290317159369936896), 16565061785471 candidates (MITM path)
  MITM b1=302: s=3 t=3 j=3 je=3 Q=27543608 table=114791256 yh=144306
stage b2=487 vs b1={303}: values [365442096185077415058791025463, 598841020838364120317909320641), 17495448632223 candidates (MITM path)
  MITM b1=303: s=3 t=3 j=3 je=3 Q=27818127 table=115501303 yh=151475
stage b2=488 vs b1={304}: values [373781706123910725302654861312, 622992765297495137011017711616), 18452209592496 candidates (MITM path)
  MITM b1=304: s=3 t=3 j=3 je=3 Q=28094464 table=116214272 yh=158778
stage b2=489 vs b1={305}: values [382293972201846658135397384889, 648034417553121620683837890625), 19435893191127 candidates (MITM path)
  MITM b1=305: s=3 t=3 j=3 je=3 Q=28372625 table=116930169 yh=166218
stage b2=490 vs b1={306}: values [390982104858298804900000000000, 673995687544113646503571623936), 20447056590616 candidates (MITM path)
  MITM b1=306: s=3 t=3 j=3 je=3 Q=28652616 table=117649000 yh=173798
stage b2=491 vs b1={307}: values [399849367486819482609834395891, 700907174940351875150276622001), 21486265687834 candidates (MITM path)
  MITM b1=307: s=3 t=3 j=3 je=3 Q=28934443 table=118370771 yh=181517
stage b2=492 vs b1={308}: values [408899077197794430483230097408, 728800392748903786995238567936), 22554095211373 candidates (MITM path)
  MITM b1=308: s=3 t=3 j=3 je=3 Q=29218112 table=119095488 yh=189379
stage b2=493 vs b1={309}: values [418134605590533958835165292757, 757707791466420184947746068881), 23651128819535 candidates (MITM path)
  MITM b1=309: s=3 t=3 j=3 je=3 Q=29503629 table=119823157 yh=197384
stage b2=494 vs b1={310}: values [427559379534856823843881170944, 787662783788549761000000000000), 24777959198944 candidates (MITM path)
  MITM b1=310: s=3 t=3 j=3 je=3 Q=29791000 table=120553784 yh=205535
stage b2=495 vs b1={311}: values [437176881962263889213818359375, 818699769887346816976612516321), 25935188163809 candidates (MITM path)
  MITM b1=311: s=3 t=3 j=3 je=3 Q=30080231 table=121287375 yh=213833
stage b2=496 vs b1={312}: values [446990652666799428081282973696, 850854163267826846772605485056), 27123426755812 candidates (MITM path)
  MITM b1=312: s=3 t=3 j=3 je=3 Q=30371328 table=122023936 yh=222280
stage b2=497 vs b1={313}: values [457004289115698715675308342353, 884162417215006648162206715681), 28343295344640 candidates (MITM path)
  MITM b1=313: s=3 t=3 j=3 je=3 Q=30664297 table=122763473 yh=230878
stage b2=498 vs b1={314}: values [467221447269921365272965629952, 918662051842949959948040605696), 29595423729157 candidates (MITM path)
  MITM b1=314: s=3 t=3 j=3 je=3 Q=30959144 table=123505992 yh=239628
stage b2=499 vs b1={315}: values [477645842414670666895611255499, 954391681757526337812744140625), 30880451239206 candidates (MITM path)
  MITM b1=315: s=3 t=3 j=3 je=3 Q=31255875 table=124251499 yh=248532
stage b2=500 vs b1={316}: values [488281250000000000000000000000, 991391044344780112897566048256), 32199026838066 candidates (MITM path)
  MITM b1=316: s=3 t=3 j=3 je=3 Q=31554496 table=125000000 yh=257593
stage b2=501 vs b1={317}: values [499131506491608208145638755501, 1029701028696997844179291768561), 33551809225537 candidates (MITM path)
  MITM b1=317: s=3 t=3 j=3 je=3 Q=31855013 table=125751501 yh=266811
stage b2=502 vs b1={318}: values [510200510231926645287045634048, 1069363705188756702611733221376), 34939466941671 candidates (MITM path)
  MITM b1=318: s=3 t=3 j=3 je=3 Q=32157432 table=126506008 yh=276189
stage b2=503 vs b1={319}: values [521492222311601429966591196647, 1110422355715432735355050594561), 36362678471150 candidates (MITM path)
  MITM b1=319: s=3 t=3 j=3 je=3 Q=32461759 table=127263527 yh=285728

*** MATCH: 915087397833507883055125541760 is an 12-digit palindrome in bases 319 and 503
stage b2=504 vs b1={320}: values [533010667451475275290251362304, 1152921504606846976000000000000), 37822132348299 candidates (MITM path)
  MITM b1=320: s=3 t=3 j=3 je=3 Q=32768000 table=128024064 yh=295430
stage b2=505 vs b1={321}: values [544759934895174099174853515625, 1196906950228928915420617322241), 39318527262747 candidates (MITM path)
  MITM b1=321: s=3 t=3 j=3 je=3 Q=33076161 table=128787625 yh=305298

*** MATCH: 732089714506314939875959066516 is an 12-digit palindrome in bases 321 and 505
stage b2=506 vs b1={322}: values [556744179312404460981246765056, 1242425797286480951825250390016), 40852572165738 candidates (MITM path)
  MITM b1=322: s=3 t=3 j=3 je=3 Q=33386248 table=129554216 yh=315332

*** MATCH: 714701637421976567811862598691 is an 12-digit palindrome in bases 322 and 506
stage b2=507 vs b1={323}: values [568967621713068717313312446243, 1289526489840334121941717217521), 42424986377074 candidates (MITM path)
  MITM b1=323: s=3 t=3 j=3 je=3 Q=33698267 table=130323843 yh=325536
stage b2=508 vs b1={324}: values [581434550372305641487929966592, 1338258845052394702439737982976), 44036499692717 candidates (MITM path)
  MITM b1=324: s=3 t=3 j=3 je=3 Q=34012224 table=131096512 yh=335910
stage b2=509 vs b1={325}: values [594149321766565107986044015109, 1388674087672293186187744140625), 45687852493033 candidates (MITM path)
  MITM b1=325: s=3 t=3 j=3 je=3 Q=34328125 table=131872229 yh=346456
stage b2=510 vs b1={326}: values [607116361520826305100000000000, 1440824885279561706440311115776), 47379795851678 candidates (MITM path)
  MITM b1=326: s=3 t=3 j=3 je=3 Q=34645976 table=132651000 yh=357177
stage b2=511 vs b1={327}: values [620340165367069806017523226111, 1494765384295483228389391941921), 49113091645141 candidates (MITM path)
  MITM b1=327: s=3 t=3 j=3 je=3 Q=34965783 table=133432831 yh=368074
stage b2=512 vs b1={328}: values [633825300114114700748351602688, 1550551246778975776674326511616), 50888512662932 candidates (MITM path)
  MITM b1=328: s=3 t=3 j=3 je=3 Q=35287552 table=134217728 yh=379149
stage b2=513 vs b1={329}: values [647576404628932868625869313537, 1608239688021097644574300393441), 52706842718416 candidates (MITM path)
  MITM b1=329: s=3 t=3 j=3 je=3 Q=35611289 table=135005697 yh=390405
stage b2=514 vs b1={330}: values [661598190829553353623447537664, 1667889514952984961000000000000), 54568876760304 candidates (MITM path)
  MITM b1=330: s=3 t=3 j=3 je=3 Q=35937000 table=135796744 yh=401843
stage b2=515 vs b1={331}: values [675895444689670692433935546875, 1729561165382261200512043881361), 56475420984786 candidates (MITM path)
  MITM b1=331: s=3 t=3 j=3 je=3 Q=36264691 table=136590875 yh=413465
stage b2=516 vs b1={332}: values [690473027255071938191258812416, 1793316748073189235032143691776), 58427292948328 candidates (MITM path)
  MITM b1=332: s=3 t=3 j=3 je=3 Q=36594368 table=137388096 yh=425272
stage b2=517 vs b1={333}: values [705335875671998020885807527133, 1859220083686070369445516586161), 60425321681103 candidates (MITM path)
  MITM b1=333: s=3 t=3 j=3 je=3 Q=36926037 table=138188413 yh=437268
done: 572.90s, 147029857 candidates tested
