A171740 search: n=12, threads=1, limit=none
stage b2=257 vs b1={162}: values [323045991615992848448948993, 326723350842869800400326656), 12762545885 candidates (MITM path)
  MITM b1=162: s=4 t=2 j=2 je=3 Q=26244 table=66049 yh=193229
stage b2=258 vs b1={163}: values [337145032839390594819950592, 351763888007705494736404081), 49567284568 candidates (MITM path)
  MITM b1=163: s=4 t=2 j=2 je=3 Q=26569 table=66564 yh=744657
stage b2=259 vs b1={164}: values [351801271595486322734724859, 378552550483148382977130496), 88622901469 candidates (MITM path)
  MITM b1=164: s=4 t=2 j=2 je=3 Q=26896 table=67081 yh=1321133
stage b2=260 vs b1={165}: values [367034448698777600000000000, 407199588611568593994140625), 130019710981 candidates (MITM path)
  MITM b1=165: s=4 t=2 j=2 je=3 Q=27225 table=67600 yh=1923369
stage b2=261 vs b1={166}: values [382864924217801243807760861, 437821471697555965584019456), 173850681438 candidates (MITM path)
  MITM b1=166: s=4 t=2 j=2 je=3 Q=27556 table=68121 yh=2552087
stage b2=262 vs b1={167}: values [399313694406331820719986688, 470541197898347534873984161), 220211489650 candidates (MITM path)
  MITM b1=167: s=4 t=2 j=2 je=3 Q=27889 table=68644 yh=3208023
stage b2=263 vs b1={168}: values [416402409029831470623291287, 505488617542763051300683776), 269200576078 candidates (MITM path)
  MITM b1=168: s=4 t=2 j=2 je=3 Q=28224 table=69169 yh=3891926
stage b2=264 vs b1={169}: values [434153389094810508186353664, 542800770374370512771595361), 320919200657 candidates (MITM path)
  MITM b1=169: s=3 t=3 j=3 je=3 Q=4826809 table=18399744 yh=17442
stage b2=265 vs b1={170}: values [452589644988876542822265625, 582622237229761000000000000), 375471499268 candidates (MITM path)
  MITM b1=170: s=3 t=3 j=3 je=3 Q=4913000 table=18609625 yh=20177
stage b2=266 vs b1={171}: values [471734895039369510442428416, 625105506678337880602119441), 432964540861 candidates (MITM path)
  MITM b1=171: s=3 t=3 j=3 je=3 Q=5000211 table=18821096 yh=23005
stage b2=267 vs b1={172}: values [491613584498601037846604883, 670411357165926452996079616), 493508385219 candidates (MITM path)
  MITM b1=172: s=3 t=3 j=3 je=3 Q=5088448 table=19034163 yh=25928
stage b2=268 vs b1={173}: values [512250904963838973923295232, 718709255220793060317103921), 557216141386 candidates (MITM path)
  MITM b1=173: s=3 t=3 j=3 je=3 Q=5177717 table=19248832 yh=28949
stage b2=269 vs b1={174}: values [533672814240301731473788469, 770177770297334467043659776), 624204026740 candidates (MITM path)
  MITM b1=174: s=3 t=3 j=3 je=3 Q=5268024 table=19465109 yh=32068
stage b2=270 vs b1={175}: values [555906056655552300000000000, 825005006849765777587890625), 694591426718 candidates (MITM path)
  MITM b1=175: s=3 t=3 j=3 je=3 Q=5359375 table=19683000 yh=35289
stage b2=271 vs b1={176}: values [578978183833808423828407471, 883389054245605390183038976), 768500955208 candidates (MITM path)
  MITM b1=176: s=3 t=3 j=3 je=3 Q=5451776 table=19902511 yh=38614
stage b2=272 vs b1={177}: values [602917575938813502137827328, 945538455146635506591955521), 846058515579 candidates (MITM path)
  MITM b1=177: s=3 t=3 j=3 je=3 Q=5545233 table=20123648 yh=42043
stage b2=273 vs b1={178}: values [627753463394042268515136177, 1011672693003313726683222016), 927393362388 candidates (MITM path)
  MITM b1=178: s=3 t=3 j=3 je=3 Q=5639752 table=20346417 yh=45581
stage b2=274 vs b1={179}: values [653515949089146258317953024, 1082022699327332498100696241), 1012638163732 candidates (MITM path)
  MITM b1=179: s=3 t=3 j=3 je=3 Q=5735339 table=20570824 yh=49227
stage b2=275 vs b1={180}: values [680236031081676483154296875, 1156831381426176000000000000), 1101929064261 candidates (MITM path)
  MITM b1=180: s=3 t=3 j=3 je=3 Q=5832000 table=20796875 yh=52986
stage b2=276 vs b1={181}: values [707945625803254614013771776, 1236354171303115835117980561), 1195405748863 candidates (MITM path)
  MITM b1=181: s=3 t=3 j=3 je=3 Q=5929741 table=21024576 yh=56858
stage b2=277 vs b1={182}: values [736677591779499338860277773, 1320859596446125189798629376), 1293211506993 candidates (MITM path)
  MITM b1=182: s=3 t=3 j=3 je=3 Q=6028568 table=21253933 yh=60846
stage b2=278 vs b1={183}: values [766465753873151417719887872, 1410629873249683485564270561), 1395493297681 candidates (MITM path)
  MITM b1=183: s=3 t=3 j=3 je=3 Q=6128487 table=21484952 yh=64953
stage b2=279 vs b1={184}: values [797344928059979319406571079, 1505961523834397662438752256), 1502401815197 candidates (MITM path)
  MITM b1=184: s=3 t=3 j=3 je=3 Q=6229504 table=21717639 yh=69179
stage b2=280 vs b1={185}: values [829350946747187200000000000, 1607166017050789863525390625), 1614091555376 candidates (MITM path)
  MITM b1=185: s=3 t=3 j=3 je=3 Q=6331625 table=21952000 yh=73529
stage b2=281 vs b1={186}: values [862520684644188385040795081, 1714570434475502278801821696), 1730720882619 candidates (MITM path)
  MITM b1=186: s=3 t=3 j=3 je=3 Q=6434856 table=22188041 yh=78003
stage b2=282 vs b1={187}: values [896892085195750456196179968, 1828518162230556187140793681), 1852452097554 candidates (MITM path)
  MITM b1=187: s=3 t=3 j=3 je=3 Q=6539203 table=22425768 yh=82604
stage b2=283 vs b1={188}: values [932504187587662529970024067, 1949369609479181830042157056), 1979451505366 candidates (MITM path)
  MITM b1=188: s=3 t=3 j=3 je=3 Q=6644672 table=22665187 yh=87335
stage b2=284 vs b1={189}: values [969397154335221362022416384, 2077502954475116767205550321), 2111889484798 candidates (MITM path)
  MITM b1=189: s=3 t=3 j=3 je=3 Q=6751269 table=22906304 yh=92197

*** MATCH: 2011698252344550413457884190 is an 12-digit palindrome in bases 189 and 284
stage b2=285 vs b1={190}: values [1007612299464980527001953125, 2213314919066161000000000000), 2249940557815 candidates (MITM path)
  MITM b1=190: s=3 t=3 j=3 je=3 Q=6859000 table=23149125 yh=97194
stage b2=286 vs b1={191}: values [1047192117300356121695451136, 2357221572577185690065114881), 2393783459950 candidates (MITM path)
  MITM b1=191: s=3 t=3 j=3 je=3 Q=6967871 table=23393656 yh=102327
stage b2=287 vs b1={192}: values [1088180311861833230021357663, 2509659166022727122011815936), 2543601211309 candidates (MITM path)
  MITM b1=192: s=3 t=3 j=3 je=3 Q=7077888 table=23639903 yh=107598
stage b2=288 vs b1={193}: values [1130621826892669783231168512, 2671084997624767126594464001), 2699581188254 candidates (MITM path)
  MITM b1=193: s=3 t=3 j=3 je=3 Q=7189057 table=23887872 yh=113011
stage b2=289 vs b1={194}: values [1174562876521148458974062689, 2841978310637314049208487936), 2861915195762 candidates (MITM path)
  MITM b1=194: s=3 t=3 j=3 je=3 Q=7301384 table=24137569 yh=118567

*** MATCH: 1912781511903397100538817530 is an 12-digit palindrome in bases 194 and 289
stage b2=290 vs b1={195}: values [1220050976570582900000000000, 3022841224505963164306640625), 3030799540450 candidates (MITM path)
  MITM b1=195: s=3 t=3 j=3 je=3 Q=7414875 table=24389000 yh=124270
stage b2=291 vs b1={196}: values [1267134976528441808641913691, 3214199700417740936751087616), 3206435104283 candidates (MITM path)
  MITM b1=196: s=3 t=3 j=3 je=3 Q=7529536 table=24642171 yh=130120
stage b2=292 vs b1={197}: values [1315865092186113398284484608, 3416604542324232545384738641), 3389027418950 candidates (MITM path)
  MITM b1=197: s=3 t=3 j=3 je=3 Q=7645373 table=24897088 yh=136122
stage b2=293 vs b1={198}: values [1366292938960993269291344957, 3630632434549265533578448896), 3578786740921 candidates (MITM path)
  MITM b1=198: s=3 t=3 j=3 je=3 Q=7762392 table=25153757 yh=142277
stage b2=294 vs b1={199}: values [1418471565912741035860383744, 3856887017121283350242637601), 3775928127180 candidates (MITM path)
  MITM b1=199: s=3 t=3 j=3 je=3 Q=7880599 table=25412184 yh=148588
stage b2=295 vs b1={200}: values [1472455490465714973583984375, 4096000000000000000000000000), 3980671511633 candidates (MITM path)
  MITM b1=200: s=3 t=3 j=3 je=3 Q=8000000 table=25672375 yh=155057
stage b2=296 vs b1={201}: values [1528300733849759596723306496, 4348632317396990233762642401), 4193241782201 candidates (MITM path)
  MITM b1=201: s=3 t=3 j=3 je=3 Q=8120601 table=25934336 yh=161687
stage b2=297 vs b1={202}: values [1586064857271688421018834553, 4615475323420547975828279296), 4413868858581 candidates (MITM path)
  MITM b1=202: s=3 t=3 j=3 je=3 Q=8242408 table=26198073 yh=168481
stage b2=298 vs b1={203}: values [1645806998829973233948977152, 4897252030306448390395044241), 4642787770700 candidates (MITM path)
  MITM b1=203: s=3 t=3 j=3 je=3 Q=8365427 table=26463592 yh=175441
stage b2=299 vs b1={204}: values [1707587911185321991450053299, 5194718390528185623763746816), 4880238737838 candidates (MITM path)
  MITM b1=204: s=3 t=3 j=3 je=3 Q=8489664 table=26730899 yh=182570
stage b2=300 vs b1={205}: values [1771470000000000000000000000, 5508664624112838398681640625), 5126467248441 candidates (MITM path)
  MITM b1=205: s=3 t=3 j=3 je=3 Q=8615125 table=27000000 yh=189870
stage b2=301 vs b1={206}: values [1837517363158923337459953301, 5839916592521948960554356736), 5381724140609 candidates (MITM path)
  MITM b1=206: s=3 t=3 j=3 je=3 Q=8741816 table=27270901 yh=197344
stage b2=302 vs b1={207}: values [1905795830785729527017781248, 6189337220490697154402830401), 5646265683273 candidates (MITM path)
  MITM b1=207: s=3 t=3 j=3 je=3 Q=8869743 table=27543608 yh=204994
done: 60.20s, 15545730 candidates tested
