A171740 search: n=12, threads=1, limit=none
stage b2=425 vs b1={257}: values [81710568207819461822509765625, 83022819845310162051379891201), 222681194911 candidates (MITM path)
  MITM b1=257: s=4 t=2 j=2 je=3 Q=66049 table=180625 yh=1232838
stage b2=426 vs b1={258}: values [83850487157725321590910642176, 86983418472562773463547252736), 524195488749 candidates (MITM path)
  MITM b1=258: s=4 t=2 j=2 je=3 Q=66564 table=181476 yh=2888512
stage b2=427 vs b1={259}: values [86041232985790766413028611123, 91116529343230957588293738481), 837325189787 candidates (MITM path)
  MITM b1=259: s=4 t=2 j=2 je=3 Q=67081 table=182329 yh=4592387
stage b2=428 vs b1={260}: values [88283889629390066997077737472, 95428956661682176000000000000), 1162368128813 candidates (MITM path)
  MITM b1=260: s=4 t=2 j=2 je=3 Q=67600 table=183184 yh=6345359
stage b2=429 vs b1={261}: values [90579561525100676704093790229, 99927745220846124633825584721), 1499627806972 candidates (MITM path)
  MITM b1=261: s=4 t=2 j=2 je=3 Q=68121 table=184041 yh=8148336
stage b2=430 vs b1={262}: values [92929373947122270700000000000, 104620187934458937028636512256), 1849413472493 candidates (MITM path)
  MITM b1=262: s=4 t=2 j=2 je=3 Q=68644 table=184900 yh=10002237
stage b2=431 vs b1={263}: values [95334473350473334338476729231, 109513833574845676773925608481), 2212040198037 candidates (MITM path)
  MITM b1=263: s=4 t=2 j=2 je=3 Q=69169 table=185761 yh=11907991
stage b2=432 vs b1={264}: values [97796027719021374067408109568, 114616494721029974161197367296), 2587828958657 candidates (MITM path)
  MITM b1=264: s=4 t=2 j=2 je=3 Q=69696 table=186624 yh=13866539
stage b2=433 vs b1={265}: values [100315226918403349419823702417, 119936255922052283847900390625), 2977106710374 candidates (MITM path)
  MITM b1=265: s=4 t=2 j=2 je=3 Q=70225 table=187489 yh=15878835
stage b2=434 vs b1={266}: values [102893283053893453600144246784, 125481482080472289777685958656), 3380206469379 candidates (MITM path)
  MITM b1=266: s=4 t=2 j=2 je=3 Q=70756 table=188356 yh=17945840
stage b2=435 vs b1={267}: values [105531430833275902825341796875, 131260827061126477105043503761), 3797467391848 candidates (MITM path)
  MITM b1=267: s=4 t=2 j=2 je=3 Q=71289 table=189225 yh=20068529
stage b2=436 vs b1={268}: values [108230927934780930945540161536, 137283242530308845011443122176), 4229234854378 candidates (MITM path)
  MITM b1=268: s=3 t=3 j=3 je=3 Q=19248832 table=82881856 yh=51028
stage b2=437 vs b1={269}: values [110993055380142725966855596013, 143557987030641165766449098161), 4675860535048 candidates (MITM path)
  MITM b1=269: s=3 t=3 j=3 je=3 Q=19465109 table=83453453 yh=56030
stage b2=438 vs b1={270}: values [113819117912838588948194138112, 150094635296999121000000000000), 5137702495102 candidates (MITM path)
  MITM b1=270: s=3 t=3 j=3 je=3 Q=19683000 table=84027672 yh=61143
stage b2=439 vs b1={271}: values [116710444381569143360604716839, 156903087818962082857498424641), 5615125261256 candidates (MITM path)
  MITM b1=271: s=3 t=3 j=3 je=3 Q=19902511 table=84604519 yh=66370

*** MATCH: 131649095707697647095871553600 is an 12-digit palindrome in bases 271 and 439
stage b2=440 vs b1={272}: values [119668388129039974400000000000, 163993580655357272581489033216), 6108499908624 candidates (MITM path)
  MITM b1=272: s=3 t=3 j=3 je=3 Q=20123648 table=85184000 yh=71710
stage b2=441 vs b1={273}: values [122694327386105632949003612841, 171376695506573539304632176321), 6618204144281 candidates (MITM path)
  MITM b1=273: s=3 t=3 j=3 je=3 Q=20346417 table=85766121 yh=77166
stage b2=442 vs b1={274}: values [125789665671337497908806494208, 179063370050426074779119128576), 7144622391442 candidates (MITM path)
  MITM b1=274: s=3 t=3 j=3 je=3 Q=20570824 table=86350888 yh=82740
stage b2=443 vs b1={275}: values [128955832196077553484700318307, 187064908547461032867431640625), 7688145874279 candidates (MITM path)
  MITM b1=275: s=3 t=3 j=3 je=3 Q=20796875 table=86938307 yh=88433
done: 51.84s, 113117050 candidates tested
