A171740 search: n=12, threads=1, limit=none
stage b2=233 vs b1={148}: values [109879109551310452512114617, 110443607719611533356957696), 3527987283 candidates (MITM path)
  MITM b1=148: s=4 t=2 j=2 je=3 Q=21904 table=54289 yh=64986
stage b2=234 vs b1={149}: values [115179299131727923510339584, 119738888098469732352733201), 27773495965 candidates (MITM path)
  MITM b1=149: s=4 t=2 j=2 je=3 Q=22201 table=54756 yh=507223
stage b2=235 vs b1={150}: values [120710899174024038232421875, 129746337890625000000000000), 53646583746 candidates (MITM path)
  MITM b1=150: s=4 t=2 j=2 je=3 Q=22500 table=55225 yh=971419
stage b2=236 vs b1={151}: values [126482963527317712416014336, 140515219945627518837736801), 81218599113 candidates (MITM path)
  MITM b1=151: s=4 t=2 j=2 je=3 Q=22801 table=55696 yh=1458249
stage b2=237 vs b1={152}: values [132504859553518749988128213, 152097843090208773684330496), 110563173937 candidates (MITM path)
  MITM b1=152: s=4 t=2 j=2 je=3 Q=23104 table=56169 yh=1968403
stage b2=238 vs b1={153}: values [138786277585726844783245312, 164549728404324620728411041), 141756274404 candidates (MITM path)
  MITM b1=153: s=4 t=2 j=2 je=3 Q=23409 table=56644 yh=2502583
stage b2=239 vs b1={154}: values [145337240630172360933794639, 177929783385962838621884416), 174876252585 candidates (MITM path)
  MITM b1=154: s=4 t=2 j=2 je=3 Q=23716 table=57121 yh=3061506
stage b2=240 vs b1={155}: values [152168114316902400000000000, 192300484323376406494140625), 210003898665 candidates (MITM path)
  MITM b1=155: s=3 t=3 j=3 je=3 Q=3723875 table=13824000 yh=15192
stage b2=241 vs b1={156}: values [159289617104504228485730641, 207728067204059288762843136), 247222493817 candidates (MITM path)
  MITM b1=156: s=3 t=3 j=3 je=3 Q=3796416 table=13997521 yh=17662
stage b2=242 vs b1={157}: values [166712830744247830760081408, 224282727500720205065439601), 286617863735 candidates (MITM path)
  MITM b1=157: s=3 t=3 j=3 je=3 Q=3869893 table=14172488 yh=20224
stage b2=243 vs b1={158}: values [174449211009120179071170507, 242038829185737332250382336), 328278432826 candidates (MITM path)
  MITM b1=158: s=3 t=3 j=3 je=3 Q=3944312 table=14348907 yh=22879
stage b2=244 vs b1={159}: values [182510598693315783839186944, 261075123337098804348567681), 372295279048 candidates (MITM path)
  MITM b1=159: s=3 t=3 j=3 je=3 Q=4019679 table=14526784 yh=25629
stage b2=245 vs b1={160}: values [190909230887841213330078125, 281474976710656000000000000), 418762189419 candidates (MITM path)
  MITM b1=160: s=3 t=3 j=3 je=3 Q=4096000 table=14706125 yh=28476
stage b2=246 vs b1={161}: values [199657752537985561759389696, 303326610665644763629211521), 467775716173 candidates (MITM path)
  MITM b1=161: s=3 t=3 j=3 je=3 Q=4173281 table=14886936 yh=31422
stage b2=247 vs b1={162}: values [208769228288504308517520103, 326723350842869800400326656), 519435233587 candidates (MITM path)
  MITM b1=162: s=3 t=3 j=3 je=3 Q=4251528 table=15069223 yh=34470
stage b2=248 vs b1={163}: values [218257154622460658242813952, 351763888007705494736404081), 573842995461 candidates (MITM path)
  MITM b1=163: s=3 t=3 j=3 je=3 Q=4330747 table=15252992 yh=37622
stage b2=249 vs b1={164}: values [228135472299766291637190249, 378552550483148382977130496), 631104193265 candidates (MITM path)
  MITM b1=164: s=3 t=3 j=3 je=3 Q=4410944 table=15438249 yh=40880
stage b2=250 vs b1={165}: values [238418579101562500000000000, 407199588611568593994140625), 691327014953 candidates (MITM path)
  MITM b1=165: s=3 t=3 j=3 je=3 Q=4492125 table=15625000 yh=44245
stage b2=251 vs b1={166}: values [249121342886682932269065251, 437821471697555965584019456), 754622704435 candidates (MITM path)
  MITM b1=166: s=3 t=3 j=3 je=3 Q=4574296 table=15813251 yh=47721
stage b2=252 vs b1={167}: values [260259114966540661762818048, 470541197898347534873984161), 821105621718 candidates (MITM path)
  MITM b1=167: s=3 t=3 j=3 je=3 Q=4657463 table=16003008 yh=51310
stage b2=253 vs b1={168}: values [271847743804884990713499397, 505488617542763051300683776), 890893303718 candidates (MITM path)
  MITM b1=168: s=3 t=3 j=3 je=3 Q=4741632 table=16194277 yh=55013
stage b2=254 vs b1={169}: values [283903589048977364007778304, 542800770374370512771595361), 964106525736 candidates (MITM path)
  MITM b1=169: s=3 t=3 j=3 je=3 Q=4826809 table=16387064 yh=58834
stage b2=255 vs b1={170}: values [296443535898840969287109375, 582622237229761000000000000), 1040869363602 candidates (MITM path)
  MITM b1=170: s=3 t=3 j=3 je=3 Q=4913000 table=16581375 yh=62774
stage b2=256 vs b1={171}: values [309485009821345068724781056, 625105506678337880602119441), 1121309256494 candidates (MITM path)
  MITM b1=171: s=3 t=3 j=3 je=3 Q=5000211 table=16777216 yh=66836
stage b2=257 vs b1={172}: values [323045991615992848448948993, 670411357165926452996079616), 1205557070425 candidates (MITM path)
  MITM b1=172: s=3 t=3 j=3 je=3 Q=5088448 table=16974593 yh=71022
stage b2=258 vs b1={173}: values [337145032839390594819950592, 718709255220793060317103921), 1293747162401 candidates (MITM path)
  MITM b1=173: s=3 t=3 j=3 je=3 Q=5177717 table=17173512 yh=75334
stage b2=259 vs b1={174}: values [351801271595486322734724859, 770177770297334467043659776), 1386017445257 candidates (MITM path)
  MITM b1=174: s=3 t=3 j=3 je=3 Q=5268024 table=17373979 yh=79776
stage b2=260 vs b1={175}: values [367034448698777600000000000, 825005006849765777587890625), 1482509453163 candidates (MITM path)
  MITM b1=175: s=3 t=3 j=3 je=3 Q=5359375 table=17576000 yh=84349
stage b2=261 vs b1={176}: values [382864924217801243807760861, 883389054245605390183038976), 1583368407803 candidates (MITM path)
  MITM b1=176: s=3 t=3 j=3 je=3 Q=5451776 table=17779581 yh=89056
stage b2=262 vs b1={177}: values [399313694406331820719986688, 945538455146635506591955521), 1688743285236 candidates (MITM path)
  MITM b1=177: s=3 t=3 j=3 je=3 Q=5545233 table=17984728 yh=93899
stage b2=263 vs b1={178}: values [416402409029831470623291287, 1011672693003313726683222016), 1798786883429 candidates (MITM path)
  MITM b1=178: s=3 t=3 j=3 je=3 Q=5639752 table=18191447 yh=98881
stage b2=264 vs b1={179}: values [434153389094810508186353664, 1082022699327332498100696241), 1913655890468 candidates (MITM path)
  MITM b1=179: s=3 t=3 j=3 je=3 Q=5735339 table=18399744 yh=104005
stage b2=265 vs b1={180}: values [452589644988876542822265625, 1156831381426176000000000000), 2033510953448 candidates (MITM path)
  MITM b1=180: s=3 t=3 j=3 je=3 Q=5832000 table=18609625 yh=109273
stage b2=266 vs b1={181}: values [471734895039369510442428416, 1236354171303115835117980561), 2158516748044 candidates (MITM path)
  MITM b1=181: s=3 t=3 j=3 je=3 Q=5929741 table=18821096 yh=114687
stage b2=267 vs b1={182}: values [491613584498601037846604883, 1320859596446125189798629376), 2288842048757 candidates (MITM path)
  MITM b1=182: s=3 t=3 j=3 je=3 Q=6028568 table=19034163 yh=120250
stage b2=268 vs b1={183}: values [512250904963838973923295232, 1410629873249683485564270561), 2424659799845 candidates (MITM path)
  MITM b1=183: s=3 t=3 j=3 je=3 Q=6128487 table=19248832 yh=125964
stage b2=269 vs b1={184}: values [533672814240301731473788469, 1505961523834397662438752256), 2566147186934 candidates (MITM path)
  MITM b1=184: s=3 t=3 j=3 je=3 Q=6229504 table=19465109 yh=131834
stage b2=270 vs b1={185}: values [555906056655552300000000000, 1607166017050789863525390625), 2713485709310 candidates (MITM path)
  MITM b1=185: s=3 t=3 j=3 je=3 Q=6331625 table=19683000 yh=137860
stage b2=271 vs b1={186}: values [578978183833808423828407471, 1714570434475502278801821696), 2866861252896 candidates (MITM path)
  MITM b1=186: s=3 t=3 j=3 je=3 Q=6434856 table=19902511 yh=144046
stage b2=272 vs b1={187}: values [602917575938813502137827328, 1828518162230556187140793681), 3026464163912 candidates (MITM path)
  MITM b1=187: s=3 t=3 j=3 je=3 Q=6539203 table=20123648 yh=150394
stage b2=273 vs b1={188}: values [627753463394042268515136177, 1949369609479181830042157056), 3192489323214 candidates (MITM path)
  MITM b1=188: s=3 t=3 j=3 je=3 Q=6644672 table=20346417 yh=156907
stage b2=274 vs b1={189}: values [653515949089146258317953024, 2077502954475116767205550321), 3365136221331 candidates (MITM path)
  MITM b1=189: s=3 t=3 j=3 je=3 Q=6751269 table=20570824 yh=163588

*** MATCH: 1803914606558989626735009350 is an 12-digit palindrome in bases 189 and 274
stage b2=275 vs b1={190}: values [680236031081676483154296875, 2213314919066161000000000000), 3544609034171 candidates (MITM path)
  MITM b1=190: s=3 t=3 j=3 je=3 Q=6859000 table=20796875 yh=170440

*** MATCH: 1658450216863989244936809252 is an 12-digit palindrome in bases 190 and 275
stage b2=276 vs b1={191}: values [707945625803254614013771776, 2357221572577185690065114881), 3731116699426 candidates (MITM path)
  MITM b1=191: s=3 t=3 j=3 je=3 Q=6967871 table=21024576 yh=177465
stage b2=277 vs b1={192}: values [736677591779499338860277773, 2509659166022727122011815936), 3924872993658 candidates (MITM path)
  MITM b1=192: s=3 t=3 j=3 je=3 Q=7077888 table=21253933 yh=184666
stage b2=278 vs b1={193}: values [766465753873151417719887872, 2671084997624767126594464001), 4126096610072 candidates (MITM path)
  MITM b1=193: s=3 t=3 j=3 je=3 Q=7189057 table=21484952 yh=192046
stage b2=279 vs b1={194}: values [797344928059979319406571079, 2841978310637314049208487936), 4335011236984 candidates (MITM path)
  MITM b1=194: s=3 t=3 j=3 je=3 Q=7301384 table=21717639 yh=199608
stage b2=280 vs b1={195}: values [829350946747187200000000000, 3022841224505963164306640625), 4551845636967 candidates (MITM path)
  MITM b1=195: s=3 t=3 j=3 je=3 Q=7414875 table=21952000 yh=207355
stage b2=281 vs b1={196}: values [862520684644188385040795081, 3214199700417740936751087616), 4776833726693 candidates (MITM path)
  MITM b1=196: s=3 t=3 j=3 je=3 Q=7529536 table=22188041 yh=215289
stage b2=282 vs b1={197}: values [896892085195750456196179968, 3416604542324232545384738641), 5010214657468 candidates (MITM path)
  MITM b1=197: s=3 t=3 j=3 je=3 Q=7645373 table=22425768 yh=223414
stage b2=283 vs b1={198}: values [932504187587662529970024067, 3630632434549265533578448896), 5252232896447 candidates (MITM path)
  MITM b1=198: s=3 t=3 j=3 je=3 Q=7762392 table=22665187 yh=231732
stage b2=284 vs b1={199}: values [969397154335221362022416384, 3856887017121283350242637601), 5503138308550 candidates (MITM path)
  MITM b1=199: s=3 t=3 j=3 je=3 Q=7880599 table=22906304 yh=240246
stage b2=285 vs b1={200}: values [1007612299464980527001953125, 4096000000000000000000000000), 5763186239065 candidates (MITM path)
  MITM b1=200: s=3 t=3 j=3 je=3 Q=8000000 table=23149125 yh=248960
stage b2=286 vs b1={201}: values [1047192117300356121695451136, 4348632317396990233762642401), 6032637596942 candidates (MITM path)
  MITM b1=201: s=3 t=3 j=3 je=3 Q=8120601 table=23393656 yh=257875
stage b2=287 vs b1={202}: values [1088180311861833230021357663, 4615475323420547975828279296), 6311758938784 candidates (MITM path)
  MITM b1=202: s=3 t=3 j=3 je=3 Q=8242408 table=23639903 yh=266996
stage b2=288 vs b1={203}: values [1130621826892669783231168512, 4897252030306448390395044241), 6600822553525 candidates (MITM path)
  MITM b1=203: s=3 t=3 j=3 je=3 Q=8365427 table=23887872 yh=276326
stage b2=289 vs b1={204}: values [1174562876521148458974062689, 5194718390528185623763746816), 6900106547808 candidates (MITM path)
  MITM b1=204: s=3 t=3 j=3 je=3 Q=8489664 table=24137569 yh=285866
stage b2=290 vs b1={205}: values [1220050976570582900000000000, 5508664624112838398681640625), 7209894932049 candidates (MITM path)
  MITM b1=205: s=3 t=3 j=3 je=3 Q=8615125 table=24389000 yh=295621
stage b2=291 vs b1={206}: values [1267134976528441808641913691, 5839916592521948960554356736), 7530477707208 candidates (MITM path)
  MITM b1=206: s=3 t=3 j=3 je=3 Q=8741816 table=24642171 yh=305594
stage b2=292 vs b1={207}: values [1315865092186113398284484608, 6189337220490697154402830401), 7862150952239 candidates (MITM path)
  MITM b1=207: s=3 t=3 j=3 je=3 Q=8869743 table=24897088 yh=315786
stage b2=293 vs b1={208}: values [1366292938960993269291344957, 6557827967253220516257857536), 8205216912250 candidates (MITM path)
  MITM b1=208: s=3 t=3 j=3 je=3 Q=8998912 table=25153757 yh=326203
stage b2=294 vs b1={209}: values [1418471565912741035860383744, 6946330348617183160431238081), 8559984087348 candidates (MITM path)
  MITM b1=209: s=3 t=3 j=3 je=3 Q=9129329 table=25412184 yh=336846
stage b2=295 vs b1={210}: values [1472455490465714973583984375, 7355827511386641000000000000), 8926767322189 candidates (MITM path)
  MITM b1=210: s=3 t=3 j=3 je=3 Q=9261000 table=25672375 yh=347719
stage b2=296 vs b1={211}: values [1528300733849759596723306496, 7787345861668898615544483121), 9305887896217 candidates (MITM path)
  MITM b1=211: s=3 t=3 j=3 je=3 Q=9393931 table=25934336 yh=358825
stage b2=297 vs b1={212}: values [1586064857271688421018834553, 8241956748638414149261459456), 9697673614606 candidates (MITM path)
  MITM b1=212: s=3 t=3 j=3 je=3 Q=9528128 table=26198073 yh=370168
stage b2=298 vs b1={213}: values [1645806998829973233948977152, 8720778205368893309992171281), 10102458899898 candidates (MITM path)
  MITM b1=213: s=3 t=3 j=3 je=3 Q=9663597 table=26463592 yh=381750
done: 83.45s, 14385971 candidates tested
