A171740 search: n=12, threads=1, limit=none
stage b2=334 vs b1={206}: values [5770469301172549409712093184, 5839916592521948960554356736), 50023780585 candidates (MITM path)
  MITM b1=206: s=4 t=2 j=2 je=3 Q=42436 table=111556 yh=448419
stage b2=335 vs b1={207}: values [5963385395750391459130859375, 6189337220490697154402830401), 159862651052 candidates (MITM path)
  MITM b1=207: s=4 t=2 j=2 je=3 Q=42849 table=112225 yh=1424484
stage b2=336 vs b1={208}: values [6162146956711778149189287936, 6557827967253220516257857536), 274985341563 candidates (MITM path)
  MITM b1=208: s=4 t=2 j=2 je=3 Q=43264 table=112896 yh=2435741
stage b2=337 vs b1={209}: values [6366912912781415703444512113, 6946330348617183160431238081), 395559805462 candidates (MITM path)
  MITM b1=209: s=4 t=2 j=2 je=3 Q=43681 table=113569 yh=3482992
stage b2=338 vs b1={210}: values [6577846022051543255362291712, 7355827511386641000000000000), 521757934481 candidates (MITM path)
  MITM b1=210: s=4 t=2 j=2 je=3 Q=44100 table=114244 yh=4567049
stage b2=339 vs b1={211}: values [6795112952474838324166805739, 7787345861668898615544483121), 653755623889 candidates (MITM path)
  MITM b1=211: s=4 t=2 j=2 je=3 Q=44521 table=114921 yh=5688740
stage b2=340 vs b1={212}: values [7018884363803238400000000000, 8241956748638414149261459456), 791732838260 candidates (MITM path)
  MITM b1=212: s=4 t=2 j=2 je=3 Q=44944 table=115600 yh=6848900
stage b2=341 vs b1={213}: values [7249334990994258712381121741, 8720778205368893309992171281), 935873677880 candidates (MITM path)
  MITM b1=213: s=4 t=2 j=2 je=3 Q=45369 table=116281 yh=8048381
stage b2=342 vs b1={214}: values [7486643729106643154813687808, 9224976748383532391296208896), 1086366445786 candidates (MITM path)
  MITM b1=214: s=4 t=2 j=2 je=3 Q=45796 table=116964 yh=9288042
stage b2=343 vs b1={215}: values [7730993719707444524137094407, 9755769237612933691650390625), 1243403715435 candidates (MITM path)
  MITM b1=215: s=3 t=3 j=3 je=3 Q=9938375 table=40353607 yh=30813
stage b2=344 vs b1={216}: values [7982572438812891719395180544, 10314424798490535546171949056), 1407182399010 candidates (MITM path)
  MITM b1=216: s=3 t=3 j=3 je=3 Q=10077696 table=40707584 yh=34569
stage b2=345 vs b1={217}: values [8241571786385665345166015625, 10902266807956484097280908961), 1577903816365 candidates (MITM path)
  MITM b1=217: s=3 t=3 j=3 je=3 Q=10218313 table=41063625 yh=38426
stage b2=346 vs b1={218}: values [8508188177411469292077623296, 11520674946182735813538942976), 1755773764598 candidates (MITM path)
  MITM b1=218: s=3 t=3 j=3 je=3 Q=10360232 table=41421736 yh=42388
stage b2=347 vs b1={219}: values [8782622634578054336274824003, 12171087315874829579909431761), 1941002588275 candidates (MITM path)
  MITM b1=219: s=3 t=3 j=3 je=3 Q=10503459 table=41781923 yh=46456

*** MATCH: 9046692707087271461358236400 is an 12-digit palindrome in bases 219 and 347
done: 29.16s, 42382565 candidates tested
