A171740 search: n=12, threads=1, limit=none
stage b2=454 vs b1={273}: values [168894062222506223751543445504, 171376695506573539304632176321), 283515923913 candidates (MITM path)
  MITM b1=273: s=4 t=2 j=2 je=3 Q=74529 table=206116 yh=1375517
stage b2=455 vs b1={274}: values [173031575921620011303271484375, 179063370050426074779119128576), 679795257194 candidates (MITM path)
  MITM b1=274: s=4 t=2 j=2 je=3 Q=75076 table=207025 yh=3283639
stage b2=456 vs b1={275}: values [177261030328297458104329568256, 187064908547461032867431640625), 1090457771432 candidates (MITM path)
  MITM b1=275: s=4 t=2 j=2 je=3 Q=75625 table=207936 yh=5244200
stage b2=457 vs b1={276}: values [181584260108050775997625896793, 195392992721698273467801010176), 1515851367196 candidates (MITM path)
  MITM b1=276: s=4 t=2 j=2 je=3 Q=76176 table=208849 yh=7258122
stage b2=458 vs b1={277}: values [186003132397245379497877563392, 204059692922921316864296943121), 1956330203371 candidates (MITM path)
  MITM b1=277: s=4 t=2 j=2 je=3 Q=76729 table=209764 yh=9326340
stage b2=459 vs b1={278}: values [190519547304842441752783207059, 213077479576736094126128828416), 2412254777331 candidates (MITM path)
  MITM b1=278: s=4 t=2 j=2 je=3 Q=77284 table=210681 yh=11449798
stage b2=460 vs b1={279}: values [195135438420772249600000000000, 222459234928734230114433331041), 2883992005729 candidates (MITM path)
  MITM b1=279: s=4 t=2 j=2 je=3 Q=77841 table=211600 yh=13629452
stage b2=461 vs b1={280}: values [199852773331011222243920083061, 232218265089212416000000000000), 3371915305896 candidates (MITM path)
  MITM b1=280: s=4 t=2 j=2 je=3 Q=78400 table=212521 yh=15866269
stage b2=462 vs b1={281}: values [204673554139436097229551679488, 242368312385016936196463417761), 3876404677851 candidates (MITM path)
  MITM b1=281: s=4 t=2 j=2 je=3 Q=78961 table=213444 yh=18161226
stage b2=463 vs b1={282}: values [209599817996529430739834959087, 252923568025201628647322750976), 4397846786930 candidates (MITM path)
  MITM b1=282: s=4 t=2 j=2 je=3 Q=79524 table=214369 yh=20515312
stage b2=464 vs b1={283}: values [214633637635011206805784100864, 263898685087308495981516810961), 4936635047026 candidates (MITM path)
  MITM b1=283: s=4 t=2 j=2 je=3 Q=80089 table=215296 yh=22929526
stage b2=465 vs b1={284}: values [219777121912472001814306640625, 275308791831202866814366253056), 5493169704451 candidates (MITM path)
  MITM b1=284: s=3 t=3 j=3 je=3 Q=22906304 table=100544625 yh=54635
stage b2=466 vs b1={285}: values [225032416361083806744810735616, 287169505347519450195556640625), 6067857922404 candidates (MITM path)
  MITM b1=285: s=3 t=3 j=3 je=3 Q=23149125 table=101194696 yh=59963
stage b2=467 vs b1={286}: values [230401703744465269881211992683, 299496945547901850804899024896), 6661113866072 candidates (MITM path)
  MITM b1=286: s=3 t=3 j=3 je=3 Q=23393656 table=101847563 yh=65403
stage b2=468 vs b1={287}: values [235887204621778787349175468032, 312307749504346137016129649281), 7273358788340 candidates (MITM path)
  MITM b1=287: s=3 t=3 j=3 je=3 Q=23639903 table=102503232 yh=70958
stage b2=469 vs b1={288}: values [241491177919137537737896750669, 325619086145088897570576531456), 7905021116122 candidates (MITM path)
  MITM b1=288: s=3 t=3 j=3 je=3 Q=23887872 table=103161709 yh=76628
stage b2=470 vs b1={289}: values [247215921508401230300000000000, 339448671314611904643504117121), 8556536537319 candidates (MITM path)
  MITM b1=289: s=3 t=3 j=3 je=3 Q=24137569 table=103823000 yh=82415
stage b2=471 vs b1={290}: values [253063772793440013800811649671, 353814783205469041000000000000), 9228348088393 candidates (MITM path)
  MITM b1=290: s=3 t=3 j=3 je=3 Q=24389000 table=104487111 yh=88321
stage b2=472 vs b1={291}: values [259037109303946675027997360128, 368736278169776566314796884081), 9920906242568 candidates (MITM path)
  MITM b1=291: s=3 t=3 j=3 je=3 Q=24642171 table=105154048 yh=94347
stage b2=473 vs b1={292}: values [265138349296877942293007763977, 384232606918345112299069505536), 10634668998653 candidates (MITM path)
  MITM b1=292: s=3 t=3 j=3 je=3 Q=24897088 table=105823817 yh=100495
stage b2=474 vs b1={293}: values [271369952365606399975686580224, 400323831115571027902364072401), 11370101970491 candidates (MITM path)
  MITM b1=293: s=3 t=3 j=3 je=3 Q=25153757 table=106496424 yh=106766
stage b2=475 vs b1={294}: values [277734420056865215301513671875, 417030640378345864542952820736), 12127678477034 candidates (MITM path)
  MITM b1=294: s=3 t=3 j=3 je=3 Q=25412184 table=107171875 yh=113162
stage b2=476 vs b1={295}: values [284234296495568578116086398976, 434374369687385917207275390625), 12907879633044 candidates (MITM path)
  MITM b1=295: s=3 t=3 j=3 je=3 Q=25672375 table=107850176 yh=119684
stage b2=477 vs b1={296}: values [290872169017591458452425905573, 452377017219528840630098722816), 13711194440422 candidates (MITM path)
  MITM b1=296: s=3 t=3 j=3 je=3 Q=25934336 table=108531333 yh=126334
stage b2=478 vs b1={297}: values [297650668810592995192411420672, 471061262609691461042593862241), 14538119880168 candidates (MITM path)
  MITM b1=297: s=3 t=3 j=3 je=3 Q=26198073 table=109215352 yh=133115
stage b2=479 vs b1={298}: values [304572471562968542123015813279, 490450485651332023716795191296), 15389161004964 candidates (MITM path)
  MITM b1=298: s=3 t=3 j=3 je=3 Q=26463592 table=109902239 yh=140026
stage b2=480 vs b1={299}: values [311640298121016115200000000000, 510568785444411275443565936401), 16264831032397 candidates (MITM path)
  MITM b1=299: s=3 t=3 j=3 je=3 Q=26730899 table=110592000 yh=147071
stage b2=481 vs b1={300}: values [318856915154403706875322757281, 531441000000000000000000000000), 17165651438805 candidates (MITM path)
  MITM b1=300: s=3 t=3 j=3 je=3 Q=27000000 table=111284641 yh=154250
stage b2=482 vs b1={301}: values [326225135830024659938776352768, 553092726310835924575445943601), 18092152053760 candidates (MITM path)
  MITM b1=301: s=3 t=3 j=3 je=3 Q=27270901 table=111980168 yh=161566
stage b2=483 vs b1={302}: values [333747820494329024488347411867, 575550340897290317159369936896), 19044871155179 candidates (MITM path)
  MITM b1=302: s=3 t=3 j=3 je=3 Q=27543608 table=112678587 yh=169020
stage b2=484 vs b1={303}: values [341427877364219557396646723584, 598841020838364120317909320641), 20024355565079 candidates (MITM path)
  MITM b1=303: s=3 t=3 j=3 je=3 Q=27818127 table=113379904 yh=176613
stage b2=485 vs b1={304}: values [349268263226601764001611328125, 622992765297495137011017711616), 21031160745949 candidates (MITM path)
  MITM b1=304: s=3 t=3 j=3 je=3 Q=28094464 table=114084125 yh=184348
stage b2=486 vs b1={305}: values [357271984146678126737757198336, 648034417553121620683837890625), 22065850897781 candidates (MITM path)
  MITM b1=305: s=3 t=3 j=3 je=3 Q=28372625 table=114791256 yh=192226
stage b2=487 vs b1={306}: values [365442096185077415058791025463, 673995687544113646503571623936), 23128999055712 candidates (MITM path)
  MITM b1=306: s=3 t=3 j=3 je=3 Q=28652616 table=115501303 yh=200249
stage b2=488 vs b1={307}: values [373781706123910725302654861312, 700907174940351875150276622001), 24221187188326 candidates (MITM path)
  MITM b1=307: s=3 t=3 j=3 je=3 Q=28934443 table=116214272 yh=208419
stage b2=489 vs b1={308}: values [382293972201846658135397384889, 728800392748903786995238567936), 25343006296577 candidates (MITM path)
  MITM b1=308: s=3 t=3 j=3 je=3 Q=29218112 table=116930169 yh=216737
stage b2=490 vs b1={309}: values [390982104858298804900000000000, 757707791466420184947746068881), 26495056513359 candidates (MITM path)
  MITM b1=309: s=3 t=3 j=3 je=3 Q=29503629 table=117649000 yh=225205
stage b2=491 vs b1={310}: values [399849367486819482609834395891, 787662783788549761000000000000), 27677947203716 candidates (MITM path)
  MITM b1=310: s=3 t=3 j=3 je=3 Q=29791000 table=118370771 yh=233825
stage b2=492 vs b1={311}: values [408899077197794430483230097408, 818699769887346816976612516321), 28892297065687 candidates (MITM path)
  MITM b1=311: s=3 t=3 j=3 je=3 Q=30080231 table=119095488 yh=242598
stage b2=493 vs b1={312}: values [418134605590533958835165292757, 850854163267826846772605485056), 30138734231796 candidates (MITM path)
  MITM b1=312: s=3 t=3 j=3 je=3 Q=30371328 table=119823157 yh=251527
stage b2=494 vs b1={313}: values [427559379534856823843881170944, 884162417215006648162206715681), 31417896371182 candidates (MITM path)
  MITM b1=313: s=3 t=3 j=3 je=3 Q=30664297 table=120553784 yh=260614
stage b2=495 vs b1={314}: values [437176881962263889213818359375, 918662051842949959948040605696), 32730430792375 candidates (MITM path)
  MITM b1=314: s=3 t=3 j=3 je=3 Q=30959144 table=121287375 yh=269859
stage b2=496 vs b1={315}: values [446990652666799428081282973696, 954391681757526337812744140625), 34076994546709 candidates (MITM path)
  MITM b1=315: s=3 t=3 j=3 je=3 Q=31255875 table=122023936 yh=279265
stage b2=497 vs b1={316}: values [457004289115698715675308342353, 991391044344780112897566048256), 35458254532384 candidates (MITM path)
  MITM b1=316: s=3 t=3 j=3 je=3 Q=31554496 table=122763473 yh=288834
stage b2=498 vs b1={317}: values [467221447269921365272965629952, 1029701028696997844179291768561), 36874887599173 candidates (MITM path)
  MITM b1=317: s=3 t=3 j=3 je=3 Q=31855013 table=123505992 yh=298568
stage b2=499 vs b1={318}: values [477645842414670666895611255499, 1069363705188756702611733221376), 38327580653770 candidates (MITM path)
  MITM b1=318: s=3 t=3 j=3 je=3 Q=32157432 table=124251499 yh=308468
stage b2=500 vs b1={319}: values [488281250000000000000000000000, 1110422355715432735355050594561), 39817030765788 candidates (MITM path)
  MITM b1=319: s=3 t=3 j=3 je=3 Q=32461759 table=125000000 yh=318537
stage b2=501 vs b1={320}: values [499131506491608208145638755501, 1152921504606846976000000000000), 41343945274405 candidates (MITM path)
  MITM b1=320: s=3 t=3 j=3 je=3 Q=32768000 table=125751501 yh=328775
stage b2=502 vs b1={321}: values [510200510231926645287045634048, 1196906950228928915420617322241), 42909041895650 candidates (MITM path)
  MITM b1=321: s=3 t=3 j=3 je=3 Q=33076161 table=126506008 yh=339186
stage b2=503 vs b1={322}: values [521492222311601429966591196647, 1242425797286480951825250390016), 44513048830348 candidates (MITM path)
  MITM b1=322: s=3 t=3 j=3 je=3 Q=33386248 table=127263527 yh=349771
stage b2=504 vs b1={323}: values [533010667451475275290251362304, 1289526489840334121941717217521), 46156704872707 candidates (MITM path)
  MITM b1=323: s=3 t=3 j=3 je=3 Q=33698267 table=128024064 yh=360532
stage b2=505 vs b1={324}: values [544759934895174099174853515625, 1338258845052394702439737982976), 47840759519553 candidates (MITM path)
  MITM b1=324: s=3 t=3 j=3 je=3 Q=34012224 table=128787625 yh=371471
stage b2=506 vs b1={325}: values [556744179312404460981246765056, 1388674087672293186187744140625), 49565973080224 candidates (MITM path)
  MITM b1=325: s=3 t=3 j=3 je=3 Q=34328125 table=129554216 yh=382589
stage b2=507 vs b1={326}: values [568967621713068717313312446243, 1440824885279561706440311115776), 51333116787105 candidates (MITM path)
  MITM b1=326: s=3 t=3 j=3 je=3 Q=34645976 table=130323843 yh=393889
stage b2=508 vs b1={327}: values [581434550372305641487929966592, 1494765384295483228389391941921), 53142972906820 candidates (MITM path)
  MITM b1=327: s=3 t=3 j=3 je=3 Q=34965783 table=131096512 yh=405373
stage b2=509 vs b1={328}: values [594149321766565107986044015109, 1550551246778975776674326511616), 54996334852077 candidates (MITM path)
  MITM b1=328: s=3 t=3 j=3 je=3 Q=35287552 table=131872229 yh=417043
stage b2=510 vs b1={329}: values [607116361520826305100000000000, 1608239688021097644574300393441), 56894007294163 candidates (MITM path)
  MITM b1=329: s=3 t=3 j=3 je=3 Q=35611289 table=132651000 yh=428900
stage b2=511 vs b1={330}: values [620340165367069806017523226111, 1667889514952984961000000000000), 58836806276092 candidates (MITM path)
  MITM b1=330: s=3 t=3 j=3 je=3 Q=35937000 table=133432831 yh=440947
stage b2=512 vs b1={331}: values [633825300114114700748351602688, 1729561165382261200512043881361), 60825559326414 candidates (MITM path)
  MITM b1=331: s=3 t=3 j=3 je=3 Q=36264691 table=134217728 yh=453186
stage b2=513 vs b1={332}: values [647576404628932868625869313537, 1793316748073189235032143691776), 62861105573667 candidates (MITM path)
  MITM b1=332: s=3 t=3 j=3 je=3 Q=36594368 table=135005697 yh=465619
stage b2=514 vs b1={333}: values [661598190829553353623447537664, 1859220083686070369445516586161), 64944295861496 candidates (MITM path)
  MITM b1=333: s=3 t=3 j=3 je=3 Q=36926037 table=135796744 yh=478247
stage b2=515 vs b1={334}: values [675895444689670692433935546875, 1927336746591631502843839123456), 67075992864422 candidates (MITM path)
  MITM b1=334: s=3 t=3 j=3 je=3 Q=37259704 table=136590875 yh=491073
stage b2=516 vs b1={335}: values [690473027255071938191258812416, 1997734107576381138808837890625), 69257071204268 candidates (MITM path)
  MITM b1=335: s=3 t=3 j=3 je=3 Q=37595375 table=137388096 yh=504099
stage b2=517 vs b1={336}: values [705335875671998020885807527133, 2070481377455157458127600746496), 71488417567243 candidates (MITM path)
  MITM b1=336: s=3 t=3 j=3 je=3 Q=37933056 table=138188413 yh=517326
stage b2=518 vs b1={337}: values [720489004227555988960716511232, 2145649651607337092060800582081), 73770930821685 candidates (MITM path)
  MITM b1=337: s=3 t=3 j=3 je=3 Q=38272753 table=138991832 yh=530758

*** MATCH: 1959821496948975017920004625156 is an 12-digit palindrome in bases 337 and 518
stage b2=519 vs b1={338}: values [735937505402299585294763053719, 2223311955453421620312454598656), 76105522136459 candidates (MITM path)
  MITM b1=338: s=3 t=3 j=3 je=3 Q=38614472 table=139798359 yh=544395
stage b2=520 vs b1={339}: values [751686550935096524800000000000, 2303543290888970191892547145521), 78493115100018 candidates (MITM path)
  MITM b1=339: s=3 t=3 j=3 je=3 Q=38958219 table=140608000 yh=558241
stage b2=521 vs b1={340}: values [767741392900401760208994397721, 2386420683693101056000000000000), 80934645840123 candidates (MITM path)
  MITM b1=340: s=3 t=3 j=3 je=3 Q=39304000 table=141420761 yh=572297
stage b2=522 vs b1={341}: values [784107364798056947318294243328, 2472023231929042220921962513681), 83431063144217 candidates (MITM path)
  MITM b1=341: s=3 t=3 j=3 je=3 Q=39651821 table=142236648 yh=586566
stage b2=523 vs b1={342}: values [800789882655737251012174233427, 2560432155354471958946281230336), 85983328580470 candidates (MITM path)
  MITM b1=342: s=3 t=3 j=3 je=3 Q=40001688 table=143055667 yh=601049
stage b2=524 vs b1={343}: values [817794446144167568834532737024, 2651730845859653471779023381601), 88592416619477 candidates (MITM path)
  MITM b1=343: s=3 t=3 j=3 je=3 Q=40353607 table=143877824 yh=615748
stage b2=525 vs b1={344}: values [835126639705231189727783203125, 2746004918951634751471942107136), 91259314756619 candidates (MITM path)
  MITM b1=344: s=3 t=3 j=3 je=3 Q=40707584 table=144703125 yh=630666
stage b2=526 vs b1={345}: values [852792133693094851836500555776, 2843342266303054544082275390625), 93985023635094 candidates (MITM path)
  MITM b1=345: s=3 t=3 j=3 je=3 Q=41063625 table=145531576 yh=645806
stage b2=527 vs b1={346}: values [870796685528475115001283375023, 2943833109384368375058857660416), 96770557169597 candidates (MITM path)
  MITM b1=346: s=3 t=3 j=3 je=3 Q=41421736 table=146363183 yh=661168
stage b2=528 vs b1={347}: values [889146140866171920765652303872, 3047570054198584854687363929041), 99616942670676 candidates (MITM path)
  MITM b1=347: s=3 t=3 j=3 je=3 Q=41781923 table=147197952 yh=676755
stage b2=529 vs b1={348}: values [907846434775996175406740561329, 3154648147137881977010830442496), 102525220969747 candidates (MITM path)
  MITM b1=348: s=3 t=3 j=3 je=3 Q=42144192 table=148035889 yh=692571
stage b2=530 vs b1={349}: values [926903592937219159700000000000, 3265164931981755884811169330801), 105496446544771 candidates (MITM path)
  MITM b1=349: s=3 t=3 j=3 je=3 Q=42508549 table=148877000 yh=708615
stage b2=531 vs b1={350}: values [946323732846672542860142060331, 3379220508056640625000000000000), 108531687646602 candidates (MITM path)
  MITM b1=350: s=3 t=3 j=3 je=3 Q=42875000 table=149721291 yh=724892
stage b2=532 vs b1={351}: values [966113065040628757386093395968, 3496917589577226791795034339201), 111632026425994 candidates (MITM path)
  MITM b1=351: s=3 t=3 j=3 je=3 Q=43243551 table=150568768 yh=741403
stage b2=533 vs b1={352}: values [986277894330592476397946946317, 3618361566189999678189727645696), 114798559061279 candidates (MITM path)
  MITM b1=352: s=3 t=3 j=3 je=3 Q=43614208 table=151419437 yh=758150
stage b2=534 vs b1={353}: values [1006824621053134925509846800384, 3743660564739813658463646963841), 118032395886709 candidates (MITM path)
  MITM b1=353: s=3 t=3 j=3 je=3 Q=43986977 table=152273304 yh=775136
stage b2=535 vs b1={354}: values [1027759742333903757355615234375, 3872925512280619035000649814016), 121334661521467 candidates (MITM path)
  MITM b1=354: s=3 t=3 j=3 je=3 Q=44361864 table=153130375 yh=792362
stage b2=536 vs b1={355}: values [1049089853365942218594908635136, 4006270200351760530820556640625), 124706494999341 candidates (MITM path)
  MITM b1=355: s=3 t=3 j=3 je=3 Q=44738875 table=153990656 yh=809832
stage b2=537 vs b1={356}: values [1070821648702452346598011379913, 4143811350541573024494477377536), 128149049899070 candidates (MITM path)
  MITM b1=356: s=3 t=3 j=3 je=3 Q=45118016 table=154854153 yh=827547
stage b2=538 vs b1={357}: values [1092961923564137946058318784512, 4285668681360310036179623022801), 131663494475363 candidates (MITM path)
  MITM b1=357: s=3 t=3 j=3 je=3 Q=45499293 table=155720872 yh=845510
stage b2=539 vs b1={358}: values [1115517575161264114534437527939, 4431964976444753912220451803136), 135251011790571 candidates (MITM path)
  MITM b1=358: s=3 t=3 j=3 je=3 Q=45882712 table=156590819 yh=863723
stage b2=540 vs b1={359}: values [1138495604030571110400000000000, 4582826154117173651132848229281), 138912799847050 candidates (MITM path)
  MITM b1=359: s=3 t=3 j=3 je=3 Q=46268279 table=157464000 yh=882188
stage b2=541 vs b1={360}: values [1161903115387181386900143203941, 4738381338321616896000000000000), 142650071720175 candidates (MITM path)
  MITM b1=360: s=3 t=3 j=3 je=3 Q=46656000 table=158340421 yh=900908

*** MATCH: 1219181438133144792834153085892 is an 12-digit palindrome in bases 360 and 541
stage b2=542 vs b1={361}: values [1185747320491639652000578500608, 4898762930960846817716295277921), 146464055692036 candidates (MITM path)
  MITM b1=361: s=3 t=3 j=3 je=3 Q=47045881 table=159220088 yh=919885
stage b2=543 vs b1={362}: values [1210035538032226855489750842207, 5064106685657562460643248377856), 150355995385798 candidates (MITM path)
  MITM b1=362: s=3 t=3 j=3 je=3 Q=47437928 table=160103007 yh=939121
done: 1160.11s, 149968204 candidates tested
