A171740 search: n=12, threads=1, limit=none
stage b2=243 vs b1={154}: values [174449211009120179071170507, 177929783385962838621884416), 16904916407 candidates (MITM path)
  MITM b1=154: s=4 t=2 j=2 je=3 Q=23716 table=59049 yh=286287
stage b2=244 vs b1={155}: values [182510598693315783839186944, 192300484323376406494140625), 46391526189 candidates (MITM path)
  MITM b1=155: s=4 t=2 j=2 je=3 Q=24025 table=59536 yh=779219
stage b2=245 vs b1={156}: values [190909230887841213330078125, 207728067204059288762843136), 77767732770 candidates (MITM path)
  MITM b1=156: s=4 t=2 j=2 je=3 Q=24336 table=60025 yh=1295590
stage b2=246 vs b1={157}: values [199657752537985561759389696, 224282727500720205065439601), 111113072016 candidates (MITM path)
  MITM b1=157: s=4 t=2 j=2 je=3 Q=24649 table=60516 yh=1836095
stage b2=247 vs b1={158}: values [208769228288504308517520103, 242038829185737332250382336), 146509528783 candidates (MITM path)
  MITM b1=158: s=4 t=2 j=2 je=3 Q=24964 table=61009 yh=2401442
stage b2=248 vs b1={159}: values [218257154622460658242813952, 261075123337098804348567681), 184041589542 candidates (MITM path)
  MITM b1=159: s=4 t=2 j=2 je=3 Q=25281 table=61504 yh=2992352
stage b2=249 vs b1={160}: values [228135472299766291637190249, 281474976710656000000000000), 223796295653 candidates (MITM path)
  MITM b1=160: s=4 t=2 j=2 je=3 Q=25600 table=62001 yh=3609560
stage b2=250 vs b1={161}: values [238418579101562500000000000, 303326610665644763629211521), 265863297287 candidates (MITM path)
  MITM b1=161: s=3 t=3 j=3 je=3 Q=4173281 table=15625000 yh=17016
stage b2=251 vs b1={162}: values [249121342886682932269065251, 326723350842869800400326656), 310334907997 candidates (MITM path)
  MITM b1=162: s=3 t=3 j=3 je=3 Q=4251528 table=15813251 yh=19625
stage b2=252 vs b1={163}: values [260259114966540661762818048, 351763888007705494736404081), 357306159948 candidates (MITM path)
  MITM b1=163: s=3 t=3 j=3 je=3 Q=4330747 table=16003008 yh=22328
stage b2=253 vs b1={164}: values [271847743804884990713499397, 378552550483148382977130496), 406874859794 candidates (MITM path)
  MITM b1=164: s=3 t=3 j=3 je=3 Q=4410944 table=16194277 yh=25125
stage b2=254 vs b1={165}: values [283903589048977364007778304, 407199588611568593994140625), 459141645216 candidates (MITM path)
  MITM b1=165: s=3 t=3 j=3 je=3 Q=4492125 table=16387064 yh=28019
stage b2=255 vs b1={166}: values [296443535898840969287109375, 437821471697555965584019456), 514210042110 candidates (MITM path)
  MITM b1=166: s=3 t=3 j=3 je=3 Q=4574296 table=16581375 yh=31012
stage b2=256 vs b1={167}: values [309485009821345068724781056, 470541197898347534873984161), 572186522437 candidates (MITM path)
  MITM b1=167: s=3 t=3 j=3 je=3 Q=4657463 table=16777216 yh=34105
stage b2=257 vs b1={168}: values [323045991615992848448948993, 505488617542763051300683776), 633180562733 candidates (MITM path)
  MITM b1=168: s=3 t=3 j=3 je=3 Q=4741632 table=16974593 yh=37302
stage b2=258 vs b1={169}: values [337145032839390594819950592, 542800770374370512771595361), 697304703273 candidates (MITM path)
  MITM b1=169: s=3 t=3 j=3 je=3 Q=4826809 table=17173512 yh=40604
stage b2=259 vs b1={170}: values [351801271595486322734724859, 582622237229761000000000000), 764674607902 candidates (MITM path)
  MITM b1=170: s=3 t=3 j=3 je=3 Q=4913000 table=17373979 yh=44013
stage b2=260 vs b1={171}: values [367034448698777600000000000, 625105506678337880602119441), 835409124524 candidates (MITM path)
  MITM b1=171: s=3 t=3 j=3 je=3 Q=5000211 table=17576000 yh=47532
stage b2=261 vs b1={172}: values [382864924217801243807760861, 670411357165926452996079616), 909630346256 candidates (MITM path)
  MITM b1=172: s=3 t=3 j=3 je=3 Q=5088448 table=17779581 yh=51162
stage b2=262 vs b1={173}: values [399313694406331820719986688, 718709255220793060317103921), 987463673248 candidates (MITM path)
  MITM b1=173: s=3 t=3 j=3 je=3 Q=5177717 table=17984728 yh=54906
stage b2=263 vs b1={174}: values [416402409029831470623291287, 770177770297334467043659776), 1069037875166 candidates (MITM path)
  MITM b1=174: s=3 t=3 j=3 je=3 Q=5268024 table=18191447 yh=58766
stage b2=264 vs b1={175}: values [434153389094810508186353664, 825005006849765777587890625), 1154485154340 candidates (MITM path)
  MITM b1=175: s=3 t=3 j=3 je=3 Q=5359375 table=18399744 yh=62745
stage b2=265 vs b1={176}: values [452589644988876542822265625, 883389054245605390183038976), 1243941209583 candidates (MITM path)
  MITM b1=176: s=3 t=3 j=3 je=3 Q=5451776 table=18609625 yh=66844
stage b2=266 vs b1={177}: values [471734895039369510442428416, 945538455146635506591955521), 1337545300678 candidates (MITM path)
  MITM b1=177: s=3 t=3 j=3 je=3 Q=5545233 table=18821096 yh=71067
stage b2=267 vs b1={178}: values [491613584498601037846604883, 1011672693003313726683222016), 1435440313532 candidates (MITM path)
  MITM b1=178: s=3 t=3 j=3 je=3 Q=5639752 table=19034163 yh=75414
stage b2=268 vs b1={179}: values [512250904963838973923295232, 1082022699327332498100696241), 1537772825999 candidates (MITM path)
  MITM b1=179: s=3 t=3 j=3 je=3 Q=5735339 table=19248832 yh=79890
stage b2=269 vs b1={180}: values [533672814240301731473788469, 1156831381426176000000000000), 1644693174382 candidates (MITM path)
  MITM b1=180: s=3 t=3 j=3 je=3 Q=5832000 table=19465109 yh=84495
stage b2=270 vs b1={181}: values [555906056655552300000000000, 1236354171303115835117980561), 1756355520598 candidates (MITM path)
  MITM b1=181: s=3 t=3 j=3 je=3 Q=5929741 table=19683000 yh=89233

*** MATCH: 1136191810353150989742030272 is an 12-digit palindrome in bases 181 and 270
stage b2=271 vs b1={182}: values [578978183833808423828407471, 1320859596446125189798629376), 1872917920020 candidates (MITM path)
  MITM b1=182: s=3 t=3 j=3 je=3 Q=6028568 table=19902511 yh=94105
stage b2=272 vs b1={183}: values [602917575938813502137827328, 1410629873249683485564270561), 1994542389995 candidates (MITM path)
  MITM b1=183: s=3 t=3 j=3 je=3 Q=6128487 table=20123648 yh=99115
stage b2=273 vs b1={184}: values [627753463394042268515136177, 1505961523834397662438752256), 2121394979035 candidates (MITM path)
  MITM b1=184: s=3 t=3 j=3 je=3 Q=6229504 table=20346417 yh=104264
stage b2=274 vs b1={185}: values [653515949089146258317953024, 1607166017050789863525390625), 2253645836679 candidates (MITM path)
  MITM b1=185: s=3 t=3 j=3 je=3 Q=6331625 table=20570824 yh=109556
stage b2=275 vs b1={186}: values [680236031081676483154296875, 1714570434475502278801821696), 2391469284039 candidates (MITM path)
  MITM b1=186: s=3 t=3 j=3 je=3 Q=6434856 table=20796875 yh=114992
stage b2=276 vs b1={187}: values [707945625803254614013771776, 1828518162230556187140793681), 2535043885022 candidates (MITM path)
  MITM b1=187: s=3 t=3 j=3 je=3 Q=6539203 table=21024576 yh=120576
stage b2=277 vs b1={188}: values [736677591779499338860277773, 1949369609479181830042157056), 2684552518221 candidates (MITM path)
  MITM b1=188: s=3 t=3 j=3 je=3 Q=6644672 table=21253933 yh=126309
stage b2=278 vs b1={189}: values [766465753873151417719887872, 2077502954475116767205550321), 2840182449500 candidates (MITM path)
  MITM b1=189: s=3 t=3 j=3 je=3 Q=6751269 table=21484952 yh=132195
stage b2=279 vs b1={190}: values [797344928059979319406571079, 2213314919066161000000000000), 3002125405244 candidates (MITM path)
  MITM b1=190: s=3 t=3 j=3 je=3 Q=6859000 table=21717639 yh=138235
stage b2=280 vs b1={191}: values [829350946747187200000000000, 2357221572577185690065114881), 3170577646298 candidates (MITM path)
  MITM b1=191: s=3 t=3 j=3 je=3 Q=6967871 table=21952000 yh=144433
stage b2=281 vs b1={192}: values [862520684644188385040795081, 2509659166022727122011815936), 3345740042586 candidates (MITM path)
  MITM b1=192: s=3 t=3 j=3 je=3 Q=7077888 table=22188041 yh=150791
stage b2=282 vs b1={193}: values [896892085195750456196179968, 2671084997624767126594464001), 3527818148408 candidates (MITM path)
  MITM b1=193: s=3 t=3 j=3 je=3 Q=7189057 table=22425768 yh=157311
stage b2=283 vs b1={194}: values [932504187587662529970024067, 2841978310637314049208487936), 3717022278422 candidates (MITM path)
  MITM b1=194: s=3 t=3 j=3 je=3 Q=7301384 table=22665187 yh=163997
stage b2=284 vs b1={195}: values [969397154335221362022416384, 3022841224505963164306640625), 3913567584310 candidates (MITM path)
  MITM b1=195: s=3 t=3 j=3 je=3 Q=7414875 table=22906304 yh=170852
stage b2=285 vs b1={196}: values [1007612299464980527001953125, 3214199700417740936751087616), 4117674132125 candidates (MITM path)
  MITM b1=196: s=3 t=3 j=3 je=3 Q=7529536 table=23149125 yh=177877
stage b2=286 vs b1={197}: values [1047192117300356121695451136, 3416604542324232545384738641), 4329566980327 candidates (MITM path)
  MITM b1=197: s=3 t=3 j=3 je=3 Q=7645373 table=23393656 yh=185075
stage b2=287 vs b1={198}: values [1088180311861833230021357663, 3630632434549265533578448896), 4549476258498 candidates (MITM path)
  MITM b1=198: s=3 t=3 j=3 je=3 Q=7762392 table=23639903 yh=192450
stage b2=288 vs b1={199}: values [1130621826892669783231168512, 3856887017121283350242637601), 4777637246747 candidates (MITM path)
  MITM b1=199: s=3 t=3 j=3 je=3 Q=7880599 table=23887872 yh=200003
done: 55.20s, 14817304 candidates tested
