A171740 search: n=12, threads=1, limit=none
stage b2=434 vs b1={262}: values [102893283053893453600144246784, 104620187934458937028636512256), 258422331166 candidates (MITM path)
  MITM b1=262: s=4 t=2 j=2 je=3 Q=68644 table=188356 yh=1371989
stage b2=435 vs b1={263}: values [105531430833275902825341796875, 109513833574845676773925608481), 587773005569 candidates (MITM path)
  MITM b1=263: s=4 t=2 j=2 je=3 Q=69169 table=189225 yh=3106213
stage b2=436 vs b1={264}: values [108230927934780930945540161536, 114616494721029974161197367296), 929566610900 candidates (MITM path)
  MITM b1=264: s=4 t=2 j=2 je=3 Q=69696 table=190096 yh=4889986
stage b2=437 vs b1={265}: values [110993055380142725966855596013, 119936255922052283847900390625), 1284116267147 candidates (MITM path)
  MITM b1=265: s=4 t=2 j=2 je=3 Q=70225 table=190969 yh=6724214
stage b2=438 vs b1={266}: values [113819117912838588948194138112, 125481482080472289777685958656), 1651740948263 candidates (MITM path)
  MITM b1=266: s=4 t=2 j=2 je=3 Q=70756 table=191844 yh=8609813
stage b2=439 vs b1={267}: values [116710444381569143360604716839, 131260827061126477105043503761), 2032765560001 candidates (MITM path)
  MITM b1=267: s=4 t=2 j=2 je=3 Q=71289 table=192721 yh=10547712
stage b2=440 vs b1={268}: values [119668388129039974400000000000, 137283242530308845011443122176), 2427521018362 candidates (MITM path)
  MITM b1=268: s=4 t=2 j=2 je=3 Q=71824 table=193600 yh=12538849
stage b2=441 vs b1={269}: values [122694327386105632949003612841, 143557987030641165766449098161), 2836344328662 candidates (MITM path)
  MITM b1=269: s=4 t=2 j=2 je=3 Q=72361 table=194481 yh=14584172
stage b2=442 vs b1={270}: values [125789665671337497908806494208, 150094635296999121000000000000), 3259578665211 candidates (MITM path)
  MITM b1=270: s=4 t=2 j=2 je=3 Q=72900 table=195364 yh=16684644
stage b2=443 vs b1={271}: values [128955832196077553484700318307, 156903087818962082857498424641), 3697573451611 candidates (MITM path)
  MITM b1=271: s=4 t=2 j=2 je=3 Q=73441 table=196249 yh=18841235
stage b2=444 vs b1={272}: values [132194282275040704726925574144, 163993580655357272581489033216), 4150684441673 candidates (MITM path)
  MITM b1=272: s=4 t=2 j=2 je=3 Q=73984 table=197136 yh=21054929
stage b2=445 vs b1={273}: values [135506497742528825219189453125, 171376695506573539304632176321), 4619273800951 candidates (MITM path)
  MITM b1=273: s=3 t=3 j=3 je=3 Q=20346417 table=88121125 yh=52420
stage b2=446 vs b1={274}: values [138893987374320305288277456896, 179063370050426074779119128576), 5103710188902 candidates (MITM path)
  MITM b1=274: s=3 t=3 j=3 je=3 Q=20570824 table=88716536 yh=57529
stage b2=447 vs b1={275}: values [142358287315299447497245827903, 187064908547461032867431640625), 5604368841660 candidates (MITM path)
  MITM b1=275: s=3 t=3 j=3 je=3 Q=20796875 table=89314623 yh=62749
stage b2=448 vs b1={276}: values [145900961512890638499422666752, 195392992721698273467801010176), 6121631655435 candidates (MITM path)
  MITM b1=276: s=3 t=3 j=3 je=3 Q=21024576 table=89915392 yh=68083
stage b2=449 vs b1={277}: values [149523602156362812588586992449, 204059692922921316864296943121), 6655887270542 candidates (MITM path)
  MITM b1=277: s=3 t=3 j=3 je=3 Q=21253933 table=90518849 yh=73531
stage b2=450 vs b1={278}: values [153227830122070312500000000000, 213077479576736094126128828416), 7207531156043 candidates (MITM path)
  MITM b1=278: s=3 t=3 j=3 je=3 Q=21484952 table=91125000 yh=79095
stage b2=451 vs b1={279}: values [157015295424696847215234267451, 222459234928734230114433331041), 7776965695025 candidates (MITM path)
  MITM b1=279: s=3 t=3 j=3 je=3 Q=21717639 table=91733851 yh=84778
stage b2=452 vs b1={280}: values [160887677674569844718827470848, 232218265089212416000000000000), 8364600270494 candidates (MITM path)
  MITM b1=280: s=3 t=3 j=3 je=3 Q=21952000 table=92345408 yh=90580
stage b2=453 vs b1={281}: values [164846686541113099864560007197, 242368312385016936196463417761), 8970851351910 candidates (MITM path)
  MITM b1=281: s=3 t=3 j=3 je=3 Q=22188041 table=92959677 yh=96503
stage b2=454 vs b1={282}: values [168894062222506223751543445504, 252923568025201628647322750976), 9596142582335 candidates (MITM path)
  MITM b1=282: s=3 t=3 j=3 je=3 Q=22425768 table=93576664 yh=102549
stage b2=455 vs b1={283}: values [173031575921620011303271484375, 263898685087308495981516810961), 10240904866222 candidates (MITM path)
  MITM b1=283: s=3 t=3 j=3 je=3 Q=22665187 table=94196375 yh=108719

*** MATCH: 216981510697969372385977030176 is an 12-digit palindrome in bases 283 and 455
stage b2=456 vs b1={284}: values [177261030328297458104329568256, 275308791831202866814366253056), 10905576457827 candidates (MITM path)
  MITM b1=284: s=3 t=3 j=3 je=3 Q=22906304 table=94818816 yh=115015
stage b2=457 vs b1={285}: values [181584260108050775997625896793, 287169505347519450195556640625), 11590603050258 candidates (MITM path)
  MITM b1=285: s=3 t=3 j=3 je=3 Q=23149125 table=95443993 yh=121439
stage b2=458 vs b1={286}: values [186003132397245379497877563392, 299496945547901850804899024896), 12296437865150 candidates (MITM path)
  MITM b1=286: s=3 t=3 j=3 je=3 Q=23393656 table=96071912 yh=127993
stage b2=459 vs b1={287}: values [190519547304842441752783207059, 312307749504346137016129649281), 13023541742975 candidates (MITM path)
  MITM b1=287: s=3 t=3 j=3 je=3 Q=23639903 table=96702579 yh=134677
stage b2=460 vs b1={288}: values [195135438420772249600000000000, 325619086145088897570576531456), 13772383233991 candidates (MITM path)
  MITM b1=288: s=3 t=3 j=3 je=3 Q=23887872 table=97336000 yh=141494
stage b2=461 vs b1={289}: values [199852773331011222243920083061, 339448671314611904643504117121), 14543438689815 candidates (MITM path)
  MITM b1=289: s=3 t=3 j=3 je=3 Q=24137569 table=97972181 yh=148445
stage b2=462 vs b1={290}: values [204673554139436097229551679488, 353814783205469041000000000000), 15337192355643 candidates (MITM path)
  MITM b1=290: s=3 t=3 j=3 je=3 Q=24389000 table=98611128 yh=155533
stage b2=463 vs b1={291}: values [209599817996529430739834959087, 368736278169776566314796884081), 16154136463096 candidates (MITM path)
  MITM b1=291: s=3 t=3 j=3 je=3 Q=24642171 table=99252847 yh=162758
stage b2=464 vs b1={292}: values [214633637635011206805784100864, 384232606918345112299069505536), 16994771323712 candidates (MITM path)
  MITM b1=292: s=3 t=3 j=3 je=3 Q=24897088 table=99897344 yh=170123
done: 196.67s, 119990312 candidates tested
