A171740 search: n=12, threads=1, limit=none
stage b2=483 vs b1={289}: values [333747820494329024488347411867, 339448671314611904643504117121), 449010908432 candidates (MITM path)
  MITM b1=289: s=4 t=2 j=2 je=3 Q=83521 table=233289 yh=1924699
stage b2=484 vs b1={290}: values [341427877364219557396646723584, 353814783205469041000000000000), 963586410425 candidates (MITM path)
  MITM b1=290: s=4 t=2 j=2 je=3 Q=84100 table=234256 yh=4113391
stage b2=485 vs b1={291}: values [349268263226601764001611328125, 368736278169776566314796884081), 1495792114250 candidates (MITM path)
  MITM b1=291: s=4 t=2 j=2 je=3 Q=84681 table=235225 yh=6358985
stage b2=486 vs b1={292}: values [357271984146678126737757198336, 384232606918345112299069505536), 2046031446433 candidates (MITM path)
  MITM b1=292: s=4 t=2 j=2 je=3 Q=85264 table=236196 yh=8662431
stage b2=487 vs b1={293}: values [365442096185077415058791025463, 400323831115571027902364072401), 2614714710387 candidates (MITM path)
  MITM b1=293: s=4 t=2 j=2 je=3 Q=85849 table=237169 yh=11024691
stage b2=488 vs b1={294}: values [373781706123910725302654861312, 417030640378345864542952820736), 3202259170044 candidates (MITM path)
  MITM b1=294: s=4 t=2 j=2 je=3 Q=86436 table=238144 yh=13446735
stage b2=489 vs b1={295}: values [382293972201846658135397384889, 434374369687385917207275390625), 3809089134108 candidates (MITM path)
  MITM b1=295: s=4 t=2 j=2 je=3 Q=87025 table=239121 yh=15929547
stage b2=490 vs b1={296}: values [390982104858298804900000000000, 452377017219528840630098722816), 4435636040902 candidates (MITM path)
  MITM b1=296: s=4 t=2 j=2 je=3 Q=87616 table=240100 yh=18474120
stage b2=491 vs b1={297}: values [399849367486819482609834395891, 471061262609691461042593862241), 5082338543838 candidates (MITM path)
  MITM b1=297: s=4 t=2 j=2 je=3 Q=88209 table=241081 yh=21081457
stage b2=492 vs b1={298}: values [408899077197794430483230097408, 490450485651332023716795191296), 5749642597481 candidates (MITM path)
  MITM b1=298: s=4 t=2 j=2 je=3 Q=88804 table=242064 yh=23752573
stage b2=493 vs b1={299}: values [418134605590533958835165292757, 510568785444411275443565936401), 6438001544242 candidates (MITM path)
  MITM b1=299: s=4 t=2 j=2 je=3 Q=89401 table=243049 yh=26488493
stage b2=494 vs b1={300}: values [427559379534856823843881170944, 531441000000000000000000000000), 7147876201671 candidates (MITM path)
  MITM b1=300: s=4 t=2 j=2 je=3 Q=90000 table=244036 yh=29290254
stage b2=495 vs b1={301}: values [437176881962263889213818359375, 553092726310835924575445943601), 7879734950364 candidates (MITM path)
  MITM b1=301: s=3 t=3 j=3 je=3 Q=27270901 table=121287375 yh=64968
stage b2=496 vs b1={302}: values [446990652666799428081282973696, 575550340897290317159369936896), 8634053822492 candidates (MITM path)
  MITM b1=302: s=3 t=3 j=3 je=3 Q=27543608 table=122023936 yh=70758
stage b2=497 vs b1={303}: values [457004289115698715675308342353, 598841020838364120317909320641), 9411316590936 candidates (MITM path)
  MITM b1=303: s=3 t=3 j=3 je=3 Q=27818127 table=122763473 yh=76663
stage b2=498 vs b1={304}: values [467221447269921365272965629952, 622992765297495137011017711616), 10212014859044 candidates (MITM path)
  MITM b1=304: s=3 t=3 j=3 je=3 Q=28094464 table=123505992 yh=82685
stage b2=499 vs b1={305}: values [477645842414670666895611255499, 648034417553121620683837890625), 11036648151001 candidates (MITM path)
  MITM b1=305: s=3 t=3 j=3 je=3 Q=28372625 table=124251499 yh=88826
stage b2=500 vs b1={306}: values [488281250000000000000000000000, 673995687544113646503571623936), 11885724002824 candidates (MITM path)
  MITM b1=306: s=3 t=3 j=3 je=3 Q=28652616 table=125000000 yh=95086
stage b2=501 vs b1={307}: values [499131506491608208145638755501, 700907174940351875150276622001), 12759758053963 candidates (MITM path)
  MITM b1=307: s=3 t=3 j=3 je=3 Q=28934443 table=125751501 yh=101469
stage b2=502 vs b1={308}: values [510200510231926645287045634048, 728800392748903786995238567936), 13659274139538 candidates (MITM path)
  MITM b1=308: s=3 t=3 j=3 je=3 Q=29218112 table=126506008 yh=107974
stage b2=503 vs b1={309}: values [521492222311601429966591196647, 757707791466420184947746068881), 14584804383183 candidates (MITM path)
  MITM b1=309: s=3 t=3 j=3 je=3 Q=29503629 table=127263527 yh=114604
stage b2=504 vs b1={310}: values [533010667451475275290251362304, 787662783788549761000000000000), 15536889290518 candidates (MITM path)
  MITM b1=310: s=3 t=3 j=3 je=3 Q=29791000 table=128024064 yh=121360
stage b2=505 vs b1={311}: values [544759934895174099174853515625, 818699769887346816976612516321), 16516077843245 candidates (MITM path)
  MITM b1=311: s=3 t=3 j=3 je=3 Q=30080231 table=128787625 yh=128243
stage b2=506 vs b1={312}: values [556744179312404460981246765056, 850854163267826846772605485056), 17522927593864 candidates (MITM path)
  MITM b1=312: s=3 t=3 j=3 je=3 Q=30371328 table=129554216 yh=135256
stage b2=507 vs b1={313}: values [568967621713068717313312446243, 884162417215006648162206715681), 18558004761011 candidates (MITM path)
  MITM b1=313: s=3 t=3 j=3 je=3 Q=30664297 table=130323843 yh=142400
stage b2=508 vs b1={314}: values [581434550372305641487929966592, 918662051842949959948040605696), 19621884325430 candidates (MITM path)
  MITM b1=314: s=3 t=3 j=3 je=3 Q=30959144 table=131096512 yh=149676
stage b2=509 vs b1={315}: values [594149321766565107986044015109, 954391681757526337812744140625), 20715150126563 candidates (MITM path)
  MITM b1=315: s=3 t=3 j=3 je=3 Q=31255875 table=131872229 yh=157086
stage b2=510 vs b1={316}: values [607116361520826305100000000000, 991391044344780112897566048256), 21838394959767 candidates (MITM path)
  MITM b1=316: s=3 t=3 j=3 je=3 Q=31554496 table=132651000 yh=164631
stage b2=511 vs b1={317}: values [620340165367069806017523226111, 1029701028696997844179291768561), 22992220674165 candidates (MITM path)
  MITM b1=317: s=3 t=3 j=3 je=3 Q=31855013 table=133432831 yh=172314
stage b2=512 vs b1={318}: values [633825300114114700748351602688, 1069363705188756702611733221376), 24177238271120 candidates (MITM path)
  MITM b1=318: s=3 t=3 j=3 je=3 Q=32157432 table=134217728 yh=180135
stage b2=513 vs b1={319}: values [647576404628932868625869313537, 1110422355715432735355050594561), 25394068003339 candidates (MITM path)
  MITM b1=319: s=3 t=3 j=3 je=3 Q=32461759 table=135005697 yh=188097
stage b2=514 vs b1={320}: values [661598190829553353623447537664, 1152921504606846976000000000000), 26643339474612 candidates (MITM path)
  MITM b1=320: s=3 t=3 j=3 je=3 Q=32768000 table=135796744 yh=196201
stage b2=515 vs b1={321}: values [675895444689670692433935546875, 1196906950228928915420617322241), 27925691740172 candidates (MITM path)
  MITM b1=321: s=3 t=3 j=3 je=3 Q=33076161 table=136590875 yh=204448
stage b2=516 vs b1={322}: values [690473027255071938191258812416, 1242425797286480951825250390016), 29241773407698 candidates (MITM path)
  MITM b1=322: s=3 t=3 j=3 je=3 Q=33386248 table=137388096 yh=212841
stage b2=517 vs b1={323}: values [705335875671998020885807527133, 1289526489840334121941717217521), 30592242738946 candidates (MITM path)
  MITM b1=323: s=3 t=3 j=3 je=3 Q=33698267 table=138188413 yh=221381
stage b2=518 vs b1={324}: values [720489004227555988960716511232, 1338258845052394702439737982976), 31977767752009 candidates (MITM path)
  MITM b1=324: s=3 t=3 j=3 je=3 Q=34012224 table=138991832 yh=230070
stage b2=519 vs b1={325}: values [735937505402299585294763053719, 1388674087672293186187744140625), 33399026324217 candidates (MITM path)
  MITM b1=325: s=3 t=3 j=3 je=3 Q=34328125 table=139798359 yh=238909
stage b2=520 vs b1={326}: values [751686550935096524800000000000, 1440824885279561706440311115776), 34856706295675 candidates (MITM path)
  MITM b1=326: s=3 t=3 j=3 je=3 Q=34645976 table=140608000 yh=247900
stage b2=521 vs b1={327}: values [767741392900401760208994397721, 1494765384295483228389391941921), 36351505573422 candidates (MITM path)
  MITM b1=327: s=3 t=3 j=3 je=3 Q=34965783 table=141420761 yh=257046
stage b2=522 vs b1={328}: values [784107364798056947318294243328, 1550551246778975776674326511616), 37884132236247 candidates (MITM path)
  MITM b1=328: s=3 t=3 j=3 je=3 Q=35287552 table=142236648 yh=266346
stage b2=523 vs b1={329}: values [800789882655737251012174233427, 1608239688021097644574300393441), 39455304640123 candidates (MITM path)
  MITM b1=329: s=3 t=3 j=3 je=3 Q=35611289 table=143055667 yh=275804
stage b2=524 vs b1={330}: values [817794446144167568834532737024, 1667889514952984961000000000000), 41065751524294 candidates (MITM path)
  MITM b1=330: s=3 t=3 j=3 je=3 Q=35937000 table=143877824 yh=285421
stage b2=525 vs b1={331}: values [835126639705231189727783203125, 1729561165382261200512043881361), 42716212117990 candidates (MITM path)
  MITM b1=331: s=3 t=3 j=3 je=3 Q=36264691 table=144703125 yh=295199
stage b2=526 vs b1={332}: values [852792133693094851836500555776, 1793316748073189235032143691776), 44407436247787 candidates (MITM path)
  MITM b1=332: s=3 t=3 j=3 je=3 Q=36594368 table=145531576 yh=305140
stage b2=527 vs b1={333}: values [870796685528475115001283375023, 1859220083686070369445516586161), 46140184445609 candidates (MITM path)
  MITM b1=333: s=3 t=3 j=3 je=3 Q=36926037 table=146363183 yh=315245
stage b2=528 vs b1={334}: values [889146140866171920765652303872, 1927336746591631502843839123456), 47915228057363 candidates (MITM path)
  MITM b1=334: s=3 t=3 j=3 je=3 Q=37259704 table=147197952 yh=325516
stage b2=529 vs b1={335}: values [907846434775996175406740561329, 1997734107576381138808837890625), 49733349352222 candidates (MITM path)
  MITM b1=335: s=3 t=3 j=3 je=3 Q=37595375 table=148035889 yh=335955
stage b2=530 vs b1={336}: values [926903592937219159700000000000, 2070481377455157458127600746496), 51595341632549 candidates (MITM path)
  MITM b1=336: s=3 t=3 j=3 je=3 Q=37933056 table=148877000 yh=346564
stage b2=531 vs b1={337}: values [946323732846672542860142060331, 2145649651607337092060800582081), 53502009344467 candidates (MITM path)
  MITM b1=337: s=3 t=3 j=3 je=3 Q=38272753 table=149721291 yh=357345
stage b2=532 vs b1={338}: values [966113065040628757386093395968, 2223311955453421620312454598656), 55454168189062 candidates (MITM path)
  MITM b1=338: s=3 t=3 j=3 je=3 Q=38614472 table=150568768 yh=368298
stage b2=533 vs b1={339}: values [986277894330592476397946946317, 2303543290888970191892547145521), 57452645234245 candidates (MITM path)
  MITM b1=339: s=3 t=3 j=3 je=3 Q=38958219 table=151419437 yh=379428
stage b2=534 vs b1={340}: values [1006824621053134925509846800384, 2386420683693101056000000000000), 59498279027246 candidates (MITM path)
  MITM b1=340: s=3 t=3 j=3 je=3 Q=39304000 table=152273304 yh=390734
stage b2=535 vs b1={341}: values [1027759742333903757355615234375, 2472023231929042220921962513681), 61591919707765 candidates (MITM path)
  MITM b1=341: s=3 t=3 j=3 je=3 Q=39651821 table=153130375 yh=402219
stage b2=536 vs b1={342}: values [1049089853365942218594908635136, 2560432155354471958946281230336), 63734429121759 candidates (MITM path)
  MITM b1=342: s=3 t=3 j=3 je=3 Q=40001688 table=153990656 yh=413886
stage b2=537 vs b1={343}: values [1070821648702452346598011379913, 2651730845859653471779023381601), 65926680935882 candidates (MITM path)
  MITM b1=343: s=3 t=3 j=3 je=3 Q=40353607 table=154854153 yh=425735
stage b2=538 vs b1={344}: values [1092961923564137946058318784512, 2746004918951634751471942107136), 68169560752574 candidates (MITM path)
  MITM b1=344: s=3 t=3 j=3 je=3 Q=40707584 table=155720872 yh=437768
stage b2=539 vs b1={345}: values [1115517575161264114534437527939, 2843342266303054544082275390625), 70463966225793 candidates (MITM path)
  MITM b1=345: s=3 t=3 j=3 je=3 Q=41063625 table=156590819 yh=449988
stage b2=540 vs b1={346}: values [1138495604030571110400000000000, 2943833109384368375058857660416), 72810807177401 candidates (MITM path)
  MITM b1=346: s=3 t=3 j=3 je=3 Q=41421736 table=157464000 yh=462397
stage b2=541 vs b1={347}: values [1161903115387181386900143203941, 3047570054198584854687363929041), 75211005714194 candidates (MITM path)
  MITM b1=347: s=3 t=3 j=3 je=3 Q=41781923 table=158340421 yh=474996

*** MATCH: 1191866307793492714864789543884 is an 12-digit palindrome in bases 347 and 541
stage b2=542 vs b1={348}: values [1185747320491639652000578500608, 3154648147137881977010830442496), 77665496345589 candidates (MITM path)
  MITM b1=348: s=3 t=3 j=3 je=3 Q=42144192 table=159220088 yh=487788
done: 590.38s, 191546455 candidates tested
