A171740 search: n=12, threads=1, limit=none
stage b2=343 vs b1={211}: values [7730993719707444524137094407, 7787345861668898615544483121), 34605546180 candidates (MITM path)
  MITM b1=211: s=4 t=2 j=2 je=3 Q=44521 table=117649 yh=294143
stage b2=344 vs b1={212}: values [7982572438812891719395180544, 8241956748638414149261459456), 156528364179 candidates (MITM path)
  MITM b1=212: s=4 t=2 j=2 je=3 Q=44944 table=118336 yh=1322746
stage b2=345 vs b1={213}: values [8241571786385665345166015625, 8720778205368893309992171281), 284189518607 candidates (MITM path)
  MITM b1=213: s=4 t=2 j=2 je=3 Q=45369 table=119025 yh=2387646
stage b2=346 vs b1={214}: values [8508188177411469292077623296, 9224976748383532391296208896), 417767334524 candidates (MITM path)
  MITM b1=214: s=4 t=2 j=2 je=3 Q=45796 table=119716 yh=3489654
stage b2=347 vs b1={215}: values [8782622634578054336274824003, 9755769237612933691650390625), 557444227083 candidates (MITM path)
  MITM b1=215: s=4 t=2 j=2 je=3 Q=46225 table=120409 yh=4629590
stage b2=348 vs b1={216}: values [9065080882580120623594340352, 10314424798490535546171949056), 703406767766 candidates (MITM path)
  MITM b1=216: s=4 t=2 j=2 je=3 Q=46656 table=121104 yh=5808287
stage b2=349 vs b1={217}: values [9355773444073799096880141349, 10902266807956484097280908961), 855845751242 candidates (MITM path)
  MITM b1=217: s=4 t=2 j=2 je=3 Q=47089 table=121801 yh=7026591
stage b2=350 vs b1={218}: values [9654915737304687500000000000, 11520674946182735813538942976), 1014956262852 candidates (MITM path)
  MITM b1=218: s=4 t=2 j=2 je=3 Q=47524 table=122500 yh=8285358
stage b2=351 vs b1={219}: values [9962728175433694563518616351, 12171087315874829579909431761), 1180937746730 candidates (MITM path)
  MITM b1=219: s=4 t=2 j=2 je=3 Q=47961 table=123201 yh=9585456

*** MATCH: 11244441787561220075807400640 is an 12-digit palindrome in bases 219 and 351
stage b2=352 vs b1={220}: values [10279436267585226358493544448, 12855002631049216000000000000), 1353994074556 candidates (MITM path)
  MITM b1=220: s=3 t=3 j=3 je=3 Q=10648000 table=43614208 yh=31045
stage b2=353 vs b1={221}: values [10605270721642531610378603297, 13573982477229290545823357041), 1534333614935 candidates (MITM path)
  MITM b1=221: s=3 t=3 j=3 je=3 Q=10793861 table=43986977 yh=34882
stage b2=354 vs b1={222}: values [10940467548815308008476411904, 14329653645048357641297596416), 1722169303415 candidates (MITM path)
  MITM b1=222: s=3 t=3 j=3 je=3 Q=10941048 table=44361864 yh=38821
done: 12.41s, 38829961 candidates tested
