A171740 search: n=12, threads=1, limit=none
stage b2=250 vs b1={158}: values [238418579101562500000000000, 242038829185737332250382336), 14828544345 candidates (MITM path)
  MITM b1=158: s=4 t=2 j=2 je=3 Q=24964 table=62500 yh=237257
stage b2=251 vs b1={159}: values [249121342886682932269065251, 261075123337098804348567681), 47803857839 candidates (MITM path)
  MITM b1=159: s=4 t=2 j=2 je=3 Q=25281 table=63001 yh=758780
stage b2=252 vs b1={160}: values [260259114966540661762818048, 281474976710656000000000000), 82843307927 candidates (MITM path)
  MITM b1=160: s=4 t=2 j=2 je=3 Q=25600 table=63504 yh=1304537
stage b2=253 vs b1={161}: values [271847743804884990713499397, 303326610665644763629211521), 120031701844 candidates (MITM path)
  MITM b1=161: s=4 t=2 j=2 je=3 Q=25921 table=64009 yh=1875232
stage b2=254 vs b1={162}: values [283903589048977364007778304, 326723350842869800400326656), 159456397187 candidates (MITM path)
  MITM b1=162: s=4 t=2 j=2 je=3 Q=26244 table=64516 yh=2471580
stage b2=255 vs b1={163}: values [296443535898840969287109375, 351763888007705494736404081), 201207355495 candidates (MITM path)
  MITM b1=163: s=4 t=2 j=2 je=3 Q=26569 table=65025 yh=3094308
stage b2=256 vs b1={164}: values [309485009821345068724781056, 378552550483148382977130496), 245377196471 candidates (MITM path)
  MITM b1=164: s=4 t=2 j=2 je=3 Q=26896 table=65536 yh=3744159
stage b2=257 vs b1={165}: values [323045991615992848448948993, 407199588611568593994140625), 292061252852 candidates (MITM path)
  MITM b1=165: s=3 t=3 j=3 je=3 Q=4492125 table=16974593 yh=17206
stage b2=258 vs b1={166}: values [337145032839390594819950592, 437821471697555965584019456), 341357625934 candidates (MITM path)
  MITM b1=166: s=3 t=3 j=3 je=3 Q=4574296 table=17173512 yh=19877
stage b2=259 vs b1={167}: values [351801271595486322734724859, 470541197898347534873984161), 393367241743 candidates (MITM path)
  MITM b1=167: s=3 t=3 j=3 je=3 Q=4657463 table=17373979 yh=22642
stage b2=260 vs b1={168}: values [367034448698777600000000000, 505488617542763051300683776), 448193907857 candidates (MITM path)
  MITM b1=168: s=3 t=3 j=3 je=3 Q=4741632 table=17576000 yh=25501
stage b2=261 vs b1={169}: values [382864924217801243807760861, 542800770374370512771595361), 505944370885 candidates (MITM path)
  MITM b1=169: s=3 t=3 j=3 je=3 Q=4826809 table=17779581 yh=28457
stage b2=262 vs b1={170}: values [399313694406331820719986688, 582622237229761000000000000), 566728374598 candidates (MITM path)
  MITM b1=170: s=3 t=3 j=3 je=3 Q=4913000 table=17984728 yh=31512
stage b2=263 vs b1={171}: values [416402409029831470623291287, 625105506678337880602119441), 630658718717 candidates (MITM path)
  MITM b1=171: s=3 t=3 j=3 je=3 Q=5000211 table=18191447 yh=34668
stage b2=264 vs b1={172}: values [434153389094810508186353664, 670411357165926452996079616), 697851318358 candidates (MITM path)
  MITM b1=172: s=3 t=3 j=3 je=3 Q=5088448 table=18399744 yh=37928
stage b2=265 vs b1={173}: values [452589644988876542822265625, 718709255220793060317103921), 768425264131 candidates (MITM path)
  MITM b1=173: s=3 t=3 j=3 je=3 Q=5177717 table=18609625 yh=41292
stage b2=266 vs b1={174}: values [471734895039369510442428416, 770177770297334467043659776), 842502882908 candidates (MITM path)
  MITM b1=174: s=3 t=3 j=3 je=3 Q=5268024 table=18821096 yh=44764
stage b2=267 vs b1={175}: values [491613584498601037846604883, 825005006849765777587890625), 920209799237 candidates (MITM path)
  MITM b1=175: s=3 t=3 j=3 je=3 Q=5359375 table=19034163 yh=48346

*** MATCH: 651838461946433840983020688 is an 12-digit palindrome in bases 175 and 267
stage b2=268 vs b1={176}: values [512250904963838973923295232, 883389054245605390183038976), 1001674997434 candidates (MITM path)
  MITM b1=176: s=3 t=3 j=3 je=3 Q=5451776 table=19248832 yh=52039
stage b2=269 vs b1={177}: values [533672814240301731473788469, 945538455146635506591955521), 1087030884323 candidates (MITM path)
  MITM b1=177: s=3 t=3 j=3 je=3 Q=5545233 table=19465109 yh=55846
stage b2=270 vs b1={178}: values [555906056655552300000000000, 1011672693003313726683222016), 1176413352645 candidates (MITM path)
  MITM b1=178: s=3 t=3 j=3 je=3 Q=5639752 table=19683000 yh=59768
stage b2=271 vs b1={179}: values [578978183833808423828407471, 1082022699327332498100696241), 1269961845139 candidates (MITM path)
  MITM b1=179: s=3 t=3 j=3 je=3 Q=5735339 table=19902511 yh=63810
stage b2=272 vs b1={180}: values [602917575938813502137827328, 1156831381426176000000000000), 1367819419274 candidates (MITM path)
  MITM b1=180: s=3 t=3 j=3 je=3 Q=5832000 table=20123648 yh=67971
stage b2=273 vs b1={181}: values [627753463394042268515136177, 1236354171303115835117980561), 1470132812660 candidates (MITM path)
  MITM b1=181: s=3 t=3 j=3 je=3 Q=5929741 table=20346417 yh=72256
done: 20.81s, 13879218 candidates tested
