A171740 search: n=12, threads=1, limit=none
stage b2=182 vs b1={118}: values [7257470310143544998893568, 7287592625109126008344576), 828819609 candidates (MITM path)
  MITM b1=118: s=4 t=2 j=2 je=3 Q=13924 table=33124 yh=25022
stage b2=183 vs b1={119}: values [7708359963113024511280167, 8064241715186276625588961), 9475435543 candidates (MITM path)
  MITM b1=119: s=4 t=2 j=2 je=3 Q=14161 table=33489 yh=282942
stage b2=184 vs b1={120}: values [8184573499099987295862784, 8916100448256000000000000), 18850522475 candidates (MITM path)
  MITM b1=120: s=4 t=2 j=2 je=3 Q=14400 table=33856 yh=556786
stage b2=185 vs b1={121}: values [8687383875950215478515625, 9849732675807611094711841), 28993864245 candidates (MITM path)
  MITM b1=121: s=4 t=2 j=2 je=3 Q=14641 table=34225 yh=847155
stage b2=186 vs b1={122}: values [9218120615459689670977536, 10872213398722912904482816), 39946818978 candidates (MITM path)
  MITM b1=122: s=4 t=2 j=2 je=3 Q=14884 table=34596 yh=1154666
stage b2=187 vs b1={123}: values [9778171990537733621073763, 11991163848716906297072721), 51752362111 candidates (MITM path)
  MITM b1=123: s=4 t=2 j=2 je=3 Q=15129 table=34969 yh=1479950
stage b2=188 vs b1={124}: values [10368987284463733138522112, 13214788658781797667045376), 64455130077 candidates (MITM path)
  MITM b1=124: s=3 t=3 j=3 je=3 Q=1906624 table=6644672 yh=9701
stage b2=189 vs b1={125}: values [10992079124206967022251589, 14551915228366851806640625), 78101464651 candidates (MITM path)
  MITM b1=125: s=3 t=3 j=3 je=3 Q=1953125 table=6751269 yh=11569
stage b2=190 vs b1={126}: values [11649025889821900000000000, 16012035393449278995173376), 92739457970 candidates (MITM path)
  MITM b1=126: s=3 t=3 j=3 je=3 Q=2000376 table=6859000 yh=13521
stage b2=191 vs b1={127}: values [12341474201974794188822591, 17605349516220764271966721), 108418998208 candidates (MITM path)
  MITM b1=127: s=3 t=3 j=3 je=3 Q=2048383 table=6967871 yh=15560
stage b2=192 vs b1={128}: values [13071141489701703760478208, 19342813113834066795298816), 125191815933 candidates (MITM path)
  MITM b1=128: s=3 t=3 j=3 je=3 Q=2097152 table=7077888 yh=17688
stage b2=193 vs b1={129}: values [13839818640542834852821057, 21236186150528020865123841), 143111531117 candidates (MITM path)
  MITM b1=129: s=3 t=3 j=3 je=3 Q=2146689 table=7189057 yh=19907
stage b2=194 vs b1={130}: values [14649372735243886851590144, 23298085122481000000000000), 162233700834 candidates (MITM path)
  MITM b1=130: s=3 t=3 j=3 je=3 Q=2197000 table=7301384 yh=22220
stage b2=195 vs b1={131}: values [15501749869261349560546875, 25542038069936263923006961), 182615867619 candidates (MITM path)
  MITM b1=131: s=3 t=3 j=3 je=3 Q=2248091 table=7414875 yh=24629
stage b2=196 vs b1={132}: values [16398978063355821105872896, 27982542656501458535448576), 204317608503 candidates (MITM path)
  MITM b1=132: s=3 t=3 j=3 je=3 Q=2299968 table=7529536 yh=27136
stage b2=197 vs b1={133}: values [17343170265605241347130653, 30635127461052805121505361), 227400584721 candidates (MITM path)
  MITM b1=133: s=3 t=3 j=3 je=3 Q=2352637 table=7645373 yh=29744
stage b2=198 vs b1={134}: values [18336527447218512795850752, 33516416633376182864121856), 251928592106 candidates (MITM path)
  MITM b1=134: s=3 t=3 j=3 je=3 Q=2406104 table=7762392 yh=32456
stage b2=199 vs b1={135}: values [19381341794579313317802199, 36644198070556426025390625), 277967612141 candidates (MITM path)
  MITM b1=135: s=3 t=3 j=3 je=3 Q=2460375 table=7880599 yh=35273
stage b2=200 vs b1={136}: values [20480000000000000000000000, 40037495277186834126340096), 305585863707 candidates (MITM path)
  MITM b1=136: s=3 t=3 j=3 je=3 Q=2515456 table=8000000 yh=38199
stage b2=201 vs b1={137}: values [21634986653716369322202201, 43716643078717303412870881), 334853855500 candidates (MITM path)
  MITM b1=137: s=3 t=3 j=3 je=3 Q=2571353 table=8120601 yh=41236
stage b2=202 vs b1={138}: values [22848887739705683048654848, 47703367363695867545849856), 365844439133 candidates (MITM path)
  MITM b1=138: s=3 t=3 j=3 je=3 Q=2628072 table=8242408 yh=44386
stage b2=203 vs b1={139}: values [24124394237962799952684947, 52020869037289085480011921), 398632862914 candidates (MITM path)
  MITM b1=139: s=3 t=3 j=3 je=3 Q=2685619 table=8365427 yh=47653
stage b2=204 vs b1={140}: values [25464305835922478547861504, 56693912375296000000000000), 433296826311 candidates (MITM path)
  MITM b1=140: s=3 t=3 j=3 je=3 Q=2744000 table=8489664 yh=51039
stage b2=205 vs b1={141}: values [26871534751769943408203125, 61748917974902741368975281), 469916535098 candidates (MITM path)
  MITM b1=141: s=3 t=3 j=3 je=3 Q=2803221 table=8615125 yh=54546
stage b2=206 vs b1={142}: values [28349109672436645439584256, 67214060505664762405851136), 508574757182 candidates (MITM path)
  MITM b1=142: s=3 t=3 j=3 je=3 Q=2863288 table=8741816 yh=58178
stage b2=207 vs b1={143}: values [29900179809133802678274543, 73119371471655725294164801), 549356879124 candidates (MITM path)
  MITM b1=143: s=3 t=3 j=3 je=3 Q=2924207 table=8869743 yh=61937
stage b2=208 vs b1={144}: values [31528019073332790943547392, 79496847203390844133441536), 592350963335 candidates (MITM path)
  MITM b1=144: s=3 t=3 j=3 je=3 Q=2985984 table=8998912 yh=65825
stage b2=209 vs b1={145}: values [33236030376158771102541809, 86380562306022715087890625), 637647805965 candidates (MITM path)
  MITM b1=145: s=3 t=3 j=3 je=3 Q=3048625 table=9129329 yh=69847
stage b2=210 vs b1={146}: values [35027750054222100000000000, 93806788798424099682390016), 685340995476 candidates (MITM path)
  MITM b1=146: s=3 t=3 j=3 je=3 Q=3112136 table=9261000 yh=74003
stage b2=211 vs b1={147}: values [36906852424971083485992811, 101814121186119595835681841), 735526971907 candidates (MITM path)
  MITM b1=147: s=3 t=3 j=3 je=3 Q=3176523 table=9393931 yh=78299
stage b2=212 vs b1={148}: values [38877154474709500704063488, 110443607719611533356957696), 788305086827 candidates (MITM path)
  MITM b1=148: s=3 t=3 j=3 je=3 Q=3241792 table=9528128 yh=82735
stage b2=213 vs b1={149}: values [40942620682483067183061837, 119738888098469732352733201), 843777663972 candidates (MITM path)
  MITM b1=149: s=3 t=3 j=3 je=3 Q=3307949 table=9663597 yh=87316
stage b2=214 vs b1={150}: values [43107367983100618650916864, 129746337890625000000000000), 902050060584 candidates (MITM path)
  MITM b1=150: s=3 t=3 j=3 je=3 Q=3375000 table=9800344 yh=92043
stage b2=215 vs b1={151}: values [45375670872618296240234375, 140515219945627518837736801), 963230729429 candidates (MITM path)
  MITM b1=151: s=3 t=3 j=3 je=3 Q=3442951 table=9938375 yh=96921
stage b2=216 vs b1={152}: values [47751966659678405306351616, 152097843090208773684330496), 1027431281516 candidates (MITM path)
  MITM b1=152: s=3 t=3 j=3 je=3 Q=3511808 table=10077696 yh=101952
stage b2=217 vs b1={153}: values [50240860866158912890695433, 164549728404324620728411041), 1094766549504 candidates (MITM path)
  MITM b1=153: s=3 t=3 j=3 je=3 Q=3581577 table=10218313 yh=107138
stage b2=218 vs b1={154}: values [52847132780654751438252032, 177929783385962838621884416), 1165354651804 candidates (MITM path)
  MITM b1=154: s=3 t=3 j=3 je=3 Q=3652264 table=10360232 yh=112484
stage b2=219 vs b1={155}: values [55575741168378217259860419, 192300484323376406494140625), 1239317057372 candidates (MITM path)
  MITM b1=155: s=3 t=3 j=3 je=3 Q=3723875 table=10503459 yh=117992

*** MATCH: 180883604555701215632409660 is an 12-digit palindrome in bases 155 and 219
stage b2=220 vs b1={156}: values [58431830141132800000000000, 207728067204059288762843136), 1316778651206 candidates (MITM path)
  MITM b1=156: s=3 t=3 j=3 je=3 Q=3796416 table=10648000 yh=123665
stage b2=221 vs b1={157}: values [61420735191082762650784421, 224282727500720205065439601), 1397867800523 candidates (MITM path)
  MITM b1=157: s=3 t=3 j=3 je=3 Q=3869893 table=10793861 yh=129506

*** MATCH: 96024859509830024205783222 is an 12-digit palindrome in bases 157 and 221
stage b2=222 vs b1={158}: values [64547989392109719104944128, 242038829185737332250382336), 1482716421647 candidates (MITM path)
  MITM b1=158: s=3 t=3 j=3 je=3 Q=3944312 table=10941048 yh=135519
stage b2=223 vs b1={159}: values [67819329772617336566541727, 261075123337098804348567681), 1571460047581 candidates (MITM path)
  MITM b1=159: s=3 t=3 j=3 je=3 Q=4019679 table=11089567 yh=141707
stage b2=224 vs b1={160}: values [71240703863716132079796224, 281474976710656000000000000), 1664237896287 candidates (MITM path)
  MITM b1=160: s=3 t=3 j=3 je=3 Q=4096000 table=11239424 yh=148072
stage b2=225 vs b1={161}: values [74818276426792144775390625, 303326610665644763629211521), 1761192939654 candidates (MITM path)
  MITM b1=161: s=3 t=3 j=3 je=3 Q=4173281 table=11390625 yh=154618
stage b2=226 vs b1={162}: values [78558436364536056991614976, 326723350842869800400326656), 1862471973169 candidates (MITM path)
  MITM b1=162: s=3 t=3 j=3 je=3 Q=4251528 table=11543176 yh=161349
stage b2=227 vs b1={163}: values [82467803819583117066183323, 351763888007705494736404081), 1968225686288 candidates (MITM path)
  MITM b1=163: s=3 t=3 j=3 je=3 Q=4330747 table=11697083 yh=168267
stage b2=228 vs b1={164}: values [86553237464988993215004672, 378552550483148382977130496), 2078608733501 candidates (MITM path)
  MITM b1=164: s=3 t=3 j=3 je=3 Q=4410944 table=11852352 yh=175376
stage b2=229 vs b1={165}: values [90821841990842470457948029, 407199588611568593994140625), 2193779806101 candidates (MITM path)
  MITM b1=165: s=3 t=3 j=3 je=3 Q=4492125 table=12008989 yh=182679
stage b2=230 vs b1={166}: values [95280975791392700000000000, 437821471697555965584019456), 2313901704648 candidates (MITM path)
  MITM b1=166: s=3 t=3 j=3 je=3 Q=4574296 table=12167000 yh=190179
done: 25.61s, 6314205 candidates tested
