A171740 search: n=12, threads=1, limit=none
stage b2=309 vs b1={192}: values [2452128774972233608245132909, 2509659166022727122011815936), 66091627964 candidates (MITM path)
  MITM b1=192: s=4 t=2 j=2 je=3 Q=36864 table=95481 yh=692197
stage b2=310 vs b1={193}: values [2540847689640483100000000000, 2671084997624767126594464001), 146745653875 candidates (MITM path)
  MITM b1=193: s=4 t=2 j=2 je=3 Q=37249 table=96100 yh=1527010
stage b2=311 vs b1={194}: values [2632475144332304877738303911, 2841978310637314049208487936), 231541187788 candidates (MITM path)
  MITM b1=194: s=4 t=2 j=2 je=3 Q=37636 table=96721 yh=2393909
stage b2=312 vs b1={195}: values [2727096677140470662732709888, 3022841224505963164306640625), 320618946075 candidates (MITM path)
  MITM b1=195: s=4 t=2 j=2 je=3 Q=38025 table=97344 yh=3293670
stage b2=313 vs b1={196}: values [2824800055000021240134845737, 3214199700417740936751087616), 414123166839 candidates (MITM path)
  MITM b1=196: s=4 t=2 j=2 je=3 Q=38416 table=97969 yh=4227084
stage b2=314 vs b1={197}: values [2925675324340604967987390464, 3416604542324232545384738641), 512201671929 candidates (MITM path)
  MITM b1=197: s=4 t=2 j=2 je=3 Q=38809 table=98596 yh=5194954
stage b2=315 vs b1={198}: values [3029814862722305834326171875, 3630632434549265533578448896), 615005929585 candidates (MITM path)
  MITM b1=198: s=4 t=2 j=2 je=3 Q=39204 table=99225 yh=6198095
stage b2=316 vs b1={199}: values [3137313431470823142080905216, 3856887017121283350242637601), 722691117721 candidates (MITM path)
  MITM b1=199: s=4 t=2 j=2 je=3 Q=39601 table=99856 yh=7237333
stage b2=317 vs b1={200}: values [3248268229328068909082939333, 4096000000000000000000000000), 835416187845 candidates (MITM path)
  MITM b1=200: s=3 t=3 j=3 je=3 Q=8000000 table=31855013 yh=26226
stage b2=318 vs b1={201}: values [3362778947134455039659538432, 4348632317396990233762642401), 953343929623 candidates (MITM path)
  MITM b1=201: s=3 t=3 j=3 je=3 Q=8120601 table=32157432 yh=29647
stage b2=319 vs b1={202}: values [3480947823559350267570691519, 4615475323420547975828279296), 1076641036072 candidates (MITM path)
  MITM b1=202: s=3 t=3 j=3 je=3 Q=8242408 table=32461759 yh=33167
stage b2=320 vs b1={203}: values [3602879701896396800000000000, 4897252030306448390395044241), 1205478169406 candidates (MITM path)
  MITM b1=203: s=3 t=3 j=3 je=3 Q=8365427 table=32768000 yh=36789
stage b2=321 vs b1={204}: values [3728682087940588521559555521, 5194718390528185623763746816), 1340030027520 candidates (MITM path)
  MITM b1=204: s=3 t=3 j=3 je=3 Q=8489664 table=33076161 yh=40514
stage b2=322 vs b1={205}: values [3858465208964226558463510528, 5508664624112838398681640625), 1480475411114 candidates (MITM path)
  MITM b1=205: s=3 t=3 j=3 je=3 Q=8615125 table=33386248 yh=44344
stage b2=323 vs b1={206}: values [3992342073809083968859805627, 5839916592521948960554356736), 1626997291465 candidates (MITM path)
  MITM b1=206: s=3 t=3 j=3 je=3 Q=8741816 table=33698267 yh=48282

*** MATCH: 4959708969763148487391631016 is an 12-digit palindrome in bases 206 and 323
stage b2=324 vs b1={207}: values [4130428534112329328517709824, 6189337220490697154402830401), 1779782878850 candidates (MITM path)
  MITM b1=207: s=3 t=3 j=3 je=3 Q=8869743 table=34012224 yh=52328
stage b2=325 vs b1={208}: values [4272843346683979034423828125, 6557827967253220516257857536), 1939023691605 candidates (MITM path)
  MITM b1=208: s=3 t=3 j=3 je=3 Q=8998912 table=34328125 yh=56485
stage b2=326 vs b1={209}: values [4419708237053870265154328576, 6946330348617183160431238081), 2104915625842 candidates (MITM path)
  MITM b1=209: s=3 t=3 j=3 je=3 Q=9129329 table=34645976 yh=60755
stage b2=327 vs b1={210}: values [4571147964206370729019547223, 7355827511386641000000000000), 2277659025806 candidates (MITM path)
  MITM b1=210: s=3 t=3 j=3 je=3 Q=9261000 table=34965783 yh=65140
stage b2=328 vs b1={211}: values [4727290386521267611811971072, 7787345861668898615544483121), 2457458754895 candidates (MITM path)
  MITM b1=211: s=3 t=3 j=3 je=3 Q=9393931 table=35287552 yh=69641
stage b2=329 vs b1={212}: values [4888266528939506518462919129, 8241956748638414149261459456), 2644524267315 candidates (MITM path)
  MITM b1=212: s=3 t=3 j=3 je=3 Q=9528128 table=35611289 yh=74261
done: 28.33s, 31067223 candidates tested
