A171740 search: n=12, threads=1, limit=none
stage b2=165 vs b1={108}: values [2467876294615567236328125, 2518170116818978404827136), 2492361173 candidates (MITM path)
  MITM b1=108: s=4 t=2 j=2 je=3 Q=11664 table=27225 yh=91547
stage b2=166 vs b1={109}: values [2637478745165999792674816, 2812664781782894485727281), 8372419087 candidates (MITM path)
  MITM b1=109: s=4 t=2 j=2 je=3 Q=11881 table=27556 yh=303833
stage b2=167 vs b1={110}: values [2817611963463158891460983, 3138428376721000000000000), 14789645088 candidates (MITM path)
  MITM b1=110: s=4 t=2 j=2 je=3 Q=12100 table=27889 yh=530304
stage b2=168 vs b1={111}: values [3008860818706922924408832, 3498450596935634189769921), 21775926981 candidates (MITM path)
  MITM b1=111: s=4 t=2 j=2 je=3 Q=12321 table=28224 yh=771540
stage b2=169 vs b1={112}: values [3211838877954855105157369, 3895975992546975973113856), 29364521205 candidates (MITM path)
  MITM b1=112: s=4 t=2 j=2 je=3 Q=12544 table=28561 yh=1028134
stage b2=170 vs b1={113}: values [3427189630763300000000000, 4334523100191686738306881), 37590093246 candidates (MITM path)
  MITM b1=113: s=3 t=3 j=3 je=3 Q=1442897 table=4913000 yh=7652
stage b2=171 vs b1={114}: values [3655587758352853102936371, 4817904819828488880132096), 46488758726 candidates (MITM path)
  MITM b1=114: s=3 t=3 j=3 je=3 Q=1481544 table=5000211 yh=9298
stage b2=172 vs b1={115}: values [3897740448639107284860928, 5350250105473711181640625), 56098125150 candidates (MITM path)
  MITM b1=115: s=3 t=3 j=3 je=3 Q=1520875 table=5088448 yh=11025
stage b2=173 vs b1={116}: values [4154388758501693990272277, 5936027041831326482169856), 66457334337 candidates (MITM path)
  MITM b1=116: s=3 t=3 j=3 je=3 Q=1560896 table=5177717 yh=12836
stage b2=174 vs b1={117}: values [4426309024697324523239424, 6580067382037190942729361), 77607105510 candidates (MITM path)
  MITM b1=117: s=3 t=3 j=3 je=3 Q=1601613 table=5268024 yh=14732
stage b2=175 vs b1={118}: values [4714314324855804443359375, 7287592625109126008344576), 89589779071 candidates (MITM path)
  MITM b1=118: s=3 t=3 j=3 je=3 Q=1643032 table=5359375 yh=16717
stage b2=176 vs b1={119}: values [5019255990031848807858176, 8064241715186276625588961), 102449361041 candidates (MITM path)
  MITM b1=119: s=3 t=3 j=3 je=3 Q=1685159 table=5451776 yh=18792
stage b2=177 vs b1={120}: values [5342025170319974613513873, 8916100448256000000000000), 116231568184 candidates (MITM path)
  MITM b1=120: s=3 t=3 j=3 je=3 Q=1728000 table=5545233 yh=20961
stage b2=178 vs b1={121}: values [5683554455074796217321472, 9849732675807611094711841), 130983873806 candidates (MITM path)
  MITM b1=121: s=3 t=3 j=3 je=3 Q=1771561 table=5639752 yh=23226
stage b2=179 vs b1={122}: values [6044819549314706693299979, 10872213398722912904482816), 146755554227 candidates (MITM path)
  MITM b1=122: s=3 t=3 j=3 je=3 Q=1815848 table=5735339 yh=25588
stage b2=180 vs b1={123}: values [6426841007923200000000000, 11991163848716906297072721), 163597735944 candidates (MITM path)
  MITM b1=123: s=3 t=3 j=3 je=3 Q=1860867 table=5832000 yh=28052
stage b2=181 vs b1={124}: values [6830686029298982514463981, 13214788658781797667045376), 181563443462 candidates (MITM path)
  MITM b1=124: s=3 t=3 j=3 je=3 Q=1906624 table=5929741 yh=30620
stage b2=182 vs b1={125}: values [7257470310143544998893568, 14551915228366851806640625), 200707647822 candidates (MITM path)
  MITM b1=125: s=3 t=3 j=3 je=3 Q=1953125 table=6028568 yh=33293
stage b2=183 vs b1={126}: values [7708359963113024511280167, 16012035393449278995173376), 221087315795 candidates (MITM path)
  MITM b1=126: s=3 t=3 j=3 je=3 Q=2000376 table=6128487 yh=36076
stage b2=184 vs b1={127}: values [8184573499099987295862784, 17605349516220764271966721), 242761459774 candidates (MITM path)
  MITM b1=127: s=3 t=3 j=3 je=3 Q=2048383 table=6229504 yh=38970
stage b2=185 vs b1={128}: values [8687383875950215478515625, 19342813113834066795298816), 265791188349 candidates (MITM path)
  MITM b1=128: s=3 t=3 j=3 je=3 Q=2097152 table=6331625 yh=41979

*** MATCH: 13369661292329619950755416 is an 12-digit palindrome in bases 128 and 185
stage b2=186 vs b1={129}: values [9218120615459689670977536, 21236186150528020865123841), 290239757557 candidates (MITM path)
  MITM b1=129: s=3 t=3 j=3 je=3 Q=2146689 table=6434856 yh=45105
stage b2=187 vs b1={130}: values [9778171990537733621073763, 23298085122481000000000000), 316172622835 candidates (MITM path)
  MITM b1=130: s=3 t=3 j=3 je=3 Q=2197000 table=6539203 yh=48351
stage b2=188 vs b1={131}: values [10368987284463733138522112, 25542038069936263923006961), 343657491651 candidates (MITM path)
  MITM b1=131: s=3 t=3 j=3 je=3 Q=2248091 table=6644672 yh=51720
stage b2=189 vs b1={132}: values [10992079124206967022251589, 27982542656501458535448576), 372764376825 candidates (MITM path)
  MITM b1=132: s=3 t=3 j=3 je=3 Q=2299968 table=6751269 yh=55214
stage b2=190 vs b1={133}: values [11649025889821900000000000, 30635127461052805121505361), 403565650546 candidates (MITM path)
  MITM b1=133: s=3 t=3 j=3 je=3 Q=2352637 table=6859000 yh=58838
stage b2=191 vs b1={134}: values [12341474201974794188822591, 33516416633376182864121856), 436136099066 candidates (MITM path)
  MITM b1=134: s=3 t=3 j=3 je=3 Q=2406104 table=6967871 yh=62593
stage b2=192 vs b1={135}: values [13071141489701703760478208, 36644198070556426025390625), 470552978105 candidates (MITM path)
  MITM b1=135: s=3 t=3 j=3 je=3 Q=2460375 table=7077888 yh=66483
done: 6.97s, 3127239 candidates tested
