A171740 search: n=12, threads=1, limit=none
stage b2=329 vs b1={203}: values [4888266528939506518462919129, 4897252030306448390395044241), 7085441667 candidates (MITM path)
  MITM b1=203: s=4 t=2 j=2 je=3 Q=41209 table=108241 yh=65460
stage b2=330 vs b1={204}: values [5054210651372681700000000000, 5194718390528185623763746816), 108796921433 candidates (MITM path)
  MITM b1=204: s=4 t=2 j=2 je=3 Q=41616 table=108900 yh=999054
stage b2=331 vs b1={205}: values [5225260318375411481909498131, 5508664624112838398681640625), 215495636900 candidates (MITM path)
  MITM b1=205: s=4 t=2 j=2 je=3 Q=42025 table=109561 yh=1966901
stage b2=332 vs b1={206}: values [5401556470099967575398023168, 5839916592521948960554356736), 327342607340 candidates (MITM path)
  MITM b1=206: s=4 t=2 j=2 je=3 Q=42436 table=110224 yh=2969795
stage b2=333 vs b1={207}: values [5583243494552763872208758517, 6189337220490697154402830401), 444502683654 candidates (MITM path)
  MITM b1=207: s=4 t=2 j=2 je=3 Q=42849 table=110889 yh=4008538
stage b2=334 vs b1={208}: values [5770469301172549409712093184, 6557827967253220516257857536), 567144612665 candidates (MITM path)
  MITM b1=208: s=4 t=2 j=2 je=3 Q=43264 table=111556 yh=5083946
stage b2=335 vs b1={209}: values [5963385395750391459130859375, 6946330348617183160431238081), 695441102031 candidates (MITM path)
  MITM b1=209: s=4 t=2 j=2 je=3 Q=43681 table=112225 yh=6196847
stage b2=336 vs b1={210}: values [6162146956711778149189287936, 7355827511386641000000000000), 829568885793 candidates (MITM path)
  MITM b1=210: s=4 t=2 j=2 je=3 Q=44100 table=112896 yh=7348081
stage b2=337 vs b1={211}: values [6366912912781415703444512113, 7787345861668898615544483121), 969708790558 candidates (MITM path)
  MITM b1=211: s=4 t=2 j=2 je=3 Q=44521 table=113569 yh=8538499
stage b2=338 vs b1={212}: values [6577846022051543255362291712, 8241956748638414149261459456), 1116045802315 candidates (MITM path)
  MITM b1=212: s=3 t=3 j=3 je=3 Q=9528128 table=38614472 yh=28903
stage b2=339 vs b1={213}: values [6795112952474838324166805739, 8720778205368893309992171281), 1268769133881 candidates (MITM path)
  MITM b1=213: s=3 t=3 j=3 je=3 Q=9663597 table=38958219 yh=32568
stage b2=340 vs b1={214}: values [7018884363803238400000000000, 9224976748383532391296208896), 1428072292992 candidates (MITM path)
  MITM b1=214: s=3 t=3 j=3 je=3 Q=9800344 table=39304000 yh=36335
stage b2=341 vs b1={215}: values [7249334990994258712381121741, 9755769237612933691650390625), 1594153151023 candidates (MITM path)
  MITM b1=215: s=3 t=3 j=3 je=3 Q=9938375 table=39651821 yh=40204
stage b2=342 vs b1={216}: values [7486643729106643154813687808, 10314424798490535546171949056), 1767214012356 candidates (MITM path)
  MITM b1=216: s=3 t=3 j=3 je=3 Q=10077696 table=40001688 yh=44179
stage b2=343 vs b1={217}: values [7730993719707444524137094407, 10902266807956484097280908961), 1947461684377 candidates (MITM path)
  MITM b1=217: s=3 t=3 j=3 je=3 Q=10218313 table=40353607 yh=48260
stage b2=344 vs b1={218}: values [7982572438812891719395180544, 11520674946182735813538942976), 2135107548127 candidates (MITM path)
  MITM b1=218: s=3 t=3 j=3 je=3 Q=10360232 table=40707584 yh=52450
stage b2=345 vs b1={219}: values [8241571786385665345166015625, 12171087315874829579909431761), 2330367629577 candidates (MITM path)
  MITM b1=219: s=3 t=3 j=3 je=3 Q=10503459 table=41063625 yh=56751
stage b2=346 vs b1={220}: values [8508188177411469292077623296, 12855002631049216000000000000), 2533462671567 candidates (MITM path)
  MITM b1=220: s=3 t=3 j=3 je=3 Q=10648000 table=41421736 yh=61163
stage b2=347 vs b1={221}: values [8782622634578054336274824003, 13573982477229290545823357041), 2744618206374 candidates (MITM path)
  MITM b1=221: s=3 t=3 j=3 je=3 Q=10793861 table=41781923 yh=65690
stage b2=348 vs b1={222}: values [9065080882580120623594340352, 14329653645048357641297596416), 2964064628928 candidates (MITM path)
  MITM b1=222: s=3 t=3 j=3 je=3 Q=10941048 table=42144192 yh=70332
stage b2=349 vs b1={223}: values [9355773444073799096880141349, 15123710539293666054338805121), 3192037270680 candidates (MITM path)
  MITM b1=223: s=3 t=3 j=3 je=3 Q=11089567 table=42508549 yh=75092
stage b2=350 vs b1={224}: values [9654915737304687500000000000, 15957917665472413585874354176), 3428776474112 candidates (MITM path)
  MITM b1=224: s=3 t=3 j=3 je=3 Q=11239424 table=42875000 yh=79972
stage b2=351 vs b1={225}: values [9962728175433694563518616351, 16834112196028232574462890625), 3674527667894 candidates (MITM path)
  MITM b1=225: s=3 t=3 j=3 je=3 Q=11390625 table=43243551 yh=84973
stage b2=352 vs b1={226}: values [10279436267585226358493544448, 17754206618385148880104984576), 3929541442698 candidates (MITM path)
  MITM b1=226: s=3 t=3 j=3 je=3 Q=11543176 table=43614208 yh=90098
stage b2=353 vs b1={227}: values [10605270721642531610378603297, 18720191467045367574023614321), 4194073627650 candidates (MITM path)
  MITM b1=227: s=3 t=3 j=3 je=3 Q=11697083 table=43986977 yh=95349
stage b2=354 vs b1={228}: values [10940467548815308008476411904, 19734138142017490453021065216), 4468385367445 candidates (MITM path)
  MITM b1=228: s=3 t=3 j=3 je=3 Q=11852352 table=44361864 yh=100726
stage b2=355 vs b1={229}: values [11285268170004959241748046875, 20798201815902925734870098641), 4752743200109 candidates (MITM path)
  MITM b1=229: s=3 t=3 j=3 je=3 Q=12008989 table=44738875 yh=106233
stage b2=356 vs b1={230}: values [11639919523993182653074374656, 21914624432020321000000000000), 5047419135408 candidates (MITM path)
  MITM b1=230: s=3 t=3 j=3 je=3 Q=12167000 table=45118016 yh=111872

*** MATCH: 20705175669546942579199264917 is an 12-digit palindrome in bases 230 and 356
stage b2=357 vs b1={231}: values [12004674177479860045321072893, 23085737796000848857434784161), 5352690733926 candidates (MITM path)
  MITM b1=231: s=3 t=3 j=3 je=3 Q=12326391 table=45499293 yh=117644
stage b2=358 vs b1={232}: values [12379790436996519307878356992, 24313966763341113270967730176), 5668841186779 candidates (MITM path)
  MITM b1=232: s=3 t=3 j=3 je=3 Q=12487168 table=45882712 yh=123551

*** MATCH: 14040547818574323133204025517 is an 12-digit palindrome in bases 232 and 358
stage b2=359 vs b1={233}: values [12765532462721932175857515959, 25601832525455335435322705761), 5996159396001 candidates (MITM path)
  MITM b1=233: s=3 t=3 j=3 je=3 Q=12649337 table=46268279 yh=129596
stage b2=360 vs b1={234}: values [13162170384226713600000000000, 26951955996824334101419462656), 6334940055577 candidates (MITM path)
  MITM b1=234: s=3 t=3 j=3 je=3 Q=12812904 table=46656000 yh=135780
stage b2=361 vs b1={235}: values [13569980418174090907801371961, 28367061305895648984619140625), 6685483733135 candidates (MITM path)
  MITM b1=235: s=3 t=3 j=3 je=3 Q=12977875 table=47045881 yh=142106
stage b2=362 vs b1={236}: values [13989244988004316189622233088, 29849979392446980130179383296), 7048096952301 candidates (MITM path)
  MITM b1=236: s=3 t=3 j=3 je=3 Q=13144256 table=47437928 yh=148576
done: 108.79s, 38581189 candidates tested
