A171740 search: n=12, threads=1, limit=none
stage b2=130 vs b1={87}: values [179216039403700000000000, 188031682201497672618081), 1826391473 candidates (MITM path)
  MITM b1=87: s=4 t=2 j=2 je=3 Q=7569 table=16900 yh=108071
stage b2=131 vs b1={88}: values [194977389846841709335931, 215671155821681003462656), 4094602615 candidates (MITM path)
  MITM b1=88: s=4 t=2 j=2 je=3 Q=7744 table=17161 yh=238600
stage b2=132 vs b1={89}: values [211988959518950443450368, 246990403565262140303521), 6616714182 candidates (MITM path)
  MITM b1=89: s=4 t=2 j=2 je=3 Q=7921 table=17424 yh=379748
stage b2=133 vs b1={90}: values [230339304218442143770717, 282429536481000000000000), 9411231320 candidates (MITM path)
  MITM b1=90: s=4 t=2 j=2 je=3 Q=8100 table=17689 yh=532039
stage b2=134 vs b1={91}: values [250122512189374498985984, 322475487413604782665681), 12497628311 candidates (MITM path)
  MITM b1=91: s=3 t=3 j=3 je=3 Q=753571 table=2406104 yh=5195
stage b2=135 vs b1={92}: values [271438504226343896484375, 367666387654882241806336), 15896383166 candidates (MITM path)
  MITM b1=92: s=3 t=3 j=3 je=3 Q=778688 table=2460375 yh=6461
stage b2=136 vs b1={93}: values [294393347626373780340736, 418596297479370673535601), 19629012897 candidates (MITM path)
  MITM b1=93: s=3 t=3 j=3 je=3 Q=804357 table=2515456 yh=7804
stage b2=137 vs b1={94}: values [319099584516184696444313, 475920314814253376475136), 23718109462 candidates (MITM path)
  MITM b1=94: s=3 t=3 j=3 je=3 Q=830584 table=2571353 yh=9224
stage b2=138 vs b1={95}: values [345676575099245416998912, 540360087662636962890625), 28187376406 candidates (MITM path)
  MITM b1=95: s=3 t=3 j=3 je=3 Q=857375 table=2628072 yh=10726
stage b2=139 vs b1={96}: values [374250856383374715683539, 612709757329767363772416), 33061666172 candidates (MITM path)
  MITM b1=96: s=3 t=3 j=3 je=3 Q=884736 table=2685619 yh=12311
stage b2=140 vs b1={97}: values [404956516966400000000000, 693842360995438000295041), 38367018105 candidates (MITM path)
  MITM b1=97: s=3 t=3 j=3 je=3 Q=912673 table=2744000 yh=13983
stage b2=141 vs b1={98}: values [437935588474487527439541, 784716723734800033386496), 44130697137 candidates (MITM path)
  MITM b1=98: s=3 t=3 j=3 je=3 Q=941192 table=2803221 yh=15743
stage b2=142 vs b1={99}: values [473338454265244805675008, 886384871716129280658801), 50381233165 candidates (MITM path)
  MITM b1=99: s=3 t=3 j=3 je=3 Q=970299 table=2863288 yh=17596
stage b2=143 vs b1={100}: values [511324276025564512546607, 1000000000000000000000000), 57148461113 candidates (MITM path)
  MITM b1=100: s=3 t=3 j=3 je=3 Q=1000000 table=2924207 yh=19544
stage b2=144 vs b1={101}: values [552061438912436417593344, 1126825030131969720661201), 64463561684 candidates (MITM path)
  MITM b1=101: s=3 t=3 j=3 je=3 Q=1030301 table=2985984 yh=21589
stage b2=145 vs b1={102}: values [595728015903604931640625, 1268241794562545318301696), 72359102804 candidates (MITM path)
  MITM b1=102: s=3 t=3 j=3 je=3 Q=1061208 table=3048625 yh=23735
stage b2=146 vs b1={103}: values [642512252044000682756096, 1425760886846178945447841), 80869081760 candidates (MITM path)
  MITM b1=103: s=3 t=3 j=3 je=3 Q=1092727 table=3112136 yh=25986
stage b2=147 vs b1={104}: values [692613069293330583916203, 1601032218567680790102016), 90028968026 candidates (MITM path)
  MITM b1=104: s=3 t=3 j=3 je=3 Q=1124864 table=3176523 yh=28342
stage b2=148 vs b1={105}: values [746240592700077928087552, 1795856326022129150390625), 99875746785 candidates (MITM path)
  MITM b1=105: s=3 t=3 j=3 je=3 Q=1157625 table=3241792 yh=30809
stage b2=149 vs b1={106}: values [803616698647447868139149, 2012196471835550329409536), 110447963149 candidates (MITM path)
  MITM b1=106: s=3 t=3 j=3 je=3 Q=1191016 table=3307949 yh=33389
stage b2=150 vs b1={107}: values [864975585937500000000000, 2252191588960823337718801), 121785767070 candidates (MITM path)
  MITM b1=107: s=3 t=3 j=3 je=3 Q=1225043 table=3375000 yh=36085
stage b2=151 vs b1={108}: values [930564370500844495614151, 2518170116818978404827136), 133930958948 candidates (MITM path)
  MITM b1=108: s=3 t=3 j=3 je=3 Q=1259712 table=3442951 yh=38901
stage b2=152 vs b1={109}: values [1000643704540847195291648, 2812664781782894485727281), 146927035943 candidates (MITM path)
  MITM b1=109: s=3 t=3 j=3 je=3 Q=1295029 table=3511808 yh=41839
stage b2=153 vs b1={110}: values [1075488420943298174695497, 3138428376721000000000000), 160819238971 candidates (MITM path)
  MITM b1=110: s=3 t=3 j=3 je=3 Q=1331000 table=3581577 yh=44902
stage b2=154 vs b1={111}: values [1155388203804953497544704, 3498450596935634189769921), 175654600418 candidates (MITM path)
  MITM b1=111: s=3 t=3 j=3 je=3 Q=1367631 table=3652264 yh=48095
stage b2=155 vs b1={112}: values [1240648285957267138671875, 3895975992546975973113856), 191481992537 candidates (MITM path)
  MITM b1=112: s=3 t=3 j=3 je=3 Q=1404928 table=3723875 yh=51421
stage b2=156 vs b1={113}: values [1331590174384995440787456, 4334523100191686738306881), 208352176554 candidates (MITM path)
  MITM b1=113: s=3 t=3 j=3 je=3 Q=1442897 table=3796416 yh=54882
stage b2=157 vs b1={114}: values [1428552404463186019525093, 4817904819828488880132096), 226317852473 candidates (MITM path)
  MITM b1=114: s=3 t=3 j=3 je=3 Q=1481544 table=3869893 yh=58482
stage b2=158 vs b1={115}: values [1531891323960362862344192, 5350250105473711181640625), 245433709582 candidates (MITM path)
  MITM b1=115: s=3 t=3 j=3 je=3 Q=1520875 table=3944312 yh=62225

*** MATCH: 3197421209364929756601588 is an 12-digit palindrome in bases 115 and 158
stage b2=159 vs b1={116}: values [1641981907780495624833759, 5936027041831326482169856), 265756477663 candidates (MITM path)
  MITM b1=116: s=3 t=3 j=3 je=3 Q=1560896 table=4019679 yh=66114
stage b2=160 vs b1={117}: values [1759218604441600000000000, 6580067382037190942729361), 287344978905 candidates (MITM path)
  MITM b1=117: s=3 t=3 j=3 je=3 Q=1601613 table=4096000 yh=70153
stage b2=161 vs b1={118}: values [1884016215314563749249761, 7287592625109126008344576), 310260180518 candidates (MITM path)
  MITM b1=118: s=3 t=3 j=3 je=3 Q=1643032 table=4173281 yh=74345
stage b2=162 vs b1={119}: values [2016810807672035804940288, 8064241715186276625588961), 334565248052 candidates (MITM path)
  MITM b1=119: s=3 t=3 j=3 je=3 Q=1685159 table=4251528 yh=78693
stage b2=163 vs b1={120}: values [2158060662623960090407387, 8916100448256000000000000), 360325599425 candidates (MITM path)
  MITM b1=120: s=3 t=3 j=3 je=3 Q=1728000 table=4330747 yh=83202
stage b2=164 vs b1={121}: values [2308247259043587701080064, 9849732675807611094711841), 387608959649 candidates (MITM path)
  MITM b1=121: s=3 t=3 j=3 je=3 Q=1771561 table=4410944 yh=87875
stage b2=165 vs b1={122}: values [2467876294615567236328125, 10872213398722912904482816), 416485416266 candidates (MITM path)
  MITM b1=122: s=3 t=3 j=3 je=3 Q=1815848 table=4492125 yh=92715
stage b2=166 vs b1={123}: values [2637478745165999792674816, 11991163848716906297072721), 447027475491 candidates (MITM path)
  MITM b1=123: s=3 t=3 j=3 je=3 Q=1860867 table=4574296 yh=97726
stage b2=167 vs b1={124}: values [2817611963463158891460983, 13214788658781797667045376), 479310119057 candidates (MITM path)
  MITM b1=124: s=3 t=3 j=3 je=3 Q=1906624 table=4657463 yh=102913
stage b2=168 vs b1={125}: values [3008860818706922924408832, 14551915228366851806640625), 513410861773 candidates (MITM path)
  MITM b1=125: s=3 t=3 j=3 je=3 Q=1953125 table=4741632 yh=108278
done: 6.98s, 2063543 candidates tested
