A171740 search: n=12, threads=1, limit=none
stage b2=267 vs b1={168}: values [491613584498601037846604883, 505488617542763051300683776), 38297150185 candidates (MITM path)
  MITM b1=168: s=4 t=2 j=2 je=3 Q=28224 table=71289 yh=537210
stage b2=268 vs b1={169}: values [512250904963838973923295232, 542800770374370512771595361), 82451875174 candidates (MITM path)
  MITM b1=169: s=4 t=2 j=2 je=3 Q=28561 table=71824 yh=1147972
stage b2=269 vs b1={170}: values [533672814240301731473788469, 582622237229761000000000000), 129191486919 candidates (MITM path)
  MITM b1=170: s=4 t=2 j=2 je=3 Q=28900 table=72361 yh=1785375
stage b2=270 vs b1={171}: values [555906056655552300000000000, 625105506678337880602119441), 178615876000 candidates (MITM path)
  MITM b1=171: s=4 t=2 j=2 je=3 Q=29241 table=72900 yh=2450150
stage b2=271 vs b1={172}: values [578978183833808423828407471, 670411357165926452996079616), 230827765607 candidates (MITM path)
  MITM b1=172: s=4 t=2 j=2 je=3 Q=29584 table=73441 yh=3143037
stage b2=272 vs b1={173}: values [602917575938813502137827328, 718709255220793060317103921), 285932767776 candidates (MITM path)
  MITM b1=173: s=4 t=2 j=2 je=3 Q=29929 table=73984 yh=3864792
stage b2=273 vs b1={174}: values [627753463394042268515136177, 770177770297334467043659776), 344039440273 candidates (MITM path)
  MITM b1=174: s=4 t=2 j=2 je=3 Q=30276 table=74529 yh=4616183
stage b2=274 vs b1={175}: values [653515949089146258317953024, 825005006849765777587890625), 405259344116 candidates (MITM path)
  MITM b1=175: s=3 t=3 j=3 je=3 Q=5359375 table=20570824 yh=19701
stage b2=275 vs b1={176}: values [680236031081676483154296875, 883389054245605390183038976), 469707101748 candidates (MITM path)
  MITM b1=176: s=3 t=3 j=3 je=3 Q=5451776 table=20796875 yh=22586
stage b2=276 vs b1={177}: values [707945625803254614013771776, 945538455146635506591955521), 537500455859 candidates (MITM path)
  MITM b1=177: s=3 t=3 j=3 je=3 Q=5545233 table=21024576 yh=25566
stage b2=277 vs b1={178}: values [736677591779499338860277773, 1011672693003313726683222016), 608760328851 candidates (MITM path)
  MITM b1=178: s=3 t=3 j=3 je=3 Q=5639752 table=21253933 yh=28643
stage b2=278 vs b1={179}: values [766465753873151417719887872, 1082022699327332498100696241), 683610882960 candidates (MITM path)
  MITM b1=179: s=3 t=3 j=3 je=3 Q=5735339 table=21484952 yh=31819
stage b2=279 vs b1={180}: values [797344928059979319406571079, 1156831381426176000000000000), 762179581027 candidates (MITM path)
  MITM b1=180: s=3 t=3 j=3 je=3 Q=5832000 table=21717639 yh=35095
stage b2=280 vs b1={181}: values [829350946747187200000000000, 1236354171303115835117980561), 844597247917 candidates (MITM path)
  MITM b1=181: s=3 t=3 j=3 je=3 Q=5929741 table=21952000 yh=38475
stage b2=281 vs b1={182}: values [862520684644188385040795081, 1320859596446125189798629376), 930998132597 candidates (MITM path)
  MITM b1=182: s=3 t=3 j=3 je=3 Q=6028568 table=22188041 yh=41960
stage b2=282 vs b1={183}: values [896892085195750456196179968, 1410629873249683485564270561), 1021519970869 candidates (MITM path)
  MITM b1=183: s=3 t=3 j=3 je=3 Q=6128487 table=22425768 yh=45552
stage b2=283 vs b1={184}: values [932504187587662529970024067, 1505961523834397662438752256), 1116304048756 candidates (MITM path)
  MITM b1=184: s=3 t=3 j=3 je=3 Q=6229504 table=22665187 yh=49252
stage b2=284 vs b1={185}: values [969397154335221362022416384, 1607166017050789863525390625), 1215495266545 candidates (MITM path)
  MITM b1=185: s=3 t=3 j=3 je=3 Q=6331625 table=22906304 yh=53064
stage b2=285 vs b1={186}: values [1007612299464980527001953125, 1714570434475502278801821696), 1319242203491 candidates (MITM path)
  MITM b1=186: s=3 t=3 j=3 je=3 Q=6434856 table=23149125 yh=56989
stage b2=286 vs b1={187}: values [1047192117300356121695451136, 1828518162230556187140793681), 1427697183181 candidates (MITM path)
  MITM b1=187: s=3 t=3 j=3 je=3 Q=6539203 table=23393656 yh=61030
stage b2=287 vs b1={188}: values [1088180311861833230021357663, 1949369609479181830042157056), 1541016339549 candidates (MITM path)
  MITM b1=188: s=3 t=3 j=3 je=3 Q=6644672 table=23639903 yh=65188
stage b2=288 vs b1={189}: values [1130621826892669783231168512, 2077502954475116767205550321), 1659359683568 candidates (MITM path)
  MITM b1=189: s=3 t=3 j=3 je=3 Q=6751269 table=23887872 yh=69465
stage b2=289 vs b1={190}: values [1174562876521148458974062689, 2213314919066161000000000000), 1782891170588 candidates (MITM path)
  MITM b1=190: s=3 t=3 j=3 je=3 Q=6859000 table=24137569 yh=73864
stage b2=290 vs b1={191}: values [1220050976570582900000000000, 2357221572577185690065114881), 1911778768349 candidates (MITM path)
  MITM b1=191: s=3 t=3 j=3 je=3 Q=6967871 table=24389000 yh=78387
stage b2=291 vs b1={192}: values [1267134976528441808641913691, 2509659166022727122011815936), 2046194525654 candidates (MITM path)
  MITM b1=192: s=3 t=3 j=3 je=3 Q=7077888 table=24642171 yh=83037
stage b2=292 vs b1={193}: values [1315865092186113398284484608, 2671084997624767126594464001), 2186314641702 candidates (MITM path)
  MITM b1=193: s=3 t=3 j=3 je=3 Q=7189057 table=24897088 yh=87815
stage b2=293 vs b1={194}: values [1366292938960993269291344957, 2841978310637314049208487936), 2332319536101 candidates (MITM path)
  MITM b1=194: s=3 t=3 j=3 je=3 Q=7301384 table=25153757 yh=92723
stage b2=294 vs b1={195}: values [1418471565912741035860383744, 3022841224505963164306640625), 2484393919532 candidates (MITM path)
  MITM b1=195: s=3 t=3 j=3 je=3 Q=7414875 table=25412184 yh=97764
stage b2=295 vs b1={196}: values [1472455490465714973583984375, 3214199700417740936751087616), 2642726865091 candidates (MITM path)
  MITM b1=196: s=3 t=3 j=3 je=3 Q=7529536 table=25672375 yh=102941

*** MATCH: 2033623066013074753598870816 is an 12-digit palindrome in bases 196 and 295
stage b2=296 vs b1={197}: values [1528300733849759596723306496, 3416604542324232545384738641), 2807511880297 candidates (MITM path)
  MITM b1=197: s=3 t=3 j=3 je=3 Q=7645373 table=25934336 yh=108255
stage b2=297 vs b1={198}: values [1586064857271688421018834553, 3630632434549265533578448896), 2978946979768 candidates (MITM path)
  MITM b1=198: s=3 t=3 j=3 je=3 Q=7762392 table=26198073 yh=113709
stage b2=298 vs b1={199}: values [1645806998829973233948977152, 3856887017121283350242637601), 3157234758571 candidates (MITM path)
  MITM b1=199: s=3 t=3 j=3 je=3 Q=7880599 table=26463592 yh=119305
stage b2=299 vs b1={200}: values [1707587911185321991450053299, 4096000000000000000000000000), 3342582466243 candidates (MITM path)
  MITM b1=200: s=3 t=3 j=3 je=3 Q=8000000 table=26730899 yh=125046
stage b2=300 vs b1={201}: values [1771470000000000000000000000, 4348632317396990233762642401), 3535202081478 candidates (MITM path)
  MITM b1=201: s=3 t=3 j=3 je=3 Q=8120601 table=27000000 yh=130934
stage b2=301 vs b1={202}: values [1837517363158923337459953301, 4615475323420547975828279296), 3735310387494 candidates (MITM path)
  MITM b1=202: s=3 t=3 j=3 je=3 Q=8242408 table=27270901 yh=136971
stage b2=302 vs b1={203}: values [1905795830785729527017781248, 4897252030306448390395044241), 3943129048073 candidates (MITM path)
  MITM b1=203: s=3 t=3 j=3 je=3 Q=8365427 table=27543608 yh=143160
stage b2=303 vs b1={204}: values [1976373006067208317880888847, 5194718390528185623763746816), 4158884684272 candidates (MITM path)
  MITM b1=204: s=3 t=3 j=3 je=3 Q=8489664 table=27818127 yh=149503
done: 45.70s, 18859485 candidates tested
