A171740 search: n=12, threads=1, limit=none
stage b2=150 vs b1={99}: values [864975585937500000000000, 886384871716129280658801), 1879553210 candidates (MITM path)
  MITM b1=99: s=4 t=2 j=2 je=3 Q=9801 table=22500 yh=83536
stage b2=151 vs b1={100}: values [930564370500844495614151, 1000000000000000000000000), 5857613243 candidates (MITM path)
  MITM b1=100: s=4 t=2 j=2 je=3 Q=10000 table=22801 yh=256902
stage b2=152 vs b1={101}: values [1000643704540847195291648, 1126825030131969720661201), 10231364521 candidates (MITM path)
  MITM b1=101: s=4 t=2 j=2 je=3 Q=10201 table=23104 yh=442840
stage b2=153 vs b1={102}: values [1075488420943298174695497, 1268241794562545318301696), 15026346632 candidates (MITM path)
  MITM b1=102: s=4 t=2 j=2 je=3 Q=10404 table=23409 yh=641905
stage b2=154 vs b1={103}: values [1155388203804953497544704, 1425760886846178945447841), 20269287640 candidates (MITM path)
  MITM b1=103: s=4 t=2 j=2 je=3 Q=10609 table=23716 yh=854668
stage b2=155 vs b1={104}: values [1240648285957267138671875, 1601032218567680790102016), 25988142000 candidates (MITM path)
  MITM b1=104: s=3 t=3 j=3 je=3 Q=1124864 table=3723875 yh=6979
stage b2=156 vs b1={105}: values [1331590174384995440787456, 1795856326022129150390625), 32212129137 candidates (MITM path)
  MITM b1=105: s=3 t=3 j=3 je=3 Q=1157625 table=3796416 yh=8485
stage b2=157 vs b1={106}: values [1428552404463186019525093, 2012196471835550329409536), 38971772702 candidates (MITM path)
  MITM b1=106: s=3 t=3 j=3 je=3 Q=1191016 table=3869893 yh=10071
stage b2=158 vs b1={107}: values [1531891323960362862344192, 2252191588960823337718801), 46298940505 candidates (MITM path)
  MITM b1=107: s=3 t=3 j=3 je=3 Q=1225043 table=3944312 yh=11739
stage b2=159 vs b1={108}: values [1641981907780495624833759, 2518170116818978404827136), 54226885125 candidates (MITM path)
  MITM b1=108: s=3 t=3 j=3 je=3 Q=1259712 table=4019679 yh=13491
stage b2=160 vs b1={109}: values [1759218604441600000000000, 2812664781782894485727281), 62790285191 candidates (MITM path)
  MITM b1=109: s=3 t=3 j=3 je=3 Q=1295029 table=4096000 yh=15330
stage b2=161 vs b1={110}: values [1884016215314563749249761, 3138428376721000000000000), 72025287352 candidates (MITM path)
  MITM b1=110: s=3 t=3 j=3 je=3 Q=1331000 table=4173281 yh=17259
stage b2=162 vs b1={111}: values [2016810807672035804940288, 3498450596935634189769921), 81969548921 candidates (MITM path)
  MITM b1=111: s=3 t=3 j=3 je=3 Q=1367631 table=4251528 yh=19281
stage b2=163 vs b1={112}: values [2158060662623960090407387, 3895975992546975973113856), 92662281205 candidates (MITM path)
  MITM b1=112: s=3 t=3 j=3 je=3 Q=1404928 table=4330747 yh=21397
stage b2=164 vs b1={113}: values [2308247259043587701080064, 4334523100191686738306881), 104144293511 candidates (MITM path)
  MITM b1=113: s=3 t=3 j=3 je=3 Q=1442897 table=4410944 yh=23611
stage b2=165 vs b1={114}: values [2467876294615567236328125, 4817904819828488880132096), 116458037849 candidates (MITM path)
  MITM b1=114: s=3 t=3 j=3 je=3 Q=1481544 table=4492125 yh=25925
stage b2=166 vs b1={115}: values [2637478745165999792674816, 5350250105473711181640625), 129647654305 candidates (MITM path)
  MITM b1=115: s=3 t=3 j=3 je=3 Q=1520875 table=4574296 yh=28343
stage b2=167 vs b1={116}: values [2817611963463158891460983, 5936027041831326482169856), 143759017114 candidates (MITM path)
  MITM b1=116: s=3 t=3 j=3 je=3 Q=1560896 table=4657463 yh=30867
stage b2=168 vs b1={117}: values [3008860818706922924408832, 6580067382037190942729361), 158839781412 candidates (MITM path)
  MITM b1=117: s=3 t=3 j=3 je=3 Q=1601613 table=4741632 yh=33499
stage b2=169 vs b1={118}: values [3211838877954855105157369, 7287592625109126008344576), 174939430676 candidates (MITM path)
  MITM b1=118: s=3 t=3 j=3 je=3 Q=1643032 table=4826809 yh=36244
stage b2=170 vs b1={119}: values [3427189630763300000000000, 8064241715186276625588961), 192109324863 candidates (MITM path)
  MITM b1=119: s=3 t=3 j=3 je=3 Q=1685159 table=4913000 yh=39103
stage b2=171 vs b1={120}: values [3655587758352853102936371, 8916100448256000000000000), 210402749230 candidates (MITM path)
  MITM b1=120: s=3 t=3 j=3 je=3 Q=1728000 table=5000211 yh=42079
stage b2=172 vs b1={121}: values [3897740448639107284860928, 9849732675807611094711841), 229874963845 candidates (MITM path)
  MITM b1=121: s=3 t=3 j=3 je=3 Q=1771561 table=5088448 yh=45176
stage b2=173 vs b1={122}: values [4154388758501693990272277, 10872213398722912904482816), 250583253798 candidates (MITM path)
  MITM b1=122: s=3 t=3 j=3 je=3 Q=1815848 table=5177717 yh=48397
stage b2=174 vs b1={123}: values [4426309024697324523239424, 11991163848716906297072721), 272586980101 candidates (MITM path)
  MITM b1=123: s=3 t=3 j=3 je=3 Q=1860867 table=5268024 yh=51744
stage b2=175 vs b1={124}: values [4714314324855804443359375, 13214788658781797667045376), 295947631275 candidates (MITM path)
  MITM b1=124: s=3 t=3 j=3 je=3 Q=1906624 table=5359375 yh=55221
stage b2=176 vs b1={125}: values [5019255990031848807858176, 14551915228366851806640625), 320728875645 candidates (MITM path)
  MITM b1=125: s=3 t=3 j=3 je=3 Q=1953125 table=5451776 yh=58831
stage b2=177 vs b1={126}: values [5342025170319974613513873, 16012035393449278995173376), 346996614322 candidates (MITM path)
  MITM b1=126: s=3 t=3 j=3 je=3 Q=2000376 table=5545233 yh=62576
stage b2=178 vs b1={127}: values [5683554455074796217321472, 17605349516220764271966721), 374819034878 candidates (MITM path)
  MITM b1=127: s=3 t=3 j=3 je=3 Q=2048383 table=5639752 yh=66461
stage b2=179 vs b1={128}: values [6044819549314706693299979, 19342813113834066795298816), 404266665730 candidates (MITM path)
  MITM b1=128: s=3 t=3 j=3 je=3 Q=2097152 table=5735339 yh=70487
stage b2=180 vs b1={129}: values [6426841007923200000000000, 21236186150528020865123841), 435412431208 candidates (MITM path)
  MITM b1=129: s=3 t=3 j=3 je=3 Q=2146689 table=5832000 yh=74660
stage b2=181 vs b1={130}: values [6830686029298982514463981, 23298085122481000000000000), 468331707328 candidates (MITM path)
  MITM b1=130: s=3 t=3 j=3 je=3 Q=2197000 table=5929741 yh=78981
stage b2=182 vs b1={131}: values [7257470310143544998893568, 25542038069936263923006961), 503102378268 candidates (MITM path)
  MITM b1=131: s=3 t=3 j=3 je=3 Q=2248091 table=6028568 yh=83454
stage b2=183 vs b1={132}: values [7708359963113024511280167, 27982542656501458535448576), 539804893533 candidates (MITM path)
  MITM b1=132: s=3 t=3 j=3 je=3 Q=2299968 table=6128487 yh=88082
stage b2=184 vs b1={133}: values [8184573499099987295862784, 30635127461052805121505361), 578522325829 candidates (MITM path)
  MITM b1=133: s=3 t=3 j=3 je=3 Q=2352637 table=6229504 yh=92869
stage b2=185 vs b1={134}: values [8687383875950215478515625, 33516416633376182864121856), 619340429635 candidates (MITM path)
  MITM b1=134: s=3 t=3 j=3 je=3 Q=2406104 table=6331625 yh=97817
stage b2=186 vs b1={135}: values [9218120615459689670977536, 36644198070556426025390625), 662347700473 candidates (MITM path)
  MITM b1=135: s=3 t=3 j=3 je=3 Q=2460375 table=6434856 yh=102932
stage b2=187 vs b1={136}: values [9778171990537733621073763, 40037495277186834126340096), 707635434886 candidates (MITM path)
  MITM b1=136: s=3 t=3 j=3 je=3 Q=2515456 table=6539203 yh=108215
stage b2=188 vs b1={137}: values [10368987284463733138522112, 43716643078717303412870881), 755297791111 candidates (MITM path)
  MITM b1=137: s=3 t=3 j=3 je=3 Q=2571353 table=6644672 yh=113670

*** MATCH: 42412388261041440306980532 is an 12-digit palindrome in bases 137 and 188
stage b2=189 vs b1={138}: values [10992079124206967022251589, 47703367363695867545849856), 805431850463 candidates (MITM path)
  MITM b1=138: s=3 t=3 j=3 je=3 Q=2628072 table=6751269 yh=119301

*** MATCH: 33311232229675232017403760 is an 12-digit palindrome in bases 138 and 189
stage b2=190 vs b1={139}: values [11649025889821900000000000, 52020869037289085480011921), 858137679417 candidates (MITM path)
  MITM b1=139: s=3 t=3 j=3 je=3 Q=2685619 table=6859000 yh=125112
stage b2=191 vs b1={140}: values [12341474201974794188822591, 56693912375296000000000000), 913518392394 candidates (MITM path)
  MITM b1=140: s=3 t=3 j=3 je=3 Q=2744000 table=6967871 yh=131105

*** MATCH: 14641874898737835824462976 is an 12-digit palindrome in bases 140 and 191
stage b2=192 vs b1={141}: values [13071141489701703760478208, 61748917974902741368975281), 971680215252 candidates (MITM path)
  MITM b1=141: s=3 t=3 j=3 je=3 Q=2803221 table=7077888 yh=137284
stage b2=193 vs b1={142}: values [13839818640542834852821057, 67214060505664762405851136), 1032732549482 candidates (MITM path)
  MITM b1=142: s=3 t=3 j=3 je=3 Q=2863288 table=7189057 yh=143654
done: 12.70s, 4111732 candidates tested
