A171740 search: n=12, threads=1, limit=none
stage b2=409 vs b1={248}: values [53574285543133366239295624009, 54127774346370243244217860096), 118241244409 candidates (MITM path)
  MITM b1=248: s=4 t=2 j=2 je=3 Q=61504 table=167281 yh=706843
stage b2=410 vs b1={249}: values [55032903171624844100000000000, 56805732602641806617660372001), 373219058167 candidates (MITM path)
  MITM b1=249: s=4 t=2 j=2 je=3 Q=62001 table=168100 yh=2220221
stage b2=411 vs b1={250}: values [56527534098288570421020715011, 59604644775390625000000000000), 638398982157 candidates (MITM path)
  MITM b1=250: s=4 t=2 j=2 je=3 Q=62500 table=168921 yh=3779276
stage b2=412 vs b1={251}: values [58058976609150249860268556288, 62529457064557415999535378001), 914052002250 candidates (MITM path)
  MITM b1=251: s=4 t=2 j=2 je=3 Q=63001 table=169744 yh=5384886
stage b2=413 vs b1={252}: values [59628044680704813913766929637, 65585296971568246764230148096), 1200454442148 candidates (MITM path)
  MITM b1=252: s=4 t=2 j=2 je=3 Q=63504 table=170569 yh=7037941
stage b2=414 vs b1={253}: values [61235568249106027885106264064, 68777479182635902650515347441), 1497888038023 candidates (MITM path)
  MITM b1=253: s=4 t=2 j=2 je=3 Q=64009 table=171396 yh=8739341
stage b2=415 vs b1={254}: values [62882393483304972473974609375, 72111511618440250457975689216), 1806640013781 candidates (MITM path)
  MITM b1=254: s=4 t=2 j=2 je=3 Q=64516 table=172225 yh=10489999
stage b2=416 vs b1={255}: values [64569383062185555852385058816, 75593101654204447168212890625), 2127003156942 candidates (MITM path)
  MITM b1=255: s=4 t=2 j=2 je=3 Q=65025 table=173056 yh=12290838
stage b2=417 vs b1={256}: values [66297416455745680759191883233, 79228162514264337593543950336), 2459275895140 candidates (MITM path)
  MITM b1=256: s=4 t=2 j=2 je=3 Q=65536 table=173889 yh=14142792
stage b2=418 vs b1={257}: values [68067390210373163218005624832, 83022819845310162051379891201), 2803762373240 candidates (MITM path)
  MITM b1=257: s=4 t=2 j=2 je=3 Q=66049 table=174724 yh=16046808
stage b2=419 vs b1={258}: values [69880218238265974987208422619, 86983418472562773463547252736), 3160772531080 candidates (MITM path)
  MITM b1=258: s=4 t=2 j=2 je=3 Q=66564 table=175561 yh=18003843
stage b2=420 vs b1={259}: values [71736832111046860800000000000, 91116529343230957588293738481), 3530622181839 candidates (MITM path)
  MITM b1=259: s=3 t=3 j=3 je=3 Q=17373979 table=74088000 yh=47655
stage b2=421 vs b1={260}: values [73638181357622863863877426621, 95428956661682176000000000000), 3913633091026 candidates (MITM path)
  MITM b1=260: s=3 t=3 j=3 je=3 Q=17576000 table=74618461 yh=52449
stage b2=422 vs b1={261}: values [75585233766340778979313276928, 99927745220846124633825584721), 4310133056088 candidates (MITM path)
  MITM b1=261: s=3 t=3 j=3 je=3 Q=17779581 table=75151448 yh=57353
stage b2=423 vs b1={262}: values [77578975691490042023332369527, 104620187934458937028636512256), 4720455986656 candidates (MITM path)
  MITM b1=262: s=3 t=3 j=3 je=3 Q=17984728 table=75686967 yh=62369
stage b2=424 vs b1={263}: values [79620412364205057441922023424, 109513833574845676773925608481), 5144941985412 candidates (MITM path)
  MITM b1=263: s=3 t=3 j=3 je=3 Q=18191447 table=76225024 yh=67497
stage b2=425 vs b1={264}: values [81710568207819461822509765625, 114616494721029974161197367296), 5583937429578 candidates (MITM path)
  MITM b1=264: s=3 t=3 j=3 je=3 Q=18399744 table=76765625 yh=72741
stage b2=426 vs b1={265}: values [83850487157725321590910642176, 119936255922052283847900390625), 6037795053049 candidates (MITM path)
  MITM b1=265: s=3 t=3 j=3 je=3 Q=18609625 table=77308776 yh=78100
stage b2=427 vs b1={266}: values [86041232985790766413028611123, 125481482080472289777685958656), 6506874029140 candidates (MITM path)
  MITM b1=266: s=3 t=3 j=3 je=3 Q=18821096 table=77854483 yh=83578
stage b2=428 vs b1={267}: values [88283889629390066997077737472, 131260827061126477105043503761), 6991540053977 candidates (MITM path)
  MITM b1=267: s=3 t=3 j=3 je=3 Q=19034163 table=78402752 yh=89175
stage b2=429 vs b1={268}: values [90579561525100676704093790229, 137283242530308845011443122176), 7492165430511 candidates (MITM path)
  MITM b1=268: s=3 t=3 j=3 je=3 Q=19248832 table=78953589 yh=94894
stage b2=430 vs b1={269}: values [92929373947122270700000000000, 143557987030641165766449098161), 8009129153171 candidates (MITM path)
  MITM b1=269: s=3 t=3 j=3 je=3 Q=19465109 table=79507000 yh=100735
stage b2=431 vs b1={270}: values [95334473350473334338476729231, 150094635296999121000000000000), 8542816993147 candidates (MITM path)
  MITM b1=270: s=3 t=3 j=3 je=3 Q=19683000 table=80062991 yh=106702
stage b2=432 vs b1={271}: values [97796027719021374067408109568, 156903087818962082857498424641), 9093621584311 candidates (MITM path)
  MITM b1=271: s=3 t=3 j=3 je=3 Q=19902511 table=80621568 yh=112794
stage b2=433 vs b1={272}: values [100315226918403349419823702417, 163993580655357272581489033216), 9661942509772 candidates (MITM path)
  MITM b1=272: s=3 t=3 j=3 je=3 Q=20123648 table=81182737 yh=119015
stage b2=434 vs b1={273}: values [102893283053893453600144246784, 171376695506573539304632176321), 10248186389066 candidates (MITM path)
  MITM b1=273: s=3 t=3 j=3 je=3 Q=20346417 table=81746504 yh=125366
stage b2=435 vs b1={274}: values [105531430833275902825341796875, 179063370050426074779119128576), 10852766965989 candidates (MITM path)
  MITM b1=274: s=3 t=3 j=3 je=3 Q=20570824 table=82312875 yh=131848
stage b2=436 vs b1={275}: values [108230927934780930945540161536, 187064908547461032867431640625), 11476105197064 candidates (MITM path)
  MITM b1=275: s=3 t=3 j=3 je=3 Q=20796875 table=82881856 yh=138464
stage b2=437 vs b1={276}: values [110993055380142725966855596013, 195392992721698273467801010176), 12118629340646 candidates (MITM path)
  MITM b1=276: s=3 t=3 j=3 je=3 Q=21024576 table=83453453 yh=145215
stage b2=438 vs b1={277}: values [113819117912838588948194138112, 204059692922921316864296943121), 12780775046677 candidates (MITM path)
  MITM b1=277: s=3 t=3 j=3 je=3 Q=21253933 table=84027672 yh=152102
stage b2=439 vs b1={278}: values [116710444381569143360604716839, 213077479576736094126128828416), 13462985447065 candidates (MITM path)
  MITM b1=278: s=3 t=3 j=3 je=3 Q=21484952 table=84604519 yh=159129
stage b2=440 vs b1={279}: values [119668388129039974400000000000, 222459234928734230114433331041), 14165711246724 candidates (MITM path)
  MITM b1=279: s=3 t=3 j=3 je=3 Q=21717639 table=85184000 yh=166296
stage b2=441 vs b1={280}: values [122694327386105632949003612841, 232218265089212416000000000000), 14889410815244 candidates (MITM path)
  MITM b1=280: s=3 t=3 j=3 je=3 Q=21952000 table=85766121 yh=173605
stage b2=442 vs b1={281}: values [125789665671337497908806494208, 242368312385016936196463417761), 15634550279209 candidates (MITM path)
  MITM b1=281: s=3 t=3 j=3 je=3 Q=22188041 table=86350888 yh=181059
stage b2=443 vs b1={282}: values [128955832196077553484700318307, 252923568025201628647322750976), 16401603615158 candidates (MITM path)
  MITM b1=282: s=3 t=3 j=3 je=3 Q=22425768 table=86938307 yh=188658
stage b2=444 vs b1={283}: values [132194282275040704726925574144, 263898685087308495981516810961), 17191052743195 candidates (MITM path)
  MITM b1=283: s=3 t=3 j=3 je=3 Q=22665187 table=87528384 yh=196406
stage b2=445 vs b1={284}: values [135506497742528825219189453125, 275308791831202866814366253056), 18003387621240 candidates (MITM path)
  MITM b1=284: s=3 t=3 j=3 je=3 Q=22906304 table=88121125 yh=204303
stage b2=446 vs b1={285}: values [138893987374320305288277456896, 287169505347519450195556640625), 18839106339931 candidates (MITM path)
  MITM b1=285: s=3 t=3 j=3 je=3 Q=23149125 table=88716536 yh=212352
stage b2=447 vs b1={286}: values [142358287315299447497245827903, 299496945547901850804899024896), 19698715218171 candidates (MITM path)
  MITM b1=286: s=3 t=3 j=3 je=3 Q=23393656 table=89314623 yh=220555

*** MATCH: 289482013632620802694360182656 is an 12-digit palindrome in bases 286 and 447
stage b2=448 vs b1={287}: values [145900961512890638499422666752, 312307749504346137016129649281), 20582728899324 candidates (MITM path)
  MITM b1=287: s=3 t=3 j=3 je=3 Q=23639903 table=89915392 yh=228913
stage b2=449 vs b1={288}: values [149523602156362812588586992449, 325619086145088897570576531456), 21491670448062 candidates (MITM path)
  MITM b1=288: s=3 t=3 j=3 je=3 Q=23887872 table=90518849 yh=237428
stage b2=450 vs b1={289}: values [153227830122070312500000000000, 339448671314611904643504117121), 22426071447861 candidates (MITM path)
  MITM b1=289: s=3 t=3 j=3 je=3 Q=24137569 table=91125000 yh=246103
stage b2=451 vs b1={290}: values [157015295424696847215234267451, 353814783205469041000000000000), 23386472099147 candidates (MITM path)
  MITM b1=290: s=3 t=3 j=3 je=3 Q=24389000 table=91733851 yh=254939
stage b2=452 vs b1={291}: values [160887677674569844718827470848, 368736278169776566314796884081), 24373421318091 candidates (MITM path)
  MITM b1=291: s=3 t=3 j=3 je=3 Q=24642171 table=92345408 yh=263938
stage b2=453 vs b1={292}: values [164846686541113099864560007197, 384232606918345112299069505536), 25387476836063 candidates (MITM path)
  MITM b1=292: s=3 t=3 j=3 je=3 Q=24897088 table=92959677 yh=273103
stage b2=454 vs b1={293}: values [168894062222506223751543445504, 400323831115571027902364072401), 26429205299734 candidates (MITM path)
  MITM b1=293: s=3 t=3 j=3 je=3 Q=25153757 table=93576664 yh=282434
stage b2=455 vs b1={294}: values [173031575921620011303271484375, 417030640378345864542952820736), 27499182371831 candidates (MITM path)
  MITM b1=294: s=3 t=3 j=3 je=3 Q=25412184 table=94196375 yh=291935
stage b2=456 vs b1={295}: values [177261030328297458104329568256, 434374369687385917207275390625), 28597992832550 candidates (MITM path)
  MITM b1=295: s=3 t=3 j=3 je=3 Q=25672375 table=94818816 yh=301607
stage b2=457 vs b1={296}: values [181584260108050775997625896793, 452377017219528840630098722816), 29726230681621 candidates (MITM path)
  MITM b1=296: s=3 t=3 j=3 je=3 Q=25934336 table=95443993 yh=311453
stage b2=458 vs b1={297}: values [186003132397245379497877563392, 471061262609691461042593862241), 30884499241029 candidates (MITM path)
  MITM b1=297: s=3 t=3 j=3 je=3 Q=26198073 table=96071912 yh=321473
stage b2=459 vs b1={298}: values [190519547304842441752783207059, 490450485651332023716795191296), 32073411258394 candidates (MITM path)
  MITM b1=298: s=3 t=3 j=3 je=3 Q=26463592 table=96702579 yh=331671
stage b2=460 vs b1={299}: values [195135438420772249600000000000, 510568785444411275443565936401), 33293589011003 candidates (MITM path)
  MITM b1=299: s=3 t=3 j=3 je=3 Q=26730899 table=97336000 yh=342049
stage b2=461 vs b1={300}: values [199852773331011222243920083061, 531441000000000000000000000000), 34545664410507 candidates (MITM path)
  MITM b1=300: s=3 t=3 j=3 je=3 Q=27000000 table=97972181 yh=352607
stage b2=462 vs b1={301}: values [204673554139436097229551679488, 553092726310835924575445943601), 35830279108270 candidates (MITM path)
  MITM b1=301: s=3 t=3 j=3 je=3 Q=27270901 table=98611128 yh=363350
stage b2=463 vs b1={302}: values [209599817996529430739834959087, 575550340897290317159369936896), 37148084601381 candidates (MITM path)
  MITM b1=302: s=3 t=3 j=3 je=3 Q=27543608 table=99252847 yh=374278
stage b2=464 vs b1={303}: values [214633637635011206805784100864, 598841020838364120317909320641), 38499742339320 candidates (MITM path)
  MITM b1=303: s=3 t=3 j=3 je=3 Q=27818127 table=99897344 yh=385394
stage b2=465 vs b1={304}: values [219777121912472001814306640625, 622992765297495137011017711616), 39885923831294 candidates (MITM path)
  MITM b1=304: s=3 t=3 j=3 je=3 Q=28094464 table=100544625 yh=396699
stage b2=466 vs b1={305}: values [225032416361083806744810735616, 648034417553121620683837890625), 41307310754226 candidates (MITM path)
  MITM b1=305: s=3 t=3 j=3 je=3 Q=28372625 table=101194696 yh=408197
stage b2=467 vs b1={306}: values [230401703744465269881211992683, 673995687544113646503571623936), 42764595061407 candidates (MITM path)
  MITM b1=306: s=3 t=3 j=3 je=3 Q=28652616 table=101847563 yh=419889
stage b2=468 vs b1={307}: values [235887204621778787349175468032, 700907174940351875150276622001), 44258479091812 candidates (MITM path)
  MITM b1=307: s=3 t=3 j=3 je=3 Q=28934443 table=102503232 yh=431777
stage b2=469 vs b1={308}: values [241491177919137537737896750669, 728800392748903786995238567936), 45789675680081 candidates (MITM path)
  MITM b1=308: s=3 t=3 j=3 je=3 Q=29218112 table=103161709 yh=443864
stage b2=470 vs b1={309}: values [247215921508401230300000000000, 757707791466420184947746068881), 47358908267155 candidates (MITM path)
  MITM b1=309: s=3 t=3 j=3 je=3 Q=29503629 table=103823000 yh=456151
stage b2=471 vs b1={310}: values [253063772793440013800811649671, 787662783788549761000000000000), 48966911011586 candidates (MITM path)
  MITM b1=310: s=3 t=3 j=3 je=3 Q=29791000 table=104487111 yh=468641
stage b2=472 vs b1={311}: values [259037109303946675027997360128, 818699769887346816976612516321), 50614428901505 candidates (MITM path)
  MITM b1=311: s=3 t=3 j=3 je=3 Q=30080231 table=105154048 yh=481337
stage b2=473 vs b1={312}: values [265138349296877942293007763977, 850854163267826846772605485056), 52302217867258 candidates (MITM path)
  MITM b1=312: s=3 t=3 j=3 je=3 Q=30371328 table=105823817 yh=494239
stage b2=474 vs b1={313}: values [271369952365606399975686580224, 884162417215006648162206715681), 54031044894707 candidates (MITM path)
  MITM b1=313: s=3 t=3 j=3 je=3 Q=30664297 table=106496424 yh=507351
stage b2=475 vs b1={314}: values [277734420056865215301513671875, 918662051842949959948040605696), 55801688139198 candidates (MITM path)
  MITM b1=314: s=3 t=3 j=3 je=3 Q=30959144 table=107171875 yh=520675
stage b2=476 vs b1={315}: values [284234296495568578116086398976, 954391681757526337812744140625), 57614937040194 candidates (MITM path)
  MITM b1=315: s=3 t=3 j=3 je=3 Q=31255875 table=107850176 yh=534213
done: 469.03s, 105062009 candidates tested
