A171740 search: n=12, threads=1, limit=none
stage b2=252 vs b1={159}: values [260259114966540661762818048, 261075123337098804348567681), 3186334524 candidates (MITM path)
  MITM b1=159: s=4 t=2 j=2 je=3 Q=25281 table=63504 yh=50176
stage b2=253 vs b1={160}: values [271847743804884990713499397, 281474976710656000000000000), 36709490048 candidates (MITM path)
  MITM b1=160: s=4 t=2 j=2 je=3 Q=25600 table=64009 yh=573506
stage b2=254 vs b1={161}: values [283903589048977364007778304, 303326610665644763629211521), 72329338598 candidates (MITM path)
  MITM b1=161: s=4 t=2 j=2 je=3 Q=25921 table=64516 yh=1121107
stage b2=255 vs b1={162}: values [296443535898840969287109375, 326723350842869800400326656), 110131646990 candidates (MITM path)
  MITM b1=162: s=4 t=2 j=2 je=3 Q=26244 table=65025 yh=1693682
stage b2=256 vs b1={163}: values [309485009821345068724781056, 351763888007705494736404081), 150204748858 candidates (MITM path)
  MITM b1=163: s=4 t=2 j=2 je=3 Q=26569 table=65536 yh=2291943
stage b2=257 vs b1={164}: values [323045991615992848448948993, 378552550483148382977130496), 192639598342 candidates (MITM path)
  MITM b1=164: s=4 t=2 j=2 je=3 Q=26896 table=66049 yh=2916617
stage b2=258 vs b1={165}: values [337145032839390594819950592, 407199588611568593994140625), 237529824411 candidates (MITM path)
  MITM b1=165: s=4 t=2 j=2 je=3 Q=27225 table=66564 yh=3568443
stage b2=259 vs b1={166}: values [351801271595486322734724859, 437821471697555965584019456), 284971785834 candidates (MITM path)
  MITM b1=166: s=4 t=2 j=2 je=3 Q=27556 table=67081 yh=4248175
stage b2=260 vs b1={167}: values [367034448698777600000000000, 470541197898347534873984161), 335064626805 candidates (MITM path)
  MITM b1=167: s=3 t=3 j=3 je=3 Q=4657463 table=17576000 yh=19064
stage b2=261 vs b1={168}: values [382864924217801243807760861, 505488617542763051300683776), 387910333211 candidates (MITM path)
  MITM b1=168: s=3 t=3 j=3 je=3 Q=4741632 table=17779581 yh=21818
stage b2=262 vs b1={169}: values [399313694406331820719986688, 542800770374370512771595361), 443613789552 candidates (MITM path)
  MITM b1=169: s=3 t=3 j=3 je=3 Q=4826809 table=17984728 yh=24667
stage b2=263 vs b1={170}: values [416402409029831470623291287, 582622237229761000000000000), 502282836523 candidates (MITM path)
  MITM b1=170: s=3 t=3 j=3 je=3 Q=4913000 table=18191447 yh=27611
stage b2=264 vs b1={171}: values [434153389094810508186353664, 625105506678337880602119441), 564028329232 candidates (MITM path)
  MITM b1=171: s=3 t=3 j=3 je=3 Q=5000211 table=18399744 yh=30655
stage b2=265 vs b1={172}: values [452589644988876542822265625, 670411357165926452996079616), 628964196090 candidates (MITM path)
  MITM b1=172: s=3 t=3 j=3 je=3 Q=5088448 table=18609625 yh=33798
stage b2=266 vs b1={173}: values [471734895039369510442428416, 718709255220793060317103921), 697207498344 candidates (MITM path)
  MITM b1=173: s=3 t=3 j=3 je=3 Q=5177717 table=18821096 yh=37044
stage b2=267 vs b1={174}: values [491613584498601037846604883, 770177770297334467043659776), 768878490277 candidates (MITM path)
  MITM b1=174: s=3 t=3 j=3 je=3 Q=5268024 table=19034163 yh=40395
stage b2=268 vs b1={175}: values [512250904963838973923295232, 825005006849765777587890625), 844100680058 candidates (MITM path)
  MITM b1=175: s=3 t=3 j=3 je=3 Q=5359375 table=19248832 yh=43853
stage b2=269 vs b1={176}: values [533672814240301731473788469, 883389054245605390183038976), 923000891258 candidates (MITM path)
  MITM b1=176: s=3 t=3 j=3 je=3 Q=5451776 table=19465109 yh=47419
stage b2=270 vs b1={177}: values [555906056655552300000000000, 945538455146635506591955521), 1005709325020 candidates (MITM path)
  MITM b1=177: s=3 t=3 j=3 je=3 Q=5545233 table=19683000 yh=51096
stage b2=271 vs b1={178}: values [578978183833808423828407471, 1011672693003313726683222016), 1092359622900 candidates (MITM path)
  MITM b1=178: s=3 t=3 j=3 je=3 Q=5639752 table=19902511 yh=54886
stage b2=272 vs b1={179}: values [602917575938813502137827328, 1082022699327332498100696241), 1183088930358 candidates (MITM path)
  MITM b1=179: s=3 t=3 j=3 je=3 Q=5735339 table=20123648 yh=58791
stage b2=273 vs b1={180}: values [627753463394042268515136177, 1156831381426176000000000000), 1278037960924 candidates (MITM path)
  MITM b1=180: s=3 t=3 j=3 je=3 Q=5832000 table=20346417 yh=62814
stage b2=274 vs b1={181}: values [653515949089146258317953024, 1236354171303115835117980561), 1377351061021 candidates (MITM path)
  MITM b1=181: s=3 t=3 j=3 je=3 Q=5929741 table=20570824 yh=66957
stage b2=275 vs b1={182}: values [680236031081676483154296875, 1320859596446125189798629376), 1481176275462 candidates (MITM path)
  MITM b1=182: s=3 t=3 j=3 je=3 Q=6028568 table=20796875 yh=71222
stage b2=276 vs b1={183}: values [707945625803254614013771776, 1410629873249683485564270561), 1589665413602 candidates (MITM path)
  MITM b1=183: s=3 t=3 j=3 je=3 Q=6128487 table=21024576 yh=75610
stage b2=277 vs b1={184}: values [736677591779499338860277773, 1505961523834397662438752256), 1702974116167 candidates (MITM path)
  MITM b1=184: s=3 t=3 j=3 je=3 Q=6229504 table=21253933 yh=80126
stage b2=278 vs b1={185}: values [766465753873151417719887872, 1607166017050789863525390625), 1821261922752 candidates (MITM path)
  MITM b1=185: s=3 t=3 j=3 je=3 Q=6331625 table=21484952 yh=84770

*** MATCH: 1556334784746456756618719574 is an 12-digit palindrome in bases 185 and 278
stage b2=279 vs b1={186}: values [797344928059979319406571079, 1714570434475502278801821696), 1944692339978 candidates (MITM path)
  MITM b1=186: s=3 t=3 j=3 je=3 Q=6434856 table=21717639 yh=89545
stage b2=280 vs b1={187}: values [829350946747187200000000000, 1828518162230556187140793681), 2073432910332 candidates (MITM path)
  MITM b1=187: s=3 t=3 j=3 je=3 Q=6539203 table=21952000 yh=94454
stage b2=281 vs b1={188}: values [862520684644188385040795081, 1949369609479181830042157056), 2207655281673 candidates (MITM path)
  MITM b1=188: s=3 t=3 j=3 je=3 Q=6644672 table=22188041 yh=99498
stage b2=282 vs b1={189}: values [896892085195750456196179968, 2077502954475116767205550321), 2347535277407 candidates (MITM path)
  MITM b1=189: s=3 t=3 j=3 je=3 Q=6751269 table=22425768 yh=104681
stage b2=283 vs b1={190}: values [932504187587662529970024067, 2213314919066161000000000000), 2493252967338 candidates (MITM path)
  MITM b1=190: s=3 t=3 j=3 je=3 Q=6859000 table=22665187 yh=110004
stage b2=284 vs b1={191}: values [969397154335221362022416384, 2357221572577185690065114881), 2644992739195 candidates (MITM path)
  MITM b1=191: s=3 t=3 j=3 je=3 Q=6967871 table=22906304 yh=115471
stage b2=285 vs b1={192}: values [1007612299464980527001953125, 2509659166022727122011815936), 2802943370833 candidates (MITM path)
  MITM b1=192: s=3 t=3 j=3 je=3 Q=7077888 table=23149125 yh=121083
stage b2=286 vs b1={193}: values [1047192117300356121695451136, 2671084997624767126594464001), 2967298103102 candidates (MITM path)
  MITM b1=193: s=3 t=3 j=3 je=3 Q=7189057 table=23393656 yh=126842
stage b2=287 vs b1={194}: values [1088180311861833230021357663, 2841978310637314049208487936), 3138254713405 candidates (MITM path)
  MITM b1=194: s=3 t=3 j=3 je=3 Q=7301384 table=23639903 yh=132753
stage b2=288 vs b1={195}: values [1130621826892669783231168512, 3022841224505963164306640625), 3316015589920 candidates (MITM path)
  MITM b1=195: s=3 t=3 j=3 je=3 Q=7414875 table=23887872 yh=138816
stage b2=289 vs b1={196}: values [1174562876521148458974062689, 3214199700417740936751087616), 3500787806512 candidates (MITM path)
  MITM b1=196: s=3 t=3 j=3 je=3 Q=7529536 table=24137569 yh=145035
stage b2=290 vs b1={197}: values [1220050976570582900000000000, 3416604542324232545384738641), 3692783198314 candidates (MITM path)
  MITM b1=197: s=3 t=3 j=3 je=3 Q=7645373 table=24389000 yh=151412
stage b2=291 vs b1={198}: values [1267134976528441808641913691, 3630632434549265533578448896), 3892218437990 candidates (MITM path)
  MITM b1=198: s=3 t=3 j=3 je=3 Q=7762392 table=24642171 yh=157950
stage b2=292 vs b1={199}: values [1315865092186113398284484608, 3856887017121283350242637601), 4099315112681 candidates (MITM path)
  MITM b1=199: s=3 t=3 j=3 je=3 Q=7880599 table=24897088 yh=164651
stage b2=293 vs b1={200}: values [1366292938960993269291344957, 4096000000000000000000000000), 4314299801632 candidates (MITM path)
  MITM b1=200: s=3 t=3 j=3 je=3 Q=8000000 table=25153757 yh=171518
stage b2=294 vs b1={201}: values [1418471565912741035860383744, 4348632317396990233762642401), 4537404154490 candidates (MITM path)
  MITM b1=201: s=3 t=3 j=3 je=3 Q=8120601 table=25412184 yh=178553
stage b2=295 vs b1={202}: values [1472455490465714973583984375, 4615475323420547975828279296), 4768864970300 candidates (MITM path)
  MITM b1=202: s=3 t=3 j=3 je=3 Q=8242408 table=25672375 yh=185759
stage b2=296 vs b1={203}: values [1528300733849759596723306496, 4897252030306448390395044241), 5008924277171 candidates (MITM path)
  MITM b1=203: s=3 t=3 j=3 je=3 Q=8365427 table=25934336 yh=193139
done: 59.04s, 18021160 candidates tested
