A171740 search: n=12, threads=1, limit=none
stage b2=54 vs b1={39}: values [11384956040305711104, 12381557655576425121), 40193797 candidates (MITM path)
  MITM b1=39: s=4 t=2 j=2 je=3 Q=1521 table=2916 yh=13784
stage b2=55 vs b1={40}: values [13931233916552734375, 16777216000000000000), 102814893 candidates (MITM path)
  MITM b1=40: s=4 t=2 j=2 je=3 Q=1600 table=3025 yh=33989
stage b2=56 vs b1={41}: values [16985107389382393856, 22563490300366186081), 180875673 candidates (MITM path)
  MITM b1=41: s=3 t=3 j=3 je=3 Q=68921 table=175616 yh=1030
stage b2=57 vs b1={42}: values [20635899893042801193, 30129469486639681536), 276809127 candidates (MITM path)
  MITM b1=42: s=3 t=3 j=3 je=3 Q=74088 table=185193 yh=1495
stage b2=58 vs b1={43}: values [24986644000165537792, 39959630797262576401), 393314974 candidates (MITM path)
  MITM b1=43: s=3 t=3 j=3 je=3 Q=79507 table=195112 yh=2016
stage b2=59 vs b1={44}: values [30155888444737842659, 52654090776777588736), 533378798 candidates (MITM path)
  MITM b1=44: s=3 t=3 j=3 je=3 Q=85184 table=205379 yh=2598
stage b2=60 vs b1={45}: values [36279705600000000000, 68952523554931640625), 700291881 candidates (MITM path)
  MITM b1=45: s=3 t=3 j=3 je=3 Q=91125 table=216000 yh=3243
stage b2=61 vs b1={46}: values [43513917611435838661, 89762301673555234816), 897671740 candidates (MITM path)
  MITM b1=46: s=3 t=3 j=3 je=3 Q=97336 table=226981 yh=3955
stage b2=62 vs b1={47}: values [52036560683837093888, 116191483108948578241), 1129483387 candidates (MITM path)
  MITM b1=47: s=3 t=3 j=3 je=3 Q=103823 table=238328 yh=4740
stage b2=63 vs b1={48}: values [62050608388552823487, 149587343098087735296), 1400061283 candidates (MITM path)
  MITM b1=48: s=3 t=3 j=3 je=3 Q=110592 table=250047 yh=5600
stage b2=64 vs b1={49}: values [73786976294838206464, 191581231380566414401), 1714132015 candidates (MITM path)
  MITM b1=49: s=3 t=3 j=3 je=3 Q=117649 table=262144 yh=6539

*** MATCH: 156168186795960422850 is an 12-digit palindrome in bases 49 and 64
stage b2=65 vs b1={50}: values [87507831740087890625, 244140625000000000000), 2076837673 candidates (MITM path)
  MITM b1=50: s=3 t=3 j=3 je=3 Q=125000 table=274625 yh=7563
stage b2=66 vs b1={51}: values [103510234140112521216, 309629344375621415601), 2493759950 candidates (MITM path)
  MITM b1=51: s=3 t=3 j=3 je=3 Q=132651 table=287496 yh=8675
stage b2=67 vs b1={52}: values [122130132904968017083, 390877006486250192896), 2970944949 candidates (MITM path)
  MITM b1=52: s=3 t=3 j=3 je=3 Q=140608 table=300763 yh=9879
stage b2=68 vs b1={53}: values [143746751770690322432, 491258904256726154641), 3514928704 candidates (MITM path)
  MITM b1=53: s=3 t=3 j=3 je=3 Q=148877 table=314432 yh=11179
done: 0.08s, 84208 candidates tested
