A171740 search: n=12, threads=1, limit=none
stage b2=65 vs b1={46}: values [87507831740087890625, 89762301673555234816), 29892643 candidates (MITM path)
  MITM b1=46: s=4 t=2 j=2 je=3 Q=2116 table=4225 yh=7076
stage b2=66 vs b1={47}: values [103510234140112521216, 116191483108948578241), 153425807 candidates (MITM path)
  MITM b1=47: s=4 t=2 j=2 je=3 Q=2209 table=4356 yh=35222
stage b2=67 vs b1={48}: values [122130132904968017083, 149587343098087735296), 303534173 candidates (MITM path)
  MITM b1=48: s=4 t=2 j=2 je=3 Q=2304 table=4489 yh=67618
stage b2=68 vs b1={49}: values [143746751770690322432, 191581231380566414401), 483824190 candidates (MITM path)
  MITM b1=49: s=3 t=3 j=3 je=3 Q=117649 table=314432 yh=1539
stage b2=69 vs b1={50}: values [168787390185178426269, 244140625000000000000), 698244232 candidates (MITM path)
  MITM b1=50: s=3 t=3 j=3 je=3 Q=125000 table=328509 yh=2126
stage b2=70 vs b1={51}: values [197732674300000000000, 309629344375621415601), 951106003 candidates (MITM path)
  MITM b1=51: s=3 t=3 j=3 je=3 Q=132651 table=343000 yh=2773
stage b2=71 vs b1={52}: values [231122292121701565271, 390877006486250192896), 1247106638 candidates (MITM path)
  MITM b1=52: s=3 t=3 j=3 je=3 Q=140608 table=357911 yh=3485
stage b2=72 vs b1={53}: values [269561249468963094528, 491258904256726154641), 1591351510 candidates (MITM path)
  MITM b1=53: s=3 t=3 j=3 je=3 Q=148877 table=373248 yh=4264
stage b2=73 vs b1={54}: values [313726685568359708377, 614787626176508399616), 1989377737 candidates (MITM path)
  MITM b1=54: s=3 t=3 j=3 je=3 Q=157464 table=389017 yh=5114
stage b2=74 vs b1={55}: values [364375289404334925824, 766217865410400390625), 2447178401 candidates (MITM path)
  MITM b1=55: s=3 t=3 j=3 je=3 Q=166375 table=405224 yh=6040
stage b2=75 vs b1={56}: values [422351360321044921875, 951166013805414055936), 2971227464 candidates (MITM path)
  MITM b1=56: s=3 t=3 j=3 je=3 Q=175616 table=421875 yh=7043
stage b2=76 vs b1={57}: values [488595558857835544576, 1176246293903439668001), 3568505397 candidates (MITM path)
  MITM b1=57: s=3 t=3 j=3 je=3 Q=185193 table=438976 yh=8130
stage b2=77 vs b1={58}: values [564154396389137449973, 1449225352009601191936), 4246525519 candidates (MITM path)
  MITM b1=58: s=3 t=3 j=3 je=3 Q=195112 table=456533 yh=9302
stage b2=78 vs b1={59}: values [650190514836423555072, 1779197418239532716881), 5013361036 candidates (MITM path)
  MITM b1=59: s=3 t=3 j=3 je=3 Q=205379 table=474552 yh=10565
stage b2=79 vs b1={60}: values [747993810527520928879, 2176782336000000000000), 5877672801 candidates (MITM path)
  MITM b1=60: s=3 t=3 j=3 je=3 Q=216000 table=493039 yh=11922
stage b2=80 vs b1={61}: values [858993459200000000000, 2654348974297586158321), 6848737775 candidates (MITM path)
  MITM b1=61: s=3 t=3 j=3 je=3 Q=226981 table=512000 yh=13377
stage b2=81 vs b1={62}: values [984770902183611232881, 3226266762397899821056), 7936478204 candidates (MITM path)
  MITM b1=62: s=3 t=3 j=3 je=3 Q=238328 table=531441 yh=14934
stage b2=82 vs b1={63}: values [1127073856954876807168, 3909188328478827879681), 9151491507 candidates (MITM path)
  MITM b1=63: s=3 t=3 j=3 je=3 Q=250047 table=551368 yh=16598
stage b2=83 vs b1={64}: values [1287831418538085836267, 4722366482869645213696), 10505080878 candidates (MITM path)
  MITM b1=64: s=3 t=3 j=3 je=3 Q=262144 table=571787 yh=18373
stage b2=84 vs b1={65}: values [1469170321634239709184, 5688009063105712890625), 12009286594 candidates (MITM path)
  MITM b1=65: s=3 t=3 j=3 je=3 Q=274625 table=592704 yh=20262
stage b2=85 vs b1={66}: values [1673432436896142578125, 6831675453247426400256), 13676918047 candidates (MITM path)
  MITM b1=66: s=3 t=3 j=3 je=3 Q=287496 table=614125 yh=22271
stage b2=86 vs b1={67}: values [1903193578437064103936, 8182718904632857144561), 15521586478 candidates (MITM path)
  MITM b1=67: s=3 t=3 j=3 je=3 Q=300763 table=636056 yh=24403
stage b2=87 vs b1={68}: values [2161283703465490489863, 9774779120406941925376), 17557738438 candidates (MITM path)
  MITM b1=68: s=3 t=3 j=3 je=3 Q=314432 table=658503 yh=26664
stage b2=88 vs b1={69}: values [2450808588882738675712, 11646329922777311412561), 19800689950 candidates (MITM path)
  MITM b1=69: s=3 t=3 j=3 je=3 Q=328509 table=681472 yh=29056
stage b2=89 vs b1={70}: values [2775173073766990340489, 13841287201000000000000), 22266661399 candidates (MITM path)
  MITM b1=70: s=3 t=3 j=3 je=3 Q=343000 table=704969 yh=31586

*** MATCH: 7941176166050474489910 is an 12-digit palindrome in bases 70 and 89
stage b2=90 vs b1={71}: values [3138105960900000000000, 16409682740640811134241), 24972813125 candidates (MITM path)
  MITM b1=71: s=3 t=3 j=3 je=3 Q=357911 table=729000 yh=34257
stage b2=91 vs b1={72}: values [3543686674874777831491, 19408409961765342806016), 27937281743 candidates (MITM path)
  MITM b1=72: s=3 t=3 j=3 je=3 Q=373248 table=753571 yh=37074
stage b2=92 vs b1={73}: values [3996373778857415671808, 22902048046490258711521), 31179217168 candidates (MITM path)
  MITM b1=73: s=3 t=3 j=3 je=3 Q=389017 table=778688 yh=40041
stage b2=93 vs b1={74}: values [4501035456767426597157, 26963771415920784510976), 34718820369 candidates (MITM path)
  MITM b1=74: s=3 t=3 j=3 je=3 Q=405224 table=804357 yh=43164
stage b2=94 vs b1={75}: values [5062982072492057196544, 31676352024078369140625), 38577381823 candidates (MITM path)
  MITM b1=75: s=3 t=3 j=3 je=3 Q=421875 table=830584 yh=46447
stage b2=95 vs b1={76}: values [5688000922764599609375, 37133262473195501387776), 42777320702 candidates (MITM path)
  MITM b1=76: s=3 t=3 j=3 je=3 Q=438976 table=857375 yh=49894
stage b2=96 vs b1={77}: values [6382393305518410039296, 43439888521963583647921), 47342224766 candidates (MITM path)
  MITM b1=77: s=3 t=3 j=3 je=3 Q=456533 table=884736 yh=53511
stage b2=97 vs b1={78}: values [7153014030880804126753, 50714860157241037295616), 52296890975 candidates (MITM path)
  MITM b1=78: s=3 t=3 j=3 je=3 Q=474552 table=912673 yh=57301
done: 0.58s, 432431 candidates tested
