A171740 search: n=12, threads=1, limit=none
stage b2=290 vs b1={181}: values [1220050976570582900000000000, 1236354171303115835117980561), 27408465938 candidates (MITM path)
  MITM b1=181: s=4 t=2 j=2 je=3 Q=32761 table=84100 yh=325904
stage b2=291 vs b1={182}: values [1267134976528441808641913691, 1320859596446125189798629376), 88473950124 candidates (MITM path)
  MITM b1=182: s=4 t=2 j=2 je=3 Q=33124 table=84681 yh=1044792
stage b2=292 vs b1={183}: values [1315865092186113398284484608, 1410629873249683485564270561), 152879711644 candidates (MITM path)
  MITM b1=183: s=4 t=2 j=2 je=3 Q=33489 table=85264 yh=1793016
stage b2=293 vs b1={184}: values [1366292938960993269291344957, 1505961523834397662438752256), 220746085401 candidates (MITM path)
  MITM b1=184: s=4 t=2 j=2 je=3 Q=33856 table=85849 yh=2571330
stage b2=294 vs b1={185}: values [1418471565912741035860383744, 1607166017050789863525390625), 292196592317 candidates (MITM path)
  MITM b1=185: s=4 t=2 j=2 je=3 Q=34225 table=86436 yh=3380497
stage b2=295 vs b1={186}: values [1472455490465714973583984375, 1714570434475502278801821696), 367357998562 candidates (MITM path)
  MITM b1=186: s=4 t=2 j=2 je=3 Q=34596 table=87025 yh=4221293
stage b2=296 vs b1={187}: values [1528300733849759596723306496, 1828518162230556187140793681), 446360375417 candidates (MITM path)
  MITM b1=187: s=4 t=2 j=2 je=3 Q=34969 table=87616 yh=5094508
stage b2=297 vs b1={188}: values [1586064857271688421018834553, 1949369609479181830042157056), 529337159775 candidates (MITM path)
  MITM b1=188: s=4 t=2 j=2 je=3 Q=35344 table=88209 yh=6000943
stage b2=298 vs b1={189}: values [1645806998829973233948977152, 2077502954475116767205550321), 616425215290 candidates (MITM path)
  MITM b1=189: s=3 t=3 j=3 je=3 Q=6751269 table=26463592 yh=23294
stage b2=299 vs b1={190}: values [1707587911185321991450053299, 2213314919066161000000000000), 707764894159 candidates (MITM path)
  MITM b1=190: s=3 t=3 j=3 je=3 Q=6859000 table=26730899 yh=26478
stage b2=300 vs b1={191}: values [1771470000000000000000000000, 2357221572577185690065114881), 803500099558 candidates (MITM path)
  MITM b1=191: s=3 t=3 j=3 je=3 Q=6967871 table=27000000 yh=29760
stage b2=301 vs b1={192}: values [1837517363158923337459953301, 2509659166022727122011815936), 903778348709 candidates (MITM path)
  MITM b1=192: s=3 t=3 j=3 je=3 Q=7077888 table=27270901 yh=33141
stage b2=302 vs b1={193}: values [1905795830785729527017781248, 2671084997624767126594464001), 1008750836607 candidates (MITM path)
  MITM b1=193: s=3 t=3 j=3 je=3 Q=7189057 table=27543608 yh=36624
stage b2=303 vs b1={194}: values [1976373006067208317880888847, 2841978310637314049208487936), 1118572500386 candidates (MITM path)
  MITM b1=194: s=3 t=3 j=3 je=3 Q=7301384 table=27818127 yh=40211
stage b2=304 vs b1={195}: values [2049318306899655055957295104, 3022841224505963164306640625), 1233402084332 candidates (MITM path)
  MITM b1=195: s=3 t=3 j=3 je=3 Q=7414875 table=28094464 yh=43902
stage b2=305 vs b1={196}: values [2124703008370890559619140625, 3214199700417740936751087616), 1353402205552 candidates (MITM path)
  MITM b1=196: s=3 t=3 j=3 je=3 Q=7529536 table=28372625 yh=47701
stage b2=306 vs b1={197}: values [2202600286091874661776377856, 3416604542324232545384738641), 1478739420284 candidates (MITM path)
  MITM b1=197: s=3 t=3 j=3 je=3 Q=7645373 table=28652616 yh=51610
stage b2=307 vs b1={198}: values [2283085260392025651955298443, 3630632434549265533578448896), 1609584290870 candidates (MITM path)
  MITM b1=198: s=3 t=3 j=3 je=3 Q=7762392 table=28934443 yh=55629
stage b2=308 vs b1={199}: values [2366235041392544762971553792, 3856887017121283350242637601), 1746111453370 candidates (MITM path)
  MITM b1=199: s=3 t=3 j=3 je=3 Q=7880599 table=29218112 yh=59762
stage b2=309 vs b1={200}: values [2452128774972233608245132909, 4096000000000000000000000000), 1888499685839 candidates (MITM path)
  MITM b1=200: s=3 t=3 j=3 je=3 Q=8000000 table=29503629 yh=64010
stage b2=310 vs b1={201}: values [2540847689640483100000000000, 4348632317396990233762642401), 2036931977251 candidates (MITM path)
  MITM b1=201: s=3 t=3 j=3 je=3 Q=8120601 table=29791000 yh=68375
stage b2=311 vs b1={202}: values [2632475144332304877738303911, 4615475323420547975828279296), 2191595597086 candidates (MITM path)
  MITM b1=202: s=3 t=3 j=3 je=3 Q=8242408 table=30080231 yh=72859
stage b2=312 vs b1={203}: values [2727096677140470662732709888, 4897252030306448390395044241), 2352682165567 candidates (MITM path)
  MITM b1=203: s=3 t=3 j=3 je=3 Q=8365427 table=30371328 yh=77464
stage b2=313 vs b1={204}: values [2824800055000021240134845737, 5194718390528185623763746816), 2520387724559 candidates (MITM path)
  MITM b1=204: s=3 t=3 j=3 je=3 Q=8489664 table=30664297 yh=82193
stage b2=314 vs b1={205}: values [2925675324340604967987390464, 5508664624112838398681640625), 2694912809125 candidates (MITM path)
  MITM b1=205: s=3 t=3 j=3 je=3 Q=8615125 table=30959144 yh=87048
stage b2=315 vs b1={206}: values [3029814862722305834326171875, 5839916592521948960554356736), 2876462519742 candidates (MITM path)
  MITM b1=206: s=3 t=3 j=3 je=3 Q=8741816 table=31255875 yh=92030
stage b2=316 vs b1={207}: values [3137313431470823142080905216, 6189337220490697154402830401), 3065246595178 candidates (MITM path)
  MITM b1=207: s=3 t=3 j=3 je=3 Q=8869743 table=31554496 yh=97142
stage b2=317 vs b1={208}: values [3248268229328068909082939333, 6557827967253220516257857536), 3261479486029 candidates (MITM path)
  MITM b1=208: s=3 t=3 j=3 je=3 Q=8998912 table=31855013 yh=102386
stage b2=318 vs b1={209}: values [3362778947134455039659538432, 6946330348617183160431238081), 3465380428920 candidates (MITM path)
  MITM b1=209: s=3 t=3 j=3 je=3 Q=9129329 table=32157432 yh=107763
stage b2=319 vs b1={210}: values [3480947823559350267570691519, 7355827511386641000000000000), 3677173521369 candidates (MITM path)
  MITM b1=210: s=3 t=3 j=3 je=3 Q=9261000 table=32461759 yh=113278
stage b2=320 vs b1={211}: values [3602879701896396800000000000, 7787345861668898615544483121), 3897087797311 candidates (MITM path)
  MITM b1=211: s=3 t=3 j=3 je=3 Q=9393931 table=32768000 yh=118930
stage b2=321 vs b1={212}: values [3728682087940588521559555521, 8241956748638414149261459456), 4125357303298 candidates (MITM path)
  MITM b1=212: s=3 t=3 j=3 je=3 Q=9528128 table=33076161 yh=124723
stage b2=322 vs b1={213}: values [3858465208964226558463510528, 8720778205368893309992171281), 4362221175352 candidates (MITM path)
  MITM b1=213: s=3 t=3 j=3 je=3 Q=9663597 table=33386248 yh=130660

*** MATCH: 8462677774040221666480494314 is an 12-digit palindrome in bases 213 and 322
stage b2=323 vs b1={214}: values [3992342073809083968859805627, 9224976748383532391296208896), 4607923716489 candidates (MITM path)
  MITM b1=214: s=3 t=3 j=3 je=3 Q=9800344 table=33698267 yh=136741
stage b2=324 vs b1={215}: values [4130428534112329328517709824, 9755769237612933691650390625), 4862714474919 candidates (MITM path)
  MITM b1=215: s=3 t=3 j=3 je=3 Q=9938375 table=34012224 yh=142970
stage b2=325 vs b1={216}: values [4272843346683979034423828125, 10314424798490535546171949056), 5126848322899 candidates (MITM path)
  MITM b1=216: s=3 t=3 j=3 je=3 Q=10077696 table=34328125 yh=149349
stage b2=326 vs b1={217}: values [4419708237053870265154328576, 10902266807956484097280908961), 5400585536268 candidates (MITM path)
  MITM b1=217: s=3 t=3 j=3 je=3 Q=10218313 table=34645976 yh=155880
stage b2=327 vs b1={218}: values [4571147964206370729019547223, 11520674946182735813538942976), 5684191874648 candidates (MITM path)
  MITM b1=218: s=3 t=3 j=3 je=3 Q=10360232 table=34965783 yh=162565
stage b2=328 vs b1={219}: values [4727290386521267611811971072, 12171087315874829579909431761), 5977938662310 candidates (MITM path)
  MITM b1=219: s=3 t=3 j=3 je=3 Q=10503459 table=35287552 yh=169407
stage b2=329 vs b1={220}: values [4888266528939506518462919129, 12855002631049216000000000000), 6282102869719 candidates (MITM path)
  MITM b1=220: s=3 t=3 j=3 je=3 Q=10648000 table=35611289 yh=176408
stage b2=330 vs b1={221}: values [5054210651372681700000000000, 13573982477229290545823357041), 6596967195752 candidates (MITM path)
  MITM b1=221: s=3 t=3 j=3 je=3 Q=10793861 table=35937000 yh=183571
stage b2=331 vs b1={222}: values [5225260318375411481909498131, 14329653645048357641297596416), 6922820150577 candidates (MITM path)
  MITM b1=222: s=3 t=3 j=3 je=3 Q=10941048 table=36264691 yh=190897
stage b2=332 vs b1={223}: values [5401556470099967575398023168, 15123710539293666054338805121), 7259956139221 candidates (MITM path)
  MITM b1=223: s=3 t=3 j=3 je=3 Q=11089567 table=36594368 yh=198390
stage b2=333 vs b1={224}: values [5583243494552763872208758517, 15957917665472413585874354176), 7608675545802 candidates (MITM path)
  MITM b1=224: s=3 t=3 j=3 je=3 Q=11239424 table=36926037 yh=206052
stage b2=334 vs b1={225}: values [5770469301172549409712093184, 16834112196028232574462890625), 7969284818440 candidates (MITM path)
  MITM b1=225: s=3 t=3 j=3 je=3 Q=11390625 table=37259704 yh=213885
stage b2=335 vs b1={226}: values [5963385395750391459130859375, 17754206618385148880104984576), 8342096554843 candidates (MITM path)
  MITM b1=226: s=3 t=3 j=3 je=3 Q=11543176 table=37595375 yh=221892
stage b2=336 vs b1={227}: values [6162146956711778149189287936, 18720191467045367574023614321), 8727429588567 candidates (MITM path)
  MITM b1=227: s=3 t=3 j=3 je=3 Q=11697083 table=37933056 yh=230075
stage b2=337 vs b1={228}: values [6366912912781415703444512113, 19734138142017490453021065216), 9125609075959 candidates (MITM path)
  MITM b1=228: s=3 t=3 j=3 je=3 Q=11852352 table=38272753 yh=238437
stage b2=338 vs b1={229}: values [6577846022051543255362291712, 20798201815902925734870098641), 9536966583770 candidates (MITM path)
  MITM b1=229: s=3 t=3 j=3 je=3 Q=12008989 table=38614472 yh=246980
stage b2=339 vs b1={230}: values [6795112952474838324166805739, 21914624432020321000000000000), 9961840177454 candidates (MITM path)
  MITM b1=230: s=3 t=3 j=3 je=3 Q=12167000 table=38958219 yh=255706
stage b2=340 vs b1={231}: values [7018884363803238400000000000, 23085737796000848857434784161), 10400574510138 candidates (MITM path)
  MITM b1=231: s=3 t=3 j=3 je=3 Q=12326391 table=39304000 yh=264619
stage b2=341 vs b1={232}: values [7249334990994258712381121741, 24313966763341113270967730176), 10853520912278 candidates (MITM path)
  MITM b1=232: s=3 t=3 j=3 je=3 Q=12487168 table=39651821 yh=273721
stage b2=342 vs b1={233}: values [7486643729106643154813687808, 25601832525455335435322705761), 11321037481994 candidates (MITM path)
  MITM b1=233: s=3 t=3 j=3 je=3 Q=12649337 table=40001688 yh=283014
stage b2=343 vs b1={234}: values [7730993719707444524137094407, 26951955996824334101419462656), 11803489176080 candidates (MITM path)
  MITM b1=234: s=3 t=3 j=3 je=3 Q=12812904 table=40353607 yh=292502
stage b2=344 vs b1={235}: values [7982572438812891719395180544, 28367061305895648984619140625), 12301247901705 candidates (MITM path)
  MITM b1=235: s=3 t=3 j=3 je=3 Q=12977875 table=40707584 yh=302186
stage b2=345 vs b1={236}: values [8241571786385665345166015625, 29849979392446980130179383296), 12814692608787 candidates (MITM path)
  MITM b1=236: s=3 t=3 j=3 je=3 Q=13144256 table=41063625 yh=312070
done: 130.68s, 27475698 candidates tested
