A171740 search: n=12, threads=1, limit=none
stage b2=422 vs b1={255}: values [75585233766340778979313276928, 75593101654204447168212890625), 1393103733 candidates (MITM path)
  MITM b1=255: s=4 t=2 j=2 je=3 Q=65025 table=178084 yh=7823
stage b2=423 vs b1={256}: values [77578975691490042023332369527, 79228162514264337593543950336), 287890710695 candidates (MITM path)
  MITM b1=256: s=4 t=2 j=2 je=3 Q=65536 table=178929 yh=1608967
stage b2=424 vs b1={257}: values [79620412364205057441922023424, 83022819845310162051379891201), 585586673994 candidates (MITM path)
  MITM b1=257: s=4 t=2 j=2 je=3 Q=66049 table=179776 yh=3257313
stage b2=425 vs b1={258}: values [81710568207819461822509765625, 86983418472562773463547252736), 894770914353 candidates (MITM path)
  MITM b1=258: s=4 t=2 j=2 je=3 Q=66564 table=180625 yh=4953750
stage b2=426 vs b1={259}: values [83850487157725321590910642176, 91116529343230957588293738481), 1215738920499 candidates (MITM path)
  MITM b1=259: s=4 t=2 j=2 je=3 Q=67081 table=181476 yh=6699172
stage b2=427 vs b1={260}: values [86041232985790766413028611123, 95428956661682176000000000000), 1548791825142 candidates (MITM path)
  MITM b1=260: s=4 t=2 j=2 je=3 Q=67600 table=182329 yh=8494490
stage b2=428 vs b1={261}: values [88283889629390066997077737472, 99927745220846124633825584721), 1894236481595 candidates (MITM path)
  MITM b1=261: s=4 t=2 j=2 je=3 Q=68121 table=183184 yh=10340622
stage b2=429 vs b1={262}: values [90579561525100676704093790229, 104620187934458937028636512256), 2252385540985 candidates (MITM path)
  MITM b1=262: s=4 t=2 j=2 je=3 Q=68644 table=184041 yh=12238499
stage b2=430 vs b1={263}: values [92929373947122270700000000000, 109513833574845676773925608481), 2623557530104 candidates (MITM path)
  MITM b1=263: s=4 t=2 j=2 je=3 Q=69169 table=184900 yh=14189062
stage b2=431 vs b1={264}: values [95334473350473334338476729231, 114616494721029974161197367296), 3008076929858 candidates (MITM path)
  MITM b1=264: s=4 t=2 j=2 je=3 Q=69696 table=185761 yh=16193265
stage b2=432 vs b1={265}: values [97796027719021374067408109568, 119936255922052283847900390625), 3406274254349 candidates (MITM path)
  MITM b1=265: s=4 t=2 j=2 je=3 Q=70225 table=186624 yh=18252070
stage b2=433 vs b1={266}: values [100315226918403349419823702417, 125481482080472289777685958656), 3818486130571 candidates (MITM path)
  MITM b1=266: s=3 t=3 j=3 je=3 Q=18821096 table=81182737 yh=47036
stage b2=434 vs b1={267}: values [102893283053893453600144246784, 131260827061126477105043503761), 4245055378732 candidates (MITM path)
  MITM b1=267: s=3 t=3 j=3 je=3 Q=19034163 table=81746504 yh=51930
stage b2=435 vs b1={268}: values [105531430833275902825341796875, 137283242530308845011443122176), 4686331093190 candidates (MITM path)
  MITM b1=268: s=3 t=3 j=3 je=3 Q=19248832 table=82312875 yh=56934
stage b2=436 vs b1={269}: values [108230927934780930945540161536, 143557987030641165766449098161), 5142668724022 candidates (MITM path)
  MITM b1=269: s=3 t=3 j=3 je=3 Q=19465109 table=82881856 yh=62049
stage b2=437 vs b1={270}: values [110993055380142725966855596013, 150094635296999121000000000000), 5614430159212 candidates (MITM path)
  MITM b1=270: s=3 t=3 j=3 je=3 Q=19683000 table=83453453 yh=67277
stage b2=438 vs b1={271}: values [113819117912838588948194138112, 156903087818962082857498424641), 6101983807466 candidates (MITM path)
  MITM b1=271: s=3 t=3 j=3 je=3 Q=19902511 table=84027672 yh=72619
stage b2=439 vs b1={272}: values [116710444381569143360604716839, 163993580655357272581489033216), 6605704681652 candidates (MITM path)
  MITM b1=272: s=3 t=3 j=3 je=3 Q=20123648 table=84604519 yh=78078
stage b2=440 vs b1={273}: values [119668388129039974400000000000, 171376695506573539304632176321), 7125974482868 candidates (MITM path)
  MITM b1=273: s=3 t=3 j=3 je=3 Q=20346417 table=85184000 yh=83654
stage b2=441 vs b1={274}: values [122694327386105632949003612841, 179063370050426074779119128576), 7663181685142 candidates (MITM path)
  MITM b1=274: s=3 t=3 j=3 je=3 Q=20570824 table=85766121 yh=89350
stage b2=442 vs b1={275}: values [125789665671337497908806494208, 187064908547461032867431640625), 8217721620756 candidates (MITM path)
  MITM b1=275: s=3 t=3 j=3 je=3 Q=20796875 table=86350888 yh=95167
stage b2=443 vs b1={276}: values [128955832196077553484700318307, 195392992721698273467801010176), 8789996566202 candidates (MITM path)
  MITM b1=276: s=3 t=3 j=3 je=3 Q=21024576 table=86938307 yh=101107
stage b2=444 vs b1={277}: values [132194282275040704726925574144, 204059692922921316864296943121), 9380415828772 candidates (MITM path)
  MITM b1=277: s=3 t=3 j=3 je=3 Q=21253933 table=87528384 yh=107170
stage b2=445 vs b1={278}: values [135506497742528825219189453125, 213077479576736094126128828416), 9989395833774 candidates (MITM path)
  MITM b1=278: s=3 t=3 j=3 je=3 Q=21484952 table=88121125 yh=113360
stage b2=446 vs b1={279}: values [138893987374320305288277456896, 222459234928734230114433331041), 10617360212391 candidates (MITM path)
  MITM b1=279: s=3 t=3 j=3 je=3 Q=21717639 table=88716536 yh=119678
stage b2=447 vs b1={280}: values [142358287315299447497245827903, 232218265089212416000000000000), 11264739890163 candidates (MITM path)
  MITM b1=280: s=3 t=3 j=3 je=3 Q=21952000 table=89314623 yh=126125
stage b2=448 vs b1={281}: values [145900961512890638499422666752, 242368312385016936196463417761), 11931973176112 candidates (MITM path)
  MITM b1=281: s=3 t=3 j=3 je=3 Q=22188041 table=89915392 yh=132703
stage b2=449 vs b1={282}: values [149523602156362812588586992449, 252923568025201628647322750976), 12619505852497 candidates (MITM path)
  MITM b1=282: s=3 t=3 j=3 je=3 Q=22425768 table=90518849 yh=139414
stage b2=450 vs b1={283}: values [153227830122070312500000000000, 263898685087308495981516810961), 13327791265212 candidates (MITM path)
  MITM b1=283: s=3 t=3 j=3 je=3 Q=22665187 table=91125000 yh=146259
stage b2=451 vs b1={284}: values [157015295424696847215234267451, 275308791831202866814366253056), 14057290414816 candidates (MITM path)
  MITM b1=284: s=3 t=3 j=3 je=3 Q=22906304 table=91733851 yh=153240
stage b2=452 vs b1={285}: values [160887677674569844718827470848, 287169505347519450195556640625), 14808472048203 candidates (MITM path)
  MITM b1=285: s=3 t=3 j=3 je=3 Q=23149125 table=92345408 yh=160360
stage b2=453 vs b1={286}: values [164846686541113099864560007197, 299496945547901850804899024896), 15581812750913 candidates (MITM path)
  MITM b1=286: s=3 t=3 j=3 je=3 Q=23393656 table=92959677 yh=167620
stage b2=454 vs b1={287}: values [168894062222506223751543445504, 312307749504346137016129649281), 16377797040082 candidates (MITM path)
  MITM b1=287: s=3 t=3 j=3 je=3 Q=23639903 table=93576664 yh=175021
stage b2=455 vs b1={288}: values [173031575921620011303271484375, 325619086145088897570576531456), 17196917458030 candidates (MITM path)
  MITM b1=288: s=3 t=3 j=3 je=3 Q=23887872 table=94196375 yh=182565
stage b2=456 vs b1={289}: values [177261030328297458104329568256, 339448671314611904643504117121), 18039674666498 candidates (MITM path)
  MITM b1=289: s=3 t=3 j=3 je=3 Q=24137569 table=94818816 yh=190255
stage b2=457 vs b1={290}: values [181584260108050775997625896793, 353814783205469041000000000000), 18906577541520 candidates (MITM path)
  MITM b1=290: s=3 t=3 j=3 je=3 Q=24389000 table=95443993 yh=198091
stage b2=458 vs b1={291}: values [186003132397245379497877563392, 368736278169776566314796884081), 19798143268942 candidates (MITM path)
  MITM b1=291: s=3 t=3 j=3 je=3 Q=24642171 table=96071912 yh=206077
stage b2=459 vs b1={292}: values [190519547304842441752783207059, 384232606918345112299069505536), 20714897440584 candidates (MITM path)
  MITM b1=292: s=3 t=3 j=3 je=3 Q=24897088 table=96702579 yh=214213
stage b2=460 vs b1={293}: values [195135438420772249600000000000, 400323831115571027902364072401), 21657374151050 candidates (MITM path)
  MITM b1=293: s=3 t=3 j=3 je=3 Q=25153757 table=97336000 yh=222502
stage b2=461 vs b1={294}: values [199852773331011222243920083061, 417030640378345864542952820736), 22626116095179 candidates (MITM path)
  MITM b1=294: s=3 t=3 j=3 je=3 Q=25412184 table=97972181 yh=230945
stage b2=462 vs b1={295}: values [204673554139436097229551679488, 434374369687385917207275390625), 23621674666145 candidates (MITM path)
  MITM b1=295: s=3 t=3 j=3 je=3 Q=25672375 table=98611128 yh=239544
stage b2=463 vs b1={296}: values [209599817996529430739834959087, 452377017219528840630098722816), 24644610054207 candidates (MITM path)
  MITM b1=296: s=3 t=3 j=3 je=3 Q=25934336 table=99252847 yh=248302
stage b2=464 vs b1={297}: values [214633637635011206805784100864, 471061262609691461042593862241), 25695491346099 candidates (MITM path)
  MITM b1=297: s=3 t=3 j=3 je=3 Q=26198073 table=99897344 yh=257219
stage b2=465 vs b1={298}: values [219777121912472001814306640625, 490450485651332023716795191296), 26774896625078 candidates (MITM path)
  MITM b1=298: s=3 t=3 j=3 je=3 Q=26463592 table=100544625 yh=266299
stage b2=466 vs b1={299}: values [225032416361083806744810735616, 510568785444411275443565936401), 27883413071617 candidates (MITM path)
  MITM b1=299: s=3 t=3 j=3 je=3 Q=26730899 table=101194696 yh=275543
stage b2=467 vs b1={300}: values [230401703744465269881211992683, 531441000000000000000000000000), 29021637064748 candidates (MITM path)
  MITM b1=300: s=3 t=3 j=3 je=3 Q=27000000 table=101847563 yh=284952
stage b2=468 vs b1={301}: values [235887204621778787349175468032, 553092726310835924575445943601), 30190174284053 candidates (MITM path)
  MITM b1=301: s=3 t=3 j=3 je=3 Q=27270901 table=102503232 yh=294529
stage b2=469 vs b1={302}: values [241491177919137537737896750669, 575550340897290317159369936896), 31389639812316 candidates (MITM path)
  MITM b1=302: s=3 t=3 j=3 je=3 Q=27543608 table=103161709 yh=304277
stage b2=470 vs b1={303}: values [247215921508401230300000000000, 598841020838364120317909320641), 32620658238821 candidates (MITM path)
  MITM b1=303: s=3 t=3 j=3 je=3 Q=27818127 table=103823000 yh=314195
stage b2=471 vs b1={304}: values [253063772793440013800811649671, 622992765297495137011017711616), 33883863763297 candidates (MITM path)
  MITM b1=304: s=3 t=3 j=3 je=3 Q=28094464 table=104487111 yh=324288
stage b2=472 vs b1={305}: values [259037109303946675027997360128, 648034417553121620683837890625), 35179900300532 candidates (MITM path)
  MITM b1=305: s=3 t=3 j=3 je=3 Q=28372625 table=105154048 yh=334556
stage b2=473 vs b1={306}: values [265138349296877942293007763977, 673995687544113646503571623936), 36509421585627 candidates (MITM path)
  MITM b1=306: s=3 t=3 j=3 je=3 Q=28652616 table=105823817 yh=345002
stage b2=474 vs b1={307}: values [271369952365606399975686580224, 700907174940351875150276622001), 37873091279913 candidates (MITM path)
  MITM b1=307: s=3 t=3 j=3 je=3 Q=28934443 table=106496424 yh=355628
stage b2=475 vs b1={308}: values [277734420056865215301513671875, 728800392748903786995238567936), 39271583077520 candidates (MITM path)
  MITM b1=308: s=3 t=3 j=3 je=3 Q=29218112 table=107171875 yh=366436

*** MATCH: 531807323510352396522942016776 is an 12-digit palindrome in bases 308 and 475
stage b2=476 vs b1={309}: values [284234296495568578116086398976, 757707791466420184947746068881), 40705580812607 candidates (MITM path)
  MITM b1=309: s=3 t=3 j=3 je=3 Q=29503629 table=107850176 yh=377428
stage b2=477 vs b1={310}: values [290872169017591458452425905573, 787662783788549761000000000000), 42175778567245 candidates (MITM path)
  MITM b1=310: s=3 t=3 j=3 je=3 Q=29791000 table=108531333 yh=388605
stage b2=478 vs b1={311}: values [297650668810592995192411420672, 818699769887346816976612516321), 43682880779955 candidates (MITM path)
  MITM b1=311: s=3 t=3 j=3 je=3 Q=30080231 table=109215352 yh=399971
stage b2=479 vs b1={312}: values [304572471562968542123015813279, 850854163267826846772605485056), 45227602354915 candidates (MITM path)
  MITM b1=312: s=3 t=3 j=3 je=3 Q=30371328 table=109902239 yh=411526
stage b2=480 vs b1={313}: values [311640298121016115200000000000, 884162417215006648162206715681), 46810668771813 candidates (MITM path)
  MITM b1=313: s=3 t=3 j=3 je=3 Q=30664297 table=110592000 yh=423274
stage b2=481 vs b1={314}: values [318856915154403706875322757281, 918662051842949959948040605696), 48432816196369 candidates (MITM path)
  MITM b1=314: s=3 t=3 j=3 je=3 Q=30959144 table=111284641 yh=435216
stage b2=482 vs b1={315}: values [326225135830024659938776352768, 954391681757526337812744140625), 50094791591514 candidates (MITM path)
  MITM b1=315: s=3 t=3 j=3 je=3 Q=31255875 table=111980168 yh=447355
stage b2=483 vs b1={316}: values [333747820494329024488347411867, 991391044344780112897566048256), 51797352829227 candidates (MITM path)
  MITM b1=316: s=3 t=3 j=3 je=3 Q=31554496 table=112678587 yh=459692
stage b2=484 vs b1={317}: values [341427877364219557396646723584, 1029701028696997844179291768561), 53541268803039 candidates (MITM path)
  MITM b1=317: s=3 t=3 j=3 je=3 Q=31855013 table=113379904 yh=472229
stage b2=485 vs b1={318}: values [349268263226601764001611328125, 1069363705188756702611733221376), 55327319541197 candidates (MITM path)
  MITM b1=318: s=3 t=3 j=3 je=3 Q=32157432 table=114084125 yh=484970
stage b2=486 vs b1={319}: values [357271984146678126737757198336, 1110422355715432735355050594561), 57156296320485 candidates (MITM path)
  MITM b1=319: s=3 t=3 j=3 je=3 Q=32461759 table=114791256 yh=497916
stage b2=487 vs b1={320}: values [365442096185077415058791025463, 1152921504606846976000000000000), 59029001780718 candidates (MITM path)
  MITM b1=320: s=3 t=3 j=3 je=3 Q=32768000 table=115501303 yh=511068
stage b2=488 vs b1={321}: values [373781706123910725302654861312, 1196906950228928915420617322241), 60946250039892 candidates (MITM path)
  MITM b1=321: s=3 t=3 j=3 je=3 Q=33076161 table=116214272 yh=524430
stage b2=489 vs b1={322}: values [382293972201846658135397384889, 1242425797286480951825250390016), 62908866810002 candidates (MITM path)
  MITM b1=322: s=3 t=3 j=3 je=3 Q=33386248 table=116930169 yh=538004
stage b2=490 vs b1={323}: values [390982104858298804900000000000, 1289526489840334121941717217521), 64917689513525 candidates (MITM path)
  MITM b1=323: s=3 t=3 j=3 je=3 Q=33698267 table=117649000 yh=551792
stage b2=491 vs b1={324}: values [399849367486819482609834395891, 1338258845052394702439737982976), 66973567400564 candidates (MITM path)
  MITM b1=324: s=3 t=3 j=3 je=3 Q=34012224 table=118370771 yh=565795
stage b2=492 vs b1={325}: values [408899077197794430483230097408, 1388674087672293186187744140625), 69077361666665 candidates (MITM path)
  MITM b1=325: s=3 t=3 j=3 je=3 Q=34328125 table=119095488 yh=580017
stage b2=493 vs b1={326}: values [418134605590533958835165292757, 1440824885279561706440311115776), 71229945571295 candidates (MITM path)
  MITM b1=326: s=3 t=3 j=3 je=3 Q=34645976 table=119823157 yh=594459
stage b2=494 vs b1={327}: values [427559379534856823843881170944, 1494765384295483228389391941921), 73432204556992 candidates (MITM path)
  MITM b1=327: s=3 t=3 j=3 je=3 Q=34965783 table=120553784 yh=609125
stage b2=495 vs b1={328}: values [437176881962263889213818359375, 1550551246778975776674326511616), 75685036369174 candidates (MITM path)
  MITM b1=328: s=3 t=3 j=3 je=3 Q=35287552 table=121287375 yh=624015
stage b2=496 vs b1={329}: values [446990652666799428081282973696, 1608239688021097644574300393441), 77989351176627 candidates (MITM path)
  MITM b1=329: s=3 t=3 j=3 je=3 Q=35611289 table=122023936 yh=639132
stage b2=497 vs b1={330}: values [457004289115698715675308342353, 1667889514952984961000000000000), 80346071692655 candidates (MITM path)
  MITM b1=330: s=3 t=3 j=3 je=3 Q=35937000 table=122763473 yh=654479
stage b2=498 vs b1={331}: values [467221447269921365272965629952, 1729561165382261200512043881361), 82756133296900 candidates (MITM path)
  MITM b1=331: s=3 t=3 j=3 je=3 Q=36264691 table=123505992 yh=670058
stage b2=499 vs b1={332}: values [477645842414670666895611255499, 1793316748073189235032143691776), 85220484157831 candidates (MITM path)
  MITM b1=332: s=3 t=3 j=3 je=3 Q=36594368 table=124251499 yh=685871
stage b2=500 vs b1={333}: values [488281250000000000000000000000, 1859220083686070369445516586161), 87740085355909 candidates (MITM path)
  MITM b1=333: s=3 t=3 j=3 je=3 Q=36926037 table=125000000 yh=701921
stage b2=501 vs b1={334}: values [499131506491608208145638755501, 1927336746591631502843839123456), 90315911007414 candidates (MITM path)
  MITM b1=334: s=3 t=3 j=3 je=3 Q=37259704 table=125751501 yh=718210
stage b2=502 vs b1={335}: values [510200510231926645287045634048, 1997734107576381138808837890625), 92948948388948 candidates (MITM path)
  MITM b1=335: s=3 t=3 j=3 je=3 Q=37595375 table=126506008 yh=734740
stage b2=503 vs b1={336}: values [521492222311601429966591196647, 2070481377455157458127600746496), 95640198062613 candidates (MITM path)
  MITM b1=336: s=3 t=3 j=3 je=3 Q=37933056 table=127263527 yh=751514
done: 803.51s, 106708019 candidates tested
