A171740 search: n=12, threads=1, limit=none
stage b2=245 vs b1={155}: values [190909230887841213330078125, 192300484323376406494140625), 6432943598 candidates (MITM path)
  MITM b1=155: s=4 t=2 j=2 je=3 Q=24025 table=60025 yh=107172
stage b2=246 vs b1={156}: values [199657752537985561759389696, 207728067204059288762843136), 36414959043 candidates (MITM path)
  MITM b1=156: s=4 t=2 j=2 je=3 Q=24336 table=60516 yh=601742
stage b2=247 vs b1={157}: values [208769228288504308517520103, 224282727500720205065439601), 68316883824 candidates (MITM path)
  MITM b1=157: s=4 t=2 j=2 je=3 Q=24649 table=61009 yh=1119784
stage b2=248 vs b1={158}: values [218257154622460658242813952, 242038829185737332250382336), 102219169195 candidates (MITM path)
  MITM b1=158: s=4 t=2 j=2 je=3 Q=24964 table=61504 yh=1661993
stage b2=249 vs b1={159}: values [228135472299766291637190249, 261075123337098804348567681), 138204731441 candidates (MITM path)
  MITM b1=159: s=4 t=2 j=2 je=3 Q=25281 table=62001 yh=2229073
stage b2=250 vs b1={160}: values [238418579101562500000000000, 281474976710656000000000000), 176359004607 candidates (MITM path)
  MITM b1=160: s=4 t=2 j=2 je=3 Q=25600 table=62500 yh=2821745
stage b2=251 vs b1={161}: values [249121342886682932269065251, 303326610665644763629211521), 216769993872 candidates (MITM path)
  MITM b1=161: s=4 t=2 j=2 je=3 Q=25921 table=63001 yh=3440739
stage b2=252 vs b1={162}: values [260259114966540661762818048, 326723350842869800400326656), 259528329568 candidates (MITM path)
  MITM b1=162: s=3 t=3 j=3 je=3 Q=4251528 table=16003008 yh=16218
stage b2=253 vs b1={163}: values [271847743804884990713499397, 351763888007705494736404081), 304727321852 candidates (MITM path)
  MITM b1=163: s=3 t=3 j=3 je=3 Q=4330747 table=16194277 yh=18817
stage b2=254 vs b1={164}: values [283903589048977364007778304, 378552550483148382977130496), 352463016035 candidates (MITM path)
  MITM b1=164: s=3 t=3 j=3 je=3 Q=4410944 table=16387064 yh=21509
stage b2=255 vs b1={165}: values [296443535898840969287109375, 407199588611568593994140625), 402834248552 candidates (MITM path)
  MITM b1=165: s=3 t=3 j=3 je=3 Q=4492125 table=16581375 yh=24295
stage b2=256 vs b1={166}: values [309485009821345068724781056, 437821471697555965584019456), 455942703597 candidates (MITM path)
  MITM b1=166: s=3 t=3 j=3 je=3 Q=4574296 table=16777216 yh=27177
stage b2=257 vs b1={167}: values [323045991615992848448948993, 470541197898347534873984161), 511892970406 candidates (MITM path)
  MITM b1=167: s=3 t=3 j=3 je=3 Q=4657463 table=16974593 yh=30157
stage b2=258 vs b1={168}: values [337145032839390594819950592, 505488617542763051300683776), 570792601201 candidates (MITM path)
  MITM b1=168: s=3 t=3 j=3 je=3 Q=4741632 table=17173512 yh=33237
stage b2=259 vs b1={169}: values [351801271595486322734724859, 542800770374370512771595361), 632752169791 candidates (MITM path)
  MITM b1=169: s=3 t=3 j=3 je=3 Q=4826809 table=17373979 yh=36420

*** MATCH: 418025891765779062923872520 is an 12-digit palindrome in bases 169 and 259
stage b2=260 vs b1={170}: values [367034448698777600000000000, 582622237229761000000000000), 697885330826 candidates (MITM path)
  MITM b1=170: s=3 t=3 j=3 je=3 Q=4913000 table=17576000 yh=39707
stage b2=261 vs b1={171}: values [382864924217801243807760861, 625105506678337880602119441), 766308879723 candidates (MITM path)
  MITM b1=171: s=3 t=3 j=3 je=3 Q=5000211 table=17779581 yh=43101
stage b2=262 vs b1={172}: values [399313694406331820719986688, 670411357165926452996079616), 838142813241 candidates (MITM path)
  MITM b1=172: s=3 t=3 j=3 je=3 Q=5088448 table=17984728 yh=46604
stage b2=263 vs b1={173}: values [416402409029831470623291287, 718709255220793060317103921), 913510390724 candidates (MITM path)
  MITM b1=173: s=3 t=3 j=3 je=3 Q=5177717 table=18191447 yh=50217
done: 10.71s, 12185421 candidates tested
