A171740 search: n=12, threads=1, limit=none
stage b2=405 vs b1={246}: values [48084516708184142230517578125, 49115807124344448192809865216), 233695765170 candidates (MITM path)
  MITM b1=246: s=4 t=2 j=2 je=3 Q=60516 table=164025 yh=1424757
stage b2=406 vs b1={247}: values [49406759399347814303098771456, 51565999387260564203827465441), 482108416191 candidates (MITM path)
  MITM b1=247: s=4 t=2 j=2 je=3 Q=61009 table=164836 yh=2924777
stage b2=407 vs b1={248}: values [50761973901033889039170022343, 54127774346370243244217860096), 740494621131 candidates (MITM path)
  MITM b1=248: s=4 t=2 j=2 je=3 Q=61504 table=165649 yh=4470264
stage b2=408 vs b1={249}: values [52150898351969236066020360192, 56805732602641806617660372001), 1009120996929 candidates (MITM path)
  MITM b1=249: s=4 t=2 j=2 je=3 Q=62001 table=166464 yh=6062098
stage b2=409 vs b1={250}: values [53574285543133366239295624009, 59604644775390625000000000000), 1288259447499 candidates (MITM path)
  MITM b1=250: s=4 t=2 j=2 je=3 Q=62500 table=167281 yh=7701171
stage b2=410 vs b1={251}: values [55032903171624844100000000000, 62529457064557415999535378001), 1578187238130 candidates (MITM path)
  MITM b1=251: s=4 t=2 j=2 je=3 Q=63001 table=168100 yh=9388384
stage b2=411 vs b1={252}: values [56527534098288570421020715011, 65585296971568246764230148096), 1879187070502 candidates (MITM path)
  MITM b1=252: s=4 t=2 j=2 je=3 Q=63504 table=168921 yh=11124651
stage b2=412 vs b1={253}: values [58058976609150249860268556288, 68777479182635902650515347441), 2191547158330 candidates (MITM path)
  MITM b1=253: s=4 t=2 j=2 je=3 Q=64009 table=169744 yh=12910897
stage b2=413 vs b1={254}: values [59628044680704813913766929637, 72111511618440250457975689216), 2515561303622 candidates (MITM path)
  MITM b1=254: s=4 t=2 j=2 je=3 Q=64516 table=170569 yh=14748057
stage b2=414 vs b1={255}: values [61235568249106027885106264064, 75593101654204447168212890625), 2851528973564 candidates (MITM path)
  MITM b1=255: s=4 t=2 j=2 je=3 Q=65025 table=171396 yh=16637081
stage b2=415 vs b1={256}: values [62882393483304972473974609375, 79228162514264337593543950336), 3199755378027 candidates (MITM path)
  MITM b1=256: s=3 t=3 j=3 je=3 Q=16777216 table=71473375 yh=44769
stage b2=416 vs b1={257}: values [64569383062185555852385058816, 83022819845310162051379891201), 3560551547692 candidates (MITM path)
  MITM b1=257: s=3 t=3 j=3 je=3 Q=16974593 table=71991296 yh=49459
stage b2=417 vs b1={258}: values [66297416455745680759191883233, 86983418472562773463547252736), 3934234412814 candidates (MITM path)
  MITM b1=258: s=3 t=3 j=3 je=3 Q=17173512 table=72511713 yh=54257
stage b2=418 vs b1={259}: values [68067390210373163218005624832, 91116529343230957588293738481), 4321126882594 candidates (MITM path)
  MITM b1=259: s=3 t=3 j=3 je=3 Q=17373979 table=73034632 yh=59166
stage b2=419 vs b1={260}: values [69880218238265974987208422619, 95428956661682176000000000000), 4721557925197 candidates (MITM path)
  MITM b1=260: s=3 t=3 j=3 je=3 Q=17576000 table=73560059 yh=64187
stage b2=420 vs b1={261}: values [71736832111046860800000000000, 99927745220846124633825584721), 5135862648384 candidates (MITM path)
  MITM b1=261: s=3 t=3 j=3 je=3 Q=17779581 table=74088000 yh=69322
stage b2=421 vs b1={262}: values [73638181357622863863877426621, 104620187934458937028636512256), 5564382380782 candidates (MITM path)
  MITM b1=262: s=3 t=3 j=3 je=3 Q=17984728 table=74618461 yh=74572
stage b2=422 vs b1={263}: values [75585233766340778979313276928, 109513833574845676773925608481), 6007464753779 candidates (MITM path)
  MITM b1=263: s=3 t=3 j=3 je=3 Q=18191447 table=75151448 yh=79939
stage b2=423 vs b1={264}: values [77578975691490042023332369527, 114616494721029974161197367296), 6465463784056 candidates (MITM path)
  MITM b1=264: s=3 t=3 j=3 je=3 Q=18399744 table=75686967 yh=85424

*** MATCH: 111493206179161899172091224480 is an 12-digit palindrome in bases 264 and 423
stage b2=424 vs b1={265}: values [79620412364205057441922023424, 119936255922052283847900390625), 6938739956744 candidates (MITM path)
  MITM b1=265: s=3 t=3 j=3 je=3 Q=18609625 table=76225024 yh=91030
stage b2=425 vs b1={266}: values [81710568207819461822509765625, 125481482080472289777685958656), 7427660309222 candidates (MITM path)
  MITM b1=266: s=3 t=3 j=3 je=3 Q=18821096 table=76765625 yh=96758
stage b2=426 vs b1={267}: values [83850487157725321590910642176, 131260827061126477105043503761), 7932598515542 candidates (MITM path)
  MITM b1=267: s=3 t=3 j=3 je=3 Q=19034163 table=77308776 yh=102610
stage b2=427 vs b1={268}: values [86041232985790766413028611123, 137283242530308845011443122176), 8453934971499 candidates (MITM path)
  MITM b1=268: s=3 t=3 j=3 je=3 Q=19248832 table=77854483 yh=108587
stage b2=428 vs b1={269}: values [88283889629390066997077737472, 143557987030641165766449098161), 8992056880323 candidates (MITM path)
  MITM b1=269: s=3 t=3 j=3 je=3 Q=19465109 table=78402752 yh=114691
stage b2=429 vs b1={270}: values [90579561525100676704093790229, 150094635296999121000000000000), 9547358339022 candidates (MITM path)
  MITM b1=270: s=3 t=3 j=3 je=3 Q=19683000 table=78953589 yh=120924
stage b2=430 vs b1={271}: values [92929373947122270700000000000, 156903087818962082857498424641), 10120240425356 candidates (MITM path)
  MITM b1=271: s=3 t=3 j=3 je=3 Q=19902511 table=79507000 yh=127288
stage b2=431 vs b1={272}: values [95334473350473334338476729231, 163993580655357272581489033216), 10711111285449 candidates (MITM path)
  MITM b1=272: s=3 t=3 j=3 je=3 Q=20123648 table=80062991 yh=133784
stage b2=432 vs b1={273}: values [97796027719021374067408109568, 171376695506573539304632176321), 11320386222044 candidates (MITM path)
  MITM b1=273: s=3 t=3 j=3 je=3 Q=20346417 table=80621568 yh=140414
stage b2=433 vs b1={274}: values [100315226918403349419823702417, 179063370050426074779119128576), 11948487783398 candidates (MITM path)
  MITM b1=274: s=3 t=3 j=3 je=3 Q=20570824 table=81182737 yh=147181
stage b2=434 vs b1={275}: values [102893283053893453600144246784, 187064908547461032867431640625), 12595845852815 candidates (MITM path)
  MITM b1=275: s=3 t=3 j=3 je=3 Q=20796875 table=81746504 yh=154085
stage b2=435 vs b1={276}: values [105531430833275902825341796875, 195392992721698273467801010176), 13262897738829 candidates (MITM path)
  MITM b1=276: s=3 t=3 j=3 je=3 Q=21024576 table=82312875 yh=161128
stage b2=436 vs b1={277}: values [108230927934780930945540161536, 204059692922921316864296943121), 13950088266020 candidates (MITM path)
  MITM b1=277: s=3 t=3 j=3 je=3 Q=21253933 table=82881856 yh=168313
stage b2=437 vs b1={278}: values [110993055380142725966855596013, 213077479576736094126128828416), 14657869866483 candidates (MITM path)
  MITM b1=278: s=3 t=3 j=3 je=3 Q=21484952 table=83453453 yh=175642
done: 143.86s, 88456723 candidates tested
