A171740 search: n=12, threads=1, limit=none
stage b2=285 vs b1={178}: values [1007612299464980527001953125, 1011672693003313726683222016), 7577029323 candidates (MITM path)
  MITM b1=178: s=4 t=2 j=2 je=3 Q=31684 table=81225 yh=93285
stage b2=286 vs b1={179}: values [1047192117300356121695451136, 1082022699327332498100696241), 63645035477 candidates (MITM path)
  MITM b1=179: s=4 t=2 j=2 je=3 Q=32041 table=81796 yh=778095
stage b2=287 vs b1={180}: values [1088180311861833230021357663, 1156831381426176000000000000), 122844559517 candidates (MITM path)
  MITM b1=180: s=4 t=2 j=2 je=3 Q=32400 table=82369 yh=1491394
stage b2=288 vs b1={181}: values [1130621826892669783231168512, 1236354171303115835117980561), 185290407057 candidates (MITM path)
  MITM b1=181: s=4 t=2 j=2 je=3 Q=32761 table=82944 yh=2233922
stage b2=289 vs b1={182}: values [1174562876521148458974062689, 1320859596446125189798629376), 251100473990 candidates (MITM path)
  MITM b1=182: s=4 t=2 j=2 je=3 Q=33124 table=83521 yh=3006436
stage b2=290 vs b1={183}: values [1220050976570582900000000000, 1410629873249683485564270561), 320395804857 candidates (MITM path)
  MITM b1=183: s=4 t=2 j=2 je=3 Q=33489 table=84100 yh=3809701
stage b2=291 vs b1={184}: values [1267134976528441808641913691, 1505961523834397662438752256), 393300651859 candidates (MITM path)
  MITM b1=184: s=4 t=2 j=2 je=3 Q=33856 table=84681 yh=4644498
stage b2=292 vs b1={185}: values [1315865092186113398284484608, 1607166017050789863525390625), 469942534505 candidates (MITM path)
  MITM b1=185: s=4 t=2 j=2 je=3 Q=34225 table=85264 yh=5511618
stage b2=293 vs b1={186}: values [1366292938960993269291344957, 1714570434475502278801821696), 550452299904 candidates (MITM path)
  MITM b1=186: s=3 t=3 j=3 je=3 Q=6434856 table=25153757 yh=21884
stage b2=294 vs b1={187}: values [1418471565912741035860383744, 1828518162230556187140793681), 634964183697 candidates (MITM path)
  MITM b1=187: s=3 t=3 j=3 je=3 Q=6539203 table=25412184 yh=24987
stage b2=295 vs b1={188}: values [1472455490465714973583984375, 1949369609479181830042157056), 723615871640 candidates (MITM path)
  MITM b1=188: s=3 t=3 j=3 je=3 Q=6644672 table=25672375 yh=28187
stage b2=296 vs b1={189}: values [1528300733849759596723306496, 2077502954475116767205550321), 816548561821 candidates (MITM path)
  MITM b1=189: s=3 t=3 j=3 je=3 Q=6751269 table=25934336 yh=31486
stage b2=297 vs b1={190}: values [1586064857271688421018834553, 2213314919066161000000000000), 913907027534 candidates (MITM path)
  MITM b1=190: s=3 t=3 j=3 je=3 Q=6859000 table=26198073 yh=34885
stage b2=298 vs b1={191}: values [1645806998829973233948977152, 2357221572577185690065114881), 1015839680793 candidates (MITM path)
  MITM b1=191: s=3 t=3 j=3 je=3 Q=6967871 table=26463592 yh=38387
stage b2=299 vs b1={192}: values [1707587911185321991450053299, 2509659166022727122011815936), 1122498636501 candidates (MITM path)
  MITM b1=192: s=3 t=3 j=3 je=3 Q=7077888 table=26730899 yh=41993
stage b2=300 vs b1={193}: values [1771470000000000000000000000, 2671084997624767126594464001), 1234039777264 candidates (MITM path)
  MITM b1=193: s=3 t=3 j=3 je=3 Q=7189057 table=27000000 yh=45706
stage b2=301 vs b1={194}: values [1837517363158923337459953301, 2841978310637314049208487936), 1350622818855 candidates (MITM path)
  MITM b1=194: s=3 t=3 j=3 je=3 Q=7301384 table=27270901 yh=49527
stage b2=302 vs b1={195}: values [1905795830785729527017781248, 3022841224505963164306640625), 1472411376340 candidates (MITM path)
  MITM b1=195: s=3 t=3 j=3 je=3 Q=7414875 table=27543608 yh=53458
stage b2=303 vs b1={196}: values [1976373006067208317880888847, 3214199700417740936751087616), 1599573030842 candidates (MITM path)
  MITM b1=196: s=3 t=3 j=3 je=3 Q=7529536 table=27818127 yh=57502
stage b2=304 vs b1={197}: values [2049318306899655055957295104, 3416604542324232545384738641), 1732279396974 candidates (MITM path)
  MITM b1=197: s=3 t=3 j=3 je=3 Q=7645373 table=28094464 yh=61660
stage b2=305 vs b1={198}: values [2124703008370890559619140625, 3630632434549265533578448896), 1870706190916 candidates (MITM path)
  MITM b1=198: s=3 t=3 j=3 je=3 Q=7762392 table=28372625 yh=65934
stage b2=306 vs b1={199}: values [2202600286091874661776377856, 3856887017121283350242637601), 2015033299156 candidates (MITM path)
  MITM b1=199: s=3 t=3 j=3 je=3 Q=7880599 table=28652616 yh=70327
stage b2=307 vs b1={200}: values [2283085260392025651955298443, 4096000000000000000000000000), 2165444847883 candidates (MITM path)
  MITM b1=200: s=3 t=3 j=3 je=3 Q=8000000 table=28934443 yh=74840
stage b2=308 vs b1={201}: values [2366235041392544762971553792, 4348632317396990233762642401), 2322129273044 candidates (MITM path)
  MITM b1=201: s=3 t=3 j=3 je=3 Q=8120601 table=29218112 yh=79476
stage b2=309 vs b1={202}: values [2452128774972233608245132909, 4615475323420547975828279296), 2485279391052 candidates (MITM path)
  MITM b1=202: s=3 t=3 j=3 je=3 Q=8242408 table=29503629 yh=84237

*** MATCH: 4493368452591251759608525240 is an 12-digit palindrome in bases 202 and 309
stage b2=310 vs b1={203}: values [2540847689640483100000000000, 4897252030306448390395044241), 2655092470165 candidates (MITM path)
  MITM b1=203: s=3 t=3 j=3 je=3 Q=8365427 table=29791000 yh=89124
stage b2=311 vs b1={204}: values [2632475144332304877738303911, 5194718390528185623763746816), 2831770302516 candidates (MITM path)
  MITM b1=204: s=3 t=3 j=3 je=3 Q=8489664 table=30080231 yh=94141
stage b2=312 vs b1={205}: values [2727096677140470662732709888, 5508664624112838398681640625), 3015519276815 candidates (MITM path)
  MITM b1=205: s=3 t=3 j=3 je=3 Q=8615125 table=30371328 yh=99289
stage b2=313 vs b1={206}: values [2824800055000021240134845737, 5839916592521948960554356736), 3206550451702 candidates (MITM path)
  MITM b1=206: s=3 t=3 j=3 je=3 Q=8741816 table=30664297 yh=104570
stage b2=314 vs b1={207}: values [2925675324340604967987390464, 6189337220490697154402830401), 3405079629778 candidates (MITM path)
  MITM b1=207: s=3 t=3 j=3 je=3 Q=8869743 table=30959144 yh=109987
stage b2=315 vs b1={208}: values [3029814862722305834326171875, 6557827967253220516257857536), 3611327432287 candidates (MITM path)
  MITM b1=208: s=3 t=3 j=3 je=3 Q=8998912 table=31255875 yh=115541
stage b2=316 vs b1={209}: values [3137313431470823142080905216, 6946330348617183160431238081), 3825519374477 candidates (MITM path)
  MITM b1=209: s=3 t=3 j=3 je=3 Q=9129329 table=31554496 yh=121236
stage b2=317 vs b1={210}: values [3248268229328068909082939333, 7355827511386641000000000000), 4047885941615 candidates (MITM path)
  MITM b1=210: s=3 t=3 j=3 je=3 Q=9261000 table=31855013 yh=127073
stage b2=318 vs b1={211}: values [3362778947134455039659538432, 7787345861668898615544483121), 4278662665682 candidates (MITM path)
  MITM b1=211: s=3 t=3 j=3 je=3 Q=9393931 table=32157432 yh=133054
stage b2=319 vs b1={212}: values [3480947823559350267570691519, 8241956748638414149261459456), 4518090202722 candidates (MITM path)
  MITM b1=212: s=3 t=3 j=3 je=3 Q=9528128 table=32461759 yh=139182
stage b2=320 vs b1={213}: values [3602879701896396800000000000, 8720778205368893309992171281), 4766414410875 candidates (MITM path)
  MITM b1=213: s=3 t=3 j=3 je=3 Q=9663597 table=32768000 yh=145460
stage b2=321 vs b1={214}: values [3728682087940588521559555521, 9224976748383532391296208896), 5023886429068 candidates (MITM path)
  MITM b1=214: s=3 t=3 j=3 je=3 Q=9800344 table=33076161 yh=151889
stage b2=322 vs b1={215}: values [3858465208964226558463510528, 9755769237612933691650390625), 5290762756383 candidates (MITM path)
  MITM b1=215: s=3 t=3 j=3 je=3 Q=9938375 table=33386248 yh=158472
stage b2=323 vs b1={216}: values [3992342073809083968859805627, 10314424798490535546171949056), 5567305332095 candidates (MITM path)
  MITM b1=216: s=3 t=3 j=3 je=3 Q=10077696 table=33698267 yh=165211
stage b2=324 vs b1={217}: values [4130428534112329328517709824, 10902266807956484097280908961), 5853781616381 candidates (MITM path)
  MITM b1=217: s=3 t=3 j=3 je=3 Q=10218313 table=34012224 yh=172109
stage b2=325 vs b1={218}: values [4272843346683979034423828125, 11520674946182735813538942976), 6150464671701 candidates (MITM path)
  MITM b1=218: s=3 t=3 j=3 je=3 Q=10360232 table=34328125 yh=179167
stage b2=326 vs b1={219}: values [4419708237053870265154328576, 12171087315874829579909431761), 6457633244860 candidates (MITM path)
  MITM b1=219: s=3 t=3 j=3 je=3 Q=10503459 table=34645976 yh=186390
done: 78.23s, 23030894 candidates tested
