A171740 search: n=12, threads=1, limit=none
stage b2=449 vs b1={270}: values [149523602156362812588586992449, 150094635296999121000000000000), 69692054535 candidates (MITM path)
  MITM b1=270: s=4 t=2 j=2 je=3 Q=72900 table=201601 yh=345694
stage b2=450 vs b1={271}: values [153227830122070312500000000000, 156903087818962082857498424641), 442601328466 candidates (MITM path)
  MITM b1=271: s=4 t=2 j=2 je=3 Q=73441 table=202500 yh=2185686
stage b2=451 vs b1={272}: values [157015295424696847215234267451, 163993580655357272581489033216), 829257609799 candidates (MITM path)
  MITM b1=272: s=4 t=2 j=2 je=3 Q=73984 table=203401 yh=4076960
stage b2=452 vs b1={273}: values [160887677674569844718827470848, 171376695506573539304632176321), 1229997460764 candidates (MITM path)
  MITM b1=273: s=4 t=2 j=2 je=3 Q=74529 table=204304 yh=6020428
stage b2=453 vs b1={274}: values [164846686541113099864560007197, 179063370050426074779119128576), 1645163566822 candidates (MITM path)
  MITM b1=274: s=4 t=2 j=2 je=3 Q=75076 table=205209 yh=8017015
stage b2=454 vs b1={275}: values [168894062222506223751543445504, 187064908547461032867431640625), 2075104815985 candidates (MITM path)
  MITM b1=275: s=4 t=2 j=2 je=3 Q=75625 table=206116 yh=10067656
stage b2=455 vs b1={276}: values [173031575921620011303271484375, 195392992721698273467801010176), 2520176378738 candidates (MITM path)
  MITM b1=276: s=4 t=2 j=2 je=3 Q=76176 table=207025 yh=12173295
stage b2=456 vs b1={277}: values [177261030328297458104329568256, 204059692922921316864296943121), 2980739788583 candidates (MITM path)
  MITM b1=277: s=4 t=2 j=2 je=3 Q=76729 table=207936 yh=14334891
stage b2=457 vs b1={278}: values [181584260108050775997625896793, 213077479576736094126128828416), 3457163023189 candidates (MITM path)
  MITM b1=278: s=4 t=2 j=2 je=3 Q=77284 table=208849 yh=16553410
stage b2=458 vs b1={279}: values [186003132397245379497877563392, 222459234928734230114433331041), 3949820586158 candidates (MITM path)
  MITM b1=279: s=4 t=2 j=2 je=3 Q=77841 table=209764 yh=18829831
stage b2=459 vs b1={280}: values [190519547304842441752783207059, 232218265089212416000000000000), 4459093589408 candidates (MITM path)
  MITM b1=280: s=4 t=2 j=2 je=3 Q=78400 table=210681 yh=21165144
stage b2=460 vs b1={281}: values [195135438420772249600000000000, 242368312385016936196463417761), 4985369836171 candidates (MITM path)
  MITM b1=281: s=4 t=2 j=2 je=3 Q=78961 table=211600 yh=23560349
stage b2=461 vs b1={282}: values [199852773331011222243920083061, 252923568025201628647322750976), 5529043904610 candidates (MITM path)
  MITM b1=282: s=3 t=3 j=3 je=3 Q=22425768 table=97972181 yh=56435
stage b2=462 vs b1={283}: values [204673554139436097229551679488, 263898685087308495981516810961), 6090517232049 candidates (MITM path)
  MITM b1=283: s=3 t=3 j=3 je=3 Q=22665187 table=98611128 yh=61763
stage b2=463 vs b1={284}: values [209599817996529430739834959087, 275308791831202866814366253056), 6670198199833 candidates (MITM path)
  MITM b1=284: s=3 t=3 j=3 je=3 Q=22906304 table=99252847 yh=67205
stage b2=464 vs b1={285}: values [214633637635011206805784100864, 287169505347519450195556640625), 7268502218794 candidates (MITM path)
  MITM b1=285: s=3 t=3 j=3 je=3 Q=23149125 table=99897344 yh=72760
stage b2=465 vs b1={286}: values [219777121912472001814306640625, 299496945547901850804899024896), 7885851815354 candidates (MITM path)
  MITM b1=286: s=3 t=3 j=3 je=3 Q=23393656 table=100544625 yh=78432
stage b2=466 vs b1={287}: values [225032416361083806744810735616, 312307749504346137016129649281), 8522676718238 candidates (MITM path)
  MITM b1=287: s=3 t=3 j=3 je=3 Q=23639903 table=101194696 yh=84221
stage b2=467 vs b1={288}: values [230401703744465269881211992683, 325619086145088897570576531456), 9179413945815 candidates (MITM path)
  MITM b1=288: s=3 t=3 j=3 je=3 Q=23887872 table=101847563 yh=90129
stage b2=468 vs b1={289}: values [235887204621778787349175468032, 339448671314611904643504117121), 9856507894064 candidates (MITM path)
  MITM b1=289: s=3 t=3 j=3 je=3 Q=24137569 table=102503232 yh=96159
stage b2=469 vs b1={290}: values [241491177919137537737896750669, 353814783205469041000000000000), 10554410425166 candidates (MITM path)
  MITM b1=290: s=3 t=3 j=3 je=3 Q=24389000 table=103161709 yh=102310
stage b2=470 vs b1={291}: values [247215921508401230300000000000, 368736278169776566314796884081), 11273580956718 candidates (MITM path)
  MITM b1=291: s=3 t=3 j=3 je=3 Q=24642171 table=103823000 yh=108585
stage b2=471 vs b1={292}: values [253063772793440013800811649671, 384232606918345112299069505536), 12014486551579 candidates (MITM path)
  MITM b1=292: s=3 t=3 j=3 je=3 Q=24897088 table=104487111 yh=114986
stage b2=472 vs b1={293}: values [259037109303946675027997360128, 400323831115571027902364072401), 12777602008336 candidates (MITM path)
  MITM b1=293: s=3 t=3 j=3 je=3 Q=25153757 table=105154048 yh=121514
stage b2=473 vs b1={294}: values [265138349296877942293007763977, 417030640378345864542952820736), 13563409952414 candidates (MITM path)
  MITM b1=294: s=3 t=3 j=3 je=3 Q=25412184 table=105823817 yh=128170
stage b2=474 vs b1={295}: values [271369952365606399975686580224, 434374369687385917207275390625), 14372400927798 candidates (MITM path)
  MITM b1=295: s=3 t=3 j=3 je=3 Q=25672375 table=106496424 yh=134957
stage b2=475 vs b1={296}: values [277734420056865215301513671875, 452377017219528840630098722816), 15205073489394 candidates (MITM path)
  MITM b1=296: s=3 t=3 j=3 je=3 Q=25934336 table=107171875 yh=141876
stage b2=476 vs b1={297}: values [284234296495568578116086398976, 471061262609691461042593862241), 16061934296029 candidates (MITM path)
  MITM b1=297: s=3 t=3 j=3 je=3 Q=26198073 table=107850176 yh=148929
stage b2=477 vs b1={298}: values [290872169017591458452425905573, 490450485651332023716795191296), 16943498204065 candidates (MITM path)
  MITM b1=298: s=3 t=3 j=3 je=3 Q=26463592 table=108531333 yh=156117
stage b2=478 vs b1={299}: values [297650668810592995192411420672, 510568785444411275443565936401), 17850288361668 candidates (MITM path)
  MITM b1=299: s=3 t=3 j=3 je=3 Q=26730899 table=109215352 yh=163442
stage b2=479 vs b1={300}: values [304572471562968542123015813279, 531441000000000000000000000000), 18782836303689 candidates (MITM path)
  MITM b1=300: s=3 t=3 j=3 je=3 Q=27000000 table=109902239 yh=170905
stage b2=480 vs b1={301}: values [311640298121016115200000000000, 553092726310835924575445943601), 19741682047202 candidates (MITM path)
  MITM b1=301: s=3 t=3 j=3 je=3 Q=27270901 table=110592000 yh=178510
stage b2=481 vs b1={302}: values [318856915154403706875322757281, 575550340897290317159369936896), 20727374187656 candidates (MITM path)
  MITM b1=302: s=3 t=3 j=3 je=3 Q=27543608 table=111284641 yh=186256
stage b2=482 vs b1={303}: values [326225135830024659938776352768, 598841020838364120317909320641), 21740469995684 candidates (MITM path)
  MITM b1=303: s=3 t=3 j=3 je=3 Q=27818127 table=111980168 yh=194146
stage b2=483 vs b1={304}: values [333747820494329024488347411867, 622992765297495137011017711616), 22781535514531 candidates (MITM path)
  MITM b1=304: s=3 t=3 j=3 je=3 Q=28094464 table=112678587 yh=202182
stage b2=484 vs b1={305}: values [341427877364219557396646723584, 648034417553121620683837890625), 23851145658138 candidates (MITM path)
  MITM b1=305: s=3 t=3 j=3 je=3 Q=28372625 table=113379904 yh=210365
stage b2=485 vs b1={306}: values [349268263226601764001611328125, 673995687544113646503571623936), 24949884309849 candidates (MITM path)
  MITM b1=306: s=3 t=3 j=3 je=3 Q=28652616 table=114084125 yh=218698
stage b2=486 vs b1={307}: values [357271984146678126737757198336, 700907174940351875150276622001), 26078344421764 candidates (MITM path)
  MITM b1=307: s=3 t=3 j=3 je=3 Q=28934443 table=114791256 yh=227181
stage b2=487 vs b1={308}: values [365442096185077415058791025463, 728800392748903786995238567936), 27237128114742 candidates (MITM path)
  MITM b1=308: s=3 t=3 j=3 je=3 Q=29218112 table=115501303 yh=235817
stage b2=488 vs b1={309}: values [373781706123910725302654861312, 757707791466420184947746068881), 28426846779026 candidates (MITM path)
  MITM b1=309: s=3 t=3 j=3 je=3 Q=29503629 table=116214272 yh=244608
stage b2=489 vs b1={310}: values [382293972201846658135397384889, 787662783788549761000000000000), 29648121175528 candidates (MITM path)
  MITM b1=310: s=3 t=3 j=3 je=3 Q=29791000 table=116930169 yh=253555
stage b2=490 vs b1={311}: values [390982104858298804900000000000, 818699769887346816976612516321), 30901581537746 candidates (MITM path)
  MITM b1=311: s=3 t=3 j=3 je=3 Q=30080231 table=117649000 yh=262660
stage b2=491 vs b1={312}: values [399849367486819482609834395891, 850854163267826846772605485056), 32187867674329 candidates (MITM path)
  MITM b1=312: s=3 t=3 j=3 je=3 Q=30371328 table=118370771 yh=271925
stage b2=492 vs b1={313}: values [408899077197794430483230097408, 884162417215006648162206715681), 33507629072288 candidates (MITM path)
  MITM b1=313: s=3 t=3 j=3 je=3 Q=30664297 table=119095488 yh=281351
stage b2=493 vs b1={314}: values [418134605590533958835165292757, 918662051842949959948040605696), 34861525000844 candidates (MITM path)
  MITM b1=314: s=3 t=3 j=3 je=3 Q=30959144 table=119823157 yh=290942
stage b2=494 vs b1={315}: values [427559379534856823843881170944, 954391681757526337812744140625), 36250224615934 candidates (MITM path)
  MITM b1=315: s=3 t=3 j=3 je=3 Q=31255875 table=120553784 yh=300698
stage b2=495 vs b1={316}: values [437176881962263889213818359375, 991391044344780112897566048256), 37674407065352 candidates (MITM path)
  MITM b1=316: s=3 t=3 j=3 je=3 Q=31554496 table=121287375 yh=310622
stage b2=496 vs b1={317}: values [446990652666799428081282973696, 1029701028696997844179291768561), 39134761594543 candidates (MITM path)
  MITM b1=317: s=3 t=3 j=3 je=3 Q=31855013 table=122023936 yh=320714
stage b2=497 vs b1={318}: values [457004289115698715675308342353, 1069363705188756702611733221376), 40631987653048 candidates (MITM path)
  MITM b1=318: s=3 t=3 j=3 je=3 Q=32157432 table=122763473 yh=330978
stage b2=498 vs b1={319}: values [467221447269921365272965629952, 1110422355715432735355050594561), 42166795001587 candidates (MITM path)
  MITM b1=319: s=3 t=3 j=3 je=3 Q=32461759 table=123505992 yh=341415
stage b2=499 vs b1={320}: values [477645842414670666895611255499, 1152921504606846976000000000000), 43739903819804 candidates (MITM path)
  MITM b1=320: s=3 t=3 j=3 je=3 Q=32768000 table=124251499 yh=352028
stage b2=500 vs b1={321}: values [488281250000000000000000000000, 1196906950228928915420617322241), 45352044814652 candidates (MITM path)
  MITM b1=321: s=3 t=3 j=3 je=3 Q=33076161 table=125000000 yh=362817
stage b2=501 vs b1={322}: values [499131506491608208145638755501, 1242425797286480951825250390016), 47003959329436 candidates (MITM path)
  MITM b1=322: s=3 t=3 j=3 je=3 Q=33386248 table=125751501 yh=373785
stage b2=502 vs b1={323}: values [510200510231926645287045634048, 1289526489840334121941717217521), 48696399453501 candidates (MITM path)
  MITM b1=323: s=3 t=3 j=3 je=3 Q=33698267 table=126506008 yh=384934
stage b2=503 vs b1={324}: values [521492222311601429966591196647, 1338258845052394702439737982976), 50430128132576 candidates (MITM path)
  MITM b1=324: s=3 t=3 j=3 je=3 Q=34012224 table=127263527 yh=396266
stage b2=504 vs b1={325}: values [533010667451475275290251362304, 1388674087672293186187744140625), 52205919279772 candidates (MITM path)
  MITM b1=325: s=3 t=3 j=3 je=3 Q=34328125 table=128024064 yh=407783
stage b2=505 vs b1={326}: values [544759934895174099174853515625, 1440824885279561706440311115776), 54024557887227 candidates (MITM path)
  MITM b1=326: s=3 t=3 j=3 je=3 Q=34645976 table=128787625 yh=419486
stage b2=506 vs b1={327}: values [556744179312404460981246765056, 1494765384295483228389391941921), 55886840138410 candidates (MITM path)
  MITM b1=327: s=3 t=3 j=3 je=3 Q=34965783 table=129554216 yh=431379
stage b2=507 vs b1={328}: values [568967621713068717313312446243, 1550551246778975776674326511616), 57793573521080 candidates (MITM path)
  MITM b1=328: s=3 t=3 j=3 je=3 Q=35287552 table=130323843 yh=443462
stage b2=508 vs b1={329}: values [581434550372305641487929966592, 1608239688021097644574300393441), 59745576940900 candidates (MITM path)
  MITM b1=329: s=3 t=3 j=3 je=3 Q=35611289 table=131096512 yh=455738
stage b2=509 vs b1={330}: values [594149321766565107986044015109, 1667889514952984961000000000000), 61743680835699 candidates (MITM path)
  MITM b1=330: s=3 t=3 j=3 je=3 Q=35937000 table=131872229 yh=468209
stage b2=510 vs b1={331}: values [607116361520826305100000000000, 1729561165382261200512043881361), 63788727290404 candidates (MITM path)
  MITM b1=331: s=3 t=3 j=3 je=3 Q=36264691 table=132651000 yh=480877
stage b2=511 vs b1={332}: values [620340165367069806017523226111, 1793316748073189235032143691776), 65881570152617 candidates (MITM path)
  MITM b1=332: s=3 t=3 j=3 je=3 Q=36594368 table=133432831 yh=493744
stage b2=512 vs b1={333}: values [633825300114114700748351602688, 1859220083686070369445516586161), 68023075148858 candidates (MITM path)
  MITM b1=333: s=3 t=3 j=3 je=3 Q=36926037 table=134217728 yh=506812
stage b2=513 vs b1={334}: values [647576404628932868625869313537, 1927336746591631502843839123456), 70214120001460 candidates (MITM path)
  MITM b1=334: s=3 t=3 j=3 je=3 Q=37259704 table=135005697 yh=520083
stage b2=514 vs b1={335}: values [661598190829553353623447537664, 1997734107576381138808837890625), 72455594546127 candidates (MITM path)
  MITM b1=335: s=3 t=3 j=3 je=3 Q=37595375 table=135796744 yh=533560
stage b2=515 vs b1={336}: values [675895444689670692433935546875, 2070481377455157458127600746496), 74748400850150 candidates (MITM path)
  MITM b1=336: s=3 t=3 j=3 je=3 Q=37933056 table=136590875 yh=547244
stage b2=516 vs b1={337}: values [690473027255071938191258812416, 2145649651607337092060800582081), 77093453331281 candidates (MITM path)
  MITM b1=337: s=3 t=3 j=3 je=3 Q=38272753 table=137388096 yh=561137
stage b2=517 vs b1={338}: values [705335875671998020885807527133, 2223311955453421620312454598656), 79491678877273 candidates (MITM path)
  MITM b1=338: s=3 t=3 j=3 je=3 Q=38614472 table=138188413 yh=575242
stage b2=518 vs b1={339}: values [720489004227555988960716511232, 2303543290888970191892547145521), 81944016966075 candidates (MITM path)
  MITM b1=339: s=3 t=3 j=3 je=3 Q=38958219 table=138991832 yh=589560
stage b2=519 vs b1={340}: values [735937505402299585294763053719, 2386420683693101056000000000000), 84451419786689 candidates (MITM path)
  MITM b1=340: s=3 t=3 j=3 je=3 Q=39304000 table=139798359 yh=604095
stage b2=520 vs b1={341}: values [751686550935096524800000000000, 2472023231929042220921962513681), 87014852360698 candidates (MITM path)
  MITM b1=341: s=3 t=3 j=3 je=3 Q=39651821 table=140608000 yh=618848
stage b2=521 vs b1={342}: values [767741392900401760208994397721, 2560432155354471958946281230336), 89635292664445 candidates (MITM path)
  MITM b1=342: s=3 t=3 j=3 je=3 Q=40001688 table=141420761 yh=633820
stage b2=522 vs b1={343}: values [784107364798056947318294243328, 2651730845859653471779023381601), 92313731751880 candidates (MITM path)
  MITM b1=343: s=3 t=3 j=3 je=3 Q=40353607 table=142236648 yh=649016
stage b2=523 vs b1={344}: values [800789882655737251012174233427, 2746004918951634751471942107136), 95051173878076 candidates (MITM path)
  MITM b1=344: s=3 t=3 j=3 je=3 Q=40707584 table=143055667 yh=664435
stage b2=524 vs b1={345}: values [817794446144167568834532737024, 2843342266303054544082275390625), 97848636623401 candidates (MITM path)
  MITM b1=345: s=3 t=3 j=3 je=3 Q=41063625 table=143877824 yh=680082
stage b2=525 vs b1={346}: values [835126639705231189727783203125, 2943833109384368375058857660416), 100707151018358 candidates (MITM path)
  MITM b1=346: s=3 t=3 j=3 je=3 Q=41421736 table=144703125 yh=695957
stage b2=526 vs b1={347}: values [852792133693094851836500555776, 3047570054198584854687363929041), 103627761669095 candidates (MITM path)
  MITM b1=347: s=3 t=3 j=3 je=3 Q=41781923 table=145531576 yh=712064
stage b2=527 vs b1={348}: values [870796685528475115001283375023, 3154648147137881977010830442496), 106611526883574 candidates (MITM path)
  MITM b1=348: s=3 t=3 j=3 je=3 Q=42144192 table=146363183 yh=728404
stage b2=528 vs b1={349}: values [889146140866171920765652303872, 3265164931981755884811169330801), 109659518798409 candidates (MITM path)
  MITM b1=349: s=3 t=3 j=3 je=3 Q=42508549 table=147197952 yh=744980
stage b2=529 vs b1={350}: values [907846434775996175406740561329, 3379220508056640625000000000000), 112772823506372 candidates (MITM path)
  MITM b1=350: s=3 t=3 j=3 je=3 Q=42875000 table=148035889 yh=761794
stage b2=530 vs b1={351}: values [926903592937219159700000000000, 3496917589577226791795034339201), 115952541184568 candidates (MITM path)
  MITM b1=351: s=3 t=3 j=3 je=3 Q=43243551 table=148877000 yh=778848
stage b2=531 vs b1={352}: values [946323732846672542860142060331, 3618361566189999678189727645696), 119199786223274 candidates (MITM path)
  MITM b1=352: s=3 t=3 j=3 je=3 Q=43614208 table=149721291 yh=796145
stage b2=532 vs b1={353}: values [966113065040628757386093395968, 3743660564739813658463646963841), 122515687355445 candidates (MITM path)
  MITM b1=353: s=3 t=3 j=3 je=3 Q=43986977 table=150568768 yh=813686
stage b2=533 vs b1={354}: values [986277894330592476397946946317, 3872925512280619035000649814016), 125901387786899 candidates (MITM path)
  MITM b1=354: s=3 t=3 j=3 je=3 Q=44361864 table=151419437 yh=831475
stage b2=534 vs b1={355}: values [1006824621053134925509846800384, 4006270200351760530820556640625), 129358045327158 candidates (MITM path)
  MITM b1=355: s=3 t=3 j=3 je=3 Q=44738875 table=152273304 yh=849513
stage b2=535 vs b1={356}: values [1027759742333903757355615234375, 4143811350541573024494477377536), 132886832520968 candidates (MITM path)
  MITM b1=356: s=3 t=3 j=3 je=3 Q=45118016 table=153130375 yh=867802
stage b2=536 vs b1={357}: values [1049089853365942218594908635136, 4285668681360310036179623022801), 136488936780489 candidates (MITM path)
  MITM b1=357: s=3 t=3 j=3 je=3 Q=45499293 table=153990656 yh=886346

*** MATCH: 2099085601949204130171585236994 is an 12-digit palindrome in bases 357 and 536
stage b2=537 vs b1={358}: values [1070821648702452346598011379913, 4431964976444753912220451803136), 140165560518148 candidates (MITM path)
  MITM b1=358: s=3 t=3 j=3 je=3 Q=45882712 table=154854153 yh=905146
stage b2=538 vs b1={359}: values [1092961923564137946058318784512, 4582826154117173651132848229281), 143917921280173 candidates (MITM path)
  MITM b1=359: s=3 t=3 j=3 je=3 Q=46268279 table=155720872 yh=924205
stage b2=539 vs b1={360}: values [1115517575161264114534437527939, 4738381338321616896000000000000), 147747251880793 candidates (MITM path)
  MITM b1=360: s=3 t=3 j=3 je=3 Q=46656000 table=156590819 yh=943525
stage b2=540 vs b1={361}: values [1138495604030571110400000000000, 4898762930960846817716295277921), 151654800537113 candidates (MITM path)
  MITM b1=361: s=3 t=3 j=3 je=3 Q=47045881 table=157464000 yh=963108
stage b2=541 vs b1={362}: values [1161903115387181386900143203941, 5064106685657562460643248377856), 155641831004656 candidates (MITM path)
  MITM b1=362: s=3 t=3 j=3 je=3 Q=47437928 table=158340421 yh=982958
stage b2=542 vs b1={363}: values [1185747320491639652000578500608, 5234551782963872647784755492881), 159709622713587 candidates (MITM path)
  MITM b1=363: s=3 t=3 j=3 je=3 Q=47832147 table=159220088 yh=1003075
stage b2=543 vs b1={364}: values [1210035538032226855489750842207, 5410240907043328777415185924096), 163859470905603 candidates (MITM path)
  MITM b1=364: s=3 t=3 j=3 je=3 Q=48228544 table=160103007 yh=1023463
stage b2=544 vs b1={365}: values [1234775195522690052378270367744, 5591320323850160818242431640625), 168092686771500 candidates (MITM path)
  MITM b1=365: s=3 t=3 j=3 je=3 Q=48627125 table=160989184 yh=1044125
stage b2=545 vs b1={366}: values [1259973830715531145054150390625, 5777939960830703556871252217856), 172410597589416 candidates (MITM path)
  MITM b1=366: s=3 t=3 j=3 je=3 Q=49027896 table=161878625 yh=1065061
stage b2=546 vs b1={367}: values [1285639093030998565918998890496, 5970253488172346700935405703361), 176814546863741 candidates (MITM path)
  MITM b1=367: s=3 t=3 j=3 je=3 Q=49430863 table=162771336 yh=1086276
stage b2=547 vs b1={368}: values [1311778745001927027370820531803, 6168418401625692825349129240576), 181305894464717 candidates (MITM path)
  MITM b1=368: s=3 t=3 j=3 je=3 Q=49836032 table=163667323 yh=1107771
stage b2=548 vs b1={369}: values [1338400663734571537035167793152, 6372596106925961399422623920961), 185886016768694 candidates (MITM path)
  MITM b1=369: s=3 t=3 j=3 je=3 Q=50243409 table=164566592 yh=1129549
stage b2=549 vs b1={370}: values [1365512842385582953099747743549, 6582952005840035281000000000000), 190556306799082 candidates (MITM path)
  MITM b1=370: s=3 t=3 j=3 je=3 Q=50653000 table=165469149 yh=1151613
stage b2=550 vs b1={371}: values [1393123391655273437500000000000, 6799655583865908142394420049841), 195318174367962 candidates (MITM path)
  MITM b1=371: s=3 t=3 j=3 je=3 Q=51064811 table=166375000 yh=1173964
stage b2=551 vs b1={372}: values [1421240541297321253556406018551, 7022880499611657333972261666816), 200173046218388 candidates (MITM path)
  MITM b1=372: s=3 t=3 j=3 je=3 Q=51478848 table=167284151 yh=1196605
stage b2=552 vs b1={373}: values [1449872641645065449500204597248, 7252804675881436727210363928721), 205122366167355 candidates (MITM path)
  MITM b1=373: s=3 t=3 j=3 je=3 Q=51895117 table=168196608 yh=1219540
stage b2=553 vs b1={374}: values [1479028165154542070164647711097, 7489610392496358142528690917376), 210167595249454 candidates (MITM path)
  MITM b1=374: s=3 t=3 j=3 je=3 Q=52313624 table=169112377 yh=1242769
stage b2=554 vs b1={375}: values [1508715707964414645985848879104, 7733484380878508090972900390625), 215310211861196 candidates (MITM path)
  MITM b1=375: s=3 t=3 j=3 je=3 Q=52734375 table=170031464 yh=1266297
stage b2=555 vs b1={376}: values [1538943991472952821372607421875, 7984617920426728775852675301376), 220551711906021 candidates (MITM path)
  MITM b1=376: s=3 t=3 j=3 je=3 Q=53157376 table=170953875 yh=1290125
stage b2=556 vs b1={377}: values [1569721863932214103490330361856, 8243206936713178643875538610721), 225893608939986 candidates (MITM path)
  MITM b1=377: s=3 t=3 j=3 je=3 Q=53582633 table=171879616 yh=1314255
stage b2=557 vs b1={378}: values [1601058302059584837582353420693, 8509452101530078278473934114816), 231337434318126 candidates (MITM path)
  MITM b1=378: s=3 t=3 j=3 je=3 Q=54010152 table=172808693 yh=1338691
stage b2=558 vs b1={379}: values [1632962412666837646144657569792, 8783558934816442124406231285841), 236884737341499 candidates (MITM path)
  MITM b1=379: s=3 t=3 j=3 je=3 Q=54439939 table=173741112 yh=1363436
stage b2=559 vs b1={380}: values [1665443434306863706599301798159, 9065737908494995456000000000000), 242537085404913 candidates (MITM path)
  MITM b1=380: s=3 t=3 j=3 je=3 Q=54872000 table=174676879 yh=1388490
stage b2=560 vs b1={381}: values [1698510738938239385600000000000, 9356204552249879185458266174961), 248296064145326 candidates (MITM path)
  MITM b1=381: s=3 t=3 j=3 je=3 Q=55306341 table=175616000 yh=1413858
stage b2=561 vs b1={382}: values [1732173833607787897772353894161, 9655179561276152586506710552576), 254163277590936 candidates (MITM path)
  MITM b1=382: s=3 t=3 j=3 je=3 Q=55742968 table=176558481 yh=1439542
stage b2=562 vs b1={383}: values [1766442362151297812563548325888, 9962888906032515816542942031361), 260140348310943 candidates (MITM path)
  MITM b1=383: s=3 t=3 j=3 je=3 Q=56181887 table=177504328 yh=1465544
stage b2=563 vs b1={384}: values [1801326106912561394974093742987, 10279563944029090291760398073856), 266228917565998 candidates (MITM path)
  MITM b1=384: s=3 t=3 j=3 je=3 Q=56623104 table=178453547 yh=1491867
stage b2=564 vs b1={385}: values [1836834990480896934289776574464, 10605441533682515539043212890625), 272430645459333 candidates (MITM path)
  MITM b1=385: s=3 t=3 j=3 je=3 Q=57066625 table=179406144 yh=1518514
stage b2=565 vs b1={386}: values [1872979077447320389547705078125, 10940764150271046150530924548096), 278747211088570 candidates (MITM path)
  MITM b1=386: s=3 t=3 j=3 je=3 Q=57512456 table=180362125 yh=1545487
stage b2=566 vs b1={387}: values [1909768576179532861378609289216, 11285780004022761936582279184881), 285180312698217 candidates (MITM path)
  MITM b1=387: s=3 t=3 j=3 je=3 Q=57960603 table=181321496 yh=1572789
stage b2=567 vs b1={388}: values [1947213840615891587090802236583, 11640743160370438345557966585856), 291731667832841 candidates (MITM path)
  MITM b1=388: s=3 t=3 j=3 je=3 Q=58411072 table=182284263 yh=1600422
stage b2=568 vs b1={389}: values [1985325372078533349421908754432, 12005913662407062729708916003921), 298403013490931 candidates (MITM path)
  MITM b1=389: s=3 t=3 j=3 je=3 Q=58863869 table=183250432 yh=1628390
stage b2=569 vs b1={390}: values [2024113821105820389305131081769, 12381557655576425121000000000000), 305196106279436 candidates (MITM path)
  MITM b1=390: s=3 t=3 j=3 je=3 Q=59319000 table=184220009 yh=1656694
stage b2=570 vs b1={391}: values [2063589989304280119300000000000, 12767947514633659874603497973281), 312112722568998 candidates (MITM path)
  MITM b1=391: s=3 t=3 j=3 je=3 Q=59776471 table=185193000 yh=1685338
done: 1555.72s, 170740131 candidates tested
