A171740 search: n=12, threads=1, limit=none
stage b2=231 vs b1={147}: values [99938258857146531850367031, 101814121186119595835681841), 12346079883 candidates (MITM path)
  MITM b1=147: s=4 t=2 j=2 je=3 Q=21609 table=53361 yh=231369
stage b2=232 vs b1={148}: values [104801580876470315823136768, 110443607719611533356957696), 36183222163 candidates (MITM path)
  MITM b1=148: s=4 t=2 j=2 je=3 Q=21904 table=53824 yh=672251
stage b2=233 vs b1={149}: values [109879109551310452512114617, 119738888098469732352733201), 61621410436 candidates (MITM path)
  MITM b1=149: s=4 t=2 j=2 je=3 Q=22201 table=54289 yh=1135063
stage b2=234 vs b1={150}: values [115179299131727923510339584, 129746337890625000000000000), 88731154307 candidates (MITM path)
  MITM b1=150: s=4 t=2 j=2 je=3 Q=22500 table=54756 yh=1620483
stage b2=235 vs b1={151}: values [120710899174024038232421875, 140515219945627518837736801), 117585231457 candidates (MITM path)
  MITM b1=151: s=4 t=2 j=2 je=3 Q=22801 table=55225 yh=2129203
stage b2=236 vs b1={152}: values [126482963527317712416014336, 152097843090208773684330496), 148258738475 candidates (MITM path)
  MITM b1=152: s=4 t=2 j=2 je=3 Q=23104 table=55696 yh=2661928
stage b2=237 vs b1={153}: values [132504859553518749988128213, 164549728404324620728411041), 180829142325 candidates (MITM path)
  MITM b1=153: s=4 t=2 j=2 je=3 Q=23409 table=56169 yh=3219377

*** MATCH: 146387992974355120402651006 is an 12-digit palindrome in bases 153 and 237
stage b2=238 vs b1={154}: values [138786277585726844783245312, 177929783385962838621884416), 215376332480 candidates (MITM path)
  MITM b1=154: s=3 t=3 j=3 je=3 Q=3652264 table=13481272 yh=15976
stage b2=239 vs b1={155}: values [145337240630172360933794639, 192300484323376406494140625), 251982673701 candidates (MITM path)
  MITM b1=155: s=3 t=3 j=3 je=3 Q=3723875 table=13651919 yh=18458
done: 1.24s, 9848577 candidates tested
