A171740 search: n=12, threads=1, limit=none
stage b2=318 vs b1={197}: values [3362778947134455039659538432, 3416604542324232545384738641), 52050645644 candidates (MITM path)
  MITM b1=197: s=4 t=2 j=2 je=3 Q=38809 table=101124 yh=514721
stage b2=319 vs b1={198}: values [3480947823559350267570691519, 3630632434549265533578448896), 142047323384 candidates (MITM path)
  MITM b1=198: s=4 t=2 j=2 je=3 Q=39204 table=101761 yh=1395892
stage b2=320 vs b1={199}: values [3602879701896396800000000000, 3856887017121283350242637601), 236562746787 candidates (MITM path)
  MITM b1=199: s=4 t=2 j=2 je=3 Q=39601 table=102400 yh=2310184
stage b2=321 vs b1={200}: values [3728682087940588521559555521, 4096000000000000000000000000), 335746823552 candidates (MITM path)
  MITM b1=200: s=4 t=2 j=2 je=3 Q=40000 table=103041 yh=3258381
stage b2=322 vs b1={201}: values [3858465208964226558463510528, 4348632317396990233762642401), 439753126022 candidates (MITM path)
  MITM b1=201: s=4 t=2 j=2 je=3 Q=40401 table=103684 yh=4241283
stage b2=323 vs b1={202}: values [3992342073809083968859805627, 4615475323420547975828279296), 548738954273 candidates (MITM path)
  MITM b1=202: s=4 t=2 j=2 je=3 Q=40804 table=104329 yh=5259698
stage b2=324 vs b1={203}: values [4130428534112329328517709824, 4897252030306448390395044241), 662865399838 candidates (MITM path)
  MITM b1=203: s=4 t=2 j=2 je=3 Q=41209 table=104976 yh=6314448
stage b2=325 vs b1={204}: values [4272843346683979034423828125, 5194718390528185623763746816), 782297410067 candidates (MITM path)
  MITM b1=204: s=4 t=2 j=2 je=3 Q=41616 table=105625 yh=7406367
stage b2=326 vs b1={205}: values [4419708237053870265154328576, 5508664624112838398681640625), 907203853117 candidates (MITM path)
  MITM b1=205: s=4 t=2 j=2 je=3 Q=42025 table=106276 yh=8536301
stage b2=327 vs b1={206}: values [4571147964206370729019547223, 5839916592521948960554356736), 1037757583586 candidates (MITM path)
  MITM b1=206: s=3 t=3 j=3 je=3 Q=8741816 table=34965783 yh=29680
stage b2=328 vs b1={207}: values [4727290386521267611811971072, 6189337220490697154402830401), 1174135508779 candidates (MITM path)
  MITM b1=207: s=3 t=3 j=3 je=3 Q=8869743 table=35287552 yh=33274
stage b2=329 vs b1={208}: values [4888266528939506518462919129, 6557827967253220516257857536), 1316518655617 candidates (MITM path)
  MITM b1=208: s=3 t=3 j=3 je=3 Q=8998912 table=35611289 yh=36970
stage b2=330 vs b1={209}: values [5054210651372681700000000000, 6946330348617183160431238081), 1465092238184 candidates (MITM path)
  MITM b1=209: s=3 t=3 j=3 je=3 Q=9129329 table=35937000 yh=40769
stage b2=331 vs b1={210}: values [5225260318375411481909498131, 7355827511386641000000000000), 1620045725917 candidates (MITM path)
  MITM b1=210: s=3 t=3 j=3 je=3 Q=9261000 table=36264691 yh=44673
stage b2=332 vs b1={211}: values [5401556470099967575398023168, 7787345861668898615544483121), 1781572912437 candidates (MITM path)
  MITM b1=211: s=3 t=3 j=3 je=3 Q=9393931 table=36594368 yh=48685
stage b2=333 vs b1={212}: values [5583243494552763872208758517, 8241956748638414149261459456), 1949871985028 candidates (MITM path)
  MITM b1=212: s=3 t=3 j=3 je=3 Q=9528128 table=36926037 yh=52805
stage b2=334 vs b1={213}: values [5770469301172549409712093184, 8720778205368893309992171281), 2125145594753 candidates (MITM path)
  MITM b1=213: s=3 t=3 j=3 je=3 Q=9663597 table=37259704 yh=57037
stage b2=335 vs b1={214}: values [5963385395750391459130859375, 9224976748383532391296208896), 2307600927226 candidates (MITM path)
  MITM b1=214: s=3 t=3 j=3 je=3 Q=9800344 table=37595375 yh=61380
stage b2=336 vs b1={215}: values [6162146956711778149189287936, 9755769237612933691650390625), 2497449774021 candidates (MITM path)
  MITM b1=215: s=3 t=3 j=3 je=3 Q=9938375 table=37933056 yh=65839
stage b2=337 vs b1={216}: values [6366912912781415703444512113, 10314424798490535546171949056), 2694908604734 candidates (MITM path)
  MITM b1=216: s=3 t=3 j=3 je=3 Q=10077696 table=38272753 yh=70414
stage b2=338 vs b1={217}: values [6577846022051543255362291712, 10902266807956484097280908961), 2900198639698 candidates (MITM path)
  MITM b1=217: s=3 t=3 j=3 je=3 Q=10218313 table=38614472 yh=75107
stage b2=339 vs b1={218}: values [6795112952474838324166805739, 11520674946182735813538942976), 3113545923336 candidates (MITM path)
  MITM b1=218: s=3 t=3 j=3 je=3 Q=10360232 table=38958219 yh=79921
stage b2=340 vs b1={219}: values [7018884363803238400000000000, 12171087315874829579909431761), 3335181398182 candidates (MITM path)
  MITM b1=219: s=3 t=3 j=3 je=3 Q=10503459 table=39304000 yh=84857
stage b2=341 vs b1={220}: values [7249334990994258712381121741, 12855002631049216000000000000), 3565340979535 candidates (MITM path)
  MITM b1=220: s=3 t=3 j=3 je=3 Q=10648000 table=39651821 yh=89917
stage b2=342 vs b1={221}: values [7486643729106643154813687808, 13573982477229290545823357041), 3804265630783 candidates (MITM path)
  MITM b1=221: s=3 t=3 j=3 je=3 Q=10793861 table=40001688 yh=95103
stage b2=343 vs b1={222}: values [7730993719707444524137094407, 14329653645048357641297596416), 4052201439370 candidates (MITM path)
  MITM b1=222: s=3 t=3 j=3 je=3 Q=10941048 table=40353607 yh=100418
stage b2=344 vs b1={223}: values [7982572438812891719395180544, 15123710539293666054338805121), 4309399693420 candidates (MITM path)
  MITM b1=223: s=3 t=3 j=3 je=3 Q=11089567 table=40707584 yh=105863
stage b2=345 vs b1={224}: values [8241571786385665345166015625, 15957917665472413585874354176), 4576116959023 candidates (MITM path)
  MITM b1=224: s=3 t=3 j=3 je=3 Q=11239424 table=41063625 yh=111440
stage b2=346 vs b1={225}: values [8508188177411469292077623296, 16834112196028232574462890625), 4852615158169 candidates (MITM path)
  MITM b1=225: s=3 t=3 j=3 je=3 Q=11390625 table=41421736 yh=117152
stage b2=347 vs b1={226}: values [8782622634578054336274824003, 17754206618385148880104984576), 5139161647342 candidates (MITM path)
  MITM b1=226: s=3 t=3 j=3 je=3 Q=11543176 table=41781923 yh=123000
stage b2=348 vs b1={227}: values [9065080882580120623594340352, 18720191467045367574023614321), 5436029296778 candidates (MITM path)
  MITM b1=227: s=3 t=3 j=3 je=3 Q=11697083 table=42144192 yh=128987
stage b2=349 vs b1={228}: values [9355773444073799096880141349, 19734138142017490453021065216), 5743496570377 candidates (MITM path)
  MITM b1=228: s=3 t=3 j=3 je=3 Q=11852352 table=42508549 yh=135114
stage b2=350 vs b1={229}: values [9654915737304687500000000000, 20798201815902925734870098641), 6061847606272 candidates (MITM path)
  MITM b1=229: s=3 t=3 j=3 je=3 Q=12008989 table=42875000 yh=141385
stage b2=351 vs b1={230}: values [9962728175433694563518616351, 21914624432020321000000000000), 6391372298070 candidates (MITM path)
  MITM b1=230: s=3 t=3 j=3 je=3 Q=12167000 table=43243551 yh=147800
stage b2=352 vs b1={231}: values [10279436267585226358493544448, 23085737796000848857434784161), 6732366376742 candidates (MITM path)
  MITM b1=231: s=3 t=3 j=3 je=3 Q=12326391 table=43614208 yh=154362
stage b2=353 vs b1={232}: values [10605270721642531610378603297, 24313966763341113270967730176), 7085131493185 candidates (MITM path)
  MITM b1=232: s=3 t=3 j=3 je=3 Q=12487168 table=43986977 yh=161074
stage b2=354 vs b1={233}: values [10940467548815308008476411904, 25601832525455335435322705761), 7449975301444 candidates (MITM path)
  MITM b1=233: s=3 t=3 j=3 je=3 Q=12649337 table=44361864 yh=167937
stage b2=355 vs b1={234}: values [11285268170004959241748046875, 26951955996824334101419462656), 7827211542598 candidates (MITM path)
  MITM b1=234: s=3 t=3 j=3 je=3 Q=12812904 table=44738875 yh=174954
stage b2=356 vs b1={235}: values [11639919523993182653074374656, 28367061305895648984619140625), 8217160129310 candidates (MITM path)
  MITM b1=235: s=3 t=3 j=3 je=3 Q=12977875 table=45118016 yh=182126
stage b2=357 vs b1={236}: values [12004674177479860045321072893, 29849979392446980130179383296), 8620147231045 candidates (MITM path)
  MITM b1=236: s=3 t=3 j=3 je=3 Q=13144256 table=45499293 yh=189457
stage b2=358 vs b1={237}: values [12379790436996519307878356992, 31403651714183943747186386481), 9036505359957 candidates (MITM path)
  MITM b1=237: s=3 t=3 j=3 je=3 Q=13312053 table=45882712 yh=196948
stage b2=359 vs b1={238}: values [12765532462721932175857515959, 33031134065402989058412384256), 9466573457434 candidates (MITM path)
  MITM b1=238: s=3 t=3 j=3 je=3 Q=13481272 table=46268279 yh=204602
stage b2=360 vs b1={239}: values [13162170384226713600000000000, 34735600510611194263176918721), 9910696981320 candidates (MITM path)
  MITM b1=239: s=3 t=3 j=3 je=3 Q=13651919 table=46656000 yh=212421
stage b2=361 vs b1={240}: values [13569980418174090907801371961, 36520347436056576000000000000), 10369227993803 candidates (MITM path)
  MITM b1=240: s=3 t=3 j=3 je=3 Q=13824000 table=47045881 yh=220407
stage b2=362 vs b1={241}: values [13989244988004316189622233088, 38388797722185519065061084481), 10842525249973 candidates (MITM path)
  MITM b1=241: s=3 t=3 j=3 je=3 Q=13997521 table=47437928 yh=228563

*** MATCH: 29619232755873201278734656210 is an 12-digit palindrome in bases 241 and 362
stage b2=363 vs b1={242}: values [14420252845630503161941475187, 40344505040107975043939700736), 11330954287046 candidates (MITM path)
  MITM b1=242: s=3 t=3 j=3 je=3 Q=14172488 table=47832147 yh=236890
stage b2=364 vs b1={243}: values [14863299195173980157734027264, 42391158275216203514294433201), 11834887514263 candidates (MITM path)
  MITM b1=243: s=3 t=3 j=3 je=3 Q=14348907 table=48228544 yh=245392
stage b2=365 vs b1={244}: values [15318685818767563885595703125, 44532586081169051256761614336), 12354704303462 candidates (MITM path)
  MITM b1=244: s=3 t=3 j=3 je=3 Q=14526784 table=48627125 yh=254071
stage b2=366 vs b1={245}: values [15786721204455474199101782016, 46772761567521097265869140625), 12890791080317 candidates (MITM path)
  MITM b1=245: s=3 t=3 j=3 je=3 Q=14706125 table=49027896 yh=262928
stage b2=367 vs b1={246}: values [16267720676218928340423448783, 49115807124344448192809865216), 13443541416254 candidates (MITM path)
  MITM b1=246: s=3 t=3 j=3 je=3 Q=14886936 table=49430863 yh=271967
stage b2=368 vs b1={247}: values [16762006526156773981926981632, 51565999387260564203827465441), 14013356121038 candidates (MITM path)
  MITM b1=247: s=3 t=3 j=3 je=3 Q=15069223 table=49836032 yh=281190
stage b2=369 vs b1={248}: values [17269908148850843900874319569, 54127774346370243244217860096), 14600643336033 candidates (MITM path)
  MITM b1=248: s=3 t=3 j=3 je=3 Q=15252992 table=50243409 yh=290599
stage b2=370 vs b1={249}: values [17791762177946041300000000000, 56805732602641806617660372001), 15205818628145 candidates (MITM path)
  MITM b1=249: s=3 t=3 j=3 je=3 Q=15438249 table=50653000 yh=300196
stage b2=371 vs b1={250}: values [18327912624975493645267978571, 59604644775390625000000000000), 15829305084428 candidates (MITM path)
  MITM b1=250: s=3 t=3 j=3 je=3 Q=15625000 table=51064811 yh=309985
stage b2=372 vs b1={251}: values [18878711020461444446161993728, 62529457064557415999535378001), 16471533407372 candidates (MITM path)
  MITM b1=251: s=3 t=3 j=3 je=3 Q=15813251 table=51478848 yh=319968
stage b2=373 vs b1={252}: values [19444516557322886668124300077, 65585296971568246764230148096), 17132942010874 candidates (MITM path)
  MITM b1=252: s=3 t=3 j=3 je=3 Q=16003008 table=51895117 yh=330146
stage b2=374 vs b1={253}: values [20025696236621278455959066624, 68777479182635902650515347441), 17813977116872 candidates (MITM path)
  MITM b1=253: s=3 t=3 j=3 je=3 Q=16194277 table=52313624 yh=340523
stage b2=375 vs b1={254}: values [20622625015676021575927734375, 72111511618440250457975689216), 18515092852669 candidates (MITM path)
  MITM b1=254: s=3 t=3 j=3 je=3 Q=16387064 table=52734375 yh=351102
stage b2=376 vs b1={255}: values [21235685958581725467693285376, 75593101654204447168212890625), 19236751348929 candidates (MITM path)
  MITM b1=255: s=3 t=3 j=3 je=3 Q=16581375 table=53157376 yh=361884
stage b2=377 vs b1={256}: values [21865270389159625050067741673, 79228162514264337593543950336), 19979422838356 candidates (MITM path)
  MITM b1=256: s=3 t=3 j=3 je=3 Q=16777216 table=53582633 yh=372872
stage b2=378 vs b1={257}: values [22511778046375868461571254272, 83022819845310162051379891201), 20743585755047 candidates (MITM path)
  MITM b1=257: s=3 t=3 j=3 je=3 Q=16974593 table=54010152 yh=384069
stage b2=379 vs b1={258}: values [23175617242259741753050742179, 86983418472562773463547252736), 21529726834530 candidates (MITM path)
  MITM b1=258: s=3 t=3 j=3 je=3 Q=17173512 table=54439939 yh=395477
stage b2=380 vs b1={259}: values [23857205022355251200000000000, 91116529343230957588293738481), 22338341214478 candidates (MITM path)
  MITM b1=259: s=3 t=3 j=3 je=3 Q=17373979 table=54872000 yh=407100
stage b2=381 vs b1={260}: values [24556967328739840381780226181, 95428956661682176000000000000), 23169932536110 candidates (MITM path)
  MITM b1=260: s=3 t=3 j=3 je=3 Q=17576000 table=55306341 yh=418939
stage b2=382 vs b1={261}: values [25275339165644378498708666368, 99927745220846124633825584721), 24025013046269 candidates (MITM path)
  MITM b1=261: s=3 t=3 j=3 je=3 Q=17779581 table=55742968 yh=430997
stage b2=383 vs b1={262}: values [26012764767708918581052067967, 104620187934458937028636512256), 24904103700182 candidates (MITM path)
  MITM b1=262: s=3 t=3 j=3 je=3 Q=17984728 table=56181887 yh=443277
stage b2=384 vs b1={263}: values [26769697770909089301459369984, 109513833574845676773925608481), 25807734264904 candidates (MITM path)
  MITM b1=263: s=3 t=3 j=3 je=3 Q=18191447 table=56623104 yh=455781
stage b2=385 vs b1={264}: values [27546601386188352049462890625, 114616494721029974161197367296), 26736443423448 candidates (MITM path)
  MITM b1=264: s=3 t=3 j=3 je=3 Q=18399744 table=57066625 yh=468513
stage b2=386 vs b1={265}: values [28343948575831725778577524736, 119936255922052283847900390625), 27690778879590 candidates (MITM path)
  MITM b1=265: s=3 t=3 j=3 je=3 Q=18609625 table=57512456 yh=481475
stage b2=387 vs b1={266}: values [29162222232616955908481341563, 125481482080472289777685958656), 28671297463369 candidates (MITM path)
  MITM b1=266: s=3 t=3 j=3 je=3 Q=18821096 table=57960603 yh=494669
done: 269.46s, 44942606 candidates tested
