A171740 search: n=12, threads=1, limit=none
stage b2=345 vs b1={212}: values [8241571786385665345166015625, 8241956748638414149261459456), 228298773 candidates (MITM path)
  MITM b1=212: s=4 t=2 j=2 je=3 Q=44944 table=119025 yh=1919
stage b2=346 vs b1={213}: values [8508188177411469292077623296, 8720778205368893309992171281), 123904276551 candidates (MITM path)
  MITM b1=213: s=4 t=2 j=2 je=3 Q=45369 table=119716 yh=1034986
stage b2=347 vs b1={214}: values [8782622634578054336274824003, 9224976748383532391296208896), 253392188082 candidates (MITM path)
  MITM b1=214: s=4 t=2 j=2 je=3 Q=45796 table=120409 yh=2104429
stage b2=348 vs b1={215}: values [9065080882580120623594340352, 9755769237612933691650390625), 388871996862 candidates (MITM path)
  MITM b1=215: s=4 t=2 j=2 je=3 Q=46225 table=121104 yh=3211059
stage b2=349 vs b1={216}: values [9355773444073799096880141349, 10314424798490535546171949056), 530527778367 candidates (MITM path)
  MITM b1=216: s=4 t=2 j=2 je=3 Q=46656 table=121801 yh=4355694
stage b2=350 vs b1={217}: values [9654915737304687500000000000, 10902266807956484097280908961), 678547786397 candidates (MITM path)
  MITM b1=217: s=4 t=2 j=2 je=3 Q=47089 table=122500 yh=5539166
stage b2=351 vs b1={218}: values [9962728175433694563518616351, 11520674946182735813538942976), 833124520049 candidates (MITM path)
  MITM b1=218: s=4 t=2 j=2 je=3 Q=47524 table=123201 yh=6762320
stage b2=352 vs b1={219}: values [10279436267585226358493544448, 12171087315874829579909431761), 994454791321 candidates (MITM path)
  MITM b1=219: s=4 t=2 j=2 je=3 Q=47961 table=123904 yh=8026011
stage b2=353 vs b1={220}: values [10605270721642531610378603297, 12855002631049216000000000000), 1162739793346 candidates (MITM path)
  MITM b1=220: s=4 t=2 j=2 je=3 Q=48400 table=124609 yh=9331107
stage b2=354 vs b1={221}: values [10940467548815308008476411904, 13573982477229290545823357041), 1338185169248 candidates (MITM path)
  MITM b1=221: s=4 t=2 j=2 je=3 Q=48841 table=125316 yh=10678487
stage b2=355 vs b1={222}: values [11285268170004959241748046875, 14329653645048357641297596416), 1521001081645 candidates (MITM path)
  MITM b1=222: s=3 t=3 j=3 je=3 Q=10941048 table=44738875 yh=33998
stage b2=356 vs b1={223}: values [11639919523993182653074374656, 15123710539293666054338805121), 1711402282771 candidates (MITM path)
  MITM b1=223: s=3 t=3 j=3 je=3 Q=11089567 table=45118016 yh=37932
stage b2=357 vs b1={224}: values [12004674177479860045321072893, 15957917665472413585874354176), 1909608185244 candidates (MITM path)
  MITM b1=224: s=3 t=3 j=3 je=3 Q=11239424 table=45499293 yh=41971
stage b2=358 vs b1={225}: values [12379790436996519307878356992, 16834112196028232574462890625), 2115842933461 candidates (MITM path)
  MITM b1=225: s=3 t=3 j=3 je=3 Q=11390625 table=45882712 yh=46115
stage b2=359 vs b1={226}: values [12765532462721932175857515959, 17754206618385148880104984576), 2330335475634 candidates (MITM path)
  MITM b1=226: s=3 t=3 j=3 je=3 Q=11543176 table=46268279 yh=50366
stage b2=360 vs b1={227}: values [13162170384226713600000000000, 18720191467045367574023614321), 2553319636465 candidates (MITM path)
  MITM b1=227: s=3 t=3 j=3 je=3 Q=11697083 table=46656000 yh=54727
stage b2=361 vs b1={228}: values [13569980418174090907801371961, 19734138142017490453021065216), 2785034190456 candidates (MITM path)
  MITM b1=228: s=3 t=3 j=3 je=3 Q=11852352 table=47045881 yh=59199
stage b2=362 vs b1={229}: values [13989244988004316189622233088, 20798201815902925734870098641), 3025722935858 candidates (MITM path)
  MITM b1=229: s=3 t=3 j=3 je=3 Q=12008989 table=47437928 yh=63783
stage b2=363 vs b1={230}: values [14420252845630503161941475187, 21914624432020321000000000000), 3275634769269 candidates (MITM path)
  MITM b1=230: s=3 t=3 j=3 je=3 Q=12167000 table=47832147 yh=68482
stage b2=364 vs b1={231}: values [14863299195173980157734027264, 23085737796000848857434784161), 3535023760866 candidates (MITM path)
  MITM b1=231: s=3 t=3 j=3 je=3 Q=12326391 table=48228544 yh=73298
stage b2=365 vs b1={232}: values [15318685818767563885595703125, 24313966763341113270967730176), 3804149230283 candidates (MITM path)
  MITM b1=232: s=3 t=3 j=3 je=3 Q=12487168 table=48627125 yh=78232
stage b2=366 vs b1={233}: values [15786721204455474199101782016, 25601832525455335435322705761), 4083275823131 candidates (MITM path)
  MITM b1=233: s=3 t=3 j=3 je=3 Q=12649337 table=49027896 yh=83285
stage b2=367 vs b1={234}: values [16267720676218928340423448783, 26951955996824334101419462656), 4372673588168 candidates (MITM path)
  MITM b1=234: s=3 t=3 j=3 je=3 Q=12812904 table=49430863 yh=88461
stage b2=368 vs b1={235}: values [16762006526156773981926981632, 28367061305895648984619140625), 4672618055108 candidates (MITM path)
  MITM b1=235: s=3 t=3 j=3 je=3 Q=12977875 table=49836032 yh=93760
stage b2=369 vs b1={236}: values [17269908148850843900874319569, 29849979392446980130179383296), 4983390313084 candidates (MITM path)
  MITM b1=236: s=3 t=3 j=3 je=3 Q=13144256 table=50243409 yh=99185
stage b2=370 vs b1={237}: values [17791762177946041300000000000, 31403651714183943747186386481), 5305277089752 candidates (MITM path)
  MITM b1=237: s=3 t=3 j=3 je=3 Q=13312053 table=50653000 yh=104738
stage b2=371 vs b1={238}: values [18327912624975493645267978571, 33031134065402989058412384256), 5638570831051 candidates (MITM path)
  MITM b1=238: s=3 t=3 j=3 je=3 Q=13481272 table=51064811 yh=110420
stage b2=372 vs b1={239}: values [18878711020461444446161993728, 34735600510611194263176918721), 5983569781606 candidates (MITM path)
  MITM b1=239: s=3 t=3 j=3 je=3 Q=13651919 table=51478848 yh=116234
stage b2=373 vs b1={240}: values [19444516557322886668124300077, 36520347436056576000000000000), 6340578065787 candidates (MITM path)
  MITM b1=240: s=3 t=3 j=3 je=3 Q=13824000 table=51895117 yh=122181
stage b2=374 vs b1={241}: values [20025696236621278455959066624, 38388797722185519065061084481), 6709905769413 candidates (MITM path)
  MITM b1=241: s=3 t=3 j=3 je=3 Q=13997521 table=52313624 yh=128264
stage b2=375 vs b1={242}: values [20622625015676021575927734375, 40344505040107975043939700736), 7091869022119 candidates (MITM path)
  MITM b1=242: s=3 t=3 j=3 je=3 Q=14172488 table=52734375 yh=134483
stage b2=376 vs b1={243}: values [21235685958581725467693285376, 42391158275216203514294433201), 7486790080365 candidates (MITM path)
  MITM b1=243: s=3 t=3 j=3 je=3 Q=14348907 table=53157376 yh=140842
stage b2=377 vs b1={244}: values [21865270389159625050067741673, 44532586081169051256761614336), 7894997411105 candidates (MITM path)
  MITM b1=244: s=3 t=3 j=3 je=3 Q=14526784 table=53582633 yh=147343
stage b2=378 vs b1={245}: values [22511778046375868461571254272, 46772761567521097265869140625), 8316825776111 candidates (MITM path)
  MITM b1=245: s=3 t=3 j=3 je=3 Q=14706125 table=54010152 yh=153987
stage b2=379 vs b1={246}: values [23175617242259741753050742179, 49115807124344448192809865216), 8752616316951 candidates (MITM path)
  MITM b1=246: s=3 t=3 j=3 je=3 Q=14886936 table=54439939 yh=160776
stage b2=380 vs b1={247}: values [23857205022355251200000000000, 51565999387260564203827465441), 9202716640627 candidates (MITM path)
  MITM b1=247: s=3 t=3 j=3 je=3 Q=15069223 table=54872000 yh=167713
stage b2=381 vs b1={248}: values [24556967328739840381780226181, 54127774346370243244217860096), 9667480905864 candidates (MITM path)
  MITM b1=248: s=3 t=3 j=3 je=3 Q=15252992 table=55306341 yh=174799
stage b2=382 vs b1={249}: values [25275339165644378498708666368, 56805732602641806617660372001), 10147269910065 candidates (MITM path)
  MITM b1=249: s=3 t=3 j=3 je=3 Q=15438249 table=55742968 yh=182037
stage b2=383 vs b1={250}: values [26012764767708918581052067967, 59604644775390625000000000000), 10642451176917 candidates (MITM path)
  MITM b1=250: s=3 t=3 j=3 je=3 Q=15625000 table=56181887 yh=189429
stage b2=384 vs b1={251}: values [26769697770909089301459369984, 62529457064557415999535378001), 11153399044667 candidates (MITM path)
  MITM b1=251: s=3 t=3 j=3 je=3 Q=15813251 table=56623104 yh=196977
stage b2=385 vs b1={252}: values [27546601386188352049462890625, 65585296971568246764230148096), 11680494755049 candidates (MITM path)
  MITM b1=252: s=3 t=3 j=3 je=3 Q=16003008 table=57066625 yh=204682
stage b2=386 vs b1={253}: values [28343948575831725778577524736, 68777479182635902650515347441), 12224126542876 candidates (MITM path)
  MITM b1=253: s=3 t=3 j=3 je=3 Q=16194277 table=57512456 yh=212548
stage b2=387 vs b1={254}: values [29162222232616955908481341563, 72111511618440250457975689216), 12784689726296 candidates (MITM path)
  MITM b1=254: s=3 t=3 j=3 je=3 Q=16387064 table=57960603 yh=220576
stage b2=388 vs b1={255}: values [30001915361779480272056614912, 75593101654204447168212890625), 13362586797708 candidates (MITM path)
  MITM b1=255: s=3 t=3 j=3 je=3 Q=16581375 table=58411072 yh=228769
stage b2=389 vs b1={256}: values [30863531265827924755035773789, 79228162514264337593543950336), 13958227515343 candidates (MITM path)
  MITM b1=256: s=3 t=3 j=3 je=3 Q=16777216 table=58863869 yh=237128
stage b2=390 vs b1={257}: values [31747583732247243900000000000, 83022819845310162051379891201), 14572028995511 candidates (MITM path)
  MITM b1=257: s=3 t=3 j=3 je=3 Q=16974593 table=59319000 yh=245656
stage b2=391 vs b1={258}: values [32654597224127007351927104791, 86983418472562773463547252736), 15204415805506 candidates (MITM path)
  MITM b1=258: s=3 t=3 j=3 je=3 Q=17173512 table=59776471 yh=254355

*** MATCH: 80242423620208753329839632240 is an 12-digit palindrome in bases 258 and 391
stage b2=392 vs b1={259}: values [33585107073752721624827691008, 91116529343230957588293738481), 15855820057187 candidates (MITM path)
  MITM b1=259: s=3 t=3 j=3 je=3 Q=17373979 table=60236288 yh=263228
stage b2=393 vs b1={260}: values [34539659679198468283732168857, 95428956661682176000000000000), 16526681501218 candidates (MITM path)
  MITM b1=260: s=3 t=3 j=3 je=3 Q=17576000 table=60698457 yh=272276
stage b2=394 vs b1={261}: values [35518812703959534278923577344, 99927745220846124633825584721), 17217447621976 candidates (MITM path)
  MITM b1=261: s=3 t=3 j=3 je=3 Q=17779581 table=61162984 yh=281502
stage b2=395 vs b1={262}: values [36523135279664107855419921875, 104620187934458937028636512256), 17928573733129 candidates (MITM path)
  MITM b1=262: s=3 t=3 j=3 je=3 Q=17984728 table=61629875 yh=290908

*** MATCH: 50696199787968911270183716836 is an 12-digit palindrome in bases 262 and 395
stage b2=396 vs b1={263}: values [37553208211903514205902340096, 109513833574845676773925608481), 18660523073883 candidates (MITM path)
  MITM b1=263: s=3 t=3 j=3 je=3 Q=18191447 table=62099136 yh=300496
stage b2=397 vs b1={264}: values [38609624189220868855209238453, 114616494721029974161197367296), 19413766905892 candidates (MITM path)
  MITM b1=264: s=3 t=3 j=3 je=3 Q=18399744 table=62570773 yh=310269
stage b2=398 vs b1={265}: values [39692987995298433674858903552, 119936255922052283847900390625), 20188784610847 candidates (MITM path)
  MITM b1=265: s=3 t=3 j=3 je=3 Q=18609625 table=63044792 yh=320230
stage b2=399 vs b1={266}: values [40803916724384370442551204399, 125481482080472289777685958656), 20986063788726 candidates (MITM path)
  MITM b1=266: s=3 t=3 j=3 je=3 Q=18821096 table=63521199 yh=330379
stage b2=400 vs b1={267}: values [41943040000000000000000000000, 131260827061126477105043503761), 21806100356721 candidates (MITM path)
  MITM b1=267: s=3 t=3 j=3 je=3 Q=19034163 table=64000000 yh=340721
stage b2=401 vs b1={268}: values [43111000196969091338568804401, 137283242530308845011443122176), 22649398648836 candidates (MITM path)
  MITM b1=268: s=3 t=3 j=3 je=3 Q=19248832 table=64481201 yh=351256
stage b2=402 vs b1={269}: values [44308452666811124371870107648, 143557987030641165766449098161), 23516471516155 candidates (MITM path)
  MITM b1=269: s=3 t=3 j=3 je=3 Q=19465109 table=64964808 yh=361988
stage b2=403 vs b1={270}: values [45536065966540892753630392747, 150094635296999121000000000000), 24407840427781 candidates (MITM path)
  MITM b1=270: s=3 t=3 j=3 je=3 Q=19683000 table=65450827 yh=372919
stage b2=404 vs b1={271}: values [46794522090917238883645128704, 156903087818962082857498424641), 25324035572456 candidates (MITM path)
  MITM b1=271: s=3 t=3 j=3 je=3 Q=19902511 table=65939264 yh=384051
stage b2=405 vs b1={272}: values [48084516708184142230517578125, 163993580655357272581489033216), 26265595960847 candidates (MITM path)
  MITM b1=272: s=3 t=3 j=3 je=3 Q=20123648 table=66430125 yh=395387
stage b2=406 vs b1={273}: values [49406759399347814303098771456, 171376695506573539304632176321), 27233069528508 candidates (MITM path)
  MITM b1=273: s=3 t=3 j=3 je=3 Q=20346417 table=66923416 yh=406929
done: 238.93s, 56811140 candidates tested
