A171740 search: n=12, threads=1, limit=none
stage b2=438 vs b1={264}: values [113819117912838588948194138112, 114616494721029974161197367296), 112932498622 candidates (MITM path)
  MITM b1=264: s=4 t=2 j=2 je=3 Q=69696 table=191844 yh=588669
stage b2=439 vs b1={265}: values [116710444381569143360604716839, 119936255922052283847900390625), 450662965158 candidates (MITM path)
  MITM b1=265: s=4 t=2 j=2 je=3 Q=70225 table=192721 yh=2338422
stage b2=440 vs b1={266}: values [119668388129039974400000000000, 125481482080472289777685958656), 801108395639 candidates (MITM path)
  MITM b1=266: s=4 t=2 j=2 je=3 Q=70756 table=193600 yh=4137957
stage b2=441 vs b1={267}: values [122694327386105632949003612841, 131260827061126477105043503761), 1164586807095 candidates (MITM path)
  MITM b1=267: s=4 t=2 j=2 je=3 Q=71289 table=194481 yh=5988178
stage b2=442 vs b1={268}: values [125789665671337497908806494208, 137283242530308845011443122176), 1541422124507 candidates (MITM path)
  MITM b1=268: s=4 t=2 j=2 je=3 Q=71824 table=195364 yh=7890001
stage b2=443 vs b1={269}: values [128955832196077553484700318307, 143557987030641165766449098161), 1931944258899 candidates (MITM path)
  MITM b1=269: s=4 t=2 j=2 je=3 Q=72361 table=196249 yh=9844353
stage b2=444 vs b1={270}: values [132194282275040704726925574144, 150094635296999121000000000000), 2336489186022 candidates (MITM path)
  MITM b1=270: s=4 t=2 j=2 je=3 Q=72900 table=197136 yh=11852169
stage b2=445 vs b1={271}: values [135506497742528825219189453125, 156903087818962082857498424641), 2755399025674 candidates (MITM path)
  MITM b1=271: s=4 t=2 j=2 je=3 Q=73441 table=198025 yh=13914400
stage b2=446 vs b1={272}: values [138893987374320305288277456896, 163993580655357272581489033216), 3189022121616 candidates (MITM path)
  MITM b1=272: s=4 t=2 j=2 je=3 Q=73984 table=198916 yh=16032005
stage b2=447 vs b1={273}: values [142358287315299447497245827903, 171376695506573539304632176321), 3637713122117 candidates (MITM path)
  MITM b1=273: s=4 t=2 j=2 je=3 Q=74529 table=199809 yh=18205953
stage b2=448 vs b1={274}: values [145900961512890638499422666752, 179063370050426074779119128576), 4101833061112 candidates (MITM path)
  MITM b1=274: s=4 t=2 j=2 je=3 Q=75076 table=200704 yh=20437227
stage b2=449 vs b1={275}: values [149523602156362812588586992449, 187064908547461032867431640625), 4581749439974 candidates (MITM path)
  MITM b1=275: s=3 t=3 j=3 je=3 Q=20796875 table=90518849 yh=50617

*** MATCH: 170270716023035826721526605500 is an 12-digit palindrome in bases 275 and 449
stage b2=450 vs b1={276}: values [153227830122070312500000000000, 195392992721698273467801010176), 5077836309913 candidates (MITM path)
  MITM b1=276: s=3 t=3 j=3 je=3 Q=21024576 table=91125000 yh=55724
stage b2=451 vs b1={277}: values [157015295424696847215234267451, 204059692922921316864296943121), 5590474354989 candidates (MITM path)
  MITM b1=277: s=3 t=3 j=3 je=3 Q=21253933 table=91733851 yh=60943
stage b2=452 vs b1={278}: values [160887677674569844718827470848, 213077479576736094126128828416), 6120050975751 candidates (MITM path)
  MITM b1=278: s=3 t=3 j=3 je=3 Q=21484952 table=92345408 yh=66274
stage b2=453 vs b1={279}: values [164846686541113099864560007197, 222459234928734230114433331041), 6666960373493 candidates (MITM path)
  MITM b1=279: s=3 t=3 j=3 je=3 Q=21717639 table=92959677 yh=71719
stage b2=454 vs b1={280}: values [168894062222506223751543445504, 232218265089212416000000000000), 7231603635138 candidates (MITM path)
  MITM b1=280: s=3 t=3 j=3 je=3 Q=21952000 table=93576664 yh=77280
done: 46.57s, 111317354 candidates tested
