A171740 search: n=12, threads=1, limit=none
stage b2=248 vs b1={157}: values [218257154622460658242813952, 224282727500720205065439601), 25899313856 candidates (MITM path)
  MITM b1=157: s=4 t=2 j=2 je=3 Q=24649 table=61504 yh=421100
stage b2=249 vs b1={158}: values [228135472299766291637190249, 242038829185737332250382336), 58334245933 candidates (MITM path)
  MITM b1=158: s=4 t=2 j=2 je=3 Q=24964 table=62001 yh=940860
stage b2=250 vs b1={159}: values [238418579101562500000000000, 261075123337098804348567681), 92801205189 candidates (MITM path)
  MITM b1=159: s=4 t=2 j=2 je=3 Q=25281 table=62500 yh=1484820
stage b2=251 vs b1={160}: values [249121342886682932269065251, 281474976710656000000000000), 129384048694 candidates (MITM path)
  MITM b1=160: s=4 t=2 j=2 je=3 Q=25600 table=63001 yh=2053683
stage b2=252 vs b1={161}: values [260259114966540661762818048, 303326610665644763629211521), 168169167524 candidates (MITM path)
  MITM b1=161: s=4 t=2 j=2 je=3 Q=25921 table=63504 yh=2648167
stage b2=253 vs b1={162}: values [271847743804884990713499397, 326723350842869800400326656), 209245540241 candidates (MITM path)
  MITM b1=162: s=4 t=2 j=2 je=3 Q=26244 table=64009 yh=3269002
stage b2=254 vs b1={163}: values [283903589048977364007778304, 351763888007705494736404081), 252704787011 candidates (MITM path)
  MITM b1=163: s=4 t=2 j=2 je=3 Q=26569 table=64516 yh=3916933
stage b2=255 vs b1={164}: values [296443535898840969287109375, 378552550483148382977130496), 298641224378 candidates (MITM path)
  MITM b1=164: s=3 t=3 j=3 je=3 Q=4410944 table=16581375 yh=18011
stage b2=256 vs b1={165}: values [309485009821345068724781056, 407199588611568593994140625), 347151920687 candidates (MITM path)
  MITM b1=165: s=3 t=3 j=3 je=3 Q=4492125 table=16777216 yh=20692
stage b2=257 vs b1={166}: values [323045991615992848448948993, 437821471697555965584019456), 398336752154 candidates (MITM path)
  MITM b1=166: s=3 t=3 j=3 je=3 Q=4574296 table=16974593 yh=23467
stage b2=258 vs b1={167}: values [337145032839390594819950592, 470541197898347534873984161), 452298459597 candidates (MITM path)
  MITM b1=167: s=3 t=3 j=3 je=3 Q=4657463 table=17173512 yh=26337
stage b2=259 vs b1={168}: values [351801271595486322734724859, 505488617542763051300683776), 509142705815 candidates (MITM path)
  MITM b1=168: s=3 t=3 j=3 je=3 Q=4741632 table=17373979 yh=29305
stage b2=260 vs b1={169}: values [367034448698777600000000000, 542800770374370512771595361), 568978133625 candidates (MITM path)
  MITM b1=169: s=3 t=3 j=3 je=3 Q=4826809 table=17576000 yh=32373
stage b2=261 vs b1={170}: values [382864924217801243807760861, 582622237229761000000000000), 631916424555 candidates (MITM path)
  MITM b1=170: s=3 t=3 j=3 je=3 Q=4913000 table=17779581 yh=35542
stage b2=262 vs b1={171}: values [399313694406331820719986688, 625105506678337880602119441), 698072358197 candidates (MITM path)
  MITM b1=171: s=3 t=3 j=3 je=3 Q=5000211 table=17984728 yh=38815
stage b2=263 vs b1={172}: values [416402409029831470623291287, 670411357165926452996079616), 767563872214 candidates (MITM path)
  MITM b1=172: s=3 t=3 j=3 je=3 Q=5088448 table=18191447 yh=42194
stage b2=264 vs b1={173}: values [434153389094810508186353664, 718709255220793060317103921), 840512123014 candidates (MITM path)
  MITM b1=173: s=3 t=3 j=3 je=3 Q=5177717 table=18399744 yh=45681
stage b2=265 vs b1={174}: values [452589644988876542822265625, 770177770297334467043659776), 917041547079 candidates (MITM path)
  MITM b1=174: s=3 t=3 j=3 je=3 Q=5268024 table=18609625 yh=49278
stage b2=266 vs b1={175}: values [471734895039369510442428416, 825005006849765777587890625), 997279922960 candidates (MITM path)
  MITM b1=175: s=3 t=3 j=3 je=3 Q=5359375 table=18821096 yh=52988
stage b2=267 vs b1={176}: values [491613584498601037846604883, 883389054245605390183038976), 1081358433938 candidates (MITM path)
  MITM b1=176: s=3 t=3 j=3 je=3 Q=5451776 table=19034163 yh=56812
stage b2=268 vs b1={177}: values [512250904963838973923295232, 945538455146635506591955521), 1169411731339 candidates (MITM path)
  MITM b1=177: s=3 t=3 j=3 je=3 Q=5545233 table=19248832 yh=60753
stage b2=269 vs b1={178}: values [533672814240301731473788469, 1011672693003313726683222016), 1261577998530 candidates (MITM path)
  MITM b1=178: s=3 t=3 j=3 je=3 Q=5639752 table=19465109 yh=64813
stage b2=270 vs b1={179}: values [555906056655552300000000000, 1082022699327332498100696241), 1357999015566 candidates (MITM path)
  MITM b1=179: s=3 t=3 j=3 je=3 Q=5735339 table=19683000 yh=68994
stage b2=271 vs b1={180}: values [578978183833808423828407471, 1156831381426176000000000000), 1458820224516 candidates (MITM path)
  MITM b1=180: s=3 t=3 j=3 je=3 Q=5832000 table=19902511 yh=73299
stage b2=272 vs b1={181}: values [602917575938813502137827328, 1236354171303115835117980561), 1564190795454 candidates (MITM path)
  MITM b1=181: s=3 t=3 j=3 je=3 Q=5929741 table=20123648 yh=77729
stage b2=273 vs b1={182}: values [627753463394042268515136177, 1320859596446125189798629376), 1674263693114 candidates (MITM path)
  MITM b1=182: s=3 t=3 j=3 je=3 Q=6028568 table=20346417 yh=82288
stage b2=274 vs b1={183}: values [653515949089146258317953024, 1410629873249683485564270561), 1789195744224 candidates (MITM path)
  MITM b1=183: s=3 t=3 j=3 je=3 Q=6128487 table=20570824 yh=86978
stage b2=275 vs b1={184}: values [680236031081676483154296875, 1505961523834397662438752256), 1909147705507 candidates (MITM path)
  MITM b1=184: s=3 t=3 j=3 je=3 Q=6229504 table=20796875 yh=91800
stage b2=276 vs b1={185}: values [707945625803254614013771776, 1607166017050789863525390625), 2034284332353 candidates (MITM path)
  MITM b1=185: s=3 t=3 j=3 je=3 Q=6331625 table=21024576 yh=96758
stage b2=277 vs b1={186}: values [736677591779499338860277773, 1714570434475502278801821696), 2164774448165 candidates (MITM path)
  MITM b1=186: s=3 t=3 j=3 je=3 Q=6434856 table=21253933 yh=101853
stage b2=278 vs b1={187}: values [766465753873151417719887872, 1828518162230556187140793681), 2300791014382 candidates (MITM path)
  MITM b1=187: s=3 t=3 j=3 je=3 Q=6539203 table=21484952 yh=107089
stage b2=279 vs b1={188}: values [797344928059979319406571079, 1949369609479181830042157056), 2442511201172 candidates (MITM path)
  MITM b1=188: s=3 t=3 j=3 je=3 Q=6644672 table=21717639 yh=112467
stage b2=280 vs b1={189}: values [829350946747187200000000000, 2077502954475116767205550321), 2590116458803 candidates (MITM path)
  MITM b1=189: s=3 t=3 j=3 je=3 Q=6751269 table=21952000 yh=117990
stage b2=281 vs b1={190}: values [862520684644188385040795081, 2213314919066161000000000000), 2743792589691 candidates (MITM path)
  MITM b1=190: s=3 t=3 j=3 je=3 Q=6859000 table=22188041 yh=123661
stage b2=282 vs b1={191}: values [896892085195750456196179968, 2357221572577185690065114881), 2903729821120 candidates (MITM path)
  MITM b1=191: s=3 t=3 j=3 je=3 Q=6967871 table=22425768 yh=129482
stage b2=283 vs b1={192}: values [932504187587662529970024067, 2509659166022727122011815936), 3070122878651 candidates (MITM path)
  MITM b1=192: s=3 t=3 j=3 je=3 Q=7077888 table=22665187 yh=135456
stage b2=284 vs b1={193}: values [969397154335221362022416384, 2671084997624767126594464001), 3243171060198 candidates (MITM path)
  MITM b1=193: s=3 t=3 j=3 je=3 Q=7189057 table=22906304 yh=141585
stage b2=285 vs b1={194}: values [1007612299464980527001953125, 2841978310637314049208487936), 3423078310785 candidates (MITM path)
  MITM b1=194: s=3 t=3 j=3 je=3 Q=7301384 table=23149125 yh=147871
stage b2=286 vs b1={195}: values [1047192117300356121695451136, 3022841224505963164306640625), 3610053297996 candidates (MITM path)
  MITM b1=195: s=3 t=3 j=3 je=3 Q=7414875 table=23393656 yh=154318
stage b2=287 vs b1={196}: values [1088180311861833230021357663, 3214199700417740936751087616), 3804309488085 candidates (MITM path)
  MITM b1=196: s=3 t=3 j=3 je=3 Q=7529536 table=23639903 yh=160928
stage b2=288 vs b1={197}: values [1130621826892669783231168512, 3416604542324232545384738641), 4006065222786 candidates (MITM path)
  MITM b1=197: s=3 t=3 j=3 je=3 Q=7645373 table=23887872 yh=167703
stage b2=289 vs b1={198}: values [1174562876521148458974062689, 3630632434549265533578448896), 4215543796794 candidates (MITM path)
  MITM b1=198: s=3 t=3 j=3 je=3 Q=7762392 table=24137569 yh=174647
stage b2=290 vs b1={199}: values [1220050976570582900000000000, 3856887017121283350242637601), 4432973535937 candidates (MITM path)
  MITM b1=199: s=3 t=3 j=3 je=3 Q=7880599 table=24389000 yh=181762
stage b2=291 vs b1={200}: values [1267134976528441808641913691, 4096000000000000000000000000), 4658587876020 candidates (MITM path)
  MITM b1=200: s=3 t=3 j=3 je=3 Q=8000000 table=24642171 yh=189050
stage b2=292 vs b1={201}: values [1315865092186113398284484608, 4348632317396990233762642401), 4892625442368 candidates (MITM path)
  MITM b1=201: s=3 t=3 j=3 je=3 Q=8120601 table=24897088 yh=196514
stage b2=293 vs b1={202}: values [1366292938960993269291344957, 4615475323420547975828279296), 5135330130041 candidates (MITM path)
  MITM b1=202: s=3 t=3 j=3 je=3 Q=8242408 table=25153757 yh=204158

*** MATCH: 2340003392581980648556704636 is an 12-digit palindrome in bases 202 and 293
stage b2=294 vs b1={203}: values [1418471565912741035860383744, 4897252030306448390395044241), 5386951184744 candidates (MITM path)
  MITM b1=203: s=3 t=3 j=3 je=3 Q=8365427 table=25412184 yh=211984
stage b2=295 vs b1={204}: values [1472455490465714973583984375, 5194718390528185623763746816), 5647743284415 candidates (MITM path)
  MITM b1=204: s=3 t=3 j=3 je=3 Q=8489664 table=25672375 yh=219994
stage b2=296 vs b1={205}: values [1528300733849759596723306496, 5508664624112838398681640625), 5917966621507 candidates (MITM path)
  MITM b1=205: s=3 t=3 j=3 je=3 Q=8615125 table=25934336 yh=228191
stage b2=297 vs b1={206}: values [1586064857271688421018834553, 5839916592521948960554356736), 6197886985949 candidates (MITM path)
  MITM b1=206: s=3 t=3 j=3 je=3 Q=8741816 table=26198073 yh=236578
stage b2=298 vs b1={207}: values [1645806998829973233948977152, 6189337220490697154402830401), 6487775848805 candidates (MITM path)
  MITM b1=207: s=3 t=3 j=3 je=3 Q=8869743 table=26463592 yh=245159
stage b2=299 vs b1={208}: values [1707587911185321991450053299, 6557827967253220516257857536), 6787910446613 candidates (MITM path)
  MITM b1=208: s=3 t=3 j=3 je=3 Q=8998912 table=26730899 yh=253935
stage b2=300 vs b1={209}: values [1771470000000000000000000000, 6946330348617183160431238081), 7098573866416 candidates (MITM path)
  MITM b1=209: s=3 t=3 j=3 je=3 Q=9129329 table=27000000 yh=262911
stage b2=301 vs b1={210}: values [1837517363158923337459953301, 7355827511386641000000000000), 7420055131485 candidates (MITM path)
  MITM b1=210: s=3 t=3 j=3 je=3 Q=9261000 table=27270901 yh=272087
stage b2=302 vs b1={211}: values [1905795830785729527017781248, 7787345861668898615544483121), 7752649287724 candidates (MITM path)
  MITM b1=211: s=3 t=3 j=3 je=3 Q=9393931 table=27543608 yh=281469
stage b2=303 vs b1={212}: values [1976373006067208317880888847, 8241956748638414149261459456), 8096657490776 candidates (MITM path)
  MITM b1=212: s=3 t=3 j=3 je=3 Q=9528128 table=27818127 yh=291057
stage b2=304 vs b1={213}: values [2049318306899655055957295104, 8720778205368893309992171281), 8452387093815 candidates (MITM path)
  MITM b1=213: s=3 t=3 j=3 je=3 Q=9663597 table=28094464 yh=300856
stage b2=305 vs b1={214}: values [2124703008370890559619140625, 9224976748383532391296208896), 8820151736025 candidates (MITM path)
  MITM b1=214: s=3 t=3 j=3 je=3 Q=9800344 table=28372625 yh=310869
stage b2=306 vs b1={215}: values [2202600286091874661776377856, 9755769237612933691650390625), 9200271431781 candidates (MITM path)
  MITM b1=215: s=3 t=3 j=3 je=3 Q=9938375 table=28652616 yh=321098
stage b2=307 vs b1={216}: values [2283085260392025651955298443, 10314424798490535546171949056), 9593072660513 candidates (MITM path)
  MITM b1=216: s=3 t=3 j=3 je=3 Q=10077696 table=28934443 yh=331546
done: 92.02s, 18701555 candidates tested
