A171740 search: n=12, threads=1, limit=none
stage b2=85 vs b1={59}: values [1673432436896142578125, 1779197418239532716881), 280432500 candidates (MITM path)
  MITM b1=59: s=4 t=2 j=2 je=3 Q=3481 table=7225 yh=38815
stage b2=86 vs b1={60}: values [1903193578437064103936, 2176782336000000000000), 676250408 candidates (MITM path)
  MITM b1=60: s=4 t=2 j=2 je=3 Q=3600 table=7396 yh=91435
stage b2=87 vs b1={61}: values [2161283703465490489863, 2654348974297586158321), 1137074443 candidates (MITM path)
  MITM b1=61: s=4 t=2 j=2 je=3 Q=3721 table=7569 yh=150228
stage b2=88 vs b1={62}: values [2450808588882738675712, 3226266762397899821056), 1669791881 candidates (MITM path)
  MITM b1=62: s=3 t=3 j=3 je=3 Q=238328 table=681472 yh=2451
stage b2=89 vs b1={63}: values [2775173073766990340489, 3909188328478827879681), 2281806731 candidates (MITM path)
  MITM b1=63: s=3 t=3 j=3 je=3 Q=250047 table=704969 yh=3237
stage b2=90 vs b1={64}: values [3138105960900000000000, 4722366482869645213696), 2981065673 candidates (MITM path)
  MITM b1=64: s=3 t=3 j=3 je=3 Q=262144 table=729000 yh=4090
stage b2=91 vs b1={65}: values [3543686674874777831491, 5688009063105712890625), 3776084690 candidates (MITM path)
  MITM b1=65: s=3 t=3 j=3 je=3 Q=274625 table=753571 yh=5011
stage b2=92 vs b1={66}: values [3996373778857415671808, 6831675453247426400256), 4675976397 candidates (MITM path)
  MITM b1=66: s=3 t=3 j=3 je=3 Q=287496 table=778688 yh=6005
stage b2=93 vs b1={67}: values [4501035456767426597157, 8182718904632857144561), 5690478067 candidates (MITM path)
  MITM b1=67: s=3 t=3 j=3 je=3 Q=300763 table=804357 yh=7075
stage b2=94 vs b1={68}: values [5062982072492057196544, 9774779120406941925376), 6829980349 candidates (MITM path)
  MITM b1=68: s=3 t=3 j=3 je=3 Q=314432 table=830584 yh=8224
stage b2=95 vs b1={69}: values [5688000922764599609375, 11646329922777311412561), 8105556702 candidates (MITM path)
  MITM b1=69: s=3 t=3 j=3 je=3 Q=328509 table=857375 yh=9454
stage b2=96 vs b1={70}: values [6382393305518410039296, 13841287201000000000000), 9528993507 candidates (MITM path)
  MITM b1=70: s=3 t=3 j=3 je=3 Q=343000 table=884736 yh=10771

*** MATCH: 10968828369944861921665 is an 12-digit palindrome in bases 70 and 96
stage b2=97 vs b1={71}: values [7153014030880804126753, 16409682740640811134241), 11112820906 candidates (MITM path)
  MITM b1=71: s=3 t=3 j=3 je=3 Q=357911 table=912673 yh=12177
stage b2=98 vs b1={72}: values [8007313507497959524352, 19408409961765342806016), 12870344320 candidates (MITM path)
  MITM b1=72: s=3 t=3 j=3 je=3 Q=373248 table=941192 yh=13675
stage b2=99 vs b1={73}: values [8953382542587164451099, 22902048046490258711521), 14815676691 candidates (MITM path)
  MITM b1=73: s=3 t=3 j=3 je=3 Q=389017 table=970299 yh=15270
stage b2=100 vs b1={74}: values [10000000000000000000000, 26963771415920784510976), 16963771416 candidates (MITM path)
  MITM b1=74: s=3 t=3 j=3 je=3 Q=405224 table=1000000 yh=16964
done: 0.30s, 344397 candidates tested
