A171740 search: n=12, threads=1, limit=none
stage b2=262 vs b1={165}: values [399313694406331820719986688, 407199588611568593994140625), 24380533152 candidates (MITM path)
  MITM b1=165: s=4 t=2 j=2 je=3 Q=27225 table=68644 yh=355174
stage b2=263 vs b1={166}: values [416402409029831470623291287, 437821471697555965584019456), 64724092601 candidates (MITM path)
  MITM b1=166: s=4 t=2 j=2 je=3 Q=27556 table=69169 yh=935739
stage b2=264 vs b1={167}: values [434153389094810508186353664, 470541197898347534873984161), 107481159485 candidates (MITM path)
  MITM b1=167: s=4 t=2 j=2 je=3 Q=27889 table=69696 yh=1542143
stage b2=265 vs b1={168}: values [452589644988876542822265625, 505488617542763051300683776), 152746755197 candidates (MITM path)
  MITM b1=168: s=4 t=2 j=2 je=3 Q=28224 table=70225 yh=2175106
stage b2=266 vs b1={169}: values [471734895039369510442428416, 542800770374370512771595361), 200618643667 candidates (MITM path)
  MITM b1=169: s=4 t=2 j=2 je=3 Q=28561 table=70756 yh=2835359
stage b2=267 vs b1={170}: values [491613584498601037846604883, 582622237229761000000000000), 251197386748 candidates (MITM path)
  MITM b1=170: s=4 t=2 j=2 je=3 Q=28900 table=71289 yh=3523649
stage b2=268 vs b1={171}: values [512250904963838973923295232, 625105506678337880602119441), 304586400244 candidates (MITM path)
  MITM b1=171: s=4 t=2 j=2 je=3 Q=29241 table=71824 yh=4240733
stage b2=269 vs b1={172}: values [533672814240301731473788469, 670411357165926452996079616), 360892010585 candidates (MITM path)
  MITM b1=172: s=3 t=3 j=3 je=3 Q=5088448 table=19465109 yh=18541
stage b2=270 vs b1={173}: values [555906056655552300000000000, 718709255220793060317103921), 420223512147 candidates (MITM path)
  MITM b1=173: s=3 t=3 j=3 je=3 Q=5177717 table=19683000 yh=21350
stage b2=271 vs b1={174}: values [578978183833808423828407471, 770177770297334467043659776), 482693225225 candidates (MITM path)
  MITM b1=174: s=3 t=3 j=3 je=3 Q=5268024 table=19902511 yh=24253
stage b2=272 vs b1={175}: values [602917575938813502137827328, 825005006849765777587890625), 548416554647 candidates (MITM path)
  MITM b1=175: s=3 t=3 j=3 je=3 Q=5359375 table=20123648 yh=27253
stage b2=273 vs b1={176}: values [627753463394042268515136177, 883389054245605390183038976), 617512049051 candidates (MITM path)
  MITM b1=176: s=3 t=3 j=3 je=3 Q=5451776 table=20346417 yh=30350
stage b2=274 vs b1={177}: values [653515949089146258317953024, 945538455146635506591955521), 690101460801 candidates (MITM path)
  MITM b1=177: s=3 t=3 j=3 je=3 Q=5545233 table=20570824 yh=33548
stage b2=275 vs b1={178}: values [680236031081676483154296875, 1011672693003313726683222016), 766309806567 candidates (MITM path)
  MITM b1=178: s=3 t=3 j=3 je=3 Q=5639752 table=20796875 yh=36848
stage b2=276 vs b1={179}: values [707945625803254614013771776, 1082022699327332498100696241), 846265428553 candidates (MITM path)
  MITM b1=179: s=3 t=3 j=3 je=3 Q=5735339 table=21024576 yh=40252
stage b2=277 vs b1={180}: values [736677591779499338860277773, 1156831381426176000000000000), 930100056382 candidates (MITM path)
  MITM b1=180: s=3 t=3 j=3 je=3 Q=5832000 table=21253933 yh=43762
stage b2=278 vs b1={181}: values [766465753873151417719887872, 1236354171303115835117980561), 1017948869640 candidates (MITM path)
  MITM b1=181: s=3 t=3 j=3 je=3 Q=5929741 table=21484952 yh=47380
stage b2=279 vs b1={182}: values [797344928059979319406571079, 1320859596446125189798629376), 1109950561073 candidates (MITM path)
  MITM b1=182: s=3 t=3 j=3 je=3 Q=6028568 table=21717639 yh=51109
stage b2=280 vs b1={183}: values [829350946747187200000000000, 1410629873249683485564270561), 1206247400451 candidates (MITM path)
  MITM b1=183: s=3 t=3 j=3 je=3 Q=6128487 table=21952000 yh=54950
stage b2=281 vs b1={184}: values [862520684644188385040795081, 1505961523834397662438752256), 1306985299082 candidates (MITM path)
  MITM b1=184: s=3 t=3 j=3 je=3 Q=6229504 table=22188041 yh=58905
stage b2=282 vs b1={185}: values [896892085195750456196179968, 1607166017050789863525390625), 1412313874994 candidates (MITM path)
  MITM b1=185: s=3 t=3 j=3 je=3 Q=6331625 table=22425768 yh=62978
stage b2=283 vs b1={186}: values [932504187587662529970024067, 1714570434475502278801821696), 1522386518777 candidates (MITM path)
  MITM b1=186: s=3 t=3 j=3 je=3 Q=6434856 table=22665187 yh=67169
stage b2=284 vs b1={187}: values [969397154335221362022416384, 1828518162230556187140793681), 1637360460088 candidates (MITM path)
  MITM b1=187: s=3 t=3 j=3 je=3 Q=6539203 table=22906304 yh=71481
stage b2=285 vs b1={188}: values [1007612299464980527001953125, 1949369609479181830042157056), 1757396834819 candidates (MITM path)
  MITM b1=188: s=3 t=3 j=3 je=3 Q=6644672 table=23149125 yh=75917
stage b2=286 vs b1={189}: values [1047192117300356121695451136, 2077502954475116767205550321), 1882660752933 candidates (MITM path)
  MITM b1=189: s=3 t=3 j=3 je=3 Q=6751269 table=23393656 yh=80478
stage b2=287 vs b1={190}: values [1088180311861833230021357663, 2213314919066161000000000000), 2013321366965 candidates (MITM path)
  MITM b1=190: s=3 t=3 j=3 je=3 Q=6859000 table=23639903 yh=85167
stage b2=288 vs b1={191}: values [1130621826892669783231168512, 2357221572577185690065114881), 2149551941182 candidates (MITM path)
  MITM b1=191: s=3 t=3 j=3 je=3 Q=6967871 table=23887872 yh=89986
stage b2=289 vs b1={192}: values [1174562876521148458974062689, 2509659166022727122011815936), 2291529921429 candidates (MITM path)
  MITM b1=192: s=3 t=3 j=3 je=3 Q=7077888 table=24137569 yh=94937
stage b2=290 vs b1={193}: values [1220050976570582900000000000, 2671084997624767126594464001), 2439437005622 candidates (MITM path)
  MITM b1=193: s=3 t=3 j=3 je=3 Q=7189057 table=24389000 yh=100023

*** MATCH: 2572533826730206170606792792 is an 12-digit palindrome in bases 193 and 290
stage b2=291 vs b1={194}: values [1267134976528441808641913691, 2841978310637314049208487936), 2593459214928 candidates (MITM path)
  MITM b1=194: s=3 t=3 j=3 je=3 Q=7301384 table=24642171 yh=105245
stage b2=292 vs b1={195}: values [1315865092186113398284484608, 3022841224505963164306640625), 2753786965606 candidates (MITM path)
  MITM b1=195: s=3 t=3 j=3 je=3 Q=7414875 table=24897088 yh=110607
stage b2=293 vs b1={196}: values [1366292938960993269291344957, 3214199700417740936751087616), 2920615141521 candidates (MITM path)
  MITM b1=196: s=3 t=3 j=3 je=3 Q=7529536 table=25153757 yh=116111
stage b2=294 vs b1={197}: values [1418471565912741035860383744, 3416604542324232545384738641), 3094143167334 candidates (MITM path)
  MITM b1=197: s=3 t=3 j=3 je=3 Q=7645373 table=25412184 yh=121759
stage b2=295 vs b1={198}: values [1472455490465714973583984375, 3630632434549265533578448896), 3274575082358 candidates (MITM path)
  MITM b1=198: s=3 t=3 j=3 je=3 Q=7762392 table=25672375 yh=127553
stage b2=296 vs b1={199}: values [1528300733849759596723306496, 3856887017121283350242637601), 3462119615096 candidates (MITM path)
  MITM b1=199: s=3 t=3 j=3 je=3 Q=7880599 table=25934336 yh=133496
stage b2=297 vs b1={200}: values [1586064857271688421018834553, 4096000000000000000000000000), 3656990258448 candidates (MITM path)
  MITM b1=200: s=3 t=3 j=3 je=3 Q=8000000 table=26198073 yh=139591
stage b2=298 vs b1={201}: values [1645806998829973233948977152, 4348632317396990233762642401), 3859405345592 candidates (MITM path)
  MITM b1=201: s=3 t=3 j=3 je=3 Q=8120601 table=26463592 yh=145839
stage b2=299 vs b1={202}: values [1707587911185321991450053299, 4615475323420547975828279296), 4069588126549 candidates (MITM path)
  MITM b1=202: s=3 t=3 j=3 je=3 Q=8242408 table=26730899 yh=152243
stage b2=300 vs b1={203}: values [1771470000000000000000000000, 4897252030306448390395044241), 4287766845414 candidates (MITM path)
  MITM b1=203: s=3 t=3 j=3 je=3 Q=8365427 table=27000000 yh=158807
stage b2=301 vs b1={204}: values [1837517363158923337459953301, 5194718390528185623763746816), 4514174818274 candidates (MITM path)
  MITM b1=204: s=3 t=3 j=3 je=3 Q=8489664 table=27270901 yh=165531
stage b2=302 vs b1={205}: values [1905795830785729527017781248, 5508664624112838398681640625), 4749050511801 candidates (MITM path)
  MITM b1=205: s=3 t=3 j=3 je=3 Q=8615125 table=27543608 yh=172420
stage b2=303 vs b1={206}: values [1976373006067208317880888847, 5839916592521948960554356736), 4992637622520 candidates (MITM path)
  MITM b1=206: s=3 t=3 j=3 je=3 Q=8741816 table=27818127 yh=179475
stage b2=304 vs b1={207}: values [2049318306899655055957295104, 6189337220490697154402830401), 5245185156763 candidates (MITM path)
  MITM b1=207: s=3 t=3 j=3 je=3 Q=8869743 table=28094464 yh=186699
stage b2=305 vs b1={208}: values [2124703008370890559619140625, 6557827967253220516257857536), 5506947511299 candidates (MITM path)
  MITM b1=208: s=3 t=3 j=3 je=3 Q=8998912 table=28372625 yh=194094
stage b2=306 vs b1={209}: values [2202600286091874661776377856, 6946330348617183160431238081), 5778184554649 candidates (MITM path)
  MITM b1=209: s=3 t=3 j=3 je=3 Q=9129329 table=28652616 yh=201664
stage b2=307 vs b1={210}: values [2283085260392025651955298443, 7355827511386641000000000000), 6059161709078 candidates (MITM path)
  MITM b1=210: s=3 t=3 j=3 je=3 Q=9261000 table=28934443 yh=209411
stage b2=308 vs b1={211}: values [2366235041392544762971553792, 7787345861668898615544483121), 6350150033271 candidates (MITM path)
  MITM b1=211: s=3 t=3 j=3 je=3 Q=9393931 table=29218112 yh=217337
stage b2=309 vs b1={212}: values [2452128774972233608245132909, 8241956748638414149261459456), 6651426305696 candidates (MITM path)
  MITM b1=212: s=3 t=3 j=3 je=3 Q=9528128 table=29503629 yh=225445
stage b2=310 vs b1={213}: values [2540847689640483100000000000, 8720778205368893309992171281), 6963273108643 candidates (MITM path)
  MITM b1=213: s=3 t=3 j=3 je=3 Q=9663597 table=29791000 yh=233738
done: 82.05s, 17629146 candidates tested
