A171740 search: n=12, threads=1, limit=none
stage b2=355 vs b1={218}: values [11285268170004959241748046875, 11520674946182735813538942976), 117611243428 candidates (MITM path)
  MITM b1=218: s=4 t=2 j=2 je=3 Q=47524 table=126025 yh=933238
stage b2=356 vs b1={219}: values [11639919523993182653074374656, 12171087315874829579909431761), 260934644923 candidates (MITM path)
  MITM b1=219: s=4 t=2 j=2 je=3 Q=47961 table=126736 yh=2058884
stage b2=357 vs b1={220}: values [12004674177479860045321072893, 12855002631049216000000000000), 410749851360 candidates (MITM path)
  MITM b1=220: s=4 t=2 j=2 je=3 Q=48400 table=127449 yh=3222857
stage b2=358 vs b1={221}: values [12379790436996519307878356992, 13573982477229290545823357041), 567251969259 candidates (MITM path)
  MITM b1=221: s=4 t=2 j=2 je=3 Q=48841 table=128164 yh=4425986
stage b2=359 vs b1={222}: values [12765532462721932175857515959, 14329653645048357641297596416), 730640439851 candidates (MITM path)
  MITM b1=222: s=4 t=2 j=2 je=3 Q=49284 table=128881 yh=5669110
stage b2=360 vs b1={223}: values [13162170384226713600000000000, 15123710539293666054338805121), 901119107146 candidates (MITM path)
  MITM b1=223: s=4 t=2 j=2 je=3 Q=49729 table=129600 yh=6953080
stage b2=361 vs b1={224}: values [13569980418174090907801371961, 15957917665472413585874354176), 1078896286619 candidates (MITM path)
  MITM b1=224: s=4 t=2 j=2 je=3 Q=50176 table=130321 yh=8278761
stage b2=362 vs b1={225}: values [13989244988004316189622233088, 16834112196028232574462890625), 1264184834529 candidates (MITM path)
  MITM b1=225: s=4 t=2 j=2 je=3 Q=50625 table=131044 yh=9647026
stage b2=363 vs b1={226}: values [14420252845630503161941475187, 17754206618385148880104984576), 1457202217862 candidates (MITM path)
  MITM b1=226: s=4 t=2 j=2 je=3 Q=51076 table=131769 yh=11058764
stage b2=364 vs b1={227}: values [14863299195173980157734027264, 18720191467045367574023614321), 1658170584916 candidates (MITM path)
  MITM b1=227: s=3 t=3 j=3 je=3 Q=11697083 table=48228544 yh=34382
stage b2=365 vs b1={228}: values [15318685818767563885595703125, 19734138142017490453021065216), 1867316836499 candidates (MITM path)
  MITM b1=228: s=3 t=3 j=3 je=3 Q=11852352 table=48627125 yh=38401
stage b2=366 vs b1={229}: values [15786721204455474199101782016, 20798201815902925734870098641), 2084872697779 candidates (MITM path)
  MITM b1=229: s=3 t=3 j=3 je=3 Q=12008989 table=49027896 yh=42525
stage b2=367 vs b1={230}: values [16267720676218928340423448783, 21914624432020321000000000000), 2311074790753 candidates (MITM path)
  MITM b1=230: s=3 t=3 j=3 je=3 Q=12167000 table=49430863 yh=46754
stage b2=368 vs b1={231}: values [16762006526156773981926981632, 23085737796000848857434784161), 2546164707358 candidates (MITM path)
  MITM b1=231: s=3 t=3 j=3 je=3 Q=12326391 table=49836032 yh=51091
stage b2=369 vs b1={232}: values [17269908148850843900874319569, 24313966763341113270967730176), 2790389083219 candidates (MITM path)
  MITM b1=232: s=3 t=3 j=3 je=3 Q=12487168 table=50243409 yh=55538
stage b2=370 vs b1={233}: values [17791762177946041300000000000, 25601832525455335435322705761), 3043999672028 candidates (MITM path)
  MITM b1=233: s=3 t=3 j=3 je=3 Q=12649337 table=50653000 yh=60096
stage b2=371 vs b1={234}: values [18327912624975493645267978571, 26951955996824334101419462656), 3307253420568 candidates (MITM path)
  MITM b1=234: s=3 t=3 j=3 je=3 Q=12812904 table=51064811 yh=64766
stage b2=372 vs b1={235}: values [18878711020461444446161993728, 28367061305895648984619140625), 3580412544370 candidates (MITM path)
  MITM b1=235: s=3 t=3 j=3 je=3 Q=12977875 table=51478848 yh=69552
stage b2=373 vs b1={236}: values [19444516557322886668124300077, 29849979392446980130179383296), 3863744604013 candidates (MITM path)
  MITM b1=236: s=3 t=3 j=3 je=3 Q=13144256 table=51895117 yh=74453
stage b2=374 vs b1={237}: values [20025696236621278455959066624, 31403651714183943747186386481), 4157522582067 candidates (MITM path)
  MITM b1=237: s=3 t=3 j=3 je=3 Q=13312053 table=52313624 yh=79474
stage b2=375 vs b1={238}: values [20622625015676021575927734375, 33031134065402989058412384256), 4462024960675 candidates (MITM path)
  MITM b1=238: s=3 t=3 j=3 je=3 Q=13481272 table=52734375 yh=84614
stage b2=376 vs b1={239}: values [21235685958581725467693285376, 34735600510611194263176918721), 4777535799777 candidates (MITM path)
  MITM b1=239: s=3 t=3 j=3 je=3 Q=13651919 table=53157376 yh=89876
stage b2=377 vs b1={240}: values [21865270389159625050067741673, 36520347436056576000000000000), 5104344815985 candidates (MITM path)
  MITM b1=240: s=3 t=3 j=3 je=3 Q=13824000 table=53582633 yh=95262
stage b2=378 vs b1={241}: values [22511778046375868461571254272, 38388797722185519065061084481), 5442747462093 candidates (MITM path)
  MITM b1=241: s=3 t=3 j=3 je=3 Q=13997521 table=54010152 yh=100773
stage b2=379 vs b1={242}: values [23175617242259741753050742179, 40344505040107975043939700736), 5793045007243 candidates (MITM path)
  MITM b1=242: s=3 t=3 j=3 je=3 Q=14172488 table=54439939 yh=106412
stage b2=380 vs b1={243}: values [23857205022355251200000000000, 42391158275216203514294433201), 6155544617731 candidates (MITM path)
  MITM b1=243: s=3 t=3 j=3 je=3 Q=14348907 table=54872000 yh=112181
stage b2=381 vs b1={244}: values [24556967328739840381780226181, 44532586081169051256761614336), 6530559438463 candidates (MITM path)
  MITM b1=244: s=3 t=3 j=3 je=3 Q=14526784 table=55306341 yh=118080
stage b2=382 vs b1={245}: values [25275339165644378498708666368, 46772761567521097265869140625), 6918408675058 candidates (MITM path)
  MITM b1=245: s=3 t=3 j=3 je=3 Q=14706125 table=55742968 yh=124113
stage b2=383 vs b1={246}: values [26012764767708918581052067967, 49115807124344448192809865216), 7319417676609 candidates (MITM path)
  MITM b1=246: s=3 t=3 j=3 je=3 Q=14886936 table=56181887 yh=130281
stage b2=384 vs b1={247}: values [26769697770909089301459369984, 51565999387260564203827465441), 7733918019080 candidates (MITM path)
  MITM b1=247: s=3 t=3 j=3 je=3 Q=15069223 table=56623104 yh=136586
stage b2=385 vs b1={248}: values [27546601386188352049462890625, 54127774346370243244217860096), 8162247589368 candidates (MITM path)
  MITM b1=248: s=3 t=3 j=3 je=3 Q=15252992 table=57066625 yh=143031

*** MATCH: 34568951910625664726557183206 is an 12-digit palindrome in bases 248 and 385
stage b2=386 vs b1={249}: values [28343948575831725778577524736, 56805732602641806617660372001), 8604750670009 candidates (MITM path)
  MITM b1=249: s=3 t=3 j=3 je=3 Q=15438249 table=57512456 yh=149616
stage b2=387 vs b1={250}: values [29162222232616955908481341563, 59604644775390625000000000000), 9061778024542 candidates (MITM path)
  MITM b1=250: s=3 t=3 j=3 je=3 Q=15625000 table=57960603 yh=156344
stage b2=388 vs b1={251}: values [30001915361779480272056614912, 62529457064557415999535378001), 9533686983522 candidates (MITM path)
  MITM b1=251: s=3 t=3 j=3 je=3 Q=15813251 table=58411072 yh=163218
stage b2=389 vs b1={252}: values [30863531265827924755035773789, 65585296971568246764230148096), 10020841531193 candidates (MITM path)
  MITM b1=252: s=3 t=3 j=3 je=3 Q=16003008 table=58863869 yh=170238
stage b2=390 vs b1={253}: values [31747583732247243900000000000, 68777479182635902650515347441), 10523612392812 candidates (MITM path)
  MITM b1=253: s=3 t=3 j=3 je=3 Q=16194277 table=59319000 yh=177408
stage b2=391 vs b1={254}: values [32654597224127007351927104791, 72111511618440250457975689216), 11042377122634 candidates (MITM path)
  MITM b1=254: s=3 t=3 j=3 je=3 Q=16387064 table=59776471 yh=184728
stage b2=392 vs b1={255}: values [33585107073752721624827691008, 75593101654204447168212890625), 11577520192549 candidates (MITM path)
  MITM b1=255: s=3 t=3 j=3 je=3 Q=16581375 table=60236288 yh=192202
stage b2=393 vs b1={256}: values [34539659679198468283732168857, 79228162514264337593543950336), 12129433081382 candidates (MITM path)
  MITM b1=256: s=3 t=3 j=3 je=3 Q=16777216 table=60698457 yh=199831
done: 139.48s, 54129393 candidates tested
