A171740 search: n=12, threads=1, limit=none
stage b2=295 vs b1={184}: values [1472455490465714973583984375, 1505961523834397662438752256), 50838288436 candidates (MITM path)
  MITM b1=184: s=4 t=2 j=2 je=3 Q=33856 table=87025 yh=584181
stage b2=296 vs b1={185}: values [1528300733849759596723306496, 1607166017050789863525390625), 117256142013 candidates (MITM path)
  MITM b1=185: s=4 t=2 j=2 je=3 Q=34225 table=87616 yh=1338296
stage b2=297 vs b1={186}: values [1586064857271688421018834553, 1714570434475502278801821696), 187233381449 candidates (MITM path)
  MITM b1=186: s=4 t=2 j=2 je=3 Q=34596 table=88209 yh=2122611
stage b2=298 vs b1={187}: values [1645806998829973233948977152, 1828518162230556187140793681), 260896046772 candidates (MITM path)
  MITM b1=187: s=4 t=2 j=2 je=3 Q=34969 table=88804 yh=2937887
stage b2=299 vs b1={188}: values [1707587911185321991450053299, 1949369609479181830042157056), 338373461247 candidates (MITM path)
  MITM b1=188: s=4 t=2 j=2 je=3 Q=35344 table=89401 yh=3784896
stage b2=300 vs b1={189}: values [1771470000000000000000000000, 2077502954475116767205550321), 419798291462 candidates (MITM path)
  MITM b1=189: s=4 t=2 j=2 je=3 Q=35721 table=90000 yh=4664426
stage b2=301 vs b1={190}: values [1837517363158923337459953301, 2213314919066161000000000000), 505306608040 candidates (MITM path)
  MITM b1=190: s=4 t=2 j=2 je=3 Q=36100 table=90601 yh=5577275
stage b2=302 vs b1={191}: values [1905795830785729527017781248, 2357221572577185690065114881), 595037947001 candidates (MITM path)
  MITM b1=191: s=4 t=2 j=2 je=3 Q=36481 table=91204 yh=6524253
stage b2=303 vs b1={192}: values [1976373006067208317880888847, 2509659166022727122011815936), 689135371761 candidates (MITM path)
  MITM b1=192: s=3 t=3 j=3 je=3 Q=7077888 table=27818127 yh=24773
stage b2=304 vs b1={193}: values [2049318306899655055957295104, 2671084997624767126594464001), 787745535765 candidates (MITM path)
  MITM b1=193: s=3 t=3 j=3 je=3 Q=7189057 table=28094464 yh=28040
stage b2=305 vs b1={194}: values [2124703008370890559619140625, 2841978310637314049208487936), 891018745777 candidates (MITM path)
  MITM b1=194: s=3 t=3 j=3 je=3 Q=7301384 table=28372625 yh=31405
stage b2=306 vs b1={195}: values [2202600286091874661776377856, 3022841224505963164306640625), 999109025802 candidates (MITM path)
  MITM b1=195: s=3 t=3 j=3 je=3 Q=7414875 table=28652616 yh=34870
stage b2=307 vs b1={196}: values [2283085260392025651955298443, 3214199700417740936751087616), 1112174181661 candidates (MITM path)
  MITM b1=196: s=3 t=3 j=3 je=3 Q=7529536 table=28934443 yh=38438
stage b2=308 vs b1={197}: values [2366235041392544762971553792, 3416604542324232545384738641), 1230375866205 candidates (MITM path)
  MITM b1=197: s=3 t=3 j=3 je=3 Q=7645373 table=29218112 yh=42111
stage b2=309 vs b1={198}: values [2452128774972233608245132909, 3630632434549265533578448896), 1353879645185 candidates (MITM path)
  MITM b1=198: s=3 t=3 j=3 je=3 Q=7762392 table=29503629 yh=45889
stage b2=310 vs b1={199}: values [2540847689640483100000000000, 3856887017121283350242637601), 1482855063765 candidates (MITM path)
  MITM b1=199: s=3 t=3 j=3 je=3 Q=7880599 table=29791000 yh=49776
stage b2=311 vs b1={200}: values [2632475144332304877738303911, 4096000000000000000000000000), 1617475713685 candidates (MITM path)
  MITM b1=200: s=3 t=3 j=3 je=3 Q=8000000 table=30080231 yh=53773
stage b2=312 vs b1={201}: values [2727096677140470662732709888, 4348632317396990233762642401), 1757919301076 candidates (MITM path)
  MITM b1=201: s=3 t=3 j=3 je=3 Q=8120601 table=30371328 yh=57881
stage b2=313 vs b1={202}: values [2824800055000021240134845737, 4615475323420547975828279296), 1904367714929 candidates (MITM path)
  MITM b1=202: s=3 t=3 j=3 je=3 Q=8242408 table=30664297 yh=62104
stage b2=314 vs b1={203}: values [2925675324340604967987390464, 4897252030306448390395044241), 2057007096216 candidates (MITM path)
  MITM b1=203: s=3 t=3 j=3 je=3 Q=8365427 table=30959144 yh=66443
stage b2=315 vs b1={204}: values [3029814862722305834326171875, 5194718390528185623763746816), 2216027907657 candidates (MITM path)
  MITM b1=204: s=3 t=3 j=3 je=3 Q=8489664 table=31255875 yh=70900
stage b2=316 vs b1={205}: values [3137313431470823142080905216, 5508664624112838398681640625), 2381625004159 candidates (MITM path)
  MITM b1=205: s=3 t=3 j=3 je=3 Q=8615125 table=31554496 yh=75477
stage b2=317 vs b1={206}: values [3248268229328068909082939333, 5839916592521948960554356736), 2553997703893 candidates (MITM path)
  MITM b1=206: s=3 t=3 j=3 je=3 Q=8741816 table=31855013 yh=80176
stage b2=318 vs b1={207}: values [3362778947134455039659538432, 6189337220490697154402830401), 2733349860041 candidates (MITM path)
  MITM b1=207: s=3 t=3 j=3 je=3 Q=8869743 table=32157432 yh=85000
stage b2=319 vs b1={208}: values [3480947823559350267570691519, 6557827967253220516257857536), 2919889933192 candidates (MITM path)
  MITM b1=208: s=3 t=3 j=3 je=3 Q=8998912 table=32461759 yh=89949
stage b2=320 vs b1={209}: values [3602879701896396800000000000, 6946330348617183160431238081), 3113831064404 candidates (MITM path)
  MITM b1=209: s=3 t=3 j=3 je=3 Q=9129329 table=32768000 yh=95027
stage b2=321 vs b1={210}: values [3728682087940588521559555521, 7355827511386641000000000000), 3315391148924 candidates (MITM path)
  MITM b1=210: s=3 t=3 j=3 je=3 Q=9261000 table=33076161 yh=100236
stage b2=322 vs b1={211}: values [3858465208964226558463510528, 7787345861668898615544483121), 3524792910561 candidates (MITM path)
  MITM b1=211: s=3 t=3 j=3 je=3 Q=9393931 table=33386248 yh=105577
stage b2=323 vs b1={212}: values [3992342073809083968859805627, 8241956748638414149261459456), 3742263976737 candidates (MITM path)
  MITM b1=212: s=3 t=3 j=3 je=3 Q=9528128 table=33698267 yh=111053
stage b2=324 vs b1={213}: values [4130428534112329328517709824, 8720778205368893309992171281), 3968036954183 candidates (MITM path)
  MITM b1=213: s=3 t=3 j=3 je=3 Q=9663597 table=34012224 yh=116666
stage b2=325 vs b1={214}: values [4272843346683979034423828125, 9224976748383532391296208896), 4202349505307 candidates (MITM path)
  MITM b1=214: s=3 t=3 j=3 je=3 Q=9800344 table=34328125 yh=122418
stage b2=326 vs b1={215}: values [4419708237053870265154328576, 9755769237612933691650390625), 4445444425233 candidates (MITM path)
  MITM b1=215: s=3 t=3 j=3 je=3 Q=9938375 table=34645976 yh=128311
stage b2=327 vs b1={216}: values [4571147964206370729019547223, 10314424798490535546171949056), 4697569719487 candidates (MITM path)
  MITM b1=216: s=3 t=3 j=3 je=3 Q=10077696 table=34965783 yh=134348
stage b2=328 vs b1={217}: values [4727290386521267611811971072, 10902266807956484097280908961), 4958978682369 candidates (MITM path)
  MITM b1=217: s=3 t=3 j=3 je=3 Q=10218313 table=35287552 yh=140531
stage b2=329 vs b1={218}: values [4888266528939506518462919129, 11520674946182735813538942976), 5229929975976 candidates (MITM path)
  MITM b1=218: s=3 t=3 j=3 je=3 Q=10360232 table=35611289 yh=146862
stage b2=330 vs b1={219}: values [5054210651372681700000000000, 12171087315874829579909431761), 5510687709904 candidates (MITM path)
  MITM b1=219: s=3 t=3 j=3 je=3 Q=10503459 table=35937000 yh=153344
stage b2=331 vs b1={220}: values [5225260318375411481909498131, 12855002631049216000000000000), 5801521521609 candidates (MITM path)
  MITM b1=220: s=3 t=3 j=3 je=3 Q=10648000 table=36264691 yh=159978
stage b2=332 vs b1={221}: values [5401556470099967575398023168, 13573982477229290545823357041), 6102706657446 candidates (MITM path)
  MITM b1=221: s=3 t=3 j=3 je=3 Q=10793861 table=36594368 yh=166767

*** MATCH: 10975404966369934204466366634 is an 12-digit palindrome in bases 221 and 332
stage b2=333 vs b1={222}: values [5583243494552763872208758517, 14329653645048357641297596416), 6414524054372 candidates (MITM path)
  MITM b1=222: s=3 t=3 j=3 je=3 Q=10941048 table=36926037 yh=173713
stage b2=334 vs b1={223}: values [5770469301172549409712093184, 15123710539293666054338805121), 6737260422318 candidates (MITM path)
  MITM b1=223: s=3 t=3 j=3 je=3 Q=11089567 table=37259704 yh=180819
stage b2=335 vs b1={224}: values [5963385395750391459130859375, 15957917665472413585874354176), 7071208327242 candidates (MITM path)
  MITM b1=224: s=3 t=3 j=3 je=3 Q=11239424 table=37595375 yh=188088
stage b2=336 vs b1={225}: values [6162146956711778149189287936, 16834112196028232574462890625), 7416666274843 candidates (MITM path)
  MITM b1=225: s=3 t=3 j=3 je=3 Q=11390625 table=37933056 yh=195520
stage b2=337 vs b1={226}: values [6366912912781415703444512113, 17754206618385148880104984576), 7773938794956 candidates (MITM path)
  MITM b1=226: s=3 t=3 j=3 je=3 Q=11543176 table=38272753 yh=203120
stage b2=338 vs b1={227}: values [6577846022051543255362291712, 18720191467045367574023614321), 8143336526613 candidates (MITM path)
  MITM b1=227: s=3 t=3 j=3 je=3 Q=11697083 table=38614472 yh=210889
stage b2=339 vs b1={228}: values [6795112952474838324166805739, 19734138142017490453021065216), 8525176303788 candidates (MITM path)
  MITM b1=228: s=3 t=3 j=3 je=3 Q=11852352 table=38958219 yh=218829
stage b2=340 vs b1={229}: values [7018884363803238400000000000, 20798201815902925734870098641), 8919781241809 candidates (MITM path)
  MITM b1=229: s=3 t=3 j=3 je=3 Q=12008989 table=39304000 yh=226944
stage b2=341 vs b1={230}: values [7249334990994258712381121741, 21914624432020321000000000000), 9327480824446 candidates (MITM path)
  MITM b1=230: s=3 t=3 j=3 je=3 Q=12167000 table=39651821 yh=235235
stage b2=342 vs b1={231}: values [7486643729106643154813687808, 23085737796000848857434784161), 9748610991681 candidates (MITM path)
  MITM b1=231: s=3 t=3 j=3 je=3 Q=12326391 table=40001688 yh=243705
stage b2=343 vs b1={232}: values [7730993719707444524137094407, 24313966763341113270967730176), 10183514228150 candidates (MITM path)
  MITM b1=232: s=3 t=3 j=3 je=3 Q=12487168 table=40353607 yh=252357
stage b2=344 vs b1={233}: values [7982572438812891719395180544, 25601832525455335435322705761), 10632539652265 candidates (MITM path)
  MITM b1=233: s=3 t=3 j=3 je=3 Q=12649337 table=40707584 yh=261194
stage b2=345 vs b1={234}: values [8241571786385665345166015625, 26951955996824334101419462656), 11096043106009 candidates (MITM path)
  MITM b1=234: s=3 t=3 j=3 je=3 Q=12812904 table=41063625 yh=270216
stage b2=346 vs b1={235}: values [8508188177411469292077623296, 28367061305895648984619140625), 11574387245421 candidates (MITM path)
  MITM b1=235: s=3 t=3 j=3 je=3 Q=12977875 table=41421736 yh=279428
stage b2=347 vs b1={236}: values [8782622634578054336274824003, 29849979392446980130179383296), 12067941631747 candidates (MITM path)
  MITM b1=236: s=3 t=3 j=3 je=3 Q=13144256 table=41781923 yh=288832
stage b2=348 vs b1={237}: values [9065080882580120623594340352, 31403651714183943747186386481), 12577082823281 candidates (MITM path)
  MITM b1=237: s=3 t=3 j=3 je=3 Q=13312053 table=42144192 yh=298430
stage b2=349 vs b1={238}: values [9355773444073799096880141349, 33031134065402989058412384256), 13102194467880 candidates (MITM path)
  MITM b1=238: s=3 t=3 j=3 je=3 Q=13481272 table=42508549 yh=308225
stage b2=350 vs b1={239}: values [9654915737304687500000000000, 34735600510611194263176918721), 13643667396167 candidates (MITM path)
  MITM b1=239: s=3 t=3 j=3 je=3 Q=13651919 table=42875000 yh=318220
stage b2=351 vs b1={240}: values [9962728175433694563518616351, 36520347436056576000000000000), 14201899715410 candidates (MITM path)
  MITM b1=240: s=3 t=3 j=3 je=3 Q=13824000 table=43243551 yh=328417
stage b2=352 vs b1={241}: values [10279436267585226358493544448, 38388797722185519065061084481), 14777296904084 candidates (MITM path)
  MITM b1=241: s=3 t=3 j=3 je=3 Q=13997521 table=43614208 yh=338819
stage b2=353 vs b1={242}: values [10605270721642531610378603297, 40344505040107975043939700736), 15370271907119 candidates (MITM path)
  MITM b1=242: s=3 t=3 j=3 je=3 Q=14172488 table=43986977 yh=349428
stage b2=354 vs b1={243}: values [10940467548815308008476411904, 42391158275216203514294433201), 15981245231829 candidates (MITM path)
  MITM b1=243: s=3 t=3 j=3 je=3 Q=14348907 table=44361864 yh=360248
done: 137.69s, 31184887 candidates tested
