A171740 search: n=12, threads=1, limit=none
stage b2=452 vs b1={272}: values [160887677674569844718827470848, 163993580655357272581489033216), 364214537618 candidates (MITM path)
  MITM b1=272: s=4 t=2 j=2 je=3 Q=73984 table=204304 yh=1782709
stage b2=453 vs b1={273}: values [164846686541113099864560007197, 171376695506573539304632176321), 755656748915 candidates (MITM path)
  MITM b1=273: s=4 t=2 j=2 je=3 Q=74529 table=205209 yh=3682377
stage b2=454 vs b1={274}: values [168894062222506223751543445504, 179063370050426074779119128576), 1161331688771 candidates (MITM path)
  MITM b1=274: s=4 t=2 j=2 je=3 Q=75076 table=206116 yh=5634360
stage b2=455 vs b1={275}: values [173031575921620011303271484375, 187064908547461032867431640625), 1581584642638 candidates (MITM path)
  MITM b1=275: s=4 t=2 j=2 je=3 Q=75625 table=207025 yh=7639583
stage b2=456 vs b1={276}: values [177261030328297458104329568256, 195392992721698273467801010176), 2016767126355 candidates (MITM path)
  MITM b1=276: s=4 t=2 j=2 je=3 Q=76176 table=207936 yh=9698981
stage b2=457 vs b1={277}: values [181584260108050775997625896793, 204059692922921316864296943121), 2467236966198 candidates (MITM path)
  MITM b1=277: s=4 t=2 j=2 je=3 Q=76729 table=208849 yh=11813497
stage b2=458 vs b1={278}: values [186003132397245379497877563392, 213077479576736094126128828416), 2933358379546 candidates (MITM path)
  MITM b1=278: s=4 t=2 j=2 je=3 Q=77284 table=209764 yh=13984089
stage b2=459 vs b1={279}: values [190519547304842441752783207059, 222459234928734230114433331041), 3415502056151 candidates (MITM path)
  MITM b1=279: s=4 t=2 j=2 je=3 Q=77841 table=210681 yh=16211724
stage b2=460 vs b1={280}: values [195135438420772249600000000000, 232218265089212416000000000000), 3914045240033 candidates (MITM path)
  MITM b1=280: s=4 t=2 j=2 je=3 Q=78400 table=211600 yh=18497379
stage b2=461 vs b1={281}: values [199852773331011222243920083061, 242368312385016936196463417761), 4429371811979 candidates (MITM path)
  MITM b1=281: s=4 t=2 j=2 je=3 Q=78961 table=212521 yh=20842043
stage b2=462 vs b1={282}: values [204673554139436097229551679488, 252923568025201628647322750976), 4961872372668 candidates (MITM path)
  MITM b1=282: s=4 t=2 j=2 je=3 Q=79524 table=213444 yh=23246718
stage b2=463 vs b1={283}: values [209599817996529430739834959087, 263898685087308495981516810961), 5511944326404 candidates (MITM path)
  MITM b1=283: s=3 t=3 j=3 je=3 Q=22665187 table=99252847 yh=55535
stage b2=464 vs b1={284}: values [214633637635011206805784100864, 275308791831202866814366253056), 6079991965474 candidates (MITM path)
  MITM b1=284: s=3 t=3 j=3 je=3 Q=22906304 table=99897344 yh=60863
stage b2=465 vs b1={285}: values [219777121912472001814306640625, 287169505347519450195556640625), 6666426555115 candidates (MITM path)
  MITM b1=285: s=3 t=3 j=3 je=3 Q=23149125 table=100544625 yh=66304
stage b2=466 vs b1={286}: values [225032416361083806744810735616, 299496945547901850804899024896), 7271666419116 candidates (MITM path)
  MITM b1=286: s=3 t=3 j=3 je=3 Q=23393656 table=101194696 yh=71859
stage b2=467 vs b1={287}: values [230401703744465269881211992683, 312307749504346137016129649281), 7896137026025 candidates (MITM path)
  MITM b1=287: s=3 t=3 j=3 je=3 Q=23639903 table=101847563 yh=77529
stage b2=468 vs b1={288}: values [235887204621778787349175468032, 325619086145088897570576531456), 8540271075988 candidates (MITM path)
  MITM b1=288: s=3 t=3 j=3 je=3 Q=23887872 table=102503232 yh=83318
stage b2=469 vs b1={289}: values [241491177919137537737896750669, 339448671314611904643504117121), 9204508588206 candidates (MITM path)
  MITM b1=289: s=3 t=3 j=3 je=3 Q=24137569 table=103161709 yh=89225
stage b2=470 vs b1={290}: values [247215921508401230300000000000, 353814783205469041000000000000), 9889296989020 candidates (MITM path)
  MITM b1=290: s=3 t=3 j=3 je=3 Q=24389000 table=103823000 yh=95252
stage b2=471 vs b1={291}: values [253063772793440013800811649671, 368736278169776566314796884081), 10595091200613 candidates (MITM path)
  MITM b1=291: s=3 t=3 j=3 je=3 Q=24642171 table=104487111 yh=101401
stage b2=472 vs b1={292}: values [259037109303946675027997360128, 384232606918345112299069505536), 11322353730348 candidates (MITM path)
  MITM b1=292: s=3 t=3 j=3 je=3 Q=24897088 table=105154048 yh=107674
stage b2=473 vs b1={293}: values [265138349296877942293007763977, 400323831115571027902364072401), 12071554760723 candidates (MITM path)
  MITM b1=293: s=3 t=3 j=3 je=3 Q=25153757 table=105823817 yh=114073
stage b2=474 vs b1={294}: values [271369952365606399975686580224, 417030640378345864542952820736), 12843172239960 candidates (MITM path)
  MITM b1=294: s=3 t=3 j=3 je=3 Q=25412184 table=106496424 yh=120598
stage b2=475 vs b1={295}: values [277734420056865215301513671875, 434374369687385917207275390625), 13637691973217 candidates (MITM path)
  MITM b1=295: s=3 t=3 j=3 je=3 Q=25672375 table=107171875 yh=127251
stage b2=476 vs b1={296}: values [284234296495568578116086398976, 452377017219528840630098722816), 14455607714435 candidates (MITM path)
  MITM b1=296: s=3 t=3 j=3 je=3 Q=25934336 table=107850176 yh=134035
stage b2=477 vs b1={297}: values [290872169017591458452425905573, 471061262609691461042593862241), 15297421258807 candidates (MITM path)
  MITM b1=297: s=3 t=3 j=3 je=3 Q=26198073 table=108531333 yh=140950
stage b2=478 vs b1={298}: values [297650668810592995192411420672, 490450485651332023716795191296), 16163642535890 candidates (MITM path)
  MITM b1=298: s=3 t=3 j=3 je=3 Q=26463592 table=109215352 yh=147998
stage b2=479 vs b1={299}: values [304572471562968542123015813279, 510568785444411275443565936401), 17054789703335 candidates (MITM path)
  MITM b1=299: s=3 t=3 j=3 je=3 Q=26730899 table=109902239 yh=155182

*** MATCH: 347085550489474558383045218400 is an 12-digit palindrome in bases 299 and 479
stage b2=480 vs b1={300}: values [311640298121016115200000000000, 531441000000000000000000000000), 17971389241260 candidates (MITM path)
  MITM b1=300: s=3 t=3 j=3 je=3 Q=27000000 table=110592000 yh=162502
stage b2=481 vs b1={301}: values [318856915154403706875322757281, 553092726310835924575445943601), 18913976047254 candidates (MITM path)
  MITM b1=301: s=3 t=3 j=3 je=3 Q=27270901 table=111284641 yh=169961
stage b2=482 vs b1={302}: values [326225135830024659938776352768, 575550340897290317159369936896), 19883093532010 candidates (MITM path)
  MITM b1=302: s=3 t=3 j=3 je=3 Q=27543608 table=111980168 yh=177560
stage b2=483 vs b1={303}: values [333747820494329024488347411867, 598841020838364120317909320641), 20879293715602 candidates (MITM path)
  MITM b1=303: s=3 t=3 j=3 je=3 Q=27818127 table=112678587 yh=185300
stage b2=484 vs b1={304}: values [341427877364219557396646723584, 622992765297495137011017711616), 21903137324391 candidates (MITM path)
  MITM b1=304: s=3 t=3 j=3 je=3 Q=28094464 table=113379904 yh=193184
done: 200.83s, 134734103 candidates tested
