A171740 search: n=12, threads=1, limit=none
stage b2=407 vs b1={247}: values [50761973901033889039170022343, 51565999387260564203827465441), 176890031799 candidates (MITM path)
  MITM b1=247: s=4 t=2 j=2 je=3 Q=61009 table=165649 yh=1067861
stage b2=408 vs b1={248}: values [52150898351969236066020360192, 54127774346370243244217860096), 428566725869 candidates (MITM path)
  MITM b1=248: s=4 t=2 j=2 je=3 Q=61504 table=166464 yh=2574531
stage b2=409 vs b1={249}: values [53574285543133366239295624009, 56805732602641806617660372001), 690330715497 candidates (MITM path)
  MITM b1=249: s=4 t=2 j=2 je=3 Q=62001 table=167281 yh=4126774
stage b2=410 vs b1={250}: values [55032903171624844100000000000, 59604644775390625000000000000), 962450795144 candidates (MITM path)
  MITM b1=250: s=4 t=2 j=2 je=3 Q=62500 table=168100 yh=5725466
stage b2=411 vs b1={251}: values [56527534098288570421020715011, 62529457064557415999535378001), 1245201071629 candidates (MITM path)
  MITM b1=251: s=4 t=2 j=2 je=3 Q=63001 table=168921 yh=7371500
stage b2=412 vs b1={252}: values [58058976609150249860268556288, 65585296971568246764230148096), 1538861038644 candidates (MITM path)
  MITM b1=252: s=4 t=2 j=2 je=3 Q=63504 table=169744 yh=9065776
stage b2=413 vs b1={253}: values [59628044680704813913766929637, 68777479182635902650515347441), 1843715651900 candidates (MITM path)
  MITM b1=253: s=4 t=2 j=2 je=3 Q=64009 table=170569 yh=10809208
stage b2=414 vs b1={254}: values [61235568249106027885106264064, 72111511618440250457975689216), 2160055404885 candidates (MITM path)
  MITM b1=254: s=4 t=2 j=2 je=3 Q=64516 table=171396 yh=12602718
stage b2=415 vs b1={255}: values [62882393483304972473974609375, 75593101654204447168212890625), 2488176405242 candidates (MITM path)
  MITM b1=255: s=4 t=2 j=2 je=3 Q=65025 table=172225 yh=14447243
stage b2=416 vs b1={256}: values [64569383062185555852385058816, 79228162514264337593543950336), 2828380451771 candidates (MITM path)
  MITM b1=256: s=4 t=2 j=2 je=3 Q=65536 table=173056 yh=16343730
stage b2=417 vs b1={257}: values [66297416455745680759191883233, 83022819845310162051379891201), 3180975112055 candidates (MITM path)
  MITM b1=257: s=3 t=3 j=3 je=3 Q=16974593 table=72511713 yh=43869
stage b2=418 vs b1={258}: values [68067390210373163218005624832, 86983418472562773463547252736), 3546273800705 candidates (MITM path)
  MITM b1=258: s=3 t=3 j=3 je=3 Q=17173512 table=73034632 yh=48557
stage b2=419 vs b1={259}: values [69880218238265974987208422619, 91116529343230957588293738481), 3924595858232 candidates (MITM path)
  MITM b1=259: s=3 t=3 j=3 je=3 Q=17373979 table=73560059 yh=53353

*** MATCH: 78943737919205083291734822000 is an 12-digit palindrome in bases 259 and 419
stage b2=420 vs b1={260}: values [71736832111046860800000000000, 95428956661682176000000000000), 4316266630547 candidates (MITM path)
  MITM b1=260: s=3 t=3 j=3 je=3 Q=17576000 table=74088000 yh=58259
stage b2=421 vs b1={261}: values [73638181357622863863877426621, 99927745220846124633825584721), 4721617549082 candidates (MITM path)
  MITM b1=261: s=3 t=3 j=3 je=3 Q=17779581 table=74618461 yh=63277
stage b2=422 vs b1={262}: values [75585233766340778979313276928, 104620187934458937028636512256), 5140986211545 candidates (MITM path)
  MITM b1=262: s=3 t=3 j=3 je=3 Q=17984728 table=75151448 yh=68409
stage b2=423 vs b1={263}: values [77578975691490042023332369527, 109513833574845676773925608481), 5574716463301 candidates (MITM path)
  MITM b1=263: s=3 t=3 j=3 je=3 Q=18191447 table=75686967 yh=73655
done: 38.67s, 84291558 candidates tested
