A171740 search: n=12, threads=1, limit=none
stage b2=124 vs b1={83}: values [106570876280498368282624, 106890007738661124410161), 87788880 candidates (MITM path)
  MITM b1=83: s=4 t=2 j=2 je=3 Q=6889 table=15376 yh=5710
stage b2=125 vs b1={84}: values [116415321826934814453125, 123410307017276135571456), 1833693398 candidates (MITM path)
  MITM b1=84: s=4 t=2 j=2 je=3 Q=7056 table=15625 yh=117357
stage b2=126 vs b1={85}: values [127079645979756182501376, 142241757136172119140625), 3789102953 candidates (MITM path)
  MITM b1=85: s=4 t=2 j=2 je=3 Q=7225 table=15876 yh=238669
stage b2=127 vs b1={86}: values [138624799340320978519423, 163674647745587512938496), 5970116092 candidates (MITM path)
  MITM b1=86: s=4 t=2 j=2 je=3 Q=7396 table=16129 yh=370148
stage b2=128 vs b1={87}: values [151115727451828646838272, 188031682201497672618081), 8393716314 candidates (MITM path)
  MITM b1=87: s=4 t=2 j=2 je=3 Q=7569 table=16384 yh=512312
stage b2=129 vs b1={88}: values [164621598066108688876929, 215671155821681003462656), 11077805160 candidates (MITM path)
  MITM b1=88: s=3 t=3 j=3 je=3 Q=681472 table=2146689 yh=5161
stage b2=130 vs b1={89}: values [179216039403700000000000, 246990403565262140303521), 14041235973 candidates (MITM path)
  MITM b1=89: s=3 t=3 j=3 je=3 Q=704969 table=2197000 yh=6392
stage b2=131 vs b1={90}: values [194977389846841709335931, 282429536481000000000000), 17303848353 candidates (MITM path)
  MITM b1=90: s=3 t=3 j=3 je=3 Q=729000 table=2248091 yh=7698
stage b2=132 vs b1={91}: values [211988959518950443450368, 322475487413604782665681), 20886503283 candidates (MITM path)
  MITM b1=91: s=3 t=3 j=3 je=3 Q=753571 table=2299968 yh=9082
stage b2=133 vs b1={92}: values [230339304218442143770717, 367666387654882241806336), 24811118946 candidates (MITM path)
  MITM b1=92: s=3 t=3 j=3 je=3 Q=778688 table=2352637 yh=10547
stage b2=134 vs b1={93}: values [250122512189374498985984, 418596297479370673535601), 29100707221 candidates (MITM path)
  MITM b1=93: s=3 t=3 j=3 je=3 Q=804357 table=2406104 yh=12095
stage b2=135 vs b1={94}: values [271438504226343896484375, 475920314814253376475136), 33779410871 candidates (MITM path)
  MITM b1=94: s=3 t=3 j=3 je=3 Q=830584 table=2460375 yh=13730
stage b2=136 vs b1={95}: values [294393347626373780340736, 540360087662636962890625), 38872541417 candidates (MITM path)
  MITM b1=95: s=3 t=3 j=3 je=3 Q=857375 table=2515456 yh=15454
stage b2=137 vs b1={96}: values [319099584516184696444313, 612709757329767363772416), 44406617701 candidates (MITM path)
  MITM b1=96: s=3 t=3 j=3 je=3 Q=884736 table=2571353 yh=17270
stage b2=138 vs b1={97}: values [345676575099245416998912, 693842360995438000295041), 50409405140 candidates (MITM path)
  MITM b1=97: s=3 t=3 j=3 je=3 Q=912673 table=2628072 yh=19182
stage b2=139 vs b1={98}: values [374250856383374715683539, 784716723734800033386496), 56909955668 candidates (MITM path)
  MITM b1=98: s=3 t=3 j=3 je=3 Q=941192 table=2685619 yh=21191
stage b2=140 vs b1={99}: values [404956516966400000000000, 886384871716129280658801), 63938648378 candidates (MITM path)
  MITM b1=99: s=3 t=3 j=3 je=3 Q=970299 table=2744000 yh=23302
stage b2=141 vs b1={100}: values [437935588474487527439541, 1000000000000000000000000), 71527230850 candidates (MITM path)
  MITM b1=100: s=3 t=3 j=3 je=3 Q=1000000 table=2803221 yh=25517
stage b2=142 vs b1={101}: values [473338454265244805675008, 1126825030131969720661201), 79708861178 candidates (MITM path)
  MITM b1=101: s=3 t=3 j=3 je=3 Q=1030301 table=2863288 yh=27839
stage b2=143 vs b1={102}: values [511324276025564512546607, 1268241794562545318301696), 88518150691 candidates (MITM path)
  MITM b1=102: s=3 t=3 j=3 je=3 Q=1061208 table=2924207 yh=30271
stage b2=144 vs b1={103}: values [552061438912436417593344, 1425760886846178945447841), 97991207368 candidates (MITM path)
  MITM b1=103: s=3 t=3 j=3 je=3 Q=1092727 table=2985984 yh=32818
stage b2=145 vs b1={104}: values [595728015903604931640625, 1601032218567680790102016), 108165679958 candidates (MITM path)
  MITM b1=104: s=3 t=3 j=3 je=3 Q=1124864 table=3048625 yh=35481
stage b2=146 vs b1={105}: values [642512252044000682756096, 1795856326022129150390625), 119080802789 candidates (MITM path)
  MITM b1=105: s=3 t=3 j=3 je=3 Q=1157625 table=3112136 yh=38264
stage b2=147 vs b1={106}: values [692613069293330583916203, 2012196471835550329409536), 130777441283 candidates (MITM path)
  MITM b1=106: s=3 t=3 j=3 je=3 Q=1191016 table=3176523 yh=41170
stage b2=148 vs b1={107}: values [746240592700077928087552, 2252191588960823337718801), 143298138164 candidates (MITM path)
  MITM b1=107: s=3 t=3 j=3 je=3 Q=1225043 table=3241792 yh=44204
stage b2=149 vs b1={108}: values [803616698647447868139149, 2518170116818978404827136), 156687160375 candidates (MITM path)
  MITM b1=108: s=3 t=3 j=3 je=3 Q=1259712 table=3307949 yh=47367
stage b2=150 vs b1={109}: values [864975585937500000000000, 2812664781782894485727281), 170990546687 candidates (MITM path)
  MITM b1=109: s=3 t=3 j=3 je=3 Q=1295029 table=3375000 yh=50664
stage b2=151 vs b1={110}: values [930564370500844495614151, 3138428376721000000000000), 186256156017 candidates (MITM path)
  MITM b1=110: s=3 t=3 j=3 je=3 Q=1331000 table=3442951 yh=54098
stage b2=152 vs b1={111}: values [1000643704540847195291648, 3498450596935634189769921), 202533716448 candidates (MITM path)
  MITM b1=111: s=3 t=3 j=3 je=3 Q=1367631 table=3511808 yh=57673
stage b2=153 vs b1={112}: values [1075488420943298174695497, 3895975992546975973113856), 219874874943 candidates (MITM path)
  MITM b1=112: s=3 t=3 j=3 je=3 Q=1404928 table=3581577 yh=61391
stage b2=154 vs b1={113}: values [1155388203804953497544704, 4334523100191686738306881), 238333247778 candidates (MITM path)
  MITM b1=113: s=3 t=3 j=3 je=3 Q=1442897 table=3652264 yh=65257
stage b2=155 vs b1={114}: values [1240648285957267138671875, 4817904819828488880132096), 257964471663 candidates (MITM path)
  MITM b1=114: s=3 t=3 j=3 je=3 Q=1481544 table=3723875 yh=69274
stage b2=156 vs b1={115}: values [1331590174384995440787456, 5350250105473711181640625), 278826255584 candidates (MITM path)
  MITM b1=115: s=3 t=3 j=3 je=3 Q=1520875 table=3796416 yh=73445
stage b2=157 vs b1={116}: values [1428552404463186019525093, 5936027041831326482169856), 300978433337 candidates (MITM path)
  MITM b1=116: s=3 t=3 j=3 je=3 Q=1560896 table=3869893 yh=77775
stage b2=158 vs b1={117}: values [1531891323960362862344192, 6580067382037190942729361), 324483016775 candidates (MITM path)
  MITM b1=117: s=3 t=3 j=3 je=3 Q=1601613 table=3944312 yh=82267
stage b2=159 vs b1={118}: values [1641981907780495624833759, 7287592625109126008344576), 349404249759 candidates (MITM path)
  MITM b1=118: s=3 t=3 j=3 je=3 Q=1643032 table=4019679 yh=86924
stage b2=160 vs b1={119}: values [1759218604441600000000000, 8064241715186276625588961), 375808662817 candidates (MITM path)
  MITM b1=119: s=3 t=3 j=3 je=3 Q=1685159 table=4096000 yh=91751
stage b2=161 vs b1={120}: values [1884016215314563749249761, 8916100448256000000000000), 403765128512 candidates (MITM path)
  MITM b1=120: s=3 t=3 j=3 je=3 Q=1728000 table=4173281 yh=96751
stage b2=162 vs b1={121}: values [2016810807672035804940288, 9849732675807611094711841), 433344917514 candidates (MITM path)
  MITM b1=121: s=3 t=3 j=3 je=3 Q=1771561 table=4251528 yh=101927
stage b2=163 vs b1={122}: values [2158060662623960090407387, 10872213398722912904482816), 464621755379 candidates (MITM path)
  MITM b1=122: s=3 t=3 j=3 je=3 Q=1815848 table=4330747 yh=107285

*** MATCH: 2920672213788677345513292 is an 12-digit palindrome in bases 122 and 163
stage b2=164 vs b1={123}: values [2308247259043587701080064, 11991163848716906297072721), 497671880045 candidates (MITM path)
  MITM b1=123: s=3 t=3 j=3 je=3 Q=1860867 table=4410944 yh=112827
stage b2=165 vs b1={124}: values [2467876294615567236328125, 13214788658781797667045376), 532574100030 candidates (MITM path)
  MITM b1=124: s=3 t=3 j=3 je=3 Q=1906624 table=4492125 yh=118558
stage b2=166 vs b1={125}: values [2637478745165999792674816, 14551915228366851806640625), 569409853338 candidates (MITM path)
  MITM b1=125: s=3 t=3 j=3 je=3 Q=1953125 table=4574296 yh=124481
stage b2=167 vs b1={126}: values [2817611963463158891460983, 16012035393449278995173376), 608263267081 candidates (MITM path)
  MITM b1=126: s=3 t=3 j=3 je=3 Q=2000376 table=4657463 yh=130600
done: 7.98s, 2722930 candidates tested
