A171740 search: n=12, threads=1, limit=none
stage b2=76 vs b1={53}: values [488595558857835544576, 491258904256726154641), 13821206 candidates (MITM path)
  MITM b1=53: s=4 t=2 j=2 je=3 Q=2809 table=5776 yh=2393
stage b2=77 vs b1={54}: values [564154396389137449973, 614787626176508399616), 242935667 candidates (MITM path)
  MITM b1=54: s=4 t=2 j=2 je=3 Q=2916 table=5929 yh=40975
stage b2=78 vs b1={55}: values [650190514836423555072, 766217865410400390625), 515220055 candidates (MITM path)
  MITM b1=55: s=4 t=2 j=2 je=3 Q=3025 table=6084 yh=84685
stage b2=79 vs b1={56}: values [747993810527520928879, 951166013805414055936), 835798799 candidates (MITM path)
  MITM b1=56: s=3 t=3 j=3 je=3 Q=175616 table=493039 yh=1696
stage b2=80 vs b1={57}: values [858993459200000000000, 1176246293903439668001), 1210223522 candidates (MITM path)
  MITM b1=57: s=3 t=3 j=3 je=3 Q=185193 table=512000 yh=2364
stage b2=81 vs b1={58}: values [984770902183611232881, 1449225352009601191936), 1644496733 candidates (MITM path)
  MITM b1=58: s=3 t=3 j=3 je=3 Q=195112 table=531441 yh=3095
stage b2=82 vs b1={59}: values [1127073856954876807168, 1779197418239532716881), 2145096219 candidates (MITM path)
  MITM b1=59: s=3 t=3 j=3 je=3 Q=205379 table=551368 yh=3891
stage b2=83 vs b1={60}: values [1287831418538085836267, 2176782336000000000000), 2719000130 candidates (MITM path)
  MITM b1=60: s=3 t=3 j=3 je=3 Q=216000 table=571787 yh=4756
stage b2=84 vs b1={61}: values [1469170321634239709184, 2654348974297586158321), 3373712763 candidates (MITM path)
  MITM b1=61: s=3 t=3 j=3 je=3 Q=226981 table=592704 yh=5693
stage b2=85 vs b1={62}: values [1673432436896142578125, 3226266762397899821056), 4117291051 candidates (MITM path)
  MITM b1=62: s=3 t=3 j=3 je=3 Q=238328 table=614125 yh=6705
stage b2=86 vs b1={63}: values [1903193578437064103936, 3909188328478827879681), 4958371751 candidates (MITM path)
  MITM b1=63: s=3 t=3 j=3 je=3 Q=250047 table=636056 yh=7796
stage b2=87 vs b1={64}: values [2161283703465490489863, 4722366482869645213696), 5906199334 candidates (MITM path)
  MITM b1=64: s=3 t=3 j=3 je=3 Q=262144 table=658503 yh=8970
stage b2=88 vs b1={65}: values [2450808588882738675712, 5688009063105712890625), 6970654580 candidates (MITM path)
  MITM b1=65: s=3 t=3 j=3 je=3 Q=274625 table=681472 yh=10229
stage b2=89 vs b1={66}: values [2775173073766990340489, 6831675453247426400256), 8162283880 candidates (MITM path)
  MITM b1=66: s=3 t=3 j=3 je=3 Q=287496 table=704969 yh=11579
stage b2=90 vs b1={67}: values [3138105960900000000000, 8182718904632857144561), 9492329241 candidates (MITM path)
  MITM b1=67: s=3 t=3 j=3 je=3 Q=300763 table=729000 yh=13022
stage b2=91 vs b1={68}: values [3543686674874777831491, 9774779120406941925376), 10972758999 candidates (MITM path)
  MITM b1=68: s=3 t=3 j=3 je=3 Q=314432 table=753571 yh=14562

*** MATCH: 9214188219562989742536 is an 12-digit palindrome in bases 68 and 91
stage b2=92 vs b1={69}: values [3996373778857415671808, 11646329922777311412561), 12616299243 candidates (MITM path)
  MITM b1=69: s=3 t=3 j=3 je=3 Q=328509 table=778688 yh=16202

*** MATCH: 8229170562845718410190 is an 12-digit palindrome in bases 69 and 92
stage b2=93 vs b1={70}: values [4501035456767426597157, 13841287201000000000000), 14436465936 candidates (MITM path)
  MITM b1=70: s=3 t=3 j=3 je=3 Q=343000 table=804357 yh=17948
stage b2=94 vs b1={71}: values [5062982072492057196544, 16409682740640811134241), 16447597764 candidates (MITM path)
  MITM b1=71: s=3 t=3 j=3 je=3 Q=357911 table=830584 yh=19803
stage b2=95 vs b1={72}: values [5688000922764599609375, 19408409961765342806016), 18664889675 candidates (MITM path)
  MITM b1=72: s=3 t=3 j=3 je=3 Q=373248 table=857375 yh=21770
stage b2=96 vs b1={73}: values [6382393305518410039296, 22902048046490258711521), 21104427141 candidates (MITM path)
  MITM b1=73: s=3 t=3 j=3 je=3 Q=389017 table=884736 yh=23854
stage b2=97 vs b1={74}: values [7153014030880804126753, 26963771415920784510976), 23783221127 candidates (MITM path)
  MITM b1=74: s=3 t=3 j=3 je=3 Q=405224 table=912673 yh=26059
stage b2=98 vs b1={75}: values [8007313507497959524352, 31676352024078369140625), 26719243771 candidates (MITM path)
  MITM b1=75: s=3 t=3 j=3 je=3 Q=421875 table=941192 yh=28389
done: 0.42s, 251139 candidates tested
