A171740 search: n=12, threads=1, limit=none
stage b2=106 vs b1={72}: values [18982985583354248390656, 19408409961765342806016), 299907400 candidates (MITM path)
  MITM b1=72: s=4 t=2 j=2 je=3 Q=5184 table=11236 yh=26692
stage b2=107 vs b1={73}: values [21048519522998348950643, 22902048046490258711521), 1235084319 candidates (MITM path)
  MITM b1=73: s=4 t=2 j=2 je=3 Q=5329 table=11449 yh=107878
stage b2=108 vs b1={74}: values [23316389970546096340992, 26963771415920784510976), 2298469005 candidates (MITM path)
  MITM b1=74: s=4 t=2 j=2 je=3 Q=5476 table=11664 yh=197057
stage b2=109 vs b1={75}: values [25804264053054077850709, 31676352024078369140625), 3501334198 candidates (MITM path)
  MITM b1=75: s=4 t=2 j=2 je=3 Q=5625 table=11881 yh=294701
stage b2=110 vs b1={76}: values [28531167061100000000000, 37133262473195501387776), 4855658604 candidates (MITM path)
  MITM b1=76: s=3 t=3 j=3 je=3 Q=438976 table=1331000 yh=3649
stage b2=111 vs b1={77}: values [31517572945366073781711, 43439888521963583647921), 6374156768 candidates (MITM path)
  MITM b1=77: s=3 t=3 j=3 je=3 Q=456533 table=1367631 yh=4661
stage b2=112 vs b1={78}: values [34785499933455142617088, 50714860157241037295616), 8070309630 candidates (MITM path)
  MITM b1=78: s=3 t=3 j=3 je=3 Q=474552 table=1404928 yh=5745
stage b2=113 vs b1={79}: values [38358611506121121577937, 59091511031674153381441), 9958395770 candidates (MITM path)
  MITM b1=79: s=3 t=3 j=3 je=3 Q=493039 table=1442897 yh=6902
stage b2=114 vs b1={80}: values [42262322980951656843264, 68719476736000000000000), 12053523341 candidates (MITM path)
  MITM b1=80: s=3 t=3 j=3 je=3 Q=512000 table=1481544 yh=8136
stage b2=115 vs b1={81}: values [46523913960640966796875, 79766443076872509863361), 14371662695 candidates (MITM path)
  MITM b1=81: s=3 t=3 j=3 je=3 Q=531441 table=1520875 yh=9450
stage b2=116 vs b1={82}: values [51172646912339021398016, 92420056270299898187776), 16929679697 candidates (MITM path)
  MITM b1=82: s=3 t=3 j=3 je=3 Q=551368 table=1560896 yh=10847
stage b2=117 vs b1={83}: values [56239892154164025151533, 106890007738661124410161), 19745369731 candidates (MITM path)
  MITM b1=83: s=3 t=3 j=3 je=3 Q=571787 table=1601613 yh=12329
stage b2=118 vs b1={84}: values [61759259534823101765632, 123410307017276135571456), 22837492411 candidates (MITM path)
  MITM b1=84: s=3 t=3 j=3 je=3 Q=592704 table=1643032 yh=13900

*** MATCH: 114231178464920170740905 is an 12-digit palindrome in bases 84 and 118
stage b2=119 vs b1={85}: values [67766737102405685929319, 142241757136172119140625), 26225806971 candidates (MITM path)
  MITM b1=85: s=3 t=3 j=3 je=3 Q=614125 table=1685159 yh=15563
stage b2=120 vs b1={86}: values [74300837068800000000000, 163674647745587512938496), 29931108364 candidates (MITM path)
  MITM b1=86: s=3 t=3 j=3 je=3 Q=636056 table=1728000 yh=17322
stage b2=121 vs b1={87}: values [81402749386839761113321, 188031682201497672618081), 33975264055 candidates (MITM path)
  MITM b1=87: s=3 t=3 j=3 je=3 Q=658503 table=1771561 yh=19179
stage b2=122 vs b1={88}: values [89116503268220597577728, 215671155821681003462656), 38381251509 candidates (MITM path)
  MITM b1=88: s=3 t=3 j=3 je=3 Q=681472 table=1815848 yh=21137
stage b2=123 vs b1={89}: values [97489136981438262577827, 246990403565262140303521), 43173196385 candidates (MITM path)
  MITM b1=89: s=3 t=3 j=3 je=3 Q=704969 table=1860867 yh=23201
stage b2=124 vs b1={90}: values [106570876280498368282624, 282429536481000000000000), 48376411425 candidates (MITM path)
  MITM b1=90: s=3 t=3 j=3 je=3 Q=729000 table=1906624 yh=25373
done: 0.71s, 731132 candidates tested
