A171740 search: n=12, threads=1, limit=none
stage b2=132 vs b1={88}: values [211988959518950443450368, 215671155821681003462656), 696086724 candidates (MITM path)
  MITM b1=88: s=4 t=2 j=2 je=3 Q=7744 table=17424 yh=39950
stage b2=133 vs b1={89}: values [230339304218442143770717, 246990403565262140303521), 3008382587 candidates (MITM path)
  MITM b1=89: s=4 t=2 j=2 je=3 Q=7921 table=17689 yh=170071
stage b2=134 vs b1={90}: values [250122512189374498985984, 282429536481000000000000), 5580436467 candidates (MITM path)
  MITM b1=90: s=4 t=2 j=2 je=3 Q=8100 table=17956 yh=310784
stage b2=135 vs b1={91}: values [271438504226343896484375, 322475487413604782665681), 8431063965 candidates (MITM path)
  MITM b1=91: s=4 t=2 j=2 je=3 Q=8281 table=18225 yh=462610
stage b2=136 vs b1={92}: values [294393347626373780340736, 367666387654882241806336), 11580058682 candidates (MITM path)
  MITM b1=92: s=4 t=2 j=2 je=3 Q=8464 table=18496 yh=626085
stage b2=137 vs b1={93}: values [319099584516184696444313, 418596297479370673535601), 15048226881 candidates (MITM path)
  MITM b1=93: s=3 t=3 j=3 je=3 Q=804357 table=2571353 yh=5853
stage b2=138 vs b1={94}: values [345676575099245416998912, 475920314814253376475136), 18857422838 candidates (MITM path)
  MITM b1=94: s=3 t=3 j=3 je=3 Q=830584 table=2628072 yh=7176
stage b2=139 vs b1={95}: values [374250856383374715683539, 540360087662636962890625), 23030584855 candidates (MITM path)
  MITM b1=95: s=3 t=3 j=3 je=3 Q=857375 table=2685619 yh=8576
stage b2=140 vs b1={96}: values [404956516966400000000000, 612709757329767363772416), 27591771972 candidates (MITM path)
  MITM b1=96: s=3 t=3 j=3 je=3 Q=884736 table=2744000 yh=10056
stage b2=141 vs b1={97}: values [437935588474487527439541, 693842360995438000295041), 32566201345 candidates (MITM path)
  MITM b1=97: s=3 t=3 j=3 je=3 Q=912673 table=2803221 yh=11618
stage b2=142 vs b1={98}: values [473338454265244805675008, 784716723734800033386496), 37980286316 candidates (MITM path)
  MITM b1=98: s=3 t=3 j=3 je=3 Q=941192 table=2863288 yh=13265

*** MATCH: 618777341990526191287815 is an 12-digit palindrome in bases 98 and 142
stage b2=143 vs b1={99}: values [511324276025564512546607, 886384871716129280658801), 43861675169 candidates (MITM path)
  MITM b1=99: s=3 t=3 j=3 je=3 Q=970299 table=2924207 yh=15000
stage b2=144 vs b1={100}: values [552061438912436417593344, 1000000000000000000000000), 50239290561 candidates (MITM path)
  MITM b1=100: s=3 t=3 j=3 je=3 Q=1000000 table=2985984 yh=16826
stage b2=145 vs b1={101}: values [595728015903604931640625, 1126825030131969720661201), 57143369654 candidates (MITM path)
  MITM b1=101: s=3 t=3 j=3 je=3 Q=1030301 table=3048625 yh=18744
done: 0.85s, 1666593 candidates tested
