A171740 search: n=12, threads=1, limit=none
stage b2=212 vs b1={136}: values [38877154474709500704063488, 40037495277186834126340096), 12781163738 candidates (MITM path)
  MITM b1=136: s=4 t=2 j=2 je=3 Q=18496 table=44944 yh=284380
stage b2=213 vs b1={137}: values [40942620682483067183061837, 43716643078717303412870881), 29705190539 candidates (MITM path)
  MITM b1=137: s=4 t=2 j=2 je=3 Q=18769 table=45369 yh=654747
stage b2=214 vs b1={138}: values [43107367983100618650916864, 47703367363695867545849856), 47851694499 candidates (MITM path)
  MITM b1=138: s=4 t=2 j=2 je=3 Q=19044 table=45796 yh=1044889
stage b2=215 vs b1={139}: values [45375670872618296240234375, 52020869037289085480011921), 67278635833 candidates (MITM path)
  MITM b1=139: s=4 t=2 j=2 je=3 Q=19321 table=46225 yh=1455460
stage b2=216 vs b1={140}: values [47751966659678405306351616, 56693912375296000000000000), 88045978051 candidates (MITM path)
  MITM b1=140: s=4 t=2 j=2 je=3 Q=19600 table=46656 yh=1887131
stage b2=217 vs b1={141}: values [50240860866158912890695433, 61748917974902741368975281), 110215736048 candidates (MITM path)
  MITM b1=141: s=4 t=2 j=2 je=3 Q=19881 table=47089 yh=2340584
stage b2=218 vs b1={142}: values [52847132780654751438252032, 67214060505664762405851136), 133852024845 candidates (MITM path)
  MITM b1=142: s=3 t=3 j=3 je=3 Q=2863288 table=10360232 yh=12920
stage b2=219 vs b1={143}: values [55575741168378217259860419, 73119371471655725294164801), 159021108992 candidates (MITM path)
  MITM b1=143: s=3 t=3 j=3 je=3 Q=2924207 table=10503459 yh=15140
stage b2=220 vs b1={144}: values [58431830141132800000000000, 79496847203390844133441536), 185791452622 candidates (MITM path)
  MITM b1=144: s=3 t=3 j=3 je=3 Q=2985984 table=10648000 yh=17449
stage b2=221 vs b1={145}: values [61420735191082762650784421, 86380562306022715087890625), 214233770175 candidates (MITM path)
  MITM b1=145: s=3 t=3 j=3 je=3 Q=3048625 table=10793861 yh=19848
stage b2=222 vs b1={146}: values [64547989392109719104944128, 93806788798424099682390016), 244421077775 candidates (MITM path)
  MITM b1=146: s=3 t=3 j=3 je=3 Q=3112136 table=10941048 yh=22340
stage b2=223 vs b1={147}: values [67819329772617336566541727, 101814121186119595835681841), 276428745276 candidates (MITM path)
  MITM b1=147: s=3 t=3 j=3 je=3 Q=3176523 table=11089567 yh=24927

*** MATCH: 68076036668149445402061056 is an 12-digit palindrome in bases 147 and 223
done: 3.97s, 7755077 candidates tested
