A171740 search: n=12, threads=1, limit=none
stage b2=185 vs b1={120}: values [8687383875950215478515625, 8916100448256000000000000), 5705152575 candidates (MITM path)
  MITM b1=120: s=4 t=2 j=2 je=3 Q=14400 table=34225 yh=166696
stage b2=186 vs b1={121}: values [9218120615459689670977536, 9849732675807611094711841), 15253613881 candidates (MITM path)
  MITM b1=121: s=4 t=2 j=2 je=3 Q=14641 table=34596 yh=440907
stage b2=187 vs b1={122}: values [9778171990537733621073763, 10872213398722912904482816), 25584923375 candidates (MITM path)
  MITM b1=122: s=4 t=2 j=2 je=3 Q=14884 table=34969 yh=731646
stage b2=188 vs b1={123}: values [10368987284463733138522112, 11991163848716906297072721), 36741004626 candidates (MITM path)
  MITM b1=123: s=4 t=2 j=2 je=3 Q=15129 table=35344 yh=1039526
stage b2=189 vs b1={124}: values [10992079124206967022251589, 13214788658781797667045376), 48765410841 candidates (MITM path)
  MITM b1=124: s=4 t=2 j=2 je=3 Q=15376 table=35721 yh=1365175
stage b2=190 vs b1={125}: values [11649025889821900000000000, 14551915228366851806640625), 61703368645 candidates (MITM path)
  MITM b1=125: s=4 t=2 j=2 je=3 Q=15625 table=36100 yh=1709235
stage b2=191 vs b1={126}: values [12341474201974794188822591, 16012035393449278995173376), 75601822514 candidates (MITM path)
  MITM b1=126: s=3 t=3 j=3 je=3 Q=2000376 table=6967871 yh=10851
stage b2=192 vs b1={127}: values [13071141489701703760478208, 17605349516220764271966721), 90509479877 candidates (MITM path)
  MITM b1=127: s=3 t=3 j=3 je=3 Q=2048383 table=7077888 yh=12788
stage b2=193 vs b1={128}: values [13839818640542834852821057, 19342813113834066795298816), 106476856881 candidates (MITM path)
  MITM b1=128: s=3 t=3 j=3 je=3 Q=2097152 table=7189057 yh=14811
stage b2=194 vs b1={129}: values [14649372735243886851590144, 21236186150528020865123841), 123556324829 candidates (MITM path)
  MITM b1=129: s=3 t=3 j=3 je=3 Q=2146689 table=7301384 yh=16923
stage b2=195 vs b1={130}: values [15501749869261349560546875, 23298085122481000000000000), 141802157275 candidates (MITM path)
  MITM b1=130: s=3 t=3 j=3 je=3 Q=2197000 table=7414875 yh=19125
stage b2=196 vs b1={131}: values [16398978063355821105872896, 25542038069936263923006961), 161270577802 candidates (MITM path)
  MITM b1=131: s=3 t=3 j=3 je=3 Q=2248091 table=7529536 yh=21419
stage b2=197 vs b1={132}: values [17343170265605241347130653, 27982542656501458535448576), 182019808459 candidates (MITM path)
  MITM b1=132: s=3 t=3 j=3 je=3 Q=2299968 table=7645373 yh=23808
stage b2=198 vs b1={133}: values [18336527447218512795850752, 30635127461052805121505361), 204110118879 candidates (MITM path)
  MITM b1=133: s=3 t=3 j=3 je=3 Q=2352637 table=7762392 yh=26295
stage b2=199 vs b1={134}: values [19381341794579313317802199, 33516416633376182864121856), 227603876065 candidates (MITM path)
  MITM b1=134: s=3 t=3 j=3 je=3 Q=2406104 table=7880599 yh=28882
stage b2=200 vs b1={135}: values [20480000000000000000000000, 36644198070556426025390625), 252565594853 candidates (MITM path)
  MITM b1=135: s=3 t=3 j=3 je=3 Q=2460375 table=8000000 yh=31571
stage b2=201 vs b1={136}: values [21634986653716369322202201, 40037495277186834126340096), 279061989048 candidates (MITM path)
  MITM b1=136: s=3 t=3 j=3 je=3 Q=2515456 table=8120601 yh=34365
stage b2=202 vs b1={137}: values [22848887739705683048654848, 43716643078717303412870881), 307162023244 candidates (MITM path)
  MITM b1=137: s=3 t=3 j=3 je=3 Q=2571353 table=8242408 yh=37267
stage b2=203 vs b1={138}: values [24124394237962799952684947, 47703367363695867545849856), 336936965309 candidates (MITM path)
  MITM b1=138: s=3 t=3 j=3 je=3 Q=2628072 table=8365427 yh=40278
stage b2=204 vs b1={139}: values [25464305835922478547861504, 52020869037289085480011921), 368460439564 candidates (MITM path)
  MITM b1=139: s=3 t=3 j=3 je=3 Q=2685619 table=8489664 yh=43402
stage b2=205 vs b1={140}: values [26871534751769943408203125, 56693912375296000000000000), 401808480630 candidates (MITM path)
  MITM b1=140: s=3 t=3 j=3 je=3 Q=2744000 table=8615125 yh=46640
stage b2=206 vs b1={141}: values [28349109672436645439584256, 61748917974902741368975281), 437059587962 candidates (MITM path)
  MITM b1=141: s=3 t=3 j=3 je=3 Q=2803221 table=8741816 yh=49997
stage b2=207 vs b1={142}: values [29900179809133802678274543, 67214060505664762405851136), 474294781067 candidates (MITM path)
  MITM b1=142: s=3 t=3 j=3 je=3 Q=2863288 table=8869743 yh=53474
stage b2=208 vs b1={143}: values [31528019073332790943547392, 73119371471655725294164801), 513597655394 candidates (MITM path)
  MITM b1=143: s=3 t=3 j=3 je=3 Q=2924207 table=8998912 yh=57074
stage b2=209 vs b1={144}: values [33236030376158771102541809, 79496847203390844133441536), 555054438921 candidates (MITM path)
  MITM b1=144: s=3 t=3 j=3 je=3 Q=2985984 table=9129329 yh=60800
stage b2=210 vs b1={145}: values [35027750054222100000000000, 86380562306022715087890625), 598754049421 candidates (MITM path)
  MITM b1=145: s=3 t=3 j=3 je=3 Q=3048625 table=9261000 yh=64654
stage b2=211 vs b1={146}: values [36906852424971083485992811, 93806788798424099682390016), 644788152410 candidates (MITM path)
  MITM b1=146: s=3 t=3 j=3 je=3 Q=3112136 table=9393931 yh=68639
stage b2=212 vs b1={147}: values [38877154474709500704063488, 101814121186119595835681841), 693251219790 candidates (MITM path)
  MITM b1=147: s=3 t=3 j=3 je=3 Q=3176523 table=9528128 yh=72759
stage b2=213 vs b1={148}: values [40942620682483067183061837, 110443607719611533356957696), 744240589169 candidates (MITM path)
  MITM b1=148: s=3 t=3 j=3 je=3 Q=3241792 table=9663597 yh=77015
stage b2=214 vs b1={149}: values [43107367983100618650916864, 119738888098469732352733201), 797856523877 candidates (MITM path)
  MITM b1=149: s=3 t=3 j=3 je=3 Q=3307949 table=9800344 yh=81412
stage b2=215 vs b1={150}: values [45375670872618296240234375, 129746337890625000000000000), 854202273671 candidates (MITM path)
  MITM b1=150: s=3 t=3 j=3 je=3 Q=3375000 table=9938375 yh=85950
stage b2=216 vs b1={151}: values [47751966659678405306351616, 140515219945627518837736801), 913384136120 candidates (MITM path)
  MITM b1=151: s=3 t=3 j=3 je=3 Q=3442951 table=10077696 yh=90635
stage b2=217 vs b1={152}: values [50240860866158912890695433, 152097843090208773684330496), 975511518694 candidates (MITM path)
  MITM b1=152: s=3 t=3 j=3 je=3 Q=3511808 table=10218313 yh=95467
stage b2=218 vs b1={153}: values [52847132780654751438252032, 164549728404324620728411041), 1040697001532 candidates (MITM path)
  MITM b1=153: s=3 t=3 j=3 je=3 Q=3581577 table=10360232 yh=100452
stage b2=219 vs b1={154}: values [55575741168378217259860419, 177929783385962838621884416), 1109056400909 candidates (MITM path)
  MITM b1=154: s=3 t=3 j=3 je=3 Q=3652264 table=10503459 yh=105590
stage b2=220 vs b1={155}: values [58431830141132800000000000, 192300484323376406494140625), 1180708833395 candidates (MITM path)
  MITM b1=155: s=3 t=3 j=3 je=3 Q=3723875 table=10648000 yh=110886
stage b2=221 vs b1={156}: values [61420735191082762650784421, 207728067204059288762843136), 1255776780703 candidates (MITM path)
  MITM b1=156: s=3 t=3 j=3 je=3 Q=3796416 table=10793861 yh=116342
stage b2=222 vs b1={157}: values [64547989392109719104944128, 224282727500720205065439601), 1334386155232 candidates (MITM path)
  MITM b1=157: s=3 t=3 j=3 je=3 Q=3869893 table=10941048 yh=121962
stage b2=223 vs b1={158}: values [67819329772617336566541727, 242038829185737332250382336), 1416666366310 candidates (MITM path)
  MITM b1=158: s=3 t=3 j=3 je=3 Q=3944312 table=11089567 yh=127748
stage b2=224 vs b1={159}: values [71240703863716132079796224, 261075123337098804348567681), 1502750387123 candidates (MITM path)
  MITM b1=159: s=3 t=3 j=3 je=3 Q=4019679 table=11239424 yh=133704
stage b2=225 vs b1={160}: values [74818276426792144775390625, 281474976710656000000000000), 1592774822347 candidates (MITM path)
  MITM b1=160: s=3 t=3 j=3 je=3 Q=4096000 table=11390625 yh=139833
stage b2=226 vs b1={161}: values [78558436364536056991614976, 303326610665644763629211521), 1686879976471 candidates (MITM path)
  MITM b1=161: s=3 t=3 j=3 je=3 Q=4173281 table=11543176 yh=146137

*** MATCH: 233890287927550975760418846 is an 12-digit palindrome in bases 161 and 226
stage b2=227 vs b1={162}: values [82467803819583117066183323, 326723350842869800400326656), 1785209922822 candidates (MITM path)
  MITM b1=162: s=3 t=3 j=3 je=3 Q=4251528 table=11697083 yh=152621
stage b2=228 vs b1={163}: values [86553237464988993215004672, 351763888007705494736404081), 1887912573279 candidates (MITM path)
  MITM b1=163: s=3 t=3 j=3 je=3 Q=4330747 table=11852352 yh=159286
stage b2=229 vs b1={164}: values [90821841990842470457948029, 378552550483148382977130496), 1995139748695 candidates (MITM path)
  MITM b1=164: s=3 t=3 j=3 je=3 Q=4410944 table=12008989 yh=166138

*** MATCH: 199202169102646102861216650 is an 12-digit palindrome in bases 164 and 229
stage b2=230 vs b1={165}: values [95280975791392700000000000, 407199588611568593994140625), 2107047250010 candidates (MITM path)
  MITM b1=165: s=3 t=3 j=3 je=3 Q=4492125 table=12167000 yh=173178
stage b2=231 vs b1={166}: values [99938258857146531850367031, 437821471697555965584019456), 2223794930066 candidates (MITM path)
  MITM b1=166: s=3 t=3 j=3 je=3 Q=4574296 table=12326391 yh=180410
stage b2=232 vs b1={167}: values [104801580876470315823136768, 470541197898347534873984161), 2345546766120 candidates (MITM path)
  MITM b1=167: s=3 t=3 j=3 je=3 Q=4657463 table=12487168 yh=187837
stage b2=233 vs b1={168}: values [109879109551310452512114617, 505488617542763051300683776), 2472470933056 candidates (MITM path)
  MITM b1=168: s=3 t=3 j=3 je=3 Q=4741632 table=12649337 yh=195463
stage b2=234 vs b1={169}: values [115179299131727923510339584, 542800770374370512771595361), 2604739877299 candidates (MITM path)
  MITM b1=169: s=3 t=3 j=3 je=3 Q=4826809 table=12812904 yh=203291
stage b2=235 vs b1={170}: values [120710899174024038232421875, 582622237229761000000000000), 2742530391432 candidates (MITM path)
  MITM b1=170: s=3 t=3 j=3 je=3 Q=4913000 table=12977875 yh=211324
stage b2=236 vs b1={171}: values [126482963527317712416014336, 625105506678337880602119441), 2886023689508 candidates (MITM path)
  MITM b1=171: s=3 t=3 j=3 je=3 Q=5000211 table=13144256 yh=219566
stage b2=237 vs b1={172}: values [132504859553518749988128213, 670411357165926452996079616), 3035405483067 candidates (MITM path)
  MITM b1=172: s=3 t=3 j=3 je=3 Q=5088448 table=13312053 yh=228020
stage b2=238 vs b1={173}: values [138786277585726844783245312, 718709255220793060317103921), 3190866057858 candidates (MITM path)
  MITM b1=173: s=3 t=3 j=3 je=3 Q=5177717 table=13481272 yh=236689
stage b2=239 vs b1={174}: values [145337240630172360933794639, 770177770297334467043659776), 3352600351257 candidates (MITM path)
  MITM b1=174: s=3 t=3 j=3 je=3 Q=5268024 table=13651919 yh=245578
stage b2=240 vs b1={175}: values [152168114316902400000000000, 825005006849765777587890625), 3520808030394 candidates (MITM path)
  MITM b1=175: s=3 t=3 j=3 je=3 Q=5359375 table=13824000 yh=254689
stage b2=241 vs b1={176}: values [159289617104504228485730641, 883389054245605390183038976), 3695693570978 candidates (MITM path)
  MITM b1=176: s=3 t=3 j=3 je=3 Q=5451776 table=13997521 yh=264025
stage b2=242 vs b1={177}: values [166712830744247830760081408, 945538455146635506591955521), 3877466336830 candidates (MITM path)
  MITM b1=177: s=3 t=3 j=3 je=3 Q=5545233 table=14172488 yh=273592
stage b2=243 vs b1={178}: values [174449211009120179071170507, 1011672693003313726683222016), 4066340660118 candidates (MITM path)
  MITM b1=178: s=3 t=3 j=3 je=3 Q=5639752 table=14348907 yh=283391
stage b2=244 vs b1={179}: values [182510598693315783839186944, 1082022699327332498100696241), 4262535922296 candidates (MITM path)
  MITM b1=179: s=3 t=3 j=3 je=3 Q=5735339 table=14526784 yh=293426
stage b2=245 vs b1={180}: values [190909230887841213330078125, 1156831381426176000000000000), 4466276635745 candidates (MITM path)
  MITM b1=180: s=3 t=3 j=3 je=3 Q=5832000 table=14706125 yh=303702
done: 35.49s, 8468181 candidates tested
