A171740 search: n=12, threads=1, limit=none
stage b2=469 vs b1={281}: values [241491177919137537737896750669, 242368312385016936196463417761), 82419337658 candidates (MITM path)
  MITM b1=281: s=4 t=2 j=2 je=3 Q=78961 table=219961 yh=374700
stage b2=470 vs b1={282}: values [247215921508401230300000000000, 252923568025201628647322750976), 529504824108 candidates (MITM path)
  MITM b1=282: s=4 t=2 j=2 je=3 Q=79524 table=220900 yh=2397035
stage b2=471 vs b1={283}: values [253063772793440013800811649671, 263898685087308495981516810961), 992430167659 candidates (MITM path)
  MITM b1=283: s=4 t=2 j=2 je=3 Q=80089 table=221841 yh=4473611
stage b2=472 vs b1={284}: values [259037109303946675027997360128, 275308791831202866814366253056), 1471568457909 candidates (MITM path)
  MITM b1=284: s=4 t=2 j=2 je=3 Q=80656 table=222784 yh=6605360
stage b2=473 vs b1={285}: values [265138349296877942293007763977, 287169505347519450195556640625), 1967299321861 candidates (MITM path)
  MITM b1=285: s=4 t=2 j=2 je=3 Q=81225 table=223729 yh=8793225
stage b2=474 vs b1={286}: values [271369952365606399975686580224, 299496945547901850804899024896), 2480009005593 candidates (MITM path)
  MITM b1=286: s=4 t=2 j=2 je=3 Q=81796 table=224676 yh=11038158
stage b2=475 vs b1={287}: values [277734420056865215301513671875, 312307749504346137016129649281), 3010090456525 candidates (MITM path)
  MITM b1=287: s=4 t=2 j=2 je=3 Q=82369 table=225625 yh=13341122
stage b2=476 vs b1={288}: values [284234296495568578116086398976, 325619086145088897570576531456), 3557943406305 candidates (MITM path)
  MITM b1=288: s=4 t=2 j=2 je=3 Q=82944 table=226576 yh=15703091
stage b2=477 vs b1={289}: values [290872169017591458452425905573, 339448671314611904643504117121), 4123974454298 candidates (MITM path)
  MITM b1=289: s=4 t=2 j=2 je=3 Q=83521 table=227529 yh=18125050
stage b2=478 vs b1={290}: values [297650668810592995192411420672, 353814783205469041000000000000), 4708597151695 candidates (MITM path)
  MITM b1=290: s=4 t=2 j=2 je=3 Q=84100 table=228484 yh=20607996
stage b2=479 vs b1={291}: values [304572471562968542123015813279, 368736278169776566314796884081), 5312232086223 candidates (MITM path)
  MITM b1=291: s=4 t=2 j=2 je=3 Q=84681 table=229441 yh=23152933
stage b2=480 vs b1={292}: values [311640298121016115200000000000, 384232606918345112299069505536), 5935306967477 candidates (MITM path)
  MITM b1=292: s=4 t=2 j=2 je=3 Q=85264 table=230400 yh=25760881
stage b2=481 vs b1={293}: values [318856915154403706875322757281, 400323831115571027902364072401), 6578256712865 candidates (MITM path)
  MITM b1=293: s=3 t=3 j=3 je=3 Q=25153757 table=111284641 yh=59112
stage b2=482 vs b1={294}: values [326225135830024659938776352768, 417030640378345864542952820736), 7241523534167 candidates (MITM path)
  MITM b1=294: s=3 t=3 j=3 je=3 Q=25412184 table=111980168 yh=64668
stage b2=483 vs b1={295}: values [333747820494329024488347411867, 434374369687385917207275390625), 7925557024710 candidates (MITM path)
  MITM b1=295: s=3 t=3 j=3 je=3 Q=25672375 table=112678587 yh=70338
stage b2=484 vs b1={296}: values [341427877364219557396646723584, 452377017219528840630098722816), 8630814247158 candidates (MITM path)
  MITM b1=296: s=3 t=3 j=3 je=3 Q=25934336 table=113379904 yh=76123
stage b2=485 vs b1={297}: values [349268263226601764001611328125, 471061262609691461042593862241), 9357759821931 candidates (MITM path)
  MITM b1=297: s=3 t=3 j=3 je=3 Q=26198073 table=114084125 yh=82026
stage b2=486 vs b1={298}: values [357271984146678126737757198336, 490450485651332023716795191296), 10106866016229 candidates (MITM path)
  MITM b1=298: s=3 t=3 j=3 je=3 Q=26463592 table=114791256 yh=88046
stage b2=487 vs b1={299}: values [365442096185077415058791025463, 510568785444411275443565936401), 10878612833684 candidates (MITM path)
  MITM b1=299: s=3 t=3 j=3 je=3 Q=26730899 table=115501303 yh=94187
stage b2=488 vs b1={300}: values [373781706123910725302654861312, 531441000000000000000000000000), 11673488104636 candidates (MITM path)
  MITM b1=300: s=3 t=3 j=3 je=3 Q=27000000 table=116214272 yh=100448
stage b2=489 vs b1={301}: values [382293972201846658135397384889, 553092726310835924575445943601), 12491987577020 candidates (MITM path)
  MITM b1=301: s=3 t=3 j=3 je=3 Q=27270901 table=116930169 yh=106833
stage b2=490 vs b1={302}: values [390982104858298804900000000000, 575550340897290317159369936896), 13334615007892 candidates (MITM path)
  MITM b1=302: s=3 t=3 j=3 je=3 Q=27543608 table=117649000 yh=113343
stage b2=491 vs b1={303}: values [399849367486819482609834395891, 598841020838364120317909320641), 14201882255562 candidates (MITM path)
  MITM b1=303: s=3 t=3 j=3 je=3 Q=27818127 table=118370771 yh=119978
stage b2=492 vs b1={304}: values [408899077197794430483230097408, 622992765297495137011017711616), 15094309372364 candidates (MITM path)
  MITM b1=304: s=3 t=3 j=3 je=3 Q=28094464 table=119095488 yh=126742
stage b2=493 vs b1={305}: values [418134605590533958835165292757, 648034417553121620683837890625), 16012424698048 candidates (MITM path)
  MITM b1=305: s=3 t=3 j=3 je=3 Q=28372625 table=119823157 yh=133634
stage b2=494 vs b1={306}: values [427559379534856823843881170944, 673995687544113646503571623936), 16956764953796 candidates (MITM path)
  MITM b1=306: s=3 t=3 j=3 je=3 Q=28652616 table=120553784 yh=140658
stage b2=495 vs b1={307}: values [437176881962263889213818359375, 700907174940351875150276622001), 17927875336869 candidates (MITM path)
  MITM b1=307: s=3 t=3 j=3 je=3 Q=28934443 table=121287375 yh=147814
stage b2=496 vs b1={308}: values [446990652666799428081282973696, 728800392748903786995238567936), 18926309615880 candidates (MITM path)
  MITM b1=308: s=3 t=3 j=3 je=3 Q=29218112 table=122023936 yh=155104
stage b2=497 vs b1={309}: values [457004289115698715675308342353, 757707791466420184947746068881), 19952630226699 candidates (MITM path)
  MITM b1=309: s=3 t=3 j=3 je=3 Q=29503629 table=122763473 yh=162530
stage b2=498 vs b1={310}: values [467221447269921365272965629952, 787662783788549761000000000000), 21007408368983 candidates (MITM path)
  MITM b1=310: s=3 t=3 j=3 je=3 Q=29791000 table=123505992 yh=170093
stage b2=499 vs b1={311}: values [477645842414670666895611255499, 818699769887346816976612516321), 22091224103344 candidates (MITM path)
  MITM b1=311: s=3 t=3 j=3 je=3 Q=30080231 table=124251499 yh=177795
stage b2=500 vs b1={312}: values [488281250000000000000000000000, 850854163267826846772605485056), 23204666449141 candidates (MITM path)
  MITM b1=312: s=3 t=3 j=3 je=3 Q=30371328 table=125000000 yh=185638
stage b2=501 vs b1={313}: values [499131506491608208145638755501, 884162417215006648162206715681), 24348333482912 candidates (MITM path)
  MITM b1=313: s=3 t=3 j=3 je=3 Q=30664297 table=125751501 yh=193623
stage b2=502 vs b1={314}: values [510200510231926645287045634048, 918662051842949959948040605696), 25522832437433 candidates (MITM path)
  MITM b1=314: s=3 t=3 j=3 je=3 Q=30959144 table=126506008 yh=201752
stage b2=503 vs b1={315}: values [521492222311601429966591196647, 954391681757526337812744140625), 26728779801412 candidates (MITM path)
  MITM b1=315: s=3 t=3 j=3 je=3 Q=31255875 table=127263527 yh=210028

*** MATCH: 574394281399903626040223394144 is an 12-digit palindrome in bases 315 and 503
stage b2=504 vs b1={316}: values [533010667451475275290251362304, 991391044344780112897566048256), 27966801419825 candidates (MITM path)
  MITM b1=316: s=3 t=3 j=3 je=3 Q=31554496 table=128024064 yh=218450
stage b2=505 vs b1={317}: values [544759934895174099174853515625, 1029701028696997844179291768561), 29237532594879 candidates (MITM path)
  MITM b1=317: s=3 t=3 j=3 je=3 Q=31855013 table=128787625 yh=227022
stage b2=506 vs b1={318}: values [556744179312404460981246765056, 1069363705188756702611733221376), 30541618187615 candidates (MITM path)
  MITM b1=318: s=3 t=3 j=3 je=3 Q=32157432 table=129554216 yh=235744
stage b2=507 vs b1={319}: values [568967621713068717313312446243, 1110422355715432735355050594561), 31879712720148 candidates (MITM path)
  MITM b1=319: s=3 t=3 j=3 je=3 Q=32461759 table=130323843 yh=244620
done: 326.56s, 153213480 candidates tested
