A171740 search: n=12, threads=1, limit=none
stage b2=487 vs b1={291}: values [365442096185077415058791025463, 368736278169776566314796884081), 246929979580 candidates (MITM path)
  MITM b1=291: s=4 t=2 j=2 je=3 Q=84681 table=237169 yh=1041157
stage b2=488 vs b1={292}: values [373781706123910725302654861312, 384232606918345112299069505536), 773810811321 candidates (MITM path)
  MITM b1=292: s=4 t=2 j=2 je=3 Q=85264 table=238144 yh=3249340
stage b2=489 vs b1={293}: values [382293972201846658135397384889, 400323831115571027902364072401), 1318679253492 candidates (MITM path)
  MITM b1=293: s=4 t=2 j=2 je=3 Q=85849 table=239121 yh=5514695
stage b2=490 vs b1={294}: values [390982104858298804900000000000, 417030640378345864542952820736), 1881944586640 candidates (MITM path)
  MITM b1=294: s=4 t=2 j=2 je=3 Q=86436 table=240100 yh=7838170
stage b2=491 vs b1={295}: values [399849367486819482609834395891, 434374369687385917207275390625), 2464023027435 candidates (MITM path)
  MITM b1=295: s=4 t=2 j=2 je=3 Q=87025 table=241081 yh=10220727
stage b2=492 vs b1={296}: values [408899077197794430483230097408, 452377017219528840630098722816), 3065337812554 candidates (MITM path)
  MITM b1=296: s=4 t=2 j=2 je=3 Q=87616 table=242064 yh=12663337
stage b2=493 vs b1={297}: values [418134605590533958835165292757, 471061262609691461042593862241), 3686319283187 candidates (MITM path)
  MITM b1=297: s=4 t=2 j=2 je=3 Q=88209 table=243049 yh=15166980
stage b2=494 vs b1={298}: values [427559379534856823843881170944, 490450485651332023716795191296), 4327404970137 candidates (MITM path)
  MITM b1=298: s=4 t=2 j=2 je=3 Q=88804 table=244036 yh=17732650
stage b2=495 vs b1={299}: values [437176881962263889213818359375, 510568785444411275443565936401), 4989039679537 candidates (MITM path)
  MITM b1=299: s=4 t=2 j=2 je=3 Q=89401 table=245025 yh=20361350
stage b2=496 vs b1={300}: values [446990652666799428081282973696, 531441000000000000000000000000), 5671675579173 candidates (MITM path)
  MITM b1=300: s=4 t=2 j=2 je=3 Q=90000 table=246016 yh=23054093
stage b2=497 vs b1={301}: values [457004289115698715675308342353, 553092726310835924575445943601), 6375772285419 candidates (MITM path)
  MITM b1=301: s=4 t=2 j=2 je=3 Q=90601 table=247009 yh=25811903
stage b2=498 vs b1={302}: values [467221447269921365272965629952, 575550340897290317159369936896), 7101796950775 candidates (MITM path)
  MITM b1=302: s=4 t=2 j=2 je=3 Q=91204 table=248004 yh=28635817
stage b2=499 vs b1={303}: values [477645842414670666895611255499, 598841020838364120317909320641), 7850224352034 candidates (MITM path)
  MITM b1=303: s=3 t=3 j=3 je=3 Q=27818127 table=124251499 yh=63181
stage b2=500 vs b1={304}: values [488281250000000000000000000000, 622992765297495137011017711616), 8621536979040 candidates (MITM path)
  MITM b1=304: s=3 t=3 j=3 je=3 Q=28094464 table=125000000 yh=68973
stage b2=501 vs b1={305}: values [499131506491608208145638755501, 648034417553121620683837890625), 9416225124083 candidates (MITM path)
  MITM b1=305: s=3 t=3 j=3 je=3 Q=28372625 table=125751501 yh=74880
stage b2=502 vs b1={306}: values [510200510231926645287045634048, 673995687544113646503571623936), 10234786971890 candidates (MITM path)
  MITM b1=306: s=3 t=3 j=3 je=3 Q=28652616 table=126506008 yh=80904
stage b2=503 vs b1={307}: values [521492222311601429966591196647, 700907174940351875150276622001), 11077728690243 candidates (MITM path)
  MITM b1=307: s=3 t=3 j=3 je=3 Q=28934443 table=127263527 yh=87046

*** MATCH: 579778556699940515257077793440 is an 12-digit palindrome in bases 307 and 503
stage b2=504 vs b1={308}: values [533010667451475275290251362304, 728800392748903786995238567936), 11945564521210 candidates (MITM path)
  MITM b1=308: s=3 t=3 j=3 je=3 Q=29218112 table=128024064 yh=93308
stage b2=505 vs b1={309}: values [544759934895174099174853515625, 757707791466420184947746068881), 12838816872995 candidates (MITM path)
  MITM b1=309: s=3 t=3 j=3 je=3 Q=29503629 table=128787625 yh=99690
stage b2=506 vs b1={310}: values [556744179312404460981246765056, 787662783788549761000000000000), 13758016412407 candidates (MITM path)
  MITM b1=310: s=3 t=3 j=3 je=3 Q=29791000 table=129554216 yh=106196
stage b2=507 vs b1={311}: values [568967621713068717313312446243, 818699769887346816976612516321), 14703702157948 candidates (MITM path)
  MITM b1=311: s=3 t=3 j=3 je=3 Q=30080231 table=130323843 yh=112825
done: 96.78s, 171660598 candidates tested
