A171740 search: n=12, threads=1, limit=none
stage b2=127 vs b1={85}: values [138624799340320978519423, 142241757136172119140625), 862027490 candidates (MITM path)
  MITM b1=85: s=4 t=2 j=2 je=3 Q=7225 table=16129 yh=53446
stage b2=128 vs b1={86}: values [151115727451828646838272, 163674647745587512938496), 2855567867 candidates (MITM path)
  MITM b1=86: s=4 t=2 j=2 je=3 Q=7396 table=16384 yh=174291
stage b2=129 vs b1={87}: values [164621598066108688876929, 188031682201497672618081), 5080011703 candidates (MITM path)
  MITM b1=87: s=4 t=2 j=2 je=3 Q=7569 table=16641 yh=305271
stage b2=130 vs b1={88}: values [179216039403700000000000, 215671155821681003462656), 7552632893 candidates (MITM path)
  MITM b1=88: s=4 t=2 j=2 je=3 Q=7744 table=16900 yh=446902
stage b2=131 vs b1={89}: values [194977389846841709335931, 246990403565262140303521), 10291631897 candidates (MITM path)
  MITM b1=89: s=3 t=3 j=3 je=3 Q=704969 table=2248091 yh=4578
stage b2=132 vs b1={90}: values [211988959518950443450368, 282429536481000000000000), 13316169582 candidates (MITM path)
  MITM b1=90: s=3 t=3 j=3 je=3 Q=729000 table=2299968 yh=5790
stage b2=133 vs b1={91}: values [230339304218442143770717, 322475487413604782665681), 16646401739 candidates (MITM path)
  MITM b1=91: s=3 t=3 j=3 je=3 Q=753571 table=2352637 yh=7076
stage b2=134 vs b1={92}: values [250122512189374498985984, 367666387654882241806336), 20303514281 candidates (MITM path)
  MITM b1=92: s=3 t=3 j=3 je=3 Q=778688 table=2406104 yh=8439
stage b2=135 vs b1={93}: values [271438504226343896484375, 418596297479370673535601), 24309759127 candidates (MITM path)
  MITM b1=93: s=3 t=3 j=3 je=3 Q=804357 table=2460375 yh=9881
stage b2=136 vs b1={94}: values [294393347626373780340736, 475920314814253376475136), 28688490766 candidates (MITM path)
  MITM b1=94: s=3 t=3 j=3 je=3 Q=830584 table=2515456 yh=11405
stage b2=137 vs b1={95}: values [319099584516184696444313, 540360087662636962890625), 33464203510 candidates (MITM path)
  MITM b1=95: s=3 t=3 j=3 je=3 Q=857375 table=2571353 yh=13015
stage b2=138 vs b1={96}: values [345676575099245416998912, 612709757329767363772416), 38662569426 candidates (MITM path)
  MITM b1=96: s=3 t=3 j=3 je=3 Q=884736 table=2628072 yh=14712
stage b2=139 vs b1={97}: values [374250856383374715683539, 693842360995438000295041), 44310476963 candidates (MITM path)
  MITM b1=97: s=3 t=3 j=3 je=3 Q=912673 table=2685619 yh=16500

*** MATCH: 427610184321446004965940 is an 12-digit palindrome in bases 97 and 139
stage b2=140 vs b1={98}: values [404956516966400000000000, 784716723734800033386496), 50436070267 candidates (MITM path)
  MITM b1=98: s=3 t=3 j=3 je=3 Q=941192 table=2744000 yh=18381
done: 0.74s, 1058658 candidates tested
