A171740 search: n=12, threads=1, limit=none
stage b2=327 vs b1={202}: values [4571147964206370729019547223, 4615475323420547975828279296), 36256455400 candidates (MITM path)
  MITM b1=202: s=4 t=2 j=2 je=3 Q=40804 table=106929 yh=339071
stage b2=328 vs b1={203}: values [4727290386521267611811971072, 4897252030306448390395044241), 136492208363 candidates (MITM path)
  MITM b1=203: s=4 t=2 j=2 je=3 Q=41209 table=107584 yh=1268704
stage b2=329 vs b1={204}: values [4888266528939506518462919129, 5194718390528185623763746816), 241650042683 candidates (MITM path)
  MITM b1=204: s=4 t=2 j=2 je=3 Q=41616 table=108241 yh=2232519
stage b2=330 vs b1={205}: values [5054210651372681700000000000, 5508664624112838398681640625), 351889465050 candidates (MITM path)
  MITM b1=205: s=4 t=2 j=2 je=3 Q=42025 table=108900 yh=3231309
stage b2=331 vs b1={206}: values [5225260318375411481909498131, 5839916592521948960554356736), 467373792813 candidates (MITM path)
  MITM b1=206: s=4 t=2 j=2 je=3 Q=42436 table=109561 yh=4265878
stage b2=332 vs b1={207}: values [5401556470099967575398023168, 6189337220490697154402830401), 588270218149 candidates (MITM path)
  MITM b1=207: s=4 t=2 j=2 je=3 Q=42849 table=110224 yh=5337043
stage b2=333 vs b1={208}: values [5583243494552763872208758517, 6557827967253220516257857536), 714749872873 candidates (MITM path)
  MITM b1=208: s=4 t=2 j=2 je=3 Q=43264 table=110889 yh=6445634
stage b2=334 vs b1={209}: values [5770469301172549409712093184, 6946330348617183160431238081), 846987893866 candidates (MITM path)
  MITM b1=209: s=4 t=2 j=2 je=3 Q=43681 table=111556 yh=7592491
stage b2=335 vs b1={210}: values [5963385395750391459130859375, 7355827511386641000000000000), 985163489153 candidates (MITM path)
  MITM b1=210: s=4 t=2 j=2 je=3 Q=44100 table=112225 yh=8778468
stage b2=336 vs b1={211}: values [6162146956711778149189287936, 7787345861668898615544483121), 1129460004602 candidates (MITM path)
  MITM b1=211: s=3 t=3 j=3 je=3 Q=9393931 table=37933056 yh=29776
stage b2=337 vs b1={212}: values [6366912912781415703444512113, 8241956748638414149261459456), 1280064991267 candidates (MITM path)
  MITM b1=212: s=3 t=3 j=3 je=3 Q=9528128 table=38272753 yh=33446
stage b2=338 vs b1={213}: values [6577846022051543255362291712, 8720778205368893309992171281), 1437170273364 candidates (MITM path)
  MITM b1=213: s=3 t=3 j=3 je=3 Q=9663597 table=38614472 yh=37219
stage b2=339 vs b1={214}: values [6795112952474838324166805739, 9224976748383532391296208896), 1600972016892 candidates (MITM path)
  MITM b1=214: s=3 t=3 j=3 je=3 Q=9800344 table=38958219 yh=41095
stage b2=340 vs b1={215}: values [7018884363803238400000000000, 9755769237612933691650390625), 1771670798882 candidates (MITM path)
  MITM b1=215: s=3 t=3 j=3 je=3 Q=9938375 table=39304000 yh=45077
stage b2=341 vs b1={216}: values [7249334990994258712381121741, 10314424798490535546171949056), 1949471677296 candidates (MITM path)
  MITM b1=216: s=3 t=3 j=3 je=3 Q=10077696 table=39651821 yh=49165
stage b2=342 vs b1={217}: values [7486643729106643154813687808, 10902266807956484097280908961), 2134584261569 candidates (MITM path)
  MITM b1=217: s=3 t=3 j=3 je=3 Q=10218313 table=40001688 yh=53363
stage b2=343 vs b1={218}: values [7730993719707444524137094407, 11520674946182735813538942976), 2327222783781 candidates (MITM path)
  MITM b1=218: s=3 t=3 j=3 je=3 Q=10360232 table=40353607 yh=57671
stage b2=344 vs b1={219}: values [7982572438812891719395180544, 12171087315874829579909431761), 2527606170490 candidates (MITM path)
  MITM b1=219: s=3 t=3 j=3 je=3 Q=10503459 table=40707584 yh=62092
stage b2=345 vs b1={220}: values [8241571786385665345166015625, 12855002631049216000000000000), 2735958115196 candidates (MITM path)
  MITM b1=220: s=3 t=3 j=3 je=3 Q=10648000 table=41063625 yh=66628
stage b2=346 vs b1={221}: values [8508188177411469292077623296, 13573982477229290545823357041), 2952507151458 candidates (MITM path)
  MITM b1=221: s=3 t=3 j=3 je=3 Q=10793861 table=41421736 yh=71280
stage b2=347 vs b1={222}: values [8782622634578054336274824003, 14329653645048357641297596416), 3177486726656 candidates (MITM path)
  MITM b1=222: s=3 t=3 j=3 je=3 Q=10941048 table=41781923 yh=76050
stage b2=348 vs b1={223}: values [9065080882580120623594340352, 15123710539293666054338805121), 3411135276402 candidates (MITM path)
  MITM b1=223: s=3 t=3 j=3 je=3 Q=11089567 table=42144192 yh=80940
stage b2=349 vs b1={224}: values [9355773444073799096880141349, 15957917665472413585874354176), 3653696299596 candidates (MITM path)
  MITM b1=224: s=3 t=3 j=3 je=3 Q=11239424 table=42508549 yh=85953
stage b2=350 vs b1={225}: values [9654915737304687500000000000, 16834112196028232574462890625), 3905418434142 candidates (MITM path)
  MITM b1=225: s=3 t=3 j=3 je=3 Q=11390625 table=42875000 yh=91089
stage b2=351 vs b1={226}: values [9962728175433694563518616351, 17754206618385148880104984576), 4166555533299 candidates (MITM path)
  MITM b1=226: s=3 t=3 j=3 je=3 Q=11543176 table=43243551 yh=96351
stage b2=352 vs b1={227}: values [10279436267585226358493544448, 18720191467045367574023614321), 4437366742698 candidates (MITM path)
  MITM b1=227: s=3 t=3 j=3 je=3 Q=11697083 table=43614208 yh=101742
stage b2=353 vs b1={228}: values [10605270721642531610378603297, 19734138142017490453021065216), 4718116578008 candidates (MITM path)
  MITM b1=228: s=3 t=3 j=3 je=3 Q=11852352 table=43986977 yh=107262
stage b2=354 vs b1={229}: values [10940467548815308008476411904, 20798201815902925734870098641), 5009075003249 candidates (MITM path)
  MITM b1=229: s=3 t=3 j=3 je=3 Q=12008989 table=44361864 yh=112914
stage b2=355 vs b1={230}: values [11285268170004959241748046875, 21914624432020321000000000000), 5310517509771 candidates (MITM path)
  MITM b1=230: s=3 t=3 j=3 je=3 Q=12167000 table=44738875 yh=118701
stage b2=356 vs b1={231}: values [11639919523993182653074374656, 23085737796000848857434784161), 5622725195874 candidates (MITM path)
  MITM b1=231: s=3 t=3 j=3 je=3 Q=12326391 table=45118016 yh=124623
stage b2=357 vs b1={232}: values [12004674177479860045321072893, 24313966763341113270967730176), 5945984847104 candidates (MITM path)
  MITM b1=232: s=3 t=3 j=3 je=3 Q=12487168 table=45499293 yh=130684
stage b2=358 vs b1={233}: values [12379790436996519307878356992, 25601832525455335435322705761), 6280589017184 candidates (MITM path)
  MITM b1=233: s=3 t=3 j=3 je=3 Q=12649337 table=45882712 yh=136884
stage b2=359 vs b1={234}: values [12765532462721932175857515959, 26951955996824334101419462656), 6626836109622 candidates (MITM path)
  MITM b1=234: s=3 t=3 j=3 je=3 Q=12812904 table=46268279 yh=143227
stage b2=360 vs b1={235}: values [13162170384226713600000000000, 28367061305895648984619140625), 6985030459963 candidates (MITM path)
  MITM b1=235: s=3 t=3 j=3 je=3 Q=12977875 table=46656000 yh=149714
stage b2=361 vs b1={236}: values [13569980418174090907801371961, 29849979392446980130179383296), 7355482418716 candidates (MITM path)
  MITM b1=236: s=3 t=3 j=3 je=3 Q=13144256 table=47045881 yh=156348
stage b2=362 vs b1={237}: values [13989244988004316189622233088, 31403651714183943747186386481), 7738508434927 candidates (MITM path)
  MITM b1=237: s=3 t=3 j=3 je=3 Q=13312053 table=47437928 yh=163130
stage b2=363 vs b1={238}: values [14420252845630503161941475187, 33031134065402989058412384256), 8134431140421 candidates (MITM path)
  MITM b1=238: s=3 t=3 j=3 je=3 Q=13481272 table=47832147 yh=170063
stage b2=364 vs b1={239}: values [14863299195173980157734027264, 34735600510611194263176918721), 8543579434706 candidates (MITM path)
  MITM b1=239: s=3 t=3 j=3 je=3 Q=13651919 table=48228544 yh=177148
stage b2=365 vs b1={240}: values [15318685818767563885595703125, 36520347436056576000000000000), 8966288570540 candidates (MITM path)
  MITM b1=240: s=3 t=3 j=3 je=3 Q=13824000 table=48627125 yh=184389
stage b2=366 vs b1={241}: values [15786721204455474199101782016, 38388797722185519065061084481), 9402900240158 candidates (MITM path)
  MITM b1=241: s=3 t=3 j=3 je=3 Q=13997521 table=49027896 yh=191787
stage b2=367 vs b1={242}: values [16267720676218928340423448783, 40344505040107975043939700736), 9853762662167 candidates (MITM path)
  MITM b1=242: s=3 t=3 j=3 je=3 Q=14172488 table=49430863 yh=199345
stage b2=368 vs b1={243}: values [16762006526156773981926981632, 42391158275216203514294433201), 10319230669107 candidates (MITM path)
  MITM b1=243: s=3 t=3 j=3 je=3 Q=14348907 table=49836032 yh=207064
stage b2=369 vs b1={244}: values [17269908148850843900874319569, 44532586081169051256761614336), 10799665795675 candidates (MITM path)
  MITM b1=244: s=3 t=3 j=3 je=3 Q=14526784 table=50243409 yh=214947
stage b2=370 vs b1={245}: values [17791762177946041300000000000, 46772761567521097265869140625), 11295436367618 candidates (MITM path)
  MITM b1=245: s=3 t=3 j=3 je=3 Q=14706125 table=50653000 yh=222997
stage b2=371 vs b1={246}: values [18327912624975493645267978571, 49115807124344448192809865216), 11806917591290 candidates (MITM path)
  MITM b1=246: s=3 t=3 j=3 je=3 Q=14886936 table=51064811 yh=231215
stage b2=372 vs b1={247}: values [18878711020461444446161993728, 51565999387260564203827465441), 12334491643883 candidates (MITM path)
  MITM b1=247: s=3 t=3 j=3 je=3 Q=15069223 table=51478848 yh=239604
stage b2=373 vs b1={248}: values [19444516557322886668124300077, 54127774346370243244217860096), 12878547764322 candidates (MITM path)
  MITM b1=248: s=3 t=3 j=3 je=3 Q=15252992 table=51895117 yh=248165
stage b2=374 vs b1={249}: values [20025696236621278455959066624, 56805732602641806617660372001), 13439482344831 candidates (MITM path)
  MITM b1=249: s=3 t=3 j=3 je=3 Q=15438249 table=52313624 yh=256903

*** MATCH: 41789292948620899166990258250 is an 12-digit palindrome in bases 249 and 374
stage b2=375 vs b1={250}: values [20622625015676021575927734375, 59604644775390625000000000000), 14017699023170 candidates (MITM path)
  MITM b1=250: s=3 t=3 j=3 je=3 Q=15625000 table=52734375 yh=265818
stage b2=376 vs b1={251}: values [21235685958581725467693285376, 62529457064557415999535378001), 14613608775541 candidates (MITM path)
  MITM b1=251: s=3 t=3 j=3 je=3 Q=15813251 table=53157376 yh=274913
stage b2=377 vs b1={252}: values [21865270389159625050067741673, 65585296971568246764230148096), 15227630010165 candidates (MITM path)
  MITM b1=252: s=3 t=3 j=3 je=3 Q=16003008 table=53582633 yh=284190
stage b2=378 vs b1={253}: values [22511778046375868461571254272, 68777479182635902650515347441), 15860188661540 candidates (MITM path)
  MITM b1=253: s=3 t=3 j=3 je=3 Q=16194277 table=54010152 yh=293652
stage b2=379 vs b1={254}: values [23175617242259741753050742179, 72111511618440250457975689216), 16511718285353 candidates (MITM path)
  MITM b1=254: s=3 t=3 j=3 je=3 Q=16387064 table=54439939 yh=303302
stage b2=380 vs b1={255}: values [23857205022355251200000000000, 75593101654204447168212890625), 17182660154088 candidates (MITM path)
  MITM b1=255: s=3 t=3 j=3 je=3 Q=16581375 table=54872000 yh=313141
stage b2=381 vs b1={256}: values [24556967328739840381780226181, 79228162514264337593543950336), 17873463353290 candidates (MITM path)
  MITM b1=256: s=3 t=3 j=3 je=3 Q=16777216 table=55306341 yh=323173
stage b2=382 vs b1={257}: values [25275339165644378498708666368, 83022819845310162051379891201), 18584584878513 candidates (MITM path)
  MITM b1=257: s=3 t=3 j=3 je=3 Q=16974593 table=55742968 yh=333398
stage b2=383 vs b1={258}: values [26012764767708918581052067967, 86983418472562773463547252736), 19316489732942 candidates (MITM path)
  MITM b1=258: s=3 t=3 j=3 je=3 Q=17173512 table=56181887 yh=343821
stage b2=384 vs b1={259}: values [26769697770909089301459369984, 91116529343230957588293738481), 20069651025687 candidates (MITM path)
  MITM b1=259: s=3 t=3 j=3 je=3 Q=17373979 table=56623104 yh=354443
stage b2=385 vs b1={260}: values [27546601386188352049462890625, 95428956661682176000000000000), 20844550070758 candidates (MITM path)
  MITM b1=260: s=3 t=3 j=3 je=3 Q=17576000 table=57066625 yh=365267
stage b2=386 vs b1={261}: values [28343948575831725778577524736, 99927745220846124633825584721), 21641676486715 candidates (MITM path)
  MITM b1=261: s=3 t=3 j=3 je=3 Q=17779581 table=57512456 yh=376296
stage b2=387 vs b1={262}: values [29162222232616955908481341563, 104620187934458937028636512256), 22461528296995 candidates (MITM path)
  MITM b1=262: s=3 t=3 j=3 je=3 Q=17984728 table=57960603 yh=387531
stage b2=388 vs b1={263}: values [30001915361779480272056614912, 109513833574845676773925608481), 23304612030919 candidates (MITM path)
  MITM b1=263: s=3 t=3 j=3 je=3 Q=18191447 table=58411072 yh=398976
stage b2=389 vs b1={264}: values [30863531265827924755035773789, 114616494721029974161197367296), 24171442825375 candidates (MITM path)
  MITM b1=264: s=3 t=3 j=3 je=3 Q=18399744 table=58863869 yh=410633
stage b2=390 vs b1={265}: values [31747583732247243900000000000, 119936255922052283847900390625), 25062544527182 candidates (MITM path)
  MITM b1=265: s=3 t=3 j=3 je=3 Q=18609625 table=59319000 yh=422505
stage b2=391 vs b1={266}: values [32654597224127007351927104791, 125481482080472289777685958656), 25978449796135 candidates (MITM path)
  MITM b1=266: s=3 t=3 j=3 je=3 Q=18821096 table=59776471 yh=434594
stage b2=392 vs b1={267}: values [33585107073752721624827691008, 131260827061126477105043503761), 26919700208726 candidates (MITM path)
  MITM b1=267: s=3 t=3 j=3 je=3 Q=19034163 table=60236288 yh=446902
stage b2=393 vs b1={268}: values [34539659679198468283732168857, 137283242530308845011443122176), 27886846362551 candidates (MITM path)
  MITM b1=268: s=3 t=3 j=3 je=3 Q=19248832 table=60698457 yh=459433
stage b2=394 vs b1={269}: values [35518812703959534278923577344, 143557987030641165766449098161), 28880447981395 candidates (MITM path)
  MITM b1=269: s=3 t=3 j=3 je=3 Q=19465109 table=61162984 yh=472189
stage b2=395 vs b1={270}: values [36523135279664107855419921875, 150094635296999121000000000000), 29901074020998 candidates (MITM path)
  MITM b1=270: s=3 t=3 j=3 je=3 Q=19683000 table=61629875 yh=485172
stage b2=396 vs b1={271}: values [37553208211903514205902340096, 156903087818962082857498424641), 30949302775508 candidates (MITM path)
  MITM b1=271: s=3 t=3 j=3 je=3 Q=19902511 table=62099136 yh=498386
stage b2=397 vs b1={272}: values [38609624189220868855209238453, 163993580655357272581489033216), 32025721984611 candidates (MITM path)
  MITM b1=272: s=3 t=3 j=3 je=3 Q=20123648 table=62570773 yh=511832
stage b2=398 vs b1={273}: values [39692987995298433674858903552, 171376695506573539304632176321), 33130928941348 candidates (MITM path)
  MITM b1=273: s=3 t=3 j=3 je=3 Q=20346417 table=63044792 yh=525515
stage b2=399 vs b1={274}: values [40803916724384370442551204399, 179063370050426074779119128576), 34265530600615 candidates (MITM path)
  MITM b1=274: s=3 t=3 j=3 je=3 Q=20570824 table=63521199 yh=539435
done: 279.17s, 46056627 candidates tested
