A171740 search: n=12, threads=1, limit=none
stage b2=393 vs b1={239}: values [34539659679198468283732168857, 34735600510611194263176918721), 53182609660 candidates (MITM path)
  MITM b1=239: s=4 t=2 j=2 je=3 Q=57121 table=154449 yh=344338
stage b2=394 vs b1={240}: values [35518812703959534278923577344, 36520347436056576000000000000), 267724849919 candidates (MITM path)
  MITM b1=240: s=4 t=2 j=2 je=3 Q=57600 table=155236 yh=1724632
stage b2=395 vs b1={241}: values [36523135279664107855419921875, 38388797722185519065061084481), 491191106779 candidates (MITM path)
  MITM b1=241: s=4 t=2 j=2 je=3 Q=58081 table=156025 yh=3148157
stage b2=396 vs b1={242}: values [37553208211903514205902340096, 40344505040107975043939700736), 723827212536 candidates (MITM path)
  MITM b1=242: s=4 t=2 j=2 je=3 Q=58564 table=156816 yh=4615774
stage b2=397 vs b1={243}: values [38609624189220868855209238453, 42391158275216203514294433201), 965884015202 candidates (MITM path)
  MITM b1=243: s=4 t=2 j=2 je=3 Q=59049 table=157609 yh=6128356
stage b2=398 vs b1={244}: values [39692987995298433674858903552, 44532586081169051256761614336), 1217617451073 candidates (MITM path)
  MITM b1=244: s=4 t=2 j=2 je=3 Q=59536 table=158404 yh=7686785
stage b2=399 vs b1={245}: values [40803916724384370442551204399, 46772761567521097265869140625), 1479288617904 candidates (MITM path)
  MITM b1=245: s=4 t=2 j=2 je=3 Q=60025 table=159201 yh=9291956
stage b2=400 vs b1={246}: values [41943040000000000000000000000, 49115807124344448192809865216), 1751163848717 candidates (MITM path)
  MITM b1=246: s=4 t=2 j=2 je=3 Q=60516 table=160000 yh=10944775
stage b2=401 vs b1={247}: values [43111000196969091338568804401, 51565999387260564203827465441), 2033514786222 candidates (MITM path)
  MITM b1=247: s=4 t=2 j=2 je=3 Q=61009 table=160801 yh=12646158
stage b2=402 vs b1={248}: values [44308452666811124371870107648, 54127774346370243244217860096), 2326618457865 candidates (MITM path)
  MITM b1=248: s=4 t=2 j=2 je=3 Q=61504 table=161604 yh=14397036
stage b2=403 vs b1={249}: values [45536065966540892753630392747, 56805732602641806617660372001), 2630757351499 candidates (MITM path)
  MITM b1=249: s=4 t=2 j=2 je=3 Q=62001 table=162409 yh=16198348
stage b2=404 vs b1={250}: values [46794522090917238883645128704, 59604644775390625000000000000), 2946219491683 candidates (MITM path)
  MITM b1=250: s=3 t=3 j=3 je=3 Q=15625000 table=65939264 yh=44681
stage b2=405 vs b1={251}: values [48084516708184142230517578125, 62529457064557415999535378001), 3273298516603 candidates (MITM path)
  MITM b1=251: s=3 t=3 j=3 je=3 Q=15813251 table=66430125 yh=49275
stage b2=406 vs b1={252}: values [49406759399347814303098771456, 65585296971568246764230148096), 3612293755623 candidates (MITM path)
  MITM b1=252: s=3 t=3 j=3 je=3 Q=16003008 table=66923416 yh=53977
stage b2=407 vs b1={253}: values [50761973901033889039170022343, 68777479182635902650515347441), 3963510307467 candidates (MITM path)
  MITM b1=253: s=3 t=3 j=3 je=3 Q=16194277 table=67419143 yh=58790
stage b2=408 vs b1={254}: values [52150898351969236066020360192, 72111511618440250457975689216), 4327259119022 candidates (MITM path)
  MITM b1=254: s=3 t=3 j=3 je=3 Q=16387064 table=67917312 yh=63714
stage b2=409 vs b1={255}: values [53574285543133366239295624009, 75593101654204447168212890625), 4703857064783 candidates (MITM path)
  MITM b1=255: s=3 t=3 j=3 je=3 Q=16581375 table=68417929 yh=68752
stage b2=410 vs b1={256}: values [55032903171624844100000000000, 79228162514264337593543950336), 5093627026919 candidates (MITM path)
  MITM b1=256: s=3 t=3 j=3 je=3 Q=16777216 table=68921000 yh=73906
stage b2=411 vs b1={257}: values [56527534098288570421020715011, 83022819845310162051379891201), 5496897975982 candidates (MITM path)
  MITM b1=257: s=3 t=3 j=3 je=3 Q=16974593 table=69426531 yh=79176
stage b2=412 vs b1={258}: values [58058976609150249860268556288, 86983418472562773463547252736), 5914005052239 candidates (MITM path)
  MITM b1=258: s=3 t=3 j=3 je=3 Q=17173512 table=69934528 yh=84565

*** MATCH: 86711723910207134099748000341 is an 12-digit palindrome in bases 258 and 412
stage b2=413 vs b1={259}: values [59628044680704813913766929637, 91116529343230957588293738481), 6345289647645 candidates (MITM path)
  MITM b1=259: s=3 t=3 j=3 je=3 Q=17373979 table=70444997 yh=90075
stage b2=414 vs b1={260}: values [61235568249106027885106264064, 95428956661682176000000000000), 6791099488452 candidates (MITM path)
  MITM b1=260: s=3 t=3 j=3 je=3 Q=17576000 table=70957944 yh=95706
stage b2=415 vs b1={261}: values [62882393483304972473974609375, 99927745220846124633825584721), 7251788718449 candidates (MITM path)
  MITM b1=261: s=3 t=3 j=3 je=3 Q=17779581 table=71473375 yh=101462
stage b2=416 vs b1={262}: values [64569383062185555852385058816, 104620187934458937028636512256), 7727717982848 candidates (MITM path)
  MITM b1=262: s=3 t=3 j=3 je=3 Q=17984728 table=71991296 yh=107343
stage b2=417 vs b1={263}: values [66297416455745680759191883233, 109513833574845676773925608481), 8219254512797 candidates (MITM path)
  MITM b1=263: s=3 t=3 j=3 je=3 Q=18191447 table=72511713 yh=113351
stage b2=418 vs b1={264}: values [68067390210373163218005624832, 114616494721029974161197367296), 8726772210547 candidates (MITM path)
  MITM b1=264: s=3 t=3 j=3 je=3 Q=18399744 table=73034632 yh=119489
stage b2=419 vs b1={265}: values [69880218238265974987208422619, 119936255922052283847900390625), 9250651735242 candidates (MITM path)
  MITM b1=265: s=3 t=3 j=3 je=3 Q=18609625 table=73560059 yh=125757
stage b2=420 vs b1={266}: values [71736832111046860800000000000, 125481482080472289777685958656), 9791280589364 candidates (MITM path)
  MITM b1=266: s=3 t=3 j=3 je=3 Q=18821096 table=74088000 yh=132158
stage b2=421 vs b1={267}: values [73638181357622863863877426621, 131260827061126477105043503761), 10349053205815 candidates (MITM path)
  MITM b1=267: s=3 t=3 j=3 je=3 Q=19034163 table=74618461 yh=138693
stage b2=422 vs b1={268}: values [75585233766340778979313276928, 137283242530308845011443122176), 10924371035641 candidates (MITM path)
  MITM b1=268: s=3 t=3 j=3 je=3 Q=19248832 table=75151448 yh=145365
stage b2=423 vs b1={269}: values [77578975691490042023332369527, 143557987030641165766449098161), 11517642636399 candidates (MITM path)
  MITM b1=269: s=3 t=3 j=3 je=3 Q=19465109 table=75686967 yh=152175
stage b2=424 vs b1={270}: values [79620412364205057441922023424, 150094635296999121000000000000), 12129283761175 candidates (MITM path)
  MITM b1=270: s=3 t=3 j=3 je=3 Q=19683000 table=76225024 yh=159125
stage b2=425 vs b1={271}: values [81710568207819461822509765625, 156903087818962082857498424641), 12759717448234 candidates (MITM path)
  MITM b1=271: s=3 t=3 j=3 je=3 Q=19902511 table=76765625 yh=166217
stage b2=426 vs b1={272}: values [83850487157725321590910642176, 163993580655357272581489033216), 13409374111335 candidates (MITM path)
  MITM b1=272: s=3 t=3 j=3 je=3 Q=20123648 table=77308776 yh=173453
stage b2=427 vs b1={273}: values [86041232985790766413028611123, 171376695506573539304632176321), 14078691630677 candidates (MITM path)
  MITM b1=273: s=3 t=3 j=3 je=3 Q=20346417 table=77854483 yh=180834
done: 130.32s, 88269691 candidates tested
