A171740 search: n=12, threads=1, limit=none
stage b2=361 vs b1={221}: values [13569980418174090907801371961, 13573982477229290545823357041), 1808174256 candidates (MITM path)
  MITM b1=221: s=4 t=2 j=2 je=3 Q=48841 table=130321 yh=13875
stage b2=362 vs b1={222}: values [13989244988004316189622233088, 14329653645048357641297596416), 151268734289 candidates (MITM path)
  MITM b1=222: s=4 t=2 j=2 je=3 Q=49284 table=131044 yh=1154336
stage b2=363 vs b1={223}: values [14420252845630503161941475187, 15123710539293666054338805121), 307466804056 candidates (MITM path)
  MITM b1=223: s=4 t=2 j=2 je=3 Q=49729 table=131769 yh=2333378
stage b2=364 vs b1={224}: values [14863299195173980157734027264, 15957917665472413585874354176), 470602760257 candidates (MITM path)
  MITM b1=224: s=4 t=2 j=2 je=3 Q=50176 table=132496 yh=3551827
stage b2=365 vs b1={225}: values [15318685818767563885595703125, 16834112196028232574462890625), 640881382375 candidates (MITM path)
  MITM b1=225: s=4 t=2 j=2 je=3 Q=50625 table=133225 yh=4810519
stage b2=366 vs b1={226}: values [15786721204455474199101782016, 17754206618385148880104984576), 818511921090 candidates (MITM path)
  MITM b1=226: s=4 t=2 j=2 je=3 Q=51076 table=133956 yh=6110305
stage b2=367 vs b1={227}: values [16267720676218928340423448783, 18720191467045367574023614321), 1003708167315 candidates (MITM path)
  MITM b1=227: s=4 t=2 j=2 je=3 Q=51529 table=134689 yh=7452043
stage b2=368 vs b1={228}: values [16762006526156773981926981632, 19734138142017490453021065216), 1196688521857 candidates (MITM path)
  MITM b1=228: s=4 t=2 j=2 je=3 Q=51984 table=135424 yh=8836606
stage b2=369 vs b1={229}: values [17269908148850843900874319569, 20798201815902925734870098641), 1397676065710 candidates (MITM path)
  MITM b1=229: s=4 t=2 j=2 je=3 Q=52441 table=136161 yh=10264879
stage b2=370 vs b1={230}: values [17791762177946041300000000000, 21914624432020321000000000000), 1606898630974 candidates (MITM path)
  MITM b1=230: s=4 t=2 j=2 je=3 Q=52900 table=136900 yh=11737755
stage b2=371 vs b1={231}: values [18327912624975493645267978571, 23085737796000848857434784161), 1824588872397 candidates (MITM path)
  MITM b1=231: s=3 t=3 j=3 je=3 Q=12326391 table=51064811 yh=35731
stage b2=372 vs b1={232}: values [18878711020461444446161993728, 24313966763341113270967730176), 2050984339558 candidates (MITM path)
  MITM b1=232: s=3 t=3 j=3 je=3 Q=12487168 table=51478848 yh=39842
stage b2=373 vs b1={233}: values [19444516557322886668124300077, 25601832525455335435322705761), 2286327549676 candidates (MITM path)
  MITM b1=233: s=3 t=3 j=3 je=3 Q=12649337 table=51895117 yh=44057
stage b2=374 vs b1={234}: values [20025696236621278455959066624, 26951955996824334101419462656), 2530866061051 candidates (MITM path)
  MITM b1=234: s=3 t=3 j=3 je=3 Q=12812904 table=52313624 yh=48379
stage b2=375 vs b1={235}: values [20622625015676021575927734375, 28367061305895648984619140625), 2784852547138 candidates (MITM path)
  MITM b1=235: s=3 t=3 j=3 je=3 Q=12977875 table=52734375 yh=52810
stage b2=376 vs b1={236}: values [21235685958581725467693285376, 29849979392446980130179383296), 3048544871263 candidates (MITM path)
  MITM b1=236: s=3 t=3 j=3 je=3 Q=13144256 table=53157376 yh=57350
stage b2=377 vs b1={237}: values [21865270389159625050067741673, 31403651714183943747186386481), 3322206161965 candidates (MITM path)
  MITM b1=237: s=3 t=3 j=3 je=3 Q=13312053 table=53582633 yh=62002
stage b2=378 vs b1={238}: values [22511778046375868461571254272, 33031134065402989058412384256), 3606104888983 candidates (MITM path)
  MITM b1=238: s=3 t=3 j=3 je=3 Q=13481272 table=54010152 yh=66768
stage b2=379 vs b1={239}: values [23175617242259741753050742179, 34735600510611194263176918721), 3900514939875 candidates (MITM path)
  MITM b1=239: s=3 t=3 j=3 je=3 Q=13651919 table=54439939 yh=71649

*** MATCH: 34238180999897535864467565840 is an 12-digit palindrome in bases 239 and 379
stage b2=380 vs b1={240}: values [23857205022355251200000000000, 36520347436056576000000000000), 4205715697281 candidates (MITM path)
  MITM b1=240: s=3 t=3 j=3 je=3 Q=13824000 table=54872000 yh=76646
stage b2=381 vs b1={241}: values [24556967328739840381780226181, 38388797722185519065061084481), 4521992116822 candidates (MITM path)
  MITM b1=241: s=3 t=3 j=3 je=3 Q=13997521 table=55306341 yh=81763
stage b2=382 vs b1={242}: values [25275339165644378498708666368, 40344505040107975043939700736), 4849634805644 candidates (MITM path)
  MITM b1=242: s=3 t=3 j=3 je=3 Q=14172488 table=55742968 yh=87000
stage b2=383 vs b1={243}: values [26012764767708918581052067967, 42391158275216203514294433201), 5188940101600 candidates (MITM path)
  MITM b1=243: s=3 t=3 j=3 je=3 Q=14348907 table=56181887 yh=92360
stage b2=384 vs b1={244}: values [26769697770909089301459369984, 44532586081169051256761614336), 5540210153075 candidates (MITM path)
  MITM b1=244: s=3 t=3 j=3 je=3 Q=14526784 table=56623104 yh=97844

*** MATCH: 30906164208637147109558081665 is an 12-digit palindrome in bases 244 and 384
stage b2=385 vs b1={245}: values [27546601386188352049462890625, 46772761567521097265869140625), 5903752999462 candidates (MITM path)
  MITM b1=245: s=3 t=3 j=3 je=3 Q=14706125 table=57066625 yh=103454
stage b2=386 vs b1={246}: values [28343948575831725778577524736, 49115807124344448192809865216), 6279882652271 candidates (MITM path)
  MITM b1=246: s=3 t=3 j=3 je=3 Q=14886936 table=57512456 yh=109192
stage b2=387 vs b1={247}: values [29162222232616955908481341563, 51565999387260564203827465441), 6668919176897 candidates (MITM path)
  MITM b1=247: s=3 t=3 j=3 je=3 Q=15069223 table=57960603 yh=115060
stage b2=388 vs b1={248}: values [30001915361779480272056614912, 54127774346370243244217860096), 7071188775021 candidates (MITM path)
  MITM b1=248: s=3 t=3 j=3 je=3 Q=15252992 table=58411072 yh=121060
stage b2=389 vs b1={249}: values [30863531265827924755035773789, 56805732602641806617660372001), 7487023867670 candidates (MITM path)
  MITM b1=249: s=3 t=3 j=3 je=3 Q=15438249 table=58863869 yh=127193
done: 65.87s, 57027257 candidates tested
