A171740 search: n=12, threads=1, limit=none
stage b2=350 vs b1={215}: values [9654915737304687500000000000, 9755769237612933691650390625), 54863398922 candidates (MITM path)
  MITM b1=215: s=4 t=2 j=2 je=3 Q=46225 table=122500 yh=447865
stage b2=351 vs b1={216}: values [9962728175433694563518616351, 10314424798490535546171949056), 188072587452 candidates (MITM path)
  MITM b1=216: s=4 t=2 j=2 je=3 Q=46656 table=123201 yh=1526551
stage b2=352 vs b1={217}: values [10279436267585226358493544448, 10902266807956484097280908961), 327426570357 candidates (MITM path)
  MITM b1=217: s=4 t=2 j=2 je=3 Q=47089 table=123904 yh=2642583
stage b2=353 vs b1={218}: values [10605270721642531610378603297, 11520674946182735813538942976), 473112780425 candidates (MITM path)
  MITM b1=218: s=4 t=2 j=2 je=3 Q=47524 table=124609 yh=3796779
stage b2=354 vs b1={219}: values [10940467548815308008476411904, 12171087315874829579909431761), 625322873053 candidates (MITM path)
  MITM b1=219: s=4 t=2 j=2 je=3 Q=47961 table=125316 yh=4989969
stage b2=355 vs b1={220}: values [11285268170004959241748046875, 12855002631049216000000000000), 784252793451 candidates (MITM path)
  MITM b1=220: s=4 t=2 j=2 je=3 Q=48400 table=126025 yh=6222994
stage b2=356 vs b1={221}: values [11639919523993182653074374656, 13573982477229290545823357041), 950102844475 candidates (MITM path)
  MITM b1=221: s=4 t=2 j=2 je=3 Q=48841 table=126736 yh=7496709
stage b2=357 vs b1={222}: values [12004674177479860045321072893, 14329653645048357641297596416), 1123077755084 candidates (MITM path)
  MITM b1=222: s=4 t=2 j=2 je=3 Q=49284 table=127449 yh=8811978
stage b2=358 vs b1={223}: values [12379790436996519307878356992, 15123710539293666054338805121), 1303386749432 candidates (MITM path)
  MITM b1=223: s=4 t=2 j=2 je=3 Q=49729 table=128164 yh=10169680
stage b2=359 vs b1={224}: values [12765532462721932175857515959, 15957917665472413585874354176), 1491243616586 candidates (MITM path)
  MITM b1=224: s=3 t=3 j=3 je=3 Q=11239424 table=46268279 yh=32231

*** MATCH: 14886884267401202115312603600 is an 12-digit palindrome in bases 224 and 359
stage b2=360 vs b1={225}: values [13162170384226713600000000000, 16834112196028232574462890625), 1686866780879 candidates (MITM path)
  MITM b1=225: s=3 t=3 j=3 je=3 Q=11390625 table=46656000 yh=36156
stage b2=361 vs b1={226}: values [13569980418174090907801371961, 17754206618385148880104984576), 1890479372894 candidates (MITM path)
  MITM b1=226: s=3 t=3 j=3 je=3 Q=11543176 table=47045881 yh=40184
stage b2=362 vs b1={227}: values [13989244988004316189622233088, 18720191467045367574023614321), 2102309301081 candidates (MITM path)
  MITM b1=227: s=3 t=3 j=3 je=3 Q=11697083 table=47437928 yh=44318
stage b2=363 vs b1={228}: values [14420252845630503161941475187, 19734138142017490453021065216), 2322589324015 candidates (MITM path)
  MITM b1=228: s=3 t=3 j=3 je=3 Q=11852352 table=47832147 yh=48558
stage b2=364 vs b1={229}: values [14863299195173980157734027264, 20798201815902925734870098641), 2551557123284 candidates (MITM path)
  MITM b1=229: s=3 t=3 j=3 je=3 Q=12008989 table=48228544 yh=52906
done: 19.30s, 46169041 candidates tested
