A171740 search: n=12, threads=1, limit=none
stage b2=320 vs b1={198}: values [3602879701896396800000000000, 3630632434549265533578448896), 25846746427 candidates (MITM path)
  MITM b1=198: s=4 t=2 j=2 je=3 Q=39204 table=102400 yh=252410
stage b2=321 vs b1={199}: values [3728682087940588521559555521, 3856887017121283350242637601), 117185675741 candidates (MITM path)
  MITM b1=199: s=4 t=2 j=2 je=3 Q=39601 table=103041 yh=1137273
stage b2=322 vs b1={200}: values [3858465208964226558463510528, 4096000000000000000000000000), 213104194672 candidates (MITM path)
  MITM b1=200: s=4 t=2 j=2 je=3 Q=40000 table=103684 yh=2055324
stage b2=323 vs b1={201}: values [3992342073809083968859805627, 4348632317396990233762642401), 313753656712 candidates (MITM path)
  MITM b1=201: s=4 t=2 j=2 je=3 Q=40401 table=104329 yh=3007349
stage b2=324 vs b1={202}: values [4130428534112329328517709824, 4615475323420547975828279296), 419289100466 candidates (MITM path)
  MITM b1=202: s=4 t=2 j=2 je=3 Q=40804 table=104976 yh=3994143
stage b2=325 vs b1={203}: values [4272843346683979034423828125, 4897252030306448390395044241), 529869312857 candidates (MITM path)
  MITM b1=203: s=4 t=2 j=2 je=3 Q=41209 table=105625 yh=5016515
stage b2=326 vs b1={204}: values [4419708237053870265154328576, 5194718390528185623763746816), 645656892960 candidates (MITM path)
  MITM b1=204: s=4 t=2 j=2 je=3 Q=41616 table=106276 yh=6075285
stage b2=327 vs b1={205}: values [4571147964206370729019547223, 5508664624112838398681640625), 766818316471 candidates (MITM path)
  MITM b1=205: s=4 t=2 j=2 je=3 Q=42025 table=106929 yh=7171285
stage b2=328 vs b1={206}: values [4727290386521267611811971072, 5839916592521948960554356736), 893524000813 candidates (MITM path)
  MITM b1=206: s=4 t=2 j=2 je=3 Q=42436 table=107584 yh=8305362
stage b2=329 vs b1={207}: values [4888266528939506518462919129, 6189337220490697154402830401), 1025948370869 candidates (MITM path)
  MITM b1=207: s=3 t=3 j=3 je=3 Q=8869743 table=35611289 yh=28810
stage b2=330 vs b1={208}: values [5054210651372681700000000000, 6557827967253220516257857536), 1164269925367 candidates (MITM path)
  MITM b1=208: s=3 t=3 j=3 je=3 Q=8998912 table=35937000 yh=32398
stage b2=331 vs b1={209}: values [5225260318375411481909498131, 6946330348617183160431238081), 1308671303887 candidates (MITM path)
  MITM b1=209: s=3 t=3 j=3 je=3 Q=9129329 table=36264691 yh=36087
stage b2=332 vs b1={210}: values [5401556470099967575398023168, 7355827511386641000000000000), 1459339354521 candidates (MITM path)
  MITM b1=210: s=3 t=3 j=3 je=3 Q=9261000 table=36594368 yh=39879
stage b2=333 vs b1={211}: values [5583243494552763872208758517, 7787345861668898615544483121), 1616465202168 candidates (MITM path)
  MITM b1=211: s=3 t=3 j=3 je=3 Q=9393931 table=36926037 yh=43776
stage b2=334 vs b1={212}: values [5770469301172549409712093184, 8241956748638414149261459456), 1780244317468 candidates (MITM path)
  MITM b1=212: s=3 t=3 j=3 je=3 Q=9528128 table=37259704 yh=47780
stage b2=335 vs b1={213}: values [5963385395750391459130859375, 8720778205368893309992171281), 1950876586383 candidates (MITM path)
  MITM b1=213: s=3 t=3 j=3 je=3 Q=9663597 table=37595375 yh=51892
stage b2=336 vs b1={214}: values [6162146956711778149189287936, 9224976748383532391296208896), 2128566380426 candidates (MITM path)
  MITM b1=214: s=3 t=3 j=3 je=3 Q=9800344 table=37933056 yh=56114
stage b2=337 vs b1={215}: values [6366912912781415703444512113, 9755769237612933691650390625), 2313522627521 candidates (MITM path)
  MITM b1=215: s=3 t=3 j=3 je=3 Q=9938375 table=38272753 yh=60449

*** MATCH: 9355636969377274206305444016 is an 12-digit palindrome in bases 215 and 337
stage b2=338 vs b1={216}: values [6577846022051543255362291712, 10314424798490535546171949056), 2505958883528 candidates (MITM path)
  MITM b1=216: s=3 t=3 j=3 je=3 Q=10077696 table=38614472 yh=64897
stage b2=339 vs b1={217}: values [6795112952474838324166805739, 10902266807956484097280908961), 2706093404399 candidates (MITM path)
  MITM b1=217: s=3 t=3 j=3 je=3 Q=10218313 table=38958219 yh=69462
stage b2=340 vs b1={218}: values [7018884363803238400000000000, 11520674946182735813538942976), 2914149218991 candidates (MITM path)
  MITM b1=218: s=3 t=3 j=3 je=3 Q=10360232 table=39304000 yh=74144
stage b2=341 vs b1={219}: values [7249334990994258712381121741, 12171087315874829579909431761), 3130354202528 candidates (MITM path)
  MITM b1=219: s=3 t=3 j=3 je=3 Q=10503459 table=39651821 yh=78947
stage b2=342 vs b1={220}: values [7486643729106643154813687808, 12855002631049216000000000000), 3354941150707 candidates (MITM path)
  MITM b1=220: s=3 t=3 j=3 je=3 Q=10648000 table=40001688 yh=83870
stage b2=343 vs b1={221}: values [7730993719707444524137094407, 13573982477229290545823357041), 3588147854464 candidates (MITM path)
  MITM b1=221: s=3 t=3 j=3 je=3 Q=10793861 table=40353607 yh=88918
stage b2=344 vs b1={222}: values [7982572438812891719395180544, 14329653645048357641297596416), 3830217175386 candidates (MITM path)
  MITM b1=222: s=3 t=3 j=3 je=3 Q=10941048 table=40707584 yh=94091
stage b2=345 vs b1={223}: values [8241571786385665345166015625, 15123710539293666054338805121), 4081397121776 candidates (MITM path)
  MITM b1=223: s=3 t=3 j=3 je=3 Q=11089567 table=41063625 yh=99393
stage b2=346 vs b1={224}: values [8508188177411469292077623296, 15957917665472413585874354176), 4341940925378 candidates (MITM path)
  MITM b1=224: s=3 t=3 j=3 je=3 Q=11239424 table=41421736 yh=104823
stage b2=347 vs b1={225}: values [8782622634578054336274824003, 16834112196028232574462890625), 4612107118750 candidates (MITM path)
  MITM b1=225: s=3 t=3 j=3 je=3 Q=11390625 table=41781923 yh=110386
stage b2=348 vs b1={226}: values [9065080882580120623594340352, 17754206618385148880104984576), 4892159613296 candidates (MITM path)
  MITM b1=226: s=3 t=3 j=3 je=3 Q=11543176 table=42144192 yh=116082
done: 61.85s, 37682847 candidates tested
