A171740 search: n=12, threads=1, limit=none
stage b2=400 vs b1={243}: values [41943040000000000000000000000, 42391158275216203514294433201), 109403875786 candidates (MITM path)
  MITM b1=243: s=4 t=2 j=2 je=3 Q=59049 table=160000 yh=683775
stage b2=401 vs b1={244}: values [43111000196969091338568804401, 44532586081169051256761614336), 341906113809 candidates (MITM path)
  MITM b1=244: s=4 t=2 j=2 je=3 Q=59536 table=160801 yh=2126269
stage b2=402 vs b1={245}: values [44308452666811124371870107648, 46772761567521097265869140625), 583900473106 candidates (MITM path)
  MITM b1=245: s=4 t=2 j=2 je=3 Q=60025 table=161604 yh=3613157
stage b2=403 vs b1={246}: values [45536065966540892753630392747, 49115807124344448192809865216), 835644094138 candidates (MITM path)
  MITM b1=246: s=4 t=2 j=2 je=3 Q=60516 table=162409 yh=5145307
stage b2=404 vs b1={247}: values [46794522090917238883645128704, 51565999387260564203827465441), 1097399280309 candidates (MITM path)
  MITM b1=247: s=4 t=2 j=2 je=3 Q=61009 table=163216 yh=6723602
stage b2=405 vs b1={248}: values [48084516708184142230517578125, 54127774346370243244217860096), 1369433571513 candidates (MITM path)
  MITM b1=248: s=4 t=2 j=2 je=3 Q=61504 table=164025 yh=8348933
stage b2=406 vs b1={249}: values [49406759399347814303098771456, 56805732602641806617660372001), 1652019818292 candidates (MITM path)
  MITM b1=249: s=4 t=2 j=2 je=3 Q=62001 table=164836 yh=10022203
stage b2=407 vs b1={250}: values [50761973901033889039170022343, 59604644775390625000000000000), 1945436256614 candidates (MITM path)
  MITM b1=250: s=4 t=2 j=2 je=3 Q=62500 table=165649 yh=11744329
stage b2=408 vs b1={251}: values [52150898351969236066020360192, 62529457064557415999535378001), 2249966583281 candidates (MITM path)
  MITM b1=251: s=4 t=2 j=2 je=3 Q=63001 table=166464 yh=13516236
stage b2=409 vs b1={252}: values [53574285543133366239295624009, 65585296971568246764230148096), 2565900031947 candidates (MITM path)
  MITM b1=252: s=4 t=2 j=2 je=3 Q=63504 table=167281 yh=15338862
stage b2=410 vs b1={253}: values [55032903171624844100000000000, 68777479182635902650515347441), 2893531449769 candidates (MITM path)
  MITM b1=253: s=4 t=2 j=2 je=3 Q=64009 table=168100 yh=17213156
stage b2=411 vs b1={254}: values [56527534098288570421020715011, 72111511618440250457975689216), 3233161374676 candidates (MITM path)
  MITM b1=254: s=3 t=3 j=3 je=3 Q=16387064 table=69426531 yh=46570
stage b2=412 vs b1={255}: values [58058976609150249860268556288, 75593101654204447168212890625), 3585096113271 candidates (MITM path)
  MITM b1=255: s=3 t=3 j=3 je=3 Q=16581375 table=69934528 yh=51264
stage b2=413 vs b1={256}: values [59628044680704813913766929637, 79228162514264337593543950336), 3949647819348 candidates (MITM path)
  MITM b1=256: s=3 t=3 j=3 je=3 Q=16777216 table=70444997 yh=56068
stage b2=414 vs b1={257}: values [61235568249106027885106264064, 83022819845310162051379891201), 4327134573049 candidates (MITM path)
  MITM b1=257: s=3 t=3 j=3 je=3 Q=16974593 table=70957944 yh=60982
stage b2=415 vs b1={258}: values [62882393483304972473974609375, 86983418472562773463547252736), 4717880460642 candidates (MITM path)
  MITM b1=258: s=3 t=3 j=3 je=3 Q=17173512 table=71473375 yh=66009
stage b2=416 vs b1={259}: values [64569383062185555852385058816, 91116529343230957588293738481), 5122215654930 candidates (MITM path)
  MITM b1=259: s=3 t=3 j=3 je=3 Q=17373979 table=71991296 yh=71151
stage b2=417 vs b1={260}: values [66297416455745680759191883233, 95428956661682176000000000000), 5540476496294 candidates (MITM path)
  MITM b1=260: s=3 t=3 j=3 je=3 Q=17576000 table=72511713 yh=76409
stage b2=418 vs b1={261}: values [68067390210373163218005624832, 99927745220846124633825584721), 5973005574359 candidates (MITM path)
  MITM b1=261: s=3 t=3 j=3 je=3 Q=17779581 table=73034632 yh=81784
stage b2=419 vs b1={262}: values [69880218238265974987208422619, 104620187934458937028636512256), 6420151810307 candidates (MITM path)
  MITM b1=262: s=3 t=3 j=3 je=3 Q=17984728 table=73560059 yh=87278
stage b2=420 vs b1={263}: values [71736832111046860800000000000, 109513833574845676773925608481), 6882270539808 candidates (MITM path)
  MITM b1=263: s=3 t=3 j=3 je=3 Q=18191447 table=74088000 yh=92894
stage b2=421 vs b1={264}: values [73638181357622863863877426621, 114616494721029974161197367296), 7359723596598 candidates (MITM path)
  MITM b1=264: s=3 t=3 j=3 je=3 Q=18399744 table=74618461 yh=98632
stage b2=422 vs b1={265}: values [75585233766340778979313276928, 119936255922052283847900390625), 7852879396683 candidates (MITM path)
  MITM b1=265: s=3 t=3 j=3 je=3 Q=18609625 table=75151448 yh=104495
stage b2=423 vs b1={266}: values [77578975691490042023332369527, 125481482080472289777685958656), 8362113023187 candidates (MITM path)
  MITM b1=266: s=3 t=3 j=3 je=3 Q=18821096 table=75686967 yh=110483
stage b2=424 vs b1={267}: values [79620412364205057441922023424, 131260827061126477105043503761), 8887806311834 candidates (MITM path)
  MITM b1=267: s=3 t=3 j=3 je=3 Q=19034163 table=76225024 yh=116600
stage b2=425 vs b1={268}: values [81710568207819461822509765625, 137283242530308845011443122176), 9430347937066 candidates (MITM path)
  MITM b1=268: s=3 t=3 j=3 je=3 Q=19248832 table=76765625 yh=122846
stage b2=426 vs b1={269}: values [83850487157725321590910642176, 143557987030641165766449098161), 9990133498804 candidates (MITM path)
  MITM b1=269: s=3 t=3 j=3 je=3 Q=19465109 table=77308776 yh=129224
stage b2=427 vs b1={270}: values [86041232985790766413028611123, 150094635296999121000000000000), 10567565609849 candidates (MITM path)
  MITM b1=270: s=3 t=3 j=3 je=3 Q=19683000 table=77854483 yh=135735
stage b2=428 vs b1={271}: values [88283889629390066997077737472, 156903087818962082857498424641), 11163053983923 candidates (MITM path)
  MITM b1=271: s=3 t=3 j=3 je=3 Q=19902511 table=78402752 yh=142381
stage b2=429 vs b1={272}: values [90579561525100676704093790229, 163993580655357272581489033216), 11777015524348 candidates (MITM path)
  MITM b1=272: s=3 t=3 j=3 je=3 Q=20123648 table=78953589 yh=149164
stage b2=430 vs b1={273}: values [92929373947122270700000000000, 171376695506573539304632176321), 12409874413377 candidates (MITM path)
  MITM b1=273: s=3 t=3 j=3 je=3 Q=20346417 table=79507000 yh=156086
stage b2=431 vs b1={274}: values [95334473350473334338476729231, 179063370050426074779119128576), 13062062202158 candidates (MITM path)
  MITM b1=274: s=3 t=3 j=3 je=3 Q=20570824 table=80062991 yh=163148
stage b2=432 vs b1={275}: values [97796027719021374067408109568, 187064908547461032867431640625), 13734017901351 candidates (MITM path)
  MITM b1=275: s=3 t=3 j=3 je=3 Q=20796875 table=80621568 yh=170352
stage b2=433 vs b1={276}: values [100315226918403349419823702417, 195392992721698273467801010176), 14426188072382 candidates (MITM path)
  MITM b1=276: s=3 t=3 j=3 je=3 Q=21024576 table=81182737 yh=177701
stage b2=434 vs b1={277}: values [102893283053893453600144246784, 204059692922921316864296943121), 15139026919355 candidates (MITM path)
  MITM b1=277: s=3 t=3 j=3 je=3 Q=21253933 table=81746504 yh=185195
stage b2=435 vs b1={278}: values [105531430833275902825341796875, 213077479576736094126128828416), 15872996381597 candidates (MITM path)
  MITM b1=278: s=3 t=3 j=3 je=3 Q=21484952 table=82312875 yh=192838
stage b2=436 vs b1={279}: values [108230927934780930945540161536, 222459234928734230114433331041), 16628566226862 candidates (MITM path)
  MITM b1=279: s=3 t=3 j=3 je=3 Q=21717639 table=82881856 yh=200630
stage b2=437 vs b1={280}: values [110993055380142725966855596013, 232218265089212416000000000000), 17406214145173 candidates (MITM path)
  MITM b1=280: s=3 t=3 j=3 je=3 Q=21952000 table=83453453 yh=208574
stage b2=438 vs b1={281}: values [113819117912838588948194138112, 242368312385016936196463417761), 18206425843328 candidates (MITM path)
  MITM b1=281: s=3 t=3 j=3 je=3 Q=22188041 table=84027672 yh=216672
stage b2=439 vs b1={282}: values [116710444381569143360604716839, 252923568025201628647322750976), 19029695140039 candidates (MITM path)
  MITM b1=282: s=3 t=3 j=3 je=3 Q=22425768 table=84604519 yh=224926
stage b2=440 vs b1={283}: values [119668388129039974400000000000, 263898685087308495981516810961), 19876524061733 candidates (MITM path)
  MITM b1=283: s=3 t=3 j=3 je=3 Q=22665187 table=85184000 yh=233337
stage b2=441 vs b1={284}: values [122694327386105632949003612841, 275308791831202866814366253056), 20747422939004 candidates (MITM path)
  MITM b1=284: s=3 t=3 j=3 je=3 Q=22906304 table=85766121 yh=241907
stage b2=442 vs b1={285}: values [125789665671337497908806494208, 287169505347519450195556640625), 21642910503711 candidates (MITM path)
  MITM b1=285: s=3 t=3 j=3 je=3 Q=23149125 table=86350888 yh=250640
stage b2=443 vs b1={286}: values [128955832196077553484700318307, 299496945547901850804899024896), 22563513986735 candidates (MITM path)
  MITM b1=286: s=3 t=3 j=3 je=3 Q=23393656 table=86938307 yh=259535

*** MATCH: 139262143699409007565060486560 is an 12-digit palindrome in bases 286 and 443
stage b2=444 vs b1={287}: values [132194282275040704726925574144, 312307749504346137016129649281), 23509769216389 candidates (MITM path)
  MITM b1=287: s=3 t=3 j=3 je=3 Q=23639903 table=87528384 yh=268596
stage b2=445 vs b1={288}: values [135506497742528825219189453125, 325619086145088897570576531456), 24482220717477 candidates (MITM path)
  MITM b1=288: s=3 t=3 j=3 je=3 Q=23887872 table=88121125 yh=277825
stage b2=446 vs b1={289}: values [138893987374320305288277456896, 339448671314611904643504117121), 25481421811019 candidates (MITM path)
  MITM b1=289: s=3 t=3 j=3 je=3 Q=24137569 table=88716536 yh=287223
done: 298.87s, 98930047 candidates tested
