A171740 search: n=12, threads=1, limit=none
stage b2=332 vs b1={205}: values [5401556470099967575398023168, 5508664624112838398681640625), 79982326422 candidates (MITM path)
  MITM b1=205: s=4 t=2 j=2 je=3 Q=42025 table=110224 yh=725635
stage b2=333 vs b1={206}: values [5583243494552763872208758517, 5839916592521948960554356736), 188241316461 candidates (MITM path)
  MITM b1=206: s=4 t=2 j=2 je=3 Q=42436 table=110889 yh=1697566
stage b2=334 vs b1={207}: values [5770469301172549409712093184, 6189337220490697154402830401), 301715970235 candidates (MITM path)
  MITM b1=207: s=4 t=2 j=2 je=3 Q=42849 table=111556 yh=2704615
stage b2=335 vs b1={208}: values [5963385395750391459130859375, 6557827967253220516257857536), 420572683968 candidates (MITM path)
  MITM b1=208: s=4 t=2 j=2 je=3 Q=43264 table=112225 yh=3747585
stage b2=336 vs b1={209}: values [6162146956711778149189287936, 6946330348617183160431238081), 544981770988 candidates (MITM path)
  MITM b1=209: s=4 t=2 j=2 je=3 Q=43681 table=112896 yh=4827291
stage b2=337 vs b1={210}: values [6366912912781415703444512113, 7355827511386641000000000000), 675117526759 candidates (MITM path)
  MITM b1=210: s=4 t=2 j=2 je=3 Q=44100 table=113569 yh=5944559
stage b2=338 vs b1={211}: values [6577846022051543255362291712, 7787345861668898615544483121), 811158294541 candidates (MITM path)
  MITM b1=211: s=4 t=2 j=2 je=3 Q=44521 table=114244 yh=7100227
stage b2=339 vs b1={212}: values [6795112952474838324166805739, 8241956748638414149261459456), 953286531686 candidates (MITM path)
  MITM b1=212: s=4 t=2 j=2 je=3 Q=44944 table=114921 yh=8295147
stage b2=340 vs b1={213}: values [7018884363803238400000000000, 8720778205368893309992171281), 1101688876559 candidates (MITM path)
  MITM b1=213: s=4 t=2 j=2 je=3 Q=45369 table=115600 yh=9530181
stage b2=341 vs b1={214}: values [7249334990994258712381121741, 9224976748383532391296208896), 1256556216100 candidates (MITM path)
  MITM b1=214: s=3 t=3 j=3 je=3 Q=9800344 table=39651821 yh=31690
stage b2=342 vs b1={215}: values [7486643729106643154813687808, 9755769237612933691650390625), 1418083754023 candidates (MITM path)
  MITM b1=215: s=3 t=3 j=3 je=3 Q=9938375 table=40001688 yh=35451
stage b2=343 vs b1={216}: values [7730993719707444524137094407, 10314424798490535546171949056), 1586471079644 candidates (MITM path)
  MITM b1=216: s=3 t=3 j=3 je=3 Q=10077696 table=40353607 yh=39315
stage b2=344 vs b1={217}: values [7982572438812891719395180544, 10902266807956484097280908961), 1761922237356 candidates (MITM path)
  MITM b1=217: s=3 t=3 j=3 je=3 Q=10218313 table=40707584 yh=43283
stage b2=345 vs b1={218}: values [8241571786385665345166015625, 11520674946182735813538942976), 1944645796737 candidates (MITM path)
  MITM b1=218: s=3 t=3 j=3 je=3 Q=10360232 table=41063625 yh=47357
stage b2=346 vs b1={219}: values [8508188177411469292077623296, 12171087315874829579909431761), 2134854923298 candidates (MITM path)
  MITM b1=219: s=3 t=3 j=3 je=3 Q=10503459 table=41421736 yh=51540
stage b2=347 vs b1={220}: values [8782622634578054336274824003, 12855002631049216000000000000), 2332767449878 candidates (MITM path)
  MITM b1=220: s=3 t=3 j=3 je=3 Q=10648000 table=41781923 yh=55832
stage b2=348 vs b1={221}: values [9065080882580120623594340352, 13573982477229290545823357041), 2538605948672 candidates (MITM path)
  MITM b1=221: s=3 t=3 j=3 je=3 Q=10793861 table=42144192 yh=60237
stage b2=349 vs b1={222}: values [9355773444073799096880141349, 14329653645048357641297596416), 2752597803913 candidates (MITM path)
  MITM b1=222: s=3 t=3 j=3 je=3 Q=10941048 table=42508549 yh=64754
stage b2=350 vs b1={223}: values [9654915737304687500000000000, 15123710539293666054338805121), 2974975285190 candidates (MITM path)
  MITM b1=223: s=3 t=3 j=3 je=3 Q=11089567 table=42875000 yh=69388
stage b2=351 vs b1={224}: values [9962728175433694563518616351, 15957917665472413585874354176), 3205975621417 candidates (MITM path)
  MITM b1=224: s=3 t=3 j=3 je=3 Q=11239424 table=43243551 yh=74138
stage b2=352 vs b1={225}: values [10279436267585226358493544448, 16834112196028232574462890625), 3445841075441 candidates (MITM path)
  MITM b1=225: s=3 t=3 j=3 je=3 Q=11390625 table=43614208 yh=79008
stage b2=353 vs b1={226}: values [10605270721642531610378603297, 17754206618385148880104984576), 3694819019308 candidates (MITM path)
  MITM b1=226: s=3 t=3 j=3 je=3 Q=11543176 table=43986977 yh=83999
stage b2=354 vs b1={227}: values [10940467548815308008476411904, 18720191467045367574023614321), 3953162010169 candidates (MITM path)
  MITM b1=227: s=3 t=3 j=3 je=3 Q=11697083 table=44361864 yh=89112
stage b2=355 vs b1={228}: values [11285268170004959241748046875, 19734138142017490453021065216), 4221127866839 candidates (MITM path)
  MITM b1=228: s=3 t=3 j=3 je=3 Q=11852352 table=44738875 yh=94351
stage b2=356 vs b1={229}: values [11639919523993182653074374656, 20798201815902925734870098641), 4498979747004 candidates (MITM path)
  MITM b1=229: s=3 t=3 j=3 je=3 Q=12008989 table=45118016 yh=99716
stage b2=357 vs b1={230}: values [12004674177479860045321072893, 21914624432020321000000000000), 4786986225085 candidates (MITM path)
  MITM b1=230: s=3 t=3 j=3 je=3 Q=12167000 table=45499293 yh=105211
stage b2=358 vs b1={231}: values [12379790436996519307878356992, 23085737796000848857434784161), 5085421370743 candidates (MITM path)
  MITM b1=231: s=3 t=3 j=3 je=3 Q=12326391 table=45882712 yh=110836
stage b2=359 vs b1={232}: values [12765532462721932175857515959, 24313966763341113270967730176), 5394564828053 candidates (MITM path)
  MITM b1=232: s=3 t=3 j=3 je=3 Q=12487168 table=46268279 yh=116594
stage b2=360 vs b1={233}: values [13162170384226713600000000000, 25601832525455335435322705761), 5714701895316 candidates (MITM path)
  MITM b1=233: s=3 t=3 j=3 je=3 Q=12649337 table=46656000 yh=122486
stage b2=361 vs b1={234}: values [13569980418174090907801371961, 26951955996824334101419462656), 6046123605536 candidates (MITM path)
  MITM b1=234: s=3 t=3 j=3 je=3 Q=12812904 table=47045881 yh=128516
stage b2=362 vs b1={235}: values [13989244988004316189622233088, 28367061305895648984619140625), 6389126807551 candidates (MITM path)
  MITM b1=235: s=3 t=3 j=3 je=3 Q=12977875 table=47437928 yh=134684
stage b2=363 vs b1={236}: values [14420252845630503161941475187, 29849979392446980130179383296), 6744014247819 candidates (MITM path)
  MITM b1=236: s=3 t=3 j=3 je=3 Q=13144256 table=47832147 yh=140994
stage b2=364 vs b1={237}: values [14863299195173980157734027264, 31403651714183943747186386481), 7111094652859 candidates (MITM path)
  MITM b1=237: s=3 t=3 j=3 je=3 Q=13312053 table=48228544 yh=147446
stage b2=365 vs b1={238}: values [15318685818767563885595703125, 33031134065402989058412384256), 7490682812360 candidates (MITM path)
  MITM b1=238: s=3 t=3 j=3 je=3 Q=13481272 table=48627125 yh=154044
stage b2=366 vs b1={239}: values [15786721204455474199101782016, 34735600510611194263176918721), 7883099662936 candidates (MITM path)
  MITM b1=239: s=3 t=3 j=3 je=3 Q=13651919 table=49027896 yh=160789
stage b2=367 vs b1={240}: values [16267720676218928340423448783, 36520347436056576000000000000), 8288672372553 candidates (MITM path)
  MITM b1=240: s=3 t=3 j=3 je=3 Q=13824000 table=49430863 yh=167683
stage b2=368 vs b1={241}: values [16762006526156773981926981632, 38388797722185519065061084481), 8707734425609 candidates (MITM path)
  MITM b1=241: s=3 t=3 j=3 je=3 Q=13997521 table=49836032 yh=174728
stage b2=369 vs b1={242}: values [17269908148850843900874319569, 40344505040107975043939700736), 9140625708676 candidates (MITM path)
  MITM b1=242: s=3 t=3 j=3 je=3 Q=14172488 table=50243409 yh=181927
stage b2=370 vs b1={243}: values [17791762177946041300000000000, 42391158275216203514294433201), 9587692596912 candidates (MITM path)
  MITM b1=243: s=3 t=3 j=3 je=3 Q=14348907 table=50653000 yh=189282
stage b2=371 vs b1={244}: values [18327912624975493645267978571, 44532586081169051256761614336), 10049288041125 candidates (MITM path)
  MITM b1=244: s=3 t=3 j=3 je=3 Q=14526784 table=51064811 yh=196795
stage b2=372 vs b1={245}: values [18878711020461444446161993728, 46772761567521097265869140625), 10525771655511 candidates (MITM path)
  MITM b1=245: s=3 t=3 j=3 je=3 Q=14706125 table=51478848 yh=204468
stage b2=373 vs b1={246}: values [19444516557322886668124300077, 49115807124344448192809865216), 11017509806046 candidates (MITM path)
  MITM b1=246: s=3 t=3 j=3 je=3 Q=14886936 table=51895117 yh=212304
stage b2=374 vs b1={247}: values [20025696236621278455959066624, 51565999387260564203827465441), 11524875699559 candidates (MITM path)
  MITM b1=247: s=3 t=3 j=3 je=3 Q=15069223 table=52313624 yh=220304
stage b2=375 vs b1={248}: values [20622625015676021575927734375, 54127774346370243244217860096), 12048249473451 candidates (MITM path)
  MITM b1=248: s=3 t=3 j=3 je=3 Q=15252992 table=52734375 yh=228471
stage b2=376 vs b1={249}: values [21235685958581725467693285376, 56805732602641806617660372001), 12588018286099 candidates (MITM path)
  MITM b1=249: s=3 t=3 j=3 je=3 Q=15438249 table=53157376 yh=236807
stage b2=377 vs b1={250}: values [21865270389159625050067741673, 59604644775390625000000000000), 13144576407917 candidates (MITM path)
  MITM b1=250: s=3 t=3 j=3 je=3 Q=15625000 table=53582633 yh=245315
stage b2=378 vs b1={251}: values [22511778046375868461571254272, 62529457064557415999535378001), 13718325313088 candidates (MITM path)
  MITM b1=251: s=3 t=3 j=3 je=3 Q=15813251 table=54010152 yh=253996
stage b2=379 vs b1={252}: values [23175617242259741753050742179, 65585296971568246764230148096), 14309673771963 candidates (MITM path)
  MITM b1=252: s=3 t=3 j=3 je=3 Q=16003008 table=54439939 yh=262853
stage b2=380 vs b1={253}: values [23857205022355251200000000000, 68777479182635902650515347441), 14919037944138 candidates (MITM path)
  MITM b1=253: s=3 t=3 j=3 je=3 Q=16194277 table=54872000 yh=271888

*** MATCH: 53669608964967322434925349322 is an 12-digit palindrome in bases 253 and 380
stage b2=381 vs b1={254}: values [24556967328739840381780226181, 72111511618440250457975689216), 15546841472187 candidates (MITM path)
  MITM b1=254: s=3 t=3 j=3 je=3 Q=16387064 table=55306341 yh=281105
stage b2=382 vs b1={255}: values [25275339165644378498708666368, 75593101654204447168212890625), 16193515576080 candidates (MITM path)
  MITM b1=255: s=3 t=3 j=3 je=3 Q=16581375 table=55742968 yh=290504
stage b2=383 vs b1={256}: values [26012764767708918581052067967, 79228162514264337593543950336), 16859499148259 candidates (MITM path)
  MITM b1=256: s=3 t=3 j=3 je=3 Q=16777216 table=56181887 yh=300088
stage b2=384 vs b1={257}: values [26769697770909089301459369984, 83022819845310162051379891201), 17545238849402 candidates (MITM path)
  MITM b1=257: s=3 t=3 j=3 je=3 Q=16974593 table=56623104 yh=309861
stage b2=385 vs b1={258}: values [27546601386188352049462890625, 86983418472562773463547252736), 18251189204843 candidates (MITM path)
  MITM b1=258: s=3 t=3 j=3 je=3 Q=17173512 table=57066625 yh=319823
stage b2=386 vs b1={259}: values [28343948575831725778577524736, 91116529343230957588293738481), 18977812701680 candidates (MITM path)
  MITM b1=259: s=3 t=3 j=3 je=3 Q=17373979 table=57512456 yh=329978
stage b2=387 vs b1={260}: values [29162222232616955908481341563, 95428956661682176000000000000), 19725579886546 candidates (MITM path)
  MITM b1=260: s=3 t=3 j=3 je=3 Q=17576000 table=57960603 yh=340328
stage b2=388 vs b1={261}: values [30001915361779480272056614912, 99927745220846124633825584721), 20494969464060 candidates (MITM path)
  MITM b1=261: s=3 t=3 j=3 je=3 Q=17779581 table=58411072 yh=350875
stage b2=389 vs b1={262}: values [30863531265827924755035773789, 104620187934458937028636512256), 21286468395954 candidates (MITM path)
  MITM b1=262: s=3 t=3 j=3 je=3 Q=17984728 table=58863869 yh=361622
stage b2=390 vs b1={263}: values [31747583732247243900000000000, 109513833574845676773925608481), 22100572000872 candidates (MITM path)
  MITM b1=263: s=3 t=3 j=3 je=3 Q=18191447 table=59319000 yh=372572
stage b2=391 vs b1={264}: values [32654597224127007351927104791, 114616494721029974161197367296), 22937784054850 candidates (MITM path)
  MITM b1=264: s=3 t=3 j=3 je=3 Q=18399744 table=59776471 yh=383726
stage b2=392 vs b1={265}: values [33585107073752721624827691008, 119936255922052283847900390625), 23798616892466 candidates (MITM path)
  MITM b1=265: s=3 t=3 j=3 je=3 Q=18609625 table=60236288 yh=395088
stage b2=393 vs b1={266}: values [34539659679198468283732168857, 125481482080472289777685958656), 24683591508677 candidates (MITM path)
  MITM b1=266: s=3 t=3 j=3 je=3 Q=18821096 table=60698457 yh=406660
stage b2=394 vs b1={267}: values [35518812703959534278923577344, 131260827061126477105043503761), 25593237661325 candidates (MITM path)
  MITM b1=267: s=3 t=3 j=3 je=3 Q=19034163 table=61162984 yh=418444
stage b2=395 vs b1={268}: values [36523135279664107855419921875, 137283242530308845011443122176), 26528093974328 candidates (MITM path)
  MITM b1=268: s=3 t=3 j=3 je=3 Q=19248832 table=61629875 yh=430443
stage b2=396 vs b1={269}: values [37553208211903514205902340096, 143557987030641165766449098161), 27488708041545 candidates (MITM path)
  MITM b1=269: s=3 t=3 j=3 je=3 Q=19465109 table=62099136 yh=442659
stage b2=397 vs b1={270}: values [38609624189220868855209238453, 150094635296999121000000000000), 28475636531324 candidates (MITM path)
  MITM b1=270: s=3 t=3 j=3 je=3 Q=19683000 table=62570773 yh=455095
stage b2=398 vs b1={271}: values [39692987995298433674858903552, 156903087818962082857498424641), 29489445291732 candidates (MITM path)
  MITM b1=271: s=3 t=3 j=3 je=3 Q=19902511 table=63044792 yh=467754
stage b2=399 vs b1={272}: values [40803916724384370442551204399, 163993580655357272581489033216), 30530709456459 candidates (MITM path)
  MITM b1=272: s=3 t=3 j=3 je=3 Q=20123648 table=63521199 yh=480639
stage b2=400 vs b1={273}: values [41943040000000000000000000000, 171376695506573539304632176321), 31600013551410 candidates (MITM path)
  MITM b1=273: s=3 t=3 j=3 je=3 Q=20346417 table=64000000 yh=493751
stage b2=401 vs b1={274}: values [43111000196969091338568804401, 179063370050426074779119128576), 32697951601974 candidates (MITM path)
  MITM b1=274: s=3 t=3 j=3 je=3 Q=20570824 table=64481201 yh=507093
stage b2=402 vs b1={275}: values [44308452666811124371870107648, 187064908547461032867431640625), 33825127240979 candidates (MITM path)
  MITM b1=275: s=3 t=3 j=3 je=3 Q=20796875 table=64964808 yh=520669
stage b2=403 vs b1={276}: values [45536065966540892753630392747, 195392992721698273467801010176), 34982153817325 candidates (MITM path)
  MITM b1=276: s=3 t=3 j=3 je=3 Q=21024576 table=65450827 yh=534480
stage b2=404 vs b1={277}: values [46794522090917238883645128704, 204059692922921316864296943121), 36169654505305 candidates (MITM path)
  MITM b1=277: s=3 t=3 j=3 je=3 Q=21253933 table=65939264 yh=548530
stage b2=405 vs b1={278}: values [48084516708184142230517578125, 213077479576736094126128828416), 37388262414607 candidates (MITM path)
  MITM b1=278: s=3 t=3 j=3 je=3 Q=21484952 table=66430125 yh=562821
stage b2=406 vs b1={279}: values [49406759399347814303098771456, 222459234928734230114433331041), 38638620700999 candidates (MITM path)
  MITM b1=279: s=3 t=3 j=3 je=3 Q=21717639 table=66923416 yh=577356
stage b2=407 vs b1={280}: values [50761973901033889039170022343, 232218265089212416000000000000), 39921382677702 candidates (MITM path)
  MITM b1=280: s=3 t=3 j=3 je=3 Q=21952000 table=67419143 yh=592138
stage b2=408 vs b1={281}: values [52150898351969236066020360192, 242368312385016936196463417761), 41237211927444 candidates (MITM path)
  MITM b1=281: s=3 t=3 j=3 je=3 Q=22188041 table=67917312 yh=607168
stage b2=409 vs b1={282}: values [53574285543133366239295624009, 252923568025201628647322750976), 42586782415203 candidates (MITM path)
  MITM b1=282: s=3 t=3 j=3 je=3 Q=22425768 table=68417929 yh=622451
done: 365.63s, 52126590 candidates tested
