A171740 search: n=12, threads=1, limit=none
stage b2=474 vs b1={284}: values [271369952365606399975686580224, 275308791831202866814366253056), 347294759983 candidates (MITM path)
  MITM b1=284: s=4 t=2 j=2 je=3 Q=80656 table=224676 yh=1545759
stage b2=475 vs b1={285}: values [277734420056865215301513671875, 287169505347519450195556640625), 821455747647 candidates (MITM path)
  MITM b1=285: s=4 t=2 j=2 je=3 Q=81225 table=225625 yh=3640802
stage b2=476 vs b1={286}: values [284234296495568578116086398976, 299496945547901850804899024896), 1312164252093 candidates (MITM path)
  MITM b1=286: s=4 t=2 j=2 je=3 Q=81796 table=226576 yh=5791277
stage b2=477 vs b1={287}: values [290872169017591458452425905573, 312307749504346137016129649281), 1819805505961 candidates (MITM path)
  MITM b1=287: s=4 t=2 j=2 je=3 Q=82369 table=227529 yh=7998126
stage b2=478 vs b1={288}: values [297650668810592995192411420672, 325619086145088897570576531456), 2344771418859 candidates (MITM path)
  MITM b1=288: s=4 t=2 j=2 je=3 Q=82944 table=228484 yh=10262301
stage b2=479 vs b1={289}: values [304572471562968542123015813279, 339448671314611904643504117121), 2887460659894 candidates (MITM path)
  MITM b1=289: s=4 t=2 j=2 je=3 Q=83521 table=229441 yh=12584764
stage b2=480 vs b1={290}: values [311640298121016115200000000000, 353814783205469041000000000000), 3448278740801 candidates (MITM path)
  MITM b1=290: s=4 t=2 j=2 je=3 Q=84100 table=230400 yh=14966488
stage b2=481 vs b1={291}: values [318856915154403706875322757281, 368736278169776566314796884081), 4027638099689 candidates (MITM path)
  MITM b1=291: s=4 t=2 j=2 je=3 Q=84681 table=231361 yh=17408458
stage b2=482 vs b1={292}: values [326225135830024659938776352768, 384232606918345112299069505536), 4625958185388 candidates (MITM path)
  MITM b1=292: s=4 t=2 j=2 je=3 Q=85264 table=232324 yh=19911668
stage b2=483 vs b1={293}: values [333747820494329024488347411867, 400323831115571027902364072401), 5243665542421 candidates (MITM path)
  MITM b1=293: s=4 t=2 j=2 je=3 Q=85849 table=233289 yh=22477123
stage b2=484 vs b1={294}: values [341427877364219557396646723584, 417030640378345864542952820736), 5881193896571 candidates (MITM path)
  MITM b1=294: s=4 t=2 j=2 je=3 Q=86436 table=234256 yh=25105842
stage b2=485 vs b1={295}: values [349268263226601764001611328125, 434374369687385917207275390625), 6538984241079 candidates (MITM path)
  MITM b1=295: s=4 t=2 j=2 je=3 Q=87025 table=235225 yh=27798849
stage b2=486 vs b1={296}: values [357271984146678126737757198336, 452377017219528840630098722816), 7217484923441 candidates (MITM path)
  MITM b1=296: s=3 t=3 j=3 je=3 Q=25934336 table=114791256 yh=62875
stage b2=487 vs b1={297}: values [365442096185077415058791025463, 471061262609691461042593862241), 7917151732833 candidates (MITM path)
  MITM b1=297: s=3 t=3 j=3 je=3 Q=26198073 table=115501303 yh=68546
stage b2=488 vs b1={298}: values [373781706123910725302654861312, 490450485651332023716795191296), 8638447988142 candidates (MITM path)
  MITM b1=298: s=3 t=3 j=3 je=3 Q=26463592 table=116214272 yh=74333
stage b2=489 vs b1={299}: values [382293972201846658135397384889, 510568785444411275443565936401), 9381844626620 candidates (MITM path)
  MITM b1=299: s=3 t=3 j=3 je=3 Q=26730899 table=116930169 yh=80235
stage b2=490 vs b1={300}: values [390982104858298804900000000000, 531441000000000000000000000000), 10147820293156 candidates (MITM path)
  MITM b1=300: s=3 t=3 j=3 je=3 Q=27000000 table=117649000 yh=86256
stage b2=491 vs b1={301}: values [399849367486819482609834395891, 553092726310835924575445943601), 10936861430166 candidates (MITM path)
  MITM b1=301: s=3 t=3 j=3 je=3 Q=27270901 table=118370771 yh=92395
stage b2=492 vs b1={302}: values [408899077197794430483230097408, 575550340897290317159369936896), 11749462368102 candidates (MITM path)
  MITM b1=302: s=3 t=3 j=3 je=3 Q=27543608 table=119095488 yh=98656
stage b2=493 vs b1={303}: values [418134605590533958835165292757, 598841020838364120317909320641), 12586125416584 candidates (MITM path)
  MITM b1=303: s=3 t=3 j=3 je=3 Q=27818127 table=119823157 yh=105040
stage b2=494 vs b1={304}: values [427559379534856823843881170944, 622992765297495137011017711616), 13447360956151 candidates (MITM path)
  MITM b1=304: s=3 t=3 j=3 je=3 Q=28094464 table=120553784 yh=111547
stage b2=495 vs b1={305}: values [437176881962263889213818359375, 648034417553121620683837890625), 14333687530641 candidates (MITM path)
  MITM b1=305: s=3 t=3 j=3 je=3 Q=28372625 table=121287375 yh=118180
stage b2=496 vs b1={306}: values [446990652666799428081282973696, 673995687544113646503571623936), 15245631940188 candidates (MITM path)
  MITM b1=306: s=3 t=3 j=3 je=3 Q=28652616 table=122023936 yh=124940
stage b2=497 vs b1={307}: values [457004289115698715675308342353, 700907174940351875150276622001), 16183729334845 candidates (MITM path)
  MITM b1=307: s=3 t=3 j=3 je=3 Q=28934443 table=122763473 yh=131829
stage b2=498 vs b1={308}: values [467221447269921365272965629952, 728800392748903786995238567936), 17148523308838 candidates (MITM path)
  MITM b1=308: s=3 t=3 j=3 je=3 Q=29218112 table=123505992 yh=138848
stage b2=499 vs b1={309}: values [477645842414670666895611255499, 757707791466420184947746068881), 18140565995438 candidates (MITM path)
  MITM b1=309: s=3 t=3 j=3 je=3 Q=29503629 table=124251499 yh=145999
stage b2=500 vs b1={310}: values [488281250000000000000000000000, 787662783788549761000000000000), 19160418162468 candidates (MITM path)
  MITM b1=310: s=3 t=3 j=3 je=3 Q=29791000 table=125000000 yh=153284
stage b2=501 vs b1={311}: values [499131506491608208145638755501, 818699769887346816976612516321), 20208649308430 candidates (MITM path)
  MITM b1=311: s=3 t=3 j=3 je=3 Q=30080231 table=125751501 yh=160704
stage b2=502 vs b1={312}: values [510200510231926645287045634048, 850854163267826846772605485056), 21285837759273 candidates (MITM path)
  MITM b1=312: s=3 t=3 j=3 je=3 Q=30371328 table=126506008 yh=168260
stage b2=503 vs b1={313}: values [521492222311601429966591196647, 884162417215006648162206715681), 22392570765774 candidates (MITM path)
  MITM b1=313: s=3 t=3 j=3 je=3 Q=30664297 table=127263527 yh=175955
stage b2=504 vs b1={314}: values [533010667451475275290251362304, 918662051842949959948040605696), 23529444601568 candidates (MITM path)
  MITM b1=314: s=3 t=3 j=3 je=3 Q=30959144 table=128024064 yh=183790
stage b2=505 vs b1={315}: values [544759934895174099174853515625, 954391681757526337812744140625), 24697064661795 candidates (MITM path)
  MITM b1=315: s=3 t=3 j=3 je=3 Q=31255875 table=128787625 yh=191766
stage b2=506 vs b1={316}: values [556744179312404460981246765056, 991391044344780112897566048256), 25896045562386 candidates (MITM path)
  MITM b1=316: s=3 t=3 j=3 je=3 Q=31554496 table=129554216 yh=199886

*** MATCH: 645157001868629062610067168405 is an 12-digit palindrome in bases 316 and 506
stage b2=507 vs b1={317}: values [568967621713068717313312446243, 1029701028696997844179291768561), 27127011239981 candidates (MITM path)
  MITM b1=317: s=3 t=3 j=3 je=3 Q=31855013 table=130323843 yh=208151
stage b2=508 vs b1={318}: values [581434550372305641487929966592, 1069363705188756702611733221376), 28390595052482 candidates (MITM path)
  MITM b1=318: s=3 t=3 j=3 je=3 Q=32157432 table=131096512 yh=216563
stage b2=509 vs b1={319}: values [594149321766565107986044015109, 1110422355715432735355050594561), 29687439880238 candidates (MITM path)
  MITM b1=319: s=3 t=3 j=3 je=3 Q=32461759 table=131872229 yh=225123
stage b2=510 vs b1={320}: values [607116361520826305100000000000, 1152921504606846976000000000000), 31018198227868 candidates (MITM path)
  MITM b1=320: s=3 t=3 j=3 je=3 Q=32768000 table=132651000 yh=233834
stage b2=511 vs b1={321}: values [620340165367069806017523226111, 1196906950228928915420617322241), 32383532326717 candidates (MITM path)
  MITM b1=321: s=3 t=3 j=3 je=3 Q=33076161 table=133432831 yh=242696
stage b2=512 vs b1={322}: values [633825300114114700748351602688, 1242425797286480951825250390016), 33784114237954 candidates (MITM path)
  MITM b1=322: s=3 t=3 j=3 je=3 Q=33386248 table=134217728 yh=251712
done: 309.88s, 172121934 candidates tested
