A171740 search: n=12, threads=1, limit=none
stage b2=371 vs b1={227}: values [18327912624975493645267978571, 18720191467045367574023614321), 150435878661 candidates (MITM path)
  MITM b1=227: s=4 t=2 j=2 je=3 Q=51529 table=137641 yh=1092959
stage b2=372 vs b1={228}: values [18878711020461444446161993728, 19734138142017490453021065216), 322793942538 candidates (MITM path)
  MITM b1=228: s=4 t=2 j=2 je=3 Q=51984 table=138384 yh=2332596
stage b2=373 vs b1={229}: values [19444516557322886668124300077, 20798201815902925734870098641), 502648867835 candidates (MITM path)
  MITM b1=229: s=4 t=2 j=2 je=3 Q=52441 table=139129 yh=3612826
stage b2=374 vs b1={230}: values [20025696236621278455959066624, 21914624432020321000000000000), 690217292884 candidates (MITM path)
  MITM b1=230: s=4 t=2 j=2 je=3 Q=52900 table=139876 yh=4934495
stage b2=375 vs b1={231}: values [20622625015676021575927734375, 23085737796000848857434784161), 885720489281 candidates (MITM path)
  MITM b1=231: s=4 t=2 j=2 je=3 Q=53361 table=140625 yh=6298457
stage b2=376 vs b1={232}: values [21235685958581725467693285376, 24313966763341113270967730176), 1089384432015 candidates (MITM path)
  MITM b1=232: s=4 t=2 j=2 je=3 Q=53824 table=141376 yh=7705583
stage b2=377 vs b1={233}: values [21865270389159625050067741673, 25601832525455335435322705761), 1301439870222 candidates (MITM path)
  MITM b1=233: s=4 t=2 j=2 je=3 Q=54289 table=142129 yh=9156752
stage b2=378 vs b1={234}: values [22511778046375868461571254272, 26951955996824334101419462656), 1522122398568 candidates (MITM path)
  MITM b1=234: s=4 t=2 j=2 je=3 Q=54756 table=142884 yh=10652855
stage b2=379 vs b1={235}: values [23175617242259741753050742179, 28367061305895648984619140625), 1751672529248 candidates (MITM path)
  MITM b1=235: s=4 t=2 j=2 je=3 Q=55225 table=143641 yh=12194795
stage b2=380 vs b1={236}: values [23857205022355251200000000000, 29849979392446980130179383296), 1990335764627 candidates (MITM path)
  MITM b1=236: s=3 t=3 j=3 je=3 Q=13144256 table=54872000 yh=36273
stage b2=381 vs b1={237}: values [24556967328739840381780226181, 31403651714183943747186386481), 2238362670498 candidates (MITM path)
  MITM b1=237: s=3 t=3 j=3 je=3 Q=13312053 table=55306341 yh=40473
stage b2=382 vs b1={238}: values [25275339165644378498708666368, 33031134065402989058412384256), 2496008949975 candidates (MITM path)
  MITM b1=238: s=3 t=3 j=3 je=3 Q=13481272 table=55742968 yh=44778
stage b2=383 vs b1={239}: values [26012764767708918581052067967, 34735600510611194263176918721), 2763535518015 candidates (MITM path)
  MITM b1=239: s=3 t=3 j=3 je=3 Q=13651919 table=56181887 yh=49190
stage b2=384 vs b1={240}: values [26769697770909089301459369984, 36520347436056576000000000000), 3041208576577 candidates (MITM path)
  MITM b1=240: s=3 t=3 j=3 je=3 Q=13824000 table=56623104 yh=53710
stage b2=385 vs b1={241}: values [27546601386188352049462890625, 38388797722185519065061084481), 3329299690406 candidates (MITM path)
  MITM b1=241: s=3 t=3 j=3 je=3 Q=13997521 table=57066625 yh=58341
stage b2=386 vs b1={242}: values [28343948575831725778577524736, 40344505040107975043939700736), 3628085863458 candidates (MITM path)
  MITM b1=242: s=3 t=3 j=3 je=3 Q=14172488 table=57512456 yh=63084
stage b2=387 vs b1={243}: values [29162222232616955908481341563, 42391158275216203514294433201), 3937849615959 candidates (MITM path)
  MITM b1=243: s=3 t=3 j=3 je=3 Q=14348907 table=57960603 yh=67941
stage b2=388 vs b1={244}: values [30001915361779480272056614912, 44532586081169051256761614336), 4258879062093 candidates (MITM path)
  MITM b1=244: s=3 t=3 j=3 je=3 Q=14526784 table=58411072 yh=72913
stage b2=389 vs b1={245}: values [30863531265827924755035773789, 46772761567521097265869140625), 4591467988340 candidates (MITM path)
  MITM b1=245: s=3 t=3 j=3 je=3 Q=14706125 table=58863869 yh=78002
stage b2=390 vs b1={246}: values [31747583732247243900000000000, 49115807124344448192809865216), 4935915932441 candidates (MITM path)
  MITM b1=246: s=3 t=3 j=3 je=3 Q=14886936 table=59319000 yh=83210
stage b2=391 vs b1={247}: values [32654597224127007351927104791, 51565999387260564203827465441), 5292528263011 candidates (MITM path)
  MITM b1=247: s=3 t=3 j=3 je=3 Q=15069223 table=59776471 yh=88539
stage b2=392 vs b1={248}: values [33585107073752721624827691008, 54127774346370243244217860096), 5661616259783 candidates (MITM path)
  MITM b1=248: s=3 t=3 j=3 je=3 Q=15252992 table=60236288 yh=93991
stage b2=393 vs b1={249}: values [34539659679198468283732168857, 56805732602641806617660372001), 6043497194499 candidates (MITM path)
  MITM b1=249: s=3 t=3 j=3 je=3 Q=15438249 table=60698457 yh=99566
stage b2=394 vs b1={250}: values [35518812703959534278923577344, 59604644775390625000000000000), 6438494412446 candidates (MITM path)
  MITM b1=250: s=3 t=3 j=3 je=3 Q=15625000 table=61162984 yh=105268
stage b2=395 vs b1={251}: values [36523135279664107855419921875, 62529457064557415999535378001), 6846937414627 candidates (MITM path)
  MITM b1=251: s=3 t=3 j=3 je=3 Q=15813251 table=61629875 yh=111098

*** MATCH: 50578491189284349424279223616 is an 12-digit palindrome in bases 251 and 395
stage b2=396 vs b1={252}: values [37553208211903514205902340096, 65585296971568246764230148096), 7269161940583 candidates (MITM path)
  MITM b1=252: s=3 t=3 j=3 je=3 Q=16003008 table=62099136 yh=117058
stage b2=397 vs b1={253}: values [38609624189220868855209238453, 68777479182635902650515347441), 7705510051856 candidates (MITM path)
  MITM b1=253: s=3 t=3 j=3 je=3 Q=16194277 table=62570773 yh=123149
stage b2=398 vs b1={254}: values [39692987995298433674858903552, 72111511618440250457975689216), 8156330216096 candidates (MITM path)
  MITM b1=254: s=3 t=3 j=3 je=3 Q=16387064 table=63044792 yh=129374
stage b2=399 vs b1={255}: values [40803916724384370442551204399, 75593101654204447168212890625), 8621977391825 candidates (MITM path)
  MITM b1=255: s=3 t=3 j=3 je=3 Q=16581375 table=63521199 yh=135734
stage b2=400 vs b1={256}: values [41943040000000000000000000000, 79228162514264337593543950336), 9102813113835 candidates (MITM path)
  MITM b1=256: s=3 t=3 j=3 je=3 Q=16777216 table=64000000 yh=142232
stage b2=401 vs b1={257}: values [43111000196969091338568804401, 83022819845310162051379891201), 9599205579240 candidates (MITM path)
  MITM b1=257: s=3 t=3 j=3 je=3 Q=16974593 table=64481201 yh=148869
stage b2=402 vs b1={258}: values [44308452666811124371870107648, 86983418472562773463547252736), 10111529734185 candidates (MITM path)
  MITM b1=258: s=3 t=3 j=3 je=3 Q=17173512 table=64964808 yh=155647
stage b2=403 vs b1={259}: values [45536065966540892753630392747, 91116529343230957588293738481), 10640167361189 candidates (MITM path)
  MITM b1=259: s=3 t=3 j=3 je=3 Q=17373979 table=65450827 yh=162568
stage b2=404 vs b1={260}: values [46794522090917238883645128704, 95428956661682176000000000000), 11185507167157 candidates (MITM path)
  MITM b1=260: s=3 t=3 j=3 je=3 Q=17576000 table=65939264 yh=169634
stage b2=405 vs b1={261}: values [48084516708184142230517578125, 99927745220846124633825584721), 11747944872026 candidates (MITM path)
  MITM b1=261: s=3 t=3 j=3 je=3 Q=17779581 table=66430125 yh=176847
stage b2=406 vs b1={262}: values [49406759399347814303098771456, 104620187934458937028636512256), 12327883298079 candidates (MITM path)
  MITM b1=262: s=3 t=3 j=3 je=3 Q=17984728 table=66923416 yh=184209
done: 111.04s, 59388738 candidates tested
