A171740 search: n=12, threads=1, limit=none
stage b2=145 vs b1={96}: values [595728015903604931640625, 612709757329767363772416), 1827150035 candidates (MITM path)
  MITM b1=96: s=4 t=2 j=2 je=3 Q=9216 table=21025 yh=86904
stage b2=146 vs b1={97}: values [642512252044000682756096, 693842360995438000295041), 5299745947 candidates (MITM path)
  MITM b1=97: s=4 t=2 j=2 je=3 Q=9409 table=21316 yh=248628
stage b2=147 vs b1={98}: values [692613069293330583916203, 784716723734800033386496), 9127941620 candidates (MITM path)
  MITM b1=98: s=4 t=2 j=2 je=3 Q=9604 table=21609 yh=422414
stage b2=148 vs b1={99}: values [746240592700077928087552, 886384871716129280658801), 13335370346 candidates (MITM path)
  MITM b1=99: s=4 t=2 j=2 je=3 Q=9801 table=21904 yh=608810
stage b2=149 vs b1={100}: values [803616698647447868139149, 1000000000000000000000000), 17946796821 candidates (MITM path)
  MITM b1=100: s=4 t=2 j=2 je=3 Q=10000 table=22201 yh=808378
stage b2=150 vs b1={101}: values [864975585937500000000000, 1126825030131969720661201), 22988154223 candidates (MITM path)
  MITM b1=101: s=3 t=3 j=3 je=3 Q=1030301 table=3375000 yh=6812
stage b2=151 vs b1={102}: values [930564370500844495614151, 1268241794562545318301696), 28486581965 candidates (MITM path)
  MITM b1=102: s=3 t=3 j=3 je=3 Q=1061208 table=3442951 yh=8274
stage b2=152 vs b1={103}: values [1000643704540847195291648, 1425760886846178945447841), 34470464119 candidates (MITM path)
  MITM b1=103: s=3 t=3 j=3 je=3 Q=1092727 table=3511808 yh=9816
stage b2=153 vs b1={104}: values [1075488420943298174695497, 1601032218567680790102016), 40969468522 candidates (MITM path)
  MITM b1=104: s=3 t=3 j=3 je=3 Q=1124864 table=3581577 yh=11439
stage b2=154 vs b1={105}: values [1155388203804953497544704, 1795856326022129150390625), 48014586560 candidates (MITM path)
  MITM b1=105: s=3 t=3 j=3 je=3 Q=1157625 table=3652264 yh=13147
stage b2=155 vs b1={106}: values [1240648285957267138671875, 2012196471835550329409536), 55638173625 candidates (MITM path)
  MITM b1=106: s=3 t=3 j=3 je=3 Q=1191016 table=3723875 yh=14941
stage b2=156 vs b1={107}: values [1331590174384995440787456, 2252191588960823337718801), 63873990264 candidates (MITM path)
  MITM b1=107: s=3 t=3 j=3 je=3 Q=1225043 table=3796416 yh=16825
stage b2=157 vs b1={108}: values [1428552404463186019525093, 2518170116818978404827136), 72757243997 candidates (MITM path)
  MITM b1=108: s=3 t=3 j=3 je=3 Q=1259712 table=3869893 yh=18801
stage b2=158 vs b1={109}: values [1531891323960362862344192, 2812664781782894485727281), 82324631831 candidates (MITM path)
  MITM b1=109: s=3 t=3 j=3 je=3 Q=1295029 table=3944312 yh=20872
stage b2=159 vs b1={110}: values [1641981907780495624833759, 3138428376721000000000000), 92614383450 candidates (MITM path)
  MITM b1=110: s=3 t=3 j=3 je=3 Q=1331000 table=4019679 yh=23041
stage b2=160 vs b1={111}: values [1759218604441600000000000, 3498450596935634189769921), 103666305095 candidates (MITM path)
  MITM b1=111: s=3 t=3 j=3 je=3 Q=1367631 table=4096000 yh=25310
stage b2=161 vs b1={112}: values [1884016215314563749249761, 3895975992546975973113856), 115521824129 candidates (MITM path)
  MITM b1=112: s=3 t=3 j=3 je=3 Q=1404928 table=4173281 yh=27682
stage b2=162 vs b1={113}: values [2016810807672035804940288, 4334523100191686738306881), 128224034292 candidates (MITM path)
  MITM b1=113: s=3 t=3 j=3 je=3 Q=1442897 table=4251528 yh=30160
stage b2=163 vs b1={114}: values [2158060662623960090407387, 4817904819828488880132096), 141817741642 candidates (MITM path)
  MITM b1=114: s=3 t=3 j=3 je=3 Q=1481544 table=4330747 yh=32747
stage b2=164 vs b1={115}: values [2308247259043587701080064, 5350250105473711181640625), 156349511190 candidates (MITM path)
  MITM b1=115: s=3 t=3 j=3 je=3 Q=1520875 table=4410944 yh=35446
stage b2=165 vs b1={116}: values [2467876294615567236328125, 5936027041831326482169856), 171867714222 candidates (MITM path)
  MITM b1=116: s=3 t=3 j=3 je=3 Q=1560896 table=4492125 yh=38260
stage b2=166 vs b1={117}: values [2637478745165999792674816, 6580067382037190942729361), 188422576314 candidates (MITM path)
  MITM b1=117: s=3 t=3 j=3 je=3 Q=1601613 table=4574296 yh=41192
stage b2=167 vs b1={118}: values [2817611963463158891460983, 7287592625109126008344576), 206066226044 candidates (MITM path)
  MITM b1=118: s=3 t=3 j=3 je=3 Q=1643032 table=4657463 yh=44245
stage b2=168 vs b1={119}: values [3008860818706922924408832, 8064241715186276625588961), 224852744390 candidates (MITM path)
  MITM b1=119: s=3 t=3 j=3 je=3 Q=1685159 table=4741632 yh=47421
stage b2=169 vs b1={120}: values [3211838877954855105157369, 8916100448256000000000000), 244838214829 candidates (MITM path)
  MITM b1=120: s=3 t=3 j=3 je=3 Q=1728000 table=4826809 yh=50725
stage b2=170 vs b1={121}: values [3427189630763300000000000, 9849732675807611094711841), 266080774127 candidates (MITM path)
  MITM b1=121: s=3 t=3 j=3 je=3 Q=1771561 table=4913000 yh=54159
stage b2=171 vs b1={122}: values [3655587758352853102936371, 10872213398722912904482816), 288640663829 candidates (MITM path)
  MITM b1=122: s=3 t=3 j=3 je=3 Q=1815848 table=5000211 yh=57726
stage b2=172 vs b1={123}: values [3897740448639107284860928, 11991163848716906297072721), 312580282444 candidates (MITM path)
  MITM b1=123: s=3 t=3 j=3 je=3 Q=1860867 table=5088448 yh=61430
stage b2=173 vs b1={124}: values [4154388758501693990272277, 13214788658781797667045376), 337964238324 candidates (MITM path)
  MITM b1=124: s=3 t=3 j=3 je=3 Q=1906624 table=5177717 yh=65273
stage b2=174 vs b1={125}: values [4426309024697324523239424, 14551915228366851806640625), 364859403247 candidates (MITM path)
  MITM b1=125: s=3 t=3 j=3 je=3 Q=1953125 table=5268024 yh=69260
stage b2=175 vs b1={126}: values [4714314324855804443359375, 16012035393449278995173376), 393334966698 candidates (MITM path)
  MITM b1=126: s=3 t=3 j=3 je=3 Q=2000376 table=5359375 yh=73392
stage b2=176 vs b1={127}: values [5019255990031848807858176, 17605349516220764271966721), 423462490842 candidates (MITM path)
  MITM b1=127: s=3 t=3 j=3 je=3 Q=2048383 table=5451776 yh=77675
stage b2=177 vs b1={128}: values [5342025170319974613513873, 19342813113834066795298816), 455315966212 candidates (MITM path)
  MITM b1=128: s=3 t=3 j=3 je=3 Q=2097152 table=5545233 yh=82110
stage b2=178 vs b1={129}: values [5683554455074796217321472, 21236186150528020865123841), 488971868079 candidates (MITM path)
  MITM b1=129: s=3 t=3 j=3 je=3 Q=2146689 table=5639752 yh=86701
stage b2=179 vs b1={130}: values [6044819549314706693299979, 23298085122481000000000000), 524509213543 candidates (MITM path)
  MITM b1=130: s=3 t=3 j=3 je=3 Q=2197000 table=5735339 yh=91453
stage b2=180 vs b1={131}: values [6426841007923200000000000, 25542038069936263923006961), 562009619307 candidates (MITM path)
  MITM b1=131: s=3 t=3 j=3 je=3 Q=2248091 table=5832000 yh=96367
stage b2=181 vs b1={132}: values [6830686029298982514463981, 27982542656501458535448576), 601557360171 candidates (MITM path)
  MITM b1=132: s=3 t=3 j=3 je=3 Q=2299968 table=5929741 yh=101448
stage b2=182 vs b1={133}: values [7257470310143544998893568, 30635127461052805121505361), 643239428214 candidates (MITM path)
  MITM b1=133: s=3 t=3 j=3 je=3 Q=2352637 table=6028568 yh=106699
stage b2=183 vs b1={134}: values [7708359963113024511280167, 33516416633376182864121856), 687145592691 candidates (MITM path)
  MITM b1=134: s=3 t=3 j=3 je=3 Q=2406104 table=6128487 yh=112124
stage b2=184 vs b1={135}: values [8184573499099987295862784, 36644198070556426025390625), 733368460627 candidates (MITM path)
  MITM b1=135: s=3 t=3 j=3 je=3 Q=2460375 table=6229504 yh=117726
stage b2=185 vs b1={136}: values [8687383875950215478515625, 40037495277186834126340096), 782003538118 candidates (MITM path)
  MITM b1=136: s=3 t=3 j=3 je=3 Q=2515456 table=6331625 yh=123508
stage b2=186 vs b1={137}: values [9218120615459689670977536, 43716643078717303412870881), 833149292336 candidates (MITM path)
  MITM b1=137: s=3 t=3 j=3 je=3 Q=2571353 table=6434856 yh=129475
stage b2=187 vs b1={138}: values [9778171990537733621073763, 47703367363695867545849856), 886907214242 candidates (MITM path)
  MITM b1=138: s=3 t=3 j=3 je=3 Q=2628072 table=6539203 yh=135630

*** MATCH: 29337841197020884950570360 is an 12-digit palindrome in bases 138 and 187
stage b2=188 vs b1={139}: values [10368987284463733138522112, 52020869037289085480011921), 943381882001 candidates (MITM path)
  MITM b1=139: s=3 t=3 j=3 je=3 Q=2685619 table=6644672 yh=141976
stage b2=189 vs b1={140}: values [10992079124206967022251589, 56693912375296000000000000), 1002681025107 candidates (MITM path)
  MITM b1=140: s=3 t=3 j=3 je=3 Q=2744000 table=6751269 yh=148518
stage b2=190 vs b1={141}: values [11649025889821900000000000, 61748917974902741368975281), 1064915589212 candidates (MITM path)
  MITM b1=141: s=3 t=3 j=3 je=3 Q=2803221 table=6859000 yh=155259
stage b2=191 vs b1={142}: values [12341474201974794188822591, 67214060505664762405851136), 1130199801661 candidates (MITM path)
  MITM b1=142: s=3 t=3 j=3 je=3 Q=2863288 table=6967871 yh=162202
stage b2=192 vs b1={143}: values [13071141489701703760478208, 73119371471655725294164801), 1198651237738 candidates (MITM path)
  MITM b1=143: s=3 t=3 j=3 je=3 Q=2924207 table=7077888 yh=169352
stage b2=193 vs b1={144}: values [13839818640542834852821057, 79496847203390844133441536), 1270390887621 candidates (MITM path)
  MITM b1=144: s=3 t=3 j=3 je=3 Q=2985984 table=7189057 yh=176712
stage b2=194 vs b1={145}: values [14649372735243886851590144, 86380562306022715087890625), 1345543224036 candidates (MITM path)
  MITM b1=145: s=3 t=3 j=3 je=3 Q=3048625 table=7301384 yh=184287
stage b2=195 vs b1={146}: values [15501749869261349560546875, 93806788798424099682390016), 1424236270630 candidates (MITM path)
  MITM b1=146: s=3 t=3 j=3 je=3 Q=3112136 table=7414875 yh=192079
stage b2=196 vs b1={147}: values [16398978063355821105872896, 101814121186119595835681841), 1506601671047 candidates (MITM path)
  MITM b1=147: s=3 t=3 j=3 je=3 Q=3176523 table=7529536 yh=200093
stage b2=197 vs b1={148}: values [17343170265605241347130653, 110443607719611533356957696), 1592774758715 candidates (MITM path)
  MITM b1=148: s=3 t=3 j=3 je=3 Q=3241792 table=7645373 yh=208332
stage b2=198 vs b1={149}: values [18336527447218512795850752, 119738888098469732352733201), 1682894627342 candidates (MITM path)
  MITM b1=149: s=3 t=3 j=3 je=3 Q=3307949 table=7762392 yh=216802
stage b2=199 vs b1={150}: values [19381341794579313317802199, 129746337890625000000000000), 1777104202123 candidates (MITM path)
  MITM b1=150: s=3 t=3 j=3 je=3 Q=3375000 table=7880599 yh=225504
stage b2=200 vs b1={151}: values [20480000000000000000000000, 140515219945627518837736801), 1875550311651 candidates (MITM path)
  MITM b1=151: s=3 t=3 j=3 je=3 Q=3442951 table=8000000 yh=234444
stage b2=201 vs b1={152}: values [21634986653716369322202201, 152097843090208773684330496), 1978383760550 candidates (MITM path)
  MITM b1=152: s=3 t=3 j=3 je=3 Q=3511808 table=8120601 yh=243626
stage b2=202 vs b1={153}: values [22848887739705683048654848, 164549728404324620728411041), 2085759402807 candidates (MITM path)
  MITM b1=153: s=3 t=3 j=3 je=3 Q=3581577 table=8242408 yh=253053
stage b2=203 vs b1={154}: values [24124394237962799952684947, 177929783385962838621884416), 2197836215820 candidates (MITM path)
  MITM b1=154: s=3 t=3 j=3 je=3 Q=3652264 table=8365427 yh=262729
stage b2=204 vs b1={155}: values [25464305835922478547861504, 192300484323376406494140625), 2314777375159 candidates (MITM path)
  MITM b1=155: s=3 t=3 j=3 je=3 Q=3723875 table=8489664 yh=272659
stage b2=205 vs b1={156}: values [26871534751769943408203125, 207728067204059288762843136), 2436750330033 candidates (MITM path)
  MITM b1=156: s=3 t=3 j=3 je=3 Q=3796416 table=8615125 yh=282846
stage b2=206 vs b1={157}: values [28349109672436645439584256, 224282727500720205065439601), 2563926879473 candidates (MITM path)
  MITM b1=157: s=3 t=3 j=3 je=3 Q=3869893 table=8741816 yh=293295
done: 22.06s, 4822237 candidates tested
