A171740 search: n=12, threads=1, limit=none
stage b2=420 vs b1={254}: values [71736832111046860800000000000, 72111511618440250457975689216), 68259672174 candidates (MITM path)
  MITM b1=254: s=4 t=2 j=2 je=3 Q=64516 table=176400 yh=386960
stage b2=421 vs b1={255}: values [73638181357622863863877426621, 75593101654204447168212890625), 351104568620 candidates (MITM path)
  MITM b1=255: s=4 t=2 j=2 je=3 Q=65025 table=177241 yh=1980945
stage b2=422 vs b1={256}: values [75585233766340778979313276928, 79228162514264337593543950336), 645024144150 candidates (MITM path)
  MITM b1=256: s=4 t=2 j=2 je=3 Q=65536 table=178084 yh=3622022
stage b2=423 vs b1={257}: values [77578975691490042023332369527, 83022819845310162051379891201), 950306017920 candidates (MITM path)
  MITM b1=257: s=4 t=2 j=2 je=3 Q=66049 table=178929 yh=5311079
stage b2=424 vs b1={258}: values [79620412364205057441922023424, 86983418472562773463547252736), 1267243350930 candidates (MITM path)
  MITM b1=258: s=4 t=2 j=2 je=3 Q=66564 table=179776 yh=7049013
stage b2=425 vs b1={259}: values [81710568207819461822509765625, 91116529343230957588293738481), 1596134921899 candidates (MITM path)
  MITM b1=259: s=4 t=2 j=2 je=3 Q=67081 table=180625 yh=8836734
stage b2=426 vs b1={260}: values [83850487157725321590910642176, 95428956661682176000000000000), 1937285203745 candidates (MITM path)
  MITM b1=260: s=4 t=2 j=2 je=3 Q=67600 table=181476 yh=10675160
stage b2=427 vs b1={261}: values [86041232985790766413028611123, 99927745220846124633825584721), 2291004440685 candidates (MITM path)
  MITM b1=261: s=4 t=2 j=2 je=3 Q=68121 table=182329 yh=12565223
stage b2=428 vs b1={262}: values [88283889629390066997077737472, 104620187934458937028636512256), 2657608725960 candidates (MITM path)
  MITM b1=262: s=4 t=2 j=2 je=3 Q=68644 table=183184 yh=14507865
stage b2=429 vs b1={263}: values [90579561525100676704093790229, 109513833574845676773925608481), 3037420080168 candidates (MITM path)
  MITM b1=263: s=4 t=2 j=2 je=3 Q=69169 table=184041 yh=16504041
stage b2=430 vs b1={264}: values [92929373947122270700000000000, 114616494721029974161197367296), 3430766530225 candidates (MITM path)
  MITM b1=264: s=4 t=2 j=2 je=3 Q=69696 table=184900 yh=18554714
stage b2=431 vs b1={265}: values [95334473350473334338476729231, 119936255922052283847900390625), 3837982188939 candidates (MITM path)
  MITM b1=265: s=3 t=3 j=3 je=3 Q=18609625 table=80062991 yh=47938
stage b2=432 vs b1={266}: values [97796027719021374067408109568, 125481482080472289777685958656), 4259407335217 candidates (MITM path)
  MITM b1=266: s=3 t=3 j=3 je=3 Q=18821096 table=80621568 yh=52833
stage b2=433 vs b1={267}: values [100315226918403349419823702417, 131260827061126477105043503761), 4695388494880 candidates (MITM path)
  MITM b1=267: s=3 t=3 j=3 je=3 Q=19034163 table=81182737 yh=57838
stage b2=434 vs b1={268}: values [102893283053893453600144246784, 137283242530308845011443122176), 5146278522121 candidates (MITM path)
  MITM b1=268: s=3 t=3 j=3 je=3 Q=19248832 table=81746504 yh=62955
stage b2=435 vs b1={269}: values [105531430833275902825341796875, 143557987030641165766449098161), 5612436681567 candidates (MITM path)
  MITM b1=269: s=3 t=3 j=3 je=3 Q=19465109 table=82312875 yh=68185
stage b2=436 vs b1={270}: values [108230927934780930945540161536, 150094635296999121000000000000), 6094228730988 candidates (MITM path)
  MITM b1=270: s=3 t=3 j=3 je=3 Q=19683000 table=82881856 yh=73530
stage b2=437 vs b1={271}: values [110993055380142725966855596013, 156903087818962082857498424641), 6592027004612 candidates (MITM path)
  MITM b1=271: s=3 t=3 j=3 je=3 Q=19902511 table=83453453 yh=78991
stage b2=438 vs b1={272}: values [113819117912838588948194138112, 163993580655357272581489033216), 7106210497089 candidates (MITM path)
  MITM b1=272: s=3 t=3 j=3 je=3 Q=20123648 table=84027672 yh=84570
stage b2=439 vs b1={273}: values [116710444381569143360604716839, 171376695506573539304632176321), 7637164948066 candidates (MITM path)
  MITM b1=273: s=3 t=3 j=3 je=3 Q=20346417 table=84604519 yh=90269
stage b2=440 vs b1={274}: values [119668388129039974400000000000, 179063370050426074779119128576), 8185282927402 candidates (MITM path)
  MITM b1=274: s=3 t=3 j=3 je=3 Q=20570824 table=85184000 yh=96090
stage b2=441 vs b1={275}: values [122694327386105632949003612841, 187064908547461032867431640625), 8750963921016 candidates (MITM path)
  MITM b1=275: s=3 t=3 j=3 je=3 Q=20796875 table=85766121 yh=102033
stage b2=442 vs b1={276}: values [125789665671337497908806494208, 195392992721698273467801010176), 9334614417354 candidates (MITM path)
  MITM b1=276: s=3 t=3 j=3 je=3 Q=21024576 table=86350888 yh=108101
stage b2=443 vs b1={277}: values [128955832196077553484700318307, 204059692922921316864296943121), 9936647994505 candidates (MITM path)
  MITM b1=277: s=3 t=3 j=3 je=3 Q=21253933 table=86938307 yh=114296

*** MATCH: 176050308817881180890779379424 is an 12-digit palindrome in bases 277 and 443
stage b2=444 vs b1={278}: values [132194282275040704726925574144, 213077479576736094126128828416), 10557485407938 candidates (MITM path)
  MITM b1=278: s=3 t=3 j=3 je=3 Q=21484952 table=87528384 yh=120618
stage b2=445 vs b1={279}: values [135506497742528825219189453125, 222459234928734230114433331041), 11197554678882 candidates (MITM path)
  MITM b1=279: s=3 t=3 j=3 je=3 Q=21717639 table=88121125 yh=127071
stage b2=446 vs b1={280}: values [138893987374320305288277456896, 232218265089212416000000000000), 11857291183336 candidates (MITM path)
  MITM b1=280: s=3 t=3 j=3 je=3 Q=21952000 table=88716536 yh=133654
stage b2=447 vs b1={281}: values [142358287315299447497245827903, 242368312385016936196463417761), 12537137741716 candidates (MITM path)
  MITM b1=281: s=3 t=3 j=3 je=3 Q=22188041 table=89314623 yh=140371
stage b2=448 vs b1={282}: values [145900961512890638499422666752, 252923568025201628647322750976), 13237544709144 candidates (MITM path)
  MITM b1=282: s=3 t=3 j=3 je=3 Q=22425768 table=89915392 yh=147223
stage b2=449 vs b1={283}: values [149523602156362812588586992449, 263898685087308495981516810961), 13958970066371 candidates (MITM path)
  MITM b1=283: s=3 t=3 j=3 je=3 Q=22665187 table=90518849 yh=154211
stage b2=450 vs b1={284}: values [153227830122070312500000000000, 275308791831202866814366253056), 14701879511338 candidates (MITM path)
  MITM b1=284: s=3 t=3 j=3 je=3 Q=22906304 table=91125000 yh=161338
stage b2=451 vs b1={285}: values [157015295424696847215234267451, 287169505347519450195556640625), 15466746551380 candidates (MITM path)
  MITM b1=285: s=3 t=3 j=3 je=3 Q=23149125 table=91733851 yh=168605
stage b2=452 vs b1={286}: values [160887677674569844718827470848, 299496945547901850804899024896), 16254052596071 candidates (MITM path)
  MITM b1=286: s=3 t=3 j=3 je=3 Q=23393656 table=92345408 yh=176014
stage b2=453 vs b1={287}: values [164846686541113099864560007197, 312307749504346137016129649281), 17064287050705 candidates (MITM path)
  MITM b1=287: s=3 t=3 j=3 je=3 Q=23639903 table=92959677 yh=183567
stage b2=454 vs b1={288}: values [168894062222506223751543445504, 325619086145088897570576531456), 17897947410428 candidates (MITM path)
  MITM b1=288: s=3 t=3 j=3 je=3 Q=23887872 table=93576664 yh=191266
stage b2=455 vs b1={289}: values [173031575921620011303271484375, 339448671314611904643504117121), 18755539355004 candidates (MITM path)
  MITM b1=289: s=3 t=3 j=3 je=3 Q=24137569 table=94196375 yh=199112
done: 219.50s, 101391522 candidates tested
