A171740 search: n=12, threads=1, limit=none
stage b2=197 vs b1={127}: values [17343170265605241347130653, 17605349516220764271966721), 4485397750 candidates (MITM path)
  MITM b1=127: s=4 t=2 j=2 je=3 Q=16129 table=38809 yh=115577
stage b2=198 vs b1={128}: values [18336527447218512795850752, 19342813113834066795298816), 16700525817 candidates (MITM path)
  MITM b1=128: s=4 t=2 j=2 je=3 Q=16384 table=39204 yh=425991
stage b2=199 vs b1={129}: values [19381341794579313317802199, 21236186150528020865123841), 29866822053 candidates (MITM path)
  MITM b1=129: s=4 t=2 j=2 je=3 Q=16641 table=39601 yh=754194
stage b2=200 vs b1={130}: values [20480000000000000000000000, 23298085122481000000000000), 44032580039 candidates (MITM path)
  MITM b1=130: s=4 t=2 j=2 je=3 Q=16900 table=40000 yh=1100815
stage b2=201 vs b1={131}: values [21634986653716369322202201, 25542038069936263923006961), 59247875485 candidates (MITM path)
  MITM b1=131: s=4 t=2 j=2 je=3 Q=17161 table=40401 yh=1466496
stage b2=202 vs b1={132}: values [22848887739705683048654848, 27982542656501458535448576), 75564611779 candidates (MITM path)
  MITM b1=132: s=4 t=2 j=2 je=3 Q=17424 table=40804 yh=1851893
stage b2=203 vs b1={133}: values [24124394237962799952684947, 30635127461052805121505361), 93036566200 candidates (MITM path)
  MITM b1=133: s=3 t=3 j=3 je=3 Q=2352637 table=8365427 yh=11122
stage b2=204 vs b1={134}: values [25464305835922478547861504, 33516416633376182864121856), 111719436787 candidates (MITM path)
  MITM b1=134: s=3 t=3 j=3 je=3 Q=2406104 table=8489664 yh=13160
stage b2=205 vs b1={135}: values [26871534751769943408203125, 36644198070556426025390625), 131670889874 candidates (MITM path)
  MITM b1=135: s=3 t=3 j=3 je=3 Q=2460375 table=8615125 yh=15284
stage b2=206 vs b1={136}: values [28349109672436645439584256, 40037495277186834126340096), 152950608282 candidates (MITM path)
  MITM b1=136: s=3 t=3 j=3 je=3 Q=2515456 table=8741816 yh=17497
stage b2=207 vs b1={137}: values [29900179809133802678274543, 43716643078717303412870881), 175620340186 candidates (MITM path)
  MITM b1=137: s=3 t=3 j=3 je=3 Q=2571353 table=8869743 yh=19800
stage b2=208 vs b1={138}: values [31528019073332790943547392, 47703367363695867545849856), 199743948635 candidates (MITM path)
  MITM b1=138: s=3 t=3 j=3 je=3 Q=2628072 table=8998912 yh=22197
stage b2=209 vs b1={139}: values [33236030376158771102541809, 52020869037289085480011921), 225387461752 candidates (MITM path)
  MITM b1=139: s=3 t=3 j=3 je=3 Q=2685619 table=9129329 yh=24689

*** MATCH: 33857775572155871990889060 is an 12-digit palindrome in bases 139 and 209
done: 2.81s, 5814844 candidates tested
