A171740 search: n=12, threads=1, limit=none
stage b2=375 vs b1={229}: values [20622625015676021575927734375, 20798201815902925734870098641), 63136357639 candidates (MITM path)
  MITM b1=229: s=4 t=2 j=2 je=3 Q=52441 table=140625 yh=448970
stage b2=376 vs b1={230}: values [21235685958581725467693285376, 21914624432020321000000000000), 240272103220 candidates (MITM path)
  MITM b1=230: s=4 t=2 j=2 je=3 Q=52900 table=141376 yh=1699526
stage b2=377 vs b1={231}: values [21865270389159625050067741673, 23085737796000848857434784161), 425087255513 candidates (MITM path)
  MITM b1=231: s=4 t=2 j=2 je=3 Q=53361 table=142129 yh=2990856
stage b2=378 vs b1={232}: values [22511778046375868461571254272, 24313966763341113270967730176), 617802223954 candidates (MITM path)
  MITM b1=232: s=4 t=2 j=2 je=3 Q=53824 table=142884 yh=4323803
stage b2=379 vs b1={233}: values [23175617242259741753050742179, 25601832525455335435322705761), 818642098330 candidates (MITM path)
  MITM b1=233: s=4 t=2 j=2 je=3 Q=54289 table=143641 yh=5699224
stage b2=380 vs b1={234}: values [23857205022355251200000000000, 26951955996824334101419462656), 1027836719140 candidates (MITM path)
  MITM b1=234: s=4 t=2 j=2 je=3 Q=54756 table=144400 yh=7117983
stage b2=381 vs b1={235}: values [24556967328739840381780226181, 28367061305895648984619140625), 1245620748590 candidates (MITM path)
  MITM b1=235: s=4 t=2 j=2 je=3 Q=55225 table=145161 yh=8580961
stage b2=382 vs b1={236}: values [25275339165644378498708666368, 29849979392446980130179383296), 1472233742201 candidates (MITM path)
  MITM b1=236: s=4 t=2 j=2 je=3 Q=55696 table=145924 yh=10089045
stage b2=383 vs b1={237}: values [26012764767708918581052067967, 31403651714183943747186386481), 1707920221048 candidates (MITM path)
  MITM b1=237: s=4 t=2 j=2 je=3 Q=56169 table=146689 yh=11643138
stage b2=384 vs b1={238}: values [26769697770909089301459369984, 33031134065402989058412384256), 1952929744627 candidates (MITM path)
  MITM b1=238: s=4 t=2 j=2 je=3 Q=56644 table=147456 yh=13244153
stage b2=385 vs b1={239}: values [27546601386188352049462890625, 34735600510611194263176918721), 2207516984341 candidates (MITM path)
  MITM b1=239: s=3 t=3 j=3 je=3 Q=13651919 table=57066625 yh=38684
stage b2=386 vs b1={240}: values [28343948575831725778577524736, 36520347436056576000000000000), 2471941797623 candidates (MITM path)
  MITM b1=240: s=3 t=3 j=3 je=3 Q=13824000 table=57512456 yh=42981
stage b2=387 vs b1={241}: values [29162222232616955908481341563, 38388797722185519065061084481), 2746469302687 candidates (MITM path)
  MITM b1=241: s=3 t=3 j=3 je=3 Q=13997521 table=57960603 yh=47386
stage b2=388 vs b1={242}: values [30001915361779480272056614912, 40344505040107975043939700736), 3031369953905 candidates (MITM path)
  MITM b1=242: s=3 t=3 j=3 je=3 Q=14172488 table=58411072 yh=51898
stage b2=389 vs b1={243}: values [30863531265827924755035773789, 42391158275216203514294433201), 3326919617820 candidates (MITM path)
  MITM b1=243: s=3 t=3 j=3 je=3 Q=14348907 table=58863869 yh=56519
stage b2=390 vs b1={244}: values [31747583732247243900000000000, 44532586081169051256761614336), 3633399649792 candidates (MITM path)
  MITM b1=244: s=3 t=3 j=3 je=3 Q=14526784 table=59319000 yh=61252
stage b2=391 vs b1={245}: values [32654597224127007351927104791, 46772761567521097265869140625), 3951096971272 candidates (MITM path)
  MITM b1=245: s=3 t=3 j=3 je=3 Q=14706125 table=59776471 yh=66098
stage b2=392 vs b1={246}: values [33585107073752721624827691008, 49115807124344448192809865216), 4280304147721 candidates (MITM path)
  MITM b1=246: s=3 t=3 j=3 je=3 Q=14886936 table=60236288 yh=71059
stage b2=393 vs b1={247}: values [34539659679198468283732168857, 51565999387260564203827465441), 4621319467158 candidates (MITM path)
  MITM b1=247: s=3 t=3 j=3 je=3 Q=15069223 table=60698457 yh=76136
stage b2=394 vs b1={248}: values [35518812703959534278923577344, 54127774346370243244217860096), 4974447019341 candidates (MITM path)
  MITM b1=248: s=3 t=3 j=3 je=3 Q=15252992 table=61162984 yh=81332
stage b2=395 vs b1={249}: values [36523135279664107855419921875, 56805732602641806617660372001), 5339996775599 candidates (MITM path)
  MITM b1=249: s=3 t=3 j=3 je=3 Q=15438249 table=61629875 yh=86647
stage b2=396 vs b1={250}: values [37553208211903514205902340096, 59604644775390625000000000000), 5718284669287 candidates (MITM path)
  MITM b1=250: s=3 t=3 j=3 je=3 Q=15625000 table=62099136 yh=92084
stage b2=397 vs b1={251}: values [38609624189220868855209238453, 62529457064557415999535378001), 6109632676895 candidates (MITM path)
  MITM b1=251: s=3 t=3 j=3 je=3 Q=15813251 table=62570773 yh=97644
stage b2=398 vs b1={252}: values [39692987995298433674858903552, 65585296971568246764230148096), 6514368899788 candidates (MITM path)
  MITM b1=252: s=3 t=3 j=3 je=3 Q=16003008 table=63044792 yh=103330
stage b2=399 vs b1={253}: values [40803916724384370442551204399, 68777479182635902650515347441), 6932827646592 candidates (MITM path)
  MITM b1=253: s=3 t=3 j=3 je=3 Q=16194277 table=63521199 yh=109142
stage b2=400 vs b1={254}: values [41943040000000000000000000000, 72111511618440250457975689216), 7365349516221 candidates (MITM path)
  MITM b1=254: s=3 t=3 j=3 je=3 Q=16387064 table=64000000 yh=115084
stage b2=401 vs b1={255}: values [43111000196969091338568804401, 75593101654204447168212890625), 7812281481551 candidates (MITM path)
  MITM b1=255: s=3 t=3 j=3 je=3 Q=16581375 table=64481201 yh=121156

*** MATCH: 74812955769982527692314344192 is an 12-digit palindrome in bases 255 and 401
stage b2=402 vs b1={256}: values [44308452666811124371870107648, 79228162514264337593543950336), 8273976973733 candidates (MITM path)
  MITM b1=256: s=3 t=3 j=3 je=3 Q=16777216 table=64964808 yh=127361
stage b2=403 vs b1={257}: values [45536065966540892753630392747, 83022819845310162051379891201), 8750795967156 candidates (MITM path)
  MITM b1=257: s=3 t=3 j=3 je=3 Q=16974593 table=65450827 yh=133701
stage b2=404 vs b1={258}: values [46794522090917238883645128704, 86983418472562773463547252736), 9243105065053 candidates (MITM path)
  MITM b1=258: s=3 t=3 j=3 je=3 Q=17173512 table=65939264 yh=140177
stage b2=405 vs b1={259}: values [48084516708184142230517578125, 91116529343230957588293738481), 9751277585758 candidates (MITM path)
  MITM b1=259: s=3 t=3 j=3 je=3 Q=17373979 table=66430125 yh=146790
stage b2=406 vs b1={260}: values [49406759399347814303098771456, 95428956661682176000000000000), 10275693649606 candidates (MITM path)
  MITM b1=260: s=3 t=3 j=3 je=3 Q=17576000 table=66923416 yh=153545
stage b2=407 vs b1={261}: values [50761973901033889039170022343, 99927745220846124633825584721), 10816740266488 candidates (MITM path)
  MITM b1=261: s=3 t=3 j=3 je=3 Q=17779581 table=67419143 yh=160441
stage b2=408 vs b1={262}: values [52150898351969236066020360192, 104620187934458937028636512256), 11374811424046 candidates (MITM path)
  MITM b1=262: s=3 t=3 j=3 je=3 Q=17984728 table=67917312 yh=167481
stage b2=409 vs b1={263}: values [53574285543133366239295624009, 109513833574845676773925608481), 11950308176533 candidates (MITM path)
  MITM b1=263: s=3 t=3 j=3 je=3 Q=18191447 table=68417929 yh=174667

*** MATCH: 60636744470509837202129964000 is an 12-digit palindrome in bases 263 and 409
stage b2=410 vs b1={264}: values [55032903171624844100000000000, 114616494721029974161197367296), 12543638734308 candidates (MITM path)
  MITM b1=264: s=3 t=3 j=3 je=3 Q=18399744 table=68921000 yh=182001
stage b2=411 vs b1={265}: values [56527534098288570421020715011, 119936255922052283847900390625), 13155218553997 candidates (MITM path)
  MITM b1=265: s=3 t=3 j=3 je=3 Q=18609625 table=69426531 yh=189485
stage b2=412 vs b1={266}: values [58058976609150249860268556288, 125481482080472289777685958656), 13785470429297 candidates (MITM path)
  MITM b1=266: s=3 t=3 j=3 je=3 Q=18821096 table=69934528 yh=197120
stage b2=413 vs b1={267}: values [59628044680704813913766929637, 131260827061126477105043503761), 14434824582442 candidates (MITM path)
  MITM b1=267: s=3 t=3 j=3 je=3 Q=19034163 table=70444997 yh=204910
done: 159.61s, 67855220 candidates tested
