A171740 search: n=12, threads=1, limit=none
stage b2=288 vs b1={180}: values [1130621826892669783231168512, 1156831381426176000000000000), 45930874374 candidates (MITM path)
  MITM b1=180: s=4 t=2 j=2 je=3 Q=32400 table=82944 yh=553758
stage b2=289 vs b1={181}: values [1174562876521148458974062689, 1236354171303115835117980561), 106057219985 candidates (MITM path)
  MITM b1=181: s=4 t=2 j=2 je=3 Q=32761 table=83521 yh=1269827
stage b2=290 vs b1={182}: values [1220050976570582900000000000, 1320859596446125189798629376), 169476576181 candidates (MITM path)
  MITM b1=182: s=4 t=2 j=2 je=3 Q=33124 table=84100 yh=2015180
stage b2=291 vs b1={183}: values [1267134976528441808641913691, 1410629873249683485564270561), 236308053085 candidates (MITM path)
  MITM b1=183: s=4 t=2 j=2 je=3 Q=33489 table=84681 yh=2790568
stage b2=292 vs b1={184}: values [1315865092186113398284484608, 1505961523834397662438752256), 306673928106 candidates (MITM path)
  MITM b1=184: s=4 t=2 j=2 je=3 Q=33856 table=85264 yh=3596758
stage b2=293 vs b1={185}: values [1366292938960993269291344957, 1607166017050789863525390625), 380699705054 candidates (MITM path)
  MITM b1=185: s=4 t=2 j=2 je=3 Q=34225 table=85849 yh=4434527
stage b2=294 vs b1={186}: values [1418471565912741035860383744, 1714570434475502278801821696), 458514173899 candidates (MITM path)
  MITM b1=186: s=4 t=2 j=2 je=3 Q=34596 table=86436 yh=5304667
stage b2=295 vs b1={187}: values [1472455490465714973583984375, 1828518162230556187140793681), 540249471164 candidates (MITM path)
  MITM b1=187: s=4 t=2 j=2 je=3 Q=34969 table=87025 yh=6207981
stage b2=296 vs b1={188}: values [1528300733849759596723306496, 1949369609479181830042157056), 626041140969 candidates (MITM path)
  MITM b1=188: s=3 t=3 j=3 je=3 Q=6644672 table=25934336 yh=24140
stage b2=297 vs b1={189}: values [1586064857271688421018834553, 2077502954475116767205550321), 716028196709 candidates (MITM path)
  MITM b1=189: s=3 t=3 j=3 je=3 Q=6751269 table=26198073 yh=27332
stage b2=298 vs b1={190}: values [1645806998829973233948977152, 2213314919066161000000000000), 810353183382 candidates (MITM path)
  MITM b1=190: s=3 t=3 j=3 je=3 Q=6859000 table=26463592 yh=30622
stage b2=299 vs b1={191}: values [1707587911185321991450053299, 2357221572577185690065114881), 909162240561 candidates (MITM path)
  MITM b1=191: s=3 t=3 j=3 je=3 Q=6967871 table=26730899 yh=34012

*** MATCH: 2132002331647280650553342400 is an 12-digit palindrome in bases 191 and 299
stage b2=300 vs b1={192}: values [1771470000000000000000000000, 2509659166022727122011815936), 1012605166012 candidates (MITM path)
  MITM b1=192: s=3 t=3 j=3 je=3 Q=7077888 table=27000000 yh=37504
stage b2=301 vs b1={193}: values [1837517363158923337459953301, 2671084997624767126594464001), 1120835479961 candidates (MITM path)
  MITM b1=193: s=3 t=3 j=3 je=3 Q=7189057 table=27270901 yh=41101
stage b2=302 vs b1={194}: values [1905795830785729527017781248, 2841978310637314049208487936), 1234010490006 candidates (MITM path)
  MITM b1=194: s=3 t=3 j=3 je=3 Q=7301384 table=27543608 yh=44803
stage b2=303 vs b1={195}: values [1976373006067208317880888847, 3022841224505963164306640625), 1352291356688 candidates (MITM path)
  MITM b1=195: s=3 t=3 j=3 je=3 Q=7414875 table=27818127 yh=48612
stage b2=304 vs b1={196}: values [2049318306899655055957295104, 3214199700417740936751087616), 1475843159705 candidates (MITM path)
  MITM b1=196: s=3 t=3 j=3 je=3 Q=7529536 table=28094464 yh=52532
stage b2=305 vs b1={197}: values [2124703008370890559619140625, 3416604542324232545384738641), 1604834964779 candidates (MITM path)
  MITM b1=197: s=3 t=3 j=3 je=3 Q=7645373 table=28372625 yh=56563
done: 16.07s, 26332523 candidates tested
