A171740 search: n=12, threads=1, limit=none
stage b2=339 vs b1={209}: values [6795112952474838324166805739, 6946330348617183160431238081), 99633082356 candidates (MITM path)
  MITM b1=209: s=4 t=2 j=2 je=3 Q=43681 table=114921 yh=866971
stage b2=340 vs b1={210}: values [7018884363803238400000000000, 7355827511386641000000000000), 218113791037 candidates (MITM path)
  MITM b1=210: s=4 t=2 j=2 je=3 Q=44100 table=115600 yh=1886798
stage b2=341 vs b1={211}: values [7249334990994258712381121741, 7787345861668898615544483121), 342188001113 candidates (MITM path)
  MITM b1=211: s=4 t=2 j=2 je=3 Q=44521 table=116281 yh=2942768
stage b2=342 vs b1={212}: values [7486643729106643154813687808, 8241956748638414149261459456), 472030796968 candidates (MITM path)
  MITM b1=212: s=4 t=2 j=2 je=3 Q=44944 table=116964 yh=4035694
stage b2=343 vs b1={213}: values [7730993719707444524137094407, 8720778205368893309992171281), 607821309606 candidates (MITM path)
  MITM b1=213: s=4 t=2 j=2 je=3 Q=45369 table=117649 yh=5166396
stage b2=344 vs b1={214}: values [7982572438812891719395180544, 9224976748383532391296208896), 749742782654 candidates (MITM path)
  MITM b1=214: s=4 t=2 j=2 je=3 Q=45796 table=118336 yh=6335712
stage b2=345 vs b1={215}: values [8241571786385665345166015625, 9755769237612933691650390625), 897982638992 candidates (MITM path)
  MITM b1=215: s=4 t=2 j=2 je=3 Q=46225 table=119025 yh=7544488
stage b2=346 vs b1={216}: values [8508188177411469292077623296, 10314424798490535546171949056), 1052732548014 candidates (MITM path)
  MITM b1=216: s=4 t=2 j=2 je=3 Q=46656 table=119716 yh=8793583
stage b2=347 vs b1={217}: values [8782622634578054336274824003, 10902266807956484097280908961), 1214188493526 candidates (MITM path)
  MITM b1=217: s=4 t=2 j=2 je=3 Q=47089 table=120409 yh=10083869
stage b2=348 vs b1={218}: values [9065080882580120623594340352, 11520674946182735813538942976), 1382550842268 candidates (MITM path)
  MITM b1=218: s=3 t=3 j=3 je=3 Q=10360232 table=42144192 yh=32806
stage b2=349 vs b1={219}: values [9355773444073799096880141349, 12171087315874829579909431761), 1558024413078 candidates (MITM path)
  MITM b1=219: s=3 t=3 j=3 je=3 Q=10503459 table=42508549 yh=36653

*** MATCH: 11861492380089380697616863300 is an 12-digit palindrome in bases 219 and 349
stage b2=350 vs b1={220}: values [9654915737304687500000000000, 12855002631049216000000000000), 1740818546692 candidates (MITM path)
  MITM b1=220: s=3 t=3 j=3 je=3 Q=10648000 table=42875000 yh=40603
stage b2=351 vs b1={221}: values [9962728175433694563518616351, 13573982477229290545823357041), 1931147176170 candidates (MITM path)
  MITM b1=221: s=3 t=3 j=3 je=3 Q=10793861 table=43243551 yh=44658
stage b2=352 vs b1={222}: values [10279436267585226358493544448, 14329653645048357641297596416), 2129228897979 candidates (MITM path)
  MITM b1=222: s=3 t=3 j=3 je=3 Q=10941048 table=43614208 yh=48820
stage b2=353 vs b1={223}: values [10605270721642531610378603297, 15123710539293666054338805121), 2335287043693 candidates (MITM path)
  MITM b1=223: s=3 t=3 j=3 je=3 Q=11089567 table=43986977 yh=53091
stage b2=354 vs b1={224}: values [10940467548815308008476411904, 15957917665472413585874354176), 2549549752352 candidates (MITM path)
  MITM b1=224: s=3 t=3 j=3 je=3 Q=11239424 table=44361864 yh=57472
stage b2=355 vs b1={225}: values [11285268170004959241748046875, 16834112196028232574462890625), 2772250043447 candidates (MITM path)
  MITM b1=225: s=3 t=3 j=3 je=3 Q=11390625 table=44738875 yh=61966
stage b2=356 vs b1={226}: values [11639919523993182653074374656, 17754206618385148880104984576), 3003625890560 candidates (MITM path)
  MITM b1=226: s=3 t=3 j=3 je=3 Q=11543176 table=45118016 yh=66573
done: 46.87s, 47826414 candidates tested
