A171740 search: n=12, threads=1, limit=none
stage b2=313 vs b1={194}: values [2824800055000021240134845737, 2841978310637314049208487936), 18268926819 candidates (MITM path)
  MITM b1=194: s=4 t=2 j=2 je=3 Q=37636 table=97969 yh=186477
stage b2=314 vs b1={195}: values [2925675324340604967987390464, 3022841224505963164306640625), 101376195786 candidates (MITM path)
  MITM b1=195: s=4 t=2 j=2 je=3 Q=38025 table=98596 yh=1028198
stage b2=315 vs b1={196}: values [3029814862722305834326171875, 3214199700417740936751087616), 188739101228 candidates (MITM path)
  MITM b1=196: s=4 t=2 j=2 je=3 Q=38416 table=99225 yh=1902133
stage b2=316 vs b1={197}: values [3137313431470823142080905216, 3416604542324232545384738641), 280501131639 candidates (MITM path)
  MITM b1=197: s=4 t=2 j=2 je=3 Q=38809 table=99856 yh=2809057
stage b2=317 vs b1={198}: values [3248268229328068909082939333, 3630632434549265533578448896), 376809337276 candidates (MITM path)
  MITM b1=198: s=4 t=2 j=2 je=3 Q=39204 table=100489 yh=3749758
stage b2=318 vs b1={199}: values [3362778947134455039659538432, 3856887017121283350242637601), 477814392392 candidates (MITM path)
  MITM b1=199: s=4 t=2 j=2 je=3 Q=39601 table=101124 yh=4725035
stage b2=319 vs b1={200}: values [3480947823559350267570691519, 4096000000000000000000000000), 583670658104 candidates (MITM path)
  MITM b1=200: s=4 t=2 j=2 je=3 Q=40000 table=101761 yh=5735701
stage b2=320 vs b1={201}: values [3602879701896396800000000000, 4348632317396990233762642401), 694536245895 candidates (MITM path)
  MITM b1=201: s=4 t=2 j=2 je=3 Q=40401 table=102400 yh=6782581
stage b2=321 vs b1={202}: values [3728682087940588521559555521, 4615475323420547975828279296), 810573081750 candidates (MITM path)
  MITM b1=202: s=4 t=2 j=2 je=3 Q=40804 table=103041 yh=7866511
stage b2=322 vs b1={203}: values [3858465208964226558463510528, 4897252030306448390395044241), 931946970935 candidates (MITM path)
  MITM b1=203: s=3 t=3 j=3 je=3 Q=8365427 table=33386248 yh=27915
stage b2=323 vs b1={204}: values [3992342073809083968859805627, 5194718390528185623763746816), 1058827663410 candidates (MITM path)
  MITM b1=204: s=3 t=3 j=3 je=3 Q=8489664 table=33698267 yh=31421
stage b2=324 vs b1={205}: values [4130428534112329328517709824, 5508664624112838398681640625), 1191388919880 candidates (MITM path)
  MITM b1=205: s=3 t=3 j=3 je=3 Q=8615125 table=34012224 yh=35029
stage b2=325 vs b1={206}: values [4272843346683979034423828125, 5839916592521948960554356736), 1329808578495 candidates (MITM path)
  MITM b1=206: s=3 t=3 j=3 je=3 Q=8741816 table=34328125 yh=38739
stage b2=326 vs b1={207}: values [4419708237053870265154328576, 6189337220490697154402830401), 1474268622178 candidates (MITM path)
  MITM b1=207: s=3 t=3 j=3 je=3 Q=8869743 table=34645976 yh=42553
stage b2=327 vs b1={208}: values [4571147964206370729019547223, 6557827967253220516257857536), 1624955246614 candidates (MITM path)
  MITM b1=208: s=3 t=3 j=3 je=3 Q=8998912 table=34965783 yh=46473
stage b2=328 vs b1={209}: values [4727290386521267611811971072, 6946330348617183160431238081), 1782058928867 candidates (MITM path)
  MITM b1=209: s=3 t=3 j=3 je=3 Q=9129329 table=35287552 yh=50502
stage b2=329 vs b1={210}: values [4888266528939506518462919129, 7355827511386641000000000000), 1945774496652 candidates (MITM path)
  MITM b1=210: s=3 t=3 j=3 je=3 Q=9261000 table=35611289 yh=54640
stage b2=330 vs b1={211}: values [5054210651372681700000000000, 7787345861668898615544483121), 2116301198251 candidates (MITM path)
  MITM b1=211: s=3 t=3 j=3 je=3 Q=9393931 table=35937000 yh=58890
stage b2=331 vs b1={212}: values [5225260318375411481909498131, 8241956748638414149261459456), 2293842773073 candidates (MITM path)
  MITM b1=212: s=3 t=3 j=3 je=3 Q=9528128 table=36264691 yh=63253
stage b2=332 vs b1={213}: values [5401556470099967575398023168, 8720778205368893309992171281), 2478607522870 candidates (MITM path)
  MITM b1=213: s=3 t=3 j=3 je=3 Q=9663597 table=36594368 yh=67732
stage b2=333 vs b1={214}: values [5583243494552763872208758517, 9224976748383532391296208896), 2670808383595 candidates (MITM path)
  MITM b1=214: s=3 t=3 j=3 je=3 Q=9800344 table=36926037 yh=72329
stage b2=334 vs b1={215}: values [5770469301172549409712093184, 9755769237612933691650390625), 2870662997915 candidates (MITM path)
  MITM b1=215: s=3 t=3 j=3 je=3 Q=9938375 table=37259704 yh=77045
stage b2=335 vs b1={216}: values [5963385395750391459130859375, 10314424798490535546171949056), 3078393788374 candidates (MITM path)
  MITM b1=216: s=3 t=3 j=3 je=3 Q=10077696 table=37595375 yh=81883
stage b2=336 vs b1={217}: values [6162146956711778149189287936, 10902266807956484097280908961), 3294228031209 candidates (MITM path)
  MITM b1=217: s=3 t=3 j=3 je=3 Q=10218313 table=37933056 yh=86844
stage b2=337 vs b1={218}: values [6366912912781415703444512113, 11520674946182735813538942976), 3518397930820 candidates (MITM path)
  MITM b1=218: s=3 t=3 j=3 je=3 Q=10360232 table=38272753 yh=91930
stage b2=338 vs b1={219}: values [6577846022051543255362291712, 12171087315874829579909431761), 3751140694892 candidates (MITM path)
  MITM b1=219: s=3 t=3 j=3 je=3 Q=10503459 table=38614472 yh=97144
stage b2=339 vs b1={220}: values [6795112952474838324166805739, 12855002631049216000000000000), 3992698610179 candidates (MITM path)
  MITM b1=220: s=3 t=3 j=3 je=3 Q=10648000 table=38958219 yh=102487
stage b2=340 vs b1={221}: values [7018884363803238400000000000, 13573982477229290545823357041), 4243319118934 candidates (MITM path)
  MITM b1=221: s=3 t=3 j=3 je=3 Q=10793861 table=39304000 yh=107962
stage b2=341 vs b1={222}: values [7249334990994258712381121741, 14329653645048357641297596416), 4503254896007 candidates (MITM path)
  MITM b1=222: s=3 t=3 j=3 je=3 Q=10941048 table=39651821 yh=113570
stage b2=342 vs b1={223}: values [7486643729106643154813687808, 15123710539293666054338805121), 4772763926592 candidates (MITM path)
  MITM b1=223: s=3 t=3 j=3 je=3 Q=11089567 table=40001688 yh=119315
stage b2=343 vs b1={224}: values [7730993719707444524137094407, 15957917665472413585874354176), 5052109584643 candidates (MITM path)
  MITM b1=224: s=3 t=3 j=3 je=3 Q=11239424 table=40353607 yh=125196
stage b2=344 vs b1={225}: values [7982572438812891719395180544, 16834112196028232574462890625), 5341560711936 candidates (MITM path)
  MITM b1=225: s=3 t=3 j=3 je=3 Q=11390625 table=40707584 yh=131218
stage b2=345 vs b1={226}: values [8241571786385665345166015625, 17754206618385148880104984576), 5641391697810 candidates (MITM path)
  MITM b1=226: s=3 t=3 j=3 je=3 Q=11543176 table=41063625 yh=137382
stage b2=346 vs b1={227}: values [8508188177411469292077623296, 18720191467045367574023614321), 5951882559550 candidates (MITM path)
  MITM b1=227: s=3 t=3 j=3 je=3 Q=11697083 table=41421736 yh=143690
stage b2=347 vs b1={228}: values [8782622634578054336274824003, 19734138142017490453021065216), 6273319023451 candidates (MITM path)
  MITM b1=228: s=3 t=3 j=3 je=3 Q=11852352 table=41781923 yh=150145
stage b2=348 vs b1={229}: values [9065080882580120623594340352, 20798201815902925734870098641), 6605992606528 candidates (MITM path)
  MITM b1=229: s=3 t=3 j=3 je=3 Q=12008989 table=42144192 yh=156748
stage b2=349 vs b1={230}: values [9355773444073799096880141349, 21914624432020321000000000000), 6950200698906 candidates (MITM path)
  MITM b1=230: s=3 t=3 j=3 je=3 Q=12167000 table=42508549 yh=163502
stage b2=350 vs b1={231}: values [9654915737304687500000000000, 23085737796000848857434784161), 7306246646862 candidates (MITM path)
  MITM b1=231: s=3 t=3 j=3 je=3 Q=12326391 table=42875000 yh=170409
stage b2=351 vs b1={232}: values [9962728175433694563518616351, 24313966763341113270967730176), 7674439836540 candidates (MITM path)
  MITM b1=232: s=3 t=3 j=3 je=3 Q=12487168 table=43243551 yh=177471
stage b2=352 vs b1={233}: values [10279436267585226358493544448, 25601832525455335435322705761), 8055095778333 candidates (MITM path)
  MITM b1=233: s=3 t=3 j=3 je=3 Q=12649337 table=43614208 yh=184690
stage b2=353 vs b1={234}: values [10605270721642531610378603297, 26951955996824334101419462656), 8448536191924 candidates (MITM path)
  MITM b1=234: s=3 t=3 j=3 je=3 Q=12812904 table=43986977 yh=192070
stage b2=354 vs b1={235}: values [10940467548815308008476411904, 28367061305895648984619140625), 8855089092005 candidates (MITM path)
  MITM b1=235: s=3 t=3 j=3 je=3 Q=12977875 table=44361864 yh=199611
stage b2=355 vs b1={236}: values [11285268170004959241748046875, 29849979392446980130179383296), 9275088874659 candidates (MITM path)
  MITM b1=236: s=3 t=3 j=3 je=3 Q=13144256 table=44738875 yh=207317
stage b2=356 vs b1={237}: values [11639919523993182653074374656, 31403651714183943747186386481), 9708876404413 candidates (MITM path)
  MITM b1=237: s=3 t=3 j=3 je=3 Q=13312053 table=45118016 yh=215189

*** MATCH: 23568579727866461804761474194 is an 12-digit palindrome in bases 237 and 356
stage b2=357 vs b1={238}: values [12004674177479860045321072893, 33031134065402989058412384256), 10156799101959 candidates (MITM path)
  MITM b1=238: s=3 t=3 j=3 je=3 Q=13481272 table=45499293 yh=223230
stage b2=358 vs b1={239}: values [12379790436996519307878356992, 34735600510611194263176918721), 10619211032550 candidates (MITM path)
  MITM b1=239: s=3 t=3 j=3 je=3 Q=13651919 table=45882712 yh=231443
stage b2=359 vs b1={240}: values [12765532462721932175857515959, 36520347436056576000000000000), 11096472995061 candidates (MITM path)
  MITM b1=240: s=3 t=3 j=3 je=3 Q=13824000 table=46268279 yh=239829
stage b2=360 vs b1={241}: values [13162170384226713600000000000, 38388797722185519065061084481), 11588952611732 candidates (MITM path)
  MITM b1=241: s=3 t=3 j=3 je=3 Q=13997521 table=46656000 yh=248392
stage b2=361 vs b1={242}: values [13569980418174090907801371961, 40344505040107975043939700736), 12097024418573 candidates (MITM path)
  MITM b1=242: s=3 t=3 j=3 je=3 Q=14172488 table=47045881 yh=257133
stage b2=362 vs b1={243}: values [13989244988004316189622233088, 42391158275216203514294433201), 12621069956448 candidates (MITM path)
  MITM b1=243: s=3 t=3 j=3 je=3 Q=14348907 table=47437928 yh=266055
stage b2=363 vs b1={244}: values [14420252845630503161941475187, 44532586081169051256761614336), 13161477862835 candidates (MITM path)
  MITM b1=244: s=3 t=3 j=3 je=3 Q=14526784 table=47832147 yh=275160
stage b2=364 vs b1={245}: values [14863299195173980157734027264, 46772761567521097265869140625), 13718643964256 candidates (MITM path)
  MITM b1=245: s=3 t=3 j=3 je=3 Q=14706125 table=48228544 yh=284451
stage b2=365 vs b1={246}: values [15318685818767563885595703125, 49115807124344448192809865216), 14292971369387 candidates (MITM path)
  MITM b1=246: s=3 t=3 j=3 je=3 Q=14886936 table=48627125 yh=293931
stage b2=366 vs b1={247}: values [15786721204455474199101782016, 51565999387260564203827465441), 14884870562837 candidates (MITM path)
  MITM b1=247: s=3 t=3 j=3 je=3 Q=15069223 table=49027896 yh=303601
stage b2=367 vs b1={248}: values [16267720676218928340423448783, 54127774346370243244217860096), 15494759499615 candidates (MITM path)
  MITM b1=248: s=3 t=3 j=3 je=3 Q=15252992 table=49430863 yh=313464
stage b2=368 vs b1={249}: values [16762006526156773981926981632, 56805732602641806617660372001), 16123063700263 candidates (MITM path)
  MITM b1=249: s=3 t=3 j=3 je=3 Q=15438249 table=49836032 yh=323523
stage b2=369 vs b1={250}: values [17269908148850843900874319569, 59604644775390625000000000000), 16770216346670 candidates (MITM path)
  MITM b1=250: s=3 t=3 j=3 je=3 Q=15625000 table=50243409 yh=333780
stage b2=370 vs b1={251}: values [17791762177946041300000000000, 62529457064557415999535378001), 17436658378572 candidates (MITM path)
  MITM b1=251: s=3 t=3 j=3 je=3 Q=15813251 table=50653000 yh=344238
stage b2=371 vs b1={252}: values [18327912624975493645267978571, 65585296971568246764230148096), 18122838590718 candidates (MITM path)
  MITM b1=252: s=3 t=3 j=3 je=3 Q=16003008 table=51064811 yh=354899
stage b2=372 vs b1={253}: values [18878711020461444446161993728, 68777479182635902650515347441), 18829213730727 candidates (MITM path)
  MITM b1=253: s=3 t=3 j=3 je=3 Q=16194277 table=51478848 yh=365767
stage b2=373 vs b1={254}: values [19444516557322886668124300077, 72111511618440250457975689216), 19556248597618 candidates (MITM path)
  MITM b1=254: s=3 t=3 j=3 je=3 Q=16387064 table=51895117 yh=376842
stage b2=374 vs b1={255}: values [20025696236621278455959066624, 75593101654204447168212890625), 20304416141024 candidates (MITM path)
  MITM b1=255: s=3 t=3 j=3 je=3 Q=16581375 table=52313624 yh=388129
stage b2=375 vs b1={256}: values [20622625015676021575927734375, 79228162514264337593543950336), 21074197561084 candidates (MITM path)
  MITM b1=256: s=3 t=3 j=3 je=3 Q=16777216 table=52734375 yh=399630
stage b2=376 vs b1={257}: values [21235685958581725467693285376, 83022819845310162051379891201), 21866082409023 candidates (MITM path)
  MITM b1=257: s=3 t=3 j=3 je=3 Q=16974593 table=53157376 yh=411347
stage b2=377 vs b1={258}: values [21865270389159625050067741673, 86983418472562773463547252736), 22680568688405 candidates (MITM path)
  MITM b1=258: s=3 t=3 j=3 je=3 Q=17173512 table=53582633 yh=423283
stage b2=378 vs b1={259}: values [22511778046375868461571254272, 91116529343230957588293738481), 23518162957080 candidates (MITM path)
  MITM b1=259: s=3 t=3 j=3 je=3 Q=17373979 table=54010152 yh=435440
stage b2=379 vs b1={260}: values [23175617242259741753050742179, 95428956661682176000000000000), 24379380429802 candidates (MITM path)
  MITM b1=260: s=3 t=3 j=3 je=3 Q=17576000 table=54439939 yh=447822
done: 218.61s, 39850691 candidates tested
