A171740 search: n=12, threads=1, limit=none
stage b2=74 vs b1={52}: values [364375289404334925824, 390877006486250192896), 161392629 candidates (MITM path)
  MITM b1=52: s=4 t=2 j=2 je=3 Q=2704 table=5476 yh=29473
stage b2=75 vs b1={53}: values [422351360321044921875, 491258904256726154641), 387167765 candidates (MITM path)
  MITM b1=53: s=4 t=2 j=2 je=3 Q=2809 table=5625 yh=68830
stage b2=76 vs b1={54}: values [488595558857835544576, 614787626176508399616), 654863073 candidates (MITM path)
  MITM b1=54: s=3 t=3 j=3 je=3 Q=157464 table=438976 yh=1492
stage b2=77 vs b1={55}: values [564154396389137449973, 766217865410400390625), 969490268 candidates (MITM path)
  MITM b1=55: s=3 t=3 j=3 je=3 Q=166375 table=456533 yh=2124
stage b2=78 vs b1={56}: values [650190514836423555072, 951166013805414055936), 1336483271 candidates (MITM path)
  MITM b1=56: s=3 t=3 j=3 je=3 Q=175616 table=474552 yh=2817
stage b2=79 vs b1={57}: values [747993810527520928879, 1176246293903439668001), 1761721857 candidates (MITM path)
  MITM b1=57: s=3 t=3 j=3 je=3 Q=185193 table=493039 yh=3574
stage b2=80 vs b1={58}: values [858993459200000000000, 1449225352009601191936), 2251555988 candidates (MITM path)
  MITM b1=58: s=3 t=3 j=3 je=3 Q=195112 table=512000 yh=4398
stage b2=81 vs b1={59}: values [984770902183611232881, 1779197418239532716881), 2812830861 candidates (MITM path)
  MITM b1=59: s=3 t=3 j=3 je=3 Q=205379 table=531441 yh=5293
stage b2=82 vs b1={60}: values [1127073856954876807168, 2176782336000000000000), 3452912643 candidates (MITM path)
  MITM b1=60: s=3 t=3 j=3 je=3 Q=216000 table=551368 yh=6263
stage b2=83 vs b1={61}: values [1287831418538085836267, 2654348974297586158321), 4179714918 candidates (MITM path)
  MITM b1=61: s=3 t=3 j=3 je=3 Q=226981 table=571787 yh=7310
stage b2=84 vs b1={62}: values [1469170321634239709184, 3226266762397899821056), 5001725836 candidates (MITM path)
  MITM b1=62: s=3 t=3 j=3 je=3 Q=238328 table=592704 yh=8439
stage b2=85 vs b1={63}: values [1673432436896142578125, 3909188328478827879681), 5928035962 candidates (MITM path)
  MITM b1=63: s=3 t=3 j=3 je=3 Q=250047 table=614125 yh=9653
stage b2=86 vs b1={64}: values [1903193578437064103936, 4722366482869645213696), 6968366837 candidates (MITM path)
  MITM b1=64: s=3 t=3 j=3 je=3 Q=262144 table=636056 yh=10956
stage b2=87 vs b1={65}: values [2161283703465490489863, 5688009063105712890625), 8133100241 candidates (MITM path)
  MITM b1=65: s=3 t=3 j=3 je=3 Q=274625 table=658503 yh=12351
stage b2=88 vs b1={66}: values [2450808588882738675712, 6831675453247426400256), 9433308167 candidates (MITM path)
  MITM b1=66: s=3 t=3 j=3 je=3 Q=287496 table=681472 yh=13843
stage b2=89 vs b1={67}: values [2775173073766990340489, 8182718904632857144561), 10880783501 candidates (MITM path)
  MITM b1=67: s=3 t=3 j=3 je=3 Q=300763 table=704969 yh=15435
stage b2=90 vs b1={68}: values [3138105960900000000000, 9774779120406941925376), 12488071413 candidates (MITM path)
  MITM b1=68: s=3 t=3 j=3 je=3 Q=314432 table=729000 yh=17131
stage b2=91 vs b1={69}: values [3543686674874777831491, 11646329922777311412561), 14268501454 candidates (MITM path)
  MITM b1=69: s=3 t=3 j=3 je=3 Q=328509 table=753571 yh=18935
stage b2=92 vs b1={70}: values [3996373778857415671808, 13841287201000000000000), 16236220367 candidates (MITM path)
  MITM b1=70: s=3 t=3 j=3 je=3 Q=343000 table=778688 yh=20851
stage b2=93 vs b1={71}: values [4501035456767426597157, 16409682740640811134241), 18406225610 candidates (MITM path)
  MITM b1=71: s=3 t=3 j=3 je=3 Q=357911 table=804357 yh=22884

*** MATCH: 13785785445200151793320 is an 12-digit palindrome in bases 71 and 93
stage b2=94 vs b1={72}: values [5062982072492057196544, 19408409961765342806016), 20794399586 candidates (MITM path)
  MITM b1=72: s=3 t=3 j=3 je=3 Q=373248 table=830584 yh=25036
stage b2=95 vs b1={73}: values [5688000922764599609375, 22902048046490258711521), 23417544587 candidates (MITM path)
  MITM b1=73: s=3 t=3 j=3 je=3 Q=389017 table=857375 yh=27314
stage b2=96 vs b1={74}: values [6382393305518410039296, 26963771415920784510976), 26293418452 candidates (MITM path)
  MITM b1=74: s=3 t=3 j=3 je=3 Q=405224 table=884736 yh=29719
stage b2=97 vs b1={75}: values [7153014030880804126753, 31676352024078369140625), 29440770936 candidates (MITM path)
  MITM b1=75: s=3 t=3 j=3 je=3 Q=421875 table=912673 yh=32258
stage b2=98 vs b1={76}: values [8007313507497959524352, 37133262473195501387776), 32879380797 candidates (MITM path)
  MITM b1=76: s=3 t=3 j=3 je=3 Q=438976 table=941192 yh=34934
stage b2=99 vs b1={77}: values [8953382542587164451099, 43439888521963583647921), 36630093584 candidates (MITM path)
  MITM b1=77: s=3 t=3 j=3 je=3 Q=456533 table=970299 yh=37752
stage b2=100 vs b1={78}: values [10000000000000000000000, 50714860157241037295616), 40714860158 candidates (MITM path)
  MITM b1=78: s=3 t=3 j=3 je=3 Q=474552 table=1000000 yh=40715
stage b2=101 vs b1={79}: values [11156683466653165551101, 59091511031674153381441), 45156775911 candidates (MITM path)
  MITM b1=79: s=3 t=3 j=3 je=3 Q=493039 table=1030301 yh=43829
stage b2=102 vs b1={80}: values [12433743083946522728448, 68719476736000000000000), 49980120709 candidates (MITM path)
  MITM b1=80: s=3 t=3 j=3 je=3 Q=512000 table=1061208 yh=47098
done: 0.60s, 344042 candidates tested
