A171740 search: n=12, threads=1, limit=none
stage b2=377 vs b1={230}: values [21865270389159625050067741673, 21914624432020321000000000000), 17189950761 candidates (MITM path)
  MITM b1=230: s=4 t=2 j=2 je=3 Q=52900 table=142129 yh=120947
stage b2=378 vs b1={231}: values [22511778046375868461571254272, 23085737796000848857434784161), 196757202196 candidates (MITM path)
  MITM b1=231: s=4 t=2 j=2 je=3 Q=53361 table=142884 yh=1377042
stage b2=379 vs b1={232}: values [23175617242259741753050742179, 24313966763341113270967730176), 384096517331 candidates (MITM path)
  MITM b1=232: s=4 t=2 j=2 je=3 Q=53824 table=143641 yh=2674004
stage b2=380 vs b1={233}: values [23857205022355251200000000000, 25601832525455335435322705761), 579430210606 candidates (MITM path)
  MITM b1=233: s=4 t=2 j=2 je=3 Q=54289 table=144400 yh=4012675
stage b2=381 vs b1={234}: values [24556967328739840381780226181, 26951955996824334101419462656), 782985300492 candidates (MITM path)
  MITM b1=234: s=4 t=2 j=2 je=3 Q=54756 table=145161 yh=5393910
stage b2=382 vs b1={235}: values [25275339165644378498708666368, 28367061305895648984619140625), 994993579980 candidates (MITM path)
  MITM b1=235: s=4 t=2 j=2 je=3 Q=55225 table=145924 yh=6818574
stage b2=383 vs b1={236}: values [26012764767708918581052067967, 29849979392446980130179383296), 1215691687688 candidates (MITM path)
  MITM b1=236: s=4 t=2 j=2 je=3 Q=55696 table=146689 yh=8287545
stage b2=384 vs b1={237}: values [26769697770909089301459369984, 31403651714183943747186386481), 1445321179585 candidates (MITM path)
  MITM b1=237: s=4 t=2 j=2 je=3 Q=56169 table=147456 yh=9801712
stage b2=385 vs b1={238}: values [27546601386188352049462890625, 33031134065402989058412384256), 1684128601352 candidates (MITM path)
  MITM b1=238: s=4 t=2 j=2 je=3 Q=56644 table=148225 yh=11361975
stage b2=386 vs b1={239}: values [28343948575831725778577524736, 34735600510611194263176918721), 1932365561360 candidates (MITM path)
  MITM b1=239: s=4 t=2 j=2 je=3 Q=57121 table=148996 yh=12969245
stage b2=387 vs b1={240}: values [29162222232616955908481341563, 36520347436056576000000000000), 2190288804273 candidates (MITM path)
  MITM b1=240: s=3 t=3 j=3 je=3 Q=13824000 table=57960603 yh=37790
stage b2=388 vs b1={241}: values [30001915361779480272056614912, 38388797722185519065061084481), 2458160285286 candidates (MITM path)
  MITM b1=241: s=3 t=3 j=3 je=3 Q=13997521 table=58411072 yh=42084
stage b2=389 vs b1={242}: values [30863531265827924755035773789, 40344505040107975043939700736), 2736247244989 candidates (MITM path)
  MITM b1=242: s=3 t=3 j=3 je=3 Q=14172488 table=58863869 yh=46485
stage b2=390 vs b1={243}: values [31747583732247243900000000000, 42391158275216203514294433201), 3024822284856 candidates (MITM path)
  MITM b1=243: s=3 t=3 j=3 je=3 Q=14348907 table=59319000 yh=50993
stage b2=391 vs b1={244}: values [32654597224127007351927104791, 44532586081169051256761614336), 3324163443374 candidates (MITM path)
  MITM b1=244: s=3 t=3 j=3 je=3 Q=14526784 table=59776471 yh=55610
stage b2=392 vs b1={245}: values [33585107073752721624827691008, 46772761567521097265869140625), 3634554272796 candidates (MITM path)
  MITM b1=245: s=3 t=3 j=3 je=3 Q=14706125 table=60236288 yh=60339
stage b2=393 vs b1={246}: values [34539659679198468283732168857, 49115807124344448192809865216), 3956283916532 candidates (MITM path)
  MITM b1=246: s=3 t=3 j=3 je=3 Q=14886936 table=60698457 yh=65180
stage b2=394 vs b1={247}: values [35518812703959534278923577344, 51565999387260564203827465441), 4289647187172 candidates (MITM path)
  MITM b1=247: s=3 t=3 j=3 je=3 Q=15069223 table=61162984 yh=70135
stage b2=395 vs b1={248}: values [36523135279664107855419921875, 54127774346370243244217860096), 4634944645146 candidates (MITM path)
  MITM b1=248: s=3 t=3 j=3 je=3 Q=15252992 table=61629875 yh=75207
stage b2=396 vs b1={249}: values [37553208211903514205902340096, 56805732602641806617660372001), 4992482678019 candidates (MITM path)
  MITM b1=249: s=3 t=3 j=3 je=3 Q=15438249 table=62099136 yh=80396
stage b2=397 vs b1={250}: values [38609624189220868855209238453, 59604644775390625000000000000), 5362573580421 candidates (MITM path)
  MITM b1=250: s=3 t=3 j=3 je=3 Q=15625000 table=62570773 yh=85705
stage b2=398 vs b1={251}: values [39692987995298433674858903552, 62529457064557415999535378001), 5745535634621 candidates (MITM path)
  MITM b1=251: s=3 t=3 j=3 je=3 Q=15813251 table=63044792 yh=91135
stage b2=399 vs b1={252}: values [40803916724384370442551204399, 65585296971568246764230148096), 6141693191734 candidates (MITM path)
  MITM b1=252: s=3 t=3 j=3 je=3 Q=16003008 table=63521199 yh=96688
stage b2=400 vs b1={253}: values [41943040000000000000000000000, 68777479182635902650515347441), 6551376753574 candidates (MITM path)
  MITM b1=253: s=3 t=3 j=3 je=3 Q=16194277 table=64000000 yh=102366
stage b2=401 vs b1={254}: values [43111000196969091338568804401, 72111511618440250457975689216), 6974923055140 candidates (MITM path)
  MITM b1=254: s=3 t=3 j=3 je=3 Q=16387064 table=64481201 yh=108170
stage b2=402 vs b1={255}: values [44308452666811124371870107648, 75593101654204447168212890625), 7412675147754 candidates (MITM path)
  MITM b1=255: s=3 t=3 j=3 je=3 Q=16581375 table=64964808 yh=114103
stage b2=403 vs b1={256}: values [45536065966540892753630392747, 79228162514264337593543950336), 7864982482834 candidates (MITM path)
  MITM b1=256: s=3 t=3 j=3 je=3 Q=16777216 table=65450827 yh=120167
stage b2=404 vs b1={257}: values [46794522090917238883645128704, 83022819845310162051379891201), 8332200996313 candidates (MITM path)
  MITM b1=257: s=3 t=3 j=3 je=3 Q=16974593 table=65939264 yh=126362
stage b2=405 vs b1={258}: values [48084516708184142230517578125, 86983418472562773463547252736), 8814693193705 candidates (MITM path)
  MITM b1=258: s=3 t=3 j=3 je=3 Q=17173512 table=66430125 yh=132692
stage b2=406 vs b1={259}: values [49406759399347814303098771456, 91116529343230957588293738481), 9312828235815 candidates (MITM path)
  MITM b1=259: s=3 t=3 j=3 je=3 Q=17373979 table=66923416 yh=139157
stage b2=407 vs b1={260}: values [50761973901033889039170022343, 95428956661682176000000000000), 9826982025093 candidates (MITM path)
  MITM b1=260: s=3 t=3 j=3 je=3 Q=17576000 table=67419143 yh=145760
stage b2=408 vs b1={261}: values [52150898351969236066020360192, 99927745220846124633825584721), 10357537292641 candidates (MITM path)
  MITM b1=261: s=3 t=3 j=3 je=3 Q=17779581 table=67917312 yh=152503
stage b2=409 vs b1={262}: values [53574285543133366239295624009, 104620187934458937028636512256), 10904883685863 candidates (MITM path)
  MITM b1=262: s=3 t=3 j=3 je=3 Q=17984728 table=68417929 yh=159387
stage b2=410 vs b1={263}: values [55032903171624844100000000000, 109513833574845676773925608481), 11469417856766 candidates (MITM path)
  MITM b1=263: s=3 t=3 j=3 je=3 Q=18191447 table=68921000 yh=166414
stage b2=411 vs b1={264}: values [56527534098288570421020715011, 114616494721029974161197367296), 12051543550911 candidates (MITM path)
  MITM b1=264: s=3 t=3 j=3 je=3 Q=18399744 table=69426531 yh=173588
stage b2=412 vs b1={265}: values [58058976609150249860268556288, 119936255922052283847900390625), 12651671697015 candidates (MITM path)
  MITM b1=265: s=3 t=3 j=3 je=3 Q=18609625 table=69934528 yh=180908
stage b2=413 vs b1={266}: values [59628044680704813913766929637, 125481482080472289777685958656), 13270220497205 candidates (MITM path)
  MITM b1=266: s=3 t=3 j=3 je=3 Q=18821096 table=70444997 yh=188378
stage b2=414 vs b1={267}: values [61235568249106027885106264064, 131260827061126477105043503761), 13907615517919 candidates (MITM path)
  MITM b1=267: s=3 t=3 j=3 je=3 Q=19034163 table=70957944 yh=195999
stage b2=415 vs b1={268}: values [62882393483304972473974609375, 137283242530308845011443122176), 14564289781471 candidates (MITM path)
  MITM b1=268: s=3 t=3 j=3 je=3 Q=19248832 table=71473375 yh=203773
stage b2=416 vs b1={269}: values [64569383062185555852385058816, 143557987030641165766449098161), 15240683858256 candidates (MITM path)
  MITM b1=269: s=3 t=3 j=3 je=3 Q=19465109 table=71991296 yh=211702
stage b2=417 vs b1={270}: values [66297416455745680759191883233, 150094635296999121000000000000), 15937245959625 candidates (MITM path)
  MITM b1=270: s=3 t=3 j=3 je=3 Q=19683000 table=72511713 yh=219789
stage b2=418 vs b1={271}: values [68067390210373163218005624832, 156903087818962082857498424641), 16654432031398 candidates (MITM path)
  MITM b1=271: s=3 t=3 j=3 je=3 Q=19902511 table=73034632 yh=228035
stage b2=419 vs b1={272}: values [69880218238265974987208422619, 163993580655357272581489033216), 17392705848051 candidates (MITM path)
  MITM b1=272: s=3 t=3 j=3 je=3 Q=20123648 table=73560059 yh=236443

*** MATCH: 91866355120790121288913281240 is an 12-digit palindrome in bases 272 and 419
stage b2=420 vs b1={273}: values [71736832111046860800000000000, 171376695506573539304632176321), 18152539107547 candidates (MITM path)
  MITM b1=273: s=3 t=3 j=3 je=3 Q=20346417 table=74088000 yh=245014
stage b2=421 vs b1={274}: values [73638181357622863863877426621, 179063370050426074779119128576), 18934411526830 candidates (MITM path)
  MITM b1=274: s=3 t=3 j=3 je=3 Q=20570824 table=74618461 yh=253750
stage b2=422 vs b1={275}: values [75585233766340778979313276928, 187064908547461032867431640625), 19738810937975 candidates (MITM path)
  MITM b1=275: s=3 t=3 j=3 je=3 Q=20796875 table=75151448 yh=262654
stage b2=423 vs b1={276}: values [77578975691490042023332369527, 195392992721698273467801010176), 20566233385001 candidates (MITM path)
  MITM b1=276: s=3 t=3 j=3 je=3 Q=21024576 table=75686967 yh=271728
stage b2=424 vs b1={277}: values [79620412364205057441922023424, 204059692922921316864296943121), 21417183221338 candidates (MITM path)
  MITM b1=277: s=3 t=3 j=3 je=3 Q=21253933 table=76225024 yh=280974
stage b2=425 vs b1={278}: values [81710568207819461822509765625, 213077479576736094126128828416), 22292173207960 candidates (MITM path)
  MITM b1=278: s=3 t=3 j=3 je=3 Q=21484952 table=76765625 yh=290393
stage b2=426 vs b1={279}: values [83850487157725321590910642176, 222459234928734230114433331041), 23191724612178 candidates (MITM path)
  MITM b1=279: s=3 t=3 j=3 je=3 Q=21717639 table=77308776 yh=299989
stage b2=427 vs b1={280}: values [86041232985790766413028611123, 232218265089212416000000000000), 24116367307089 candidates (MITM path)
  MITM b1=280: s=3 t=3 j=3 je=3 Q=21952000 table=77854483 yh=309763
stage b2=428 vs b1={281}: values [88283889629390066997077737472, 242368312385016936196463417761), 25066639871697 candidates (MITM path)
  MITM b1=281: s=3 t=3 j=3 je=3 Q=22188041 table=78402752 yh=319717
stage b2=429 vs b1={282}: values [90579561525100676704093790229, 252923568025201628647322750976), 26043089691688 candidates (MITM path)
  MITM b1=282: s=3 t=3 j=3 je=3 Q=22425768 table=78953589 yh=329854
done: 240.59s, 67054395 candidates tested
