A171740 search: n=12, threads=1, limit=none
stage b2=311 vs b1={193}: values [2632475144332304877738303911, 2671084997624767126594464001), 42671294422 candidates (MITM path)
  MITM b1=193: s=4 t=2 j=2 je=3 Q=37249 table=96721 yh=441180
stage b2=312 vs b1={194}: values [2727096677140470662732709888, 2841978310637314049208487936), 124544065422 candidates (MITM path)
  MITM b1=194: s=4 t=2 j=2 je=3 Q=37636 table=97344 yh=1279423
stage b2=313 vs b1={195}: values [2824800055000021240134845737, 3022841224505963164306640625), 210615076941 candidates (MITM path)
  MITM b1=195: s=4 t=2 j=2 je=3 Q=38025 table=97969 yh=2149814
stage b2=314 vs b1={196}: values [2925675324340604967987390464, 3214199700417740936751087616), 301026425818 candidates (MITM path)
  MITM b1=196: s=4 t=2 j=2 je=3 Q=38416 table=98596 yh=3053131
stage b2=315 vs b1={197}: values [3029814862722305834326171875, 3416604542324232545384738641), 395923750589 candidates (MITM path)
  MITM b1=197: s=4 t=2 j=2 je=3 Q=38809 table=99225 yh=3990162
stage b2=316 vs b1={198}: values [3137313431470823142080905216, 3630632434549265533578448896), 495456293612 candidates (MITM path)
  MITM b1=198: s=4 t=2 j=2 je=3 Q=39204 table=99856 yh=4961708
stage b2=317 vs b1={199}: values [3248268229328068909082939333, 3856887017121283350242637601), 599776963822 candidates (MITM path)
  MITM b1=199: s=4 t=2 j=2 je=3 Q=39601 table=100489 yh=5968584
stage b2=318 vs b1={200}: values [3362778947134455039659538432, 4096000000000000000000000000), 709042400124 candidates (MITM path)
  MITM b1=200: s=4 t=2 j=2 je=3 Q=40000 table=101124 yh=7011614
stage b2=319 vs b1={201}: values [3480947823559350267570691519, 4348632317396990233762642401), 823413035421 candidates (MITM path)
  MITM b1=201: s=4 t=2 j=2 je=3 Q=40401 table=101761 yh=8091637
stage b2=320 vs b1={202}: values [3602879701896396800000000000, 4615475323420547975828279296), 943053161283 candidates (MITM path)
  MITM b1=202: s=3 t=3 j=3 je=3 Q=8242408 table=32768000 yh=28780
stage b2=321 vs b1={203}: values [3728682087940588521559555521, 4897252030306448390395044241), 1068130993253 candidates (MITM path)
  MITM b1=203: s=3 t=3 j=3 je=3 Q=8365427 table=33076161 yh=32294
stage b2=322 vs b1={204}: values [3858465208964226558463510528, 5194718390528185623763746816), 1198818736795 candidates (MITM path)
  MITM b1=204: s=3 t=3 j=3 je=3 Q=8489664 table=33386248 yh=35908
stage b2=323 vs b1={205}: values [3992342073809083968859805627, 5508664624112838398681640625), 1335292653879 candidates (MITM path)
  MITM b1=205: s=3 t=3 j=3 je=3 Q=8615125 table=33698267 yh=39625
stage b2=324 vs b1={206}: values [4130428534112329328517709824, 5839916592521948960554356736), 1477733130219 candidates (MITM path)
  MITM b1=206: s=3 t=3 j=3 je=3 Q=8741816 table=34012224 yh=43448
stage b2=325 vs b1={207}: values [4272843346683979034423828125, 6189337220490697154402830401), 1626324743141 candidates (MITM path)
  MITM b1=207: s=3 t=3 j=3 je=3 Q=8869743 table=34328125 yh=47376
stage b2=326 vs b1={208}: values [4419708237053870265154328576, 6557827967253220516257857536), 1781256330110 candidates (MITM path)
  MITM b1=208: s=3 t=3 j=3 je=3 Q=8998912 table=34645976 yh=51414
stage b2=327 vs b1={209}: values [4571147964206370729019547223, 6946330348617183160431238081), 1942721057892 candidates (MITM path)
  MITM b1=209: s=3 t=3 j=3 je=3 Q=9129329 table=34965783 yh=55561
stage b2=328 vs b1={210}: values [4727290386521267611811971072, 7355827511386641000000000000), 2110916492373 candidates (MITM path)
  MITM b1=210: s=3 t=3 j=3 je=3 Q=9261000 table=35287552 yh=59821
stage b2=329 vs b1={211}: values [4888266528939506518462919129, 7787345861668898615544483121), 2286044669016 candidates (MITM path)
  MITM b1=211: s=3 t=3 j=3 je=3 Q=9393931 table=35611289 yh=64195
stage b2=330 vs b1={212}: values [5054210651372681700000000000, 8241956748638414149261459456), 2468312163975 candidates (MITM path)
  MITM b1=212: s=3 t=3 j=3 je=3 Q=9528128 table=35937000 yh=68685
stage b2=331 vs b1={213}: values [5225260318375411481909498131, 8720778205368893309992171281), 2657930165856 candidates (MITM path)
  MITM b1=213: s=3 t=3 j=3 je=3 Q=9663597 table=36264691 yh=73293
stage b2=332 vs b1={214}: values [5401556470099967575398023168, 9224976748383532391296208896), 2855114548133 candidates (MITM path)
  MITM b1=214: s=3 t=3 j=3 je=3 Q=9800344 table=36594368 yh=78021
stage b2=333 vs b1={215}: values [5583243494552763872208758517, 9755769237612933691650390625), 3060085942211 candidates (MITM path)
  MITM b1=215: s=3 t=3 j=3 je=3 Q=9938375 table=36926037 yh=82871
stage b2=334 vs b1={216}: values [5770469301172549409712093184, 10314424798490535546171949056), 3273069811146 candidates (MITM path)
  MITM b1=216: s=3 t=3 j=3 je=3 Q=10077696 table=37259704 yh=87845
stage b2=335 vs b1={217}: values [5963385395750391459130859375, 10902266807956484097280908961), 3494296524016 candidates (MITM path)
  MITM b1=217: s=3 t=3 j=3 je=3 Q=10218313 table=37595375 yh=92945
stage b2=336 vs b1={218}: values [6162146956711778149189287936, 11520674946182735813538942976), 3724001430955 candidates (MITM path)
  MITM b1=218: s=3 t=3 j=3 je=3 Q=10360232 table=37933056 yh=98173
stage b2=337 vs b1={219}: values [6366912912781415703444512113, 12171087315874829579909431761), 3962424938833 candidates (MITM path)
  MITM b1=219: s=3 t=3 j=3 je=3 Q=10503459 table=38272753 yh=103532
stage b2=338 vs b1={220}: values [6577846022051543255362291712, 12855002631049216000000000000), 4209812587600 candidates (MITM path)
  MITM b1=220: s=3 t=3 j=3 je=3 Q=10648000 table=38614472 yh=109022
stage b2=339 vs b1={221}: values [6795112952474838324166805739, 13573982477229290545823357041), 4466415127286 candidates (MITM path)
  MITM b1=221: s=3 t=3 j=3 je=3 Q=10793861 table=38958219 yh=114647
stage b2=340 vs b1={222}: values [7018884363803238400000000000, 14329653645048357641297596416), 4732488595660 candidates (MITM path)
  MITM b1=222: s=3 t=3 j=3 je=3 Q=10941048 table=39304000 yh=120408
stage b2=341 vs b1={223}: values [7249334990994258712381121741, 15123710539293666054338805121), 5008294396548 candidates (MITM path)
  MITM b1=223: s=3 t=3 j=3 je=3 Q=11089567 table=39651821 yh=126307
stage b2=342 vs b1={224}: values [7486643729106643154813687808, 15957917665472413585874354176), 5294099378814 candidates (MITM path)
  MITM b1=224: s=3 t=3 j=3 je=3 Q=11239424 table=40001688 yh=132347
stage b2=343 vs b1={225}: values [7730993719707444524137094407, 16834112196028232574462890625), 5590175915997 candidates (MITM path)
  MITM b1=225: s=3 t=3 j=3 je=3 Q=11390625 table=40353607 yh=138530
stage b2=344 vs b1={226}: values [7982572438812891719395180544, 17754206618385148880104984576), 5896801986622 candidates (MITM path)
  MITM b1=226: s=3 t=3 j=3 je=3 Q=11543176 table=40707584 yh=144858
stage b2=345 vs b1={227}: values [8241571786385665345166015625, 18720191467045367574023614321), 6214261255160 candidates (MITM path)
  MITM b1=227: s=3 t=3 j=3 je=3 Q=11697083 table=41063625 yh=151333
stage b2=346 vs b1={228}: values [8508188177411469292077623296, 19734138142017490453021065216), 6542843153659 candidates (MITM path)
  MITM b1=228: s=3 t=3 j=3 je=3 Q=11852352 table=41421736 yh=157957
stage b2=347 vs b1={229}: values [8782622634578054336274824003, 20798201815902925734870098641), 6882842964042 candidates (MITM path)
  MITM b1=229: s=3 t=3 j=3 je=3 Q=12008989 table=41781923 yh=164733
stage b2=348 vs b1={230}: values [9065080882580120623594340352, 21914624432020321000000000000), 7234561901070 candidates (MITM path)
  MITM b1=230: s=3 t=3 j=3 je=3 Q=12167000 table=42144192 yh=171663
stage b2=349 vs b1={231}: values [9355773444073799096880141349, 23085737796000848857434784161), 7598307195961 candidates (MITM path)
  MITM b1=231: s=3 t=3 j=3 je=3 Q=12326391 table=42508549 yh=178748

*** MATCH: 22484296249600963077477060800 is an 12-digit palindrome in bases 231 and 349
stage b2=350 vs b1={232}: values [9654915737304687500000000000, 24313966763341113270967730176), 7974392180693 candidates (MITM path)
  MITM b1=232: s=3 t=3 j=3 je=3 Q=12487168 table=42875000 yh=185992
stage b2=351 vs b1={233}: values [9962728175433694563518616351, 25601832525455335435322705761), 8363136372964 candidates (MITM path)
  MITM b1=233: s=3 t=3 j=3 je=3 Q=12649337 table=43243551 yh=193397
stage b2=352 vs b1={234}: values [10279436267585226358493544448, 26951955996824334101419462656), 8764865561820 candidates (MITM path)
  MITM b1=234: s=3 t=3 j=3 je=3 Q=12812904 table=43614208 yh=200964
stage b2=353 vs b1={235}: values [10605270721642531610378603297, 28367061305895648984619140625), 9179911893958 candidates (MITM path)
  MITM b1=235: s=3 t=3 j=3 je=3 Q=12977875 table=43986977 yh=208697

*** MATCH: 12917006514097329461649934092 is an 12-digit palindrome in bases 235 and 353
stage b2=354 vs b1={236}: values [10940467548815308008476411904, 29849979392446980130179383296), 9608613960697 candidates (MITM path)
  MITM b1=236: s=3 t=3 j=3 je=3 Q=13144256 table=44361864 yh=216597
stage b2=355 vs b1={237}: values [11285268170004959241748046875, 31403651714183943747186386481), 10051316885617 candidates (MITM path)
  MITM b1=237: s=3 t=3 j=3 je=3 Q=13312053 table=44738875 yh=224667
stage b2=356 vs b1={238}: values [11639919523993182653074374656, 33031134065402989058412384256), 10508372412874 candidates (MITM path)
  MITM b1=238: s=3 t=3 j=3 je=3 Q=13481272 table=45118016 yh=232909
stage b2=357 vs b1={239}: values [12004674177479860045321072893, 34735600510611194263176918721), 10980138996182 candidates (MITM path)
  MITM b1=239: s=3 t=3 j=3 je=3 Q=13651919 table=45499293 yh=241326
stage b2=358 vs b1={240}: values [12379790436996519307878356992, 36520347436056576000000000000), 11466981888474 candidates (MITM path)
  MITM b1=240: s=3 t=3 j=3 je=3 Q=13824000 table=45882712 yh=249920
stage b2=359 vs b1={241}: values [12765532462721932175857515959, 38388797722185519065061084481), 11969273232231 candidates (MITM path)
  MITM b1=241: s=3 t=3 j=3 je=3 Q=13997521 table=46268279 yh=258693
done: 149.95s, 40357207 candidates tested
