A171740 search: n=12, threads=1, limit=none
stage b2=447 vs b1={269}: values [142358287315299447497245827903, 143557987030641165766449098161), 150392928804 candidates (MITM path)
  MITM b1=269: s=4 t=2 j=2 je=3 Q=72361 table=199809 yh=752684
stage b2=448 vs b1={270}: values [145900961512890638499422666752, 150094635296999121000000000000), 518712317162 candidates (MITM path)
  MITM b1=270: s=4 t=2 j=2 je=3 Q=72900 table=200704 yh=2584465
stage b2=449 vs b1={271}: values [149523602156362812588586992449, 156903087818962082857498424641), 900633396976 candidates (MITM path)
  MITM b1=271: s=4 t=2 j=2 je=3 Q=73441 table=201601 yh=4467406
stage b2=450 vs b1={272}: values [153227830122070312500000000000, 163993580655357272581489033216), 1296490173191 candidates (MITM path)
  MITM b1=272: s=4 t=2 j=2 je=3 Q=73984 table=202500 yh=6402421
stage b2=451 vs b1={273}: values [157015295424696847215234267451, 171376695506573539304632176321), 1706622746365 candidates (MITM path)
  MITM b1=273: s=4 t=2 j=2 je=3 Q=74529 table=203401 yh=8390435
stage b2=452 vs b1={274}: values [160887677674569844718827470848, 179063370050426074779119128576), 2131377391858 candidates (MITM path)
  MITM b1=274: s=4 t=2 j=2 je=3 Q=75076 table=204304 yh=10432383
stage b2=453 vs b1={275}: values [164846686541113099864560007197, 187064908547461032867431640625), 2571106639637 candidates (MITM path)
  MITM b1=275: s=4 t=2 j=2 je=3 Q=75625 table=205209 yh=12529210
stage b2=454 vs b1={276}: values [168894062222506223751543445504, 195392992721698273467801010176), 3026169354688 candidates (MITM path)
  MITM b1=276: s=4 t=2 j=2 je=3 Q=76176 table=206116 yh=14681876
stage b2=455 vs b1={277}: values [173031575921620011303271484375, 204059692922921316864296943121), 3496930818047 candidates (MITM path)
  MITM b1=277: s=4 t=2 j=2 je=3 Q=76729 table=207025 yh=16891346
stage b2=456 vs b1={278}: values [177261030328297458104329568256, 213077479576736094126128828416), 3983762808447 candidates (MITM path)
  MITM b1=278: s=4 t=2 j=2 je=3 Q=77284 table=207936 yh=19158601
stage b2=457 vs b1={279}: values [181584260108050775997625896793, 222459234928734230114433331041), 4487043684573 candidates (MITM path)
  MITM b1=279: s=4 t=2 j=2 je=3 Q=77841 table=208849 yh=21484631
stage b2=458 vs b1={280}: values [186003132397245379497877563392, 232218265089212416000000000000), 5007158467943 candidates (MITM path)
  MITM b1=280: s=4 t=2 j=2 je=3 Q=78400 table=209764 yh=23870438
stage b2=459 vs b1={281}: values [190519547304842441752783207059, 242368312385016936196463417761), 5544498926400 candidates (MITM path)
  MITM b1=281: s=3 t=3 j=3 je=3 Q=22188041 table=96702579 yh=57336
stage b2=460 vs b1={282}: values [195135438420772249600000000000, 252923568025201628647322750976), 6099463658230 candidates (MITM path)
  MITM b1=282: s=3 t=3 j=3 je=3 Q=22425768 table=97336000 yh=62665

*** MATCH: 236509413771601712717659931021 is an 12-digit palindrome in bases 282 and 460
stage b2=461 vs b1={283}: values [199852773331011222243920083061, 263898685087308495981516810961), 6672458176891 candidates (MITM path)
  MITM b1=283: s=3 t=3 j=3 je=3 Q=22665187 table=97972181 yh=68106
stage b2=462 vs b1={284}: values [204673554139436097229551679488, 275308791831202866814366253056), 7263894996370 candidates (MITM path)
  MITM b1=284: s=3 t=3 j=3 je=3 Q=22906304 table=98611128 yh=73663
stage b2=463 vs b1={285}: values [209599817996529430739834959087, 287169505347519450195556640625), 7874193717162 candidates (MITM path)
  MITM b1=285: s=3 t=3 j=3 je=3 Q=23149125 table=99252847 yh=79335
stage b2=464 vs b1={286}: values [214633637635011206805784100864, 299496945547901850804899024896), 8503781112867 candidates (MITM path)
  MITM b1=286: s=3 t=3 j=3 je=3 Q=23393656 table=99897344 yh=85126
stage b2=465 vs b1={287}: values [219777121912472001814306640625, 312307749504346137016129649281), 9153091217414 candidates (MITM path)
  MITM b1=287: s=3 t=3 j=3 je=3 Q=23639903 table=100544625 yh=91036
stage b2=466 vs b1={288}: values [225032416361083806744810735616, 325619086145088897570576531456), 9822565412910 candidates (MITM path)
  MITM b1=288: s=3 t=3 j=3 je=3 Q=23887872 table=101194696 yh=97067
stage b2=467 vs b1={289}: values [230401703744465269881211992683, 339448671314611904643504117121), 10512652518115 candidates (MITM path)
  MITM b1=289: s=3 t=3 j=3 je=3 Q=24137569 table=101847563 yh=103220
stage b2=468 vs b1={290}: values [235887204621778787349175468032, 353814783205469041000000000000), 11223808877539 candidates (MITM path)
  MITM b1=290: s=3 t=3 j=3 je=3 Q=24389000 table=102503232 yh=109498
done: 103.96s, 141903643 candidates tested
