A171740 search: n=12, threads=1, limit=none
stage b2=177 vs b1={115}: values [5342025170319974613513873, 5350250105473711181640625), 267480967 candidates (MITM path)
  MITM b1=115: s=4 t=2 j=2 je=3 Q=13225 table=31329 yh=8538
stage b2=178 vs b1={116}: values [5683554455074796217321472, 5936027041831326482169856), 7937691499 candidates (MITM path)
  MITM b1=116: s=4 t=2 j=2 je=3 Q=13456 table=31684 yh=250527
stage b2=179 vs b1={117}: values [6044819549314706693299979, 6580067382037190942729361), 16271842487 candidates (MITM path)
  MITM b1=117: s=4 t=2 j=2 je=3 Q=13689 table=32041 yh=507845
stage b2=180 vs b1={118}: values [6426841007923200000000000, 7287592625109126008344576), 25307125379 candidates (MITM path)
  MITM b1=118: s=4 t=2 j=2 je=3 Q=13924 table=32400 yh=781085
stage b2=181 vs b1={119}: values [6830686029298982514463981, 8064241715186276625588961), 35082239593 candidates (MITM path)
  MITM b1=119: s=4 t=2 j=2 je=3 Q=14161 table=32761 yh=1070854
stage b2=182 vs b1={120}: values [7257470310143544998893568, 8916100448256000000000000), 45637434700 candidates (MITM path)
  MITM b1=120: s=4 t=2 j=2 je=3 Q=14400 table=33124 yh=1377776
stage b2=183 vs b1={121}: values [7708359963113024511280167, 9849732675807611094711841), 57014553271 candidates (MITM path)
  MITM b1=121: s=3 t=3 j=3 je=3 Q=1771561 table=6128487 yh=9304
stage b2=184 vs b1={122}: values [8184573499099987295862784, 10872213398722912904482816), 69257074385 candidates (MITM path)
  MITM b1=122: s=3 t=3 j=3 je=3 Q=1815848 table=6229504 yh=11118
stage b2=185 vs b1={123}: values [8687383875950215478515625, 11991163848716906297072721), 82410157808 candidates (MITM path)
  MITM b1=123: s=3 t=3 j=3 je=3 Q=1860867 table=6331625 yh=13016

*** MATCH: 9156016332672502401357516 is an 12-digit palindrome in bases 123 and 185
done: 0.88s, 4018894 candidates tested
