A171740 search: n=12, threads=1, limit=none
stage b2=485 vs b1={290}: values [349268263226601764001611328125, 353814783205469041000000000000), 349324199284 candidates (MITM path)
  MITM b1=290: s=4 t=2 j=2 je=3 Q=84100 table=235225 yh=1485065
stage b2=486 vs b1={291}: values [357271984146678126737757198336, 368736278169776566314796884081), 870020929453 candidates (MITM path)
  MITM b1=291: s=4 t=2 j=2 je=3 Q=84681 table=236196 yh=3683471
stage b2=487 vs b1={292}: values [365442096185077415058791025463, 384232606918345112299069505536), 1408525835308 candidates (MITM path)
  MITM b1=292: s=4 t=2 j=2 je=3 Q=85264 table=237169 yh=5938913
stage b2=488 vs b1={293}: values [373781706123910725302654861312, 400323831115571027902364072401), 1965245262391 candidates (MITM path)
  MITM b1=293: s=4 t=2 j=2 je=3 Q=85849 table=238144 yh=8252341
stage b2=489 vs b1={294}: values [382293972201846658135397384889, 417030640378345864542952820736), 2540592462701 candidates (MITM path)
  MITM b1=294: s=4 t=2 j=2 je=3 Q=86436 table=239121 yh=10624715
stage b2=490 vs b1={295}: values [390982104858298804900000000000, 434374369687385917207275390625), 3134987678455 candidates (MITM path)
  MITM b1=295: s=4 t=2 j=2 je=3 Q=87025 table=240100 yh=13057009
stage b2=491 vs b1={296}: values [399849367486819482609834395891, 452377017219528840630098722816), 3748858226468 candidates (MITM path)
  MITM b1=296: s=4 t=2 j=2 je=3 Q=87616 table=241081 yh=15550202
stage b2=492 vs b1={297}: values [408899077197794430483230097408, 471061262609691461042593862241), 4382638583126 candidates (MITM path)
  MITM b1=297: s=4 t=2 j=2 je=3 Q=88209 table=242064 yh=18105289
stage b2=493 vs b1={298}: values [418134605590533958835165292757, 490450485651332023716795191296), 5036770469978 candidates (MITM path)
  MITM b1=298: s=4 t=2 j=2 je=3 Q=88804 table=243049 yh=20723272
stage b2=494 vs b1={299}: values [427559379534856823843881170944, 510568785444411275443565936401), 5711702939933 candidates (MITM path)
  MITM b1=299: s=4 t=2 j=2 je=3 Q=89401 table=244036 yh=23405166
stage b2=495 vs b1={300}: values [437176881962263889213818359375, 531441000000000000000000000000), 6407892464067 candidates (MITM path)
  MITM b1=300: s=4 t=2 j=2 je=3 Q=90000 table=245025 yh=26151995
stage b2=496 vs b1={301}: values [446990652666799428081282973696, 553092726310835924575445943601), 7125803019048 candidates (MITM path)
  MITM b1=301: s=4 t=2 j=2 je=3 Q=90601 table=246016 yh=28964796
stage b2=497 vs b1={302}: values [457004289115698715675308342353, 575550340897290317159369936896), 7865906175162 candidates (MITM path)
  MITM b1=302: s=3 t=3 j=3 je=3 Q=27543608 table=122763473 yh=64074
stage b2=498 vs b1={303}: values [467221447269921365272965629952, 598841020838364120317909320641), 8628681184966 candidates (MITM path)
  MITM b1=303: s=3 t=3 j=3 je=3 Q=27818127 table=123505992 yh=69865
stage b2=499 vs b1={304}: values [477645842414670666895611255499, 622992765297495137011017711616), 9414615072548 candidates (MITM path)
  MITM b1=304: s=3 t=3 j=3 je=3 Q=28094464 table=124251499 yh=75771
stage b2=500 vs b1={305}: values [488281250000000000000000000000, 648034417553121620683837890625), 10224202723400 candidates (MITM path)
  MITM b1=305: s=3 t=3 j=3 je=3 Q=28372625 table=125000000 yh=81794
stage b2=501 vs b1={306}: values [499131506491608208145638755501, 673995687544113646503571623936), 11057946974916 candidates (MITM path)
  MITM b1=306: s=3 t=3 j=3 je=3 Q=28652616 table=125751501 yh=87935
stage b2=502 vs b1={307}: values [510200510231926645287045634048, 700907174940351875150276622001), 11916358707499 candidates (MITM path)
  MITM b1=307: s=3 t=3 j=3 je=3 Q=28934443 table=126506008 yh=94196
stage b2=503 vs b1={308}: values [521492222311601429966591196647, 728800392748903786995238567936), 12799956936293 candidates (MITM path)
  MITM b1=308: s=3 t=3 j=3 je=3 Q=29218112 table=127263527 yh=100579
stage b2=504 vs b1={309}: values [533010667451475275290251362304, 757707791466420184947746068881), 13709268903530 candidates (MITM path)
  MITM b1=309: s=3 t=3 j=3 je=3 Q=29503629 table=128024064 yh=107084
stage b2=505 vs b1={310}: values [544759934895174099174853515625, 787662783788549761000000000000), 14644830171500 candidates (MITM path)
  MITM b1=310: s=3 t=3 j=3 je=3 Q=29791000 table=128787625 yh=113714
stage b2=506 vs b1={311}: values [556744179312404460981246765056, 818699769887346816976612516321), 15607184716138 candidates (MITM path)
  MITM b1=311: s=3 t=3 j=3 je=3 Q=30080231 table=129554216 yh=120469
stage b2=507 vs b1={312}: values [568967621713068717313312446243, 850854163267826846772605485056), 16596885021238 candidates (MITM path)
  MITM b1=312: s=3 t=3 j=3 je=3 Q=30371328 table=130323843 yh=127352
stage b2=508 vs b1={313}: values [581434550372305641487929966592, 884162417215006648162206715681), 17614492173287 candidates (MITM path)
  MITM b1=313: s=3 t=3 j=3 je=3 Q=30664297 table=131096512 yh=134363
stage b2=509 vs b1={314}: values [594149321766565107986044015109, 918662051842949959948040605696), 18660575956924 candidates (MITM path)
  MITM b1=314: s=3 t=3 j=3 je=3 Q=30959144 table=131872229 yh=141505
stage b2=510 vs b1={315}: values [607116361520826305100000000000, 954391681757526337812744140625), 19735714951024 candidates (MITM path)
  MITM b1=315: s=3 t=3 j=3 je=3 Q=31255875 table=132651000 yh=148780
stage b2=511 vs b1={316}: values [620340165367069806017523226111, 991391044344780112897566048256), 20840496625400 candidates (MITM path)
  MITM b1=316: s=3 t=3 j=3 je=3 Q=31554496 table=133432831 yh=156188
stage b2=512 vs b1={317}: values [633825300114114700748351602688, 1029701028696997844179291768561), 21975517438149 candidates (MITM path)
  MITM b1=317: s=3 t=3 j=3 je=3 Q=31855013 table=134217728 yh=163731
stage b2=513 vs b1={318}: values [647576404628932868625869313537, 1069363705188756702611733221376), 23141382933605 candidates (MITM path)
  MITM b1=318: s=3 t=3 j=3 je=3 Q=32157432 table=135005697 yh=171411
stage b2=514 vs b1={319}: values [661598190829553353623447537664, 1110422355715432735355050594561), 24338707840931 candidates (MITM path)
  MITM b1=319: s=3 t=3 j=3 je=3 Q=32461759 table=135796744 yh=179229
stage b2=515 vs b1={320}: values [675895444689670692433935546875, 1152921504606846976000000000000), 25568116173342 candidates (MITM path)
  MITM b1=320: s=3 t=3 j=3 je=3 Q=32768000 table=136590875 yh=187188
stage b2=516 vs b1={321}: values [690473027255071938191258812416, 1196906950228928915420617322241), 26830241327950 candidates (MITM path)
  MITM b1=321: s=3 t=3 j=3 je=3 Q=33076161 table=137388096 yh=195288
stage b2=517 vs b1={322}: values [705335875671998020885807527133, 1242425797286480951825250390016), 28125726186243 candidates (MITM path)
  MITM b1=322: s=3 t=3 j=3 je=3 Q=33386248 table=138188413 yh=203532
stage b2=518 vs b1={323}: values [720489004227555988960716511232, 1289526489840334121941717217521), 29455223215197 candidates (MITM path)
  MITM b1=323: s=3 t=3 j=3 je=3 Q=33698267 table=138991832 yh=211921
stage b2=519 vs b1={324}: values [735937505402299585294763053719, 1338258845052394702439737982976), 30819394569018 candidates (MITM path)
  MITM b1=324: s=3 t=3 j=3 je=3 Q=34012224 table=139798359 yh=220457
stage b2=520 vs b1={325}: values [751686550935096524800000000000, 1388674087672293186187744140625), 32218912191519 candidates (MITM path)
  MITM b1=325: s=3 t=3 j=3 je=3 Q=34328125 table=140608000 yh=229140
stage b2=521 vs b1={326}: values [767741392900401760208994397721, 1440824885279561706440311115776), 33654457919124 candidates (MITM path)
  MITM b1=326: s=3 t=3 j=3 je=3 Q=34645976 table=141420761 yh=237974
stage b2=522 vs b1={327}: values [784107364798056947318294243328, 1494765384295483228389391941921), 35126723584519 candidates (MITM path)
  MITM b1=327: s=3 t=3 j=3 je=3 Q=34965783 table=142236648 yh=246960
stage b2=523 vs b1={328}: values [800789882655737251012174233427, 1550551246778975776674326511616), 36636411120925 candidates (MITM path)
  MITM b1=328: s=3 t=3 j=3 je=3 Q=35287552 table=143055667 yh=256099
stage b2=524 vs b1={329}: values [817794446144167568834532737024, 1608239688021097644574300393441), 38184232667015 candidates (MITM path)
  MITM b1=329: s=3 t=3 j=3 je=3 Q=35611289 table=143877824 yh=265394
stage b2=525 vs b1={330}: values [835126639705231189727783203125, 1667889514952984961000000000000), 39770910672465 candidates (MITM path)
  MITM b1=330: s=3 t=3 j=3 je=3 Q=35937000 table=144703125 yh=274845
stage b2=526 vs b1={331}: values [852792133693094851836500555776, 1729561165382261200512043881361), 41397178004143 candidates (MITM path)
  MITM b1=331: s=3 t=3 j=3 je=3 Q=36264691 table=145531576 yh=284455
stage b2=527 vs b1={332}: values [870796685528475115001283375023, 1793316748073189235032143691776), 43063778052937 candidates (MITM path)
  MITM b1=332: s=3 t=3 j=3 je=3 Q=36594368 table=146363183 yh=294226
stage b2=528 vs b1={333}: values [889146140866171920765652303872, 1859220083686070369445516586161), 44771464841218 candidates (MITM path)
  MITM b1=333: s=3 t=3 j=3 je=3 Q=36926037 table=147197952 yh=304159
stage b2=529 vs b1={334}: values [907846434775996175406740561329, 1927336746591631502843839123456), 46521003130952 candidates (MITM path)
  MITM b1=334: s=3 t=3 j=3 je=3 Q=37259704 table=148035889 yh=314255

*** MATCH: 915942342307867963674050101140 is an 12-digit palindrome in bases 334 and 529
done: 358.10s, 181494408 candidates tested
