A171740 search: n=12, threads=1, limit=none
stage b2=416 vs b1={252}: values [64569383062185555852385058816, 65585296971568246764230148096), 196018437373 candidates (MITM path)
  MITM b1=252: s=4 t=2 j=2 je=3 Q=63504 table=173056 yh=1132688
stage b2=417 vs b1={253}: values [66297416455745680759191883233, 68777479182635902650515347441), 471678776699 candidates (MITM path)
  MITM b1=253: s=4 t=2 j=2 je=3 Q=64009 table=173889 yh=2712528
stage b2=418 vs b1={254}: values [68067390210373163218005624832, 72111511618440250457975689216), 758169822836 candidates (MITM path)
  MITM b1=254: s=4 t=2 j=2 je=3 Q=64516 table=174724 yh=4339243
stage b2=419 vs b1={255}: values [69880218238265974987208422619, 75593101654204447168212890625), 1055774634396 candidates (MITM path)
  MITM b1=255: s=4 t=2 j=2 je=3 Q=65025 table=175561 yh=6013720
stage b2=420 vs b1={256}: values [71736832111046860800000000000, 79228162514264337593543950336), 1364781759808 candidates (MITM path)
  MITM b1=256: s=4 t=2 j=2 je=3 Q=65536 table=176400 yh=7736859
stage b2=421 vs b1={257}: values [73638181357622863863877426621, 83022819845310162051379891201), 1685485312948 candidates (MITM path)
  MITM b1=257: s=4 t=2 j=2 je=3 Q=66049 table=177241 yh=9509568
stage b2=422 vs b1={258}: values [75585233766340778979313276928, 86983418472562773463547252736), 2018185049374 candidates (MITM path)
  MITM b1=258: s=4 t=2 j=2 je=3 Q=66564 table=178084 yh=11332771
stage b2=423 vs b1={259}: values [77578975691490042023332369527, 91116529343230957588293738481), 2363186443192 candidates (MITM path)
  MITM b1=259: s=4 t=2 j=2 je=3 Q=67081 table=178929 yh=13207398
stage b2=424 vs b1={260}: values [79620412364205057441922023424, 95428956661682176000000000000), 2720800764530 candidates (MITM path)
  MITM b1=260: s=4 t=2 j=2 je=3 Q=67600 table=179776 yh=15134394
stage b2=425 vs b1={261}: values [81710568207819461822509765625, 99927745220846124633825584721), 3091345157641 candidates (MITM path)
  MITM b1=261: s=4 t=2 j=2 je=3 Q=68121 table=180625 yh=17114714
stage b2=426 vs b1={262}: values [83850487157725321590910642176, 104620187934458937028636512256), 3475142719615 candidates (MITM path)
  MITM b1=262: s=4 t=2 j=2 je=3 Q=68644 table=181476 yh=19149324
stage b2=427 vs b1={263}: values [86041232985790766413028611123, 109513833574845676773925608481), 3872522579729 candidates (MITM path)
  MITM b1=263: s=3 t=3 j=3 je=3 Q=18191447 table=77854483 yh=49741
stage b2=428 vs b1={264}: values [88283889629390066997077737472, 114616494721029974161197367296), 4283819979406 candidates (MITM path)
  MITM b1=264: s=3 t=3 j=3 je=3 Q=18399744 table=78402752 yh=54639
stage b2=429 vs b1={265}: values [90579561525100676704093790229, 119936255922052283847900390625), 4709376352806 candidates (MITM path)
  MITM b1=265: s=3 t=3 j=3 je=3 Q=18609625 table=78953589 yh=59648
stage b2=430 vs b1={266}: values [92929373947122270700000000000, 125481482080472289777685958656), 5149539408040 candidates (MITM path)
  MITM b1=266: s=3 t=3 j=3 je=3 Q=18821096 table=79507000 yh=64769
stage b2=431 vs b1={267}: values [95334473350473334338476729231, 131260827061126477105043503761), 5604663209011 candidates (MITM path)
  MITM b1=267: s=3 t=3 j=3 je=3 Q=19034163 table=80062991 yh=70004

*** MATCH: 121321435252424159121380595648 is an 12-digit palindrome in bases 267 and 431
stage b2=432 vs b1={268}: values [97796027719021374067408109568, 137283242530308845011443122176), 6075108257882 candidates (MITM path)
  MITM b1=268: s=3 t=3 j=3 je=3 Q=19248832 table=80621568 yh=75354
stage b2=433 vs b1={269}: values [100315226918403349419823702417, 143557987030641165766449098161), 6561241578170 candidates (MITM path)
  MITM b1=269: s=3 t=3 j=3 je=3 Q=19465109 table=81182737 yh=80821
stage b2=434 vs b1={270}: values [102893283053893453600144246784, 150094635296999121000000000000), 7063436798474 candidates (MITM path)
  MITM b1=270: s=3 t=3 j=3 je=3 Q=19683000 table=81746504 yh=86407
stage b2=435 vs b1={271}: values [105531430833275902825341796875, 156903087818962082857498424641), 7582074236828 candidates (MITM path)
  MITM b1=271: s=3 t=3 j=3 je=3 Q=19902511 table=82312875 yh=92113
stage b2=436 vs b1={272}: values [108230927934780930945540161536, 163993580655357272581489033216), 8117540985692 candidates (MITM path)
  MITM b1=272: s=3 t=3 j=3 je=3 Q=20123648 table=82881856 yh=97942
stage b2=437 vs b1={273}: values [110993055380142725966855596013, 171376695506573539304632176321), 8670230997564 candidates (MITM path)
  MITM b1=273: s=3 t=3 j=3 je=3 Q=20346417 table=83453453 yh=103894
stage b2=438 vs b1={274}: values [113819117912838588948194138112, 179063370050426074779119128576), 9240545171238 candidates (MITM path)
  MITM b1=274: s=3 t=3 j=3 je=3 Q=20570824 table=84027672 yh=109971
stage b2=439 vs b1={275}: values [116710444381569143360604716839, 187064908547461032867431640625), 9828891438687 candidates (MITM path)
  MITM b1=275: s=3 t=3 j=3 je=3 Q=20796875 table=84604519 yh=116175
stage b2=440 vs b1={276}: values [119668388129039974400000000000, 195392992721698273467801010176), 10435684852585 candidates (MITM path)
  MITM b1=276: s=3 t=3 j=3 je=3 Q=21024576 table=85184000 yh=122508
done: 82.80s, 107872544 candidates tested
