A171740 search: n=12, threads=1, limit=none
stage b2=137 vs b1={91}: values [319099584516184696444313, 322475487413604782665681), 510583227 candidates (MITM path)
  MITM b1=91: s=4 t=2 j=2 je=3 Q=8281 table=18769 yh=27204
stage b2=138 vs b1={92}: values [345676575099245416998912, 367666387654882241806336), 3183809022 candidates (MITM path)
  MITM b1=92: s=4 t=2 j=2 je=3 Q=8464 table=19044 yh=167182
stage b2=139 vs b1={93}: values [374250856383374715683539, 418596297479370673535601), 6148372588 candidates (MITM path)
  MITM b1=93: s=4 t=2 j=2 je=3 Q=8649 table=19321 yh=318223
stage b2=140 vs b1={94}: values [404956516966400000000000, 475920314814253376475136), 9424723894 candidates (MITM path)
  MITM b1=94: s=4 t=2 j=2 je=3 Q=8836 table=19600 yh=480854
stage b2=141 vs b1={95}: values [437935588474487527439541, 540360087662636962890625), 13034343837 candidates (MITM path)
  MITM b1=95: s=4 t=2 j=2 je=3 Q=9025 table=19881 yh=655619
stage b2=142 vs b1={96}: values [473338454265244805675008, 612709757329767363772416), 16999779733 candidates (MITM path)
  MITM b1=96: s=3 t=3 j=3 je=3 Q=884736 table=2863288 yh=5938
stage b2=143 vs b1={97}: values [511324276025564512546607, 693842360995438000295041), 21344681493 candidates (MITM path)
  MITM b1=97: s=3 t=3 j=3 je=3 Q=912673 table=2924207 yh=7300
stage b2=144 vs b1={98}: values [552061438912436417593344, 784716723734800033386496), 26093838464 candidates (MITM path)
  MITM b1=98: s=3 t=3 j=3 je=3 Q=941192 table=2985984 yh=8739
stage b2=145 vs b1={99}: values [595728015903604931640625, 886384871716129280658801), 31273216963 candidates (MITM path)
  MITM b1=99: s=3 t=3 j=3 je=3 Q=970299 table=3048625 yh=10259
stage b2=146 vs b1={100}: values [642512252044000682756096, 1000000000000000000000000), 36909998477 candidates (MITM path)
  MITM b1=100: s=3 t=3 j=3 je=3 Q=1000000 table=3112136 yh=11861
stage b2=147 vs b1={101}: values [692613069293330583916203, 1126825030131969720661201), 43032618555 candidates (MITM path)
  MITM b1=101: s=3 t=3 j=3 je=3 Q=1030301 table=3176523 yh=13548
stage b2=148 vs b1={102}: values [746240592700077928087552, 1268241794562545318301696), 49670806376 candidates (MITM path)
  MITM b1=102: s=3 t=3 j=3 je=3 Q=1061208 table=3241792 yh=15323
stage b2=149 vs b1={103}: values [803616698647447868139149, 1425760886846178945447841), 56855625004 candidates (MITM path)
  MITM b1=103: s=3 t=3 j=3 je=3 Q=1092727 table=3307949 yh=17188
stage b2=150 vs b1={104}: values [864975585937500000000000, 1601032218567680790102016), 64619512330 candidates (MITM path)
  MITM b1=104: s=3 t=3 j=3 je=3 Q=1124864 table=3375000 yh=19147
stage b2=151 vs b1={105}: values [930564370500844495614151, 1795856326022129150390625), 72996322697 candidates (MITM path)
  MITM b1=105: s=3 t=3 j=3 je=3 Q=1157625 table=3442951 yh=21202
stage b2=152 vs b1={106}: values [1000643704540847195291648, 2012196471835550329409536), 82021369213 candidates (MITM path)
  MITM b1=106: s=3 t=3 j=3 je=3 Q=1191016 table=3511808 yh=23356
stage b2=153 vs b1={107}: values [1075488420943298174695497, 2252191588960823337718801), 91731466757 candidates (MITM path)
  MITM b1=107: s=3 t=3 j=3 je=3 Q=1225043 table=3581577 yh=25613
stage b2=154 vs b1={108}: values [1155388203804953497544704, 2518170116818978404827136), 102164975670 candidates (MITM path)
  MITM b1=108: s=3 t=3 j=3 je=3 Q=1259712 table=3652264 yh=27974

*** MATCH: 1610678721828788888563365 is an 12-digit palindrome in bases 108 and 154
stage b2=155 vs b1={109}: values [1240648285957267138671875, 2812664781782894485727281), 113361846139 candidates (MITM path)
  MITM b1=109: s=3 t=3 j=3 je=3 Q=1295029 table=3723875 yh=30442
stage b2=156 vs b1={110}: values [1331590174384995440787456, 3138428376721000000000000), 125363663272 candidates (MITM path)
  MITM b1=110: s=3 t=3 j=3 je=3 Q=1331000 table=3796416 yh=33022
stage b2=157 vs b1={111}: values [1428552404463186019525093, 3498450596935634189769921), 138213692868 candidates (MITM path)
  MITM b1=111: s=3 t=3 j=3 je=3 Q=1367631 table=3869893 yh=35716
stage b2=158 vs b1={112}: values [1531891323960362862344192, 3895975992546975973113856), 151956927879 candidates (MITM path)
  MITM b1=112: s=3 t=3 j=3 je=3 Q=1404928 table=3944312 yh=38526
done: 2.85s, 1854596 candidates tested
