A171740 search: n=12, threads=1, limit=none
stage b2=90 vs b1={62}: values [3138105960900000000000, 3226266762397899821056), 165890102 candidates (MITM path)
  MITM b1=62: s=4 t=2 j=2 je=3 Q=3844 table=8100 yh=20481
stage b2=91 vs b1={63}: values [3543686674874777831491, 3909188328478827879681), 643636986 candidates (MITM path)
  MITM b1=63: s=4 t=2 j=2 je=3 Q=3969 table=8281 yh=77725
stage b2=92 vs b1={64}: values [3996373778857415671808, 4722366482869645213696), 1197306368 candidates (MITM path)
  MITM b1=64: s=4 t=2 j=2 je=3 Q=4096 table=8464 yh=141459
stage b2=93 vs b1={65}: values [4501035456767426597157, 5688009063105712890625), 1834608371 candidates (MITM path)
  MITM b1=65: s=3 t=3 j=3 je=3 Q=274625 table=804357 yh=2281
stage b2=94 vs b1={66}: values [5062982072492057196544, 6831675453247426400256), 2563807590 candidates (MITM path)
  MITM b1=66: s=3 t=3 j=3 je=3 Q=287496 table=830584 yh=3087
stage b2=95 vs b1={67}: values [5688000922764599609375, 8182718904632857144561), 3393749835 candidates (MITM path)
  MITM b1=67: s=3 t=3 j=3 je=3 Q=300763 table=857375 yh=3959
stage b2=96 vs b1={68}: values [6382393305518410039296, 9774779120406941925376), 4333889563 candidates (MITM path)
  MITM b1=68: s=3 t=3 j=3 je=3 Q=314432 table=884736 yh=4899
stage b2=97 vs b1={69}: values [7153014030880804126753, 11646329922777311412561), 5394318015 candidates (MITM path)
  MITM b1=69: s=3 t=3 j=3 je=3 Q=328509 table=912673 yh=5911
stage b2=98 vs b1={70}: values [8007313507497959524352, 13841287201000000000000), 6585792033 candidates (MITM path)
  MITM b1=70: s=3 t=3 j=3 je=3 Q=343000 table=941192 yh=6998
stage b2=99 vs b1={71}: values [8953382542587164451099, 16409682740640811134241), 7919763580 candidates (MITM path)
  MITM b1=71: s=3 t=3 j=3 je=3 Q=357911 table=970299 yh=8163
stage b2=100 vs b1={72}: values [10000000000000000000000, 19408409961765342806016), 9408409962 candidates (MITM path)
  MITM b1=72: s=3 t=3 j=3 je=3 Q=373248 table=1000000 yh=9409
stage b2=101 vs b1={73}: values [11156683466653165551101, 22902048046490258711521), 11064664739 candidates (MITM path)
  MITM b1=73: s=3 t=3 j=3 je=3 Q=389017 table=1030301 yh=10740
stage b2=102 vs b1={74}: values [12433743083946522728448, 26963771415920784510976), 12902249342 candidates (MITM path)
  MITM b1=74: s=3 t=3 j=3 je=3 Q=405224 table=1061208 yh=12159
stage b2=103 vs b1={75}: values [13842338707244455781047, 31676352024078369140625), 14935705387 candidates (MITM path)
  MITM b1=75: s=3 t=3 j=3 je=3 Q=421875 table=1092727 yh=13669
stage b2=104 vs b1={76}: values [15394540563150776827904, 37133262473195501387776), 17180427697 candidates (MITM path)
  MITM b1=76: s=3 t=3 j=3 je=3 Q=438976 table=1124864 yh=15274
stage b2=105 vs b1={77}: values [17103393581163134765625, 43439888521963583647921), 19652698019 candidates (MITM path)
  MITM b1=77: s=3 t=3 j=3 je=3 Q=456533 table=1157625 yh=16977
stage b2=106 vs b1={78}: values [18982985583354248390656, 50714860157241037295616), 22369719449 candidates (MITM path)
  MITM b1=78: s=3 t=3 j=3 je=3 Q=474552 table=1191016 yh=18783
stage b2=107 vs b1={79}: values [21048519522998348950643, 59091511031674153381441), 25349651563 candidates (MITM path)
  MITM b1=79: s=3 t=3 j=3 je=3 Q=493039 table=1225043 yh=20693

*** MATCH: 47747289752195135456160 is an 12-digit palindrome in bases 79 and 107
stage b2=108 vs b1={80}: values [23316389970546096340992, 68719476736000000000000), 28611646247 candidates (MITM path)
  MITM b1=80: s=3 t=3 j=3 je=3 Q=512000 table=1259712 yh=22713
stage b2=109 vs b1={81}: values [25804264053054077850709, 79766443076872509863361), 32175884240 candidates (MITM path)
  MITM b1=81: s=3 t=3 j=3 je=3 Q=531441 table=1295029 yh=24846
stage b2=110 vs b1={82}: values [28531167061100000000000, 92420056270299898187776), 36063612379 candidates (MITM path)
  MITM b1=82: s=3 t=3 j=3 je=3 Q=551368 table=1331000 yh=27096
stage b2=111 vs b1={83}: values [31517572945366073781711, 106890007738661124410161), 40297181556 candidates (MITM path)
  MITM b1=83: s=3 t=3 j=3 je=3 Q=571787 table=1367631 yh=29465
stage b2=112 vs b1={84}: values [34785499933455142617088, 123410307017276135571456), 44900085378 candidates (MITM path)
  MITM b1=84: s=3 t=3 j=3 je=3 Q=592704 table=1404928 yh=31959
stage b2=113 vs b1={85}: values [38358611506121121577937, 142241757136172119140625), 49896999535 candidates (MITM path)
  MITM b1=85: s=3 t=3 j=3 je=3 Q=614125 table=1442897 yh=34582
stage b2=114 vs b1={86}: values [42262322980951656843264, 163674647745587512938496), 55313821886 candidates (MITM path)
  MITM b1=86: s=3 t=3 j=3 je=3 Q=636056 table=1481544 yh=37336
stage b2=115 vs b1={87}: values [46523913960640966796875, 188031682201497672618081), 61177713247 candidates (MITM path)
  MITM b1=87: s=3 t=3 j=3 je=3 Q=658503 table=1520875 yh=40226
done: 0.79s, 433154 candidates tested
