A171740 search: n=12, threads=1, limit=none
stage b2=207 vs b1={133}: values [29900179809133802678274543, 30635127461052805121505361), 9341881069 candidates (MITM path)
  MITM b1=133: s=4 t=2 j=2 je=3 Q=17689 table=42849 yh=218019
stage b2=208 vs b1={134}: values [31528019073332790943547392, 33516416633376182864121856), 24554054292 candidates (MITM path)
  MITM b1=134: s=4 t=2 j=2 je=3 Q=17956 table=43264 yh=567541
stage b2=209 vs b1={135}: values [33236030376158771102541809, 36644198070556426025390625), 40892460123 candidates (MITM path)
  MITM b1=135: s=4 t=2 j=2 je=3 Q=18225 table=43681 yh=936162
stage b2=210 vs b1={136}: values [35027750054222100000000000, 40037495277186834126340096), 58411703416 candidates (MITM path)
  MITM b1=136: s=4 t=2 j=2 je=3 Q=18496 table=44100 yh=1324529
stage b2=211 vs b1={137}: values [36906852424971083485992811, 43716643078717303412870881), 77168317116 candidates (MITM path)
  MITM b1=137: s=4 t=2 j=2 je=3 Q=18769 table=44521 yh=1733302
stage b2=212 vs b1={138}: values [38877154474709500704063488, 47703367363695867545849856), 97220809504 candidates (MITM path)
  MITM b1=138: s=4 t=2 j=2 je=3 Q=19044 table=44944 yh=2163155
stage b2=213 vs b1={139}: values [40942620682483067183061837, 52020869037289085480011921), 118629712095 candidates (MITM path)
  MITM b1=139: s=3 t=3 j=3 je=3 Q=2685619 table=9663597 yh=12276
stage b2=214 vs b1={140}: values [43107367983100618650916864, 56693912375296000000000000), 141457628192 candidates (MITM path)
  MITM b1=140: s=3 t=3 j=3 je=3 Q=2744000 table=9800344 yh=14434
stage b2=215 vs b1={141}: values [45375670872618296240234375, 61748917974902741368975281), 165769282104 candidates (MITM path)
  MITM b1=141: s=3 t=3 j=3 je=3 Q=2803221 table=9938375 yh=16680
stage b2=216 vs b1={142}: values [47751966659678405306351616, 67214060505664762405851136), 191631569021 candidates (MITM path)
  MITM b1=142: s=3 t=3 j=3 je=3 Q=2863288 table=10077696 yh=19016
stage b2=217 vs b1={143}: values [50240860866158912890695433, 73119371471655725294164801), 219113605557 candidates (MITM path)
  MITM b1=143: s=3 t=3 j=3 je=3 Q=2924207 table=10218313 yh=21444
stage b2=218 vs b1={144}: values [52847132780654751438252032, 79496847203390844133441536), 248286780953 candidates (MITM path)
  MITM b1=144: s=3 t=3 j=3 je=3 Q=2985984 table=10360232 yh=23966
stage b2=219 vs b1={145}: values [55575741168378217259860419, 86380562306022715087890625), 279224808943 candidates (MITM path)
  MITM b1=145: s=3 t=3 j=3 je=3 Q=3048625 table=10503459 yh=26585
stage b2=220 vs b1={146}: values [58431830141132800000000000, 93806788798424099682390016), 312003780294 candidates (MITM path)
  MITM b1=146: s=3 t=3 j=3 je=3 Q=3112136 table=10648000 yh=29302
stage b2=221 vs b1={147}: values [61420735191082762650784421, 101814121186119595835681841), 346702216004 candidates (MITM path)
  MITM b1=147: s=3 t=3 j=3 je=3 Q=3176523 table=10793861 yh=32121

*** MATCH: 67139648620772030683501980 is an 12-digit palindrome in bases 147 and 221
stage b2=222 vs b1={148}: values [64547989392109719104944128, 110443607719611533356957696), 383401121179 candidates (MITM path)
  MITM b1=148: s=3 t=3 j=3 je=3 Q=3241792 table=10941048 yh=35043
done: 6.15s, 7112938 candidates tested
