A171740 search: n=12, threads=1, limit=none
stage b2=364 vs b1={223}: values [14863299195173980157734027264, 15123710539293666054338805121), 111957088858 candidates (MITM path)
  MITM b1=223: s=4 t=2 j=2 je=3 Q=49729 table=132496 yh=844985
stage b2=365 vs b1={224}: values [15318685818767563885595703125, 15957917665472413585874354176), 270334340039 candidates (MITM path)
  MITM b1=224: s=4 t=2 j=2 je=3 Q=50176 table=133225 yh=2029157
stage b2=366 vs b1={225}: values [15786721204455474199101782016, 16834112196028232574462890625), 435734875886 candidates (MITM path)
  MITM b1=225: s=4 t=2 j=2 je=3 Q=50625 table=133956 yh=3252821
stage b2=367 vs b1={226}: values [16267720676218928340423448783, 17754206618385148880104984576), 608365280570 candidates (MITM path)
  MITM b1=226: s=4 t=2 j=2 je=3 Q=51076 table=134689 yh=4516815
stage b2=368 vs b1={227}: values [16762006526156773981926981632, 18720191467045367574023614321), 788436632459 candidates (MITM path)
  MITM b1=227: s=4 t=2 j=2 je=3 Q=51529 table=135424 yh=5821987
stage b2=369 vs b1={228}: values [17269908148850843900874319569, 19734138142017490453021065216), 976164573266 candidates (MITM path)
  MITM b1=228: s=4 t=2 j=2 je=3 Q=51984 table=136161 yh=7169194
stage b2=370 vs b1={229}: values [17791762177946041300000000000, 20798201815902925734870098641), 1171769377831 candidates (MITM path)
  MITM b1=229: s=4 t=2 j=2 je=3 Q=52441 table=136900 yh=8559309
stage b2=371 vs b1={230}: values [18327912624975493645267978571, 21914624432020321000000000000), 1375476024525 candidates (MITM path)
  MITM b1=230: s=4 t=2 j=2 je=3 Q=52900 table=137641 yh=9993215
stage b2=372 vs b1={231}: values [18878711020461444446161993728, 23085737796000848857434784161), 1587514266286 candidates (MITM path)
  MITM b1=231: s=4 t=2 j=2 je=3 Q=53361 table=138384 yh=11471806
stage b2=373 vs b1={232}: values [19444516557322886668124300077, 24313966763341113270967730176), 1808118702275 candidates (MITM path)
  MITM b1=232: s=3 t=3 j=3 je=3 Q=12487168 table=51895117 yh=34842
stage b2=374 vs b1={233}: values [20025696236621278455959066624, 25601832525455335435322705761), 2037528850173 candidates (MITM path)
  MITM b1=233: s=3 t=3 j=3 je=3 Q=12649337 table=52313624 yh=38949
stage b2=375 vs b1={234}: values [20622625015676021575927734375, 26951955996824334101419462656), 2275989219098 candidates (MITM path)
  MITM b1=234: s=3 t=3 j=3 je=3 Q=12812904 table=52734375 yh=43160
stage b2=376 vs b1={235}: values [21235685958581725467693285376, 28367061305895648984619140625), 2523749383163 candidates (MITM path)
  MITM b1=235: s=3 t=3 j=3 je=3 Q=12977875 table=53157376 yh=47477
stage b2=377 vs b1={236}: values [21865270389159625050067741673, 29849979392446980130179383296), 2781064055662 candidates (MITM path)
  MITM b1=236: s=3 t=3 j=3 je=3 Q=13144256 table=53582633 yh=51903
stage b2=378 vs b1={237}: values [22511778046375868461571254272, 31403651714183943747186386481), 3048193163888 candidates (MITM path)
  MITM b1=237: s=3 t=3 j=3 je=3 Q=13312053 table=54010152 yh=56438
stage b2=379 vs b1={238}: values [23175617242259741753050742179, 33031134065402989058412384256), 3325401924595 candidates (MITM path)
  MITM b1=238: s=3 t=3 j=3 je=3 Q=13481272 table=54439939 yh=61084
stage b2=380 vs b1={239}: values [23857205022355251200000000000, 34735600510611194263176918721), 3612960920086 candidates (MITM path)
  MITM b1=239: s=3 t=3 j=3 je=3 Q=13651919 table=54872000 yh=65844
stage b2=381 vs b1={240}: values [24556967328739840381780226181, 36520347436056576000000000000), 3911146174947 candidates (MITM path)
  MITM b1=240: s=3 t=3 j=3 je=3 Q=13824000 table=55306341 yh=70718
stage b2=382 vs b1={241}: values [25275339165644378498708666368, 38388797722185519065061084481), 4220239233410 candidates (MITM path)
  MITM b1=241: s=3 t=3 j=3 je=3 Q=13997521 table=55742968 yh=75709
stage b2=383 vs b1={242}: values [26012764767708918581052067967, 40344505040107975043939700736), 4540527237368 candidates (MITM path)
  MITM b1=242: s=3 t=3 j=3 je=3 Q=14172488 table=56181887 yh=80819
stage b2=384 vs b1={243}: values [26769697770909089301459369984, 42391158275216203514294433201), 4872303005015 candidates (MITM path)
  MITM b1=243: s=3 t=3 j=3 je=3 Q=14348907 table=56623104 yh=86048
stage b2=385 vs b1={244}: values [27546601386188352049462890625, 44532586081169051256761614336), 5215865110142 candidates (MITM path)
  MITM b1=244: s=3 t=3 j=3 je=3 Q=14526784 table=57066625 yh=91400
stage b2=386 vs b1={245}: values [28343948575831725778577524736, 46772761567521097265869140625), 5571517962063 candidates (MITM path)
  MITM b1=245: s=3 t=3 j=3 je=3 Q=14706125 table=57512456 yh=96875
stage b2=387 vs b1={246}: values [29162222232616955908481341563, 49115807124344448192809865216), 5939571886194 candidates (MITM path)
  MITM b1=246: s=3 t=3 j=3 je=3 Q=14886936 table=57960603 yh=102477
stage b2=388 vs b1={247}: values [30001915361779480272056614912, 51565999387260564203827465441), 6320343205271 candidates (MITM path)
  MITM b1=247: s=3 t=3 j=3 je=3 Q=15069223 table=58411072 yh=108205
stage b2=389 vs b1={248}: values [30863531265827924755035773789, 54127774346370243244217860096), 6714154321211 candidates (MITM path)
  MITM b1=248: s=3 t=3 j=3 je=3 Q=15252992 table=58863869 yh=114063
stage b2=390 vs b1={249}: values [31747583732247243900000000000, 56805732602641806617660372001), 7121333797626 candidates (MITM path)
  MITM b1=249: s=3 t=3 j=3 je=3 Q=15438249 table=59319000 yh=120052
stage b2=391 vs b1={250}: values [32654597224127007351927104791, 59604644775390625000000000000), 7542216442978 candidates (MITM path)
  MITM b1=250: s=3 t=3 j=3 je=3 Q=15625000 table=59776471 yh=126174
stage b2=392 vs b1={251}: values [33585107073752721624827691008, 62529457064557415999535378001), 7977143394384 candidates (MITM path)
  MITM b1=251: s=3 t=3 j=3 je=3 Q=15813251 table=60236288 yh=132431
stage b2=393 vs b1={252}: values [34539659679198468283732168857, 65585296971568246764230148096), 8426462202067 candidates (MITM path)
  MITM b1=252: s=3 t=3 j=3 je=3 Q=16003008 table=60698457 yh=138825
stage b2=394 vs b1={253}: values [35518812703959534278923577344, 68777479182635902650515347441), 8890526914466 candidates (MITM path)
  MITM b1=253: s=3 t=3 j=3 je=3 Q=16194277 table=61162984 yh=145358
stage b2=395 vs b1={254}: values [36523135279664107855419921875, 72111511618440250457975689216), 9369698163980 candidates (MITM path)
  MITM b1=254: s=3 t=3 j=3 je=3 Q=16387064 table=61629875 yh=152032
stage b2=396 vs b1={255}: values [37553208211903514205902340096, 75593101654204447168212890625), 9864343253382 candidates (MITM path)
  MITM b1=255: s=3 t=3 j=3 je=3 Q=16581375 table=62099136 yh=158849
stage b2=397 vs b1={256}: values [38609624189220868855209238453, 79228162514264337593543950336), 10374836242869 candidates (MITM path)
  MITM b1=256: s=3 t=3 j=3 je=3 Q=16777216 table=62570773 yh=165810
stage b2=398 vs b1={257}: values [39692987995298433674858903552, 83022819845310162051379891201), 10901558037774 candidates (MITM path)
  MITM b1=257: s=3 t=3 j=3 je=3 Q=16974593 table=63044792 yh=172918
stage b2=399 vs b1={258}: values [40803916724384370442551204399, 86983418472562773463547252736), 11444896476929 candidates (MITM path)
  MITM b1=258: s=3 t=3 j=3 je=3 Q=17173512 table=63521199 yh=180175
stage b2=400 vs b1={259}: values [41943040000000000000000000000, 91116529343230957588293738481), 12005246421688 candidates (MITM path)
  MITM b1=259: s=3 t=3 j=3 je=3 Q=17373979 table=64000000 yh=187582
stage b2=401 vs b1={260}: values [43111000196969091338568804401, 95428956661682176000000000000), 12583009845591 candidates (MITM path)
  MITM b1=260: s=3 t=3 j=3 je=3 Q=17576000 table=64481201 yh=195143
stage b2=402 vs b1={261}: values [44308452666811124371870107648, 99927745220846124633825584721), 13178595924701 candidates (MITM path)
  MITM b1=261: s=3 t=3 j=3 je=3 Q=17779581 table=64964808 yh=202858
stage b2=403 vs b1={262}: values [45536065966540892753630392747, 104620187934458937028636512256), 13792421128590 candidates (MITM path)
  MITM b1=262: s=3 t=3 j=3 je=3 Q=17984728 table=65450827 yh=210730
stage b2=404 vs b1={263}: values [46794522090917238883645128704, 109513833574845676773925608481), 14424909311978 candidates (MITM path)
  MITM b1=263: s=3 t=3 j=3 je=3 Q=18191447 table=65939264 yh=218761
stage b2=405 vs b1={264}: values [48084516708184142230517578125, 114616494721029974161197367296), 15076491807041 candidates (MITM path)
  MITM b1=264: s=3 t=3 j=3 je=3 Q=18399744 table=66430125 yh=226953
stage b2=406 vs b1={265}: values [49406759399347814303098771456, 119936255922052283847900390625), 15747607516372 candidates (MITM path)
  MITM b1=265: s=3 t=3 j=3 je=3 Q=18609625 table=66923416 yh=235308
stage b2=407 vs b1={266}: values [50761973901033889039170022343, 125481482080472289777685958656), 16438703006597 candidates (MITM path)
  MITM b1=266: s=3 t=3 j=3 je=3 Q=18821096 table=67419143 yh=243829
stage b2=408 vs b1={267}: values [52150898351969236066020360192, 131260827061126477105043503761), 17150232602667 candidates (MITM path)
  MITM b1=267: s=3 t=3 j=3 je=3 Q=19034163 table=67917312 yh=252517
stage b2=409 vs b1={268}: values [53574285543133366239295624009, 137283242530308845011443122176), 17882658482792 candidates (MITM path)
  MITM b1=268: s=3 t=3 j=3 je=3 Q=19248832 table=68417929 yh=261374
stage b2=410 vs b1={269}: values [55032903171624844100000000000, 143557987030641165766449098161), 18636450774053 candidates (MITM path)
  MITM b1=269: s=3 t=3 j=3 je=3 Q=19465109 table=68921000 yh=270404
stage b2=411 vs b1={270}: values [56527534098288570421020715011, 150094635296999121000000000000), 19412087648669 candidates (MITM path)
  MITM b1=270: s=3 t=3 j=3 je=3 Q=19683000 table=69426531 yh=279607
stage b2=412 vs b1={271}: values [58058976609150249860268556288, 156903087818962082857498424641), 20210055420925 candidates (MITM path)
  MITM b1=271: s=3 t=3 j=3 je=3 Q=19902511 table=69934528 yh=288986
stage b2=413 vs b1={272}: values [59628044680704813913766929637, 163993580655357272581489033216), 21030848644774 candidates (MITM path)
  MITM b1=272: s=3 t=3 j=3 je=3 Q=20123648 table=70444997 yh=298543
stage b2=414 vs b1={273}: values [61235568249106027885106264064, 171376695506573539304632176321), 21874970212093 candidates (MITM path)
  MITM b1=273: s=3 t=3 j=3 je=3 Q=20346417 table=70957944 yh=308281
stage b2=415 vs b1={274}: values [62882393483304972473974609375, 179063370050426074779119128576), 22742931451613 candidates (MITM path)
  MITM b1=274: s=3 t=3 j=3 je=3 Q=20570824 table=71473375 yh=318202
stage b2=416 vs b1={275}: values [64569383062185555852385058816, 187064908547461032867431640625), 23635252228506 candidates (MITM path)
  MITM b1=275: s=3 t=3 j=3 je=3 Q=20796875 table=71991296 yh=328308
stage b2=417 vs b1={276}: values [66297416455745680759191883233, 195392992721698273467801010176), 24552461044651 candidates (MITM path)
  MITM b1=276: s=3 t=3 j=3 je=3 Q=21024576 table=72511713 yh=338600
stage b2=418 vs b1={277}: values [68067390210373163218005624832, 204059692922921316864296943121), 25495095139551 candidates (MITM path)
  MITM b1=277: s=3 t=3 j=3 je=3 Q=21253933 table=73034632 yh=349083
stage b2=419 vs b1={278}: values [69880218238265974987208422619, 213077479576736094126128828416), 26463700591938 candidates (MITM path)
  MITM b1=278: s=3 t=3 j=3 je=3 Q=21484952 table=73560059 yh=359757
stage b2=420 vs b1={279}: values [71736832111046860800000000000, 222459234928734230114433331041), 27458832422028 candidates (MITM path)
  MITM b1=279: s=3 t=3 j=3 je=3 Q=21717639 table=74088000 yh=370625
stage b2=421 vs b1={280}: values [73638181357622863863877426621, 232218265089212416000000000000), 28481054694456 candidates (MITM path)
  MITM b1=280: s=3 t=3 j=3 je=3 Q=21952000 table=74618461 yh=381690
stage b2=422 vs b1={281}: values [75585233766340778979313276928, 242368312385016936196463417761), 29530940621878 candidates (MITM path)
  MITM b1=281: s=3 t=3 j=3 je=3 Q=22188041 table=75151448 yh=392953

*** MATCH: 156828625079642630335880534952 is an 12-digit palindrome in bases 281 and 422
stage b2=423 vs b1={282}: values [77578975691490042023332369527, 252923568025201628647322750976), 30609072669242 candidates (MITM path)
  MITM b1=282: s=3 t=3 j=3 je=3 Q=22425768 table=75686967 yh=404417
stage b2=424 vs b1={283}: values [79620412364205057441922023424, 263898685087308495981516810961), 31716042658733 candidates (MITM path)
  MITM b1=283: s=3 t=3 j=3 je=3 Q=22665187 table=76225024 yh=416085
stage b2=425 vs b1={284}: values [81710568207819461822509765625, 275308791831202866814366253056), 32852451875389 candidates (MITM path)
  MITM b1=284: s=3 t=3 j=3 je=3 Q=22906304 table=76765625 yh=427958
stage b2=426 vs b1={285}: values [83850487157725321590910642176, 287169505347519450195556640625), 34018911173385 candidates (MITM path)
  MITM b1=285: s=3 t=3 j=3 je=3 Q=23149125 table=77308776 yh=440040
stage b2=427 vs b1={286}: values [86041232985790766413028611123, 299496945547901850804899024896), 35216041082995 candidates (MITM path)
  MITM b1=286: s=3 t=3 j=3 je=3 Q=23393656 table=77854483 yh=452332
stage b2=428 vs b1={287}: values [88283889629390066997077737472, 312307749504346137016129649281), 36444471918222 candidates (MITM path)
  MITM b1=287: s=3 t=3 j=3 je=3 Q=23639903 table=78402752 yh=464837
stage b2=429 vs b1={288}: values [90579561525100676704093790229, 325619086145088897570576531456), 37704843885112 candidates (MITM path)
  MITM b1=288: s=3 t=3 j=3 je=3 Q=23887872 table=78953589 yh=477558
stage b2=430 vs b1={289}: values [92929373947122270700000000000, 339448671314611904643504117121), 38997807190728 candidates (MITM path)
  MITM b1=289: s=3 t=3 j=3 je=3 Q=24137569 table=79507000 yh=490496
stage b2=431 vs b1={290}: values [95334473350473334338476729231, 353814783205469041000000000000), 40324022152808 candidates (MITM path)
  MITM b1=290: s=3 t=3 j=3 je=3 Q=24389000 table=80062991 yh=503654
stage b2=432 vs b1={291}: values [97796027719021374067408109568, 368736278169776566314796884081), 41684159310100 candidates (MITM path)
  MITM b1=291: s=3 t=3 j=3 je=3 Q=24642171 table=80621568 yh=517035
stage b2=433 vs b1={292}: values [100315226918403349419823702417, 384232606918345112299069505536), 43078899533366 candidates (MITM path)
  MITM b1=292: s=3 t=3 j=3 je=3 Q=24897088 table=81182737 yh=530642
stage b2=434 vs b1={293}: values [102893283053893453600144246784, 400323831115571027902364072401), 44508934137068 candidates (MITM path)
  MITM b1=293: s=3 t=3 j=3 je=3 Q=25153757 table=81746504 yh=544476
stage b2=435 vs b1={294}: values [105531430833275902825341796875, 417030640378345864542952820736), 45974964991728 candidates (MITM path)
  MITM b1=294: s=3 t=3 j=3 je=3 Q=25412184 table=82312875 yh=558540
stage b2=436 vs b1={295}: values [108230927934780930945540161536, 434374369687385917207275390625), 47477704636967 candidates (MITM path)
  MITM b1=295: s=3 t=3 j=3 je=3 Q=25672375 table=82881856 yh=572836
stage b2=437 vs b1={296}: values [110993055380142725966855596013, 452377017219528840630098722816), 49017876395221 candidates (MITM path)
  MITM b1=296: s=3 t=3 j=3 je=3 Q=25934336 table=83453453 yh=587368
stage b2=438 vs b1={297}: values [113819117912838588948194138112, 471061262609691461042593862241), 50596214486138 candidates (MITM path)
  MITM b1=297: s=3 t=3 j=3 je=3 Q=26198073 table=84027672 yh=602138
stage b2=439 vs b1={298}: values [116710444381569143360604716839, 490450485651332023716795191296), 52213464141650 candidates (MITM path)
  MITM b1=298: s=3 t=3 j=3 je=3 Q=26463592 table=84604519 yh=617148
stage b2=440 vs b1={299}: values [119668388129039974400000000000, 510568785444411275443565936401), 53870381721727 candidates (MITM path)
  MITM b1=299: s=3 t=3 j=3 je=3 Q=26730899 table=85184000 yh=632401
stage b2=441 vs b1={300}: values [122694327386105632949003612841, 531441000000000000000000000000), 55567734830808 candidates (MITM path)
  MITM b1=300: s=3 t=3 j=3 je=3 Q=27000000 table=85766121 yh=647899
stage b2=442 vs b1={301}: values [125789665671337497908806494208, 553092726310835924575445943601), 57306302434921 candidates (MITM path)
  MITM b1=301: s=3 t=3 j=3 je=3 Q=27270901 table=86350888 yh=663645
stage b2=443 vs b1={302}: values [128955832196077553484700318307, 575550340897290317159369936896), 59086874979470 candidates (MITM path)
  MITM b1=302: s=3 t=3 j=3 je=3 Q=27543608 table=86938307 yh=679642
stage b2=444 vs b1={303}: values [132194282275040704726925574144, 598841020838364120317909320641), 60910254507716 candidates (MITM path)
  MITM b1=303: s=3 t=3 j=3 je=3 Q=27818127 table=87528384 yh=695892
stage b2=445 vs b1={304}: values [135506497742528825219189453125, 622992765297495137011017711616), 62777254779932 candidates (MITM path)
  MITM b1=304: s=3 t=3 j=3 je=3 Q=28094464 table=88121125 yh=712398
stage b2=446 vs b1={305}: values [138893987374320305288277456896, 648034417553121620683837890625), 64688701393243 candidates (MITM path)
  MITM b1=305: s=3 t=3 j=3 je=3 Q=28372625 table=88716536 yh=729162
stage b2=447 vs b1={306}: values [142358287315299447497245827903, 673995687544113646503571623936), 66645431902149 candidates (MITM path)
  MITM b1=306: s=3 t=3 j=3 je=3 Q=28652616 table=89314623 yh=746188
stage b2=448 vs b1={307}: values [145900961512890638499422666752, 700907174940351875150276622001), 68648295939731 candidates (MITM path)
  MITM b1=307: s=3 t=3 j=3 je=3 Q=28934443 table=89915392 yh=763477
stage b2=449 vs b1={308}: values [149523602156362812588586992449, 728800392748903786995238567936), 70698155339536 candidates (MITM path)
  MITM b1=308: s=3 t=3 j=3 je=3 Q=29218112 table=90518849 yh=781033
stage b2=450 vs b1={309}: values [153227830122070312500000000000, 757707791466420184947746068881), 72795884258156 candidates (MITM path)
  MITM b1=309: s=3 t=3 j=3 je=3 Q=29503629 table=91125000 yh=798858
done: 495.57s, 65111728 candidates tested
