A171740 search: n=12, threads=1, limit=none
stage b2=190 vs b1={123}: values [11649025889821900000000000, 11991163848716906297072721), 7272431755 candidates (MITM path)
  MITM b1=123: s=4 t=2 j=2 je=3 Q=15129 table=36100 yh=201453
stage b2=191 vs b1={124}: values [12341474201974794188822591, 13214788658781797667045376), 17987485052 candidates (MITM path)
  MITM b1=124: s=4 t=2 j=2 je=3 Q=15376 table=36481 yh=493065
stage b2=192 vs b1={125}: values [13071141489701703760478208, 14551915228366851806640625), 29558427871 candidates (MITM path)
  MITM b1=125: s=4 t=2 j=2 je=3 Q=15625 table=36864 yh=801824
stage b2=193 vs b1={126}: values [13839818640542834852821057, 16012035393449278995173376), 42029991751 candidates (MITM path)
  MITM b1=126: s=4 t=2 j=2 je=3 Q=15876 table=37249 yh=1128353
stage b2=194 vs b1={127}: values [14649372735243886851590144, 17605349516220764271966721), 55448606832 candidates (MITM path)
  MITM b1=127: s=4 t=2 j=2 je=3 Q=16129 table=37636 yh=1473287
stage b2=195 vs b1={128}: values [15501749869261349560546875, 19342813113834066795298816), 69862446473 candidates (MITM path)
  MITM b1=128: s=4 t=2 j=2 je=3 Q=16384 table=38025 yh=1837277
stage b2=196 vs b1={129}: values [16398978063355821105872896, 21236186150528020865123841), 85321472527 candidates (MITM path)
  MITM b1=129: s=3 t=3 j=3 je=3 Q=2146689 table=7529536 yh=11332
stage b2=197 vs b1={130}: values [17343170265605241347130653, 23298085122481000000000000), 101877481285 candidates (MITM path)
  MITM b1=130: s=3 t=3 j=3 je=3 Q=2197000 table=7645373 yh=13326
stage b2=198 vs b1={131}: values [18336527447218512795850752, 25542038069936263923006961), 119584150077 candidates (MITM path)
  MITM b1=131: s=3 t=3 j=3 je=3 Q=2248091 table=7762392 yh=15406
stage b2=199 vs b1={132}: values [19381341794579313317802199, 27982542656501458535448576), 138497084545 candidates (MITM path)
  MITM b1=132: s=3 t=3 j=3 je=3 Q=2299968 table=7880599 yh=17575
stage b2=200 vs b1={133}: values [20480000000000000000000000, 30635127461052805121505361), 158673866579 candidates (MITM path)
  MITM b1=133: s=3 t=3 j=3 je=3 Q=2352637 table=8000000 yh=19835
stage b2=201 vs b1={134}: values [21634986653716369322202201, 33516416633376182864121856), 180174102928 candidates (MITM path)
  MITM b1=134: s=3 t=3 j=3 je=3 Q=2406104 table=8120601 yh=22188
stage b2=202 vs b1={135}: values [22848887739705683048654848, 36644198070556426025390625), 203059474470 candidates (MITM path)
  MITM b1=135: s=3 t=3 j=3 je=3 Q=2460375 table=8242408 yh=24636
stage b2=203 vs b1={136}: values [24124394237962799952684947, 40037495277186834126340096), 227393786159 candidates (MITM path)
  MITM b1=136: s=3 t=3 j=3 je=3 Q=2515456 table=8365427 yh=27183
stage b2=204 vs b1={137}: values [25464305835922478547861504, 43716643078717303412870881), 253243017651 candidates (MITM path)
  MITM b1=137: s=3 t=3 j=3 je=3 Q=2571353 table=8489664 yh=29830
stage b2=205 vs b1={138}: values [26871534751769943408203125, 47703367363695867545849856), 280675374586 candidates (MITM path)
  MITM b1=138: s=3 t=3 j=3 je=3 Q=2628072 table=8615125 yh=32580
stage b2=206 vs b1={139}: values [28349109672436645439584256, 52020869037289085480011921), 309761340564 candidates (MITM path)
  MITM b1=139: s=3 t=3 j=3 je=3 Q=2685619 table=8741816 yh=35435
stage b2=207 vs b1={140}: values [29900179809133802678274543, 56693912375296000000000000), 340573729781 candidates (MITM path)
  MITM b1=140: s=3 t=3 j=3 je=3 Q=2744000 table=8869743 yh=38398
stage b2=208 vs b1={141}: values [31528019073332790943547392, 61748917974902741368975281), 373187740353 candidates (MITM path)
  MITM b1=141: s=3 t=3 j=3 je=3 Q=2803221 table=8998912 yh=41471
stage b2=209 vs b1={142}: values [33236030376158771102541809, 67214060505664762405851136), 407681008306 candidates (MITM path)
  MITM b1=142: s=3 t=3 j=3 je=3 Q=2863288 table=9129329 yh=44657
stage b2=210 vs b1={143}: values [35027750054222100000000000, 73119371471655725294164801), 444133662259 candidates (MITM path)
  MITM b1=143: s=3 t=3 j=3 je=3 Q=2924207 table=9261000 yh=47958
stage b2=211 vs b1={144}: values [36906852424971083485992811, 79496847203390844133441536), 482628378775 candidates (MITM path)
  MITM b1=144: s=3 t=3 j=3 je=3 Q=2985984 table=9393931 yh=51377
stage b2=212 vs b1={145}: values [38877154474709500704063488, 86380562306022715087890625), 523250438399 candidates (MITM path)
  MITM b1=145: s=3 t=3 j=3 je=3 Q=3048625 table=9528128 yh=54917
stage b2=213 vs b1={146}: values [40942620682483067183061837, 93806788798424099682390016), 566087782372 candidates (MITM path)
  MITM b1=146: s=3 t=3 j=3 je=3 Q=3112136 table=9663597 yh=58580
stage b2=214 vs b1={147}: values [43107367983100618650916864, 101814121186119595835681841), 611231070037 candidates (MITM path)
  MITM b1=147: s=3 t=3 j=3 je=3 Q=3176523 table=9800344 yh=62369
stage b2=215 vs b1={148}: values [45375670872618296240234375, 110443607719611533356957696), 658773736919 candidates (MITM path)
  MITM b1=148: s=3 t=3 j=3 je=3 Q=3241792 table=9938375 yh=66286
stage b2=216 vs b1={149}: values [47751966659678405306351616, 119738888098469732352733201), 708812053493 candidates (MITM path)
  MITM b1=149: s=3 t=3 j=3 je=3 Q=3307949 table=10077696 yh=70335
stage b2=217 vs b1={150}: values [50240860866158912890695433, 129746337890625000000000000), 761445184642 candidates (MITM path)
  MITM b1=150: s=3 t=3 j=3 je=3 Q=3375000 table=10218313 yh=74518
stage b2=218 vs b1={151}: values [52847132780654751438252032, 140515219945627518837736801), 816775249789 candidates (MITM path)
  MITM b1=151: s=3 t=3 j=3 je=3 Q=3442951 table=10360232 yh=78838
stage b2=219 vs b1={152}: values [55575741168378217259860419, 152097843090208773684330496), 874907383732 candidates (MITM path)
  MITM b1=152: s=3 t=3 j=3 je=3 Q=3511808 table=10503459 yh=83298
stage b2=220 vs b1={153}: values [58431830141132800000000000, 164549728404324620728411041), 935949798152 candidates (MITM path)
  MITM b1=153: s=3 t=3 j=3 je=3 Q=3581577 table=10648000 yh=87900
stage b2=221 vs b1={154}: values [61420735191082762650784421, 177929783385962838621884416), 1000013843817 candidates (MITM path)
  MITM b1=154: s=3 t=3 j=3 je=3 Q=3652264 table=10793861 yh=92647
stage b2=222 vs b1={155}: values [64547989392109719104944128, 192300484323376406494140625), 1067214073477 candidates (MITM path)
  MITM b1=155: s=3 t=3 j=3 je=3 Q=3723875 table=10941048 yh=97543
stage b2=223 vs b1={156}: values [67819329772617336566541727, 207728067204059288762843136), 1137668305441 candidates (MITM path)
  MITM b1=156: s=3 t=3 j=3 je=3 Q=3796416 table=11089567 yh=102590
stage b2=224 vs b1={157}: values [71240703863716132079796224, 224282727500720205065439601), 1211497687851 candidates (MITM path)
  MITM b1=157: s=3 t=3 j=3 je=3 Q=3869893 table=11239424 yh=107791
stage b2=225 vs b1={158}: values [74818276426792144775390625, 242038829185737332250382336), 1288826763650 candidates (MITM path)
  MITM b1=158: s=3 t=3 j=3 je=3 Q=3944312 table=11390625 yh=113149
stage b2=226 vs b1={159}: values [78558436364536056991614976, 261075123337098804348567681), 1369783536229 candidates (MITM path)
  MITM b1=159: s=3 t=3 j=3 je=3 Q=4019679 table=11543176 yh=118667
stage b2=227 vs b1={160}: values [82467803819583117066183323, 281474976710656000000000000), 1454499535783 candidates (MITM path)
  MITM b1=160: s=3 t=3 j=3 je=3 Q=4096000 table=11697083 yh=124348
stage b2=228 vs b1={161}: values [86553237464988993215004672, 303326610665644763629211521), 1543109886349 candidates (MITM path)
  MITM b1=161: s=3 t=3 j=3 je=3 Q=4173281 table=11852352 yh=130195
stage b2=229 vs b1={162}: values [90821841990842470457948029, 326723350842869800400326656), 1635753373541 candidates (MITM path)
  MITM b1=162: s=3 t=3 j=3 je=3 Q=4251528 table=12008989 yh=136211
stage b2=230 vs b1={163}: values [95280975791392700000000000, 351763888007705494736404081), 1732572512983 candidates (MITM path)
  MITM b1=163: s=3 t=3 j=3 je=3 Q=4330747 table=12167000 yh=142400
stage b2=231 vs b1={164}: values [99938258857146531850367031, 378552550483148382977130496), 1833713619429 candidates (MITM path)
  MITM b1=164: s=3 t=3 j=3 je=3 Q=4410944 table=12326391 yh=148764
stage b2=232 vs b1={165}: values [104801580876470315823136768, 407199588611568593994140625), 1939326876590 candidates (MITM path)
  MITM b1=165: s=3 t=3 j=3 je=3 Q=4492125 table=12487168 yh=155306
stage b2=233 vs b1={166}: values [109879109551310452512114617, 437821471697555965584019456), 2049566407645 candidates (MITM path)
  MITM b1=166: s=3 t=3 j=3 je=3 Q=4574296 table=12649337 yh=162030
stage b2=234 vs b1={167}: values [115179299131727923510339584, 470541197898347534873984161), 2164590346458 candidates (MITM path)
  MITM b1=167: s=3 t=3 j=3 je=3 Q=4657463 table=12812904 yh=168939
stage b2=235 vs b1={168}: values [120710899174024038232421875, 505488617542763051300683776), 2284560909490 candidates (MITM path)
  MITM b1=168: s=3 t=3 j=3 je=3 Q=4741632 table=12977875 yh=176036
stage b2=236 vs b1={169}: values [126482963527317712416014336, 542800770374370512771595361), 2409644468402 candidates (MITM path)
  MITM b1=169: s=3 t=3 j=3 je=3 Q=4826809 table=13144256 yh=183324
stage b2=237 vs b1={170}: values [132504859553518749988128213, 582622237229761000000000000), 2540011623371 candidates (MITM path)
  MITM b1=170: s=3 t=3 j=3 je=3 Q=4913000 table=13312053 yh=190806
stage b2=238 vs b1={171}: values [138786277585726844783245312, 625105506678337880602119441), 2675837277087 candidates (MITM path)
  MITM b1=171: s=3 t=3 j=3 je=3 Q=5000211 table=13481272 yh=198486
stage b2=239 vs b1={172}: values [145337240630172360933794639, 670411357165926452996079616), 2817300709465 candidates (MITM path)
  MITM b1=172: s=3 t=3 j=3 je=3 Q=5088448 table=13651919 yh=206367
stage b2=240 vs b1={173}: values [152168114316902400000000000, 718709255220793060317103921), 2964585653046 candidates (MITM path)
  MITM b1=173: s=3 t=3 j=3 je=3 Q=5177717 table=13824000 yh=214453
stage b2=241 vs b1={174}: values [159289617104504228485730641, 770177770297334467043659776), 3117880369104 candidates (MITM path)
  MITM b1=174: s=3 t=3 j=3 je=3 Q=5268024 table=13997521 yh=222746
stage b2=242 vs b1={175}: values [166712830744247830760081408, 825005006849765777587890625), 3277377724451 candidates (MITM path)
  MITM b1=175: s=3 t=3 j=3 je=3 Q=5359375 table=14172488 yh=231250
stage b2=243 vs b1={176}: values [174449211009120179071170507, 883389054245605390183038976), 3443275268945 candidates (MITM path)
  MITM b1=176: s=3 t=3 j=3 je=3 Q=5451776 table=14348907 yh=239968
stage b2=244 vs b1={177}: values [182510598693315783839186944, 945538455146635506591955521), 3615775313697 candidates (MITM path)
  MITM b1=177: s=3 t=3 j=3 je=3 Q=5545233 table=14526784 yh=248905
stage b2=245 vs b1={178}: values [190909230887841213330078125, 1011672693003313726683222016), 3795085009984 candidates (MITM path)
  MITM b1=178: s=3 t=3 j=3 je=3 Q=5639752 table=14706125 yh=258062
stage b2=246 vs b1={179}: values [199657752537985561759389696, 1082022699327332498100696241), 3981416428857 candidates (MITM path)
  MITM b1=179: s=3 t=3 j=3 je=3 Q=5735339 table=14886936 yh=267444
stage b2=247 vs b1={180}: values [208769228288504308517520103, 1156831381426176000000000000), 4174986641463 candidates (MITM path)
  MITM b1=180: s=3 t=3 j=3 je=3 Q=5832000 table=15069223 yh=277054
stage b2=248 vs b1={181}: values [218257154622460658242813952, 1236354171303115835117980561), 4376017800058 candidates (MITM path)
  MITM b1=181: s=3 t=3 j=3 je=3 Q=5929741 table=15252992 yh=286896
stage b2=249 vs b1={182}: values [228135472299766291637190249, 1320859596446125189798629376), 4584737219731 candidates (MITM path)
  MITM b1=182: s=3 t=3 j=3 je=3 Q=6028568 table=15438249 yh=296973
stage b2=250 vs b1={183}: values [238418579101562500000000000, 1410629873249683485564270561), 4801377460831 candidates (MITM path)
  MITM b1=183: s=3 t=3 j=3 je=3 Q=6128487 table=15625000 yh=307289

*** MATCH: 630584058034628737597102752 is an 12-digit palindrome in bases 183 and 250
stage b2=251 vs b1={184}: values [249121342886682932269065251, 1505961523834397662438752256), 5026176412096 candidates (MITM path)
  MITM b1=184: s=3 t=3 j=3 je=3 Q=6229504 table=15813251 yh=317846
stage b2=252 vs b1={185}: values [260259114966540661762818048, 1607166017050789863525390625), 5259377374487 candidates (MITM path)
  MITM b1=185: s=3 t=3 j=3 je=3 Q=6331625 table=16003008 yh=328650
stage b2=253 vs b1={186}: values [271847743804884990713499397, 1714570434475502278801821696), 5501229145729 candidates (MITM path)
  MITM b1=186: s=3 t=3 j=3 je=3 Q=6434856 table=16194277 yh=339703
stage b2=254 vs b1={187}: values [283903589048977364007778304, 1828518162230556187140793681), 5751986105555 candidates (MITM path)
  MITM b1=187: s=3 t=3 j=3 je=3 Q=6539203 table=16387064 yh=351008
stage b2=255 vs b1={188}: values [296443535898840969287109375, 1949369609479181830042157056), 6011908301655 candidates (MITM path)
  MITM b1=188: s=3 t=3 j=3 je=3 Q=6644672 table=16581375 yh=362570
stage b2=256 vs b1={189}: values [309485009821345068724781056, 2077502954475116767205550321), 6281261536337 candidates (MITM path)
  MITM b1=189: s=3 t=3 j=3 je=3 Q=6751269 table=16777216 yh=374393
stage b2=257 vs b1={190}: values [323045991615992848448948993, 2213314919066161000000000000), 6560317453880 candidates (MITM path)
  MITM b1=190: s=3 t=3 j=3 je=3 Q=6859000 table=16974593 yh=386479
stage b2=258 vs b1={191}: values [337145032839390594819950592, 2357221572577185690065114881), 6849353628614 candidates (MITM path)
  MITM b1=191: s=3 t=3 j=3 je=3 Q=6967871 table=17173512 yh=398833
stage b2=259 vs b1={192}: values [351801271595486322734724859, 2509659166022727122011815936), 7148653653686 candidates (MITM path)
  MITM b1=192: s=3 t=3 j=3 je=3 Q=7077888 table=17373979 yh=411458
stage b2=260 vs b1={193}: values [367034448698777600000000000, 2671084997624767126594464001), 7458507230547 candidates (MITM path)
  MITM b1=193: s=3 t=3 j=3 je=3 Q=7189057 table=17576000 yh=424358
stage b2=261 vs b1={194}: values [382864924217801243807760861, 2841978310637314049208487936), 7779210259142 candidates (MITM path)
  MITM b1=194: s=3 t=3 j=3 je=3 Q=7301384 table=17779581 yh=437537
stage b2=262 vs b1={195}: values [399313694406331820719986688, 3022841224505963164306640625), 8111064928806 candidates (MITM path)
  MITM b1=195: s=3 t=3 j=3 je=3 Q=7414875 table=17984728 yh=450998
stage b2=263 vs b1={196}: values [416402409029831470623291287, 3214199700417740936751087616), 8454379809868 candidates (MITM path)
  MITM b1=196: s=3 t=3 j=3 je=3 Q=7529536 table=18191447 yh=464745

*** MATCH: 467124257291701131224745720 is an 12-digit palindrome in bases 196 and 263
stage b2=264 vs b1={197}: values [434153389094810508186353664, 3416604542324232545384738641), 8809469945967 candidates (MITM path)
  MITM b1=197: s=3 t=3 j=3 je=3 Q=7645373 table=18399744 yh=478783
stage b2=265 vs b1={198}: values [452589644988876542822265625, 3630632434549265533578448896), 9176656947073 candidates (MITM path)
  MITM b1=198: s=3 t=3 j=3 je=3 Q=7762392 table=18609625 yh=493114
done: 79.74s, 13261333 candidates tested
