A171740 search: n=12, threads=1, limit=none
stage b2=238 vs b1={151}: values [138786277585726844783245312, 140515219945627518837736801), 9513027946 candidates (MITM path)
  MITM b1=151: s=4 t=2 j=2 je=3 Q=22801 table=56644 yh=167945
stage b2=239 vs b1={152}: values [145337240630172360933794639, 152097843090208773684330496), 36274212549 candidates (MITM path)
  MITM b1=152: s=4 t=2 j=2 je=3 Q=23104 table=57121 yh=635042
stage b2=240 vs b1={153}: values [152168114316902400000000000, 164549728404324620728411041), 64790273530 candidates (MITM path)
  MITM b1=153: s=4 t=2 j=2 je=3 Q=23409 table=57600 yh=1124832
stage b2=241 vs b1={154}: values [159289617104504228485730641, 177929783385962838621884416), 95136578148 candidates (MITM path)
  MITM b1=154: s=4 t=2 j=2 je=3 Q=23716 table=58081 yh=1637999
stage b2=242 vs b1={155}: values [166712830744247830760081408, 192300484323376406494140625), 127390859113 candidates (MITM path)
  MITM b1=155: s=4 t=2 j=2 je=3 Q=24025 table=58564 yh=2175242
stage b2=243 vs b1={156}: values [174449211009120179071170507, 207728067204059288762843136), 161633266360 candidates (MITM path)
  MITM b1=156: s=4 t=2 j=2 je=3 Q=24336 table=59049 yh=2737274
stage b2=244 vs b1={157}: values [182510598693315783839186944, 224282727500720205065439601), 197946419473 candidates (MITM path)
  MITM b1=157: s=4 t=2 j=2 je=3 Q=24649 table=59536 yh=3324819
stage b2=245 vs b1={158}: values [190909230887841213330078125, 242038829185737332250382336), 236415460755 candidates (MITM path)
  MITM b1=158: s=3 t=3 j=3 je=3 Q=3944312 table=14706125 yh=16076
stage b2=246 vs b1={159}: values [199657752537985561759389696, 261075123337098804348567681), 277128108961 candidates (MITM path)
  MITM b1=159: s=3 t=3 j=3 je=3 Q=4019679 table=14886936 yh=18616
stage b2=247 vs b1={160}: values [208769228288504308517520103, 281474976710656000000000000), 320174713668 candidates (MITM path)
  MITM b1=160: s=3 t=3 j=3 je=3 Q=4096000 table=15069223 yh=21247
stage b2=248 vs b1={161}: values [218257154622460658242813952, 303326610665644763629211521), 365648310316 candidates (MITM path)
  MITM b1=161: s=3 t=3 j=3 je=3 Q=4173281 table=15252992 yh=23973
stage b2=249 vs b1={162}: values [228135472299766291637190249, 326723350842869800400326656), 413644675892 candidates (MITM path)
  MITM b1=162: s=3 t=3 j=3 je=3 Q=4251528 table=15438249 yh=26794
stage b2=250 vs b1={163}: values [238418579101562500000000000, 351763888007705494736404081), 464262385280 candidates (MITM path)
  MITM b1=163: s=3 t=3 j=3 je=3 Q=4330747 table=15625000 yh=29713
stage b2=251 vs b1={164}: values [249121342886682932269065251, 378552550483148382977130496), 517602868266 candidates (MITM path)
  MITM b1=164: s=3 t=3 j=3 je=3 Q=4410944 table=15813251 yh=32733
stage b2=252 vs b1={165}: values [260259114966540661762818048, 407199588611568593994140625), 573770467201 candidates (MITM path)
  MITM b1=165: s=3 t=3 j=3 je=3 Q=4492125 table=16003008 yh=35854
stage b2=253 vs b1={166}: values [271847743804884990713499397, 437821471697555965584019456), 632872495327 candidates (MITM path)
  MITM b1=166: s=3 t=3 j=3 je=3 Q=4574296 table=16194277 yh=39081
stage b2=254 vs b1={167}: values [283903589048977364007778304, 470541197898347534873984161), 695019295762 candidates (MITM path)
  MITM b1=167: s=3 t=3 j=3 je=3 Q=4657463 table=16387064 yh=42413
stage b2=255 vs b1={168}: values [296443535898840969287109375, 505488617542763051300683776), 760324301155 candidates (MITM path)
  MITM b1=168: s=3 t=3 j=3 je=3 Q=4741632 table=16581375 yh=45855
stage b2=256 vs b1={169}: values [309485009821345068724781056, 542800770374370512771595361), 828904093997 candidates (MITM path)
  MITM b1=169: s=3 t=3 j=3 je=3 Q=4826809 table=16777216 yh=49407
stage b2=257 vs b1={170}: values [323045991615992848448948993, 582622237229761000000000000), 900878467600 candidates (MITM path)
  MITM b1=170: s=3 t=3 j=3 je=3 Q=4913000 table=16974593 yh=53073
stage b2=258 vs b1={171}: values [337145032839390594819950592, 625105506678337880602119441), 976370487746 candidates (MITM path)
  MITM b1=171: s=3 t=3 j=3 je=3 Q=5000211 table=17173512 yh=56854
stage b2=259 vs b1={172}: values [351801271595486322734724859, 670411357165926452996079616), 1055506554995 candidates (MITM path)
  MITM b1=172: s=3 t=3 j=3 je=3 Q=5088448 table=17373979 yh=60753
stage b2=260 vs b1={173}: values [367034448698777600000000000, 718709255220793060317103921), 1138416467672 candidates (MITM path)
  MITM b1=173: s=3 t=3 j=3 je=3 Q=5177717 table=17576000 yh=64772
stage b2=261 vs b1={174}: values [382864924217801243807760861, 770177770297334467043659776), 1225233485516 candidates (MITM path)
  MITM b1=174: s=3 t=3 j=3 je=3 Q=5268024 table=17779581 yh=68913
stage b2=262 vs b1={175}: values [399313694406331820719986688, 825005006849765777587890625), 1316094393996 candidates (MITM path)
  MITM b1=175: s=3 t=3 j=3 je=3 Q=5359375 table=17984728 yh=73179
stage b2=263 vs b1={176}: values [416402409029831470623291287, 883389054245605390183038976), 1411139569312 candidates (MITM path)
  MITM b1=176: s=3 t=3 j=3 je=3 Q=5451776 table=18191447 yh=77572

*** MATCH: 445318690059637876205548968 is an 12-digit palindrome in bases 176 and 263
stage b2=264 vs b1={177}: values [434153389094810508186353664, 945538455146635506591955521), 1510513044052 candidates (MITM path)
  MITM b1=177: s=3 t=3 j=3 je=3 Q=5545233 table=18399744 yh=82095
done: 21.66s, 12569056 candidates tested
