A171740 search: n=12, threads=1, limit=none
stage b2=418 vs b1={253}: values [68067390210373163218005624832, 68777479182635902650515347441), 133123607324 candidates (MITM path)
  MITM b1=253: s=4 t=2 j=2 je=3 Q=64009 table=174724 yh=761908
stage b2=419 vs b1={254}: values [69880218238265974987208422619, 72111511618440250457975689216), 412356209845 candidates (MITM path)
  MITM b1=254: s=4 t=2 j=2 je=3 Q=64516 table=175561 yh=2348792
stage b2=420 vs b1={255}: values [71736832111046860800000000000, 75593101654204447168212890625), 702540944015 candidates (MITM path)
  MITM b1=255: s=4 t=2 j=2 je=3 Q=65025 table=176400 yh=3982659
stage b2=421 vs b1={256}: values [73638181357622863863877426621, 79228162514264337593543950336), 1003963141632 candidates (MITM path)
  MITM b1=256: s=4 t=2 j=2 je=3 Q=65536 table=177241 yh=5664396
stage b2=422 vs b1={257}: values [75585233766340778979313276928, 83022819845310162051379891201), 1316913650277 candidates (MITM path)
  MITM b1=257: s=4 t=2 j=2 je=3 Q=66049 table=178084 yh=7394902
stage b2=423 vs b1={258}: values [77578975691490042023332369527, 86983418472562773463547252736), 1641688909070 candidates (MITM path)
  MITM b1=258: s=4 t=2 j=2 je=3 Q=66564 table=178929 yh=9175086
stage b2=424 vs b1={259}: values [79620412364205057441922023424, 91116529343230957588293738481), 1978591025023 candidates (MITM path)
  MITM b1=259: s=4 t=2 j=2 je=3 Q=67081 table=179776 yh=11005869
stage b2=425 vs b1={260}: values [81710568207819461822509765625, 95428956661682176000000000000), 2327927850026 candidates (MITM path)
  MITM b1=260: s=4 t=2 j=2 je=3 Q=67600 table=180625 yh=12888182
stage b2=426 vs b1={261}: values [83850487157725321590910642176, 99927745220846124633825584721), 2690013058446 candidates (MITM path)
  MITM b1=261: s=4 t=2 j=2 je=3 Q=68121 table=181476 yh=14822969
stage b2=427 vs b1={262}: values [86041232985790766413028611123, 104620187934458937028636512256), 3065166225341 candidates (MITM path)
  MITM b1=262: s=4 t=2 j=2 je=3 Q=68644 table=182329 yh=16811184
stage b2=428 vs b1={263}: values [88283889629390066997077737472, 109513833574845676773925608481), 3453712905302 candidates (MITM path)
  MITM b1=263: s=4 t=2 j=2 je=3 Q=69169 table=183184 yh=18853792
stage b2=429 vs b1={264}: values [90579561525100676704093790229, 114616494721029974161197367296), 3855984711911 candidates (MITM path)
  MITM b1=264: s=3 t=3 j=3 je=3 Q=18399744 table=78953589 yh=48839
stage b2=430 vs b1={265}: values [92929373947122270700000000000, 119936255922052283847900390625), 4272319397824 candidates (MITM path)
  MITM b1=265: s=3 t=3 j=3 je=3 Q=18609625 table=79507000 yh=53736
stage b2=431 vs b1={266}: values [95334473350473334338476729231, 125481482080472289777685958656), 4703060935479 candidates (MITM path)
  MITM b1=266: s=3 t=3 j=3 je=3 Q=18821096 table=80062991 yh=58743
stage b2=432 vs b1={267}: values [97796027719021374067408109568, 131260827061126477105043503761), 5148559598421 candidates (MITM path)
  MITM b1=267: s=3 t=3 j=3 je=3 Q=19034163 table=80621568 yh=63861
stage b2=433 vs b1={268}: values [100315226918403349419823702417, 137283242530308845011443122176), 5609172043267 candidates (MITM path)
  MITM b1=268: s=3 t=3 j=3 je=3 Q=19248832 table=81182737 yh=69094
stage b2=434 vs b1={269}: values [102893283053893453600144246784, 143557987030641165766449098161), 6085261392281 candidates (MITM path)
  MITM b1=269: s=3 t=3 j=3 je=3 Q=19465109 table=81746504 yh=74441
stage b2=435 vs b1={270}: values [105531430833275902825341796875, 150094635296999121000000000000), 6577197316588 candidates (MITM path)
  MITM b1=270: s=3 t=3 j=3 je=3 Q=19683000 table=82312875 yh=79905
stage b2=436 vs b1={271}: values [108230927934780930945540161536, 156903087818962082857498424641), 7085356120015 candidates (MITM path)
  MITM b1=271: s=3 t=3 j=3 je=3 Q=19902511 table=82881856 yh=85488
stage b2=437 vs b1={272}: values [110993055380142725966855596013, 163993580655357272581489033216), 7610120823557 candidates (MITM path)
  MITM b1=272: s=3 t=3 j=3 je=3 Q=20123648 table=83453453 yh=91191
stage b2=438 vs b1={273}: values [113819117912838588948194138112, 171376695506573539304632176321), 8151881250479 candidates (MITM path)
  MITM b1=273: s=3 t=3 j=3 je=3 Q=20346417 table=84027672 yh=97015
stage b2=439 vs b1={274}: values [116710444381569143360604716839, 179063370050426074779119128576), 8711034112045 candidates (MITM path)
  MITM b1=274: s=3 t=3 j=3 je=3 Q=20570824 table=84604519 yh=102962
stage b2=440 vs b1={275}: values [119668388129039974400000000000, 187064908547461032867431640625), 9287983093881 candidates (MITM path)
  MITM b1=275: s=3 t=3 j=3 je=3 Q=20796875 table=85184000 yh=109035
stage b2=441 vs b1={276}: values [122694327386105632949003612841, 195392992721698273467801010176), 9883138942976 candidates (MITM path)
  MITM b1=276: s=3 t=3 j=3 je=3 Q=21024576 table=85766121 yh=115234
stage b2=442 vs b1={277}: values [125789665671337497908806494208, 204059692922921316864296943121), 10496919555306 candidates (MITM path)
  MITM b1=277: s=3 t=3 j=3 je=3 Q=21253933 table=86350888 yh=121562
stage b2=443 vs b1={278}: values [128955832196077553484700318307, 213077479576736094126128828416), 11129750064109 candidates (MITM path)
  MITM b1=278: s=3 t=3 j=3 je=3 Q=21484952 table=86938307 yh=128019

*** MATCH: 173622952196420606057118893292 is an 12-digit palindrome in bases 278 and 443
stage b2=444 vs b1={279}: values [132194282275040704726925574144, 222459234928734230114433331041), 11782062928781 candidates (MITM path)
  MITM b1=279: s=3 t=3 j=3 je=3 Q=21717639 table=87528384 yh=134609
stage b2=445 vs b1={280}: values [135506497742528825219189453125, 232218265089212416000000000000), 12454298024417 candidates (MITM path)
  MITM b1=280: s=3 t=3 j=3 je=3 Q=21952000 table=88121125 yh=141332
stage b2=446 vs b1={281}: values [138893987374320305288277456896, 242368312385016936196463417761), 13146902731990 candidates (MITM path)
  MITM b1=281: s=3 t=3 j=3 je=3 Q=22188041 table=88716536 yh=148190
stage b2=447 vs b1={282}: values [142358287315299447497245827903, 252923568025201628647322750976), 13860332029166 candidates (MITM path)
  MITM b1=282: s=3 t=3 j=3 je=3 Q=22425768 table=89314623 yh=155186
stage b2=448 vs b1={283}: values [145900961512890638499422666752, 263898685087308495981516810961), 14595048581758 candidates (MITM path)
  MITM b1=283: s=3 t=3 j=3 je=3 Q=22665187 table=89915392 yh=162320
stage b2=449 vs b1={284}: values [149523602156362812588586992449, 275308791831202866814366253056), 15351522835825 candidates (MITM path)
  MITM b1=284: s=3 t=3 j=3 je=3 Q=22906304 table=90518849 yh=169595
stage b2=450 vs b1={285}: values [153227830122070312500000000000, 287169505347519450195556640625), 16130233110409 candidates (MITM path)
  MITM b1=285: s=3 t=3 j=3 je=3 Q=23149125 table=91125000 yh=177013
stage b2=451 vs b1={286}: values [157015295424696847215234267451, 299496945547901850804899024896), 16931665690912 candidates (MITM path)
  MITM b1=286: s=3 t=3 j=3 je=3 Q=23393656 table=91733851 yh=184574
stage b2=452 vs b1={287}: values [160887677674569844718827470848, 312307749504346137016129649281), 17756314923120 candidates (MITM path)
  MITM b1=287: s=3 t=3 j=3 je=3 Q=23639903 table=92345408 yh=192282
stage b2=453 vs b1={288}: values [164846686541113099864560007197, 325619086145088897570576531456), 18604683307871 candidates (MITM path)
  MITM b1=288: s=3 t=3 j=3 je=3 Q=23887872 table=92959677 yh=200138
stage b2=454 vs b1={289}: values [168894062222506223751543445504, 339448671314611904643504117121), 19477281596362 candidates (MITM path)
  MITM b1=289: s=3 t=3 j=3 je=3 Q=24137569 table=93576664 yh=208143
stage b2=455 vs b1={290}: values [173031575921620011303271484375, 353814783205469041000000000000), 20374628886107 candidates (MITM path)
  MITM b1=290: s=3 t=3 j=3 je=3 Q=24389000 table=94196375 yh=216300
done: 184.03s, 105312598 candidates tested
