A171740 search: n=12, threads=1, limit=none
stage b2=48 vs b1={35}: values [3116402981210161152, 3379220508056640625), 21488540 candidates (MITM path)
  MITM b1=35: s=4 t=2 j=2 je=3 Q=1225 table=2304 yh=9327
stage b2=49 vs b1={36}: values [3909821048582988049, 4738381338321616896), 59861506 candidates (MITM path)
  MITM b1=36: s=4 t=2 j=2 je=3 Q=1296 table=2401 yh=24932
stage b2=50 vs b1={37}: values [4882812500000000000, 6582952005840035281), 108808929 candidates (MITM path)
  MITM b1=37: s=3 t=3 j=3 je=3 Q=50653 table=125000 yh=871
stage b2=51 vs b1={38}: values [6071163615208263051, 9065737908494995456), 170182162 candidates (MITM path)
  MITM b1=38: s=3 t=3 j=3 je=3 Q=54872 table=132651 yh=1283
stage b2=52 vs b1={39}: values [7516865509350965248, 12381557655576425121), 246056760 candidates (MITM path)
  MITM b1=39: s=3 t=3 j=3 je=3 Q=59319 table=140608 yh=1750
stage b2=53 vs b1={40}: values [9269035929372191597, 16777216000000000000), 338750124 candidates (MITM path)
  MITM b1=40: s=3 t=3 j=3 je=3 Q=64000 table=148877 yh=2276
stage b2=54 vs b1={41}: values [11384956040305711104, 22563490300366186081), 450839857 candidates (MITM path)
  MITM b1=41: s=3 t=3 j=3 je=3 Q=68921 table=157464 yh=2864
stage b2=55 vs b1={42}: values [13931233916552734375, 30129469486639681536), 585182829 candidates (MITM path)
  MITM b1=42: s=3 t=3 j=3 je=3 Q=74088 table=166375 yh=3518
stage b2=56 vs b1={43}: values [16985107389382393856, 39959630797262576401), 744934948 candidates (MITM path)
  MITM b1=43: s=3 t=3 j=3 je=3 Q=79507 table=175616 yh=4242
stage b2=57 vs b1={44}: values [20635899893042801193, 52654090776777588736), 933571652 candidates (MITM path)
  MITM b1=44: s=3 t=3 j=3 je=3 Q=85184 table=185193 yh=5042
stage b2=58 vs b1={45}: values [24986644000165537792, 68952523554931640625), 1154909103 candidates (MITM path)
  MITM b1=45: s=3 t=3 j=3 je=3 Q=91125 table=195112 yh=5920
stage b2=59 vs b1={46}: values [30155888444737842659, 89762301673555234816), 1413126106 candidates (MITM path)
  MITM b1=46: s=3 t=3 j=3 je=3 Q=97336 table=205379 yh=6881
stage b2=60 vs b1={47}: values [36279705600000000000, 116191483108948578241), 1712786727 candidates (MITM path)
  MITM b1=47: s=3 t=3 j=3 je=3 Q=103823 table=216000 yh=7930
stage b2=61 vs b1={48}: values [43513917611435838661, 149587343098087735296), 2058863640 candidates (MITM path)
  MITM b1=48: s=3 t=3 j=3 je=3 Q=110592 table=226981 yh=9071
stage b2=62 vs b1={49}: values [52036560683837093888, 191581231380566414401), 2456762182 candidates (MITM path)
  MITM b1=49: s=3 t=3 j=3 je=3 Q=117649 table=238328 yh=10309
stage b2=63 vs b1={50}: values [62050608388552823487, 244140625000000000000), 2912345122 candidates (MITM path)
  MITM b1=50: s=3 t=3 j=3 je=3 Q=125000 table=250047 yh=11648
stage b2=64 vs b1={51}: values [73786976294838206464, 309629344375621415601), 3431958148 candidates (MITM path)
  MITM b1=51: s=3 t=3 j=3 je=3 Q=132651 table=262144 yh=13092
stage b2=65 vs b1={52}: values [87507831740087890625, 390877006486250192896), 4022456075 candidates (MITM path)
  MITM b1=52: s=3 t=3 j=3 je=3 Q=140608 table=274625 yh=14648
stage b2=66 vs b1={53}: values [103510234140112521216, 491258904256726154641), 4691229761 candidates (MITM path)
  MITM b1=53: s=3 t=3 j=3 je=3 Q=148877 table=287496 yh=16318
stage b2=67 vs b1={54}: values [122130132904968017083, 614787626176508399616), 5446233743 candidates (MITM path)
  MITM b1=54: s=3 t=3 j=3 je=3 Q=157464 table=300763 yh=18109

*** MATCH: 600475210280746038700 is an 12-digit palindrome in bases 54 and 67
stage b2=68 vs b1={55}: values [143746751770690322432, 766217865410400390625), 6296014596 candidates (MITM path)
  MITM b1=55: s=3 t=3 j=3 je=3 Q=166375 table=314432 yh=20024
stage b2=69 vs b1={56}: values [168787390185178426269, 951166013805414055936), 7249740001 candidates (MITM path)
  MITM b1=56: s=3 t=3 j=3 je=3 Q=175616 table=328509 yh=22069
stage b2=70 vs b1={57}: values [197732674300000000000, 1176246293903439668001), 8317228533 candidates (MITM path)
  MITM b1=57: s=3 t=3 j=3 je=3 Q=185193 table=343000 yh=24249
stage b2=71 vs b1={58}: values [231122292121701565271, 1449225352009601191936), 9508980173 candidates (MITM path)
  MITM b1=58: s=3 t=3 j=3 je=3 Q=195112 table=357911 yh=26569
stage b2=72 vs b1={59}: values [269561249468963094528, 1779197418239532716881), 10836207529 candidates (MITM path)
  MITM b1=59: s=3 t=3 j=3 je=3 Q=205379 table=373248 yh=29033
stage b2=73 vs b1={60}: values [313726685568359708377, 2176782336000000000000), 12310867780 candidates (MITM path)
  MITM b1=60: s=3 t=3 j=3 je=3 Q=216000 table=389017 yh=31647
stage b2=74 vs b1={61}: values [364375289404334925824, 2654348974297586158321), 13945695341 candidates (MITM path)
  MITM b1=61: s=3 t=3 j=3 je=3 Q=226981 table=405224 yh=34415
stage b2=75 vs b1={62}: values [422351360321044921875, 3226266762397899821056), 15754235236 candidates (MITM path)
  MITM b1=62: s=3 t=3 j=3 je=3 Q=238328 table=421875 yh=37344
stage b2=76 vs b1={63}: values [488595558857835544576, 3909188328478827879681), 17750877206 candidates (MITM path)
  MITM b1=63: s=3 t=3 j=3 je=3 Q=250047 table=438976 yh=40438
stage b2=77 vs b1={64}: values [564154396389137449973, 4722366482869645213696), 19950890518 candidates (MITM path)
  MITM b1=64: s=3 t=3 j=3 je=3 Q=262144 table=456533 yh=43701
done: 0.24s, 233272 candidates tested
