A171740 search: n=12, threads=1, limit=none
stage b2=236 vs b1={150}: values [126482963527317712416014336, 129746337890625000000000000), 18888387318 candidates (MITM path)
  MITM b1=150: s=4 t=2 j=2 je=3 Q=22500 table=55696 yh=339134
stage b2=237 vs b1={151}: values [132504859553518749988128213, 140515219945627518837736801), 45202450544 candidates (MITM path)
  MITM b1=151: s=4 t=2 j=2 je=3 Q=22801 table=56169 yh=804758
stage b2=238 vs b1={152}: values [138786277585726844783245312, 152097843090208773684330496), 73243213640 candidates (MITM path)
  MITM b1=152: s=4 t=2 j=2 je=3 Q=23104 table=56644 yh=1293045
stage b2=239 vs b1={153}: values [145337240630172360933794639, 164549728404324620728411041), 103085171659 candidates (MITM path)
  MITM b1=153: s=4 t=2 j=2 je=3 Q=23409 table=57121 yh=1804681
stage b2=240 vs b1={154}: values [152168114316902400000000000, 177929783385962838621884416), 134805169487 candidates (MITM path)
  MITM b1=154: s=4 t=2 j=2 je=3 Q=23716 table=57600 yh=2340368
stage b2=241 vs b1={155}: values [159289617104504228485730641, 192300484323376406494140625), 168482453508 candidates (MITM path)
  MITM b1=155: s=4 t=2 j=2 je=3 Q=24025 table=58081 yh=2900819
stage b2=242 vs b1={156}: values [166712830744247830760081408, 207728067204059288762843136), 204198723934 candidates (MITM path)
  MITM b1=156: s=4 t=2 j=2 je=3 Q=24336 table=58564 yh=3486762
stage b2=243 vs b1={157}: values [174449211009120179071170507, 224282727500720205065439601), 242038187778 candidates (MITM path)
  MITM b1=157: s=3 t=3 j=3 je=3 Q=3869893 table=14348907 yh=16869
stage b2=244 vs b1={158}: values [182510598693315783839186944, 242038829185737332250382336), 282087612480 candidates (MITM path)
  MITM b1=158: s=3 t=3 j=3 je=3 Q=3944312 table=14526784 yh=19419
stage b2=245 vs b1={159}: values [190909230887841213330078125, 261075123337098804348567681), 324436380197 candidates (MITM path)
  MITM b1=159: s=3 t=3 j=3 je=3 Q=4019679 table=14706125 yh=22062
stage b2=246 vs b1={160}: values [199657752537985561759389696, 281474976710656000000000000), 369176542734 candidates (MITM path)
  MITM b1=160: s=3 t=3 j=3 je=3 Q=4096000 table=14886936 yh=24799
stage b2=247 vs b1={161}: values [208769228288504308517520103, 303326610665644763629211521), 416402877143 candidates (MITM path)
  MITM b1=161: s=3 t=3 j=3 je=3 Q=4173281 table=15069223 yh=27633
stage b2=248 vs b1={162}: values [218257154622460658242813952, 326723350842869800400326656), 466212941978 candidates (MITM path)
  MITM b1=162: s=3 t=3 j=3 je=3 Q=4251528 table=15252992 yh=30566
stage b2=249 vs b1={163}: values [228135472299766291637190249, 351763888007705494736404081), 518707134205 candidates (MITM path)
  MITM b1=163: s=3 t=3 j=3 je=3 Q=4330747 table=15438249 yh=33599
stage b2=250 vs b1={164}: values [238418579101562500000000000, 378552550483148382977130496), 573988746779 candidates (MITM path)
  MITM b1=164: s=3 t=3 j=3 je=3 Q=4410944 table=15625000 yh=36736
stage b2=251 vs b1={165}: values [249121342886682932269065251, 407199588611568593994140625), 632164026877 candidates (MITM path)
  MITM b1=165: s=3 t=3 j=3 je=3 Q=4492125 table=15813251 yh=39977
stage b2=252 vs b1={166}: values [260259114966540661762818048, 437821471697555965584019456), 693342234795 candidates (MITM path)
  MITM b1=166: s=3 t=3 j=3 je=3 Q=4574296 table=16003008 yh=43326
stage b2=253 vs b1={167}: values [271847743804884990713499397, 470541197898347534873984161), 757635703516 candidates (MITM path)
  MITM b1=167: s=3 t=3 j=3 je=3 Q=4657463 table=16194277 yh=46785
stage b2=254 vs b1={168}: values [283903589048977364007778304, 505488617542763051300683776), 825159898932 candidates (MITM path)
  MITM b1=168: s=3 t=3 j=3 je=3 Q=4741632 table=16387064 yh=50355
stage b2=255 vs b1={169}: values [296443535898840969287109375, 542800770374370512771595361), 896033480741 candidates (MITM path)
  MITM b1=169: s=3 t=3 j=3 je=3 Q=4826809 table=16581375 yh=54039
stage b2=256 vs b1={170}: values [309485009821345068724781056, 582622237229761000000000000), 970378364004 candidates (MITM path)
  MITM b1=170: s=3 t=3 j=3 je=3 Q=4913000 table=16777216 yh=57840
stage b2=257 vs b1={171}: values [323045991615992848448948993, 625105506678337880602119441), 1048319781381 candidates (MITM path)
  MITM b1=171: s=3 t=3 j=3 je=3 Q=5000211 table=16974593 yh=61759

*** MATCH: 330634863191514383162901900 is an 12-digit palindrome in bases 171 and 257
done: 17.27s, 13475124 candidates tested
