A171740 search: n=12, threads=1, limit=none
stage b2=467 vs b1={280}: values [230401703744465269881211992683, 232218265089212416000000000000), 175125256765 candidates (MITM path)
  MITM b1=280: s=4 t=2 j=2 je=3 Q=78400 table=218089 yh=803000
stage b2=468 vs b1={281}: values [235887204621778787349175468032, 242368312385016936196463417761), 616842266440 candidates (MITM path)
  MITM b1=281: s=4 t=2 j=2 je=3 Q=78961 table=219024 yh=2816323
stage b2=469 vs b1={282}: values [241491177919137537737896750669, 252923568025201628647322750976), 1074236684377 candidates (MITM path)
  MITM b1=282: s=4 t=2 j=2 je=3 Q=79524 table=219961 yh=4883760
stage b2=470 vs b1={283}: values [247215921508401230300000000000, 263898685087308495981516810961), 1547678849501 candidates (MITM path)
  MITM b1=283: s=4 t=2 j=2 je=3 Q=80089 table=220900 yh=7006242
stage b2=471 vs b1={284}: values [253063772793440013800811649671, 275308791831202866814366253056), 2037545609458 candidates (MITM path)
  MITM b1=284: s=4 t=2 j=2 je=3 Q=80656 table=221841 yh=9184712
stage b2=472 vs b1={285}: values [259037109303946675027997360128, 287169505347519450195556640625), 2544220402148 candidates (MITM path)
  MITM b1=285: s=4 t=2 j=2 je=3 Q=81225 table=222784 yh=11420122
stage b2=473 vs b1={286}: values [265138349296877942293007763977, 299496945547901850804899024896), 3068093337879 candidates (MITM path)
  MITM b1=286: s=4 t=2 j=2 je=3 Q=81796 table=223729 yh=13713437
stage b2=474 vs b1={287}: values [271369952365606399975686580224, 312307749504346137016129649281), 3609561282118 candidates (MITM path)
  MITM b1=287: s=4 t=2 j=2 je=3 Q=82369 table=224676 yh=16065630
stage b2=475 vs b1={288}: values [277734420056865215301513671875, 325619086145088897570576531456), 4169027938862 candidates (MITM path)
  MITM b1=288: s=4 t=2 j=2 je=3 Q=82944 table=225625 yh=18477687
stage b2=476 vs b1={289}: values [284234296495568578116086398976, 339448671314611904643504117121), 4746903934618 candidates (MITM path)
  MITM b1=289: s=4 t=2 j=2 je=3 Q=83521 table=226576 yh=20950604
stage b2=477 vs b1={290}: values [290872169017591458452425905573, 353814783205469041000000000000), 5343606902992 candidates (MITM path)
  MITM b1=290: s=4 t=2 j=2 je=3 Q=84100 table=227529 yh=23485389
stage b2=478 vs b1={291}: values [297650668810592995192411420672, 368736278169776566314796884081), 5959561569900 candidates (MITM path)
  MITM b1=291: s=4 t=2 j=2 je=3 Q=84681 table=228484 yh=26083059
stage b2=479 vs b1={292}: values [304572471562968542123015813279, 384232606918345112299069505536), 6595199839387 candidates (MITM path)
  MITM b1=292: s=3 t=3 j=3 je=3 Q=24897088 table=109902239 yh=60010
stage b2=480 vs b1={293}: values [311640298121016115200000000000, 400323831115571027902364072401), 7250960880065 candidates (MITM path)
  MITM b1=293: s=3 t=3 j=3 je=3 Q=25153757 table=110592000 yh=65565
stage b2=481 vs b1={294}: values [318856915154403706875322757281, 417030640378345864542952820736), 7927291212168 candidates (MITM path)
  MITM b1=294: s=3 t=3 j=3 je=3 Q=25412184 table=111284641 yh=71235
stage b2=482 vs b1={295}: values [326225135830024659938776352768, 434374369687385917207275390625), 8624644795223 candidates (MITM path)
  MITM b1=295: s=3 t=3 j=3 je=3 Q=25672375 table=111980168 yh=77020
stage b2=483 vs b1={296}: values [333747820494329024488347411867, 452377017219528840630098722816), 9343483116342 candidates (MITM path)
  MITM b1=296: s=3 t=3 j=3 je=3 Q=25934336 table=112678587 yh=82922
stage b2=484 vs b1={297}: values [341427877364219557396646723584, 471061262609691461042593862241), 10084275279133 candidates (MITM path)
  MITM b1=297: s=3 t=3 j=3 je=3 Q=26198073 table=113379904 yh=88943
stage b2=485 vs b1={298}: values [349268263226601764001611328125, 490450485651332023716795191296), 10847498093232 candidates (MITM path)
  MITM b1=298: s=3 t=3 j=3 je=3 Q=26463592 table=114084125 yh=95084
stage b2=486 vs b1={299}: values [357271984146678126737757198336, 510568785444411275443565936401), 11633636164456 candidates (MITM path)
  MITM b1=299: s=3 t=3 j=3 je=3 Q=26730899 table=114791256 yh=101347
stage b2=487 vs b1={300}: values [365442096185077415058791025463, 531441000000000000000000000000), 12443181985580 candidates (MITM path)
  MITM b1=300: s=3 t=3 j=3 je=3 Q=27000000 table=115501303 yh=107732
stage b2=488 vs b1={301}: values [373781706123910725302654861312, 553092726310835924575445943601), 13276636027733 candidates (MITM path)
  MITM b1=301: s=3 t=3 j=3 je=3 Q=27270901 table=116214272 yh=114243
stage b2=489 vs b1={302}: values [382293972201846658135397384889, 575550340897290317159369936896), 14134506832427 candidates (MITM path)
  MITM b1=302: s=3 t=3 j=3 je=3 Q=27543608 table=116930169 yh=120880
stage b2=490 vs b1={303}: values [390982104858298804900000000000, 598841020838364120317909320641), 15017311104205 candidates (MITM path)
  MITM b1=303: s=3 t=3 j=3 je=3 Q=27818127 table=117649000 yh=127646
stage b2=491 vs b1={304}: values [399849367486819482609834395891, 622992765297495137011017711616), 15925573803916 candidates (MITM path)
  MITM b1=304: s=3 t=3 j=3 je=3 Q=28094464 table=118370771 yh=134540
stage b2=492 vs b1={305}: values [408899077197794430483230097408, 648034417553121620683837890625), 16859828242615 candidates (MITM path)
  MITM b1=305: s=3 t=3 j=3 je=3 Q=28372625 table=119095488 yh=141566
stage b2=493 vs b1={306}: values [418134605590533958835165292757, 673995687544113646503571623936), 17820616176100 candidates (MITM path)
  MITM b1=306: s=3 t=3 j=3 je=3 Q=28652616 table=119823157 yh=148725
stage b2=494 vs b1={307}: values [427559379534856823843881170944, 700907174940351875150276622001), 18808487900067 candidates (MITM path)
  MITM b1=307: s=3 t=3 j=3 je=3 Q=28934443 table=120553784 yh=156018
stage b2=495 vs b1={308}: values [437176881962263889213818359375, 728800392748903786995238567936), 19824002345902 candidates (MITM path)
  MITM b1=308: s=3 t=3 j=3 je=3 Q=29218112 table=121287375 yh=163447
stage b2=496 vs b1={309}: values [446990652666799428081282973696, 757707791466420184947746068881), 20867727177097 candidates (MITM path)
  MITM b1=309: s=3 t=3 j=3 je=3 Q=29503629 table=122023936 yh=171014
stage b2=497 vs b1={310}: values [457004289115698715675308342353, 787662783788549761000000000000), 21940238886308 candidates (MITM path)
  MITM b1=310: s=3 t=3 j=3 je=3 Q=29791000 table=122763473 yh=178720
stage b2=498 vs b1={311}: values [467221447269921365272965629952, 818699769887346816976612516321), 23042122893031 candidates (MITM path)
  MITM b1=311: s=3 t=3 j=3 je=3 Q=30080231 table=123505992 yh=186567
stage b2=499 vs b1={312}: values [477645842414670666895611255499, 850854163267826846772605485056), 24173973641926 candidates (MITM path)
  MITM b1=312: s=3 t=3 j=3 je=3 Q=30371328 table=124251499 yh=194557
stage b2=500 vs b1={313}: values [488281250000000000000000000000, 884162417215006648162206715681), 25336394701761 candidates (MITM path)
  MITM b1=313: s=3 t=3 j=3 je=3 Q=30664297 table=125000000 yh=202692
stage b2=501 vs b1={314}: values [499131506491608208145638755501, 918662051842949959948040605696), 26529998865002 candidates (MITM path)
  MITM b1=314: s=3 t=3 j=3 je=3 Q=30959144 table=125751501 yh=210972
stage b2=502 vs b1={315}: values [510200510231926645287045634048, 954391681757526337812744140625), 27755408248033 candidates (MITM path)
  MITM b1=315: s=3 t=3 j=3 je=3 Q=31255875 table=126506008 yh=219400
stage b2=503 vs b1={316}: values [521492222311601429966591196647, 991391044344780112897566048256), 29013254392008 candidates (MITM path)
  MITM b1=316: s=3 t=3 j=3 je=3 Q=31554496 table=127263527 yh=227978
stage b2=504 vs b1={317}: values [533010667451475275290251362304, 1029701028696997844179291768561), 30304178364354 candidates (MITM path)
  MITM b1=317: s=3 t=3 j=3 je=3 Q=31855013 table=128024064 yh=236707
stage b2=505 vs b1={318}: values [544759934895174099174853515625, 1069363705188756702611733221376), 31628830860894 candidates (MITM path)
  MITM b1=318: s=3 t=3 j=3 je=3 Q=32157432 table=128787625 yh=245590
stage b2=506 vs b1={319}: values [556744179312404460981246765056, 1110422355715432735355050594561), 32987872308623 candidates (MITM path)
  MITM b1=319: s=3 t=3 j=3 je=3 Q=32461759 table=129554216 yh=254627
stage b2=507 vs b1={320}: values [568967621713068717313312446243, 1152921504606846976000000000000), 34381972969115 candidates (MITM path)
  MITM b1=320: s=3 t=3 j=3 je=3 Q=32768000 table=130323843 yh=263820
stage b2=508 vs b1={321}: values [581434550372305641487929966592, 1196906950228928915420617322241), 35811813042575 candidates (MITM path)
  MITM b1=321: s=3 t=3 j=3 je=3 Q=33076161 table=131096512 yh=273172
stage b2=509 vs b1={322}: values [594149321766565107986044015109, 1242425797286480951825250390016), 37278082772528 candidates (MITM path)
  MITM b1=322: s=3 t=3 j=3 je=3 Q=33386248 table=131872229 yh=282684

*** MATCH: 666192254287446165392098965270 is an 12-digit palindrome in bases 322 and 509
stage b2=510 vs b1={323}: values [607116361520826305100000000000, 1289526489840334121941717217521), 38781482551151 candidates (MITM path)
  MITM b1=323: s=3 t=3 j=3 je=3 Q=33698267 table=132651000 yh=292358
stage b2=511 vs b1={324}: values [620340165367069806017523226111, 1338258845052394702439737982976), 40322723025250 candidates (MITM path)
  MITM b1=324: s=3 t=3 j=3 je=3 Q=34012224 table=133432831 yh=302195
stage b2=512 vs b1={325}: values [633825300114114700748351602688, 1388674087672293186187744140625), 41902525202874 candidates (MITM path)
  MITM b1=325: s=3 t=3 j=3 je=3 Q=34328125 table=134217728 yh=312199
stage b2=513 vs b1={326}: values [647576404628932868625869313537, 1440824885279561706440311115776), 43521620560580 candidates (MITM path)
  MITM b1=326: s=3 t=3 j=3 je=3 Q=34645976 table=135005697 yh=322369
stage b2=514 vs b1={327}: values [661598190829553353623447537664, 1494765384295483228389391941921), 45180751151337 candidates (MITM path)
  MITM b1=327: s=3 t=3 j=3 je=3 Q=34965783 table=135796744 yh=332709
done: 449.00s, 159711518 candidates tested
