A171740 search: n=12, threads=1, limit=none
stage b2=269 vs b1={169}: values [533672814240301731473788469, 542800770374370512771595361), 24091279396 candidates (MITM path)
  MITM b1=169: s=4 t=2 j=2 je=3 Q=28561 table=72361 yh=332932
stage b2=270 vs b1={170}: values [555906056655552300000000000, 582622237229761000000000000), 68959131830 candidates (MITM path)
  MITM b1=170: s=4 t=2 j=2 je=3 Q=28900 table=72900 yh=945942
stage b2=271 vs b1={171}: values [578978183833808423828407471, 625105506678337880602119441), 116450807487 candidates (MITM path)
  MITM b1=171: s=4 t=2 j=2 je=3 Q=29241 table=73441 yh=1585638
stage b2=272 vs b1={172}: values [602917575938813502137827328, 670411357165926452996079616), 166667275176 candidates (MITM path)
  MITM b1=172: s=4 t=2 j=2 je=3 Q=29584 table=73984 yh=2252748
stage b2=273 vs b1={173}: values [627753463394042268515136177, 718709255220793060317103921), 219712353812 candidates (MITM path)
  MITM b1=173: s=4 t=2 j=2 je=3 Q=29929 table=74529 yh=2948012
stage b2=274 vs b1={174}: values [653515949089146258317953024, 770177770297334467043659776), 275692768761 candidates (MITM path)
  MITM b1=174: s=4 t=2 j=2 je=3 Q=30276 table=75076 yh=3672183
stage b2=275 vs b1={175}: values [680236031081676483154296875, 825005006849765777587890625), 334718208827 candidates (MITM path)
  MITM b1=175: s=4 t=2 j=2 je=3 Q=30625 table=75625 yh=4426026
stage b2=276 vs b1={176}: values [707945625803254614013771776, 883389054245605390183038976), 396901383875 candidates (MITM path)
  MITM b1=176: s=4 t=2 j=2 je=3 Q=30976 table=76176 yh=5210321
stage b2=277 vs b1={177}: values [736677591779499338860277773, 945538455146635506591955521), 462358083113 candidates (MITM path)
  MITM b1=177: s=3 t=3 j=3 je=3 Q=5545233 table=21253933 yh=21755
stage b2=278 vs b1={178}: values [766465753873151417719887872, 1011672693003313726683222016), 531207234008 candidates (MITM path)
  MITM b1=178: s=3 t=3 j=3 je=3 Q=5639752 table=21484952 yh=24725
stage b2=279 vs b1={179}: values [797344928059979319406571079, 1082022699327332498100696241), 603570961856 candidates (MITM path)
  MITM b1=179: s=3 t=3 j=3 je=3 Q=5735339 table=21717639 yh=27792
stage b2=280 vs b1={180}: values [829350946747187200000000000, 1156831381426176000000000000), 679574650000 candidates (MITM path)
  MITM b1=180: s=3 t=3 j=3 je=3 Q=5832000 table=21952000 yh=30958
stage b2=281 vs b1={181}: values [862520684644188385040795081, 1236354171303115835117980561), 759347000702 candidates (MITM path)
  MITM b1=181: s=3 t=3 j=3 je=3 Q=5929741 table=22188041 yh=34224
stage b2=282 vs b1={182}: values [896892085195750456196179968, 1320859596446125189798629376), 843020096658 candidates (MITM path)
  MITM b1=182: s=3 t=3 j=3 je=3 Q=6028568 table=22425768 yh=37592
stage b2=283 vs b1={183}: values [932504187587662529970024067, 1410629873249683485564270561), 930729463175 candidates (MITM path)
  MITM b1=183: s=3 t=3 j=3 je=3 Q=6128487 table=22665187 yh=41065

*** MATCH: 1366514453544250556927050032 is an 12-digit palindrome in bases 183 and 283
stage b2=284 vs b1={184}: values [969397154335221362022416384, 1505961523834397662438752256), 1022614130997 candidates (MITM path)
  MITM b1=184: s=3 t=3 j=3 je=3 Q=6229504 table=22906304 yh=44644
stage b2=285 vs b1={185}: values [1007612299464980527001953125, 1607166017050789863525390625), 1118816699786 candidates (MITM path)
  MITM b1=185: s=3 t=3 j=3 je=3 Q=6331625 table=23149125 yh=48331
stage b2=286 vs b1={186}: values [1047192117300356121695451136, 1714570434475502278801821696), 1219483402261 candidates (MITM path)
  MITM b1=186: s=3 t=3 j=3 je=3 Q=6434856 table=23393656 yh=52129
stage b2=287 vs b1={187}: values [1088180311861833230021357663, 1828518162230556187140793681), 1324764168995 candidates (MITM path)
  MITM b1=187: s=3 t=3 j=3 je=3 Q=6539203 table=23639903 yh=56040
stage b2=288 vs b1={188}: values [1130621826892669783231168512, 1949369609479181830042157056), 1434812693863 candidates (MITM path)
  MITM b1=188: s=3 t=3 j=3 je=3 Q=6644672 table=23887872 yh=60065
stage b2=289 vs b1={189}: values [1174562876521148458974062689, 2077502954475116767205550321), 1549786500164 candidates (MITM path)
  MITM b1=189: s=3 t=3 j=3 je=3 Q=6751269 table=24137569 yh=64207
stage b2=290 vs b1={190}: values [1220050976570582900000000000, 2213314919066161000000000000), 1669847007387 candidates (MITM path)
  MITM b1=190: s=3 t=3 j=3 je=3 Q=6859000 table=24389000 yh=68468
stage b2=291 vs b1={191}: values [1267134976528441808641913691, 2357221572577185690065114881), 1795159598648 candidates (MITM path)
  MITM b1=191: s=3 t=3 j=3 je=3 Q=6967871 table=24642171 yh=72850
stage b2=292 vs b1={192}: values [1315865092186113398284484608, 2509659166022727122011815936), 1925893688790 candidates (MITM path)
  MITM b1=192: s=3 t=3 j=3 je=3 Q=7077888 table=24897088 yh=77355
stage b2=293 vs b1={193}: values [1366292938960993269291344957, 2671084997624767126594464001), 2062222793138 candidates (MITM path)
  MITM b1=193: s=3 t=3 j=3 je=3 Q=7189057 table=25153757 yh=81985
done: 26.25s, 21747100 candidates tested
