A171740 search: n=14, threads=1, limit=none
stage b2=359 vs b1={236}: values [1645234589328065340756692514311879, 1662524452241727005330470932054016), 22497300528237 candidates (MITM path)
  MITM b1=236: s=4 t=3 j=3 je=3 Q=13144256 table=46268279 yh=486236
stage b2=360 vs b1={237}: values [1705817281795782082560000000000000, 1763911713133997936335712142251289), 74133925893790 candidates (MITM path)
  MITM b1=237: s=4 t=3 j=3 je=3 Q=13312053 table=46656000 yh=1588948
stage b2=361 vs b1={238}: values [1768453418076865701195582595329481, 1871015558000686912224711093796864), 128362054722144 candidates (MITM path)
  MITM b1=238: s=4 t=3 j=3 je=3 Q=13481272 table=47045881 yh=2728445
stage b2=362 vs b1={239}: values [1833206620208037610752855912783872, 1984132236766622027506928774262241), 185269088552240 candidates (MITM path)
  MITM b1=239: s=4 t=3 j=3 je=3 Q=13651919 table=47437928 yh=3905506
stage b2=363 vs b1={240}: values [1900142297215885771145866243915803, 2103572012316858777600000000000000), 244944682399030 candidates (MITM path)
  MITM b1=240: s=4 t=3 j=3 je=3 Q=13824000 table=47832147 yh=5120922
stage b2=364 vs b1={241}: values [1969327690163771674979127676370944, 2229659760502257132817812847740961), 307480788890713 candidates (MITM path)
  MITM b1=241: s=4 t=3 j=3 je=3 Q=13997521 table=48228544 yh=6375494
stage b2=365 vs b1={242}: values [2040831918205308698658487548828125, 2362735593168883450473284633903104), 372971703013259 candidates (MITM path)
  MITM b1=242: s=4 t=3 j=3 je=3 Q=14172488 table=48627125 yh=7670035
stage b2=366 vs b1={243}: values [2114726025664037501814878311735296, 2503155504993241601315571986085849), 441514107466930 candidates (MITM path)
  MITM b1=243: s=4 t=3 j=3 je=3 Q=14348907 table=49027896 yh=9005366
stage b2=367 vs b1={244}: values [2191083030159251239243293893133487, 2651292044928480635622559471108096), 513207118639538 candidates (MITM path)
  MITM b1=244: s=4 t=3 j=3 je=3 Q=14526784 table=49430863 yh=10382322
stage b2=368 vs b1={245}: values [2269977971798254959728479560531968, 2807535013090453863383795166015625), 588152333201157 candidates (MITM path)
  MITM b1=245: s=4 t=3 j=3 je=3 Q=14706125 table=49836032 yh=11801749
stage b2=369 vs b1={246}: values [2351487963455679756386948226834609, 2972292183936828626836081803411456), 666453875325024 candidates (MITM path)
  MITM b1=246: s=4 t=3 j=3 je=3 Q=14886936 table=50243409 yh=13264504
stage b2=370 vs b1={247}: values [2435692242160813053970000000000000, 3145990056617379761511309839089969), 748218444539379 candidates (MITM path)
  MITM b1=247: s=4 t=3 j=3 je=3 Q=15069223 table=50653000 yh=14771454
stage b2=371 vs b1={248}: values [2522672221614251920828329838491011, 3329074633399155440492375267344384), 833555364214973 candidates (MITM path)
  MITM b1=248: s=4 t=3 j=3 je=3 Q=15252992 table=51064811 yh=16323479
stage b2=372 vs b1={249}: values [2612511545855536528237681340055552, 3522012227096394652101560724434001), 922576630692993 candidates (MITM path)
  MITM b1=249: s=4 t=3 j=3 je=3 Q=15438249 table=51478848 yh=17921471
stage b2=373 vs b1={250}: values [2705296144103775899249465745412933, 3725290298461914062500000000000000), 1015396963058167 candidates (MITM path)
  MITM b1=250: s=4 t=3 j=3 je=3 Q=15625000 table=51895117 yh=19566330
stage b2=374 vs b1={251}: values [2801114286793637945305730403098624, 3939418324524181765386728349441001), 1112133853561795 candidates (MITM path)
  MITM b1=251: s=4 t=3 j=3 je=3 Q=15813251 table=52313624 yh=21258972
stage b2=375 vs b1={252}: values [2900056642829440534114837646484375, 4164928698882469942515671324688384), 1212907618699462 candidates (MITM path)
  MITM b1=252: s=4 t=3 j=3 je=3 Q=16003008 table=52734375 yh=23000323
stage b2=376 vs b1={253}: values [3002216338080450019720605913317376, 4402377665001341492756836874350969), 1317841450948220 candidates (MITM path)
  MITM b1=253: s=4 t=3 j=3 je=3 Q=16194277 table=53157376 yh=24791319
stage b2=377 vs b1={254}: values [3107689015140868348741078056241817, 4652346283575291198546759565459456), 1427061471167974 candidates (MITM path)
  MITM b1=254: s=4 t=3 j=3 je=3 Q=16387064 table=53582633 yh=26632911
stage b2=378 vs b1={255}: values [3216572894378369589263147095400448, 4915441435064644177113043212890625), 1540696781671877 candidates (MITM path)
  MITM b1=255: s=4 t=3 j=3 je=3 Q=16581375 table=54010152 yh=28526059
stage b2=379 vs b1={256}: values [3328968836295431565149961657333739, 5192296858534827628530496329220096), 1658879519970487 candidates (MITM path)
  MITM b1=256: s=4 t=3 j=3 je=3 Q=16777216 table=54439939 yh=30471738
stage b2=380 vs b1={257}: values [3444980405228098273280000000000000, 5483574227962890893331590433934849), 1781744913194484 candidates (MITM path)
  MITM b1=257: s=4 t=3 j=3 je=3 Q=16974593 table=54872000 yh=32470931
stage b2=381 vs b1={258}: values [3564713934407203969659599412660141, 5789964267207668452827559331119104), 1909431333200715 candidates (MITM path)
  MITM b1=258: s=4 t=3 j=3 je=3 Q=17173512 table=55306341 yh=34524637
stage b2=382 vs b1={259}: values [3688278592407490288045563431084032, 6112187904873275865980332271043961), 2042080352366372 candidates (MITM path)
  MITM b1=259: s=4 t=3 j=3 je=3 Q=17373979 table=55742968 yh=36633865
stage b2=383 vs b1={260}: values [3815786451010453557735946798011263, 6450997470329715097600000000000000), 2179836800076084 candidates (MITM path)
  MITM b1=260: s=4 t=3 j=3 je=3 Q=17576000 table=56181887 yh=38799637

*** MATCH: 5956710881207530182791553901031040 is an 14-digit palindrome in bases 260 and 383
stage b2=384 vs b1={261}: values [3947352554507170672035992860360704, 6807177932189258856180832656779241), 2322848819906714 candidates (MITM path)
  MITM b1=261: s=4 t=3 j=3 je=3 Q=17779581 table=56623104 yh=41022987
stage b2=385 vs b1={262}: values [4083094990467768482531636962890625, 7181548180572999273393724747300864), 2471267927514682 candidates (MITM path)
  MITM b1=262: s=4 t=3 j=3 je=3 Q=17984728 table=57066625 yh=43304961
stage b2=386 vs b1={263}: values [4223134962004623814104936875565056, 7574962354538500616775660413022289), 2625249069230590 candidates (MITM path)
  MITM b1=263: s=4 t=3 j=3 je=3 Q=18191447 table=57512456 yh=45646618
stage b2=387 vs b1={264}: values [4367596861556808869457342044548947, 7988311216076905079138811711062016), 2784950681365976 candidates (MITM path)
  MITM b1=264: s=4 t=3 j=3 je=3 Q=18399744 table=57960603 yh=48049029
stage b2=388 vs b1={265}: values [4516608346223730078076491035312128, 8422523572126121633218804931640625), 2950534750236992 candidates (MITM path)
  MITM b1=265: s=4 t=3 j=3 je=3 Q=18609625 table=58411072 yh=50513279
stage b2=389 vs b1={266}: values [4670300414676347401856768325525269, 8878567746085897335509947690663936), 3122166872909831 candidates (MITM path)
  MITM b1=266: s=4 t=3 j=3 je=3 Q=18821096 table=58863869 yh=53040464
stage b2=390 vs b1={267}: values [4828807485674805797190000000000000, 9357453100360645426341446339617929), 3300016318672713 candidates (MITM path)
  MITM b1=267: s=4 t=3 j=3 je=3 Q=19034163 table=59319000 yh=55631692
stage b2=391 vs b1={268}: values [4992267478221761010969967707552871, 9860231611496902484101890807169024), 3484256091239249 candidates (MITM path)
  MITM b1=268: s=4 t=3 j=3 je=3 Q=19248832 table=59776471 yh=58288087
stage b2=392 vs b1={269}: values [5160821893381138215757522311053312, 10387999499524225396026023192028121), 3675062991688014 candidates (MITM path)
  MITM b1=269: s=4 t=3 j=3 je=3 Q=19465109 table=60236288 yh=61010782
stage b2=393 vs b1={270}: values [5334615897792524227954149747794793, 10941898913151235920900000000000000), 3872617682143138 candidates (MITM path)
  MITM b1=270: s=4 t=3 j=3 je=3 Q=19683000 table=60698457 yh=63800925
stage b2=394 vs b1={271}: values [5513798408911862263322980452573184, 11523119672512394327137541804059681), 4077104750200771 candidates (MITM path)
  MITM b1=271: s=4 t=3 j=3 je=3 Q=19902511 table=61162984 yh=66659677
stage b2=395 vs b1={272}: values [5698522182009592428141893310546875, 12132901071205952454668884633452544), 4288712774106224 candidates (MITM path)
  MITM b1=272: s=4 t=3 j=3 je=3 Q=20123648 table=61629875 yh=69588212
stage b2=396 vs b1={273}: values [5888943898957861483712781364494336, 12772533739409419310834931469027809), 4507634388686650 candidates (MITM path)
  MITM b1=273: s=4 t=3 j=3 je=3 Q=20346417 table=62099136 yh=72587716
done: 329.37s, 615481145 candidates tested
