A171740 search: n=14, threads=1, limit=none
stage b2=260 vs b1={175}: values [24811528732037365760000000000000, 25265778334774076938629150390625), 5655631704222 candidates (MITM path)
  MITM b1=175: s=4 t=3 j=3 je=3 Q=5359375 table=17576000 yh=321782
stage b2=261 vs b1={176}: values [26081141502640838529428477612181, 27363859344311872566309815320576), 15547035281757 candidates (MITM path)
  MITM b1=176: s=4 t=3 j=3 je=3 Q=5451776 table=17779581 yh=874433
stage b2=262 vs b1={177}: values [27410489238828241501502766211072, 29622774261288943786019374517409), 26105501452949 candidates (MITM path)
  MITM b1=177: s=4 t=3 j=3 je=3 Q=5545233 table=17984728 yh=1451538
stage b2=263 vs b1={178}: values [28802138230184412991542435030503, 32053837605116992116231206354944), 37361142470114 candidates (MITM path)
  MITM b1=178: s=4 t=3 j=3 je=3 Q=5639752 table=18191447 yh=2053776
stage b2=264 vs b1={179}: values [30258754606351913178556104966144, 34669089309147060571644408257881), 49345103187848 candidates (MITM path)
  MITM b1=179: s=4 t=3 j=3 je=3 Q=5735339 table=18399744 yh=2681837
stage b2=265 vs b1={180}: values [31783107819343855219693603515625, 37481336758208102400000000000000), 62089587766728 candidates (MITM path)
  MITM b1=180: s=4 t=3 j=3 je=3 Q=5832000 table=18609625 yh=3336424
stage b2=266 vs b1={181}: values [33378074233405629080864465002496, 40504199006061377874300161158921), 75627886857558 candidates (MITM path)
  MITM b1=181: s=4 t=3 j=3 je=3 Q=5929741 table=18821096 yh=4018251
stage b2=267 vs b1={182}: values [35046640825320769387046615504187, 43752153272681450786889799450624), 89994405270937 candidates (MITM path)
  MITM b1=182: s=4 t=3 j=3 je=3 Q=6028568 table=19034163 yh=4728047
stage b2=268 vs b1={183}: values [36791908998122770463066756743168, 47240583825258650248061856817329), 105224690136975 candidates (MITM path)
  MITM b1=183: s=4 t=3 j=3 je=3 Q=6128487 table=19248832 yh=5466550
stage b2=269 vs b1={184}: values [38617098511242473591174807405309, 50985833350937367259526396379136), 121355459559940 candidates (MITM path)
  MITM b1=184: s=4 t=3 j=3 je=3 Q=6229504 table=19465109 yh=6234513
stage b2=270 vs b1={185}: values [40525551530189762670000000000000, 55005256933563283079156494140625), 138424631772671 candidates (MITM path)
  MITM b1=185: s=4 t=3 j=3 je=3 Q=6331625 table=19683000 yh=7032700
stage b2=271 vs b1={186}: values [42520736798938724454382073077711, 59317278751114476837427823394816), 156471354795567 candidates (MITM path)
  MITM b1=186: s=4 t=3 j=3 je=3 Q=6434856 table=19902511 yh=7861891

*** MATCH: 44136065014423812480272158732752 is an 14-digit palindrome in bases 186 and 271
done: 24.21s, 38955932 candidates tested
