A171740 search: n=14, threads=1, limit=none
stage b2=517 vs b1={331}: values [188528520872492679004546608119852437, 189492450840445919389300039685792521), 97636382644562 candidates (MITM path)
  MITM b1=331: s=4 t=3 j=3 je=3 Q=36264691 table=138188413 yh=706546
stage b2=518 vs b1={332}: values [193324491570354733181895297159815168, 197666545239619210242183006282317824), 433897221368782 candidates (MITM path)
  MITM b1=332: s=4 t=3 j=3 je=3 Q=36594368 table=138991832 yh=3121747
stage b2=519 vs b1={333}: values [198232862392668818594582670912803559, 206167055859864657197443888722807129), 782224260120985 candidates (MITM path)
  MITM b1=333: s=4 t=3 j=3 je=3 Q=36926037 table=139798359 yh=5595376
stage b2=520 vs b1={334}: values [203256043372850100305920000000000000, 215005978102776043931247317256257536), 1142910042269735 candidates (MITM path)
  MITM b1=334: s=4 t=3 j=3 je=3 Q=37259704 table=140608000 yh=8128343
stage b2=521 vs b1={335}: values [208396491430277954192889648311785961, 224195710222759373302821832275390625), 1516252571016098 candidates (MITM path)
  MITM b1=335: s=4 t=3 j=3 je=3 Q=37595375 table=141420761 yh=10721570
stage b2=522 vs b1={336}: values [213656711189633749233078088598986752, 233749065589177456392773613876412416), 1902555387397240 candidates (MITM path)
  MITM b1=336: s=4 t=3 j=3 je=3 Q=37933056 table=142236648 yh=13375986
stage b2=523 vs b1={337}: values [219039255812941154532109005895053883, 243679285283393666208253061306357089), 2302127649080762 candidates (MITM path)
  MITM b1=337: s=4 t=3 j=3 je=3 Q=38272753 table=143055667 yh=16092531
stage b2=524 vs b1={338}: values [224546727844480954380310660801101824, 254000051038820699590976063168856064), 2715284209954390 candidates (MITM path)
  MITM b1=338: s=4 t=3 j=3 je=3 Q=38614472 table=143877824 yh=18872153
stage b2=525 vs b1={339}: values [230181780068754346668720245361328125, 264725498532251343422483410510418841), 3142345700515647 candidates (MITM path)
  MITM b1=339: s=4 t=3 j=3 je=3 Q=38958219 table=144703125 yh=21715811
stage b2=526 vs b1={340}: values [235947116381670711226715627769880576, 275870231034922482073600000000000000), 3583638609066106 candidates (MITM path)
  MITM b1=340: s=4 t=3 j=3 je=3 Q=39304000 table=145531576 yh=24624475
stage b2=527 vs b1={341}: values [241845492675137865214191430461762767, 287449333431940958491026723053340361), 4039495363714889 candidates (MITM path)
  MITM b1=341: s=4 t=3 j=3 je=3 Q=39651821 table=146363183 yh=27599123
stage b2=528 vs b1={342}: values [247879717735234872758731611882651648, 299478386618880458206192837825019904), 4510254415196008 candidates (MITM path)
  MITM b1=342: s=4 t=3 j=3 je=3 Q=40001688 table=147197952 yh=30640742
stage b2=529 vs b1={343}: values [254052654154149545721997685422868689, 311973482284542371301330321821976049), 4996260320504211 candidates (MITM path)
  MITM b1=343: s=4 t=3 j=3 je=3 Q=40353607 table=148035889 yh=33750332
stage b2=530 vs b1={344}: values [260367219256064861959730000000000000, 324951238089060649950183741190045696), 5497863827353958 candidates (MITM path)
  MITM b1=344: s=4 t=3 j=3 je=3 Q=40707584 table=148877000 yh=36928900
stage b2=531 vs b1={345}: values [266826386037180636857388515472989091, 338428813246721067109392828369140625), 6015421959466184 candidates (MITM path)
  MITM b1=345: s=4 t=3 j=3 je=3 Q=41063625 table=149721291 yh=40177466
stage b2=532 vs b1={346}: values [273433184120058913430441697300447232, 352423924523059044388546203674361856), 6549298102687483 candidates (MITM path)
  MITM b1=346: s=4 t=3 j=3 je=3 Q=41421736 table=150568768 yh=43497056
stage b2=533 vs b1={347}: values [280190700722483686027416350032250213, 366954862655997403768050803331897769), 7099862091946382 candidates (MITM path)
  MITM b1=347: s=4 t=3 j=3 je=3 Q=41781923 table=151419437 yh=46888711
stage b2=534 vs b1={348}: values [287102081641027742818685874210299904, 382040509210986058943919609908035584), 7667490299051345 candidates (MITM path)
  MITM b1=348: s=4 t=3 j=3 je=3 Q=42144192 table=152273304 yh=50353477
stage b2=535 vs b1={349}: values [294170532249521602949110970458984375, 397700353880309848525885235660892601), 8252565721335187 candidates (MITM path)
  MITM b1=349: s=4 t=3 j=3 je=3 Q=42508549 table=153130375 yh=53892416
stage b2=536 vs b1={350}: values [301399318512621735633442871240032256, 413954512236938476562500000000000000), 8855478071150539 candidates (MITM path)
  MITM b1=350: s=4 t=3 j=3 je=3 Q=42875000 table=153990656 yh=57506594
stage b2=537 vs b1={351}: values [308791768014677480736121943614131897, 430823743953503917975940025623902401), 9476623866221055 candidates (MITM path)
  MITM b1=351: s=4 t=3 j=3 je=3 Q=43243551 table=154854153 yh=61197093
stage b2=538 vs b1={352}: values [316351271004098343658904022264291328, 448329471497205720126420014212317184), 10116406520853016 candidates (MITM path)
  MITM b1=352: s=4 t=3 j=3 je=3 Q=43614208 table=155720872 yh=64965001
stage b2=539 vs b1={353}: values [324081281453425611818659325054366219, 466493799311663440167496584517263169), 10775236438012019 candidates (MITM path)
  MITM b1=353: s=4 t=3 j=3 je=3 Q=43986977 table=156590819 yh=68811419
stage b2=540 vs b1={354}: values [331985318135314535792640000000000000, 485339533496958054990141432093229056), 11453531102269416 candidates (MITM path)
  MITM b1=354: s=4 t=3 j=3 je=3 Q=44361864 table=157464000 yh=72737459
stage b2=541 vs b1={355}: values [340066965714635635499320813072655821, 504890201999330620896660650634765625), 12151715173623204 candidates (MITM path)
  MITM b1=355: s=4 t=3 j=3 je=3 Q=44738875 table=158340421 yh=76744240
stage b2=542 vs b1={356}: values [348329875856906030730297942652608512, 525170075322236798832332084919402496), 12870220582198039 candidates (MITM path)
  MITM b1=356: s=4 t=3 j=3 je=3 Q=45118016 table=159220088 yh=80832895
stage b2=543 vs b1={357}: values [356777768353264056114297546073891743, 546204187770690153801056774632964649), 13609486623829065 candidates (MITM path)
  MITM b1=357: s=4 t=3 j=3 je=3 Q=45499293 table=160103007 yh=85004566
stage b2=544 vs b1={358}: values [365414432262202803340615819548688384, 568018359241065440405821984897122304), 14369960056534262 candidates (MITM path)
  MITM b1=358: s=4 t=3 j=3 je=3 Q=45882712 table=160989184 yh=89260407
stage b2=545 vs b1={359}: values [374243727068280638359709019775390625, 590639217568775457331652612637964561), 15152095197879996 candidates (MITM path)
  MITM b1=359: s=4 t=3 j=3 je=3 Q=46268279 table=161878625 yh=93601581
stage b2=546 vs b1={360}: values [383269583858029168477508273239105536, 614094221446481549721600000000000000), 15956354023244485 candidates (MITM path)
  MITM b1=360: s=4 t=3 j=3 je=3 Q=46656000 table=162771336 yh=98029263
stage b2=547 vs b1={361}: values [392496006513281583932595840500243827, 638411683925748518131605316913942641), 16783206264983875 candidates (MITM path)
  MITM b1=361: s=4 t=3 j=3 je=3 Q=47045881 table=163667323 yh=102544638
stage b2=548 vs b1={362}: values [401927072922146770857809028954718208, 663620796515309615092533840427761664), 17633129512505639 candidates (MITM path)
  MITM b1=362: s=4 t=3 j=3 je=3 Q=47437928 table=164566592 yh=107148902
stage b2=549 vs b1={363}: values [411566936207857087647217069653412149, 689751653889366534925949446541436489), 18506609313254005 candidates (MITM path)
  MITM b1=363: s=4 t=3 j=3 je=3 Q=47832147 table=165469149 yh=111843262
stage b2=550 vs b1={364}: values [421419825975720214843750000000000000, 716835279219612889692402474199023616), 19404139274612135 candidates (MITM path)
  MITM b1=364: s=4 t=3 j=3 je=3 Q=48228544 table=166375000 yh=116628937
stage b2=551 vs b1={365}: values [431490049578408029900978423638102151, 744903650144937675010347955322265625), 20326221166725763 candidates (MITM path)
  MITM b1=365: s=4 t=3 j=3 je=3 Q=48627125 table=167284151 yh=121507155
stage b2=552 vs b1={366}: values [441781993399818022724510341599854592, 773989725393037725664245462095118336), 21273365026253021 candidates (MITM path)
  MITM b1=366: s=4 t=3 j=3 je=3 Q=49027896 table=168196608 yh=126479157
stage b2=553 vs b1={367}: values [452300124157745355934980751882862473, 804127472068445204802288858779989729), 22246089261045165 candidates (MITM path)
  MITM b1=367: s=4 t=3 j=3 je=3 Q=49430863 table=169112377 yh=131546193
stage b2=554 vs b1={368}: values [463048990225606285487392794579083264, 835351893621757825180080478275764224), 23244920755762949 candidates (MITM path)
  MITM b1=368: s=4 t=3 j=3 je=3 Q=49836032 table=170031464 yh=136709526
stage b2=555 vs b1={369}: values [474033222973456292803297401123046875, 867699058515145830106783895701970721), 24270394978433347 candidates (MITM path)
  MITM b1=369: s=4 t=3 j=3 je=3 Q=50243409 table=170953875 yh=141970430
stage b2=556 vs b1={370}: values [485257538128548939096586766742716416, 901206129599500829968900000000000000), 25323056087951389 candidates (MITM path)
  MITM b1=370: s=4 t=3 j=3 je=3 Q=50653000 table=171879616 yh=147330188
stage b2=557 vs b1={371}: values [496726737155684136275087566416582557, 935911394218887462627310370080165081), 26403457042531818 candidates (MITM path)
  MITM b1=371: s=4 t=3 j=3 je=3 Q=51064811 table=172808693 yh=152790098

*** MATCH: 499472688342378257749682804458627884 is an 14-digit palindrome in bases 371 and 557
done: 1817.35s, 2580036970 candidates tested
