A171740 search: n=14, threads=1, limit=none
stage b2=268 vs b1={180}: values [36791908998122770463066756743168, 37481336758208102400000000000000), 6942968713928 candidates (MITM path)
  MITM b1=180: s=4 t=3 j=3 je=3 Q=5832000 table=19248832 yh=360696
stage b2=269 vs b1={181}: values [38617098511242473591174807405309, 40504199006061377874300161158921), 18515228174314 candidates (MITM path)
  MITM b1=181: s=4 t=3 j=3 je=3 Q=5929741 table=19465109 yh=951201
stage b2=270 vs b1={182}: values [40525551530189762670000000000000, 43752153272681450786889799450624), 30846011409695 candidates (MITM path)
  MITM b1=182: s=4 t=3 j=3 je=3 Q=6028568 table=19683000 yh=1567140
stage b2=271 vs b1={183}: values [42520736798938724454382073077711, 47240583825258650248061856817329), 43968625252679 candidates (MITM path)
  MITM b1=183: s=4 t=3 j=3 je=3 Q=6128487 table=19902511 yh=2209200
stage b2=272 vs b1={184}: values [44606253938257178142165017034752, 50985833350937367259526396379136), 57917488304411 candidates (MITM path)
  MITM b1=184: s=4 t=3 j=3 je=3 Q=6229504 table=20123648 yh=2878081
stage b2=273 vs b1={185}: values [46785837873294576230164584135633, 55005256933563283079156494140625), 72728158941099 candidates (MITM path)
  MITM b1=185: s=4 t=3 j=3 je=3 Q=6331625 table=20346417 yh=3574495
stage b2=274 vs b1={186}: values [49063363393816744489478641229824, 59317278751114476837427823394816), 88437363811919 candidates (MITM path)
  MITM b1=186: s=4 t=3 j=3 je=3 Q=6434856 table=20570824 yh=4299165
stage b2=275 vs b1={187}: values [51442849850551784038543701171875, 63941451615040319308126414230889), 105083026833080 candidates (MITM path)
  MITM b1=187: s=4 t=3 j=3 je=3 Q=6539203 table=20796875 yh=5052828
stage b2=276 vs b1={188}: values [53928465991188723477113078808576, 68898519477432202601009998987264), 122704298682855 candidates (MITM path)
  MITM b1=188: s=4 t=3 j=3 je=3 Q=6644672 table=21024576 yh=5836232
stage b2=277 vs b1={189}: values [56524534939649204771410253244517, 74210483036805646041349463016441), 141341586802377 candidates (MITM path)
  MITM b1=189: s=4 t=3 j=3 je=3 Q=6751269 table=21253933 yh=6650138
stage b2=278 vs b1={190}: values [59235539322332634167063814299648, 79900668578288412100000000000000), 161036585906998 candidates (MITM path)
  MITM b1=190: s=4 t=3 j=3 je=3 Q=6859000 table=21484952 yh=7495320
stage b2=279 vs b1={191}: values [62066126545116850201926899360439, 85993800189188311159265455973761), 181832309013038 candidates (MITM path)
  MITM b1=191: s=4 t=3 j=3 je=3 Q=6967871 table=21717639 yh=8372564
stage b2=280 vs b1={192}: values [65021114224979476480000000000000, 92516075496261812625843582664704), 203773118984731 candidates (MITM path)
  MITM b1=192: s=4 t=3 j=3 je=3 Q=7077888 table=21952000 yh=9282668
stage b2=281 vs b1={193}: values [68105495780189759071206220390841, 99495245076524950698517189573249), 226904760606186 candidates (MITM path)
  MITM b1=193: s=4 t=3 j=3 je=3 Q=7189057 table=22188041 yh=10226445
stage b2=282 vs b1={194}: values [71324446183106859278545015775232, 106960695699145951556010651959296), 251274393183203 candidates (MITM path)
  MITM b1=194: s=4 t=3 j=3 je=3 Q=7301384 table=22425768 yh=11204718
stage b2=283 vs b1={195}: values [74683327879708304362769257501963, 114943537561839249322760009765625), 276930623679753 candidates (MITM path)
  MITM b1=195: s=4 t=3 j=3 je=3 Q=7414875 table=22665187 yh=12218326
stage b2=284 vs b1={196}: values [78187696880061614175280015867904, 123476695691247935826229781856256), 303923540393977 candidates (MITM path)
  MITM b1=196: s=4 t=3 j=3 je=3 Q=7529536 table=22906304 yh=13268118
stage b2=285 vs b1={197}: values [81843309024043043305733642578125, 132595005683061140853836321918569), 332304747178525 candidates (MITM path)
  MITM b1=197: s=4 t=3 j=3 je=3 Q=7645373 table=23149125 yh=14354960
stage b2=286 vs b1={198}: values [85656126426699929330201121120256, 142335313964069405978409510518784), 362127398210088 candidates (MITM path)
  MITM b1=198: s=4 t=3 j=3 je=3 Q=7762392 table=23393656 yh=15479727
stage b2=287 vs b1={199}: values [89632324107747341323629209343647, 152736582765019941952958691637201), 393446233312967 candidates (MITM path)
  MITM b1=199: s=4 t=3 j=3 je=3 Q=7880599 table=23639903 yh=16643310
stage b2=288 vs b1={200}: values [93778296809785602500326041059328, 163840000000000000000000000000000), 426317613841528 candidates (MITM path)
  MITM b1=200: s=4 t=3 j=3 je=3 Q=8000000 table=23887872 yh=17846614
stage b2=289 vs b1={201}: values [98100666009922840441972689847969, 175689094255155802434244515642801), 460799559126398 candidates (MITM path)
  MITM b1=201: s=4 t=3 j=3 je=3 Q=8120601 table=24137569 yh=19090554
stage b2=290 vs b1={202}: values [102606287129586021890000000000000, 188329855096852039605697108393984), 496951783489256 candidates (MITM path)
  MITM b1=202: s=4 t=3 j=3 je=3 Q=8242408 table=24389000 yh=20376063
stage b2=291 vs b1={203}: values [107302256947404980797605893267571, 201810858916898431719789378127369), 534835733831090 candidates (MITM path)
  MITM b1=203: s=4 t=3 j=3 je=3 Q=8365427 table=24642171 yh=21704084
stage b2=292 vs b1={204}: values [112195921220156772791328295616512, 216183400540220972918552087494656), 574514627798777 candidates (MITM path)
  MITM b1=204: s=4 t=3 j=3 je=3 Q=8489664 table=24897088 yh=23075576
stage b2=293 vs b1={205}: values [117294882516862311175392673213493, 231501630828342033704595947265625), 616053492534852 candidates (MITM path)
  MITM b1=205: s=4 t=3 j=3 je=3 Q=8615125 table=25153757 yh=24491511
stage b2=294 vs b1={206}: values [122607008271233684175628129296384, 247822700520261426090084682448896), 659519204015353 candidates (MITM path)
  MITM b1=206: s=4 t=3 j=3 je=3 Q=8741816 table=25412184 yh=25952874
stage b2=295 vs b1={207}: values [128140439057778845576146240234375, 265206910560805882369006879852449), 704980526980598 candidates (MITM path)
  MITM b1=207: s=4 t=3 j=3 je=3 Q=8869743 table=25672375 yh=27460667

*** MATCH: 221611761785396355129174934889776 is an 14-digit palindrome in bases 207 and 295
stage b2=296 vs b1={208}: values [133903597096980536826509221953536, 283717869175243332415379948437504), 752508155463787 candidates (MITM path)
  MITM b1=208: s=4 t=3 j=3 je=3 Q=8998912 table=25934336 yh=29015903
stage b2=297 vs b1={209}: values [139905194995078363929650377085577, 303422655957947177630796910616161), 802174753922302 candidates (MITM path)
  MITM b1=209: s=4 t=3 j=3 je=3 Q=9129329 table=26198073 yh=30619610
stage b2=298 vs b1={210}: values [146154244724096943067604967006208, 324391993252150868100000000000000), 854054998976602 candidates (MITM path)
  MITM b1=210: s=4 t=3 j=3 je=3 Q=9261000 table=26463592 yh=32272830
stage b2=299 vs b1={211}: values [152660066847878971357626214983899, 346700425107361035262655933030041), 908225621761583 candidates (MITM path)
  MITM b1=211: s=4 t=3 j=3 je=3 Q=9393931 table=26730899 yh=33976621
stage b2=300 vs b1={212}: values [159432300000000000000000000000000, 370426504110804885524407033790464), 964765450895313 candidates (MITM path)
  MITM b1=212: s=4 t=3 j=3 je=3 Q=9528128 table=27000000 yh=35732054
stage b2=301 vs b1={213}: values [166480910619561613297209229023901, 395652986399381320581034818847689), 1023755456070021 candidates (MITM path)
  MITM b1=213: s=4 t=3 j=3 je=3 Q=9663597 table=27270901 yh=37540214
stage b2=302 vs b1={214}: values [173816202950981675782129720942592, 422467035168972249391801182601216), 1085278792270245 candidates (MITM path)
  MITM b1=214: s=4 t=3 j=3 je=3 Q=9800344 table=27543608 yh=39402202
stage b2=303 vs b1={215}: values [181448829314024328456326524154223, 450960433008657859896539306640625), 1149420844623041 candidates (MITM path)
  MITM b1=215: s=4 t=3 j=3 je=3 Q=9938375 table=27818127 yh=41319132
stage b2=304 vs b1={216}: values [189389800650438521651349384331264, 481229803398374426442198455156736), 1216269273885148 candidates (MITM path)
  MITM b1=216: s=4 t=3 j=3 je=3 Q=10077696 table=28094464 yh=43292134
stage b2=305 vs b1={217}: values [197650497353702094308570556640625, 513376841719862879656860722064529), 1285914062572015 candidates (MITM path)
  MITM b1=217: s=4 t=3 j=3 je=3 Q=10218313 table=28372625 yh=45322351
stage b2=306 vs b1={218}: values [206242680388498775830092916924416, 547508556142388336802624725991424), 1358447561733607 candidates (MITM path)
  MITM b1=218: s=4 t=3 j=3 je=3 Q=10360232 table=28652616 yh=47410944
stage b2=307 vs b1={219}: values [215178502706688025671134922954307, 583737518756672701482036256689321), 1433964538381892 candidates (MITM path)
  MITM b1=219: s=4 t=3 j=3 je=3 Q=10503459 table=28934443 yh=49559086
done: 184.25s, 425724819 candidates tested
