A171740 search: n=14, threads=1, limit=none
stage b2=273 vs b1={183}: values [46785837873294576230164584135633, 47240583825258650248061856817329), 4023743725653 candidates (MITM path)
  MITM b1=183: s=4 t=3 j=3 je=3 Q=6128487 table=20346417 yh=197762
stage b2=274 vs b1={184}: values [49063363393816744489478641229824, 50985833350937367259526396379136), 16580805389071 candidates (MITM path)
  MITM b1=184: s=4 t=3 j=3 je=3 Q=6229504 table=20570824 yh=806036
stage b2=275 vs b1={185}: values [51442849850551784038543701171875, 55005256933563283079156494140625), 29951231837634 candidates (MITM path)
  MITM b1=185: s=4 t=3 j=3 je=3 Q=6331625 table=20796875 yh=1440180
stage b2=276 vs b1={186}: values [53928465991188723477113078808576, 59317278751114476837427823394816), 44170215627322 candidates (MITM path)
  MITM b1=186: s=4 t=3 j=3 je=3 Q=6434856 table=21024576 yh=2100885
stage b2=277 vs b1={187}: values [56524534939649204771410253244517, 63941451615040319308126414230889), 59274106557474 candidates (MITM path)
  MITM b1=187: s=4 t=3 j=3 je=3 Q=6539203 table=21253933 yh=2788854
stage b2=278 vs b1={188}: values [59235539322332634167063814299648, 68898519477432202601009998987264), 75300440398448 candidates (MITM path)
  MITM b1=188: s=4 t=3 j=3 je=3 Q=6644672 table=21484952 yh=3504800
stage b2=279 vs b1={189}: values [62066126545116850201926899360439, 74210483036805646041349463016441), 92287968116298 candidates (MITM path)
  MITM b1=189: s=4 t=3 j=3 je=3 Q=6751269 table=21717639 yh=4249448
stage b2=280 vs b1={190}: values [65021114224979476480000000000000, 79900668578288412100000000000000), 110276685599244 candidates (MITM path)
  MITM b1=190: s=4 t=3 j=3 je=3 Q=6859000 table=21952000 yh=5023538
stage b2=281 vs b1={191}: values [68105495780189759071206220390841, 85993800189188311159265455973761), 129307863890722 candidates (MITM path)
  MITM b1=191: s=4 t=3 j=3 je=3 Q=6967871 table=22188041 yh=5827818
stage b2=282 vs b1={192}: values [71324446183106859278545015775232, 92516075496261812625843582664704), 149424079933826 candidates (MITM path)
  MITM b1=192: s=4 t=3 j=3 je=3 Q=7077888 table=22425768 yh=6663053
stage b2=283 vs b1={193}: values [74683327879708304362769257501963, 99495245076524950698517189573249), 170669247831924 candidates (MITM path)
  MITM b1=193: s=4 t=3 j=3 je=3 Q=7189057 table=22665187 yh=7530018
stage b2=284 vs b1={194}: values [78187696880061614175280015867904, 106960695699145951556010651959296), 193088650630270 candidates (MITM path)
  MITM b1=194: s=4 t=3 j=3 je=3 Q=7301384 table=22906304 yh=8429499
stage b2=285 vs b1={195}: values [81843309024043043305733642578125, 114943537561839249322760009765625), 216728972623407 candidates (MITM path)
  MITM b1=195: s=4 t=3 j=3 je=3 Q=7414875 table=23149125 yh=9362297
stage b2=286 vs b1={196}: values [85656126426699929330201121120256, 123476695691247935826229781856256), 241638332193194 candidates (MITM path)
  MITM b1=196: s=4 t=3 j=3 je=3 Q=7529536 table=23393656 yh=10329225
stage b2=287 vs b1={197}: values [89632324107747341323629209343647, 132595005683061140853836321918569), 267866315182257 candidates (MITM path)
  MITM b1=197: s=4 t=3 j=3 je=3 Q=7645373 table=23639903 yh=11331109
stage b2=288 vs b1={198}: values [93778296809785602500326041059328, 142335313964069405978409510518784), 295464008807707 candidates (MITM path)
  MITM b1=198: s=4 t=3 j=3 je=3 Q=7762392 table=23887872 yh=12368788
stage b2=289 vs b1={199}: values [98100666009922840441972689847969, 152736582765019941952958691637201), 324484036119937 candidates (MITM path)
  MITM b1=199: s=4 t=3 j=3 je=3 Q=7880599 table=24137569 yh=13443112
stage b2=290 vs b1={200}: values [102606287129586021890000000000000, 163840000000000000000000000000000), 354980591011344 candidates (MITM path)
  MITM b1=200: s=4 t=3 j=3 je=3 Q=8000000 table=24389000 yh=14554947
stage b2=291 vs b1={201}: values [107302256947404980797605893267571, 175689094255155802434244515642801), 387009473779801 candidates (MITM path)
  MITM b1=201: s=4 t=3 j=3 je=3 Q=8120601 table=24642171 yh=15705170
stage b2=292 vs b1={202}: values [112195921220156772791328295616512, 188329855096852039605697108393984), 420628127251727 candidates (MITM path)
  MITM b1=202: s=4 t=3 j=3 je=3 Q=8242408 table=24897088 yh=16894672
stage b2=293 vs b1={203}: values [117294882516862311175392673213493, 201810858916898431719789378127369), 455895673469602 candidates (MITM path)
  MITM b1=203: s=4 t=3 j=3 je=3 Q=8365427 table=25153757 yh=18124358

*** MATCH: 174540212288538070459732866106992 is an 14-digit palindrome in bases 203 and 293
stage b2=294 vs b1={204}: values [122607008271233684175628129296384, 216183400540220972918552087494656), 492872950948767 candidates (MITM path)
  MITM b1=204: s=4 t=3 j=3 je=3 Q=8489664 table=25412184 yh=19395144
stage b2=295 vs b1={205}: values [128140439057778845576146240234375, 231501630828342033704595947265625), 531622552508365 candidates (MITM path)
  MITM b1=205: s=4 t=3 j=3 je=3 Q=8615125 table=25672375 yh=20707962
stage b2=296 vs b1={206}: values [133903597096980536826509221953536, 247822700520261426090084682448896), 572208863681284 candidates (MITM path)
  MITM b1=206: s=4 t=3 j=3 je=3 Q=8741816 table=25934336 yh=22063757
stage b2=297 vs b1={207}: values [139905194995078363929650377085577, 265206910560805882369006879852449), 614698101707953 candidates (MITM path)
  MITM b1=207: s=4 t=3 j=3 je=3 Q=8869743 table=26198073 yh=23463486
stage b2=298 vs b1={208}: values [146154244724096943067604967006208, 283717869175243332415379948437504), 659158355118862 candidates (MITM path)
  MITM b1=208: s=4 t=3 j=3 je=3 Q=8998912 table=26463592 yh=24908122
stage b2=299 vs b1={209}: values [152660066847878971357626214983899, 303422655957947177630796910616161), 705659623910670 candidates (MITM path)
  MITM b1=209: s=4 t=3 j=3 je=3 Q=9129329 table=26730899 yh=26398650
stage b2=300 vs b1={210}: values [159432300000000000000000000000000, 324391993252150868100000000000000), 754273860320764 candidates (MITM path)
  MITM b1=210: s=4 t=3 j=3 je=3 Q=9261000 table=27000000 yh=27936069
stage b2=301 vs b1={211}: values [166480910619561613297209229023901, 346700425107361035262655933030041), 805075010205155 candidates (MITM path)
  MITM b1=211: s=4 t=3 j=3 je=3 Q=9393931 table=27270901 yh=29521394
stage b2=302 vs b1={212}: values [173816202950981675782129720942592, 370426504110804885524407033790464), 858139055024581 candidates (MITM path)
  MITM b1=212: s=4 t=3 j=3 je=3 Q=9528128 table=27543608 yh=31155652
done: 76.52s, 212207850 candidates tested
