A171740 search: n=14, threads=1, limit=none
stage b2=423 vs b1={275}: values [13881128541502621729192837547096583, 14146783708901740610599517822265625), 109631585863938 candidates (MITM path)
  MITM b1=275: s=4 t=3 j=3 je=3 Q=20796875 table=75686967 yh=1448487
stage b2=424 vs b1={276}: values [14313839253187328406678973683073024, 14884256613568087679683209751166976), 231543043978821 candidates (MITM path)
  MITM b1=276: s=4 t=3 j=3 je=3 Q=21024576 table=76225024 yh=3037626
stage b2=425 vs b1={277}: values [14758971382537390291690826416015625, 15657296178282829721680640148731209), 358683068936408 candidates (MITM path)
  MITM b1=277: s=4 t=3 j=3 je=3 Q=21253933 table=76765625 yh=4672444
stage b2=426 vs b1={278}: values [15216851007435360461032099699531776, 16467479931608472298443740375302144), 491203299046330 candidates (MITM path)
  MITM b1=278: s=4 t=3 j=3 je=3 Q=21484952 table=77308776 yh=6353785
stage b2=427 vs b1={279}: values [15687811969066244649321093637445467, 17316449306087601206337604921562481), 629258747822722 candidates (MITM path)
  MITM b1=279: s=4 t=3 j=3 je=3 Q=21717639 table=77854483 yh=8082499
stage b2=428 vs b1={280}: values [16172196037870190032792688261070848, 18205911982994253414400000000000000), 773007861262566 candidates (MITM path)
  MITM b1=280: s=4 t=3 j=3 je=3 Q=21952000 table=78402752 yh=9859449
stage b2=429 vs b1={281}: values [16670353082641053641298125247535389, 19137644314233322299008947929826321), 922612575809925 candidates (MITM path)
  MITM b1=281: s=4 t=3 j=3 je=3 Q=22188041 table=78953589 yh=11685506
stage b2=430 vs b1={282}: values [17182641242822907852430000000000000, 20113493823636134316549694448615424), 1078238377010731 candidates (MITM path)
  MITM b1=282: s=4 t=3 j=3 je=3 Q=22425768 table=79507000 yh=13561553
stage b2=431 vs b1={283}: values [17709427104057277060049775698679791, 21135381789957450134663699873055529), 1240054358862822 candidates (MITM path)
  MITM b1=283: s=4 t=3 j=3 je=3 Q=22665187 table=80062991 yh=15488485
stage b2=432 vs b1={284}: values [18251085877034644913955971040018432, 22205305913937498425779524506484736), 1408233283865904 candidates (MITM path)
  MITM b1=284: s=4 t=3 j=3 je=3 Q=22906304 table=80621568 yh=17467203
stage b2=433 vs b1={285}: values [18808001579704525579373326142460913, 23325343071852267342134088134765625), 1582951643776132 candidates (MITM path)
  MITM b1=285: s=4 t=3 j=3 je=3 Q=23149125 table=81182737 yh=19498624
stage b2=434 vs b1={286}: values [19380567222899155346308769747247104, 24497652158036179788437520640393216), 1764389721070014 candidates (MITM path)
  MITM b1=286: s=4 t=3 j=3 je=3 Q=23393656 table=81746504 yh=21583672
stage b2=435 vs b1={287}: values [19969184999426632712125301513671875, 25724477018923486959881583081626689), 1952731651122321 candidates (MITM path)
  MITM b1=287: s=4 t=3 j=3 je=3 Q=23639903 table=82312875 yh=23723284
stage b2=436 vs b1={288}: values [20574266476690115849023402547347456, 27008149481218253520093899825086464), 2148165485102725 candidates (MITM path)
  MITM b1=288: s=4 t=3 j=3 je=3 Q=23887872 table=82881856 yh=25918405
stage b2=437 vs b1={289}: values [21196232792890476235164446315006597, 28351092476867700887730107366063041), 2350883253595863 candidates (MITM path)
  MITM b1=289: s=4 t=3 j=3 je=3 Q=24137569 table=83453453 yh=28169994
stage b2=438 vs b1={290}: values [21835514856870606258177356231958528, 29755823267579946348100000000000000), 2561081030949537 candidates (MITM path)
  MITM b1=290: s=4 t=3 j=3 je=3 Q=24389000 table=84027672 yh=30479020
stage b2=439 vs b1={291}: values [22492553551660386877599101633928919, 31224956771694849412103314940863161), 2778959000355781 candidates (MITM path)
  MITM b1=291: s=4 t=3 j=3 je=3 Q=24642171 table=84604519 yh=32846461
stage b2=440 vs b1={292}: values [23167799941782139043840000000000000, 32761208996285777655067862320021504), 3004721519669502 candidates (MITM path)
  MITM b1=292: s=4 t=3 j=3 je=3 Q=24897088 table=85184000 yh=35273309
stage b2=441 vs b1={293}: values [23861715484377209601555171628930521, 34367400577440657174390053251553449), 3238577187969417 candidates (MITM path)
  MITM b1=293: s=4 t=3 j=3 je=3 Q=25153757 table=85766121 yh=37760566
stage b2=442 vs b1={294}: values [24574772244215178941456071934451712, 36046460431742703147634670013136896), 3480738912866038 candidates (MITM path)
  MITM b1=294: s=4 t=3 j=3 je=3 Q=25412184 table=86350888 yh=40309243
stage b2=443 vs b1={295}: values [25307453112648023793818952767430443, 37801429522044759444963140869140625), 3731423978561406 candidates (MITM path)
  MITM b1=295: s=4 t=3 j=3 je=3 Q=25672375 table=86938307 yh=42920367

*** MATCH: 30801498685178269509539876550197640 is an 14-digit palindrome in bases 295 and 443
stage b2=444 vs b1={296}: values [26060252030572424367047199984451584, 39635464740706238900646729698246656), 3990854114665338 candidates (MITM path)
  MITM b1=296: s=4 t=3 j=3 je=3 Q=25934336 table=87528384 yh=45594971
stage b2=445 vs b1={297}: values [26833674215464270614029991455078125, 41551842913538274087106161994416369), 4259255565772906 candidates (MITM path)
  MITM b1=297: s=4 t=3 j=3 je=3 Q=26198073 table=88121125 yh=48334104
stage b2=446 vs b1={298}: values [27628236392550297846722998615924736, 43553964927780889034146280167849984), 4536859161807911 candidates (MITM path)
  MITM b1=298: s=4 t=3 j=3 je=3 Q=26463592 table=88716536 yh=51138823
stage b2=447 vs b1={299}: values [28444467030182667304977191627470527, 45645359987515812435930238280185801), 4823900389137083 candidates (MITM path)
  MITM b1=299: s=4 t=3 j=3 je=3 Q=26730899 table=89314623 yh=54010198
stage b2=448 vs b1={300}: values [29282906579483202709388126907793408, 47829690000000000000000000000000000), 5120619462459767 candidates (MITM path)
  MITM b1=300: s=4 t=3 j=3 je=3 Q=27000000 table=89915392 yh=56949310
stage b2=449 vs b1={301}: values [30144107718324899380671726264710849, 50110754096488045602459977936194201), 5427261397477857 candidates (MITM path)
  MITM b1=301: s=4 t=3 j=3 je=3 Q=27270901 table=90518849 yh=59957252
done: 297.93s, 459275472 candidates tested
