A171740 search: n=14, threads=1, limit=none
stage b2=438 vs b1={284}: values [21835514856870606258177356231958528, 22205305913937498425779524506484736), 119574240365216 candidates (MITM path)
  MITM b1=284: s=4 t=3 j=3 je=3 Q=22906304 table=84027672 yh=1423035
stage b2=439 vs b1={285}: values [22492553551660386877599101633928919, 23325343071852267342134088134765625), 265023026791709 candidates (MITM path)
  MITM b1=285: s=4 t=3 j=3 je=3 Q=23149125 table=84604519 yh=3132493
stage b2=440 vs b1={286}: values [23167799941782139043840000000000000, 24497652158036179788437520640393216), 416518835948400 candidates (MITM path)
  MITM b1=286: s=4 t=3 j=3 je=3 Q=23393656 table=85184000 yh=4889637
stage b2=441 vs b1={287}: values [23861715484377209601555171628930521, 25724477018923486959881583081626689), 574231662092334 candidates (MITM path)
  MITM b1=287: s=4 t=3 j=3 je=3 Q=23639903 table=85766121 yh=6695321
stage b2=442 vs b1={288}: values [24574772244215178941456071934451712, 27008149481218253520093899825086464), 738335169162627 candidates (MITM path)
  MITM b1=288: s=4 t=3 j=3 je=3 Q=23887872 table=86350888 yh=8550407
stage b2=443 vs b1={289}: values [25307453112648023793818952767430443, 28351092476867700887730107366063041), 909006751221413 candidates (MITM path)
  MITM b1=289: s=4 t=3 j=3 je=3 Q=24137569 table=86938307 yh=10455768
stage b2=444 vs b1={290}: values [26060252030572424367047199984451584, 29755823267579946348100000000000000), 1086427593597903 candidates (MITM path)
  MITM b1=290: s=4 t=3 j=3 je=3 Q=24389000 table=87528384 yh=12412289
stage b2=445 vs b1={291}: values [26833674215464270614029991455078125, 31224956771694849412103314940863161), 1270782734740233 candidates (MITM path)
  MITM b1=291: s=4 t=3 j=3 je=3 Q=24642171 table=88121125 yh=14420864
stage b2=446 vs b1={292}: values [27628236392550297846722998615924736, 32761208996285777655067862320021504), 1462261128779760 candidates (MITM path)
  MITM b1=292: s=4 t=3 j=3 je=3 Q=24897088 table=88716536 yh=16482397
stage b2=447 vs b1={293}: values [28444467030182667304977191627470527, 34367400577440657174390053251553449), 1661055708812497 candidates (MITM path)
  MITM b1=293: s=4 t=3 j=3 je=3 Q=25153757 table=89314623 yh=18597803
stage b2=448 vs b1={294}: values [29282906579483202709388126907793408, 36046460431742703147634670013136896), 1867363450902350 candidates (MITM path)
  MITM b1=294: s=4 t=3 j=3 je=3 Q=25412184 table=89915392 yh=20768007
stage b2=449 vs b1={295}: values [30144107718324899380671726264710849, 37801429522044759444963140869140625), 2081385438810858 candidates (MITM path)
  MITM b1=295: s=4 t=3 j=3 je=3 Q=25672375 table=90518849 yh=22993946
stage b2=450 vs b1={296}: values [31028635599719238281250000000000000, 39635464740706238900646729698246656), 2303326929458118 candidates (MITM path)
  MITM b1=296: s=4 t=3 j=3 je=3 Q=25934336 table=91125000 yh=25276565
stage b2=451 vs b1={297}: values [31937068104678763420425865233800851, 41551842913538274087106161994416369), 2533397419119589 candidates (MITM path)
  MITM b1=297: s=4 t=3 j=3 je=3 Q=26198073 table=91733851 yh=27616822
stage b2=452 vs b1={298}: values [32869996099625317555435327604129792, 43553964927780889034146280167849984), 2771810710363476 candidates (MITM path)
  MITM b1=298: s=4 t=3 j=3 je=3 Q=26463592 table=92345408 yh=30015686
stage b2=453 vs b1={299}: values [33828023698415278110106494516889173, 45645359987515812435930238280185801), 3018784979733383 candidates (MITM path)
  MITM b1=299: s=4 t=3 j=3 je=3 Q=26730899 table=92959677 yh=32474134
stage b2=454 vs b1={300}: values [34811768529054092814773128813502464, 47829690000000000000000000000000000), 3274542846180970 candidates (MITM path)
  MITM b1=300: s=4 t=3 j=3 je=3 Q=27000000 table=93576664 yh=34993157
stage b2=455 vs b1={301}: values [35821862005173382840059779052734375, 50110754096488045602459977936194201), 3539311440253286 candidates (MITM path)
  MITM b1=301: s=4 t=3 j=3 je=3 Q=27270901 table=94196375 yh=37573755
stage b2=456 vs b1={302}: values [36858949602344860248381873104879616, 52492493291196466086203175724662784), 3813322474039527 candidates (MITM path)
  MITM b1=302: s=4 t=3 j=3 je=3 Q=27543608 table=94818816 yh=40216939
stage b2=457 vs b1={303}: values [37923691139306296516328170919321257, 54978995282149371522266936818729569), 4096812311881914 candidates (MITM path)
  MITM b1=303: s=4 t=3 j=3 je=3 Q=27818127 table=95443993 yh=42923732
stage b2=458 vs b1={304}: values [39016761064175779784992789207359488, 57574499397733310582010212836704256), 4390022041855420 candidates (MITM path)
  MITM b1=304: s=4 t=3 j=3 je=3 Q=28094464 table=96071912 yh=45695167
stage b2=459 vs b1={305}: values [40138848745731510470918118846397179, 60283401692879138764114019775390625), 4693197548021081 candidates (MITM path)
  MITM b1=305: s=4 t=3 j=3 je=3 Q=28372625 table=96702579 yh=48532290
stage b2=460 vs b1={306}: values [41290658769835408015360000000000000, 63110260198880625404008432578871296), 5006589583457603 candidates (MITM path)
  MITM b1=306: s=4 t=3 j=3 je=3 Q=28652616 table=97336000 yh=51436156
stage b2=461 vs b1={307}: values [42472911241079835962500139972206781, 66059800330953223881038421346972249), 5330453844076011 candidates (MITM path)
  MITM b1=307: s=4 t=3 j=3 je=3 Q=28934443 table=97972181 yh=54407831

*** MATCH: 49868993098748017079770755370734696 is an 14-digit palindrome in bases 307 and 461
stage b2=462 vs b1={308}: values [43686342089737798337064428676636672, 69136920457732008849516311508680704), 5665051043222076 candidates (MITM path)
  MITM b1=308: s=4 t=3 j=3 je=3 Q=29218112 table=98611128 yh=57448396
stage b2=463 vs b1={309}: values [44931703384098017538267680344521103, 72346697637005265678995742402826761), 6010646987071255 candidates (MITM path)
  MITM b1=309: s=4 t=3 j=3 je=3 Q=29503629 table=99252847 yh=60558938
stage b2=464 vs b1={310}: values [46209763648267372780458093779615744, 75694393522079632032100000000000000), 6367512650820895 candidates (MITM path)
  MITM b1=310: s=4 t=3 j=3 je=3 Q=29791000 table=99897344 yh=63740561
stage b2=465 vs b1={311}: values [47521308185524258592298453369140625, 79185460443274071484794939191083441), 6735924255684441 candidates (MITM path)
  MITM b1=311: s=4 t=3 j=3 je=3 Q=30080231 table=100544625 yh=66994375
stage b2=466 vs b1={312}: values [48867139407307515137476120103428096, 82825547669143336572232508337291264), 7116163346692410 candidates (MITM path)
  MITM b1=312: s=4 t=3 j=3 je=3 Q=30371328 table=101194696 yh=70321506
done: 332.41s, 614451483 candidates tested
