A171740 search: n=14, threads=1, limit=none
stage b2=88 vs b1={64}: values [18979061712307928304713728, 19342813113834066795298816), 8900737034 candidates (MITM path)
  MITM b1=64: s=4 t=3 j=3 je=3 Q=262144 table=681472 yh=13062
stage b2=89 vs b1={65}: values [21982145917308330487013369, 24031838291621636962890625), 46340278429 candidates (MITM path)
  MITM b1=65: s=4 t=3 j=3 je=3 Q=274625 table=704969 yh=65734
stage b2=90 vs b1={66}: values [25418658283290000000000000, 29758778274345789399515136), 90741127343 candidates (MITM path)
  MITM b1=66: s=4 t=3 j=3 je=3 Q=287496 table=729000 yh=124474
stage b2=91 vs b1={67}: values [29345269354638035222576971, 36732225162896895721934329), 142947233471 candidates (MITM path)
  MITM b1=67: s=4 t=3 j=3 je=3 Q=300763 table=753571 yh=189694
stage b2=92 vs b1={68}: values [33825307664249166246182912, 45198578652761699462938624), 203878108486 candidates (MITM path)
  MITM b1=68: s=4 t=3 j=3 je=3 Q=314432 table=778688 yh=261823
stage b2=93 vs b1={69}: values [38929455665581472638810893, 55448176762342779635202921), 274533774234 candidates (MITM path)
  MITM b1=69: s=4 t=3 j=3 je=3 Q=328509 table=804357 yh=341309
stage b2=94 vs b1={70}: values [44736509592539817388662784, 67822307284900000000000000), 355999928126 candidates (MITM path)
  MITM b1=70: s=4 t=3 j=3 je=3 Q=343000 table=830584 yh=428614
stage b2=95 vs b1={71}: values [51334208327950511474609375, 82721210695570328927708881), 449453330693 candidates (MITM path)
  MITM b1=71: s=4 t=3 j=3 je=3 Q=357911 table=857375 yh=524221
stage b2=96 vs b1={72}: values [58820136703657666922151936, 100613197241791537106386944), 556167420289 candidates (MITM path)
  MITM b1=72: s=4 t=3 j=3 je=3 Q=373248 table=884736 yh=628626
stage b2=97 vs b1={73}: values [67302709016557486028618977, 122045014039746588673695409), 677518159907 candidates (MITM path)
  MITM b1=73: s=4 t=3 j=3 je=3 Q=389017 table=912673 yh=742345
stage b2=98 vs b1={74}: values [76902238926010403271876608, 147653612273582215982104576), 814990121106 candidates (MITM path)
  MITM b1=74: s=4 t=3 j=3 je=3 Q=405224 table=941192 yh=865913
stage b2=99 vs b1={75}: values [87752102299896798785221299, 178179480135440826416015625), 970182810021 candidates (MITM path)
  MITM b1=75: s=4 t=3 j=3 je=3 Q=421875 table=970299 yh=999881
stage b2=100 vs b1={76}: values [100000000000000000000000000, 214481724045177216015794176), 1144817240452 candidates (MITM path)
  MITM b1=76: s=4 t=3 j=3 je=3 Q=438976 table=1000000 yh=1144818
stage b2=101 vs b1={77}: values [113809328043328941786781301, 257555099046722087448523609), 1340742759027 candidates (MITM path)
  MITM b1=77: s=4 t=3 j=3 je=3 Q=456533 table=1030301 yh=1301312

*** MATCH: 140693002585207220677197942 is an 14-digit palindrome in bases 77 and 101
stage b2=102 vs b1={78}: values [129360663045379622466772992, 308549209196654470906527744), 1559944127431 candidates (MITM path)
  MITM b1=78: s=4 t=3 j=3 je=3 Q=474552 table=1061208 yh=1469971
done: 1.25s, 6666854 candidates tested
