A171740 search: n=14, threads=1, limit=none
stage b2=187 vs b1={129}: values [341932896337114006995328418347, 353391373730936795216525838081), 1432965275785 candidates (MITM path)
  MITM b1=129: s=4 t=3 j=3 je=3 Q=2146689 table=6539203 yh=219135
stage b2=188 vs b1={130}: values [366481486582086184047925526528, 393737638569928900000000000000), 3283670697523 candidates (MITM path)
  MITM b1=130: s=4 t=3 j=3 je=3 Q=2197000 table=6644672 yh=494182
stage b2=189 vs b1={131}: values [392648058395797069001849010669, 438326915318176225182722457721), 5302523455558 candidates (MITM path)
  MITM b1=131: s=4 t=3 j=3 je=3 Q=2248091 table=6751269 yh=785412
stage b2=190 vs b1={132}: values [420529834622570590000000000000, 487567823246881413521655988224), 7499732422385 candidates (MITM path)
  MITM b1=132: s=4 t=3 j=3 je=3 Q=2299968 table=6859000 yh=1093415
stage b2=191 vs b1={133}: values [450229320362242466802436942271, 541904769658563069794308330729), 9885974282730 candidates (MITM path)
  MITM b1=133: s=4 t=3 j=3 je=3 Q=2352637 table=6967871 yh=1418795
stage b2=192 vs b1={134}: values [481854559876363607426268659712, 601820777068902739508172046336), 12472409571143 candidates (MITM path)
  MITM b1=134: s=4 t=3 j=3 je=3 Q=2406104 table=7077888 yh=1762166
stage b2=193 vs b1={135}: values [515519404541580055432731552193, 667840509835890864312744140625), 15270699088195 candidates (MITM path)
  MITM b1=135: s=4 t=3 j=3 je=3 Q=2460375 table=7189057 yh=2124159
stage b2=194 vs b1={136}: values [551343792263638925546446659584, 740533512646847684000786415616), 18293020700139 candidates (MITM path)
  MITM b1=136: s=4 t=3 j=3 je=3 Q=2515456 table=7301384 yh=2505419
stage b2=195 vs b1={137}: values [589454038778662817039794921875, 820517673944445067756173565489), 21552086526920 candidates (MITM path)
  MITM b1=137: s=4 t=3 j=3 je=3 Q=2571353 table=7414875 yh=2906602
stage b2=196 vs b1={138}: values [629983141281877223603213172736, 908462928074224101543164657664), 25061160523393 candidates (MITM path)
  MITM b1=138: s=4 t=3 j=3 je=3 Q=2628072 table=7529536 yh=3328381
stage b2=197 vs b1={139}: values [673071094837873811440793512277, 1005095210669462420559310325641), 28834076458657 candidates (MITM path)
  MITM b1=139: s=4 t=3 j=3 je=3 Q=2685619 table=7645373 yh=3771442
stage b2=198 vs b1={140}: values [718865222040754575648532881408, 1111200682555801600000000000000), 32885256298357 candidates (MITM path)
  MITM b1=140: s=4 t=3 j=3 je=3 Q=2744000 table=7762392 yh=4236485
stage b2=199 vs b1={141}: values [767520516407135386698284882599, 1227630238259041401156597561561), 37229728994882 candidates (MITM path)
  MITM b1=141: s=4 t=3 j=3 je=3 Q=2803221 table=7880599 yh=4724226
stage b2=200 vs b1={142}: values [819200000000000000000000000000, 1355304316036224269151582306304), 41883149690331 candidates (MITM path)
  MITM b1=142: s=4 t=3 j=3 je=3 Q=2863288 table=8000000 yh=5235394
stage b2=201 vs b1={143}: values [874075095796795036986291122601, 1495218027223887926540376015649), 46861819337148 candidates (MITM path)
  MITM b1=143: s=4 t=3 j=3 je=3 Q=2924207 table=8120601 yh=5770733
stage b2=202 vs b1={144}: values [932326015330950691117312417792, 1648446623609512543951043690496), 52182704741350 candidates (MITM path)
  MITM b1=144: s=4 t=3 j=3 je=3 Q=2985984 table=8242408 yh=6331003

*** MATCH: 1156313874871162607513275353845 is an 14-digit palindrome in bases 144 and 202
stage b2=203 vs b1={145}: values [994142162152209023250193980923, 1816151322484127584722900390625), 57863459033231 candidates (MITM path)
  MITM b1=145: s=4 t=3 j=3 je=3 Q=3048625 table=8365427 yh=6916977
stage b2=204 vs b1={146}: values [1059722551667749867247804350464, 1999585510027208108829825581056), 63922442570470 candidates (MITM path)
  MITM b1=146: s=4 t=3 j=3 je=3 Q=3112136 table=8489664 yh=7529444
stage b2=205 vs b1={147}: values [1129276247943131871729736328125, 2200101344710858346413248902169), 70378744278557 candidates (MITM path)
  MITM b1=147: s=4 t=3 j=3 je=3 Q=3176523 table=8615125 yh=8169208
done: 21.26s, 44700866 candidates tested
