A171740 search: n=14, threads=1, limit=none
stage b2=43 vs b1={33}: values [1718264124282290785243, 1816331681783800622529), 360783087 candidates (MITM path)
  MITM b1=33: s=4 t=3 j=3 je=3 Q=35937 table=79507 yh=4538
stage b2=44 vs b1={34}: values [2316779994178213904384, 2758702310349224820736), 1384131007 candidates (MITM path)
  MITM b1=34: s=4 t=3 j=3 je=3 Q=39304 table=85184 yh=16249
stage b2=45 vs b1={35}: values [3102863559971923828125, 4139545122369384765625), 2774327829 candidates (MITM path)
  MITM b1=35: s=4 t=3 j=3 je=3 Q=42875 table=91125 yh=30446
stage b2=46 vs b1={36}: values [4129065876983540801536, 6140942214464815497216), 4616325898 candidates (MITM path)
  MITM b1=36: s=4 t=3 j=3 je=3 Q=46656 table=97336 yh=47427
stage b2=47 vs b1={37}: values [5460999706120583177327, 9012061295995008299689), 7009276614 candidates (MITM path)
  MITM b1=37: s=4 t=3 j=3 je=3 Q=50653 table=103823 yh=67512
stage b2=48 vs b1={38}: values [7180192468708211294208, 13090925539866773438464), 10068219738 candidates (MITM path)
  MITM b1=38: s=4 t=3 j=3 je=3 Q=54872 table=110592 yh=91040
stage b2=49 vs b1={39}: values [9387480337647754305649, 18832349194131742609041), 13925903195 candidates (MITM path)
  MITM b1=39: s=4 t=3 j=3 je=3 Q=59319 table=117649 yh=118369
stage b2=50 vs b1={40}: values [12207031250000000000000, 26843545600000000000000), 18734738369 candidates (MITM path)
  MITM b1=40: s=4 t=3 j=3 je=3 Q=64000 table=125000 yh=149878

*** MATCH: 21276740679206821644351 is an 14-digit palindrome in bases 40 and 50
stage b2=51 vs b1={41}: values [15791096563156692195651, 37929227194915558802161), 24668895945 candidates (MITM path)
  MITM b1=41: s=4 t=3 j=3 je=4 Q=68921 table=132651 yh=185969
stage b2=52 vs b1={42}: values [20325604337285010030592, 53148384174432398229504), 31926547299 candidates (MITM path)
  MITM b1=42: s=4 t=3 j=3 je=4 Q=74088 table=140608 yh=227061
done: 0.09s, 521117 candidates tested
