A171740 search: n=14, threads=1, limit=none
stage b2=130 vs b1={92}: values [3028751065922530000000000000, 3111928305110923294648827904), 132556501995 candidates (MITM path)
  MITM b1=92: s=4 t=3 j=3 je=3 Q=778688 table=2197000 yh=60336
stage b2=131 vs b1={93}: values [3346006987161650573913911891, 3620439376899076955409413049), 414511226974 candidates (MITM path)
  MITM b1=93: s=4 t=3 j=3 je=3 Q=804357 table=2248091 yh=184384
stage b2=132 vs b1={94}: values [3693695630658192526679212032, 4205231901698742834534301696), 732586505973 candidates (MITM path)
  MITM b1=94: s=4 t=3 j=3 je=3 Q=830584 table=2299968 yh=318521
stage b2=133 vs b1={95}: values [4074471952320023081160213013, 4876749791155298590087890625), 1089841419231 candidates (MITM path)
  MITM b1=95: s=4 t=3 j=3 je=3 Q=857375 table=2352637 yh=463243
stage b2=134 vs b1={96}: values [4491199828872408503792328704, 5646733123551136024526585856), 1489528697711 candidates (MITM path)
  MITM b1=96: s=4 t=3 j=3 je=3 Q=884736 table=2406104 yh=619063
stage b2=135 vs b1={97}: values [4946966739525117513427734375, 6528362774606076144776040769), 1935103801584 candidates (MITM path)
  MITM b1=97: s=4 t=3 j=3 je=3 Q=912673 table=2460375 yh=786508
stage b2=136 vs b1={98}: values [5445099357697409441182253056, 7536419414749019520643907584), 2430234288197 candidates (MITM path)
  MITM b1=98: s=4 t=3 j=3 je=3 Q=941192 table=2515456 yh=966121
stage b2=137 vs b1={99}: values [5989180101784270567563310697, 8687458127689783079736908601), 2978809474464 candidates (MITM path)
  MITM b1=99: s=4 t=3 j=3 je=3 Q=970299 table=2571353 yh=1158460
stage b2=138 vs b1={100}: values [6583064696190029721327280128, 10000000000000000000000000000), 3584950398605 candidates (MITM path)
  MITM b1=100: s=4 t=3 j=3 je=3 Q=1000000 table=2628072 yh=1364100
stage b2=139 vs b1={101}: values [7230900796183182881721657019, 11494742132376223120464911401), 4253020086157 candidates (MITM path)
  MITM b1=101: s=4 t=3 j=3 je=3 Q=1030301 table=2685619 yh=1583628
stage b2=140 vs b1={102}: values [7937147732541440000000000000, 13194787630628721491610845184), 4987634125214 candidates (MITM path)
  MITM b1=102: s=4 t=3 j=3 je=3 Q=1061208 table=2744000 yh=1817651
stage b2=141 vs b1={103}: values [8706597434461286533025514621, 15125897248551112432256145169), 5793671555820 candidates (MITM path)
  MITM b1=103: s=4 t=3 j=3 je=3 Q=1092727 table=2803221 yh=2066791
stage b2=142 vs b1={104}: values [9544396591804396261630861312, 17316764476028035425743405056), 6676286078473 candidates (MITM path)
  MITM b1=104: s=4 t=3 j=3 je=3 Q=1124864 table=2863288 yh=2331686
stage b2=143 vs b1={105}: values [10456070120446768717065566543, 19799315994393973883056640625), 7640917586693 candidates (MITM path)
  MITM b1=105: s=4 t=3 j=3 je=3 Q=1157625 table=2924207 yh=2612988
stage b2=144 vs b1={106}: values [11447545997288281555215581184, 22609039557544243501245546496), 8693304028600 candidates (MITM path)
  MITM b1=106: s=4 t=3 j=3 je=3 Q=1191016 table=2985984 yh=2911370
stage b2=145 vs b1={107}: values [12525181534373293687744140625, 25785341502012466393542552649), 9839493602469 candidates (MITM path)
  MITM b1=107: s=4 t=3 j=3 je=3 Q=1225043 table=3048625 yh=3227519
stage b2=146 vs b1={108}: values [13695791164569918553628942336, 29371936242576564113903714304), 11085857291219 candidates (MITM path)
  MITM b1=108: s=4 t=3 j=3 je=3 Q=1259712 table=3112136 yh=3562138
stage b2=147 vs b1={109}: values [14966675814359580587845230627, 33417270272362569384925825561), 12439101740803 candidates (MITM path)
  MITM b1=109: s=4 t=3 j=3 je=3 Q=1295029 table=3176523 yh=3915949

*** MATCH: 25067155680852228284775753880 is an 14-digit palindrome in bases 109 and 147
stage b2=148 vs b1={110}: values [16345653942502506936829739008, 37974983358324100000000000000), 13906282487472 candidates (MITM path)
  MITM b1=110: s=4 t=3 j=3 je=3 Q=1331000 table=3241792 yh=4289690
stage b2=149 vs b1={111}: values [17841094326671990120557246949, 43104409804843948852155196641), 15494817538872 candidates (MITM path)
  MITM b1=111: s=4 t=3 j=3 je=3 Q=1367631 table=3307949 yh=4684117
stage b2=150 vs b1={112}: values [19461950683593750000000000000, 48871122850509266606740209664), 17212501313970 candidates (MITM path)
  MITM b1=112: s=4 t=3 j=3 je=3 Q=1404928 table=3375000 yh=5100001
stage b2=151 vs b1={113}: values [21217798211789755344498256951, 55347525466347647961440563489), 19067518946758 candidates (MITM path)
  MITM b1=113: s=4 t=3 j=3 je=3 Q=1442897 table=3442951 yh=5538133
stage b2=152 vs b1={114}: values [23118872149711733600018235392, 62613491038491041486196719616), 21068460958739 candidates (MITM path)
  MITM b1=114: s=4 t=3 j=3 je=3 Q=1481544 table=3511808 yh=5999321
done: 9.36s, 33140344 candidates tested
