A171740 search: n=14, threads=1, limit=none
stage b2=46 vs b1={35}: values [4129065876983540801536, 4139545122369384765625), 24045023 candidates (MITM path)
  MITM b1=35: s=5 t=2 j=2 je=4 Q=1225 table=2116 yh=11364
stage b2=47 vs b1={36}: values [5460999706120583177327, 6140942214464815497216), 1342107143 candidates (MITM path)
  MITM b1=36: s=4 t=3 j=3 je=3 Q=46656 table=103823 yh=12927
stage b2=48 vs b1={37}: values [7180192468708211294208, 9012061295995008299689), 3120367248 candidates (MITM path)
  MITM b1=37: s=4 t=3 j=3 je=3 Q=50653 table=110592 yh=28216
stage b2=49 vs b1={38}: values [9387480337647754305649, 13090925539866773438464), 5460511963 candidates (MITM path)
  MITM b1=38: s=4 t=3 j=3 je=3 Q=54872 table=117649 yh=46414
stage b2=50 vs b1={39}: values [12207031250000000000000, 18832349194131742609041), 8480406969 candidates (MITM path)
  MITM b1=39: s=4 t=3 j=3 je=3 Q=59319 table=125000 yh=67844
stage b2=51 vs b1={40}: values [15791096563156692195651, 26843545600000000000000), 12315932170 candidates (MITM path)
  MITM b1=40: s=4 t=3 j=3 je=3 Q=64000 table=132651 yh=92845
stage b2=52 vs b1={41}: values [20325604337285010030592, 37929227194915558802161), 17122952431 candidates (MITM path)
  MITM b1=41: s=4 t=3 j=3 je=3 Q=68921 table=140608 yh=121778
stage b2=53 vs b1={42}: values [26036721925606486195973, 53148384174432398229504), 23079428917 candidates (MITM path)
  MITM b1=42: s=4 t=3 j=3 je=3 Q=74088 table=148877 yh=155024
stage b2=54 vs b1={43}: values [33198531813531453579264, 73885357344138503765449), 30387676046 candidates (MITM path)
  MITM b1=43: s=4 t=3 j=3 je=3 Q=79507 table=157464 yh=192982
stage b2=55 vs b1={44}: values [42141982597572021484375, 101938319743841411792896), 39276769085 candidates (MITM path)
  MITM b1=44: s=4 t=3 j=3 je=3 Q=85184 table=166375 yh=236074
stage b2=56 vs b1={45}: values [53265296773103187132416, 139628860198736572265625), 50005107392 candidates (MITM path)
  MITM b1=45: s=4 t=3 j=3 je=4 Q=91125 table=175616 yh=284742
stage b2=57 vs b1={46}: values [67046038752496061076057, 189937030341242876870656), 62863138358 candidates (MITM path)
  MITM b1=46: s=4 t=3 j=3 je=4 Q=97336 table=185193 yh=339447
stage b2=58 vs b1={47}: values [84055070416556869132288, 256666986187667409334369), 78176247053 candidates (MITM path)
  MITM b1=47: s=4 t=3 j=3 je=4 Q=103823 table=195112 yh=400674
stage b2=59 vs b1={48}: values [104972647676132430295979, 344649238497994142121984), 96307816617 candidates (MITM path)
  MITM b1=48: s=4 t=3 j=3 je=4 Q=110592 table=205379 yh=468928
stage b2=60 vs b1={49}: values [130606940160000000000000, 459986536544739960976801), 117662464415 candidates (MITM path)
  MITM b1=49: s=4 t=3 j=3 je=4 Q=117649 table=216000 yh=544734
stage b2=61 vs b1={50}: values [161915287432152755657581, 610351562500000000000000), 142689459007 candidates (MITM path)
  MITM b1=50: s=4 t=3 j=3 je=4 Q=125000 table=226981 yh=628641

*** MATCH: 375740702248086810504480 is an 14-digit palindrome in bases 50 and 61
stage b2=62 vs b1={51}: values [200028539268669788905472, 805345924720991301978201), 171886322935 candidates (MITM path)
  MITM b1=51: s=4 t=3 j=3 je=4 Q=132651 table=238328 yh=721218
stage b2=63 vs b1={52}: values [246278864694166156419903, 1056931425538820521590784), 205802626392 candidates (MITM path)
  MITM b1=52: s=4 t=3 j=3 je=4 Q=140608 table=250047 yh=823056
stage b2=64 vs b1={53}: values [302231454903657293676544, 1379946262057143768386569), 245043976783 candidates (MITM path)
  MITM b1=53: s=4 t=3 j=3 je=4 Q=148877 table=262144 yh=934769
stage b2=65 vs b1={54}: values [369720589101871337890625, 1792720717930698493280256), 290276209222 candidates (MITM path)
  MITM b1=54: s=4 t=3 j=3 je=4 Q=157464 table=274625 yh=1056992
done: 0.38s, 3712776 candidates tested
