A171740 search: n=14, threads=1, limit=none
stage b2=200 vs b1={137}: values [819200000000000000000000000000, 820517673944445067756173565489), 102943276910 candidates (MITM path)
  MITM b1=137: s=4 t=3 j=3 je=3 Q=2571353 table=8000000 yh=12868
stage b2=201 vs b1={138}: values [874075095796795036986291122601, 908462928074224101543164657664), 2594372892369 candidates (MITM path)
  MITM b1=138: s=4 t=3 j=3 je=3 Q=2628072 table=8120601 yh=319481
stage b2=202 vs b1={139}: values [932326015330950691117312417792, 1005095210669462420559310325641), 5302589243652 candidates (MITM path)
  MITM b1=139: s=4 t=3 j=3 je=3 Q=2685619 table=8242408 yh=643331
stage b2=203 vs b1={140}: values [994142162152209023250193980923, 1111200682555801600000000000000), 8240067418627 candidates (MITM path)
  MITM b1=140: s=4 t=3 j=3 je=3 Q=2744000 table=8365427 yh=985015
stage b2=204 vs b1={141}: values [1059722551667749867247804350464, 1227630238259041401156597561561), 11419823877310 candidates (MITM path)
  MITM b1=141: s=4 t=3 j=3 je=3 Q=2803221 table=8489664 yh=1345145
stage b2=205 vs b1={142}: values [1129276247943131871729736328125, 1355304316036224269151582306304), 14855434049984 candidates (MITM path)
  MITM b1=142: s=4 t=3 j=3 je=3 Q=2863288 table=8615125 yh=1724344
stage b2=206 vs b1={143}: values [1203022818059521485874197487616, 1495218027223887926540376015649), 18561050330215 candidates (MITM path)
  MITM b1=143: s=4 t=3 j=3 je=3 Q=2924207 table=8741816 yh=2123249
stage b2=207 vs b1={144}: values [1281192804641574310961385893007, 1648446623609512543951043690496), 22551420467611 candidates (MITM path)
  MITM b1=144: s=4 t=3 j=3 je=3 Q=2985984 table=8869743 yh=2542512
stage b2=208 vs b1={145}: values [1364028217188669867381634367488, 1816151322484127584722900390625), 26841906365176 candidates (MITM path)
  MITM b1=145: s=4 t=3 j=3 je=3 Q=3048625 table=8998912 yh=2982795
stage b2=209 vs b1={146}: values [1451783042860991280530128758929, 1999585510027208108829825581056), 31448503286125 candidates (MITM path)
  MITM b1=146: s=4 t=3 j=3 je=3 Q=3112136 table=9129329 yh=3444778

*** MATCH: 1594110530373632987049363825390 is an 14-digit palindrome in bases 146 and 209
stage b2=210 vs b1={147}: values [1544723777391194610000000000000, 2200101344710858346413248902169), 36387859475015 candidates (MITM path)
  MITM b1=147: s=4 t=3 j=3 je=3 Q=3176523 table=9261000 yh=3929151
done: 7.63s, 13869832 candidates tested
