A171740 search: n=14, threads=1, limit=none
stage b2=505 vs b1={324}: values [138927402396641774642067017822265625, 140485060518220186283313934500888576), 185965549191346 candidates (MITM path)
  MITM b1=324: s=4 t=3 j=3 je=3 Q=34012224 table=128787625 yh=1443971
stage b2=506 vs b1={325}: values [142546552694430788571794496737878016, 146678700510385967791080474853515625), 486544122840748 candidates (MITM path)
  MITM b1=325: s=4 t=3 j=3 je=3 Q=34328125 table=129554216 yh=3755526
stage b2=507 vs b1={326}: values [146252558193722600716669650994316907, 153125105507970699913650504140210176), 798108659802470 candidates (MITM path)
  MITM b1=326: s=4 t=3 j=3 je=3 Q=34645976 table=130323843 yh=6124042
stage b2=508 vs b1={327}: values [150047325807278683064941158898597888, 159833767777331726128449290957670609), 1120930894839613 candidates (MITM path)
  MITM b1=327: s=4 t=3 j=3 je=3 Q=34965783 table=131096512 yh=8550426
stage b2=509 vs b1={328}: values [153932800432603454742132269478454829, 166814505333469329957730743425695744), 1455287736381184 candidates (MITM path)
  MITM b1=328: s=4 t=3 j=3 je=3 Q=35287552 table=131872229 yh=11035590
stage b2=510 vs b1={329}: values [157910965631566921956510000000000000, 174077472071091630146366848886447281), 1801461341895120 candidates (MITM path)
  MITM b1=329: s=4 t=3 j=3 je=3 Q=35611289 table=132651000 yh=13580459
stage b2=511 vs b1={330}: values [161983844320814634817101682325330431, 181633168178380062252900000000000000), 2159739194039905 candidates (MITM path)
  MITM b1=330: s=4 t=3 j=3 je=3 Q=35937000 table=133432831 yh=16185966
stage b2=512 vs b1={331}: values [166153499473114484112975882535043072, 189492450840445919389300039685792521), 2530414177599428 candidates (MITM path)
  MITM b1=331: s=4 t=3 j=3 je=3 Q=36264691 table=134217728 yh=18853055
stage b2=513 vs b1={332}: values [170422034829791634103401401374218753, 197666545239619210242183006282317824), 2913784657205672 candidates (MITM path)
  MITM b1=332: s=4 t=3 j=3 je=3 Q=36594368 table=135005697 yh=21582680
stage b2=514 vs b1={333}: values [174791595624404677813900345660678144, 206167055859864657197443888722807129), 3310154555853904 candidates (MITM path)
  MITM b1=333: s=4 t=3 j=3 je=3 Q=36926037 table=135796744 yh=24375803
stage b2=515 vs b1={334}: values [179264369317817909400790555419921875, 215005978102776043931247317256257536), 3719833434214976 candidates (MITM path)
  MITM b1=334: s=4 t=3 j=3 je=3 Q=37259704 table=136590875 yh=27233397
stage b2=516 vs b1={335}: values [183842586344826433975051806358634496, 224195710222759373302821832275390625), 4143136570749396 candidates (MITM path)
  MITM b1=335: s=4 t=3 j=3 je=3 Q=37595375 table=137388096 yh=30156446
stage b2=517 vs b1={336}: values [188528520872492679004546608119852437, 233749065589177456392773613876412416), 4580385042627804 candidates (MITM path)
  MITM b1=336: s=4 t=3 j=3 je=3 Q=37933056 table=138188413 yh=33145942
stage b2=518 vs b1={337}: values [193324491570354733181895297159815168, 243679285283393666208253061306357089), 5031905807462503 candidates (MITM path)
  MITM b1=337: s=4 t=3 j=3 je=3 Q=38272753 table=138991832 yh=36202889
stage b2=519 vs b1={338}: values [198232862392668818594582670912803559, 254000051038820699590976063168856064), 5498031785854711 candidates (MITM path)
  MITM b1=338: s=4 t=3 j=3 je=3 Q=38614472 table=139798359 yh=39328300
stage b2=520 vs b1={339}: values [203256043372850100305920000000000000, 264725498532251343422483410510418841), 5979101944762175 candidates (MITM path)
  MITM b1=339: s=4 t=3 j=3 je=3 Q=38958219 table=140608000 yh=42523199
stage b2=521 vs b1={340}: values [208396491430277954192889648311785961, 275870231034922482073600000000000000), 6475461381691813 candidates (MITM path)
  MITM b1=340: s=4 t=3 j=3 je=3 Q=39304000 table=141420761 yh=45788620
stage b2=522 vs b1={341}: values [213656711189633749233078088598986752, 287449333431940958491026723053340361), 6987461409722064 candidates (MITM path)
  MITM b1=341: s=4 t=3 j=3 je=3 Q=39651821 table=142236648 yh=49125606
stage b2=523 vs b1={342}: values [219039255812941154532109005895053883, 299478386618880458206192837825019904), 7515459643359593 candidates (MITM path)
  MITM b1=342: s=4 t=3 j=3 je=3 Q=40001688 table=143055667 yh=52535211
stage b2=524 vs b1={343}: values [224546727844480954380310660801101824, 311973482284542371301330321821976049), 8059820085235042 candidates (MITM path)
  MITM b1=343: s=4 t=3 j=3 je=3 Q=40353607 table=143877824 yh=56018502
stage b2=525 vs b1={344}: values [230181780068754346668720245361328125, 324951238089060649950183741190045696), 8620913213642497 candidates (MITM path)
  MITM b1=344: s=4 t=3 j=3 je=3 Q=40707584 table=144703125 yh=59576552
stage b2=526 vs b1={345}: values [235947116381670711226715627769880576, 338428813246721067109392828369140625), 9199116070927345 candidates (MITM path)
  MITM b1=345: s=4 t=3 j=3 je=3 Q=41063625 table=145531576 yh=63210448
stage b2=527 vs b1={346}: values [241845492675137865214191430461762767, 352423924523059044388546203674361856), 9794812352727230 candidates (MITM path)
  MITM b1=346: s=4 t=3 j=3 je=3 Q=41421736 table=146363183 yh=66921286
stage b2=528 vs b1={347}: values [247879717735234872758731611882651648, 366954862655997403768050803331897769), 10408392498070757 candidates (MITM path)
  MITM b1=347: s=4 t=3 j=3 je=3 Q=41781923 table=147197952 yh=70710172
stage b2=529 vs b1={348}: values [254052654154149545721997685422868689, 382040509210986058943919609908035584), 11040253780338682 candidates (MITM path)
  MITM b1=348: s=4 t=3 j=3 je=3 Q=42144192 table=148035889 yh=74578225
stage b2=530 vs b1={349}: values [260367219256064861959730000000000000, 397700353880309848525885235660892601), 11690800399092240 candidates (MITM path)
  MITM b1=349: s=4 t=3 j=3 je=3 Q=42508549 table=148877000 yh=78526572
stage b2=531 vs b1={350}: values [266826386037180636857388515472989091, 413954512236938476562500000000000000), 12360443572773344 candidates (MITM path)
  MITM b1=350: s=4 t=3 j=3 je=3 Q=42875000 table=149721291 yh=82556352
stage b2=532 vs b1={351}: values [273433184120058913430441697300447232, 430823743953503917975940025623902401), 13049601632281340 candidates (MITM path)
  MITM b1=351: s=4 t=3 j=3 je=3 Q=43243551 table=150568768 yh=86668715
stage b2=533 vs b1={352}: values [280190700722483686027416350032250213, 448329471497205720126420014212317184), 13758700115431022 candidates (MITM path)
  MITM b1=352: s=4 t=3 j=3 je=3 Q=43614208 table=151419437 yh=90864822
stage b2=534 vs b1={353}: values [287102081641027742818685874210299904, 466493799311663440167496584517263169), 14488171862296633 candidates (MITM path)
  MITM b1=353: s=4 t=3 j=3 je=3 Q=43986977 table=152273304 yh=95145843
stage b2=535 vs b1={354}: values [294170532249521602949110970458984375, 485339533496958054990141432093229056), 15238457111446546 candidates (MITM path)
  MITM b1=354: s=4 t=3 j=3 je=3 Q=44361864 table=153130375 yh=99512962
stage b2=536 vs b1={355}: values [301399318512621735633442871240032256, 504890201999330620896660650634765625), 16010003597073359 candidates (MITM path)
  MITM b1=355: s=4 t=3 j=3 je=3 Q=44738875 table=153990656 yh=103967371
stage b2=537 vs b1={356}: values [308791768014677480736121943614131897, 525170075322236798832332084919402496), 16803266647024104 candidates (MITM path)
  MITM b1=356: s=4 t=3 j=3 je=3 Q=45118016 table=154854153 yh=108510275
stage b2=538 vs b1={357}: values [316351271004098343658904022264291328, 546204187770690153801056774632964649), 17618709281735313 candidates (MITM path)
  MITM b1=357: s=4 t=3 j=3 je=3 Q=45499293 table=155720872 yh=113142889
stage b2=539 vs b1={358}: values [324081281453425611818659325054366219, 568018359241065440405821984897122304), 18456802314077652 candidates (MITM path)
  MITM b1=358: s=4 t=3 j=3 je=3 Q=45882712 table=156590819 yh=117866440
stage b2=540 vs b1={359}: values [331985318135314535792640000000000000, 590639217568775457331652612637964561), 19318024450114866 candidates (MITM path)
  MITM b1=359: s=4 t=3 j=3 je=3 Q=46268279 table=157464000 yh=122682166
stage b2=541 vs b1={360}: values [340066965714635635499320813072655821, 614094221446481549721600000000000000), 20202862390781749 candidates (MITM path)
  MITM b1=360: s=4 t=3 j=3 je=3 Q=46656000 table=158340421 yh=127591315
stage b2=542 vs b1={361}: values [348329875856906030730297942652608512, 638411683925748518131605316913942641), 21111810934485900 candidates (MITM path)
  MITM b1=361: s=4 t=3 j=3 je=3 Q=47045881 table=159220088 yh=132595147
stage b2=543 vs b1={362}: values [356777768353264056114297546073891743, 663620796515309615092533840427761664), 22045373080637976 candidates (MITM path)
  MITM b1=362: s=4 t=3 j=3 je=3 Q=47437928 table=160103007 yh=137694935
stage b2=544 vs b1={363}: values [365414432262202803340615819548688384, 689751653889366534925949446541436489), 23004060134115210 candidates (MITM path)
  MITM b1=363: s=4 t=3 j=3 je=3 Q=47832147 table=160989184 yh=142891961
stage b2=545 vs b1={364}: values [374243727068280638359709019775390625, 716835279219612889692402474199023616), 23988391810662919 candidates (MITM path)
  MITM b1=364: s=4 t=3 j=3 je=3 Q=48228544 table=161878625 yh=148187519
stage b2=546 vs b1={365}: values [383269583858029168477508273239105536, 744903650144937675010347955322265625), 24998896343238764 candidates (MITM path)
  MITM b1=365: s=4 t=3 j=3 je=3 Q=48627125 table=162771336 yh=153582916
stage b2=547 vs b1={366}: values [392496006513281583932595840500243827, 773989725393037725664245462095118336), 26036110589304503 candidates (MITM path)
  MITM b1=366: s=4 t=3 j=3 je=3 Q=49027896 table=163667323 yh=159079468
stage b2=548 vs b1={367}: values [401927072922146770857809028954718208, 804127472068445204802288858779989729), 27100580139069998 candidates (MITM path)
  MITM b1=367: s=4 t=3 j=3 je=3 Q=49430863 table=164566592 yh=164678504
stage b2=549 vs b1={368}: values [411566936207857087647217069653412149, 835351893621757825180080478275764224), 28192859424694230 candidates (MITM path)
  MITM b1=368: s=4 t=3 j=3 je=3 Q=49836032 table=165469149 yh=170381365
stage b2=550 vs b1={369}: values [421419825975720214843750000000000000, 867699058515145830106783895701970721), 29313511830448083 candidates (MITM path)
  MITM b1=369: s=4 t=3 j=3 je=3 Q=50243409 table=166375000 yh=176189403
stage b2=551 vs b1={370}: values [431490049578408029900978423638102151, 901206129599500829968900000000000000), 30463109803843656 candidates (MITM path)
  MITM b1=370: s=4 t=3 j=3 je=3 Q=50653000 table=167284151 yh=182103981
stage b2=552 vs b1={371}: values [441781993399818022724510341599854592, 935911394218887462627310370080165081), 31642234967734876 candidates (MITM path)
  MITM b1=371: s=4 t=3 j=3 je=3 Q=51064811 table=168196608 yh=188126475
stage b2=553 vs b1={372}: values [452300124157745355934980751882862473, 971854295058259588504417458500665344), 32851478233394170 candidates (MITM path)
  MITM b1=372: s=4 t=3 j=3 je=3 Q=51478848 table=169112377 yh=194258273
stage b2=554 vs b1={373}: values [463048990225606285487392794579083264, 1009075461750708410420050723039024009), 34091439914569983 candidates (MITM path)
  MITM b1=373: s=4 t=3 j=3 je=3 Q=51895117 table=170031464 yh=200500773
stage b2=555 vs b1={374}: values [474033222973456292803297401123046875, 1047616743260820591544343170758885376), 35362729842529890 candidates (MITM path)
  MITM b1=374: s=4 t=3 j=3 je=3 Q=52313624 table=170953875 yh=206855387
stage b2=556 vs b1={375}: values [485257538128548939096586766742716416, 1087521241061040200293064117431640625), 36665967482094111 candidates (MITM path)
  MITM b1=375: s=4 t=3 j=3 je=3 Q=52734375 table=171879616 yh=213323537
stage b2=557 vs b1={376}: values [496726737155684136275087566416582557, 1128833343118249207414947823407333376), 38001782048664179 candidates (MITM path)
  MITM b1=376: s=4 t=3 j=3 je=3 Q=53157376 table=172808693 yh=219906658
stage b2=558 vs b1={377}: values [508445708657597236854185159560716288, 1171598758708107367475386427203165009), 39370812626251563 candidates (MITM path)
  MITM b1=377: s=4 t=3 j=3 je=3 Q=53582633 table=173741112 yh=226606197
stage b2=559 vs b1={378}: values [520419429795643077901856425190522479, 1215864554075023704741469602061369344), 40773708286511018 candidates (MITM path)
  MITM b1=378: s=4 t=3 j=3 je=3 Q=54010152 table=174676879 yh=233423614
stage b2=560 vs b1={379}: values [532652967731031871324160000000000000, 1261679188955968563191835468129487081), 42211128208783457 candidates (MITM path)
  MITM b1=379: s=4 t=3 j=3 je=3 Q=54439939 table=175616000 yh=240360379
stage b2=561 vs b1={380}: values [545151481086876614974812989924244081, 1309092553986677343846400000000000000), 43683741801153127 candidates (MITM path)
  MITM b1=380: s=4 t=3 j=3 je=3 Q=54872000 table=176558481 yh=247417975
stage b2=562 vs b1={381}: values [557920221431314506311321357441769472, 1358156009009144712440307376223513721), 45192228822523891 candidates (MITM path)
  MITM b1=381: s=4 t=3 j=3 je=3 Q=55306341 table=177504328 yh=254597899
stage b2=563 vs b1={382}: values [570964534781967672803543519620846403, 1408922422299661290033405230674100224), 46737279505719402 candidates (MITM path)
  MITM b1=382: s=4 t=3 j=3 je=3 Q=55742968 table=178453547 yh=261901657

*** MATCH: 1299707134651649363097042574122554952 is an 14-digit palindrome in bases 382 and 563
stage b2=564 vs b1={383}: values [584289863132011391209840769230700544, 1461446210737003712612867623638313729), 48319594681611966 candidates (MITM path)
  MITM b1=383: s=4 t=3 j=3 je=3 Q=56181887 table=179406144 yh=269330769
stage b2=565 vs b1={384}: values [597901745998120851353366153564453125, 1515783380930753538061821258378510336), 49939885904284906 candidates (MITM path)
  MITM b1=384: s=4 t=3 j=3 je=3 Q=56623104 table=180362125 yh=276886769
stage b2=566 vs b1={385}: values [611805821990570429339805757456080896, 1571991571330090865774680230712890625), 51598875577233209 candidates (MITM path)
  MITM b1=385: s=4 t=3 j=3 je=3 Q=57066625 table=181321496 yh=284571200
stage b2=567 vs b1={386}: values [626007830405762370442234920236832087, 1630130095333784792244505633968111616), 53297297080607278 candidates (MITM path)
  MITM b1=386: s=4 t=3 j=3 je=3 Q=57512456 table=182284263 yh=292385620
stage b2=568 vs b1={387}: values [640513612841464743323893889989869568, 1690259985422485032479991371240442489), 55035894899504586 candidates (MITM path)
  MITM b1=387: s=4 t=3 j=3 je=3 Q=57960603 table=183250432 yh=300331598
stage b2=569 vs b1={388}: values [655329114835041515061818544164613209, 1752444038334807270293678521701105664), 56815424753314043 candidates (MITM path)
  MITM b1=388: s=4 t=3 j=3 je=3 Q=58411072 table=184220009 yh=308410716
stage b2=570 vs b1={389}: values [670460387524960610760570000000000000, 1816746861309099139322282878629329641), 58636653726117894 candidates (MITM path)
  MITM b1=389: s=4 t=3 j=3 je=3 Q=58863869 table=185193000 yh=316624569
stage b2=571 vs b1={390}: values [685913589335868862593975790997597611, 1883234919413174260904100000000000000), 60500360398155947 candidates (MITM path)
  MITM b1=390: s=4 t=3 j=3 je=3 Q=59319000 table=186169411 yh=324974764
stage b2=572 vs b1={391}: values [701694987687525821073007584217137152, 1951976583984708555289257373653172561), 62407334978356962 candidates (MITM path)
  MITM b1=391: s=4 t=3 j=3 je=3 Q=59776471 table=187149248 yh=333462922
stage b2=573 vs b1={392}: values [717810960727891496399861673112327533, 2023042182205406180576948745932898304), 64358379437942011 candidates (MITM path)
  MITM b1=392: s=4 t=3 j=3 je=3 Q=60236288 table=188132517 yh=342090674
stage b2=574 vs b1={393}: values [734267999090666220123170482943156224, 2096504047832462021585980850883353649), 66354307645104635 candidates (MITM path)
  MITM b1=393: s=4 t=3 j=3 je=3 Q=60698457 table=189119224 yh=350859666
stage b2=575 vs b1={394}: values [751072707677583967149257659912109375, 2172436573111273731749254298313834496), 68395945500772608 candidates (MITM path)
  MITM b1=394: s=4 t=3 j=3 je=3 Q=61162984 table=190109375 yh=359771556
stage b2=576 vs b1={395}: values [768231807465763655682670928358014976, 2250916261893789009116047857666015625), 70484131075456152 candidates (MITM path)
  MITM b1=395: s=4 t=3 j=3 je=3 Q=61629875 table=191102976 yh=368828014
stage b2=577 vs b1={396}: values [785752137340426148060117653375876417, 2332021783987313147550261420339757056), 72619714747187415 candidates (MITM path)
  MITM b1=396: s=4 t=3 j=3 je=3 Q=62099136 table=192100033 yh=378030725
stage b2=578 vs b1={397}: values [803640655953287908900640275234562048, 2415834030759048032002067126745534169), 74803559340556045 candidates (MITM path)
  MITM b1=397: s=4 t=3 j=3 je=3 Q=62570773 table=193100552 yh=387381386
stage b2=579 vs b1={398}: values [821904443606945538717678866487000339, 2502436172022086728957275203783901184), 77036540266845695 candidates (MITM path)
  MITM b1=398: s=4 t=3 j=3 je=3 Q=63044792 table=194104539 yh=396881705
stage b2=580 vs b1={399}: values [840550704165568691322880000000000000, 2591913714229047747371013122318554401), 79319545665276284 candidates (MITM path)
  MITM b1=399: s=4 t=3 j=3 je=3 Q=63521199 table=195112000 yh=406533405
stage b2=581 vs b1={400}: values [859586766992222202195460101840278741, 2684354560000000000000000000000000000), 81653476545356864 candidates (MITM path)
  MITM b1=400: s=4 t=3 j=3 je=3 Q=64000000 table=196122941 yh=416338222
stage b2=582 vs b1={401}: values [879020088913141602693987477647941632, 2779849069011803569389614128910565601), 84039246930353907 candidates (MITM path)
  MITM b1=401: s=4 t=3 j=3 je=3 Q=64481201 table=197137368 yh=426297905
stage b2=583 vs b1={402}: values [898858256209289571750018603448589863, 2878490120276472667082662144291651584), 86477784001879878 candidates (MITM path)
  MITM b1=402: s=4 t=3 j=3 je=3 Q=64964808 table=198155287 yh=436414215
stage b2=584 vs b1={403}: values [919108986635524282706561397690466304, 2980373175836655760043416457625951769), 88970028245606917 candidates (MITM path)
  MITM b1=403: s=4 t=3 j=3 je=3 Q=65450827 table=199176704 yh=446688928
stage b2=585 vs b1={404}: values [939780131467714038451336959228515625, 3085596345906823816899741423927033856), 91516933598110476 candidates (MITM path)
  MITM b1=404: s=4 t=3 j=3 je=3 Q=65939264 table=200201625 yh=457123831
stage b2=586 vs b1={405}: values [960879677578136053148816778964934656, 3194260455489261091391061529541015625), 94119467594847762 candidates (MITM path)
  MITM b1=405: s=4 t=3 j=3 je=3 Q=66430125 table=201230056 yh=467720725
stage b2=587 vs b1={406}: values [982415749539500733900622636113799547, 3306469112494463905297029171238813696), 96778611519275836 candidates (MITM path)
  MITM b1=406: s=4 t=3 j=3 je=3 Q=66923416 table=202262003 yh=478481426
stage b2=588 vs b1={407}: values [1004396611757946340766745635195977728, 3422328777396071612977936337655912049), 99495360553114195 candidates (MITM path)
  MITM b1=407: s=4 t=3 j=3 je=3 Q=67419143 table=203297472 yh=489407761
stage b2=589 vs b1={408}: values [1026830670635352458966883555245399869, 3541948834450980420297557401512443904), 102270723927756724 candidates (MITM path)
  MITM b1=408: s=4 t=3 j=3 je=3 Q=67917312 table=204336469 yh=500501572
stage b2=590 vs b1={409}: values [1049726476761324302959790000000000000, 3665441664515825088891125013458457361), 105105725076837835 candidates (MITM path)
  MITM b1=409: s=4 t=3 j=3 je=3 Q=68417929 table=205379000 yh=511764714
stage b2=591 vs b1={410}: values [1073092727135203488677720234874003471, 3792922719491555880216100000000000000), 108001401789957671 candidates (MITM path)
  MITM b1=410: s=4 t=3 j=3 je=3 Q=68921000 table=206425071 yh=523199054
stage b2=592 vs b1={411}: values [1096938267418464557682763546243366912, 3924510598428388481280677722353356841), 110958806367571225 candidates (MITM path)
  MITM b1=411: s=4 t=3 j=3 je=3 Q=69426531 table=207474688 yh=534806475
stage b2=593 vs b1={412}: values [1121272094217860215623061584431717393, 4060327125323963205059947437242712064), 113979005777046229 candidates (MITM path)
  MITM b1=412: s=4 t=3 j=3 je=3 Q=69934528 table=208527857 yh=546588871
stage b2=594 vs b1={413}: values [1146103357399681957311695889085046784, 4200497428648116574040869616977676089), 117063081809894674 candidates (MITM path)
  MITM b1=413: s=4 t=3 j=3 je=3 Q=70444997 table=209584584 yh=558548151
stage b2=595 vs b1={414}: values [1171441362435506492242537059326171875, 4345150022628243576733808719502524416), 120212131240182826 candidates (MITM path)
  MITM b1=414: s=4 t=3 j=3 je=3 Q=70957944 table=210644875 yh=570686238
stage b2=596 vs b1={415}: values [1197295572779802157609819889714855936, 4494416890329812536997064996337890625), 123427265984124604 candidates (MITM path)
  MITM b1=415: s=4 t=3 j=3 je=3 Q=71473375 table=211708736 yh=583005068
stage b2=597 vs b1={416}: values [1223675612279773311126969648879885477, 4648433568567186758293585075200065536), 126709613260863173 candidates (MITM path)
  MITM b1=416: s=4 t=3 j=3 je=3 Q=71991296 table=212776173 yh=595506591
stage b2=598 vs b1={417}: values [1250591267617824533361673953148100608, 4807339234680508004200143948920808129), 130060315754445635 candidates (MITM path)
  MITM b1=417: s=4 t=3 j=3 je=3 Q=72511713 table=213847192 yh=608192769
stage b2=599 vs b1={418}: values [1278052490787030339135888517747927799, 4971276795215006558302976583535181824), 133480531776995675 candidates (MITM path)
  MITM b1=418: s=4 t=3 j=3 je=3 Q=73034632 table=214921799 yh=621065581
done: 11258.36s, 10005857980 candidates tested
