A171740 search: n=14, threads=1, limit=none
stage b2=463 vs b1={299}: values [44931703384098017538267680344521103, 45645359987515812435930238280185801), 156466854363167 candidates (MITM path)
  MITM b1=299: s=4 t=3 j=3 je=3 Q=26730899 table=99252847 yh=1576448
stage b2=464 vs b1={300}: values [46209763648267372780458093779615744, 47829690000000000000000000000000000), 349839953297741 candidates (MITM path)
  MITM b1=300: s=4 t=3 j=3 je=3 Q=27000000 table=99897344 yh=3501995
stage b2=465 vs b1={301}: values [47521308185524258592298453369140625, 50110754096488045602459977936194201), 550853576576485 candidates (MITM path)
  MITM b1=301: s=4 t=3 j=3 je=3 Q=27270901 table=100544625 yh=5478698
stage b2=466 vs b1={302}: values [48867139407307515137476120103428096, 52492493291196466086203175724662784), 759712005003289 candidates (MITM path)
  MITM b1=302: s=4 t=3 j=3 je=3 Q=27543608 table=101194696 yh=7507430
stage b2=467 vs b1={303}: values [50248077167926686243123642272242787, 54978995282149371522266936818729569), 976623717722101 candidates (MITM path)
  MITM b1=303: s=4 t=3 j=3 je=3 Q=27818127 table=101847563 yh=9589074
stage b2=468 vs b1={304}: values [51664959105080477120365807710240768, 57574499397733310582010212836704256), 1201801458124535 candidates (MITM path)
  MITM b1=304: s=4 t=3 j=3 je=3 Q=28094464 table=102503232 yh=11724523
stage b2=469 vs b1={305}: values [53118640986271411938365507173903909, 60283401692879138764114019775390625), 1435462300489357 candidates (MITM path)
  MITM b1=305: s=4 t=3 j=3 je=3 Q=28372625 table=103161709 yh=13914682
stage b2=470 vs b1={306}: values [54609997061205831773270000000000000, 63110260198880625404008432578871296), 1677827717358508 candidates (MITM path)
  MITM b1=306: s=4 t=3 j=3 je=3 Q=28652616 table=103823000 yh=16160463
stage b2=471 vs b1={307}: values [56139920420269526101585857174664311, 66059800330953223881038421346972249), 1929123647654319 candidates (MITM path)
  MITM b1=307: s=4 t=3 j=3 je=3 Q=28934443 table=104487111 yh=18462791
stage b2=472 vs b1={308}: values [57709323359170456049437363878756352, 69136920457732008849516311508680704), 2189580565542580 candidates (MITM path)
  MITM b1=308: s=4 t=3 j=3 je=3 Q=29218112 table=105154048 yh=20822599
stage b2=473 vs b1={309}: values [59319137749841205151272334026810233, 72346697637005265678995742402826761), 2459433550046121 candidates (MITM path)
  MITM b1=309: s=4 t=3 j=3 je=3 Q=29503629 table=105823817 yh=23240832
stage b2=474 vs b1={310}: values [60970315417694983520937358098407424, 75694393522079632032100000000000000), 2738922355413577 candidates (MITM path)
  MITM b1=310: s=4 t=3 j=3 je=3 Q=29791000 table=106496424 yh=25718445
stage b2=475 vs b1={311}: values [62663828525330214202404022216796875, 79185460443274071484794939191083441), 3028291482248016 candidates (MITM path)
  MITM b1=311: s=4 t=3 j=3 je=3 Q=30080231 table=107171875 yh=28256402
stage b2=476 vs b1={312}: values [64400669962779946155230391934386176, 82825547669143336572232508337291264), 3327790249400098 candidates (MITM path)
  MITM b1=312: s=4 t=3 j=3 je=3 Q=30371328 table=107850176 yh=30855678
stage b2=477 vs b1={313}: values [66181853744403566950222013869119117, 86620507852136986313803229728551889), 3637672866630446 candidates (MITM path)
  MITM b1=313: s=4 t=3 j=3 je=3 Q=30664297 table=108531333 yh=33517260
stage b2=478 vs b1={314}: values [68008415412519529913542931040821248, 90576403663507494251037011559202816), 3958198508045923 candidates (MITM path)
  MITM b1=314: s=4 t=3 j=3 je=3 Q=30959144 table=109215352 yh=36242144
stage b2=479 vs b1={315}: values [69881412447879065273246871214547039, 94699514622390550869469537353515625), 4289631386314497 candidates (MITM path)
  MITM b1=315: s=4 t=3 j=3 je=3 Q=31255875 table=109902239 yh=39031338
stage b2=480 vs b1={316}: values [71801924687082112942080000000000000, 98996344124092362953499355314651136), 4632240827663393 candidates (MITM path)
  MITM b1=316: s=4 t=3 j=3 je=3 Q=31554496 table=110592000 yh=41885859
stage b2=481 vs b1={317}: values [73771054747037996026381548447289441, 103473626672732616363732850530926329), 4986301347665220 candidates (MITM path)
  MITM b1=317: s=4 t=3 j=3 je=3 Q=31855013 table=111284641 yh=44806735

*** MATCH: 92751799671223840216191413919498456 is an 14-digit palindrome in bases 317 and 481
stage b2=482 vs b1={318}: values [75789928456574649095616277380472832, 108138335323507832794908910278426624), 5352092727816786 candidates (MITM path)
  MITM b1=318: s=4 t=3 j=3 je=3 Q=32157432 table=111980168 yh=47795006
stage b2=483 vs b1={319}: values [77859695295301523793862079367040563, 112997689339958150582465303553121921), 5729900092915299 candidates (MITM path)
  MITM b1=319: s=4 t=3 j=3 je=3 Q=32461759 table=112678587 yh=50851722
stage b2=484 vs b1={320}: values [79981528839832616637508874879893504, 118059162071741130342400000000000000), 6120013989236661 candidates (MITM path)
  MITM b1=320: s=4 t=3 j=3 je=3 Q=32768000 table=113379904 yh=53977943
stage b2=485 vs b1={321}: values [82156627217477399937279024658203125, 123330489058539064373855829501034881), 6522730463520576 candidates (MITM path)
  MITM b1=321: s=4 t=3 j=3 je=3 Q=33076161 table=114084125 yh=57174743
stage b2=486 vs b1={322}: values [84386213567508786822951299218169856, 128819676365851491009049261438418944), 6938351142767182 candidates (MITM path)
  MITM b1=322: s=4 t=3 j=3 je=3 Q=33386248 table=114791256 yh=60443203
stage b2=487 vs b1={323}: values [86671536510118625452078408718034247, 134535009158552218608057415586748409), 7367183314849927 candidates (MITM path)
  MITM b1=323: s=4 t=3 j=3 je=3 Q=33698267 table=115501303 yh=63784418
stage b2=488 vs b1={324}: values [89013870623172595766475439292284928, 140485060518220186283313934500888576), 7809540009949417 candidates (MITM path)
  MITM b1=324: s=4 t=3 j=3 je=3 Q=34012224 table=116214272 yh=67199492
stage b2=489 vs b1={325}: values [91414516926877774739994358072042569, 146678700510385967791080474853515625), 8265740082812958 candidates (MITM path)
  MITM b1=325: s=4 t=3 j=3 je=3 Q=34328125 table=116930169 yh=70689542
done: 341.86s, 501621222 candidates tested
