A171740 search: n=14, threads=1, limit=none
stage b2=297 vs b1={198}: values [139905194995078363929650377085577, 142335313964069405978409510518784), 11921540821840 candidates (MITM path)
  MITM b1=198: s=4 t=3 j=3 je=3 Q=7762392 table=26198073 yh=455055
stage b2=298 vs b1={199}: values [146154244724096943067604967006208, 152736582765019941952958691637201), 31540337303573 candidates (MITM path)
  MITM b1=199: s=4 t=3 j=3 je=3 Q=7880599 table=26463592 yh=1191839
stage b2=299 vs b1={200}: values [152660066847878971357626214983899, 163840000000000000000000000000000), 52328813600518 candidates (MITM path)
  MITM b1=200: s=4 t=3 j=3 je=3 Q=8000000 table=26730899 yh=1957616
stage b2=300 vs b1={201}: values [159432300000000000000000000000000, 175689094255155802434244515642801), 74333764312556 candidates (MITM path)
  MITM b1=201: s=4 t=3 j=3 je=3 Q=8120601 table=27000000 yh=2753103
stage b2=301 vs b1={202}: values [166480910619561613297209229023901, 188329855096852039605697108393984), 97603410196832 candidates (MITM path)
  MITM b1=202: s=4 t=3 j=3 je=3 Q=8242408 table=27270901 yh=3579032
stage b2=302 vs b1={203}: values [173816202950981675782129720942592, 201810858916898431719789378127369), 122187431048192 candidates (MITM path)
  MITM b1=203: s=4 t=3 j=3 je=3 Q=8365427 table=27543608 yh=4436145
stage b2=303 vs b1={204}: values [181448829314024328456326524154223, 216183400540220972918552087494656), 148136999109212 candidates (MITM path)
  MITM b1=204: s=4 t=3 j=3 je=3 Q=8489664 table=27818127 yh=5325197
stage b2=304 vs b1={205}: values [189389800650438521651349384331264, 231501630828342033704595947265625), 175504813014589 candidates (MITM path)
  MITM b1=205: s=4 t=3 j=3 je=3 Q=8615125 table=28094464 yh=6246954
stage b2=305 vs b1={206}: values [197650497353702094308570556640625, 247822700520261426090084682448896), 204345132274663 candidates (MITM path)
  MITM b1=206: s=4 t=3 j=3 je=3 Q=8741816 table=28372625 yh=7202194
stage b2=306 vs b1={207}: values [206242680388498775830092916924416, 265206910560805882369006879852449), 234713812302861 candidates (MITM path)
  MITM b1=207: s=4 t=3 j=3 je=3 Q=8869743 table=28652616 yh=8191707
stage b2=307 vs b1={208}: values [215178502706688025671134922954307, 283717869175243332415379948437504), 266668339991824 candidates (MITM path)
  MITM b1=208: s=4 t=3 j=3 je=3 Q=8998912 table=28934443 yh=9216295
stage b2=308 vs b1={209}: values [224470520966662366394533478924288, 303422655957947177630796910616161), 300267869843025 candidates (MITM path)
  MITM b1=209: s=4 t=3 j=3 je=3 Q=9129329 table=29218112 yh=10276772
stage b2=309 vs b1={210}: values [234131707563123837148853535284229, 324391993252150868100000000000000), 335573260654659 candidates (MITM path)
  MITM b1=210: s=4 t=3 j=3 je=3 Q=9261000 table=29503629 yh=11373966
stage b2=310 vs b1={211}: values [244175462974450425910000000000000, 346700425107361035262655933030041), 372647112772608 candidates (MITM path)
  MITM b1=211: s=4 t=3 j=3 je=3 Q=9393931 table=29791000 yh=12508715
stage b2=311 vs b1={212}: values [254615628434964860079726492575831, 370426504110804885524407033790464), 411553805909273 candidates (MITM path)
  MITM b1=212: s=4 t=3 j=3 je=3 Q=9528128 table=30080231 yh=13681870
stage b2=312 vs b1={213}: values [265466498939561976193052911337472, 395652986399381320581034818847689), 452359537535089 candidates (MITM path)
  MITM b1=213: s=4 t=3 j=3 je=3 Q=9663597 table=30371328 yh=14894296
stage b2=313 vs b1={214}: values [276742836588297080874770702008153, 422467035168972249391801182601216), 495132361847527 candidates (MITM path)
  MITM b1=214: s=4 t=3 j=3 je=3 Q=9800344 table=30664297 yh=16146869
stage b2=314 vs b1={215}: values [288459884278686287423684750188544, 450960433008657859896539306640625), 539942229322402 candidates (MITM path)
  MITM b1=215: s=4 t=3 j=3 je=3 Q=9938375 table=30959144 yh=17440477
stage b2=315 vs b1={216}: values [300633379753620796411014404296875, 481229803398374426442198455156736), 586861026852293 candidates (MITM path)
  MITM b1=216: s=4 t=3 j=3 je=3 Q=10077696 table=31255875 yh=18776023
stage b2=316 vs b1={217}: values [313279570012950515675630871248896, 513376841719862879656860722064529), 635962618476919 candidates (MITM path)
  MITM b1=217: s=4 t=3 j=3 je=3 Q=10218313 table=31554496 yh=20154422
stage b2=317 vs b1={218}: values [326415226096948316604835490633837, 547508556142388336802624725991424), 687322886710268 candidates (MITM path)
  MITM b1=218: s=4 t=3 j=3 je=3 Q=10360232 table=31855013 yh=21576601
stage b2=318 vs b1={219}: values [340057658250024631430531164397568, 583737518756672701482036256689321), 741019774469342 candidates (MITM path)
  MITM b1=219: s=4 t=3 j=3 je=3 Q=10503459 table=32157432 yh=23043500
stage b2=319 vs b1={220}: values [354224731473223042578261139664959, 622182127342782054400000000000000), 797133327609321 candidates (MITM path)
  MITM b1=220: s=4 t=3 j=3 je=3 Q=10648000 table=32461759 yh=24556074
stage b2=320 vs b1={221}: values [368934881474191032320000000000000, 662966878170355779548558581239481), 855745738070007 candidates (MITM path)
  MITM b1=221: s=4 t=3 j=3 je=3 Q=10793861 table=32768000 yh=26115288
stage b2=321 vs b1={222}: values [384207131023486181850018160439361, 706222650242563257993710741766144), 916941387638377 candidates (MITM path)
  MITM b1=222: s=4 t=3 j=3 je=3 Q=10941048 table=33076161 yh=27722123

*** MATCH: 471795245033641829189001727405252 is an 14-digit palindrome in bases 222 and 321
stage b2=322 vs b1={223}: values [400061106726246866487730625585152, 752087001408534719216214439862209), 980806892332089 candidates (MITM path)
  MITM b1=223: s=4 t=3 j=3 je=3 Q=11089567 table=33386248 yh=29377572
stage b2=323 vs b1={224}: values [416517056218427921387174661259283, 800704476782743824084831595134976), 1047431147408803 candidates (MITM path)
  MITM b1=224: s=4 t=3 j=3 je=3 Q=11239424 table=33698267 yh=31082642
stage b2=324 vs b1={225}: values [433595865796975883590475106484224, 852226929923929274082183837890625), 1116905373006145 candidates (MITM path)
  MITM b1=225: s=4 t=3 j=3 je=3 Q=11390625 table=34012224 yh=32838352
stage b2=325 vs b1={226}: values [451319078493495285511016845703125, 906813857240639864200242192203776), 1189323160417197 candidates (MITM path)
  MITM b1=226: s=4 t=3 j=3 je=3 Q=11543176 table=34328125 yh=34645737
stage b2=326 vs b1={227}: values [469708912601137116299541423742976, 964632746105380745721862822346809), 1264780519006348 candidates (MITM path)
  MITM b1=227: s=4 t=3 j=3 je=3 Q=11697083 table=34645976 yh=36505842
done: 128.23s, 303806903 candidates tested
