A171740 search: n=14, threads=1, limit=none
stage b2=385 vs b1={252}: values [4083094990467768482531636962890625, 4164928698882469942515671324688384), 65269025086667 candidates (MITM path)
  MITM b1=252: s=4 t=3 j=3 je=3 Q=16003008 table=57066625 yh=1143734
stage b2=386 vs b1={253}: values [4223134962004623814104936875565056, 4402377665001341492756836874350969), 140388117913430 candidates (MITM path)
  MITM b1=253: s=4 t=3 j=3 je=3 Q=16194277 table=57512456 yh=2441004
stage b2=387 vs b1={254}: values [4367596861556808869457342044548947, 4652346283575291198546759565459456), 219021170747409 candidates (MITM path)
  MITM b1=254: s=4 t=3 j=3 je=3 Q=16387064 table=57960603 yh=3778794
stage b2=388 vs b1={255}: values [4516608346223730078076491035312128, 4915441435064644177113043212890625), 301279167649524 candidates (MITM path)
  MITM b1=255: s=4 t=3 j=3 je=3 Q=16581375 table=58411072 yh=5157912
stage b2=389 vs b1={256}: values [4670300414676347401856768325525269, 5192296858534827628530496329220096), 387275777997165 candidates (MITM path)
  MITM b1=256: s=4 t=3 j=3 je=3 Q=16777216 table=58863869 yh=6579177
stage b2=390 vs b1={257}: values [4828807485674805797190000000000000, 5483574227962890893331590433934849), 477127405921946 candidates (MITM path)
  MITM b1=257: s=4 t=3 j=3 je=3 Q=16974593 table=59319000 yh=8043417
stage b2=391 vs b1={258}: values [4992267478221761010969967707552871, 5789964267207668452827559331119104), 570953240388028 candidates (MITM path)
  MITM b1=258: s=4 t=3 j=3 je=3 Q=17173512 table=59776471 yh=9551472
stage b2=392 vs b1={259}: values [5160821893381138215757522311053312, 6112187904873275865980332271043961), 668875305915688 candidates (MITM path)
  MITM b1=259: s=4 t=3 j=3 je=3 Q=17373979 table=60236288 yh=11104192
stage b2=393 vs b1={260}: values [5334615897792524227954149747794793, 6450997470329715097600000000000000), 771018513954876 candidates (MITM path)
  MITM b1=260: s=4 t=3 j=3 je=3 Q=17576000 table=60698457 yh=12702441
stage b2=394 vs b1={261}: values [5513798408911862263322980452573184, 6807177932189258856180832656779241), 877510714913448 candidates (MITM path)
  MITM b1=261: s=4 t=3 j=3 je=3 Q=17779581 table=61162984 yh=14347089
stage b2=395 vs b1={262}: values [5698522182009592428141893310546875, 7181548180572999273393724747300864), 988482750844800 candidates (MITM path)
  MITM b1=262: s=4 t=3 j=3 je=3 Q=17984728 table=61629875 yh=16039020
stage b2=396 vs b1={263}: values [5888943898957861483712781364494336, 7574962354538500616775660413022289), 1104068508799632 candidates (MITM path)
  MITM b1=263: s=4 t=3 j=3 je=3 Q=18191447 table=62099136 yh=17779129
stage b2=397 vs b1={264}: values [6085224258838911919400672863338877, 7988311216076905079138811711062016), 1224404974846554 candidates (MITM path)
  MITM b1=264: s=4 t=3 j=3 je=3 Q=18399744 table=62570773 yh=19568322
stage b2=398 vs b1={265}: values [6287528070407253087832349758251008, 8422523572126121633218804931640625), 1349632288766280 candidates (MITM path)
  MITM b1=265: s=4 t=3 j=3 je=3 Q=18609625 table=63044792 yh=21407515
stage b2=399 vs b1={266}: values [6496024346438716158824594291525199, 8878567746085897335509947690663936), 1479893799424129 candidates (MITM path)
  MITM b1=266: s=4 t=3 j=3 je=3 Q=18821096 table=63521199 yh=23297637
stage b2=400 vs b1={267}: values [6710886400000000000000000000000000, 9357453100360645426341446339617929), 1615336120825590 candidates (MITM path)
  MITM b1=267: s=4 t=3 j=3 je=3 Q=19034163 table=64000000 yh=25239627
stage b2=401 vs b1={268}: values [6932291942672826856333202316485201, 9860231611496902484101890807169024), 1756109188859678 candidates (MITM path)
  MITM b1=268: s=4 t=3 j=3 je=3 Q=19248832 table=64481201 yh=27234437
stage b2=402 vs b1={269}: values [7160423184767344942991696876347392, 10387999499524225396026023192028121), 1902366318734840 candidates (MITM path)
  MITM b1=269: s=4 t=3 j=3 je=3 Q=19465109 table=64964808 yh=29283029
stage b2=403 vs b1={270}: values [7395466937559939851224358455647523, 10941898913151235920900000000000000), 2054264263112158 candidates (MITM path)
  MITM b1=270: s=4 t=3 j=3 je=3 Q=19683000 table=65450827 yh=31386376
stage b2=404 vs b1={271}: values [7637614717591148061633023326552064, 11523119672512394327137541804059681), 2211963270940601 candidates (MITM path)
  MITM b1=271: s=4 t=3 j=3 je=3 Q=19902511 table=65939264 yh=33545465
stage b2=405 vs b1={272}: values [7887062853059903929360645751953125, 12132901071205952454668884633452544), 2375627146999095 candidates (MITM path)
  MITM b1=272: s=4 t=3 j=3 je=3 Q=20123648 table=66430125 yh=35761293
stage b2=406 vs b1={273}: values [8144012592350896318465589091721216, 12772533739409419310834931469027809), 2545423312150166 candidates (MITM path)
  MITM b1=273: s=4 t=3 j=3 je=3 Q=20346417 table=66923416 yh=38034869
stage b2=407 vs b1={274}: values [8408670214732362685449475031095607, 13443361569905787990117147696971776), 2721522864309927 candidates (MITM path)
  MITM b1=274: s=4 t=3 j=3 je=3 Q=20570824 table=67419143 yh=40367213
stage b2=408 vs b1={275}: values [8681247143262206912494013239001088, 14146783708901740610599517822265625), 2904100640139179 candidates (MITM path)
  MITM b1=275: s=4 t=3 j=3 je=3 Q=20796875 table=67917312 yh=42759358
stage b2=409 vs b1={276}: values [8961960059940892637875611279849529, 14884256613568087679683209751166976), 3093335277460400 candidates (MITM path)
  MITM b1=276: s=4 t=3 j=3 je=3 Q=21024576 table=68417929 yh=45212349
stage b2=410 vs b1={277}: values [9251031023150136293210000000000000, 15657296178282829721680640148731209), 3289409278405408 candidates (MITM path)
  MITM b1=277: s=4 t=3 j=3 je=3 Q=21253933 table=68921000 yh=47727243
stage b2=411 vs b1={278}: values [9548687587417003604089240200373131, 16467479931608472298443740375302144), 3492509073298461 candidates (MITM path)
  MITM b1=278: s=4 t=3 j=3 je=3 Q=21484952 table=69426531 yh=50305108
stage b2=412 vs b1={279}: values [9855162925543600012281425818550272, 17316449306087601206337604921562481), 3702825085279605 candidates (MITM path)
  MITM b1=279: s=4 t=3 j=3 je=3 Q=21717639 table=69934528 yh=52947024
stage b2=413 vs b1={280}: values [10170695953143139404457311421253453, 18205911982994253414400000000000000), 3920551795673036 candidates (MITM path)
  MITM b1=280: s=4 t=3 j=3 je=3 Q=21952000 table=70444997 yh=55654085
stage b2=414 vs b1={281}: values [10495531455623776755395673235513344, 19137644314233322299008947929826321), 4145887810105286 candidates (MITM path)
  MITM b1=281: s=4 t=3 j=3 je=3 Q=22188041 table=70957944 yh=58427395
stage b2=415 vs b1={282}: values [10829920217662198884330277099609375, 20113493823636134316549694448615424), 4379035925378019 candidates (MITM path)
  MITM b1=282: s=4 t=3 j=3 je=3 Q=22425768 table=71473375 yh=61268073
stage b2=416 vs b1={283}: values [11174119155209583553590348738461696, 21135381789957450134663699873055529), 4620203197100234 candidates (MITM path)
  MITM b1=283: s=4 t=3 j=3 je=3 Q=22665187 table=71991296 yh=64177248
stage b2=417 vs b1={284}: values [11528391450073160681535117383503137, 22205305913937498425779524506484736), 4869601008084690 candidates (MITM path)
  MITM b1=284: s=4 t=3 j=3 je=3 Q=22906304 table=72511713 yh=67156061
stage b2=418 vs b1={285}: values [11893006687117240570102814793146368, 23325343071852267342134088134765625), 5127445137513344 candidates (MITM path)
  MITM b1=285: s=4 t=3 j=3 je=3 Q=23149125 table=73034632 yh=70205669
stage b2=419 vs b1={286}: values [12268240994128212834729297883414259, 24497652158036179788437520640393216), 5393955830876624 candidates (MITM path)
  MITM b1=286: s=4 t=3 j=3 je=3 Q=23393656 table=73560059 yh=73327237
stage b2=420 vs b1={287}: values [12654377184388666245120000000000000, 25724477018923486959881583081626689), 5669357870691339 candidates (MITM path)
  MITM b1=287: s=4 t=3 j=3 je=3 Q=23639903 table=74088000 yh=76521946
stage b2=421 vs b1={288}: values [13051704902006434014097498971732661, 27008149481218253520093899825086464), 5953880648002043 candidates (MITM path)
  MITM b1=288: s=4 t=3 j=3 je=3 Q=23887872 table=74618461 yh=79790987
stage b2=422 vs b1={289}: values [13460520770045031283752025608445952, 28351092476867700887730107366063041), 6247758234670685 candidates (MITM path)
  MITM b1=289: s=4 t=3 j=3 je=3 Q=24137569 table=75151448 yh=83135567
stage b2=423 vs b1={290}: values [13881128541502621729192837547096583, 29755823267579946348100000000000000), 6551229456459335 candidates (MITM path)
  MITM b1=290: s=4 t=3 j=3 je=3 Q=24389000 table=75686967 yh=86556903
stage b2=424 vs b1={291}: values [14313839253187328406678973683073024, 31224956771694849412103314940863161), 6864537966910852 candidates (MITM path)
  MITM b1=291: s=4 t=3 j=3 je=3 Q=24642171 table=76225024 yh=90056226
stage b2=425 vs b1={292}: values [14758971382537390291690826416015625, 32761208996285777655067862320021504), 7187932322032284 candidates (MITM path)
  MITM b1=292: s=4 t=3 j=3 je=3 Q=24897088 table=76765625 yh=93634779

*** MATCH: 26727441197942749059563596081519326 is an 14-digit palindrome in bases 292 and 425
stage b2=426 vs b1={293}: values [15216851007435360461032099699531776, 34367400577440657174390053251553449), 7521666055785848 candidates (MITM path)
  MITM b1=293: s=4 t=3 j=3 je=3 Q=25153757 table=77308776 yh=97293819
stage b2=427 vs b1={294}: values [15687811969066244649321093637445467, 36046460431742703147634670013136896), 7865997756392326 candidates (MITM path)
  MITM b1=294: s=4 t=3 j=3 je=3 Q=25412184 table=77854483 yh=101034616
stage b2=428 vs b1={295}: values [16172196037870190032792688261070848, 37801429522044759444963140869140625), 8221191143451703 candidates (MITM path)
  MITM b1=295: s=4 t=3 j=3 je=3 Q=25672375 table=78402752 yh=104858452
stage b2=429 vs b1={296}: values [16670353082641053641298125247535389, 39635464740706238900646729698246656), 8587515145885886 candidates (MITM path)
  MITM b1=296: s=4 t=3 j=3 je=3 Q=25934336 table=78953589 yh=108766622
stage b2=430 vs b1={297}: values [17182641242822907852430000000000000, 41551842913538274087106161994416369), 8965243980708354 candidates (MITM path)
  MITM b1=297: s=4 t=3 j=3 je=3 Q=26198073 table=79507000 yh=112760436
stage b2=431 vs b1={298}: values [17709427104057277060049775698679791, 43553964927780889034146280167849984), 9354657232625575 candidates (MITM path)
  MITM b1=298: s=4 t=3 j=3 je=3 Q=26463592 table=80062991 yh=116841217
stage b2=432 vs b1={299}: values [18251085877034644913955971040018432, 45645359987515812435930238280185801), 9756039934475039 candidates (MITM path)
  MITM b1=299: s=4 t=3 j=3 je=3 Q=26730899 table=80621568 yh=121010298
stage b2=433 vs b1={300}: values [18808001579704525579373326142460913, 47829690000000000000000000000000000), 10169682648504752 candidates (MITM path)
  MITM b1=300: s=4 t=3 j=3 je=3 Q=27000000 table=81182737 yh=125269030

*** MATCH: 20770561189453788298612074837805030 is an 14-digit palindrome in bases 300 and 433
stage b2=434 vs b1={301}: values [19380567222899155346308769747247104, 50110754096488045602459977936194201), 10595881548499059 candidates (MITM path)
  MITM b1=301: s=4 t=3 j=3 je=3 Q=27270901 table=81746504 yh=129618774
stage b2=435 vs b1={302}: values [19969184999426632712125301513671875, 52492493291196466086203175724662784), 11034938502755617 candidates (MITM path)
  MITM b1=302: s=4 t=3 j=3 je=3 Q=27543608 table=82312875 yh=134060905
stage b2=436 vs b1={303}: values [20574266476690115849023402547347456, 54978995282149371522266936818729569), 11487161157918418 candidates (MITM path)
  MITM b1=303: s=4 t=3 j=3 je=3 Q=27818127 table=82881856 yh=138596814
done: 882.66s, 1954149343 candidates tested
