A171740 search: n=14, threads=1, limit=none
stage b2=362 vs b1={238}: values [1833206620208037610752855912783872, 1871015558000686912224711093796864), 46412448752552 candidates (MITM path)
  MITM b1=238: s=4 t=3 j=3 je=3 Q=13481272 table=47437928 yh=978383
stage b2=363 vs b1={239}: values [1900142297215885771145866243915803, 1984132236766622027506928774262241), 101130206360253 candidates (MITM path)
  MITM b1=239: s=4 t=3 j=3 je=3 Q=13651919 table=47832147 yh=2114273
stage b2=364 vs b1={240}: values [1969327690163771674979127676370944, 2103572012316858777600000000000000), 158557299629127 candidates (MITM path)
  MITM b1=240: s=4 t=3 j=3 je=3 Q=13824000 table=48228544 yh=3287624
stage b2=365 vs b1={241}: values [2040831918205308698658487548828125, 2229659760502257132817812847740961), 218784212158439 candidates (MITM path)
  MITM b1=241: s=4 t=3 j=3 je=3 Q=13997521 table=48627125 yh=4499222
stage b2=366 vs b1={242}: values [2114726025664037501814878311735296, 2362735593168883450473284633903104), 281903739719399 candidates (MITM path)
  MITM b1=242: s=4 t=3 j=3 je=3 Q=14172488 table=49027896 yh=5749865
stage b2=367 vs b1={243}: values [2191083030159251239243293893133487, 2503155504993241601315571986085849), 348011035152305 candidates (MITM path)
  MITM b1=243: s=4 t=3 j=3 je=3 Q=14348907 table=49430863 yh=7040360
stage b2=368 vs b1={244}: values [2269977971798254959728479560531968, 2651292044928480635622559471108096), 417203653876189 candidates (MITM path)
  MITM b1=244: s=4 t=3 j=3 je=3 Q=14526784 table=49836032 yh=8371527
stage b2=369 vs b1={245}: values [2351487963455679756386948226834609, 2807535013090453863383795166015625), 489581600015665 candidates (MITM path)
  MITM b1=245: s=4 t=3 j=3 je=3 Q=14706125 table=50243409 yh=9744196
stage b2=370 vs b1={246}: values [2435692242160813053970000000000000, 2972292183936828626836081803411456), 565247373149735 candidates (MITM path)
  MITM b1=246: s=4 t=3 j=3 je=3 Q=14886936 table=50653000 yh=11159209
stage b2=371 vs b1={247}: values [2522672221614251920828329838491011, 3145990056617379761511309839089969), 644306015687251 candidates (MITM path)
  MITM b1=247: s=4 t=3 j=3 je=3 Q=15069223 table=51064811 yh=12617418

*** MATCH: 2595354158199903053698664590480272 is an 14-digit palindrome in bases 247 and 371
done: 47.26s, 54415913 candidates tested
