A171740 search: n=14, threads=1, limit=none
stage b2=527 vs b1={337}: values [241845492675137865214191430461762767, 243679285283393666208253061306357089), 162433615593198 candidates (MITM path)
  MITM b1=337: s=4 t=3 j=3 je=3 Q=38272753 table=146363183 yh=1109799
stage b2=528 vs b1={338}: values [247879717735234872758731611882651648, 254000051038820699590976063168856064), 534980085769586 candidates (MITM path)
  MITM b1=338: s=4 t=3 j=3 je=3 Q=38614472 table=147197952 yh=3634427
stage b2=529 vs b1={339}: values [254052654154149545721997685422868689, 264725498532251343422483410510418841), 920641340852058 candidates (MITM path)
  MITM b1=339: s=4 t=3 j=3 je=3 Q=38958219 table=148035889 yh=6219042
stage b2=530 vs b1={340}: values [260367219256064861959730000000000000, 275870231034922482073600000000000000), 1319729698060817 candidates (MITM path)
  MITM b1=340: s=4 t=3 j=3 je=3 Q=39304000 table=148877000 yh=8864565
stage b2=531 vs b1={341}: values [266826386037180636857388515472989091, 287449333431940958491026723053340361), 1732563202980747 candidates (MITM path)
  MITM b1=341: s=4 t=3 j=3 je=3 Q=39651821 table=149721291 yh=11571923
stage b2=532 vs b1={342}: values [273433184120058913430441697300447232, 299478386618880458206192837825019904), 2159465710023457 candidates (MITM path)
  MITM b1=342: s=4 t=3 j=3 je=3 Q=40001688 table=150568768 yh=14342057
stage b2=533 vs b1={343}: values [280190700722483686027416350032250213, 311973482284542371301330321821976049), 2600766963691624 candidates (MITM path)
  MITM b1=343: s=4 t=3 j=3 je=3 Q=40353607 table=151419437 yh=17175913
stage b2=534 vs b1={344}: values [287102081641027742818685874210299904, 324951238089060649950183741190045696), 3056802680650259 candidates (MITM path)
  MITM b1=344: s=4 t=3 j=3 je=3 Q=40707584 table=152273304 yh=20074450
stage b2=535 vs b1={345}: values [294170532249521602949110970458984375, 338428813246721067109392828369140625), 3527914632609495 candidates (MITM path)
  MITM b1=345: s=4 t=3 j=3 je=3 Q=41063625 table=153130375 yh=23038634
stage b2=536 vs b1={346}: values [301399318512621735633442871240032256, 352423924523059044388546203674361856), 4014450730023534 candidates (MITM path)
  MITM b1=346: s=4 t=3 j=3 je=3 Q=41421736 table=153990656 yh=26069444
stage b2=537 vs b1={347}: values [308791768014677480736121943614131897, 366954862655997403768050803331897769), 4516765106610361 candidates (MITM path)
  MITM b1=347: s=4 t=3 j=3 je=3 Q=41781923 table=154854153 yh=29167866
stage b2=538 vs b1={348}: values [316351271004098343658904022264291328, 382040509210986058943919609908035584), 5035218204696857 candidates (MITM path)
  MITM b1=348: s=4 t=3 j=3 je=3 Q=42144192 table=155720872 yh=32334897
stage b2=539 vs b1={349}: values [324081281453425611818659325054366219, 397700353880309848525885235660892601), 5570176861393950 candidates (MITM path)
  MITM b1=349: s=4 t=3 j=3 je=3 Q=42508549 table=156590819 yh=35571542
stage b2=540 vs b1={350}: values [331985318135314535792640000000000000, 413954512236938476562500000000000000), 6122014395606419 candidates (MITM path)
  MITM b1=350: s=4 t=3 j=3 je=3 Q=42875000 table=157464000 yh=38878820
stage b2=541 vs b1={351}: values [340066965714635635499320813072655821, 430823743953503917975940025623902401), 6691110695882019 candidates (MITM path)
  MITM b1=351: s=4 t=3 j=3 je=3 Q=43243551 table=158340421 yh=42257755
stage b2=542 vs b1={352}: values [348329875856906030730297942652608512, 448329471497205720126420014212317184), 7277852309104548 candidates (MITM path)
  MITM b1=352: s=4 t=3 j=3 je=3 Q=43614208 table=159220088 yh=45709386
stage b2=543 vs b1={353}: values [356777768353264056114297546073891743, 466493799311663440167496584517263169), 7882632530035504 candidates (MITM path)
  MITM b1=353: s=4 t=3 j=3 je=3 Q=43986977 table=160103007 yh=49234757
stage b2=544 vs b1={354}: values [365414432262202803340615819548688384, 485339533496958054990141432093229056), 8505851491709003 candidates (MITM path)
  MITM b1=354: s=4 t=3 j=3 je=3 Q=44361864 table=160989184 yh=52834926
stage b2=545 vs b1={355}: values [374243727068280638359709019775390625, 504890201999330620896660650634765625), 9147916256684587 candidates (MITM path)
  MITM b1=355: s=4 t=3 j=3 je=3 Q=44738875 table=161878625 yh=56510959
stage b2=546 vs b1={356}: values [383269583858029168477508273239105536, 525170075322236798832332084919402496), 9809240909162604 candidates (MITM path)
  MITM b1=356: s=4 t=3 j=3 je=3 Q=45118016 table=162771336 yh=60263934
stage b2=547 vs b1={357}: values [392496006513281583932595840500243827, 546204187770690153801056774632964649), 10490246647966802 candidates (MITM path)
  MITM b1=357: s=4 t=3 j=3 je=3 Q=45499293 table=163667323 yh=64094937
stage b2=548 vs b1={358}: values [401927072922146770857809028954718208, 568018359241065440405821984897122304), 11191361880398824 candidates (MITM path)
  MITM b1=358: s=4 t=3 j=3 je=3 Q=45882712 table=164566592 yh=68005066
stage b2=549 vs b1={359}: values [411566936207857087647217069653412149, 590639217568775457331652612637964561), 11913022316969254 candidates (MITM path)
  MITM b1=359: s=4 t=3 j=3 je=3 Q=46268279 table=165469149 yh=71995429
stage b2=550 vs b1={360}: values [421419825975720214843750000000000000, 614094221446481549721600000000000000), 12655671067009907 candidates (MITM path)
  MITM b1=360: s=4 t=3 j=3 je=3 Q=46656000 table=166375000 yh=76067144

*** MATCH: 513688941752795681843073464719693501 is an 14-digit palindrome in bases 360 and 550
stage b2=551 vs b1={361}: values [431490049578408029900978423638102151, 638411683925748518131605316913942641), 13419758735172021 candidates (MITM path)
  MITM b1=361: s=4 t=3 j=3 je=3 Q=47045881 table=167284151 yh=80221340
stage b2=552 vs b1={362}: values [441781993399818022724510341599854592, 663620796515309615092533840427761664), 14205743518815052 candidates (MITM path)
  MITM b1=362: s=4 t=3 j=3 je=3 Q=47437928 table=168196608 yh=84459156
stage b2=553 vs b1={363}: values [452300124157745355934980751882862473, 689751653889366534925949446541436489), 15014091306290736 candidates (MITM path)
  MITM b1=363: s=4 t=3 j=3 je=3 Q=47832147 table=169112377 yh=88781742
stage b2=554 vs b1={364}: values [463048990225606285487392794579083264, 716835279219612889692402474199023616), 15845275776127128 candidates (MITM path)
  MITM b1=364: s=4 t=3 j=3 je=3 Q=48228544 table=170031464 yh=93190257
stage b2=555 vs b1={365}: values [474033222973456292803297401123046875, 744903650144937675010347955322265625), 16699778497117288 candidates (MITM path)
  MITM b1=365: s=4 t=3 j=3 je=3 Q=48627125 table=170953875 yh=97685873
stage b2=556 vs b1={366}: values [485257538128548939096586766742716416, 773989725393037725664245462095118336), 17578089029317325 candidates (MITM path)
  MITM b1=366: s=4 t=3 j=3 je=3 Q=49027896 table=171879616 yh=102269772
stage b2=557 vs b1={367}: values [496726737155684136275087566416582557, 804127472068445204802288858779989729), 18480705025958491 candidates (MITM path)
  MITM b1=367: s=4 t=3 j=3 je=3 Q=49430863 table=172808693 yh=106943145
stage b2=558 vs b1={368}: values [508445708657597236854185159560716288, 835351893621757825180080478275764224), 19408132336278021 candidates (MITM path)
  MITM b1=368: s=4 t=3 j=3 je=3 Q=49836032 table=173741112 yh=111707196
done: 923.76s, 948244750 candidates tested
