A171740 search: n=14, threads=1, limit=none
stage b2=299 vs b1={199}: values [152660066847878971357626214983899, 152736582765019941952958691637201), 358140528308 candidates (MITM path)
  MITM b1=199: s=5 t=2 j=2 je=4 Q=39601 table=89401 yh=4006002
stage b2=300 vs b1={200}: values [159432300000000000000000000000000, 163840000000000000000000000000000), 20154092363969 candidates (MITM path)
  MITM b1=200: s=4 t=3 j=3 je=3 Q=8000000 table=27000000 yh=746448
stage b2=301 vs b1={201}: values [166480910619561613297209229023901, 175689094255155802434244515642801), 41134715934988 candidates (MITM path)
  MITM b1=201: s=4 t=3 j=3 je=3 Q=8120601 table=27270901 yh=1508374
stage b2=302 vs b1={202}: values [173816202950981675782129720942592, 188329855096852039605697108393984), 63347300034337 candidates (MITM path)
  MITM b1=202: s=4 t=3 j=3 je=3 Q=8242408 table=27543608 yh=2299892
stage b2=303 vs b1={203}: values [181448829314024328456326524154223, 201810858916898431719789378127369), 86840569918070 candidates (MITM path)
  MITM b1=203: s=4 t=3 j=3 je=3 Q=8365427 table=27818127 yh=3121726
stage b2=304 vs b1={204}: values [189389800650438521651349384331264, 216183400540220972918552087494656), 111664720312046 candidates (MITM path)
  MITM b1=204: s=4 t=3 j=3 je=3 Q=8489664 table=28094464 yh=3974617
stage b2=305 vs b1={205}: values [197650497353702094308570556640625, 231501630828342033704595947265625), 137871448948710 candidates (MITM path)
  MITM b1=205: s=4 t=3 j=3 je=3 Q=8615125 table=28372625 yh=4859313
stage b2=306 vs b1={206}: values [206242680388498775830092916924416, 247822700520261426090084682448896), 165513990638672 candidates (MITM path)
  MITM b1=206: s=4 t=3 j=3 je=3 Q=8741816 table=28652616 yh=5776576
stage b2=307 vs b1={207}: values [215178502706688025671134922954307, 265206910560805882369006879852449), 194647151881863 candidates (MITM path)
  MITM b1=207: s=4 t=3 j=3 je=3 Q=8869743 table=28934443 yh=6727179
stage b2=308 vs b1={208}: values [224470520966662366394533478924288, 283717869175243332415379948437504), 225327346023034 candidates (MITM path)
  MITM b1=208: s=4 t=3 j=3 je=3 Q=8998912 table=29218112 yh=7711907
stage b2=309 vs b1={209}: values [234131707563123837148853535284229, 303422655957947177630796910616161), 257612628956385 candidates (MITM path)
  MITM b1=209: s=4 t=3 j=3 je=3 Q=9129329 table=29503629 yh=8731558
stage b2=310 vs b1={210}: values [244175462974450425910000000000000, 324391993252150868100000000000000), 291562735384089 candidates (MITM path)
  MITM b1=210: s=4 t=3 j=3 je=3 Q=9261000 table=29791000 yh=9786941
stage b2=311 vs b1={211}: values [254615628434964860079726492575831, 346700425107361035262655933030041), 327239115633527 candidates (MITM path)
  MITM b1=211: s=4 t=3 j=3 je=3 Q=9393931 table=30080231 yh=10878877
stage b2=312 vs b1={212}: values [265466498939561976193052911337472, 370426504110804885524407033790464), 364704973037989 candidates (MITM path)
  MITM b1=212: s=4 t=3 j=3 je=3 Q=9528128 table=30371328 yh=12008200
stage b2=313 vs b1={213}: values [276742836588297080874770702008153, 395652986399381320581034818847689), 404025301885675 candidates (MITM path)
  MITM b1=213: s=4 t=3 j=3 je=3 Q=9663597 table=30664297 yh=13175757
stage b2=314 vs b1={214}: values [288459884278686287423684750188544, 422467035168972249391801182601216), 445266925941765 candidates (MITM path)
  MITM b1=214: s=4 t=3 j=3 je=3 Q=9800344 table=30959144 yh=14382405

*** MATCH: 346491631015803405597111902559675 is an 14-digit palindrome in bases 214 and 314
stage b2=315 vs b1={215}: values [300633379753620796411014404296875, 450960433008657859896539306640625), 488498537548383 candidates (MITM path)
  MITM b1=215: s=4 t=3 j=3 je=3 Q=9938375 table=31255875 yh=15629015
stage b2=316 vs b1={216}: values [313279570012950515675630871248896, 481229803398374426442198455156736), 533790737307260 candidates (MITM path)
  MITM b1=216: s=4 t=3 j=3 je=3 Q=10077696 table=31554496 yh=16916472
stage b2=317 vs b1={217}: values [326415226096948316604835490633837, 513376841719862879656860722064529), 581216074349899 candidates (MITM path)
  MITM b1=217: s=4 t=3 j=3 je=3 Q=10218313 table=31855013 yh=18245671
stage b2=318 vs b1={218}: values [340057658250024631430531164397568, 547508556142388336802624725991424), 630849087200080 candidates (MITM path)
  MITM b1=218: s=4 t=3 j=3 je=3 Q=10360232 table=32157432 yh=19617521
done: 62.47s, 112222312 candidates tested
