A171740 search: n=14, threads=1, limit=none
stage b2=278 vs b1={186}: values [59235539322332634167063814299648, 59317278751114476837427823394816), 636968604551 candidates (MITM path)
  MITM b1=186: s=4 t=3 j=3 je=3 Q=6434856 table=21484952 yh=29648
stage b2=279 vs b1={187}: values [62066126545116850201926899360439, 63941451615040319308126414230889), 14251058949006 candidates (MITM path)
  MITM b1=187: s=4 t=3 j=3 je=3 Q=6539203 table=21717639 yh=656198
stage b2=280 vs b1={188}: values [65021114224979476480000000000000, 68898519477432202601009998987264), 28736573005663 candidates (MITM path)
  MITM b1=188: s=4 t=3 j=3 je=3 Q=6644672 table=21952000 yh=1309065
stage b2=281 vs b1={189}: values [68105495780189759071206220390841, 74210483036805646041349463016441), 44130670139758 candidates (MITM path)
  MITM b1=189: s=4 t=3 j=3 je=3 Q=6751269 table=22188041 yh=1988940
stage b2=282 vs b1={190}: values [71324446183106859278545015775232, 79900668578288412100000000000000), 60471713702182 candidates (MITM path)
  MITM b1=190: s=4 t=3 j=3 je=3 Q=6859000 table=22425768 yh=2696529
stage b2=283 vs b1={191}: values [74683327879708304362769257501963, 85993800189188311159265455973761), 77799300488171 candidates (MITM path)
  MITM b1=191: s=4 t=3 j=3 je=3 Q=6967871 table=22665187 yh=3432547
stage b2=284 vs b1={192}: values [78187696880061614175280015867904, 92516075496261812625843582664704), 96154290698635 candidates (MITM path)
  MITM b1=192: s=4 t=3 j=3 je=3 Q=7077888 table=22906304 yh=4197722
stage b2=285 vs b1={193}: values [81843309024043043305733642578125, 99495245076524950698517189573249), 115578838408927 candidates (MITM path)
  MITM b1=193: s=4 t=3 j=3 je=3 Q=7189057 table=23149125 yh=4992796
stage b2=286 vs b1={194}: values [85656126426699929330201121120256, 106960695699145951556010651959296), 136116422549827 candidates (MITM path)
  MITM b1=194: s=4 t=3 j=3 je=3 Q=7301384 table=23393656 yh=5818519
stage b2=287 vs b1={195}: values [89632324107747341323629209343647, 114943537561839249322760009765625), 157811878405536 candidates (MITM path)
  MITM b1=195: s=4 t=3 j=3 je=3 Q=7414875 table=23639903 yh=6675657
stage b2=288 vs b1={196}: values [93778296809785602500326041059328, 123476695691247935826229781856256), 180711429633462 candidates (MITM path)
  MITM b1=196: s=4 t=3 j=3 je=3 Q=7529536 table=23887872 yh=7564987
stage b2=289 vs b1={197}: values [98100666009922840441972689847969, 132595005683061140853836321918569), 204862720810625 candidates (MITM path)
  MITM b1=197: s=4 t=3 j=3 je=3 Q=7645373 table=24137569 yh=8487298
stage b2=290 vs b1={198}: values [102606287129586021890000000000000, 142335313964069405978409510518784), 230314850511451 candidates (MITM path)
  MITM b1=198: s=4 t=3 j=3 je=3 Q=7762392 table=24389000 yh=9443391
stage b2=291 vs b1={199}: values [107302256947404980797605893267571, 152736582765019941952958691637201), 257118404921795 candidates (MITM path)
  MITM b1=199: s=4 t=3 j=3 je=3 Q=7880599 table=24642171 yh=10434081
stage b2=292 vs b1={200}: values [112195921220156772791328295616512, 163840000000000000000000000000000), 285325491993992 candidates (MITM path)
  MITM b1=200: s=4 t=3 j=3 je=3 Q=8000000 table=24897088 yh=11460196
stage b2=293 vs b1={201}: values [117294882516862311175392673213493, 175689094255155802434244515642801), 314989776147750 candidates (MITM path)
  MITM b1=201: s=4 t=3 j=3 je=3 Q=8120601 table=25153757 yh=12522574
stage b2=294 vs b1={202}: values [122607008271233684175628129296384, 188329855096852039605697108393984), 346166513521722 candidates (MITM path)
  MITM b1=202: s=4 t=3 j=3 je=3 Q=8242408 table=25412184 yh=13622069
stage b2=295 vs b1={203}: values [128140439057778845576146240234375, 201810858916898431719789378127369), 378912587780573 candidates (MITM path)
  MITM b1=203: s=4 t=3 j=3 je=3 Q=8365427 table=25672375 yh=14759546
stage b2=296 vs b1={204}: values [133903597096980536826509221953536, 216183400540220972918552087494656), 413286546482373 candidates (MITM path)
  MITM b1=204: s=4 t=3 j=3 je=3 Q=8489664 table=25934336 yh=15935884
stage b2=297 vs b1={205}: values [139905194995078363929650377085577, 231501630828342033704595947265625), 449348638011161 candidates (MITM path)
  MITM b1=205: s=4 t=3 j=3 je=3 Q=8615125 table=26198073 yh=17151973
stage b2=298 vs b1={206}: values [146154244724096943067604967006208, 247822700520261426090084682448896), 487160849079505 candidates (MITM path)
  MITM b1=206: s=4 t=3 j=3 je=3 Q=8741816 table=26463592 yh=18408720

*** MATCH: 177395582282549197325768409848175 is an 14-digit palindrome in bases 206 and 298
stage b2=299 vs b1={207}: values [152660066847878971357626214983899, 265206910560805882369006879852449), 526786942805914 candidates (MITM path)
  MITM b1=207: s=4 t=3 j=3 je=3 Q=8869743 table=26730899 yh=19707042
stage b2=300 vs b1={208}: values [159432300000000000000000000000000, 283717869175243332415379948437504), 568292497371941 candidates (MITM path)
  MITM b1=208: s=4 t=3 j=3 je=3 Q=8998912 table=27000000 yh=21047871
stage b2=301 vs b1={209}: values [166480910619561613297209229023901, 303422655957947177630796910616161), 611744945263828 candidates (MITM path)
  MITM b1=209: s=4 t=3 j=3 je=3 Q=9129329 table=27270901 yh=22432151
stage b2=302 vs b1={210}: values [173816202950981675782129720942592, 324391993252150868100000000000000), 657213613103552 candidates (MITM path)
  MITM b1=210: s=4 t=3 j=3 je=3 Q=9261000 table=27543608 yh=23860840
done: 82.96s, 168564791 candidates tested
