A171740 search: n=14, threads=1, limit=none
stage b2=244 vs b1={165}: values [10865951003805248506649833897984, 11086008799949954971490478515625), 4273738792045 candidates (MITM path)
  MITM b1=165: s=4 t=3 j=3 je=3 Q=4492125 table=14526784 yh=294198
stage b2=245 vs b1={166}: values [11459326584042668830137939453125, 12064608474097852187633240129536), 11423392247865 candidates (MITM path)
  MITM b1=166: s=4 t=3 j=3 je=3 Q=4574296 table=14706125 yh=776778
stage b2=246 vs b1={167}: values [12082488552588734255431226843136, 13122923468187014400100544266129), 19083989475649 candidates (MITM path)
  MITM b1=167: s=4 t=3 j=3 je=3 Q=4657463 table=14886936 yh=1281929
stage b2=247 vs b1={168}: values [12736801848653359358345383963927, 14266910741526944359910498893824), 27279956057583 candidates (MITM path)
  MITM b1=168: s=4 t=3 j=3 je=3 Q=4741632 table=15069223 yh=1810310
stage b2=248 vs b1={169}: values [13423688037899820324566029303808, 15502932802662396215269535105521), 36036603458983 candidates (MITM path)
  MITM b1=169: s=4 t=3 j=3 je=3 Q=4826809 table=15252992 yh=2362593
stage b2=249 vs b1={170}: values [14144627418057809847797432628249, 16837782655940092900000000000000), 45380153222112 candidates (MITM path)
  MITM b1=170: s=4 t=3 j=3 je=3 Q=4913000 table=15438249 yh=2939463
stage b2=250 vs b1={171}: values [14901161193847656250000000000000, 18278710120781277966686574574281), 55337761618881 candidates (MITM path)
  MITM b1=171: s=4 t=3 j=3 je=3 Q=5000211 table=15625000 yh=3541617
stage b2=251 vs b1={172}: values [15694893723203911415883379878251, 19833449590396768185436019359744), 65937544767243 candidates (MITM path)
  MITM b1=172: s=4 t=3 j=3 je=3 Q=5088448 table=15813251 yh=4169766
stage b2=252 vs b1={173}: values [16527494836835198184585997320192, 21510249299503115502230603251609), 77208604216099 candidates (MITM path)
  MITM b1=173: s=4 t=3 j=3 je=3 Q=5177717 table=16003008 yh=4824631
stage b2=253 vs b1={174}: values [17400702233206883370580382902573, 23317902173522098324213843378176), 89181053003538 candidates (MITM path)
  MITM b1=174: s=4 t=3 j=3 je=3 Q=5268024 table=16194277 yh=5506949
stage b2=254 vs b1={175}: values [18316323951083823616325825060864, 25265778334774076938629150390625), 101886042193238 candidates (MITM path)
  MITM b1=175: s=4 t=3 j=3 je=3 Q=5359375 table=16387064 yh=6217468
stage b2=255 vs b1={176}: values [19276240921822134027894287109375, 27363859344311872566309815320576), 115355787893864 candidates (MITM path)
  MITM b1=176: s=4 t=3 j=3 je=3 Q=5451776 table=16581375 yh=6956950
stage b2=256 vs b1={177}: values [20282409603651670423947251286016, 29622774261288943786019374517409), 129623598766300 candidates (MITM path)
  MITM b1=177: s=4 t=3 j=3 je=3 Q=5545233 table=16777216 yh=7726169
stage b2=257 vs b1={178}: values [21336864700244711647204632038657, 32053837605116992116231206354944), 144723904023547 candidates (MITM path)
  MITM b1=178: s=4 t=3 j=3 je=3 Q=5639752 table=16974593 yh=8525914
stage b2=258 vs b1={179}: values [22441721965921195553595191205888, 34669089309147060571644408257881), 160692281928151 candidates (MITM path)
  MITM b1=179: s=4 t=3 j=3 je=3 Q=5735339 table=17173512 yh=9356985
stage b2=259 vs b1={180}: values [23599181099896818015368078266579, 37481336758208102400000000000000), 177565488791996 candidates (MITM path)
  MITM b1=180: s=4 t=3 j=3 je=3 Q=5832000 table=17373979 yh=10220198
stage b2=260 vs b1={181}: values [24811528732037365760000000000000, 40504199006061377874300161158921), 195381488483326 candidates (MITM path)
  MITM b1=181: s=4 t=3 j=3 je=3 Q=5929741 table=17576000 yh=11116380
stage b2=261 vs b1={182}: values [26081141502640838529428477612181, 43752153272681450786889799450624), 214179482445852 candidates (MITM path)
  MITM b1=182: s=4 t=3 j=3 je=3 Q=6028568 table=17779581 yh=12046375
stage b2=262 vs b1={183}: values [27410489238828241501502766211072, 47240583825258650248061856817329), 233999940234805 candidates (MITM path)
  MITM b1=183: s=4 t=3 j=3 je=3 Q=6128487 table=17984728 yh=13011036
stage b2=263 vs b1={184}: values [28802138230184412991542435030503, 50985833350937367259526396379136), 254884630574805 candidates (MITM path)
  MITM b1=184: s=4 t=3 j=3 je=3 Q=6229504 table=18191447 yh=14011235
stage b2=264 vs b1={185}: values [30258754606351913178556104966144, 55005256933563283079156494140625), 276876652944423 candidates (MITM path)
  MITM b1=185: s=4 t=3 j=3 je=3 Q=6331625 table=18399744 yh=15047854
stage b2=265 vs b1={186}: values [31783107819343855219693603515625, 59317278751114476837427823394816), 300020469692292 candidates (MITM path)
  MITM b1=186: s=4 t=3 j=3 je=3 Q=6434856 table=18609625 yh=16121791

*** MATCH: 46004430052644565484259712088346 is an 14-digit palindrome in bases 186 and 265
stage b2=266 vs b1={187}: values [33378074233405629080864465002496, 63941451615040319308126414230889), 324361938689669 candidates (MITM path)
  MITM b1=187: s=4 t=3 j=3 je=3 Q=6539203 table=18821096 yh=17233956
stage b2=267 vs b1={188}: values [35046640825320769387046615504187, 68898519477432202601009998987264), 349948346524313 candidates (MITM path)
  MITM b1=188: s=4 t=3 j=3 je=3 Q=6644672 table=19034163 yh=18385277
stage b2=268 vs b1={189}: values [36791908998122770463066756743168, 74210483036805646041349463016441), 376828442240569 candidates (MITM path)
  MITM b1=189: s=4 t=3 j=3 je=3 Q=6751269 table=19248832 yh=19576692
stage b2=269 vs b1={190}: values [38617098511242473591174807405309, 79900668578288412100000000000000), 405052471630552 candidates (MITM path)
  MITM b1=190: s=4 t=3 j=3 je=3 Q=6859000 table=19465109 yh=20809156
stage b2=270 vs b1={191}: values [40525551530189762670000000000000, 85993800189188311159265455973761), 434672212081313 candidates (MITM path)
  MITM b1=191: s=4 t=3 j=3 je=3 Q=6967871 table=19683000 yh=22083637
stage b2=271 vs b1={192}: values [42520736798938724454382073077711, 92516075496261812625843582664704), 465741007982899 candidates (MITM path)
  MITM b1=192: s=4 t=3 j=3 je=3 Q=7077888 table=19902511 yh=23401118
stage b2=272 vs b1={193}: values [44606253938257178142165017034752, 99495245076524950698517189573249), 498313806702180 candidates (MITM path)
  MITM b1=193: s=4 t=3 j=3 je=3 Q=7189057 table=20123648 yh=24762599
done: 80.55s, 176608501 candidates tested
