A171740 search: n=14, threads=1, limit=none
stage b2=206 vs b1={141}: values [1203022818059521485874197487616, 1227630238259041401156597561561), 1563131600023 candidates (MITM path)
  MITM b1=141: s=4 t=3 j=3 je=3 Q=2803221 table=8741816 yh=178811
stage b2=207 vs b1={142}: values [1281192804641574310961385893007, 1355304316036224269151582306304), 4550857659283 candidates (MITM path)
  MITM b1=142: s=4 t=3 j=3 je=3 Q=2863288 table=8869743 yh=513077
stage b2=208 vs b1={143}: values [1364028217188669867381634367488, 1495218027223887926540376015649), 7788552621591 candidates (MITM path)
  MITM b1=143: s=4 t=3 j=3 je=3 Q=2924207 table=8998912 yh=865500
stage b2=209 vs b1={144}: values [1451783042860991280530128758929, 1648446623609512543951043690496), 11290155915918 candidates (MITM path)
  MITM b1=144: s=4 t=3 j=3 je=3 Q=2985984 table=9129329 yh=1236691
stage b2=210 vs b1={145}: values [1544723777391194610000000000000, 1816151322484127584722900390625), 15070194435985 candidates (MITM path)
  MITM b1=145: s=4 t=3 j=3 je=3 Q=3048625 table=9261000 yh=1627276
stage b2=211 vs b1={146}: values [1643129976812137607879885938531, 1999585510027208108829825581056), 19143801105065 candidates (MITM path)
  MITM b1=146: s=4 t=3 j=3 je=3 Q=3112136 table=9393931 yh=2037891
stage b2=212 vs b1={147}: values [1747294830711343799643429404672, 2200101344710858346413248902169), 23526733846087 candidates (MITM path)
  MITM b1=147: s=4 t=3 j=3 je=3 Q=3176523 table=9528128 yh=2469188
stage b2=213 vs b1={148}: values [1857525757743574275028332482853, 2419156783490371026650801373184), 28235394961882 candidates (MITM path)
  MITM b1=148: s=4 t=3 j=3 je=3 Q=3241792 table=9663597 yh=2921831
stage b2=214 vs b1={149}: values [1974145024154075931737388703744, 2658323054674126527963029795401), 33286850930428 candidates (MITM path)
  MITM b1=149: s=4 t=3 j=3 je=3 Q=3307949 table=9800344 yh=3396499
stage b2=215 vs b1={150}: values [2097490386086780743704833984375, 2919292602539062500000000000000), 38698852619950 candidates (MITM path)
  MITM b1=150: s=4 t=3 j=3 je=3 Q=3375000 table=9938375 yh=3893882
stage b2=216 vs b1={151}: values [2227915756473955677973140996096, 3203887529980253057019236799601), 44489855928741 candidates (MITM path)
  MITM b1=151: s=4 t=3 j=3 je=3 Q=3442951 table=10077696 yh=4414686
stage b2=217 vs b1={152}: values [2365791897326557049109957244537, 3514068566756183507202771779584), 50679042854559 candidates (MITM path)
  MITM b1=152: s=4 t=3 j=3 je=3 Q=3511808 table=10218313 yh=4959630

*** MATCH: 2560055619054322294202321665110 is an 14-digit palindrome in bases 152 and 217
stage b2=218 vs b1={153}: values [2511507138267836407351489568768, 3851944592216835046631374058769), 57286342998492 candidates (MITM path)
  MITM b1=153: s=4 t=3 j=3 je=3 Q=3581577 table=10360232 yh=5529446
done: 12.66s, 24594663 candidates tested
