A171740 search: n=14, threads=1, limit=none
stage b2=247 vs b1={167}: values [12736801848653359358345383963927, 13122923468187014400100544266129), 6884072671442 candidates (MITM path)
  MITM b1=167: s=4 t=3 j=3 je=3 Q=4657463 table=15069223 yh=456830
stage b2=248 vs b1={168}: values [13423688037899820324566029303808, 14266910741526944359910498893824), 14614384373209 candidates (MITM path)
  MITM b1=168: s=4 t=3 j=3 je=3 Q=4741632 table=15252992 yh=958133
stage b2=249 vs b1={169}: values [14144627418057809847797432628249, 15502932802662396215269535105521), 22887691585223 candidates (MITM path)
  MITM b1=169: s=4 t=3 j=3 je=3 Q=4826809 table=15438249 yh=1482532
stage b2=250 vs b1={170}: values [14901161193847656250000000000000, 16837782655940092900000000000000), 31729606034923 candidates (MITM path)
  MITM b1=170: s=4 t=3 j=3 je=3 Q=4913000 table=15625000 yh=2030695
stage b2=251 vs b1={171}: values [15694893723203911415883379878251, 18278710120781277966686574574281), 41166656885354 candidates (MITM path)
  MITM b1=171: s=4 t=3 j=3 je=3 Q=5000211 table=15813251 yh=2603302
stage b2=252 vs b1={172}: values [16527494836835198184585997320192, 19833449590396768185436019359744), 51226315492054 candidates (MITM path)
  MITM b1=172: s=4 t=3 j=3 je=3 Q=5088448 table=16003008 yh=3201043
stage b2=253 vs b1={173}: values [17400702233206883370580382902573, 21510249299503115502230603251609), 61937020624045 candidates (MITM path)
  MITM b1=173: s=4 t=3 j=3 je=3 Q=5177717 table=16194277 yh=3824625
stage b2=254 vs b1={174}: values [18316323951083823616325825060864, 23317902173522098324213843378176), 73328204153709 candidates (MITM path)
  MITM b1=174: s=4 t=3 j=3 je=3 Q=5268024 table=16387064 yh=4474762
stage b2=255 vs b1={175}: values [19276240921822134027894287109375, 25265778334774076938629150390625), 85430317220400 candidates (MITM path)
  MITM b1=175: s=4 t=3 j=3 je=3 Q=5359375 table=16581375 yh=5152186
stage b2=256 vs b1={176}: values [20282409603651670423947251286016, 27363859344311872566309815320576), 98274856872586 candidates (MITM path)
  MITM b1=176: s=4 t=3 j=3 je=3 Q=5451776 table=16777216 yh=5857638
stage b2=257 vs b1={177}: values [21336864700244711647204632038657, 29622774261288943786019374517409), 111894393193359 candidates (MITM path)
  MITM b1=177: s=4 t=3 j=3 je=3 Q=5545233 table=16974593 yh=6591875
stage b2=258 vs b1={178}: values [22441721965921195553595191205888, 32053837605116992116231206354944), 126322596914156 candidates (MITM path)
  MITM b1=178: s=4 t=3 j=3 je=3 Q=5639752 table=17173512 yh=7355665
stage b2=259 vs b1={179}: values [23599181099896818015368078266579, 34669089309147060571644408257881), 141594267521501 candidates (MITM path)
  MITM b1=179: s=4 t=3 j=3 je=3 Q=5735339 table=17373979 yh=8149790
stage b2=260 vs b1={180}: values [24811528732037365760000000000000, 37481336758208102400000000000000), 157745361861634 candidates (MITM path)
  MITM b1=180: s=4 t=3 j=3 je=3 Q=5832000 table=17576000 yh=8975044
stage b2=261 vs b1={181}: values [26081141502640838529428477612181, 40504199006061377874300161158921), 174813023247863 candidates (MITM path)
  MITM b1=181: s=4 t=3 j=3 je=3 Q=5929741 table=17779581 yh=9832236
stage b2=262 vs b1={182}: values [27410489238828241501502766211072, 43752153272681450786889799450624), 192835611075482 candidates (MITM path)
  MITM b1=182: s=4 t=3 j=3 je=3 Q=6028568 table=17984728 yh=10722187
stage b2=263 vs b1={183}: values [28802138230184412991542435030503, 47240583825258650248061856817329), 211852730949118 candidates (MITM path)
  MITM b1=183: s=4 t=3 j=3 je=3 Q=6128487 table=18191447 yh=11645733
stage b2=264 vs b1={184}: values [30258754606351913178556104966144, 50985833350937367259526396379136), 231905265327369 candidates (MITM path)
  MITM b1=184: s=4 t=3 j=3 je=3 Q=6229504 table=18399744 yh=12603723
stage b2=265 vs b1={185}: values [31783107819343855219693603515625, 55005256933563283079156494140625), 253035404689577 candidates (MITM path)
  MITM b1=185: s=4 t=3 j=3 je=3 Q=6331625 table=18609625 yh=13597018
stage b2=266 vs b1={186}: values [33378074233405629080864465002496, 59317278751114476837427823394816), 275286679229619 candidates (MITM path)
  MITM b1=186: s=4 t=3 j=3 je=3 Q=6434856 table=18821096 yh=14626496
stage b2=267 vs b1={187}: values [35046640825320769387046615504187, 63941451615040319308126414230889), 298703991081587 candidates (MITM path)
  MITM b1=187: s=4 t=3 j=3 je=3 Q=6539203 table=19034163 yh=15693046
stage b2=268 vs b1={188}: values [36791908998122770463066756743168, 68898519477432202601009998987264), 323333647082207 candidates (MITM path)
  MITM b1=188: s=4 t=3 j=3 je=3 Q=6644672 table=19248832 yh=16797573
stage b2=269 vs b1={189}: values [38617098511242473591174807405309, 74210483036805646041349463016441), 349223392074910 candidates (MITM path)
  MITM b1=189: s=4 t=3 j=3 je=3 Q=6751269 table=19465109 yh=17940994

*** MATCH: 63980076326045072421159173670660 is an 14-digit palindrome in bases 189 and 269
stage b2=270 vs b1={190}: values [40525551530189762670000000000000, 79900668578288412100000000000000), 376422442760403 candidates (MITM path)
  MITM b1=190: s=4 t=3 j=3 je=3 Q=6859000 table=19683000 yh=19124242
stage b2=271 vs b1={191}: values [42520736798938724454382073077711, 85993800189188311159265455973761), 404981522098647 candidates (MITM path)
  MITM b1=191: s=4 t=3 j=3 je=3 Q=6967871 table=19902511 yh=20348263
stage b2=272 vs b1={192}: values [44606253938257178142165017034752, 92516075496261812625843582664704), 434952894267113 candidates (MITM path)
  MITM b1=192: s=4 t=3 j=3 je=3 Q=7077888 table=20123648 yh=21614019
stage b2=273 vs b1={193}: values [46785837873294576230164584135633, 99495245076524950698517189573249), 466390400180220 candidates (MITM path)
  MITM b1=193: s=4 t=3 j=3 je=3 Q=7189057 table=20346417 yh=22922484
stage b2=274 vs b1={194}: values [49063363393816744489478641229824, 106960695699145951556010651959296), 499349493574845 candidates (MITM path)
  MITM b1=194: s=4 t=3 j=3 je=3 Q=7301384 table=20570824 yh=24274648
stage b2=275 vs b1={195}: values [51442849850551784038543701171875, 114943537561839249322760009765625), 533887277666797 candidates (MITM path)
  MITM b1=195: s=4 t=3 j=3 je=3 Q=7414875 table=20796875 yh=25671515
stage b2=276 vs b1={196}: values [53928465991188723477113078808576, 123476695691247935826229781856256), 570062542383161 candidates (MITM path)
  MITM b1=196: s=4 t=3 j=3 je=3 Q=7529536 table=21024576 yh=27114105
stage b2=277 vs b1={197}: values [56524534939649204771410253244517, 132595005683061140853836321918569), 607935802175419 candidates (MITM path)
  MITM b1=197: s=4 t=3 j=3 je=3 Q=7645373 table=21253933 yh=28603450
stage b2=278 vs b1={198}: values [59235539322332634167063814299648, 142335313964069405978409510518784), 647569334418241 candidates (MITM path)
  MITM b1=198: s=4 t=3 j=3 je=3 Q=7762392 table=21484952 yh=30140600
stage b2=279 vs b1={199}: values [62066126545116850201926899360439, 152736582765019941952958691637201), 689027218398872 candidates (MITM path)
  MITM b1=199: s=4 t=3 j=3 je=3 Q=7880599 table=21717639 yh=31726618
done: 89.31s, 237505607 candidates tested
