A171740 search: n=14, threads=1, limit=none
stage b2=397 vs b1={259}: values [6085224258838911919400672863338877, 6112187904873275865980332271043961), 17347826497846 candidates (MITM path)
  MITM b1=259: s=4 t=3 j=3 je=3 Q=17373979 table=62570773 yh=277252
stage b2=398 vs b1={260}: values [6287528070407253087832349758251008, 6450997470329715097600000000000000), 103336789320156 candidates (MITM path)
  MITM b1=260: s=4 t=3 j=3 je=3 Q=17576000 table=63044792 yh=1639102
stage b2=399 vs b1={261}: values [6496024346438716158824594291525199, 6807177932189258856180832656779241), 193270041707951 candidates (MITM path)
  MITM b1=261: s=4 t=3 j=3 je=3 Q=17779581 table=63521199 yh=3042607
stage b2=400 vs b1={262}: values [6710886400000000000000000000000000, 7181548180572999273393724747300864), 287269153181763 candidates (MITM path)
  MITM b1=262: s=4 t=3 j=3 je=3 Q=17984728 table=64000000 yh=4488581
stage b2=401 vs b1={263}: values [6932291942672826856333202316485201, 7574962354538500616775660413022289), 385458562450098 candidates (MITM path)
  MITM b1=263: s=4 t=3 j=3 je=3 Q=18191447 table=64481201 yh=5977845
stage b2=402 vs b1={264}: values [7160423184767344942991696876347392, 7988311216076905079138811711062016), 487965628960082 candidates (MITM path)
  MITM b1=264: s=4 t=3 j=3 je=3 Q=18399744 table=64964808 yh=7511231
stage b2=403 vs b1={265}: values [7395466937559939851224358455647523, 8422523572126121633218804931640625), 594920685100629 candidates (MITM path)
  MITM b1=265: s=4 t=3 j=3 je=3 Q=18609625 table=65450827 yh=9089583
stage b2=404 vs b1={266}: values [7637614717591148061633023326552064, 8878567746085897335509947690663936), 706457089062837 candidates (MITM path)
  MITM b1=266: s=4 t=3 j=3 je=3 Q=18821096 table=65939264 yh=10713755
stage b2=405 vs b1={267}: values [7887062853059903929360645751953125, 9357453100360645426341446339617929), 822711278362279 candidates (MITM path)
  MITM b1=267: s=4 t=3 j=3 je=3 Q=19034163 table=66430125 yh=12384612
stage b2=406 vs b1={268}: values [8144012592350896318465589091721216, 9860231611496902484101890807169024), 943822824027923 candidates (MITM path)
  MITM b1=268: s=4 t=3 j=3 je=3 Q=19248832 table=66923416 yh=14103029
stage b2=407 vs b1={269}: values [8408670214732362685449475031095607, 10387999499524225396026023192028121), 1069934485462360 candidates (MITM path)
  MITM b1=269: s=4 t=3 j=3 je=3 Q=19465109 table=67419143 yh=15869892
stage b2=408 vs b1={270}: values [8681247143262206912494013239001088, 10941898913151235920900000000000000), 1201192265978060 candidates (MITM path)
  MITM b1=270: s=4 t=3 j=3 je=3 Q=19683000 table=67917312 yh=17686099
stage b2=409 vs b1={271}: values [8961960059940892637875611279849529, 11523119672512394327137541804059681), 1337745469014377 candidates (MITM path)
  MITM b1=271: s=4 t=3 j=3 je=3 Q=19902511 table=68417929 yh=19552558
stage b2=410 vs b1={272}: values [9251031023150136293210000000000000, 12132901071205952454668884633452544), 1479746755040003 candidates (MITM path)
  MITM b1=272: s=4 t=3 j=3 je=3 Q=20123648 table=68921000 yh=21470187
stage b2=411 vs b1={273}: values [9548687587417003604089240200373131, 12772533739409419310834931469027809), 1627352199145617 candidates (MITM path)
  MITM b1=273: s=4 t=3 j=3 je=3 Q=20346417 table=69426531 yh=23439919
stage b2=412 vs b1={274}: values [9855162925543600012281425818550272, 13443361569905787990117147696971776), 1780721349331436 candidates (MITM path)
  MITM b1=274: s=4 t=3 j=3 je=3 Q=20570824 table=69934528 yh=25462693
stage b2=413 vs b1={275}: values [10170695953143139404457311421253453, 14146783708901740610599517822265625), 1940017285494414 candidates (MITM path)
  MITM b1=275: s=4 t=3 j=3 je=3 Q=20796875 table=70444997 yh=27539462

*** MATCH: 10569577718462270196571911096496380 is an 14-digit palindrome in bases 275 and 413
stage b2=414 vs b1={276}: values [10495531455623776755395673235513344, 14884256613568087679683209751166976), 2105406679119809 candidates (MITM path)
  MITM b1=276: s=4 t=3 j=3 je=3 Q=21024576 table=70957944 yh=29671191
done: 128.71s, 195972320 candidates tested
