A171740 search: n=14, threads=1, limit=none
stage b2=203 vs b1={139}: values [994142162152209023250193980923, 1005095210669462420559310325641), 771014855737 candidates (MITM path)
  MITM b1=139: s=4 t=3 j=3 je=3 Q=2685619 table=8365427 yh=92167
stage b2=204 vs b1={140}: values [1059722551667749867247804350464, 1111200682555801600000000000000), 3501157095361 candidates (MITM path)
  MITM b1=140: s=4 t=3 j=3 je=3 Q=2744000 table=8489664 yh=412403
stage b2=205 vs b1={141}: values [1129276247943131871729736328125, 1227630238259041401156597561561), 6464202561290 candidates (MITM path)
  MITM b1=141: s=4 t=3 j=3 je=3 Q=2803221 table=8615125 yh=750332
stage b2=206 vs b1={142}: values [1203022818059521485874197487616, 1355304316036224269151582306304), 9673343229649 candidates (MITM path)
  MITM b1=142: s=4 t=3 j=3 je=3 Q=2863288 table=8741816 yh=1106560
stage b2=207 vs b1={143}: values [1281192804641574310961385893007, 1495218027223887926540376015649), 13142335180316 candidates (MITM path)
  MITM b1=143: s=4 t=3 j=3 je=3 Q=2924207 table=8869743 yh=1481705
stage b2=208 vs b1={144}: values [1364028217188669867381634367488, 1648446623609512543951043690496), 16885516675137 candidates (MITM path)
  MITM b1=144: s=4 t=3 j=3 je=3 Q=2985984 table=8998912 yh=1876396
stage b2=209 vs b1={145}: values [1451783042860991280530128758929, 1816151322484127584722900390625), 20917826636241 candidates (MITM path)
  MITM b1=145: s=4 t=3 j=3 je=3 Q=3048625 table=9129329 yh=2291278
stage b2=210 vs b1={146}: values [1544723777391194610000000000000, 1999585510027208108829825581056), 25254823529302 candidates (MITM path)
  MITM b1=146: s=4 t=3 j=3 je=3 Q=3112136 table=9261000 yh=2727009
stage b2=211 vs b1={147}: values [1643129976812137607879885938531, 2200101344710858346413248902169), 29912704656588 candidates (MITM path)
  MITM b1=147: s=4 t=3 j=3 je=3 Q=3176523 table=9393931 yh=3184259
stage b2=212 vs b1={148}: values [1747294830711343799643429404672, 2419156783490371026650801373184), 34908325864679 candidates (MITM path)
  MITM b1=148: s=4 t=3 j=3 je=3 Q=3241792 table=9528128 yh=3663713
stage b2=213 vs b1={149}: values [1857525757743574275028332482853, 2658323054674126527963029795401), 40259221671695 candidates (MITM path)
  MITM b1=149: s=4 t=3 j=3 je=3 Q=3307949 table=9663597 yh=4166071
stage b2=214 vs b1={150}: values [1974145024154075931737388703744, 2919292602539062500000000000000), 45983625818914 candidates (MITM path)
  MITM b1=150: s=4 t=3 j=3 je=3 Q=3375000 table=9800344 yh=4692043
stage b2=215 vs b1={151}: values [2097490386086780743704833984375, 3203887529980253057019236799601), 52100492251658 candidates (MITM path)
  MITM b1=151: s=4 t=3 j=3 je=3 Q=3442951 table=9938375 yh=5242356
stage b2=216 vs b1={152}: values [2227915756473955677973140996096, 3514068566756183507202771779584), 58629516534304 candidates (MITM path)
  MITM b1=152: s=4 t=3 j=3 je=3 Q=3511808 table=10077696 yh=5817751
stage b2=217 vs b1={153}: values [2365791897326557049109957244537, 3851944592216835046631374058769), 65591157704331 candidates (MITM path)
  MITM b1=153: s=4 t=3 j=3 je=3 Q=3581577 table=10218313 yh=6418982
stage b2=218 vs b1={154}: values [2511507138267836407351489568768, 4219782742781494680756610809856), 73006660570265 candidates (MITM path)
  MITM b1=154: s=4 t=3 j=3 je=3 Q=3652264 table=10360232 yh=7046818
stage b2=219 vs b1={155}: values [2665468122176587678000165555659, 4620019135869118166021728515625), 80898078458423 candidates (MITM path)
  MITM b1=155: s=4 t=3 j=3 je=3 Q=3723875 table=10503459 yh=7702042
stage b2=220 vs b1={156}: values [2828100578830827520000000000000, 5055270243477986851332550557696), 89288296413348 candidates (MITM path)
  MITM b1=156: s=4 t=3 j=3 je=3 Q=3796416 table=10648000 yh=8385453
stage b2=221 vs b1={157}: values [2999850127467673210626961906061, 5528344950165252334658020725049), 98201054856845 candidates (MITM path)
  MITM b1=157: s=4 t=3 j=3 je=3 Q=3869893 table=10793861 yh=9097862
stage b2=222 vs b1={158}: values [3181183109200735396368066404352, 6042257331792746762298544635904), 107660973710493 candidates (MITM path)
  MITM b1=158: s=4 t=3 j=3 je=3 Q=3944312 table=10941048 yh=9840098
stage b2=223 vs b1={159}: values [3372587450262487530117553541983, 6600240193085194872736139543361), 117693576986574 candidates (MITM path)
  MITM b1=159: s=4 t=3 j=3 je=3 Q=4019679 table=11089567 yh=10613001

*** MATCH: 6157553685563834107429187324320 is an 14-digit palindrome in bases 159 and 223
stage b2=224 vs b1={160}: values [3574573557065820643235855335424, 7205759403792793600000000000000), 128325317852296 candidates (MITM path)
  MITM b1=160: s=4 t=3 j=3 je=3 Q=4096000 table=11239424 yh=11417429
stage b2=225 vs b1={161}: values [3787675244106352329254150390625, 7862529075064177918032791835841), 139583604172248 candidates (MITM path)
  MITM b1=161: s=4 t=3 j=3 je=3 Q=4173281 table=11390625 yh=12254254
stage b2=226 vs b1={162}: values [4012450695755043646903726514176, 8574527619520275041706172760064), 151496824533990 candidates (MITM path)
  MITM b1=162: s=4 t=3 j=3 je=3 Q=4251528 table=11543176 yh=13124363
stage b2=227 vs b1={163}: values [4249483463019298439303360450867, 9346014740476727289651520028089), 164094374761701 candidates (MITM path)
  MITM b1=163: s=4 t=3 j=3 je=3 Q=4330747 table=11697083 yh=14028658
stage b2=228 vs b1={164}: values [4499383496379987823288802869248, 10181549397794758908552901820416), 177406684922806 candidates (MITM path)
  MITM b1=164: s=4 t=3 j=3 je=3 Q=4410944 table=11852352 yh=14968058
stage b2=229 vs b1={165}: values [4762788215841769993285252588789, 11086008799949954971490478515625), 191465246832517 candidates (MITM path)
  MITM b1=165: s=4 t=3 j=3 je=3 Q=4492125 table=12008989 yh=15943495
stage b2=230 vs b1={166}: values [5040363619364673830000000000000, 12064608474097852187633240129536), 206302642061204 candidates (MITM path)
  MITM b1=166: s=4 t=3 j=3 je=3 Q=4574296 table=12167000 yh=16955917
stage b2=231 vs b1={167}: values [5332805430876196086067435141191, 13122923468187014400100544266129), 221952570449534 candidates (MITM path)
  MITM b1=167: s=4 t=3 j=3 je=3 Q=4657463 table=12326391 yh=18006290
stage b2=232 vs b1={168}: values [5640840289095138278864513400832, 14266910741526944359910498893824), 238449879136321 candidates (MITM path)
  MITM b1=168: s=4 t=3 j=3 je=3 Q=4741632 table=12487168 yh=19095594
stage b2=233 vs b1={169}: values [5965226978431093156430190442313, 15502932802662396215269535105521), 255830592104005 candidates (MITM path)
  MITM b1=169: s=4 t=3 j=3 je=3 Q=4826809 table=12649337 yh=20224823
done: 50.86s, 135864023 candidates tested
