A171740 search: n=14, threads=1, limit=none
stage b2=460 vs b1={297}: values [41290658769835408015360000000000000, 41551842913538274087106161994416369), 59929683751528 candidates (MITM path)
  MITM b1=297: s=4 t=3 j=3 je=3 Q=26198073 table=97336000 yh=615700
stage b2=461 vs b1={298}: values [42472911241079835962500139972206781, 43553964927780889034146280167849984), 244309741652290 candidates (MITM path)
  MITM b1=298: s=4 t=3 j=3 je=3 Q=26463592 table=97972181 yh=2493665
stage b2=462 vs b1={299}: values [43686342089737798337064428676636672, 45645359987515812435930238280185801), 436058317615857 candidates (MITM path)
  MITM b1=299: s=4 t=3 j=3 je=3 Q=26730899 table=98611128 yh=4422000
stage b2=463 vs b1={300}: values [44931703384098017538267680344521103, 47829690000000000000000000000000000), 635373998650279 candidates (MITM path)
  MITM b1=300: s=4 t=3 j=3 je=3 Q=27000000 table=99252847 yh=6401570
stage b2=464 vs b1={301}: values [46209763648267372780458093779615744, 50110754096488045602459977936194201), 842459482655359 candidates (MITM path)
  MITM b1=301: s=4 t=3 j=3 je=3 Q=27270901 table=99897344 yh=8433253
stage b2=465 vs b1={302}: values [47521308185524258592298453369140625, 52492493291196466086203175724662784), 1057521643409830 candidates (MITM path)
  MITM b1=302: s=4 t=3 j=3 je=3 Q=27543608 table=100544625 yh=10517934
stage b2=466 vs b1={303}: values [48867139407307515137476120103428096, 54978995282149371522266936818729569), 1280771596285209 candidates (MITM path)
  MITM b1=303: s=4 t=3 j=3 je=3 Q=27818127 table=101194696 yh=12656510
stage b2=467 vs b1={304}: values [50248077167926686243123642272242787, 57574499397733310582010212836704256), 1512424764690990 candidates (MITM path)
  MITM b1=304: s=4 t=3 j=3 je=3 Q=28094464 table=101847563 yh=14849887
stage b2=468 vs b1={305}: values [51664959105080477120365807710240768, 60283401692879138764114019775390625), 1752700947255814 candidates (MITM path)
  MITM b1=305: s=4 t=3 j=3 je=3 Q=28372625 table=102503232 yh=17098983
stage b2=469 vs b1={306}: values [53118640986271411938365507173903909, 63110260198880625404008432578871296), 2001824385749292 candidates (MITM path)
  MITM b1=306: s=4 t=3 j=3 je=3 Q=28652616 table=103161709 yh=19404723
stage b2=470 vs b1={307}: values [54609997061205831773270000000000000, 66059800330953223881038421346972249), 2260023833749136 candidates (MITM path)
  MITM b1=307: s=4 t=3 j=3 je=3 Q=28934443 table=103823000 yh=21768046
stage b2=471 vs b1={308}: values [56139920420269526101585857174664311, 69136920457732008849516311508680704), 2527532626058260 candidates (MITM path)
  MITM b1=308: s=4 t=3 j=3 je=3 Q=29218112 table=104487111 yh=24189899
stage b2=472 vs b1={309}: values [57709323359170456049437363878756352, 72346697637005265678995742402826761), 2804588748876543 candidates (MITM path)
  MITM b1=309: s=4 t=3 j=3 je=3 Q=29503629 table=105154048 yh=26671240
stage b2=473 vs b1={310}: values [59319137749841205151272334026810233, 75694393522079632032100000000000000), 3091434910731906 candidates (MITM path)
  MITM b1=310: s=4 t=3 j=3 je=3 Q=29791000 table=105823817 yh=29213036
stage b2=474 vs b1={311}: values [60970315417694983520937358098407424, 79185460443274071484794939191083441), 3388318614175402 candidates (MITM path)
  MITM b1=311: s=4 t=3 j=3 je=3 Q=30080231 table=106496424 yh=31816267
stage b2=475 vs b1={312}: values [62663828525330214202404022216796875, 82825547669143336572232508337291264), 3695492228244999 candidates (MITM path)
  MITM b1=312: s=4 t=3 j=3 je=3 Q=30371328 table=107171875 yh=34481922
stage b2=476 vs b1={313}: values [64400669962779946155230391934386176, 86620507852136986313803229728551889), 4013213061702742 candidates (MITM path)
  MITM b1=313: s=4 t=3 j=3 je=3 Q=30664297 table=107850176 yh=37211002
stage b2=477 vs b1={314}: values [66181853744403566950222013869119117, 90576403663507494251037011559202816), 4341743437049985 candidates (MITM path)
  MITM b1=314: s=4 t=3 j=3 je=3 Q=30959144 table=108531333 yh=40004516
stage b2=478 vs b1={315}: values [68008415412519529913542931040821248, 94699514622390550869469537353515625), 4681350765325402 candidates (MITM path)
  MITM b1=315: s=4 t=3 j=3 je=3 Q=31255875 table=109215352 yh=42863487
stage b2=479 vs b1={316}: values [69881412447879065273246871214547039, 98996344124092362953499355314651136), 5032307621690459 candidates (MITM path)
  MITM b1=316: s=4 t=3 j=3 je=3 Q=31554496 table=109902239 yh=45788946
stage b2=480 vs b1={317}: values [71801924687082112942080000000000000, 103473626672732616363732850530926329), 5394891821807077 candidates (MITM path)
  MITM b1=317: s=4 t=3 j=3 je=3 Q=31855013 table=110592000 yh=48781936
stage b2=481 vs b1={318}: values [73771054747037996026381548447289441, 108138335323507832794908910278426624), 5769386499012164 candidates (MITM path)
  MITM b1=318: s=4 t=3 j=3 je=3 Q=32157432 table=111284641 yh=51843511
stage b2=482 vs b1={319}: values [75789928456574649095616277380472832, 112997689339958150582465303553121921), 6156080182293759 candidates (MITM path)
  MITM b1=319: s=4 t=3 j=3 je=3 Q=32461759 table=111980168 yh=54974737
stage b2=483 vs b1={320}: values [77859695295301523793862079367040563, 118059162071741130342400000000000000), 6555266875073480 candidates (MITM path)
  MITM b1=320: s=4 t=3 j=3 je=3 Q=32768000 table=112678587 yh=58176687
stage b2=484 vs b1={321}: values [79981528839832616637508874879893504, 123330489058539064373855829501034881), 6967246134800009 candidates (MITM path)
  MITM b1=321: s=4 t=3 j=3 je=3 Q=33076161 table=113379904 yh=61450451
stage b2=485 vs b1={322}: values [82156627217477399937279024658203125, 128819676365851491009049261438418944), 7392323153358339 candidates (MITM path)
  MITM b1=322: s=4 t=3 j=3 je=3 Q=33386248 table=114084125 yh=64797124
stage b2=486 vs b1={323}: values [84386213567508786822951299218169856, 134535009158552218608057415586748409), 7830808838299498 candidates (MITM path)
  MITM b1=323: s=4 t=3 j=3 je=3 Q=33698267 table=114791256 yh=68217817
stage b2=487 vs b1={324}: values [86671536510118625452078408718034247, 140485060518220186283313934500888576), 8283019894895494 candidates (MITM path)
  MITM b1=324: s=4 t=3 j=3 je=3 Q=34012224 table=115501303 yh=71713649
stage b2=488 vs b1={325}: values [89013870623172595766475439292284928, 146678700510385967791080474853515625), 8749278909024206 candidates (MITM path)
  MITM b1=325: s=4 t=3 j=3 je=3 Q=34328125 table=116214272 yh=75285753
stage b2=489 vs b1={326}: values [91414516926877774739994358072042569, 153125105507970699913650504140210176), 9229914430888966 candidates (MITM path)
  MITM b1=326: s=4 t=3 j=3 je=3 Q=34645976 table=116930169 yh=78935270
stage b2=490 vs b1={327}: values [93874803376477543056490000000000000, 159833767777331726128449290957670609), 9725261059577566 candidates (MITM path)
  MITM b1=327: s=4 t=3 j=3 je=3 Q=34965783 table=117649000 yh=82663356
stage b2=491 vs b1={328}: values [96396085363089927687061485995798171, 166814505333469329957730743425695744), 10235659528465440 candidates (MITM path)
  MITM b1=328: s=4 t=3 j=3 je=3 Q=35287552 table=118370771 yh=86471174
stage b2=492 vs b1={329}: values [98979746222806911020492610298970112, 174077472071091630146366848886447281), 10761456791467768 candidates (MITM path)
  MITM b1=329: s=4 t=3 j=3 je=3 Q=35611289 table=119095488 yh=90359904
stage b2=493 vs b1={330}: values [101627197754173688160928089239296093, 181633168178380062252900000000000000), 11303006110145250 candidates (MITM path)
  MITM b1=330: s=4 t=3 j=3 je=3 Q=35937000 table=119823157 yh=94330732
stage b2=494 vs b1={331}: values [104339880744168319863565385432489984, 189492450840445919389300039685792521), 11860667141668308 candidates (MITM path)
  MITM b1=331: s=4 t=3 j=3 je=3 Q=36264691 table=120553784 yh=98384860
stage b2=495 vs b1={332}: values [107119265502803709454615843505859375, 197666545239619210242183006282317824), 12434806027644476 candidates (MITM path)
  MITM b1=332: s=4 t=3 j=3 je=3 Q=36594368 table=121287375 yh=102523499
stage b2=496 vs b1={333}: values [109966852406475328098844912056795136, 206167055859864657197443888722807129), 13025795483813726 candidates (MITM path)
  MITM b1=333: s=4 t=3 j=3 je=3 Q=36926037 table=122023936 yh=106747872
stage b2=497 vs b1={334}: values [112884172450179624060242238336272177, 215005978102776043931247317256257536), 13634014890616519 candidates (MITM path)
  MITM b1=334: s=4 t=3 j=3 je=3 Q=37259704 table=122763473 yh=111059215
stage b2=498 vs b1={335}: values [115872787808729578273156568090615808, 224195710222759373302821832275390625), 14259850384639314 candidates (MITM path)
  MITM b1=335: s=4 t=3 j=3 je=3 Q=37595375 table=123505992 yh=115458774
stage b2=499 vs b1={336}: values [118934292407095410727674098230506499, 233749065589177456392773613876412416), 14903694950942342 candidates (MITM path)
  MITM b1=336: s=4 t=3 j=3 je=3 Q=37933056 table=124251499 yh=119947809
stage b2=500 vs b1={337}: values [122070312500000000000000000000000000, 243679285283393666208253061306357089), 15565948516274390 candidates (MITM path)
  MITM b1=337: s=4 t=3 j=3 je=3 Q=38272753 table=125000000 yh=124527589
stage b2=501 vs b1={338}: values [125282507260900151852763473269506501, 254000051038820699590976063168856064), 16247018043179385 candidates (MITM path)
  MITM b1=338: s=4 t=3 j=3 je=3 Q=38614472 table=125751501 yh=129199397
stage b2=502 vs b1={339}: values [128572569380486442318916647962632192, 264725498532251343422483410510418841), 16947317624999553 candidates (MITM path)
  MITM b1=339: s=4 t=3 j=3 je=3 Q=38958219 table=126506008 yh=133964528
stage b2=503 vs b1={340}: values [131942225674835966194417272072460823, 275870231034922482073600000000000000), 17667268581779941 candidates (MITM path)
  MITM b1=340: s=4 t=3 j=3 je=3 Q=39304000 table=127263527 yh=138824289
stage b2=504 vs b1={341}: values [135393237703353943528128490047012864, 287449333431940958491026723053340361), 18407299557079074 candidates (MITM path)
  MITM b1=341: s=4 t=3 j=3 je=3 Q=39651821 table=128024064 yh=143779998
stage b2=505 vs b1={342}: values [138927402396641774642067017822265625, 299478386618880458206192837825019904), 19167846615690554 candidates (MITM path)
  MITM b1=342: s=4 t=3 j=3 je=3 Q=40001688 table=128787625 yh=148832985
stage b2=506 vs b1={343}: values [142546552694430788571794496737878016, 311973482284542371301330321821976049), 19949353342280372 candidates (MITM path)
  MITM b1=343: s=4 t=3 j=3 je=3 Q=40353607 table=129554216 yh=153984594
stage b2=507 vs b1={344}: values [146252558193722600716669650994316907, 324951238089060649950183741190045696), 20752270940944744 candidates (MITM path)
  MITM b1=344: s=4 t=3 j=3 je=3 Q=40707584 table=130323843 yh=159236181
stage b2=508 vs b1={345}: values [150047325807278683064941158898597888, 338428813246721067109392828369140625), 21577058335693253 candidates (MITM path)
  MITM b1=345: s=4 t=3 j=3 je=3 Q=41063625 table=131096512 yh=164589111
stage b2=509 vs b1={346}: values [153932800432603454742132269478454829, 352423924523059044388546203674361856), 22424182271862107 candidates (MITM path)
  MITM b1=346: s=4 t=3 j=3 je=3 Q=41421736 table=131872229 yh=170044766
stage b2=510 vs b1={347}: values [157910965631566921956510000000000000, 366954862655997403768050803331897769), 23294117418462311 candidates (MITM path)
  MITM b1=347: s=4 t=3 j=3 je=3 Q=41781923 table=132651000 yh=175604537
stage b2=511 vs b1={348}: values [161983844320814634817101682325330431, 382040509210986058943919609908035584), 24187346471467549 candidates (MITM path)
  MITM b1=348: s=4 t=3 j=3 je=3 Q=42144192 table=133432831 yh=181269830
stage b2=512 vs b1={349}: values [166153499473114484112975882535043072, 397700353880309848525885235660892601), 25104360258046602 candidates (MITM path)
  MITM b1=349: s=4 t=3 j=3 je=3 Q=42508549 table=134217728 yh=187042060
stage b2=513 vs b1={350}: values [170422034829791634103401401374218753, 413954512236938476562500000000000000), 26045657841745093 candidates (MITM path)
  MITM b1=350: s=4 t=3 j=3 je=3 Q=42875000 table=135005697 yh=192922658
stage b2=514 vs b1={351}: values [174791595624404677813900345660678144, 430823743953503917975940025623902401), 27011746628621381 candidates (MITM path)
  MITM b1=351: s=4 t=3 j=3 je=3 Q=43243551 table=135796744 yh=198913066
stage b2=515 vs b1={352}: values [179264369317817909400790555419921875, 448329471497205720126420014212317184), 28003142474341420 candidates (MITM path)
  MITM b1=352: s=4 t=3 j=3 je=3 Q=43614208 table=136590875 yh=205014739
stage b2=516 vs b1={353}: values [183842586344826433975051806358634496, 466493799311663440167496584517263169), 29020369792237387 candidates (MITM path)
  MITM b1=353: s=4 t=3 j=3 je=3 Q=43986977 table=137388096 yh=211229144
stage b2=517 vs b1={354}: values [188528520872492679004546608119852437, 485339533496958054990141432093229056), 30063961662334924 candidates (MITM path)
  MITM b1=354: s=4 t=3 j=3 je=3 Q=44361864 table=138188413 yh=217557761
stage b2=518 vs b1={355}: values [193324491570354733181895297159815168, 504890201999330620896660650634765625), 31134459941353786 candidates (MITM path)
  MITM b1=355: s=4 t=3 j=3 je=3 Q=44738875 table=138991832 yh=224002084
stage b2=519 vs b1={356}: values [198232862392668818594582670912803559, 525170075322236798832332084919402496), 32232415373686741 candidates (MITM path)
  MITM b1=356: s=4 t=3 j=3 je=3 Q=45118016 table=139798359 yh=230563618
stage b2=520 vs b1={357}: values [203256043372850100305920000000000000, 546204187770690153801056774632964649), 33358387703361547 candidates (MITM path)
  MITM b1=357: s=4 t=3 j=3 je=3 Q=45499293 table=140608000 yh=237243882
stage b2=521 vs b1={358}: values [208396491430277954192889648311785961, 568018359241065440405821984897122304), 34512945786990824 candidates (MITM path)
  MITM b1=358: s=4 t=3 j=3 je=3 Q=45882712 table=141420761 yh=244044408
stage b2=522 vs b1={359}: values [213656711189633749233078088598986752, 590639217568775457331652612637964561), 35696667707714659 candidates (MITM path)
  MITM b1=359: s=4 t=3 j=3 je=3 Q=46268279 table=142236648 yh=250966739
stage b2=523 vs b1={360}: values [219039255812941154532109005895053883, 614094221446481549721600000000000000), 36910140890140785 candidates (MITM path)
  MITM b1=360: s=4 t=3 j=3 je=3 Q=46656000 table=143055667 yh=258012435
stage b2=524 vs b1={361}: values [224546727844480954380310660801101824, 638411683925748518131605316913942641), 38153962216287158 candidates (MITM path)
  MITM b1=361: s=4 t=3 j=3 je=3 Q=47045881 table=143877824 yh=265183065
stage b2=525 vs b1={362}: values [230181780068754346668720245361328125, 663620796515309615092533840427761664), 39428738142531781 candidates (MITM path)
  MITM b1=362: s=4 t=3 j=3 je=3 Q=47437928 table=144703125 yh=272480212
stage b2=526 vs b1={363}: values [235947116381670711226715627769880576, 689751653889366534925949446541436489), 40735084817574606 candidates (MITM path)
  MITM b1=363: s=4 t=3 j=3 je=3 Q=47832147 table=145531576 yh=279905475
stage b2=527 vs b1={364}: values [241845492675137865214191430461762767, 716835279219612889692402474199023616), 42073628201416363 candidates (MITM path)
  MITM b1=364: s=4 t=3 j=3 je=3 Q=48228544 table=146363183 yh=287460462
stage b2=528 vs b1={365}: values [247879717735234872758731611882651648, 744903650144937675010347955322265625), 43445004185359166 candidates (MITM path)
  MITM b1=365: s=4 t=3 j=3 je=3 Q=48627125 table=147197952 yh=295146798
stage b2=529 vs b1={366}: values [254052654154149545721997685422868689, 773989725393037725664245462095118336), 44849858713033731 candidates (MITM path)
  MITM b1=366: s=4 t=3 j=3 je=3 Q=49027896 table=148035889 yh=302966119
stage b2=530 vs b1={367}: values [260367219256064861959730000000000000, 804127472068445204802288858779989729), 46288847902458061 candidates (MITM path)
  MITM b1=367: s=4 t=3 j=3 je=3 Q=49430863 table=148877000 yh=310920075
stage b2=531 vs b1={368}: values [266826386037180636857388515472989091, 835351893621757825180080478275764224), 47762638169132452 candidates (MITM path)
  MITM b1=368: s=4 t=3 j=3 je=3 Q=49836032 table=149721291 yh=319010329
stage b2=532 vs b1={369}: values [273433184120058913430441697300447232, 867699058515145830106783895701970721), 49271906350175677 candidates (MITM path)
  MITM b1=369: s=4 t=3 j=3 je=3 Q=50243409 table=150568768 yh=327238557
stage b2=533 vs b1={370}: values [280190700722483686027416350032250213, 901206129599500829968900000000000000), 50817339829507188 candidates (MITM path)
  MITM b1=370: s=4 t=3 j=3 je=3 Q=50653000 table=151419437 yh=335606451
stage b2=534 vs b1={371}: values [287102081641027742818685874210299904, 935911394218887462627310370080165081), 52399636664080208 candidates (MITM path)
  MITM b1=371: s=4 t=3 j=3 je=3 Q=51064811 table=152273304 yh=344115714
stage b2=535 vs b1={372}: values [294170532249521602949110970458984375, 971854295058259588504417458500665344), 54019505711170572 candidates (MITM path)
  MITM b1=372: s=4 t=3 j=3 je=3 Q=51478848 table=153130375 yh=352768063
stage b2=536 vs b1={373}: values [301399318512621735633442871240032256, 1009075461750708410420050723039024009), 55677666756726168 candidates (MITM path)
  MITM b1=373: s=4 t=3 j=3 je=3 Q=51895117 table=153990656 yh=361565229
stage b2=537 vs b1={374}: values [308791768014677480736121943614131897, 1047616743260820591544343170758885376), 57374850644781854 candidates (MITM path)
  MITM b1=374: s=4 t=3 j=3 je=3 Q=52313624 table=154854153 yh=370508957
stage b2=538 vs b1={375}: values [316351271004098343658904022264291328, 1087521241061040200293064117431640625), 59111799407944702 candidates (MITM path)
  MITM b1=375: s=4 t=3 j=3 je=3 Q=52734375 table=155720872 yh=379601005
stage b2=539 vs b1={376}: values [324081281453425611818659325054366219, 1128833343118249207414947823407333376), 60889266398954457 candidates (MITM path)
  MITM b1=376: s=4 t=3 j=3 je=3 Q=53157376 table=156590819 yh=388843145
stage b2=540 vs b1={377}: values [331985318135314535792640000000000000, 1171598758708107367475386427203165009), 62708016423324057 candidates (MITM path)
  MITM b1=377: s=4 t=3 j=3 je=3 Q=53582633 table=157464000 yh=398237162
stage b2=541 vs b1={378}: values [340066965714635635499320813072655821, 1215864554075023704741469602061369344), 64568825873065102 candidates (MITM path)
  MITM b1=378: s=4 t=3 j=3 je=3 Q=54010152 table=158340421 yh=407784857
stage b2=542 vs b1={379}: values [348329875856906030730297942652608512, 1261679188955968563191835468129487081), 66472482861503135 candidates (MITM path)
  MITM b1=379: s=4 t=3 j=3 je=3 Q=54439939 table=159220088 yh=417488043
stage b2=543 vs b1={380}: values [356777768353264056114297546073891743, 1309092553986677343846400000000000000), 68419787359187614 candidates (MITM path)
  MITM b1=380: s=4 t=3 j=3 je=3 Q=54872000 table=160103007 yh=427348547
stage b2=544 vs b1={381}: values [365414432262202803340615819548688384, 1358156009009144712440307376223513721), 70411551330901457 candidates (MITM path)
  MITM b1=381: s=4 t=3 j=3 je=3 Q=55306341 table=160989184 yh=437368211
stage b2=545 vs b1={382}: values [374243727068280638359709019775390625, 1408922422299661290033405230674100224), 72448598873775020 candidates (MITM path)
  MITM b1=382: s=4 t=3 j=3 je=3 Q=55742968 table=161878625 yh=447548890
stage b2=546 vs b1={383}: values [383269583858029168477508273239105536, 1461446210737003712612867623638313729), 74531766356509411 candidates (MITM path)
  MITM b1=383: s=4 t=3 j=3 je=3 Q=56181887 table=162771336 yh=457892454
stage b2=547 vs b1={384}: values [392496006513281583932595840500243827, 1515783380930753538061821258378510336), 76661902559714007 candidates (MITM path)
  MITM b1=384: s=4 t=3 j=3 je=3 Q=56623104 table=163667323 yh=468400785
stage b2=548 vs b1={385}: values [401927072922146770857809028954718208, 1571991571330090865774680230712890625), 78839868817363056 candidates (MITM path)
  MITM b1=385: s=4 t=3 j=3 je=3 Q=57066625 table=164566592 yh=479075783
stage b2=549 vs b1={386}: values [411566936207857087647217069653412149, 1630130095333784792244505633968111616), 81066539159376261 candidates (MITM path)
  MITM b1=386: s=4 t=3 j=3 je=3 Q=57512456 table=165469149 yh=489919358
stage b2=550 vs b1={387}: values [421419825975720214843750000000000000, 1690259985422485032479991371240442489), 83342800455328225 candidates (MITM path)
  MITM b1=387: s=4 t=3 j=3 je=3 Q=57960603 table=166375000 yh=500933437
stage b2=551 vs b1={388}: values [431490049578408029900978423638102151, 1752444038334807270293678521701105664), 85669552559291641 candidates (MITM path)
  MITM b1=388: s=4 t=3 j=3 je=3 Q=58411072 table=167284151 yh=512119960

*** MATCH: 1393715120751620275458000992691232560 is an 14-digit palindrome in bases 388 and 551
stage b2=552 vs b1={389}: values [441781993399818022724510341599854592, 1816746861309099139322282878629329641), 88047708455819127 candidates (MITM path)
  MITM b1=389: s=4 t=3 j=3 je=3 Q=58863869 table=168196608 yh=523480881
stage b2=553 vs b1={390}: values [452300124157745355934980751882862473, 1883234919413174260904100000000000000), 90478194407068592 candidates (MITM path)
  MITM b1=390: s=4 t=3 j=3 je=3 Q=59319000 table=169112377 yh=535018170

*** MATCH: 473427226254344864576278832620136138 is an 14-digit palindrome in bases 390 and 553
stage b2=554 vs b1={391}: values [463048990225606285487392794579083264, 1951976583984708555289257373653172561), 92961950101077026 candidates (MITM path)
  MITM b1=391: s=4 t=3 j=3 je=3 Q=59776471 table=170031464 yh=546733810
done: 13508.16s, 17426891946 candidates tested
