A171740 search: n=14, threads=1, limit=none
stage b2=136 vs b1={96}: values [5445099357697409441182253056, 5646733123551136024526585856), 234310042494 candidates (MITM path)
  MITM b1=96: s=4 t=3 j=3 je=3 Q=884736 table=2515456 yh=93149
stage b2=137 vs b1={97}: values [5989180101784270567563310697, 6528362774606076144776040769), 595239793249 candidates (MITM path)
  MITM b1=97: s=4 t=3 j=3 je=3 Q=912673 table=2571353 yh=231489
stage b2=138 vs b1={98}: values [6583064696190029721327280128, 7536419414749019520643907584), 1000232393777 candidates (MITM path)
  MITM b1=98: s=4 t=3 j=3 je=3 Q=941192 table=2628072 yh=380596
stage b2=139 vs b1={99}: values [7230900796183182881721657019, 8687458127689783079736908601), 1452860718563 candidates (MITM path)
  MITM b1=99: s=4 t=3 j=3 je=3 Q=970299 table=2685619 yh=540978
stage b2=140 vs b1={100}: values [7937147732541440000000000000, 10000000000000000000000000000), 1956914616422 candidates (MITM path)
  MITM b1=100: s=4 t=3 j=3 je=3 Q=1000000 table=2744000 yh=713162
stage b2=141 vs b1={101}: values [8706597434461286533025514621, 11494742132376223120464911401), 2516410683041 candidates (MITM path)
  MITM b1=101: s=4 t=3 j=3 je=3 Q=1030301 table=2803221 yh=897686
stage b2=142 vs b1={102}: values [9544396591804396261630861312, 13194787630628721491610845184), 3135602333358 candidates (MITM path)
  MITM b1=102: s=4 t=3 j=3 je=3 Q=1061208 table=2863288 yh=1095106

*** MATCH: 12133093988000862241338112425 is an 14-digit palindrome in bases 102 and 142
stage b2=143 vs b1={103}: values [10456070120446768717065566543, 15125897248551112432256145169), 3818990178718 candidates (MITM path)
  MITM b1=103: s=4 t=3 j=3 je=3 Q=1092727 table=2924207 yh=1305992
stage b2=144 vs b1={104}: values [11447545997288281555215581184, 17316764476028035425743405056), 4571332713719 candidates (MITM path)
  MITM b1=104: s=4 t=3 j=3 je=3 Q=1124864 table=2985984 yh=1530931
done: 1.62s, 4281487 candidates tested
