A171740 search: n=14, threads=1, limit=none
stage b2=153 vs b1={107}: values [25176108445861666971446889273, 25785341502012466393542552649), 310415532177 candidates (MITM path)
  MITM b1=107: s=4 t=3 j=3 je=3 Q=1225043 table=3581577 yh=86671
stage b2=154 vs b1={108}: values [27401186641438277147770200064, 29371936242576564113903714304), 959370591480 candidates (MITM path)
  MITM b1=108: s=4 t=3 j=3 je=3 Q=1259712 table=3652264 yh=262679
stage b2=155 vs b1={109}: values [29806575070123343006591796875, 33417270272362569384925825561), 1679843958201 candidates (MITM path)
  MITM b1=109: s=4 t=3 j=3 je=3 Q=1295029 table=3723875 yh=451102
stage b2=156 vs b1={110}: values [32405578483833249047003529216, 37974983358324100000000000000), 2477060432336 candidates (MITM path)
  MITM b1=110: s=4 t=3 j=3 je=3 Q=1331000 table=3796416 yh=652474
stage b2=157 vs b1={111}: values [35212388217613072195274017357, 43104409804843948852155196641), 3356531271191 candidates (MITM path)
  MITM b1=111: s=4 t=3 j=3 je=3 Q=1367631 table=3869893 yh=867345
stage b2=158 vs b1={112}: values [38242135011346498495560409088, 48871122850509266606740209664), 4324065873949 candidates (MITM path)
  MITM b1=112: s=4 t=3 j=3 je=3 Q=1404928 table=3944312 yh=1096279
stage b2=159 vs b1={113}: values [41510944610598709891422261279, 55347525466347647961440563489), 5385783792272 candidates (MITM path)
  MITM b1=113: s=4 t=3 j=3 je=3 Q=1442897 table=4019679 yh=1339855
stage b2=160 vs b1={114}: values [45035996273704960000000000000, 62613491038491041486196719616), 6548127071853 candidates (MITM path)
  MITM b1=114: s=4 t=3 j=3 je=3 Q=1481544 table=4096000 yh=1598664
stage b2=161 vs b1={115}: values [48835584317168806944303054881, 70757057644889830377197265625), 7817872929807 candidates (MITM path)
  MITM b1=115: s=4 t=3 j=3 je=3 Q=1520875 table=4173281 yh=1873316
stage b2=162 vs b1={116}: values [52929182836544907664852918272, 79875179874882329144077582336), 9202146772826 candidates (MITM path)
  MITM b1=116: s=4 t=3 j=3 je=3 Q=1560896 table=4251528 yh=2164433
stage b2=163 vs b1={117}: values [57337513745255995642033865203, 90074542392707106815022222729), 10708435560997 candidates (MITM path)
  MITM b1=117: s=4 t=3 j=3 je=3 Q=1601613 table=4330747 yh=2472654
stage b2=164 vs b1={118}: values [62082618279236334808249401344, 101472439712019470540189876224), 12344601522217 candidates (MITM path)
  MITM b1=118: s=4 t=3 j=3 je=3 Q=1643032 table=4410944 yh=2798631
stage b2=165 vs b1={119}: values [67187932120908818009033203125, 114197726928752863294965276721), 14118896222116 candidates (MITM path)
  MITM b1=119: s=4 t=3 j=3 je=3 Q=1685159 table=4492125 yh=3143033
stage b2=166 vs b1={120}: values [72678364301794290286947229696, 128391846454886400000000000000), 16039974994425 candidates (MITM path)
  MITM b1=120: s=4 t=3 j=3 je=3 Q=1728000 table=4574296 yh=3506546
stage b2=167 vs b1={121}: values [78580380049024038323955354887, 144209936106499234037676064081), 18116911736713 candidates (MITM path)
  MITM b1=121: s=4 t=3 j=3 je=3 Q=1771561 table=4657463 yh=3889868
stage b2=168 vs b1={122}: values [84922087747184192618514874368, 161822024226591835670322233344), 20359214076440 candidates (MITM path)
  MITM b1=122: s=4 t=3 j=3 je=3 Q=1815848 table=4741632 yh=4293715
stage b2=169 vs b1={123}: values [91733330193268616658399616009, 181414317867238075368413196009), 22776838912250 candidates (MITM path)
  MITM b1=123: s=4 t=3 j=3 je=3 Q=1860867 table=4826809 yh=4718820
stage b2=170 vs b1={124}: values [99045780329059370000000000000, 203190590417428920928489701376), 25380208335462 candidates (MITM path)
  MITM b1=124: s=4 t=3 j=3 je=3 Q=1906624 table=4913000 yh=5165929
stage b2=171 vs b1={125}: values [106893041641995777582962424411, 227373675443232059478759765625), 28180225936697 candidates (MITM path)
  MITM b1=125: s=4 t=3 j=3 je=3 Q=1953125 table=5000211 yh=5635808
stage b2=172 vs b1={126}: values [115310753432539349915325693952, 254207073906400753327372517376), 31188293502593 candidates (MITM path)
  MITM b1=126: s=4 t=3 j=3 je=3 Q=2000376 table=5088448 yh=6129235
stage b2=173 vs b1={127}: values [124336701153197199434858978333, 283956682347124706942551243009), 34416328107565 candidates (MITM path)
  MITM b1=127: s=4 t=3 j=3 je=3 Q=2048383 table=5177717 yh=6647009
stage b2=174 vs b1={128}: values [134010932031736197265596801024, 316912650057057350374175801344), 37876779605560 candidates (MITM path)
  MITM b1=128: s=4 t=3 j=3 je=3 Q=2097152 table=5268024 yh=7189941
stage b2=175 vs b1={129}: values [144375876198709011077880859375, 353391373730936795216525838081), 41582648526769 candidates (MITM path)
  MITM b1=129: s=4 t=3 j=3 je=3 Q=2146689 table=5359375 yh=7758862
stage b2=176 vs b1={130}: values [155476473547226548672214859776, 393737638569928900000000000000), 45547504384260 candidates (MITM path)
  MITM b1=130: s=4 t=3 j=3 je=3 Q=2197000 table=5451776 yh=8354618
stage b2=177 vs b1={131}: values [167360306560954484666776127217, 438326915318176225182722457721), 49785504395497 candidates (MITM path)
  MITM b1=131: s=4 t=3 j=3 je=3 Q=2248091 table=5545233 yh=8978073
stage b2=178 vs b1={132}: values [180077739354589843349613518848, 487567823246881413521655988224), 54311412623709 candidates (MITM path)
  MITM b1=132: s=4 t=3 j=3 je=3 Q=2299968 table=5639752 yh=9630107
stage b2=179 vs b1={133}: values [193682063179592517160024627139, 541904769658563069794308330729), 59140619544080 candidates (MITM path)
  MITM b1=133: s=4 t=3 j=3 je=3 Q=2352637 table=5735339 yh=10311618
stage b2=180 vs b1={134}: values [208229648656711680000000000000, 601820777068902739508172046336), 64289162039734 candidates (MITM path)
  MITM b1=134: s=4 t=3 j=3 je=3 Q=2406104 table=5832000 yh=11023519
stage b2=181 vs b1={135}: values [223780105005863966156354481541, 667840509835890864312744140625), 69773743832493 candidates (MITM path)
  MITM b1=135: s=4 t=3 j=3 je=3 Q=2460375 table=5929741 yh=11766744
stage b2=182 vs b1={136}: values [240396446553194784543350546432, 740533512646847684000786415616), 75611756353376 candidates (MITM path)
  MITM b1=136: s=4 t=3 j=3 je=3 Q=2515456 table=6028568 yh=12542242
stage b2=183 vs b1={137}: values [258145266804692077858261512663, 820517673944445067756173565489), 81821300057824 candidates (MITM path)
  MITM b1=137: s=4 t=3 j=3 je=3 Q=2571353 table=6128487 yh=13350979
stage b2=184 vs b1={138}: values [277096920385529169888730415104, 908462928074224101543164657664), 88421206190642 candidates (MITM path)
  MITM b1=138: s=4 t=3 j=3 je=3 Q=2628072 table=6229504 yh=14193941
stage b2=185 vs b1={139}: values [297325713154396124752197265625, 1005095210669462420559310325641), 95431059005613 candidates (MITM path)
  MITM b1=139: s=4 t=3 j=3 je=3 Q=2685619 table=6331625 yh=15072128
stage b2=186 vs b1={140}: values [318910100812443423857138835456, 1111200682555801600000000000000), 102871218444804 candidates (MITM path)
  MITM b1=140: s=4 t=3 j=3 je=3 Q=2744000 table=6434856 yh=15986562
stage b2=187 vs b1={141}: values [341932896337114006995328418347, 1227630238259041401156597561561), 110762843282529 candidates (MITM path)
  MITM b1=141: s=4 t=3 j=3 je=3 Q=2803221 table=6539203 yh=16938279

*** MATCH: 823545635393413824762145376752 is an 14-digit palindrome in bases 141 and 187
stage b2=188 vs b1={142}: values [366481486582086184047925526528, 1355304316036224269151582306304), 119127914738957 candidates (MITM path)
  MITM b1=142: s=4 t=3 j=3 je=3 Q=2863288 table=6644672 yh=17928337
stage b2=189 vs b1={143}: values [392648058395797069001849010669, 1495218027223887926540376015649), 127989260568376 candidates (MITM path)
  MITM b1=143: s=4 t=3 j=3 je=3 Q=2924207 table=6751269 yh=18957808
stage b2=190 vs b1={144}: values [420529834622570590000000000000, 1648446623609512543951043690496), 137370579627079 candidates (MITM path)
  MITM b1=144: s=4 t=3 j=3 je=3 Q=2985984 table=6859000 yh=20027786
stage b2=191 vs b1={145}: values [450229320362242466802436942271, 1816151322484127584722900390625), 147296466925880 candidates (MITM path)
  MITM b1=145: s=4 t=3 j=3 je=3 Q=3048625 table=6967871 yh=21139380
stage b2=192 vs b1={146}: values [481854559876363607426268659712, 1999585510027208108829825581056), 157792439172267 candidates (MITM path)
  MITM b1=146: s=4 t=3 j=3 je=3 Q=3112136 table=7077888 yh=22293719
stage b2=193 vs b1={147}: values [515519404541580055432731552193, 2200101344710858346413248902169), 168884960807153 candidates (MITM path)
  MITM b1=147: s=4 t=3 j=3 je=3 Q=3176523 table=7189057 yh=23491950
stage b2=194 vs b1={148}: values [551343792263638925546446659584, 2419156783490371026650801373184), 180601470541268 candidates (MITM path)
  MITM b1=148: s=4 t=3 j=3 je=3 Q=3241792 table=7301384 yh=24735238
stage b2=195 vs b1={149}: values [589454038778662817039794921875, 2658323054674126527963029795401), 192970408396154 candidates (MITM path)
  MITM b1=149: s=4 t=3 j=3 je=3 Q=3307949 table=7414875 yh=26024769
stage b2=196 vs b1={150}: values [629983141281877223603213172736, 2919292602539062500000000000000), 206021243254791 candidates (MITM path)
  MITM b1=150: s=4 t=3 j=3 je=3 Q=3375000 table=7529536 yh=27361745
stage b2=197 vs b1={151}: values [673071094837873811440793512277, 3203887529980253057019236799601), 219784500926836 candidates (MITM path)
  MITM b1=151: s=4 t=3 j=3 je=3 Q=3442951 table=7645373 yh=28747388
stage b2=198 vs b1={152}: values [718865222040754575648532881408, 3514068566756183507202771779584), 234291792733491 candidates (MITM path)
  MITM b1=152: s=4 t=3 j=3 je=3 Q=3511808 table=7762392 yh=30182938
stage b2=199 vs b1={153}: values [767520516407135386698284882599, 3851944592216835046631374058769), 249575844617004 candidates (MITM path)
  MITM b1=153: s=4 t=3 j=3 je=3 Q=3581577 table=7880599 yh=31669655
stage b2=200 vs b1={154}: values [819200000000000000000000000000, 4219782742781494680756610809856), 265670526779805 candidates (MITM path)
  MITM b1=154: s=4 t=3 j=3 je=3 Q=3652264 table=8000000 yh=33208816
done: 79.96s, 263845429 candidates tested
