A171740 search: n=14, threads=1, limit=none
stage b2=425 vs b1={276}: values [14758971382537390291690826416015625, 14884256613568087679683209751166976), 50023879304376 candidates (MITM path)
  MITM b1=276: s=4 t=3 j=3 je=3 Q=21024576 table=76765625 yh=651645
stage b2=426 vs b1={277}: values [15216851007435360461032099699531776, 15657296178282829721680640148731209), 172991457967715 candidates (MITM path)
  MITM b1=277: s=4 t=3 j=3 je=3 Q=21253933 table=77308776 yh=2237670
stage b2=427 vs b1={278}: values [15687811969066244649321093637445467, 16467479931608472298443740375302144), 301241335117679 candidates (MITM path)
  MITM b1=278: s=4 t=3 j=3 je=3 Q=21484952 table=77854483 yh=3869287
stage b2=428 vs b1={279}: values [16172196037870190032792688261070848, 17316449306087601206337604921562481), 434926408345333 candidates (MITM path)
  MITM b1=279: s=4 t=3 j=3 je=3 Q=21717639 table=78402752 yh=5547336
stage b2=429 vs b1={280}: values [16670353082641053641298125247535389, 18205911982994253414400000000000000), 574202969727427 candidates (MITM path)
  MITM b1=280: s=4 t=3 j=3 je=3 Q=21952000 table=78953589 yh=7272665
stage b2=430 vs b1={281}: values [17182641242822907852430000000000000, 19137644314233322299008947929826321), 719230763283107 candidates (MITM path)
  MITM b1=281: s=4 t=3 j=3 je=3 Q=22188041 table=79507000 yh=9046132
stage b2=431 vs b1={282}: values [17709427104057277060049775698679791, 20113493823636134316549694448615424), 870173043117032 candidates (MITM path)
  MITM b1=282: s=4 t=3 j=3 je=3 Q=22425768 table=80062991 yh=10868606
stage b2=432 vs b1={283}: values [18251085877034644913955971040018432, 21135381789957450134663699873055529), 1027196632253593 candidates (MITM path)
  MITM b1=283: s=4 t=3 j=3 je=3 Q=22665187 table=80621568 yh=12740966
stage b2=433 vs b1={284}: values [18808001579704525579373326142460913, 22205305913937498425779524506484736), 1190471982166891 candidates (MITM path)
  MITM b1=284: s=4 t=3 j=3 je=3 Q=22906304 table=81182737 yh=14664103
stage b2=434 vs b1={285}: values [19380567222899155346308769747247104, 23325343071852267342134088134765625), 1360173233011176 candidates (MITM path)
  MITM b1=285: s=4 t=3 j=3 je=3 Q=23149125 table=81746504 yh=16638917
stage b2=435 vs b1={286}: values [19969184999426632712125301513671875, 24497652158036179788437520640393216), 1536478274556414 candidates (MITM path)
  MITM b1=286: s=4 t=3 j=3 je=3 Q=23393656 table=82312875 yh=18666318
stage b2=436 vs b1={287}: values [20574266476690115849023402547347456, 25724477018923486959881583081626689), 1719568807833695 candidates (MITM path)
  MITM b1=287: s=4 t=3 j=3 je=3 Q=23639903 table=82881856 yh=20747229
stage b2=437 vs b1={288}: values [21196232792890476235164446315006597, 27008149481218253520093899825086464), 1909630407495157 candidates (MITM path)
  MITM b1=288: s=4 t=3 j=3 je=3 Q=23887872 table=83453453 yh=22882582
stage b2=438 vs b1={289}: values [21835514856870606258177356231958528, 28351092476867700887730107366063041), 2106852584893145 candidates (MITM path)
  MITM b1=289: s=4 t=3 j=3 je=3 Q=24137569 table=84027672 yh=25073319
stage b2=439 vs b1={290}: values [22492553551660386877599101633928919, 29755823267579946348100000000000000), 2311428851883294 candidates (MITM path)
  MITM b1=290: s=4 t=3 j=3 je=3 Q=24389000 table=84604519 yh=27320395
stage b2=440 vs b1={291}: values [23167799941782139043840000000000000, 31224956771694849412103314940863161), 2523556785356258 candidates (MITM path)
  MITM b1=291: s=4 t=3 j=3 je=3 Q=24642171 table=85184000 yh=29624775
stage b2=441 vs b1={292}: values [23861715484377209601555171628930521, 32761208996285777655067862320021504), 2743438092502785 candidates (MITM path)
  MITM b1=292: s=4 t=3 j=3 je=3 Q=24897088 table=85766121 yh=31987434
stage b2=442 vs b1={293}: values [24574772244215178941456071934451712, 34367400577440657174390053251553449), 2971278676816863 candidates (MITM path)
  MITM b1=293: s=4 t=3 j=3 je=3 Q=25153757 table=86350888 yh=34409359
stage b2=443 vs b1={294}: values [25307453112648023793818952767430443, 36046460431742703147634670013136896), 3207288704841662 candidates (MITM path)
  MITM b1=294: s=4 t=3 j=3 je=3 Q=25412184 table=86938307 yh=36891548
stage b2=444 vs b1={295}: values [26060252030572424367047199984451584, 37801429522044759444963140869140625), 3451682673662985 candidates (MITM path)
  MITM b1=295: s=4 t=3 j=3 je=3 Q=25672375 table=87528384 yh=39435010
stage b2=445 vs b1={296}: values [26833674215464270614029991455078125, 39635464740706238900646729698246656), 3704679479154965 candidates (MITM path)
  MITM b1=296: s=4 t=3 j=3 je=3 Q=25934336 table=88121125 yh=42040765
stage b2=446 vs b1={297}: values [27628236392550297846722998615924736, 41551842913538274087106161994416369), 3966502484982740 candidates (MITM path)
  MITM b1=297: s=4 t=3 j=3 je=3 Q=26198073 table=88716536 yh=44709845
stage b2=447 vs b1={298}: values [28444467030182667304977191627470527, 43553964927780889034146280167849984), 4237379592366841 candidates (MITM path)
  MITM b1=298: s=4 t=3 j=3 je=3 Q=26463592 table=89314623 yh=47443291
stage b2=448 vs b1={299}: values [29282906579483202709388126907793408, 45645359987515812435930238280185801), 4517543310614034 candidates (MITM path)
  MITM b1=299: s=4 t=3 j=3 je=3 Q=26730899 table=89915392 yh=50242158
stage b2=449 vs b1={300}: values [30144107718324899380671726264710849, 47829690000000000000000000000000000), 4807230828419360 candidates (MITM path)
  MITM b1=300: s=4 t=3 j=3 je=3 Q=27000000 table=90518849 yh=53107512
stage b2=450 vs b1={301}: values [31028635599719238281250000000000000, 50110754096488045602459977936194201), 5106684085944123 candidates (MITM path)
  MITM b1=301: s=4 t=3 j=3 je=3 Q=27270901 table=91125000 yh=56040429
stage b2=451 vs b1={302}: values [31937068104678763420425865233800851, 52492493291196466086203175724662784), 5416149847674572 candidates (MITM path)
  MITM b1=302: s=4 t=3 j=3 je=3 Q=27543608 table=91733851 yh=59041999
stage b2=452 vs b1={303}: values [32869996099625317555435327604129792, 54978995282149371522266936818729569), 5735879776066037 candidates (MITM path)
  MITM b1=303: s=4 t=3 j=3 je=3 Q=27818127 table=92345408 yh=62113319
stage b2=453 vs b1={304}: values [33828023698415278110106494516889173, 57574499397733310582010212836704256), 6066130505977277 candidates (MITM path)
  MITM b1=304: s=4 t=3 j=3 je=3 Q=28094464 table=92959677 yh=65255504
stage b2=454 vs b1={305}: values [34811768529054092814773128813502464, 60283401692879138764114019775390625), 6407163719899799 candidates (MITM path)
  MITM b1=305: s=4 t=3 j=3 je=3 Q=28372625 table=93576664 yh=68469675
stage b2=455 vs b1={306}: values [35821862005173382840059779052734375, 63110260198880625404008432578871296), 6759246223986916 candidates (MITM path)
  MITM b1=306: s=4 t=3 j=3 je=3 Q=28652616 table=94196375 yh=71756968
stage b2=456 vs b1={307}: values [36858949602344860248381873104879616, 66059800330953223881038421346972249), 7122650024887312 candidates (MITM path)
  MITM b1=307: s=4 t=3 j=3 je=3 Q=28934443 table=94818816 yh=75118530
stage b2=457 vs b1={308}: values [37923691139306296516328170919321257, 69136920457732008849516311508680704), 7497652407387886 candidates (MITM path)
  MITM b1=308: s=4 t=3 j=3 je=3 Q=29218112 table=95443993 yh=78555520
stage b2=458 vs b1={309}: values [39016761064175779784992789207359488, 72346697637005265678995742402826761), 7884536012870651 candidates (MITM path)
  MITM b1=309: s=4 t=3 j=3 je=3 Q=29503629 table=96071912 yh=82069107
stage b2=459 vs b1={310}: values [40138848745731510470918118846397179, 75694393522079632032100000000000000), 8283588918588468 candidates (MITM path)
  MITM b1=310: s=4 t=3 j=3 je=3 Q=29791000 table=96702579 yh=85660476
stage b2=460 vs b1={311}: values [41290658769835408015360000000000000, 79185460443274071484794939191083441), 8695104717764393 candidates (MITM path)
  MITM b1=311: s=4 t=3 j=3 je=3 Q=30080231 table=97336000 yh=89330821
stage b2=461 vs b1={312}: values [42472911241079835962500139972206781, 82825547669143336572232508337291264), 9119382600519422 candidates (MITM path)
  MITM b1=312: s=4 t=3 j=3 je=3 Q=30371328 table=97972181 yh=93081348
stage b2=462 vs b1={313}: values [43686342089737798337064428676636672, 86620507852136986313803229728551889), 9556727435633433 candidates (MITM path)
  MITM b1=313: s=4 t=3 j=3 je=3 Q=30664297 table=98611128 yh=96913276
stage b2=463 vs b1={314}: values [44931703384098017538267680344521103, 90576403663507494251037011559202816), 10007449853144102 candidates (MITM path)
  MITM b1=314: s=4 t=3 j=3 je=3 Q=30959144 table=99252847 yh=100827837
stage b2=464 vs b1={315}: values [46209763648267372780458093779615744, 94699514622390550869469537353515625), 10471866327788590 candidates (MITM path)
  MITM b1=315: s=4 t=3 j=3 je=3 Q=31255875 table=99897344 yh=104826274
stage b2=465 vs b1={316}: values [47521308185524258592298453369140625, 98996344124092362953499355314651136), 10950299263292812 candidates (MITM path)
  MITM b1=316: s=4 t=3 j=3 je=3 Q=31554496 table=100544625 yh=108909843
stage b2=466 vs b1={317}: values [48867139407307515137476120103428096, 103473626672732616363732850530926329), 11443077077513070 candidates (MITM path)
  MITM b1=317: s=4 t=3 j=3 je=3 Q=31855013 table=101194696 yh=113079811
stage b2=467 vs b1={318}: values [50248077167926686243123642272242787, 108138335323507832794908910278426624), 11950534288434859 candidates (MITM path)
  MITM b1=318: s=4 t=3 j=3 je=3 Q=32157432 table=101847563 yh=117337460
stage b2=468 vs b1={319}: values [51664959105080477120365807710240768, 112997689339958150582465303553121921), 12473011601033670 candidates (MITM path)
  MITM b1=319: s=4 t=3 j=3 je=3 Q=32461759 table=102503232 yh=121684082
stage b2=469 vs b1={320}: values [53118640986271411938365507173903909, 118059162071741130342400000000000000), 13010855995002560 candidates (MITM path)
  MITM b1=320: s=4 t=3 j=3 je=3 Q=32768000 table=103161709 yh=126120982
stage b2=470 vs b1={321}: values [54609997061205831773270000000000000, 123330489058539064373855829501034881), 13564420813351346 candidates (MITM path)
  MITM b1=321: s=4 t=3 j=3 je=3 Q=33076161 table=103823000 yh=130649479
stage b2=471 vs b1={322}: values [56139920420269526101585857174664311, 128819676365851491009049261438418944), 14134065851882205 candidates (MITM path)
  MITM b1=322: s=4 t=3 j=3 je=3 Q=33386248 table=104487111 yh=135270903
stage b2=472 vs b1={323}: values [57709323359170456049437363878756352, 134535009158552218608057415586748409), 14720157449546506 candidates (MITM path)
  MITM b1=323: s=4 t=3 j=3 je=3 Q=33698267 table=105154048 yh=139986599
stage b2=473 vs b1={324}: values [59319137749841205151272334026810233, 140485060518220186283313934500888576), 15323068579687707 candidates (MITM path)
  MITM b1=324: s=4 t=3 j=3 je=3 Q=34012224 table=105823817 yh=144797920
stage b2=474 vs b1={325}: values [60970315417694983520937358098407424, 146678700510385967791080474853515625), 15943178942175116 candidates (MITM path)
  MITM b1=325: s=4 t=3 j=3 je=3 Q=34328125 table=106496424 yh=149706238
stage b2=475 vs b1={326}: values [62663828525330214202404022216796875, 153125105507970699913650504140210176), 16580875056433368 candidates (MITM path)
  MITM b1=326: s=4 t=3 j=3 je=3 Q=34645976 table=107171875 yh=154712933
stage b2=476 vs b1={327}: values [64400669962779946155230391934386176, 159833767777331726128449290957670609), 17236550355372417 candidates (MITM path)
  MITM b1=327: s=4 t=3 j=3 je=3 Q=34965783 table=107850176 yh=159819400
stage b2=477 vs b1={328}: values [66181853744403566950222013869119117, 166814505333469329957730743425695744), 17910605280222905 candidates (MITM path)
  MITM b1=328: s=4 t=3 j=3 je=3 Q=35287552 table=108531333 yh=165027046
stage b2=478 vs b1={329}: values [68008415412519529913542931040821248, 174077472071091630146366848886447281), 18603447376281709 candidates (MITM path)
  MITM b1=329: s=4 t=3 j=3 je=3 Q=35611289 table=109215352 yh=170337293
stage b2=479 vs b1={330}: values [69881412447879065273246871214547039, 181633168178380062252900000000000000), 19315491389572534 candidates (MITM path)
  MITM b1=330: s=4 t=3 j=3 je=3 Q=35937000 table=109902239 yh=175751574
stage b2=480 vs b1={331}: values [71801924687082112942080000000000000, 189492450840445919389300039685792521), 20047159364426354 candidates (MITM path)
  MITM b1=331: s=4 t=3 j=3 je=3 Q=36264691 table=110592000 yh=181271334
stage b2=481 vs b1={332}: values [73771054747037996026381548447289441, 197666545239619210242183006282317824), 20798880741986581 candidates (MITM path)
  MITM b1=332: s=4 t=3 j=3 je=3 Q=36594368 table=111284641 yh=186898036
stage b2=482 vs b1={333}: values [75789928456574649095616277380472832, 206167055859864657197443888722807129), 21571092459643768 candidates (MITM path)
  MITM b1=333: s=4 t=3 j=3 je=3 Q=36926037 table=111980168 yh=192633150
stage b2=483 vs b1={334}: values [77859695295301523793862079367040563, 215005978102776043931247317256257536), 22364239051404717 candidates (MITM path)
  MITM b1=334: s=4 t=3 j=3 je=3 Q=37259704 table=112678587 yh=198478164
stage b2=484 vs b1={335}: values [79981528839832616637508874879893504, 224195710222759373302821832275390625), 23178772749200828 candidates (MITM path)
  MITM b1=335: s=4 t=3 j=3 je=3 Q=37595375 table=113379904 yh=204434578
stage b2=485 vs b1={336}: values [82156627217477399937279024658203125, 233749065589177456392773613876412416), 24015153585140541 candidates (MITM path)
  MITM b1=336: s=4 t=3 j=3 je=3 Q=37933056 table=114084125 yh=210503904
stage b2=486 vs b1={337}: values [84386213567508786822951299218169856, 243679285283393666208253061306357089), 24873849494710724 candidates (MITM path)
  MITM b1=337: s=4 t=3 j=3 je=3 Q=38272753 table=114791256 yh=216687668
stage b2=487 vs b1={338}: values [86671536510118625452078408718034247, 254000051038820699590976063168856064), 25755336420931856 candidates (MITM path)
  MITM b1=338: s=4 t=3 j=3 je=3 Q=38614472 table=115501303 yh=222987411
stage b2=488 vs b1={339}: values [89013870623172595766475439292284928, 264725498532251343422483410510418841), 26660098419471874 candidates (MITM path)
  MITM b1=339: s=4 t=3 j=3 je=3 Q=38958219 table=116214272 yh=229404685
stage b2=489 vs b1={340}: values [91414516926877774739994358072042569, 275870231034922482073600000000000000), 27588627764723533 candidates (MITM path)
  MITM b1=340: s=4 t=3 j=3 je=3 Q=39304000 table=116930169 yh=235941058
stage b2=490 vs b1={341}: values [93874803376477543056490000000000000, 287449333431940958491026723053340361), 28541425056850133 candidates (MITM path)
  MITM b1=341: s=4 t=3 j=3 je=3 Q=39651821 table=117649000 yh=242598111
stage b2=491 vs b1={342}: values [96396085363089927687061485995798171, 299478386618880458206192837825019904), 29518999329804499 candidates (MITM path)
  MITM b1=342: s=4 t=3 j=3 je=3 Q=40001688 table=118370771 yh=249377436
stage b2=492 vs b1={343}: values [98979746222806911020492610298970112, 311973482284542371301330321821976049), 30521868160326054 candidates (MITM path)
  MITM b1=343: s=4 t=3 j=3 je=3 Q=40353607 table=119095488 yh=256280643
stage b2=493 vs b1={344}: values [101627197754173688160928089239296093, 324951238089060649950183741190045696), 31550557777920869 candidates (MITM path)
  MITM b1=344: s=4 t=3 j=3 je=3 Q=40707584 table=119823157 yh=263309352
stage b2=494 vs b1={345}: values [104339880744168319863565385432489984, 338428813246721067109392828369140625), 32605603175829556 candidates (MITM path)
  MITM b1=345: s=4 t=3 j=3 je=3 Q=41063625 table=120553784 yh=270465199
stage b2=495 vs b1={346}: values [107119265502803709454615843505859375, 352423924523059044388546203674361856), 33687548222987861 candidates (MITM path)
  MITM b1=346: s=4 t=3 j=3 je=3 Q=41421736 table=121287375 yh=277749834
stage b2=496 vs b1={347}: values [109966852406475328098844912056795136, 366954862655997403768050803331897769), 34796945776984861 candidates (MITM path)
  MITM b1=347: s=4 t=3 j=3 je=3 Q=41781923 table=122023936 yh=285164919
stage b2=497 vs b1={348}: values [112884172450179624060242238336272177, 382040509210986058943919609908035584), 35934357798023604 candidates (MITM path)
  MITM b1=348: s=4 t=3 j=3 je=3 Q=42144192 table=122763473 yh=292712132
stage b2=498 vs b1={349}: values [115872787808729578273156568090615808, 397700353880309848525885235660892601), 37100355463889100 candidates (MITM path)
  MITM b1=349: s=4 t=3 j=3 je=3 Q=42508549 table=123505992 yh=300393163
stage b2=499 vs b1={350}: values [118934292407095410727674098230506499, 413954512236938476562500000000000000), 38295519285928521 candidates (MITM path)
  MITM b1=350: s=4 t=3 j=3 je=3 Q=42875000 table=124251499 yh=308209717
stage b2=500 vs b1={351}: values [122070312500000000000000000000000000, 430823743953503917975940025623902401), 39520439226048502 candidates (MITM path)
  MITM b1=351: s=4 t=3 j=3 je=3 Q=43243551 table=125000000 yh=316163514
stage b2=501 vs b1={352}: values [125282507260900151852763473269506501, 448329471497205720126420014212317184), 40775714814734426 candidates (MITM path)
  MITM b1=352: s=4 t=3 j=3 je=3 Q=43614208 table=125751501 yh=324256288
stage b2=502 vs b1={353}: values [128572569380486442318916647962632192, 466493799311663440167496584517263169), 42061955270096569 candidates (MITM path)
  MITM b1=353: s=4 t=3 j=3 je=3 Q=43986977 table=126506008 yh=332489784
stage b2=503 vs b1={354}: values [131942225674835966194417272072460823, 485339533496958054990141432093229056), 43379779617948004 candidates (MITM path)
  MITM b1=354: s=4 t=3 j=3 je=3 Q=44361864 table=127263527 yh=340865767

*** MATCH: 173922096621474868026670564000962600 is an 14-digit palindrome in bases 354 and 503
stage b2=504 vs b1={355}: values [135393237703353943528128490047012864, 504890201999330620896660650634765625), 44729816812919141 candidates (MITM path)
  MITM b1=355: s=4 t=3 j=3 je=3 Q=44738875 table=128024064 yh=349386010
stage b2=505 vs b1={356}: values [138927402396641774642067017822265625, 525170075322236798832332084919402496), 46112705860613803 candidates (MITM path)
  MITM b1=356: s=4 t=3 j=3 je=3 Q=45118016 table=128787625 yh=358052305
stage b2=506 vs b1={357}: values [142546552694430788571794496737878016, 546204187770690153801056774632964649), 47529095940811719 candidates (MITM path)
  MITM b1=357: s=4 t=3 j=3 je=3 Q=45499293 table=129554216 yh=366866455
stage b2=507 vs b1={358}: values [146252558193722600716669650994316907, 568018359241065440405821984897122304), 48979646531722339 candidates (MITM path)
  MITM b1=358: s=4 t=3 j=3 je=3 Q=45882712 table=130323843 yh=375830281
stage b2=508 vs b1={359}: values [150047325807278683064941158898597888, 590639217568775457331652612637964561), 50465027535294862 candidates (MITM path)
  MITM b1=359: s=4 t=3 j=3 je=3 Q=46268279 table=131096512 yh=384945616
stage b2=509 vs b1={360}: values [153932800432603454742132269478454829, 614094221446481549721600000000000000), 51985919403589369 candidates (MITM path)
  MITM b1=360: s=4 t=3 j=3 je=3 Q=46656000 table=131872229 yh=394214308
stage b2=510 vs b1={361}: values [157910965631566921956510000000000000, 638411683925748518131605316913942641), 53543013266213965 candidates (MITM path)
  MITM b1=361: s=4 t=3 j=3 je=3 Q=47045881 table=132651000 yh=403638219
stage b2=511 vs b1={362}: values [161983844320814634817101682325330431, 663620796515309615092533840427761664), 55137011058832837 candidates (MITM path)
  MITM b1=362: s=4 t=3 j=3 je=3 Q=47437928 table=133432831 yh=413219226
stage b2=512 vs b1={363}: values [166153499473114484112975882535043072, 689751653889366534925949446541436489), 56768625652750110 candidates (MITM path)
  MITM b1=363: s=4 t=3 j=3 je=3 Q=47832147 table=134217728 yh=422959221
stage b2=513 vs b1={364}: values [170422034829791634103401401374218753, 716835279219612889692402474199023616), 58438580985574428 candidates (MITM path)
  MITM b1=364: s=4 t=3 j=3 je=3 Q=48228544 table=135005697 yh=432860111
done: 4017.22s, 9941633124 candidates tested
