A171740 search: n=14, threads=1, limit=none
stage b2=112 vs b1={80}: values [436349311165261308988751872, 439804651110400000000000000), 15630203130 candidates (MITM path)
  MITM b1=80: s=4 t=3 j=3 je=3 Q=512000 table=1404928 yh=11126
stage b2=113 vs b1={81}: values [489801110321660601428677553, 523347633027360537213511521), 142593065368 candidates (MITM path)
  MITM b1=81: s=4 t=3 j=3 je=3 Q=531441 table=1442897 yh=98825
stage b2=114 vs b1={82}: values [549241149460447732335058944, 621432458361496515414605824), 288503413992 candidates (MITM path)
  MITM b1=82: s=4 t=3 j=3 je=3 Q=551368 table=1481544 yh=194732
stage b2=115 vs b1={83}: values [615278762129476785888671875, 736365263311636486061599129), 455209008291 candidates (MITM path)
  MITM b1=83: s=4 t=3 j=3 je=3 Q=571787 table=1520875 yh=299308
stage b2=116 vs b1={84}: values [688579136852433871931703296, 870783126313900412592193536), 644691519345 candidates (MITM path)
  MITM b1=84: s=4 t=3 j=3 je=3 Q=592704 table=1560896 yh=413027
stage b2=117 vs b1={85}: values [769867883698351340299335237, 1027696695308843560791015625), 859073682294 candidates (MITM path)
  MITM b1=85: s=4 t=3 j=3 je=3 Q=614125 table=1601613 yh=536381
stage b2=118 vs b1={86}: values [859935929762876868984659968, 1210537694726365245693116416), 1100626707069 candidates (MITM path)
  MITM b1=86: s=4 t=3 j=3 je=3 Q=636056 table=1643032 yh=669876
stage b2=119 vs b1={87}: values [959644764107166918445086359, 1423211802583135884046255089), 1371777952530 candidates (MITM path)
  MITM b1=87: s=4 t=3 j=3 je=3 Q=658503 table=1685159 yh=814035
stage b2=120 vs b1={88}: values [1069932053790720000000000000, 1670157430683097690814808064), 1675118868946 candidates (MITM path)
  MITM b1=88: s=4 t=3 j=3 je=3 Q=681472 table=1728000 yh=969398
stage b2=121 vs b1={89}: values [1191817653772720942460132761, 1956410986640441413344189841), 2013413213782 candidates (MITM path)
  MITM b1=89: s=4 t=3 j=3 je=3 Q=704969 table=1771561 yh=1136520
stage b2=122 vs b1={90}: values [1326410034644195374346903552, 2287679245496100000000000000), 2389605545737 candidates (MITM path)
  MITM b1=90: s=4 t=3 j=3 je=3 Q=729000 table=1815848 yh=1315973
stage b2=123 vs b1={91}: values [1474913153392179474539944683, 2670419511272061205254504361), 2806830002007 candidates (MITM path)
  MITM b1=91: s=4 t=3 j=3 je=3 Q=753571 table=1860867 yh=1508346
stage b2=124 vs b1={92}: values [1638633793688942910713626624, 3111928305110923294648827904), 3268419363719 candidates (MITM path)
  MITM b1=92: s=4 t=3 j=3 je=3 Q=778688 table=1906624 yh=1714245
stage b2=125 vs b1={93}: values [1818989403545856475830078125, 3620439376899076955409413049), 3777914414518 candidates (MITM path)
  MITM b1=93: s=4 t=3 j=3 je=3 Q=804357 table=1953125 yh=1934293
stage b2=126 vs b1={94}: values [2017516459574609153391845376, 4205231901698742834534301696), 4339073597277 candidates (MITM path)
  MITM b1=94: s=4 t=3 j=3 je=3 Q=830584 table=2000376 yh=2169130
stage b2=127 vs b1={95}: values [2235879388560037062539773567, 4876749791155298590087890625), 4955882973898 candidates (MITM path)
  MITM b1=95: s=4 t=3 j=3 je=3 Q=857375 table=2048383 yh=2419413

*** MATCH: 2826953999893430212439683200 is an 14-digit palindrome in bases 95 and 127
stage b2=128 vs b1={96}: values [2475880078570760549798248448, 5646733123551136024526585856), 5632566493185 candidates (MITM path)
  MITM b1=96: s=4 t=3 j=3 je=3 Q=884736 table=2097152 yh=2685818
stage b2=129 vs b1={97}: values [2739468013418114691600975489, 6528362774606076144776040769), 6373596571774 candidates (MITM path)
  MITM b1=97: s=4 t=3 j=3 je=3 Q=912673 table=2146689 yh=2969036
done: 3.81s, 14692652 candidates tested
