A171740 search: n=14, threads=1, limit=none
stage b2=354 vs b1={233}: values [1371015631347339138390230034161664, 1389897885974444705448234373058929), 27103851900973 candidates (MITM path)
  MITM b1=233: s=4 t=3 j=3 je=3 Q=12649337 table=44361864 yh=610972
stage b2=355 vs b1={234}: values [1422225921124874988441297607421875, 1475781302562113238057324097191936), 75371063873655 candidates (MITM path)
  MITM b1=234: s=4 t=3 j=3 je=3 Q=12812904 table=44738875 yh=1684689
stage b2=356 vs b1={235}: values [1475196840792799996720033946402816, 1566570960618087215175592041015625), 126087844599653 candidates (MITM path)
  MITM b1=235: s=4 t=3 j=3 je=3 Q=12977875 table=45118016 yh=2794623
stage b2=357 vs b1={236}: values [1529983719245630682916125419139957, 1662524452241727005330470932054016), 179337807211156 candidates (MITM path)
  MITM b1=236: s=4 t=3 j=3 je=3 Q=13144256 table=45499293 yh=3941552
stage b2=358 vs b1={237}: values [1586643461567221900574921745522688, 1763911713133997936335712142251289), 235206746557592 candidates (MITM path)
  MITM b1=237: s=4 t=3 j=3 je=3 Q=13312053 table=45882712 yh=5126261
stage b2=359 vs b1={238}: values [1645234589328065340756692514311879, 1871015558000686912224711093796864), 293782682439363 candidates (MITM path)
  MITM b1=238: s=4 t=3 j=3 je=3 Q=13481272 table=46268279 yh=6349549
stage b2=360 vs b1={239}: values [1705817281795782082560000000000000, 1984132236766622027506928774262241), 355155903443174 candidates (MITM path)
  MITM b1=239: s=4 t=3 j=3 je=3 Q=13651919 table=46656000 yh=7612224
stage b2=361 vs b1={240}: values [1768453418076865701195582595329481, 2103572012316858777600000000000000), 419419011383662 candidates (MITM path)
  MITM b1=240: s=4 t=3 j=3 je=3 Q=13824000 table=47045881 yh=8915106
stage b2=362 vs b1={241}: values [1833206620208037610752855912783872, 2229659760502257132817812847740961), 486666966356054 candidates (MITM path)
  MITM b1=241: s=4 t=3 j=3 je=3 Q=13997521 table=47437928 yh=10259027
stage b2=363 vs b1={242}: values [1900142297215885771145866243915803, 2362735593168883450473284633903104), 556997132404603 candidates (MITM path)
  MITM b1=242: s=4 t=3 j=3 je=3 Q=14172488 table=47832147 yh=11644829
stage b2=364 vs b1={243}: values [1969327690163771674979127676370944, 2503155504993241601315571986085849), 630509323811517 candidates (MITM path)
  MITM b1=243: s=4 t=3 j=3 je=3 Q=14348907 table=48228544 yh=13073365
stage b2=365 vs b1={244}: values [2040831918205308698658487548828125, 2651292044928480635622559471108096), 707305852011149 candidates (MITM path)
  MITM b1=244: s=4 t=3 j=3 je=3 Q=14526784 table=48627125 yh=14545501
stage b2=366 vs b1={245}: values [2114726025664037501814878311735296, 2807535013090453863383795166015625), 787491573134170 candidates (MITM path)
  MITM b1=245: s=4 t=3 j=3 je=3 Q=14706125 table=49027896 yh=16062113
stage b2=367 vs b1={246}: values [2191083030159251239243293893133487, 2972292183936828626836081803411456), 871173936186504 candidates (MITM path)
  MITM b1=246: s=4 t=3 j=3 je=3 Q=14886936 table=49430863 yh=17624090
stage b2=368 vs b1={247}: values [2269977971798254959728479560531968, 3145990056617379761511309839089969), 958463031867749 candidates (MITM path)
  MITM b1=247: s=4 t=3 j=3 je=3 Q=15069223 table=49836032 yh=19232331
stage b2=369 vs b1={248}: values [2351487963455679756386948226834609, 3329074633399155440492375267344384), 1049471642033879 candidates (MITM path)
  MITM b1=248: s=4 t=3 j=3 je=3 Q=15252992 table=50243409 yh=20887748
stage b2=370 vs b1={249}: values [2435692242160813053970000000000000, 3522012227096394652101560724434001), 1144315289808968 candidates (MITM path)
  MITM b1=249: s=4 t=3 j=3 je=3 Q=15438249 table=50653000 yh=22591264
stage b2=371 vs b1={250}: values [2522672221614251920828329838491011, 3725290298461914062500000000000000), 1243112290350704 candidates (MITM path)
  MITM b1=250: s=4 t=3 j=3 je=3 Q=15625000 table=51064811 yh=24343815
stage b2=372 vs b1={251}: values [2612511545855536528237681340055552, 3939418324524181765386728349441001), 1345983802274493 candidates (MITM path)
  MITM b1=251: s=4 t=3 j=3 je=3 Q=15813251 table=51478848 yh=26146347
stage b2=373 vs b1={252}: values [2705296144103775899249465745412933, 4164928698882469942515671324688384), 1453053879740889 candidates (MITM path)
  MITM b1=252: s=4 t=3 j=3 je=3 Q=16003008 table=51895117 yh=27999819
stage b2=374 vs b1={253}: values [2801114286793637945305730403098624, 4402377665001341492756836874350969), 1564449525211173 candidates (MITM path)
  MITM b1=253: s=4 t=3 j=3 je=3 Q=16194277 table=52313624 yh=29905203
stage b2=375 vs b1={254}: values [2900056642829440534114837646484375, 4652346283575291198546759565459456), 1680300742875831 candidates (MITM path)
  MITM b1=254: s=4 t=3 j=3 je=3 Q=16387064 table=52734375 yh=31863481
stage b2=376 vs b1={255}: values [3002216338080450019720605913317376, 4915441435064644177113043212890625), 1800740592760746 candidates (MITM path)
  MITM b1=255: s=4 t=3 j=3 je=3 Q=16581375 table=53157376 yh=33875649
stage b2=377 vs b1={256}: values [3107689015140868348741078056241817, 5192296858534827628530496329220096), 1925905245515877 candidates (MITM path)
  MITM b1=256: s=4 t=3 j=3 je=3 Q=16777216 table=53582633 yh=35942714
stage b2=378 vs b1={257}: values [3216572894378369589263147095400448, 5483574227962890893331590433934849), 2055934037891237 candidates (MITM path)
  MITM b1=257: s=4 t=3 j=3 je=3 Q=16974593 table=54010152 yh=38065697
stage b2=379 vs b1={258}: values [3328968836295431565149961657333739, 5789964267207668452827559331119104), 2190969528904956 candidates (MITM path)
  MITM b1=258: s=4 t=3 j=3 je=3 Q=17173512 table=54439939 yh=40245628
stage b2=380 vs b1={259}: values [3444980405228098273280000000000000, 6112187904873275865980332271043961), 2331157556708251 candidates (MITM path)
  MITM b1=259: s=4 t=3 j=3 je=3 Q=17373979 table=54872000 yh=42483554
stage b2=381 vs b1={260}: values [3564713934407203969659599412660141, 6450997470329715097600000000000000), 2476647296152083 candidates (MITM path)
  MITM b1=260: s=4 t=3 j=3 je=3 Q=17576000 table=55306341 yh=44780531
stage b2=382 vs b1={261}: values [3688278592407490288045563431084032, 6807177932189258856180832656779241), 2627591317060341 candidates (MITM path)
  MITM b1=261: s=4 t=3 j=3 je=3 Q=17779581 table=55742968 yh=47137629
stage b2=383 vs b1={262}: values [3815786451010453557735946798011263, 7181548180572999273393724747300864), 2784145643214348 candidates (MITM path)
  MITM b1=262: s=4 t=3 j=3 je=3 Q=17984728 table=56181887 yh=49555930
stage b2=384 vs b1={263}: values [3947352554507170672035992860360704, 7574962354538500616775660413022289), 2946469812053511 candidates (MITM path)
  MITM b1=263: s=4 t=3 j=3 je=3 Q=18191447 table=56623104 yh=52036530
stage b2=385 vs b1={264}: values [4083094990467768482531636962890625, 7988311216076905079138811711062016), 3114726935096939 candidates (MITM path)
  MITM b1=264: s=4 t=3 j=3 je=3 Q=18399744 table=57066625 yh=54580536
stage b2=386 vs b1={265}: values [4223134962004623814104936875565056, 8422523572126121633218804931640625), 3289083759090849 candidates (MITM path)
  MITM b1=265: s=4 t=3 j=3 je=3 Q=18609625 table=57512456 yh=57189069
stage b2=387 vs b1={266}: values [4367596861556808869457342044548947, 8878567746085897335509947690663936), 3469710727886595 candidates (MITM path)
  MITM b1=266: s=4 t=3 j=3 je=3 Q=18821096 table=57960603 yh=59863262
stage b2=388 vs b1={267}: values [4516608346223730078076491035312128, 9357453100360645426341446339617929), 3656782045054131 candidates (MITM path)
  MITM b1=267: s=4 t=3 j=3 je=3 Q=19034163 table=58411072 yh=62604262
stage b2=389 vs b1={268}: values [4670300414676347401856768325525269, 9860231611496902484101890807169024), 3850475737235773 candidates (MITM path)
  MITM b1=268: s=4 t=3 j=3 je=3 Q=19248832 table=58863869 yh=65413229
stage b2=390 vs b1={269}: values [4828807485674805797190000000000000, 10387999499524225396026023192028121), 4050973718245065 candidates (MITM path)
  MITM b1=269: s=4 t=3 j=3 je=3 Q=19465109 table=59319000 yh=68291336
stage b2=391 vs b1={270}: values [4992267478221761010969967707552871, 10941898913151235920900000000000000), 4258461853915607 candidates (MITM path)
  MITM b1=270: s=4 t=3 j=3 je=3 Q=19683000 table=59776471 yh=71239767
stage b2=392 vs b1={271}: values [5160821893381138215757522311053312, 11523119672512394327137541804059681), 4473130027704682 candidates (MITM path)
  MITM b1=271: s=4 t=3 j=3 je=3 Q=19902511 table=60236288 yh=74259723
stage b2=393 vs b1={272}: values [5334615897792524227954149747794793, 12132901071205952454668884633452544), 4695172207056533 candidates (MITM path)
  MITM b1=272: s=4 t=3 j=3 je=3 Q=20123648 table=60698457 yh=77352415
stage b2=394 vs b1={273}: values [5513798408911862263322980452573184, 12772533739409419310834931469027809), 4924786510530126 candidates (MITM path)
  MITM b1=273: s=4 t=3 j=3 je=3 Q=20346417 table=61162984 yh=80519069

*** MATCH: 12737497955971955442681677246521910 is an 14-digit palindrome in bases 273 and 394
stage b2=395 vs b1={274}: values [5698522182009592428141893310546875, 13443361569905787990117147696971776), 5162175275696265 candidates (MITM path)
  MITM b1=274: s=4 t=3 j=3 je=3 Q=20570824 table=61629875 yh=83760924
stage b2=396 vs b1={275}: values [5888943898957861483712781364494336, 14146783708901740610599517822265625), 5407545127808899 candidates (MITM path)
  MITM b1=275: s=4 t=3 j=3 je=3 Q=20796875 table=62099136 yh=87079233
stage b2=397 vs b1={276}: values [6085224258838911919400672863338877, 14884256613568087679683209751166976), 5661107049255493 candidates (MITM path)
  MITM b1=276: s=4 t=3 j=3 je=3 Q=21024576 table=62570773 yh=90475262
stage b2=398 vs b1={277}: values [6287528070407253087832349758251008, 15657296178282829721680640148731209), 5923076449791308 candidates (MITM path)
  MITM b1=277: s=4 t=3 j=3 je=3 Q=21253933 table=63044792 yh=93950290
stage b2=399 vs b1={278}: values [6496024346438716158824594291525199, 16467479931608472298443740375302144), 6193673237562456 candidates (MITM path)
  MITM b1=278: s=4 t=3 j=3 je=3 Q=21484952 table=63521199 yh=97505610
stage b2=400 vs b1={279}: values [6710886400000000000000000000000000, 17316449306087601206337604921562481), 6473121890922609 candidates (MITM path)
  MITM b1=279: s=4 t=3 j=3 je=3 Q=21717639 table=64000000 yh=101142530
stage b2=401 vs b1={280}: values [6932291942672826856333202316485201, 18205911982994253414400000000000000), 6761651531048198 candidates (MITM path)
  MITM b1=280: s=4 t=3 j=3 je=3 Q=21952000 table=64481201 yh=104862370
stage b2=402 vs b1={281}: values [7160423184767344942991696876347392, 19137644314233322299008947929826321), 7059495995357010 candidates (MITM path)
  MITM b1=281: s=4 t=3 j=3 je=3 Q=22188041 table=64964808 yh=108666465
stage b2=403 vs b1={282}: values [7395466937559939851224358455647523, 20113493823636134316549694448615424), 7366893911735023 candidates (MITM path)
  MITM b1=282: s=4 t=3 j=3 je=3 Q=22425768 table=65450827 yh=112556163
stage b2=404 vs b1={283}: values [7637614717591148061633023326552064, 21135381789957450134663699873055529), 7684088773576370 candidates (MITM path)
  MITM b1=283: s=4 t=3 j=3 je=3 Q=22665187 table=65939264 yh=116532826
stage b2=405 vs b1={284}: values [7887062853059903929360645751953125, 22205305913937498425779524506484736), 8011329015641308 candidates (MITM path)
  MITM b1=284: s=4 t=3 j=3 je=3 Q=22906304 table=66430125 yh=120597832
stage b2=406 vs b1={285}: values [8144012592350896318465589091721216, 23325343071852267342134088134765625), 8348868090737071 candidates (MITM path)
  MITM b1=285: s=4 t=3 j=3 je=3 Q=23149125 table=66923416 yh=124752570
stage b2=407 vs b1={286}: values [8408670214732362685449475031095607, 24497652158036179788437520640393216), 8696964547226475 candidates (MITM path)
  MITM b1=286: s=4 t=3 j=3 je=3 Q=23393656 table=67419143 yh=128998445
stage b2=408 vs b1={287}: values [8681247143262206912494013239001088, 25724477018923486959881583081626689), 9055882107369187 candidates (MITM path)
  MITM b1=287: s=4 t=3 j=3 je=3 Q=23639903 table=67917312 yh=133336875
stage b2=409 vs b1={288}: values [8961960059940892637875611279849529, 27008149481218253520093899825086464), 9425889746500519 candidates (MITM path)
  MITM b1=288: s=4 t=3 j=3 je=3 Q=23887872 table=68417929 yh=137769294
stage b2=410 vs b1={289}: values [9251031023150136293210000000000000, 28351092476867700887730107366063041), 9807261773052645 candidates (MITM path)
  MITM b1=289: s=4 t=3 j=3 je=3 Q=24137569 table=68921000 yh=142297149
stage b2=411 vs b1={290}: values [9548687587417003604089240200373131, 29755823267579946348100000000000000), 10200277909423135 candidates (MITM path)
  MITM b1=290: s=4 t=3 j=3 je=3 Q=24389000 table=69426531 yh=146921901
stage b2=412 vs b1={291}: values [9855162925543600012281425818550272, 31224956771694849412103314940863161), 10605223373695691 candidates (MITM path)
  MITM b1=291: s=4 t=3 j=3 je=3 Q=24642171 table=69934528 yh=151645027
stage b2=413 vs b1={292}: values [10170695953143139404457311421253453, 32761208996285777655067862320021504), 11022388962217992 candidates (MITM path)
  MITM b1=292: s=4 t=3 j=3 je=3 Q=24897088 table=70444997 yh=156468017
stage b2=414 vs b1={293}: values [10495531455623776755395673235513344, 34367400577440657174390053251553449), 11452071133041529 candidates (MITM path)
  MITM b1=293: s=4 t=3 j=3 je=3 Q=25153757 table=70957944 yh=161392376
stage b2=415 vs b1={294}: values [10829920217662198884330277099609375, 36046460431742703147634670013136896), 11894572090228341 candidates (MITM path)
  MITM b1=294: s=4 t=3 j=3 je=3 Q=25412184 table=71473375 yh=166419623
stage b2=416 vs b1={295}: values [11174119155209583553590348738461696, 37801429522044759444963140869140625), 12350199869029553 candidates (MITM path)
  MITM b1=295: s=4 t=3 j=3 je=3 Q=25672375 table=71991296 yh=171551293
stage b2=417 vs b1={296}: values [11528391450073160681535117383503137, 39635464740706238900646729698246656), 12819268421940613 candidates (MITM path)
  MITM b1=296: s=4 t=3 j=3 je=3 Q=25934336 table=72511713 yh=176788934
stage b2=418 vs b1={297}: values [11893006687117240570102814793146368, 41551842913538274087106161994416369), 13302097705638132 candidates (MITM path)
  MITM b1=297: s=4 t=3 j=3 je=3 Q=26198073 table=73034632 yh=182134111
stage b2=419 vs b1={298}: values [12268240994128212834729297883414259, 43553964927780889034146280167849984), 13799013768803248 candidates (MITM path)
  MITM b1=298: s=4 t=3 j=3 je=3 Q=26463592 table=73560059 yh=187588400
stage b2=420 vs b1={299}: values [12654377184388666245120000000000000, 45645359987515812435930238280185801), 14310348840836406 candidates (MITM path)
  MITM b1=299: s=4 t=3 j=3 je=3 Q=26730899 table=74088000 yh=193153397
done: 1052.13s, 2289260640 candidates tested
