A171740 search: n=14, threads=1, limit=none
stage b2=109 vs b1={78}: values [306580461214335498944273629, 308549209196654470906527744), 10769725658 candidates (MITM path)
  MITM b1=78: s=4 t=3 j=3 je=3 Q=474552 table=1295029 yh=8317
stage b2=110 vs b1={79}: values [345227121439310000000000000, 368790120348678391253573281), 120915441803 candidates (MITM path)
  MITM b1=79: s=4 t=3 j=3 je=3 Q=493039 table=1331000 yh=90846
stage b2=111 vs b1={80}: values [388328016259855395064461231, 439804651110400000000000000), 247941541402 candidates (MITM path)
  MITM b1=80: s=4 t=3 j=3 je=3 Q=512000 table=1367631 yh=181293
stage b2=112 vs b1={81}: values [436349311165261308988751872, 523347633027360537213511521), 393536226300 candidates (MITM path)
  MITM b1=81: s=4 t=3 j=3 je=3 Q=531441 table=1404928 yh=280112
stage b2=113 vs b1={82}: values [489801110321660601428677553, 621432458361496515414605824), 559513055350 candidates (MITM path)
  MITM b1=82: s=4 t=3 j=3 je=3 Q=551368 table=1442897 yh=387771
stage b2=114 vs b1={83}: values [549241149460447732335058944, 736365263311636486061599129), 747817798403 candidates (MITM path)
  MITM b1=83: s=4 t=3 j=3 je=3 Q=571787 table=1481544 yh=504756
stage b2=115 vs b1={84}: values [615278762129476785888671875, 870783126313900412592193536), 960535543590 candidates (MITM path)
  MITM b1=84: s=4 t=3 j=3 je=3 Q=592704 table=1520875 yh=631568
stage b2=116 vs b1={85}: values [688579136852433871931703296, 1027696695308843560791015625), 1199898062847 candidates (MITM path)
  MITM b1=85: s=4 t=3 j=3 je=3 Q=614125 table=1560896 yh=768724
stage b2=117 vs b1={86}: values [769867883698351340299335237, 1210537694726365245693116416), 1468291440629 candidates (MITM path)
  MITM b1=86: s=4 t=3 j=3 je=3 Q=636056 table=1601613 yh=916758
stage b2=118 vs b1={87}: values [859935929762876868984659968, 1423211802583135884046255089), 1768263970770 candidates (MITM path)
  MITM b1=87: s=4 t=3 j=3 je=3 Q=658503 table=1643032 yh=1076221
stage b2=119 vs b1={88}: values [959644764107166918445086359, 1670157430683097690814808064), 2102534326440 candidates (MITM path)
  MITM b1=88: s=4 t=3 j=3 je=3 Q=681472 table=1685159 yh=1247678
stage b2=120 vs b1={89}: values [1069932053790720000000000000, 1956410986640441413344189841), 2474000008177 candidates (MITM path)
  MITM b1=89: s=4 t=3 j=3 je=3 Q=704969 table=1728000 yh=1431713
stage b2=121 vs b1={90}: values [1191817653772720942460132761, 2287679245496100000000000000), 2885746074944 candidates (MITM path)
  MITM b1=90: s=4 t=3 j=3 je=3 Q=729000 table=1771561 yh=1628929

*** MATCH: 1288977463782286731258161720 is an 14-digit palindrome in bases 90 and 121
done: 2.49s, 7670179 candidates tested
