A171740 search: n=14, threads=1, limit=none
stage b2=525 vs b1={336}: values [230181780068754346668720245361328125, 233749065589177456392773613876412416), 324506011981852 candidates (MITM path)
  MITM b1=336: s=4 t=3 j=3 je=3 Q=37933056 table=144703125 yh=2242564
stage b2=526 vs b1={337}: values [235947116381670711226715627769880576, 243679285283393666208253061306357089), 694066563911684 candidates (MITM path)
  MITM b1=337: s=4 t=3 j=3 je=3 Q=38272753 table=145531576 yh=4769182
stage b2=527 vs b1={338}: values [241845492675137865214191430461762767, 254000051038820699590976063168856064), 1076626032880234 candidates (MITM path)
  MITM b1=338: s=4 t=3 j=3 je=3 Q=38614472 table=146363183 yh=7355853
stage b2=528 vs b1={339}: values [247879717735234872758731611882651648, 264725498532251343422483410510418841), 1472494520905160 candidates (MITM path)
  MITM b1=339: s=4 t=3 j=3 je=3 Q=38958219 table=147197952 yh=10003499
stage b2=529 vs b1={340}: values [254052654154149545721997685422868689, 275870231034922482073600000000000000), 1881987830242312 candidates (MITM path)
  MITM b1=340: s=4 t=3 j=3 je=3 Q=39304000 table=148035889 yh=12713052
stage b2=530 vs b1={341}: values [260367219256064861959730000000000000, 287449333431940958491026723053340361), 2305427543628636 candidates (MITM path)
  MITM b1=341: s=4 t=3 j=3 je=3 Q=39651821 table=148877000 yh=15485452
stage b2=531 vs b1={342}: values [266826386037180636857388515472989091, 299478386618880458206192837825019904), 2743141105326790 candidates (MITM path)
  MITM b1=342: s=4 t=3 j=3 je=3 Q=40001688 table=149721291 yh=18321651
stage b2=532 vs b1={343}: values [273433184120058913430441697300447232, 311973482284542371301330321821976049), 3195461902976094 candidates (MITM path)
  MITM b1=343: s=4 t=3 j=3 je=3 Q=40353607 table=150568768 yh=21222608
stage b2=533 vs b1={344}: values [280190700722483686027416350032250213, 324951238089060649950183741190045696), 3662729350254435 candidates (MITM path)
  MITM b1=344: s=4 t=3 j=3 je=3 Q=40707584 table=151419437 yh=24189295
stage b2=534 vs b1={345}: values [287102081641027742818685874210299904, 338428813246721067109392828369140625), 4145288970355742 candidates (MITM path)
  MITM b1=345: s=4 t=3 j=3 je=3 Q=41063625 table=152273304 yh=27222691
stage b2=535 vs b1={346}: values [294170532249521602949110970458984375, 352423924523059044388546203674361856), 4643492480287652 candidates (MITM path)
  MITM b1=346: s=4 t=3 j=3 je=3 Q=41421736 table=153130375 yh=30323785
stage b2=536 vs b1={347}: values [301399318512621735633442871240032256, 366954862655997403768050803331897769), 5157697875994024 candidates (MITM path)
  MITM b1=347: s=4 t=3 j=3 je=3 Q=41781923 table=153990656 yh=33493577
stage b2=537 vs b1={348}: values [308791768014677480736121943614131897, 382040509210986058943919609908035584), 5688269518306898 candidates (MITM path)
  MITM b1=348: s=4 t=3 j=3 je=3 Q=42144192 table=154854153 yh=36733077
stage b2=538 vs b1={349}: values [316351271004098343658904022264291328, 397700353880309848525885235660892601), 6235578219732569 candidates (MITM path)
  MITM b1=349: s=4 t=3 j=3 je=3 Q=42508549 table=155720872 yh=40043305
stage b2=539 vs b1={350}: values [324081281453425611818659325054366219, 413954512236938476562500000000000000), 6800001332076400 candidates (MITM path)
  MITM b1=350: s=4 t=3 j=3 je=3 Q=42875000 table=156590819 yh=43425288
stage b2=540 vs b1={351}: values [331985318135314535792640000000000000, 430823743953503917975940025623902401), 7381922834911033 candidates (MITM path)
  MITM b1=351: s=4 t=3 j=3 je=3 Q=43243551 table=157464000 yh=46880067
stage b2=541 vs b1={352}: values [340066965714635635499320813072655821, 448329471497205720126420014212317184), 7981733424892637 candidates (MITM path)
  MITM b1=352: s=4 t=3 j=3 je=3 Q=43614208 table=158340421 yh=50408692
stage b2=542 vs b1={353}: values [348329875856906030730297942652608512, 466493799311663440167496584517263169), 8599830605929858 candidates (MITM path)
  MITM b1=353: s=4 t=3 j=3 je=3 Q=43986977 table=159220088 yh=54012222
stage b2=543 vs b1={354}: values [356777768353264056114297546073891743, 485339533496958054990141432093229056), 9236618780210122 candidates (MITM path)
  MITM b1=354: s=4 t=3 j=3 je=3 Q=44361864 table=160103007 yh=57691726
stage b2=544 vs b1={355}: values [365414432262202803340615819548688384, 504890201999330620896660650634765625), 9892509340087956 candidates (MITM path)
  MITM b1=355: s=4 t=3 j=3 je=3 Q=44738875 table=160989184 yh=61448286
stage b2=545 vs b1={356}: values [374243727068280638359709019775390625, 525170075322236798832332084919402496), 10567920760839995 candidates (MITM path)
  MITM b1=356: s=4 t=3 j=3 je=3 Q=45118016 table=161878625 yh=65282991
stage b2=546 vs b1={357}: values [383269583858029168477508273239105536, 546204187770690153801056774632964649), 11263278694291336 candidates (MITM path)
  MITM b1=357: s=4 t=3 j=3 je=3 Q=45499293 table=162771336 yh=69196942
stage b2=547 vs b1={358}: values [392496006513281583932595840500243827, 568018359241065440405821984897122304), 11979016063317930 candidates (MITM path)
  MITM b1=358: s=4 t=3 j=3 je=3 Q=45882712 table=163667323 yh=73191251
stage b2=548 vs b1={359}: values [401927072922146770857809028954718208, 590639217568775457331652612637964561), 12715573157229667 candidates (MITM path)
  MITM b1=359: s=4 t=3 j=3 je=3 Q=46268279 table=164566592 yh=77267039
stage b2=549 vs b1={360}: values [411566936207857087647217069653412149, 614094221446481549721600000000000000), 13473397728038849 candidates (MITM path)
  MITM b1=360: s=4 t=3 j=3 je=3 Q=46656000 table=165469149 yh=81425437
stage b2=550 vs b1={361}: values [421419825975720214843750000000000000, 638411683925748518131605316913942641), 14252945087618733 candidates (MITM path)
  MITM b1=361: s=4 t=3 j=3 je=3 Q=47045881 table=166375000 yh=85667589
stage b2=551 vs b1={362}: values [431490049578408029900978423638102151, 663620796515309615092533840427761664), 15054678205756831 candidates (MITM path)
  MITM b1=362: s=4 t=3 j=3 je=3 Q=47437928 table=167284151 yh=89994648
stage b2=552 vs b1={363}: values [441781993399818022724510341599854592, 689751653889366534925949446541436489), 15879067809107651 candidates (MITM path)
  MITM b1=363: s=4 t=3 j=3 je=3 Q=47832147 table=168196608 yh=94407777
stage b2=553 vs b1={364}: values [452300124157745355934980751882862473, 716835279219612889692402474199023616), 16726592481049586 candidates (MITM path)
  MITM b1=364: s=4 t=3 j=3 je=3 Q=48228544 table=169112377 yh=98908151
stage b2=554 vs b1={365}: values [463048990225606285487392794579083264, 744903650144937675010347955322265625), 17597738762450644 candidates (MITM path)
  MITM b1=365: s=4 t=3 j=3 je=3 Q=48627125 table=170031464 yh=103496955
stage b2=555 vs b1={366}: values [474033222973456292803297401123046875, 773989725393037725664245462095118336), 18493001253347713 candidates (MITM path)
  MITM b1=366: s=4 t=3 j=3 je=3 Q=49027896 table=170953875 yh=108175386
stage b2=556 vs b1={367}: values [485257538128548939096586766742716416, 804127472068445204802288858779989729), 19412882715544080 candidates (MITM path)
  MITM b1=367: s=4 t=3 j=3 je=3 Q=49430863 table=171879616 yh=112944648
stage b2=557 vs b1={368}: values [496726737155684136275087566416582557, 835351893621757825180080478275764224), 20357894176129895 candidates (MITM path)
  MITM b1=368: s=4 t=3 j=3 je=3 Q=49836032 table=172808693 yh=117805962
stage b2=558 vs b1={369}: values [508445708657597236854185159560716288, 867699058515145830106783895701970721), 21328555031930316 candidates (MITM path)
  MITM b1=369: s=4 t=3 j=3 je=3 Q=50243409 table=173741112 yh=122760554
stage b2=559 vs b1={370}: values [520419429795643077901856425190522479, 901206129599500829968900000000000000), 22325393154886015 candidates (MITM path)
  MITM b1=370: s=4 t=3 j=3 je=3 Q=50653000 table=174676879 yh=127809664
stage b2=560 vs b1={371}: values [532652967731031871324160000000000000, 935911394218887462627310370080165081), 23348944998370802 candidates (MITM path)
  MITM b1=371: s=4 t=3 j=3 je=3 Q=51064811 table=175616000 yh=132954543
stage b2=561 vs b1={372}: values [545151481086876614974812989924244081, 971854295058259588504417458500665344), 24399755704451051 candidates (MITM path)
  MITM b1=372: s=4 t=3 j=3 je=3 Q=51478848 table=176558481 yh=138196453
stage b2=562 vs b1={373}: values [557920221431314506311321357441769472, 1009075461750708410420050723039024009), 25478379212091685 candidates (MITM path)
  MITM b1=373: s=4 t=3 j=3 je=3 Q=51895117 table=177504328 yh=143536665
stage b2=563 vs b1={374}: values [570964534781967672803543519620846403, 1047616743260820591544343170758885376), 26585378366313418 candidates (MITM path)
  MITM b1=374: s=4 t=3 j=3 je=3 Q=52313624 table=178453547 yh=148976464
stage b2=564 vs b1={375}: values [584289863132011391209840769230700544, 1087521241061040200293064117431640625), 27721325028306012 candidates (MITM path)
  MITM b1=375: s=4 t=3 j=3 je=3 Q=52734375 table=179406144 yh=154517145
stage b2=565 vs b1={376}: values [597901745998120851353366153564453125, 1128833343118249207414947823407333376), 28886800186502258 candidates (MITM path)
  MITM b1=376: s=4 t=3 j=3 je=3 Q=53157376 table=180362125 yh=160160013
stage b2=566 vs b1={377}: values [611805821990570429339805757456080896, 1171598758708107367475386427203165009), 30082394068617431 candidates (MITM path)
  MITM b1=377: s=4 t=3 j=3 je=3 Q=53582633 table=181321496 yh=165906386
stage b2=567 vs b1={378}: values [626007830405762370442234920236832087, 1215864554075023704741469602061369344), 31308706254658960 candidates (MITM path)
  MITM b1=378: s=4 t=3 j=3 je=3 Q=54010152 table=182284263 yh=171757594
stage b2=568 vs b1={379}: values [640513612841464743323893889989869568, 1261679188955968563191835468129487081), 32566345790911046 candidates (MITM path)
  MITM b1=379: s=4 t=3 j=3 je=3 Q=54439939 table=183250432 yh=177714975
stage b2=569 vs b1={380}: values [655329114835041515061818544164613209, 1309092553986677343846400000000000000), 33855931304898981 candidates (MITM path)
  MITM b1=380: s=4 t=3 j=3 je=3 Q=54872000 table=184220009 yh=183779881
stage b2=570 vs b1={381}: values [670460387524960610760570000000000000, 1358156009009144712440307376223513721), 35178091121337910 candidates (MITM path)
  MITM b1=381: s=4 t=3 j=3 je=3 Q=55306341 table=185193000 yh=189953677
stage b2=571 vs b1={382}: values [685913589335868862593975790997597611, 1408922422299661290033405230674100224), 36533463379070798 candidates (MITM path)
  MITM b1=382: s=4 t=3 j=3 je=3 Q=55742968 table=186169411 yh=196237735
stage b2=572 vs b1={383}: values [701694987687525821073007584217137152, 1461446210737003712612867623638313729), 37922696149000335 candidates (MITM path)
  MITM b1=383: s=4 t=3 j=3 je=3 Q=56181887 table=187149248 yh=202633442
stage b2=573 vs b1={384}: values [717810960727891496399861673112327533, 1515783380930753538061821258378510336), 39346447553019568 candidates (MITM path)
  MITM b1=384: s=4 t=3 j=3 je=3 Q=56623104 table=188132517 yh=209142195
stage b2=574 vs b1={385}: values [734267999090666220123170482943156224, 1571991571330090865774680230712890625), 40805385883945978 candidates (MITM path)
  MITM b1=385: s=4 t=3 j=3 je=3 Q=57066625 table=189119224 yh=215765405
stage b2=575 vs b1={386}: values [751072707677583967149257659912109375, 1630130095333784792244505633968111616), 42300189726463809 candidates (MITM path)
  MITM b1=386: s=4 t=3 j=3 je=3 Q=57512456 table=190109375 yh=222504492
stage b2=576 vs b1={387}: values [768231807465763655682670928358014976, 1690259985422485032479991371240442489), 43831548079079371 candidates (MITM path)
  MITM b1=387: s=4 t=3 j=3 je=3 Q=57960603 table=191102976 yh=229360887
stage b2=577 vs b1={388}: values [785752137340426148060117653375876417, 1752444038334807270293678521701105664), 45400160477094124 candidates (MITM path)
  MITM b1=388: s=4 t=3 j=3 je=3 Q=58411072 table=192100033 yh=236336037
stage b2=578 vs b1={389}: values [803640655953287908900640275234562048, 1816746861309099139322282878629329641), 47006737116600276 candidates (MITM path)
  MITM b1=389: s=4 t=3 j=3 je=3 Q=58863869 table=193100552 yh=243431397
stage b2=579 vs b1={390}: values [821904443606945538717678866487000339, 1883234919413174260904100000000000000), 48651998979503701 candidates (MITM path)
  MITM b1=390: s=4 t=3 j=3 je=3 Q=59319000 table=194104539 yh=250648436
stage b2=580 vs b1={391}: values [840550704165568691322880000000000000, 1951976583984708555289257373653172561), 50336677959578929 candidates (MITM path)
  MITM b1=391: s=4 t=3 j=3 je=3 Q=59776471 table=195112000 yh=257988632
stage b2=581 vs b1={392}: values [859586766992222202195460101840278741, 2023042182205406180576948745932898304), 52061516989560998 candidates (MITM path)
  MITM b1=392: s=4 t=3 j=3 je=3 Q=60236288 table=196122941 yh=265453479
stage b2=582 vs b1={393}: values [879020088913141602693987477647941632, 2096504047832462021585980850883353649), 53827270169278941 candidates (MITM path)
  MITM b1=393: s=4 t=3 j=3 je=3 Q=60698457 table=197137368 yh=273044481
stage b2=583 vs b1={394}: values [898858256209289571750018603448589863, 2172436573111273731749254298313834496), 55634702894835702 candidates (MITM path)
  MITM b1=394: s=4 t=3 j=3 je=3 Q=61162984 table=198155287 yh=280763152
stage b2=584 vs b1={395}: values [919108986635524282706561397690466304, 2250916261893789009116047857666015625), 57484591988839252 candidates (MITM path)
  MITM b1=395: s=4 t=3 j=3 je=3 Q=61629875 table=199176704 yh=288611022
stage b2=585 vs b1={396}: values [939780131467714038451336959228515625, 2332021783987313147550261420339757056), 59377725831689708 candidates (MITM path)
  MITM b1=396: s=4 t=3 j=3 je=3 Q=62099136 table=200201625 yh=296589630
stage b2=586 vs b1={397}: values [960879677578136053148816778964934656, 2415834030759048032002067126745534169), 61314904493927229 candidates (MITM path)
  MITM b1=397: s=4 t=3 j=3 je=3 Q=62570773 table=201230056 yh=304700529
stage b2=587 vs b1={398}: values [982415749539500733900622636113799547, 2502436172022086728957275203783901184), 63296939869645503 candidates (MITM path)
  MITM b1=398: s=4 t=3 j=3 je=3 Q=63044792 table=202262003 yh=312945284

*** MATCH: 1524666513657463657613338791557656908 is an 14-digit palindrome in bases 398 and 587
stage b2=588 vs b1={399}: values [1004396611757946340766745635195977728, 2591913714229047747371013122318554401), 65324655810975597 candidates (MITM path)
  MITM b1=399: s=4 t=3 j=3 je=3 Q=63521199 table=203297472 yh=321325471
stage b2=589 vs b1={400}: values [1026830670635352458966883555245399869, 2684354560000000000000000000000000000), 67398888263644984 candidates (MITM path)
  MITM b1=400: s=4 t=3 j=3 je=3 Q=64000000 table=204336469 yh=329842679
stage b2=590 vs b1={401}: values [1049726476761324302959790000000000000, 2779849069011803569389614128910565601), 69520485403616544 candidates (MITM path)
  MITM b1=401: s=4 t=3 j=3 je=3 Q=64481201 table=205379000 yh=338498510
stage b2=591 vs b1={402}: values [1073092727135203488677720234874003471, 2878490120276472667082662144291651584), 71690307774812334 candidates (MITM path)
  MITM b1=402: s=4 t=3 j=3 je=3 Q=64964808 table=206425071 yh=347294578
stage b2=592 vs b1={403}: values [1096938267418464557682763546243366912, 2980373175836655760043416457625951769), 73909228427926943 candidates (MITM path)
  MITM b1=403: s=4 t=3 j=3 je=3 Q=65450827 table=207474688 yh=356232508
stage b2=593 vs b1={404}: values [1121272094217860215623061584431717393, 3085596345906823816899741423927033856), 76178133060335224 candidates (MITM path)
  MITM b1=404: s=4 t=3 j=3 je=3 Q=65939264 table=208527857 yh=365313941

*** MATCH: 1191532918448743334173116151564576680 is an 14-digit palindrome in bases 404 and 593
stage b2=594 vs b1={405}: values [1146103357399681957311695889085046784, 3194260455489261091391061529541015625), 78497920157099229 candidates (MITM path)
  MITM b1=405: s=4 t=3 j=3 je=3 Q=66430125 table=209584584 yh=374540526
stage b2=595 vs b1={406}: values [1171441362435506492242537059326171875, 3306469112494463905297029171238813696), 80869501133079145 candidates (MITM path)
  MITM b1=406: s=4 t=3 j=3 je=3 Q=66923416 table=210644875 yh=383913927
done: 9063.80s, 8368676329 candidates tested
