A171740 search: n=14, threads=1, limit=none
stage b2=478 vs b1={308}: values [68008415412519529913542931040821248, 69136920457732008849516311508680704), 197928452310622 candidates (MITM path)
  MITM b1=308: s=4 t=3 j=3 je=3 Q=29218112 table=109215352 yh=1812277
stage b2=479 vs b1={309}: values [69881412447879065273246871214547039, 72346697637005265678995742402826761), 426106905722746 candidates (MITM path)
  MITM b1=309: s=4 t=3 j=3 je=3 Q=29503629 table=109902239 yh=3877145
stage b2=480 vs b1={310}: values [71801924687082112942080000000000000, 75694393522079632032100000000000000), 663035042893535 candidates (MITM path)
  MITM b1=310: s=4 t=3 j=3 je=3 Q=29791000 table=110592000 yh=5995326
stage b2=481 vs b1={311}: values [73771054747037996026381548447289441, 79185460443274071484794939191083441), 908940090692730 candidates (MITM path)
  MITM b1=311: s=4 t=3 j=3 je=3 Q=30080231 table=111284641 yh=8167705
stage b2=482 vs b1={312}: values [75789928456574649095616277380472832, 82825547669143336572232508337291264), 1164053815020130 candidates (MITM path)
  MITM b1=312: s=4 t=3 j=3 je=3 Q=30371328 table=111980168 yh=10395179
stage b2=483 vs b1={313}: values [77859695295301523793862079367040563, 86620507852136986313803229728551889), 1428612590110523 candidates (MITM path)
  MITM b1=313: s=4 t=3 j=3 je=3 Q=30664297 table=112678587 yh=12678652
stage b2=484 vs b1={314}: values [79981528839832616637508874879893504, 90576403663507494251037011559202816), 1702857468587777 candidates (MITM path)
  MITM b1=314: s=4 t=3 j=3 je=3 Q=30959144 table=113379904 yh=15019042
stage b2=485 vs b1={315}: values [82156627217477399937279024658203125, 94699514622390550869469537353515625), 1987034252272752 candidates (MITM path)
  MITM b1=315: s=4 t=3 j=3 je=3 Q=31255875 table=114084125 yh=17417273
stage b2=486 vs b1={316}: values [84386213567508786822951299218169856, 98996344124092362953499355314651136), 2281393563749669 candidates (MITM path)
  MITM b1=316: s=4 t=3 j=3 je=3 Q=31554496 table=114791256 yh=19874281
stage b2=487 vs b1={317}: values [86671536510118625452078408718034247, 103473626672732616363732850530926329), 2586190918695594 candidates (MITM path)
  MITM b1=317: s=4 t=3 j=3 je=3 Q=31855013 table=115501303 yh=22391011
stage b2=488 vs b1={318}: values [89013870623172595766475439292284928, 108138335323507832794908910278426624), 2901686798977687 candidates (MITM path)
  MITM b1=318: s=4 t=3 j=3 je=3 Q=32157432 table=116214272 yh=24968421
stage b2=489 vs b1={319}: values [91414516926877774739994358072042569, 112997689339958150582465303553121921), 3228146726522878 candidates (MITM path)
  MITM b1=319: s=4 t=3 j=3 je=3 Q=32461759 table=116930169 yh=27607476
stage b2=490 vs b1={320}: values [93874803376477543056490000000000000, 118059162071741130342400000000000000), 3565841337964627 candidates (MITM path)
  MITM b1=320: s=4 t=3 j=3 je=3 Q=32768000 table=117649000 yh=30309152
stage b2=491 vs b1={321}: values [96396085363089927687061485995798171, 123330489058539064373855829501034881), 3915046460071452 candidates (MITM path)
  MITM b1=321: s=4 t=3 j=3 je=3 Q=33076161 table=118370771 yh=33074436
stage b2=492 vs b1={322}: values [98979746222806911020492610298970112, 128819676365851491009049261438418944), 4276043185961876 candidates (MITM path)
  MITM b1=322: s=4 t=3 j=3 je=3 Q=33386248 table=119095488 yh=35904326
stage b2=493 vs b1={323}: values [101627197754173688160928089239296093, 134535009158552218608057415586748409), 4649117952110481 candidates (MITM path)
  MITM b1=323: s=4 t=3 j=3 je=3 Q=33698267 table=119823157 yh=38799829
stage b2=494 vs b1={324}: values [104339880744168319863565385432489984, 140485060518220186283313934500888576), 5034562616149757 candidates (MITM path)
  MITM b1=324: s=4 t=3 j=3 je=3 Q=34012224 table=120553784 yh=41761963
stage b2=495 vs b1={325}: values [107119265502803709454615843505859375, 146678700510385967791080474853515625), 5432674535472402 candidates (MITM path)
  MITM b1=325: s=4 t=3 j=3 je=3 Q=34328125 table=121287375 yh=44791757
stage b2=496 vs b1={326}: values [109966852406475328098844912056795136, 153125105507970699913650504140210176), 5843756646638794 candidates (MITM path)
  MITM b1=326: s=4 t=3 j=3 je=3 Q=34645976 table=122023936 yh=47890249
stage b2=497 vs b1={327}: values [112884172450179624060242238336272177, 159833767777331726128449290957670609), 6268117545594307 candidates (MITM path)
  MITM b1=327: s=4 t=3 j=3 je=3 Q=34965783 table=122763473 yh=51058490
stage b2=498 vs b1={328}: values [115872787808729578273156568090615808, 166814505333469329957730743425695744), 6706071568701166 candidates (MITM path)
  MITM b1=328: s=4 t=3 j=3 je=3 Q=35287552 table=123505992 yh=54297541
stage b2=499 vs b1={329}: values [118934292407095410727674098230506499, 174077472071091630146366848886447281), 7157938874589551 candidates (MITM path)
  MITM b1=329: s=4 t=3 j=3 je=3 Q=35611289 table=124251499 yh=57608471
stage b2=500 vs b1={330}: values [122070312500000000000000000000000000, 181633168178380062252900000000000000), 7624045526832648 candidates (MITM path)
  MITM b1=330: s=4 t=3 j=3 je=3 Q=35937000 table=125000000 yh=60992365
stage b2=501 vs b1={331}: values [125282507260900151852763473269506501, 189492450840445919389300039685792521), 8104723577450351 candidates (MITM path)
  MITM b1=331: s=4 t=3 j=3 je=3 Q=36264691 table=125751501 yh=64450313
stage b2=502 vs b1={332}: values [128572569380486442318916647962632192, 197666545239619210242183006282317824), 8600311151246324 candidates (MITM path)
  MITM b1=332: s=4 t=3 j=3 je=3 Q=36594368 table=126506008 yh=67983421
stage b2=503 vs b1={333}: values [131942225674835966194417272072460823, 206167055859864657197443888722807129), 9111152530983151 candidates (MITM path)
  MITM b1=333: s=4 t=3 j=3 je=3 Q=36926037 table=127263527 yh=71592803
stage b2=504 vs b1={334}: values [135393237703353943528128490047012864, 215005978102776043931247317256257536), 9637598243400272 candidates (MITM path)
  MITM b1=334: s=4 t=3 j=3 je=3 Q=37259704 table=128024064 yh=75279584
stage b2=505 vs b1={335}: values [138927402396641774642067017822265625, 224195710222759373302821832275390625), 10180005146079439 candidates (MITM path)
  MITM b1=335: s=4 t=3 j=3 je=3 Q=37595375 table=128787625 yh=79044902
stage b2=506 vs b1={336}: values [142546552694430788571794496737878016, 233749065589177456392773613876412416), 10738736515162418 candidates (MITM path)
  MITM b1=336: s=4 t=3 j=3 je=3 Q=37933056 table=129554216 yh=82889904
stage b2=507 vs b1={337}: values [146252558193722600716669650994316907, 243679285283393666208253061306357089), 11314162133925652 candidates (MITM path)
  MITM b1=337: s=4 t=3 j=3 je=3 Q=38272753 table=130323843 yh=86815750
stage b2=508 vs b1={338}: values [150047325807278683064941158898597888, 254000051038820699590976063168856064), 11906658382216633 candidates (MITM path)
  MITM b1=338: s=4 t=3 j=3 je=3 Q=38614472 table=131096512 yh=90823610
stage b2=509 vs b1={339}: values [153932800432603454742132269478454829, 264725498532251343422483410510418841), 12516608326756705 candidates (MITM path)
  MITM b1=339: s=4 t=3 j=3 je=3 Q=38958219 table=131872229 yh=94914665

*** MATCH: 216017069862056022909256092796688340 is an 14-digit palindrome in bases 339 and 509
stage b2=510 vs b1={340}: values [157910965631566921956510000000000000, 275870231034922482073600000000000000), 13144401812315044 candidates (MITM path)
  MITM b1=340: s=4 t=3 j=3 je=3 Q=39304000 table=132651000 yh=99090108
stage b2=511 vs b1={341}: values [161983844320814634817101682325330431, 287449333431940958491026723053340361), 13790435553758553 candidates (MITM path)
  MITM b1=341: s=4 t=3 j=3 je=3 Q=39651821 table=133432831 yh=103351143
stage b2=512 vs b1={342}: values [166153499473114484112975882535043072, 299478386618880458206192837825019904), 14455113228982418 candidates (MITM path)
  MITM b1=342: s=4 t=3 j=3 je=3 Q=40001688 table=134217728 yh=107698987
stage b2=513 vs b1={343}: values [170422034829791634103401401374218753, 311973482284542371301330321821976049), 15138845572726071 candidates (MITM path)
  MITM b1=343: s=4 t=3 j=3 je=3 Q=40353607 table=135005697 yh=112134865
stage b2=514 vs b1={344}: values [174791595624404677813900345660678144, 324951238089060649950183741190045696), 15842050471279319 candidates (MITM path)
  MITM b1=344: s=4 t=3 j=3 je=3 Q=40707584 table=135796744 yh=116660018
stage b2=515 vs b1={345}: values [179264369317817909400790555419921875, 338428813246721067109392828369140625), 16565153058083374 candidates (MITM path)
  MITM b1=345: s=4 t=3 j=3 je=3 Q=41063625 table=136590875 yh=121275694
stage b2=516 vs b1={346}: values [183842586344826433975051806358634496, 352423924523059044388546203674361856), 17308585810231572 candidates (MITM path)
  MITM b1=346: s=4 t=3 j=3 je=3 Q=41421736 table=137388096 yh=125983156
stage b2=517 vs b1={347}: values [188528520872492679004546608119852437, 366954862655997403768050803331897769), 18072788645874512 candidates (MITM path)
  MITM b1=347: s=4 t=3 j=3 je=3 Q=41781923 table=138188413 yh=130783677
stage b2=518 vs b1={348}: values [193324491570354733181895297159815168, 382040509210986058943919609908035584), 18858209022534391 candidates (MITM path)
  MITM b1=348: s=4 t=3 j=3 je=3 Q=42144192 table=138991832 yh=135678542
stage b2=519 vs b1={349}: values [198232862392668818594582670912803559, 397700353880309848525885235660892601), 19665302036333309 candidates (MITM path)
  MITM b1=349: s=4 t=3 j=3 je=3 Q=42508549 table=139798359 yh=140669048
stage b2=520 vs b1={350}: values [203256043372850100305920000000000000, 413954512236938476562500000000000000), 20494530522140299 candidates (MITM path)
  MITM b1=350: s=4 t=3 j=3 je=3 Q=42875000 table=140608000 yh=145756505
stage b2=521 vs b1={351}: values [208396491430277954192889648311785961, 430823743953503917975940025623902401), 21346365154641862 candidates (MITM path)
  MITM b1=351: s=4 t=3 j=3 je=3 Q=43243551 table=141420761 yh=150942231
stage b2=522 vs b1={352}: values [213656711189633749233078088598986752, 448329471497205720126420014212317184), 22221284550340782 candidates (MITM path)
  MITM b1=352: s=4 t=3 j=3 je=3 Q=43614208 table=142236648 yh=156227561
done: 913.68s, 1657131893 candidates tested
