A171740 search: n=14, threads=1, limit=none
stage b2=156 vs b1={109}: values [32405578483833249047003529216, 33417270272362569384925825561), 449962205220 candidates (MITM path)
  MITM b1=109: s=4 t=3 j=3 je=3 Q=1295029 table=3796416 yh=118523
stage b2=157 vs b1={110}: values [35212388217613072195274017357, 37974983358324100000000000000), 1174950787570 candidates (MITM path)
  MITM b1=110: s=4 t=3 j=3 je=3 Q=1331000 table=3869893 yh=303614
stage b2=158 vs b1={111}: values [38242135011346498495560409088, 43104409804843948852155196641), 1978061958718 candidates (MITM path)
  MITM b1=111: s=4 t=3 j=3 je=3 Q=1367631 table=3944312 yh=501498
stage b2=159 vs b1={112}: values [41510944610598709891422261279, 48871122850509266606740209664), 2864893363903 candidates (MITM path)
  MITM b1=112: s=4 t=3 j=3 je=3 Q=1404928 table=4019679 yh=712717
stage b2=160 vs b1={113}: values [45035996273704960000000000000, 55347525466347647961440563489), 3841343966366 candidates (MITM path)
  MITM b1=113: s=4 t=3 j=3 je=3 Q=1442897 table=4096000 yh=937829
stage b2=161 vs b1={114}: values [48835584317168806944303054881, 62613491038491041486196719616), 4913626122466 candidates (MITM path)
  MITM b1=114: s=4 t=3 j=3 je=3 Q=1481544 table=4173281 yh=1177402
stage b2=162 vs b1={115}: values [52929182836544907664852918272, 70757057644889830377197265625), 6088277988027 candidates (MITM path)
  MITM b1=115: s=4 t=3 j=3 je=3 Q=1520875 table=4251528 yh=1432022
stage b2=163 vs b1={116}: values [57337513745255995642033865203, 79875179874882329144077582336), 7372176260815 candidates (MITM path)
  MITM b1=116: s=4 t=3 j=3 je=3 Q=1560896 table=4330747 yh=1702288
stage b2=164 vs b1={117}: values [62082618279236334808249401344, 90074542392707106815022222729), 8772549264043 candidates (MITM path)
  MITM b1=117: s=4 t=3 j=3 je=3 Q=1601613 table=4410944 yh=1988815
stage b2=165 vs b1={118}: values [67187932120908818009033203125, 101472439712019470540189876224), 10296990375811 candidates (MITM path)
  MITM b1=118: s=4 t=3 j=3 je=3 Q=1643032 table=4492125 yh=2292232
stage b2=166 vs b1={119}: values [72678364301794290286947229696, 114197726928752863294965276721), 11953471809407 candidates (MITM path)
  MITM b1=119: s=4 t=3 j=3 je=3 Q=1685159 table=4574296 yh=2613183
stage b2=167 vs b1={120}: values [78580380049024038323955354887, 128391846454886400000000000000), 13750358749356 candidates (MITM path)
  MITM b1=120: s=4 t=3 j=3 je=3 Q=1728000 table=4657463 yh=2952329
stage b2=168 vs b1={121}: values [84922087747184192618514874368, 144209936106499234037676064081), 15696423848179 candidates (MITM path)
  MITM b1=121: s=4 t=3 j=3 je=3 Q=1771561 table=4741632 yh=3310343
stage b2=169 vs b1={122}: values [91733330193268616658399616009, 161822024226591835670322233344), 17800862088748 candidates (MITM path)
  MITM b1=122: s=4 t=3 j=3 je=3 Q=1815848 table=4826809 yh=3687916
stage b2=170 vs b1={123}: values [99045780329059370000000000000, 181414317867238075368413196009), 20073306017193 candidates (MITM path)
  MITM b1=123: s=4 t=3 j=3 je=3 Q=1860867 table=4913000 yh=4085754
stage b2=171 vs b1={124}: values [106893041641995777582962424411, 203190590417428920928489701376), 22523841351289 candidates (MITM path)
  MITM b1=124: s=4 t=3 j=3 je=3 Q=1906624 table=5000211 yh=4504579
stage b2=172 vs b1={125}: values [115310753432539349915325693952, 227373675443232059478759765625), 25163022969247 candidates (MITM path)
  MITM b1=125: s=4 t=3 j=3 je=3 Q=1953125 table=5088448 yh=4945128
stage b2=173 vs b1={126}: values [124336701153197199434858978333, 254207073906400753327372517376), 28001891283872 candidates (MITM path)
  MITM b1=126: s=4 t=3 j=3 je=3 Q=2000376 table=5177717 yh=5408155
stage b2=174 vs b1={127}: values [134010932031736197265596801024, 283956682347124706942551243009), 31051989007015 candidates (MITM path)
  MITM b1=127: s=4 t=3 j=3 je=3 Q=2048383 table=5268024 yh=5894429
stage b2=175 vs b1={128}: values [144375876198709011077880859375, 316912650057057350374175801344), 34325378309271 candidates (MITM path)
  MITM b1=128: s=4 t=3 j=3 je=3 Q=2097152 table=5359375 yh=6404736
stage b2=176 vs b1={129}: values [155476473547226548672214859776, 353391373730936795216525838081), 37834658379887 candidates (MITM path)
  MITM b1=129: s=4 t=3 j=3 je=3 Q=2146689 table=5451776 yh=6939878
stage b2=177 vs b1={130}: values [167360306560954484666776127217, 393737638569928900000000000000), 41592983391808 candidates (MITM path)
  MITM b1=130: s=4 t=3 j=3 je=3 Q=2197000 table=5545233 yh=7500674
stage b2=178 vs b1={131}: values [180077739354589843349613518848, 438326915318176225182722457721), 45614080876846 candidates (MITM path)
  MITM b1=131: s=4 t=3 j=3 je=3 Q=2248091 table=5639752 yh=8087959
stage b2=179 vs b1={132}: values [193682063179592517160024627139, 487567823246881413521655988224), 49912270515915 candidates (MITM path)
  MITM b1=132: s=4 t=3 j=3 je=3 Q=2299968 table=5735339 yh=8702585

*** MATCH: 400519637508917892093583422240 is an 14-digit palindrome in bases 132 and 179
stage b2=180 vs b1={133}: values [208229648656711680000000000000, 541904769658563069794308330729), 54502483349296 candidates (MITM path)
  MITM b1=133: s=4 t=3 j=3 je=3 Q=2352637 table=5832000 yh=9345419
stage b2=181 vs b1={134}: values [223780105005863966156354481541, 601820777068902739508172046336), 59400281411910 candidates (MITM path)
  MITM b1=134: s=4 t=3 j=3 je=3 Q=2406104 table=5929741 yh=10017349
stage b2=182 vs b1={135}: values [240396446553194784543350546432, 667840509835890864312744140625), 64621877798547 candidates (MITM path)
  MITM b1=135: s=4 t=3 j=3 je=3 Q=2460375 table=6028568 yh=10719275
stage b2=183 vs b1={136}: values [258145266804692077858261512663, 740533512646847684000786415616), 70184157164045 candidates (MITM path)
  MITM b1=136: s=4 t=3 j=3 je=3 Q=2515456 table=6128487 yh=11452119
stage b2=184 vs b1={137}: values [277096920385529169888730415104, 820517673944445067756173565489), 76104696663363 candidates (MITM path)
  MITM b1=137: s=4 t=3 j=3 je=3 Q=2571353 table=6229504 yh=12216815
stage b2=185 vs b1={138}: values [297325713154396124752197265625, 908462928074224101543164657664), 82401787336559 candidates (MITM path)
  MITM b1=138: s=4 t=3 j=3 je=3 Q=2628072 table=6331625 yh=13014319
stage b2=186 vs b1={139}: values [318910100812443423857138835456, 1005095210669462420559310325641), 89094455943613 candidates (MITM path)
  MITM b1=139: s=4 t=3 j=3 je=3 Q=2685619 table=6434856 yh=13845603
stage b2=187 vs b1={140}: values [341932896337114006995328418347, 1111200682555801600000000000000), 96202487254104 candidates (MITM path)
  MITM b1=140: s=4 t=3 j=3 je=3 Q=2744000 table=6539203 yh=14711654

*** MATCH: 383103732818738538317776782828 is an 14-digit palindrome in bases 140 and 187
stage b2=188 vs b1={141}: values [366481486582086184047925526528, 1227630238259041401156597561561), 103746446796706 candidates (MITM path)
  MITM b1=141: s=4 t=3 j=3 je=3 Q=2803221 table=6644672 yh=15613480
done: 35.50s, 108798947 candidates tested
