A171740 search: n=14, threads=1, limit=none
stage b2=252 vs b1={170}: values [16527494836835198184585997320192, 16837782655940092900000000000000), 4807961058053 candidates (MITM path)
  MITM b1=170: s=4 t=3 j=3 je=3 Q=4913000 table=16003008 yh=300442
stage b2=253 vs b1={171}: values [17400702233206883370580382902573, 18278710120781277966686574574281), 13232892034932 candidates (MITM path)
  MITM b1=171: s=4 t=3 j=3 je=3 Q=5000211 table=16194277 yh=817134
stage b2=254 vs b1={172}: values [18316323951083823616325825060864, 19833449590396768185436019359744), 22242598967518 candidates (MITM path)
  MITM b1=172: s=4 t=3 j=3 je=3 Q=5088448 table=16387064 yh=1357327
stage b2=255 vs b1={173}: values [19276240921822134027894287109375, 21510249299503115502230603251609), 31864237789986 candidates (MITM path)
  MITM b1=173: s=4 t=3 j=3 je=3 Q=5177717 table=16581375 yh=1921689
stage b2=256 vs b1={174}: values [20282409603651670423947251286016, 23317902173522098324213843378176), 42125921776860 candidates (MITM path)
  MITM b1=174: s=4 t=3 j=3 je=3 Q=5268024 table=16777216 yh=2510901
stage b2=257 vs b1={175}: values [21336864700244711647204632038657, 25265778334774076938629150390625), 53056746975811 candidates (MITM path)
  MITM b1=175: s=4 t=3 j=3 je=3 Q=5359375 table=16974593 yh=3125657
stage b2=258 vs b1={176}: values [22441721965921195553595191205888, 27363859344311872566309815320576), 64686818110167 candidates (MITM path)
  MITM b1=176: s=4 t=3 j=3 je=3 Q=5451776 table=17173512 yh=3766663
stage b2=259 vs b1={177}: values [23599181099896818015368078266579, 29622774261288943786019374517409), 77047274955915 candidates (MITM path)
  MITM b1=177: s=4 t=3 j=3 je=3 Q=5545233 table=17373979 yh=4434637
stage b2=260 vs b1={178}: values [24811528732037365760000000000000, 32053837605116992116231206354944), 90170319198038 candidates (MITM path)
  MITM b1=178: s=4 t=3 j=3 je=3 Q=5639752 table=17576000 yh=5130310
stage b2=261 vs b1={179}: values [26081141502640838529428477612181, 34669089309147060571644408257881), 104089241770975 candidates (MITM path)
  MITM b1=179: s=4 t=3 j=3 je=3 Q=5735339 table=17779581 yh=5854427
stage b2=262 vs b1={180}: values [27410489238828241501502766211072, 37481336758208102400000000000000), 118838450688042 candidates (MITM path)
  MITM b1=180: s=4 t=3 j=3 je=3 Q=5832000 table=17984728 yh=6607743
stage b2=263 vs b1={181}: values [28802138230184412991542435030503, 40504199006061377874300161158921), 134453499364631 candidates (MITM path)
  MITM b1=181: s=4 t=3 j=3 je=3 Q=5929741 table=18191447 yh=7391029
stage b2=264 vs b1={182}: values [30258754606351913178556104966144, 43752153272681450786889799450624), 150971115440017 candidates (MITM path)
  MITM b1=182: s=4 t=3 j=3 je=3 Q=6028568 table=18399744 yh=8205067
stage b2=265 vs b1={183}: values [31783107819343855219693603515625, 47240583825258650248061856817329), 168429230102614 candidates (MITM path)
  MITM b1=183: s=4 t=3 j=3 je=3 Q=6128487 table=18609625 yh=9050652
stage b2=266 vs b1={184}: values [33378074233405629080864465002496, 50985833350937367259526396379136), 186867007923515 candidates (MITM path)
  MITM b1=184: s=4 t=3 j=3 je=3 Q=6229504 table=18821096 yh=9928594
stage b2=267 vs b1={185}: values [35046640825320769387046615504187, 55005256933563283079156494140625), 206324877203155 candidates (MITM path)
  MITM b1=185: s=4 t=3 j=3 je=3 Q=6331625 table=19034163 yh=10839714
stage b2=268 vs b1={186}: values [36791908998122770463066756743168, 59317278751114476837427823394816), 226844560835956 candidates (MITM path)
  MITM b1=186: s=4 t=3 j=3 je=3 Q=6434856 table=19248832 yh=11784849
stage b2=269 vs b1={187}: values [38617098511242473591174807405309, 63941451615040319308126414230889), 248469107697791 candidates (MITM path)
  MITM b1=187: s=4 t=3 j=3 je=3 Q=6539203 table=19465109 yh=12764846
stage b2=270 vs b1={188}: values [40525551530189762670000000000000, 68898519477432202601009998987264), 271242924561144 candidates (MITM path)
  MITM b1=188: s=4 t=3 j=3 je=3 Q=6644672 table=19683000 yh=13780569
stage b2=271 vs b1={189}: values [42520736798938724454382073077711, 74210483036805646041349463016441), 295211808542797 candidates (MITM path)
  MITM b1=189: s=4 t=3 j=3 je=3 Q=6751269 table=19902511 yh=14832893
stage b2=272 vs b1={190}: values [44606253938257178142165017034752, 79900668578288412100000000000000), 320422980088939 candidates (MITM path)
  MITM b1=190: s=4 t=3 j=3 je=3 Q=6859000 table=20123648 yh=15922709
stage b2=273 vs b1={191}: values [46785837873294576230164584135633, 85993800189188311159265455973761), 346925116502543 candidates (MITM path)
  MITM b1=191: s=4 t=3 j=3 je=3 Q=6967871 table=20346417 yh=17050920
stage b2=274 vs b1={192}: values [49063363393816744489478641229824, 92516075496261812625843582664704), 374768386017887 candidates (MITM path)
  MITM b1=192: s=4 t=3 j=3 je=3 Q=7077888 table=20570824 yh=18218444
stage b2=275 vs b1={193}: values [51442849850551784038543701171875, 99495245076524950698517189573249), 404004482427103 candidates (MITM path)
  MITM b1=193: s=4 t=3 j=3 je=3 Q=7189057 table=20796875 yh=19426212

*** MATCH: 79569135227313054995272464689376 is an 14-digit palindrome in bases 193 and 275
stage b2=276 vs b1={194}: values [53928465991188723477113078808576, 106960695699145951556010651959296), 434686660263621 candidates (MITM path)
  MITM b1=194: s=4 t=3 j=3 je=3 Q=7301384 table=21024576 yh=20675169
stage b2=277 vs b1={195}: values [56524534939649204771410253244517, 114943537561839249322760009765625), 466869770547395 candidates (MITM path)
  MITM b1=195: s=4 t=3 j=3 je=3 Q=7414875 table=21253933 yh=21966277
stage b2=278 vs b1={196}: values [59235539322332634167063814299648, 123476695691247935826229781856256), 500610297096796 candidates (MITM path)
  MITM b1=196: s=4 t=3 j=3 je=3 Q=7529536 table=21484952 yh=23300509
stage b2=279 vs b1={197}: values [62066126545116850201926899360439, 132595005683061140853836321918569), 535966393412065 candidates (MITM path)
  MITM b1=197: s=4 t=3 j=3 je=3 Q=7645373 table=21717639 yh=24678852
stage b2=280 vs b1={198}: values [65021114224979476480000000000000, 142335313964069405978409510518784), 572997920135205 candidates (MITM path)
  MITM b1=198: s=4 t=3 j=3 je=3 Q=7762392 table=21952000 yh=26102311
stage b2=281 vs b1={199}: values [68105495780189759071206220390841, 152736582765019941952958691637201), 611766483091222 candidates (MITM path)
  MITM b1=199: s=4 t=3 j=3 je=3 Q=7880599 table=22188041 yh=27571902
stage b2=282 vs b1={200}: values [71324446183106859278545015775232, 163840000000000000000000000000000), 652335471915608 candidates (MITM path)
  MITM b1=200: s=4 t=3 j=3 je=3 Q=8000000 table=22425768 yh=29088657
stage b2=283 vs b1={201}: values [74683327879708304362769257501963, 175689094255155802434244515642801), 694770099272955 candidates (MITM path)
  MITM b1=201: s=4 t=3 j=3 je=3 Q=8120601 table=22665187 yh=30653624
stage b2=284 vs b1={202}: values [78187696880061614175280015867904, 188329855096852039605697108393984), 739137440671625 candidates (MITM path)
  MITM b1=202: s=4 t=3 j=3 je=3 Q=8242408 table=22906304 yh=32267862
done: 116.80s, 242254889 candidates tested
