A171740 search: n=14, threads=1, limit=none
stage b2=181 vs b1={125}: values [223780105005863966156354481541, 227373675443232059478759765625), 564645846407 candidates (MITM path)
  MITM b1=125: s=4 t=3 j=3 je=3 Q=1953125 table=5929741 yh=95223
stage b2=182 vs b1={126}: values [240396446553194784543350546432, 254207073906400753327372517376), 2087919215175 candidates (MITM path)
  MITM b1=126: s=4 t=3 j=3 je=3 Q=2000376 table=6028568 yh=346338
stage b2=183 vs b1={127}: values [258145266804692077858261512663, 283956682347124706942551243009), 3755382641827 candidates (MITM path)
  MITM b1=127: s=4 t=3 j=3 je=3 Q=2048383 table=6128487 yh=612775
stage b2=184 vs b1={128}: values [277096920385529169888730415104, 316912650057057350374175801344), 5576091839035 candidates (MITM path)
  MITM b1=128: s=4 t=3 j=3 je=3 Q=2097152 table=6229504 yh=895111
stage b2=185 vs b1={129}: values [297325713154396124752197265625, 353391373730936795216525838081), 7559530866269 candidates (MITM path)
  MITM b1=129: s=4 t=3 j=3 je=3 Q=2146689 table=6331625 yh=1193933
stage b2=186 vs b1={130}: values [318910100812443423857138835456, 393737638569928900000000000000), 9715627270742 candidates (MITM path)
  MITM b1=130: s=4 t=3 j=3 je=3 Q=2197000 table=6434856 yh=1509844
stage b2=187 vs b1={131}: values [341932896337114006995328418347, 438326915318176225182722457721), 12054767596575 candidates (MITM path)
  MITM b1=131: s=4 t=3 j=3 je=3 Q=2248091 table=6539203 yh=1843462
stage b2=188 vs b1={132}: values [366481486582086184047925526528, 487567823246881413521655988224), 14587813267034 candidates (MITM path)
  MITM b1=132: s=4 t=3 j=3 je=3 Q=2299968 table=6644672 yh=2195416
stage b2=189 vs b1={133}: values [392648058395797069001849010669, 541904769658563069794308330729), 17326116844715 candidates (MITM path)
  MITM b1=133: s=4 t=3 j=3 je=3 Q=2352637 table=6751269 yh=2566350
stage b2=190 vs b1={134}: values [420529834622570590000000000000, 601820777068902739508172046336), 20281538674570 candidates (MITM path)
  MITM b1=134: s=4 t=3 j=3 je=3 Q=2406104 table=6859000 yh=2956924
stage b2=191 vs b1={135}: values [450229320362242466802436942271, 667840509835890864312744140625), 23466463914641 candidates (MITM path)
  MITM b1=135: s=4 t=3 j=3 je=3 Q=2460375 table=6967871 yh=3367810
stage b2=192 vs b1={136}: values [481854559876363607426268659712, 740533512646847684000786415616), 26893819959411 candidates (MITM path)
  MITM b1=136: s=4 t=3 j=3 je=3 Q=2515456 table=7077888 yh=3799696
stage b2=193 vs b1={137}: values [515519404541580055432731552193, 820517673944445067756173565489), 30577094260655 candidates (MITM path)
  MITM b1=137: s=4 t=3 j=3 je=3 Q=2571353 table=7189057 yh=4253284

*** MATCH: 630047077691770045916567586894 is an 14-digit palindrome in bases 137 and 193
stage b2=194 vs b1={138}: values [551343792263638925546446659584, 908462928074224101543164657664), 34530352550691 candidates (MITM path)
  MITM b1=138: s=4 t=3 j=3 je=3 Q=2628072 table=7301384 yh=4729289
stage b2=195 vs b1={139}: values [589454038778662817039794921875, 1005095210669462420559310325641), 38768257472941 candidates (MITM path)
  MITM b1=139: s=4 t=3 j=3 je=3 Q=2685619 table=7414875 yh=5228444
stage b2=196 vs b1={140}: values [629983141281877223603213172736, 1111200682555801600000000000000), 43306087624705 candidates (MITM path)
  MITM b1=140: s=4 t=3 j=3 je=3 Q=2744000 table=7529536 yh=5751495
done: 9.44s, 24533655 candidates tested
