A171740 search: n=14, threads=1, limit=none
stage b2=512 vs b1={328}: values [166153499473114484112975882535043072, 166814505333469329957730743425695744), 71666398982238 candidates (MITM path)
  MITM b1=328: s=4 t=3 j=3 je=3 Q=35287552 table=134217728 yh=533957
stage b2=513 vs b1={329}: values [170422034829791634103401401374218753, 174077472071091630146366848886447281), 390946902288107 candidates (MITM path)
  MITM b1=329: s=4 t=3 j=3 je=3 Q=35611289 table=135005697 yh=2895781
stage b2=514 vs b1={330}: values [174791595624404677813900345660678144, 181633168178380062252900000000000000), 721795390053014 candidates (MITM path)
  MITM b1=330: s=4 t=3 j=3 je=3 Q=35937000 table=135796744 yh=5315263
stage b2=515 vs b1={331}: values [179264369317817909400790555419921875, 189492450840445919389300039685792521), 1064494881712210 candidates (MITM path)
  MITM b1=331: s=4 t=3 j=3 je=3 Q=36264691 table=136590875 yh=7793309
stage b2=516 vs b1={332}: values [183842586344826433975051806358634496, 197666545239619210242183006282317824), 1419333725508000 candidates (MITM path)
  MITM b1=332: s=4 t=3 j=3 je=3 Q=36594368 table=137388096 yh=10330835
stage b2=517 vs b1={333}: values [188528520872492679004546608119852437, 206167055859864657197443888722807129), 1786605675278757 candidates (MITM path)
  MITM b1=333: s=4 t=3 j=3 je=3 Q=36926037 table=138188413 yh=12928767
stage b2=518 vs b1={334}: values [193324491570354733181895297159815168, 215005978102776043931247317256257536), 2166609968032906 candidates (MITM path)
  MITM b1=334: s=4 t=3 j=3 je=3 Q=37259704 table=138991832 yh=15588039
stage b2=519 vs b1={335}: values [198232862392668818594582670912803559, 224195710222759373302821832275390625), 2559651402312473 candidates (MITM path)
  MITM b1=335: s=4 t=3 j=3 je=3 Q=37595375 table=139798359 yh=18309596
stage b2=520 vs b1={336}: values [203256043372850100305920000000000000, 233749065589177456392773613876412416), 2966040417350838 candidates (MITM path)
  MITM b1=336: s=4 t=3 j=3 je=3 Q=37933056 table=140608000 yh=21094394
stage b2=521 vs b1={337}: values [208396491430277954192889648311785961, 243679285283393666208253061306357089), 3386093173029308 candidates (MITM path)
  MITM b1=337: s=4 t=3 j=3 je=3 Q=38272753 table=141420761 yh=23943396
stage b2=522 vs b1={338}: values [213656711189633749233078088598986752, 254000051038820699590976063168856064), 3820131630637149 candidates (MITM path)
  MITM b1=338: s=4 t=3 j=3 je=3 Q=38614472 table=142236648 yh=26857577
stage b2=523 vs b1={339}: values [219039255812941154532109005895053883, 264725498532251343422483410510418841), 4268483634439707 candidates (MITM path)
  MITM b1=339: s=4 t=3 j=3 je=3 Q=38958219 table=143055667 yh=29837921
stage b2=524 vs b1={340}: values [224546727844480954380310660801101824, 275870231034922482073600000000000000), 4731482994059259 candidates (MITM path)
  MITM b1=340: s=4 t=3 j=3 je=3 Q=39304000 table=143877824 yh=32885423
stage b2=525 vs b1={341}: values [230181780068754346668720245361328125, 287449333431940958491026723053340361), 5209469567673239 candidates (MITM path)
  MITM b1=341: s=4 t=3 j=3 je=3 Q=39651821 table=144703125 yh=36001086
stage b2=526 vs b1={342}: values [235947116381670711226715627769880576, 299478386618880458206192837825019904), 5702789346034480 candidates (MITM path)
  MITM b1=342: s=4 t=3 j=3 je=3 Q=40001688 table=145531576 yh=39185925
stage b2=527 vs b1={343}: values [241845492675137865214191430461762767, 311973482284542371301330321821976049), 6211794537318132 candidates (MITM path)
  MITM b1=343: s=4 t=3 j=3 je=3 Q=40353607 table=146363183 yh=42440964

*** MATCH: 303760034366449076922604141161240672 is an 14-digit palindrome in bases 343 and 527
stage b2=528 vs b1={344}: values [247879717735234872758731611882651648, 324951238089060649950183741190045696), 6736843652799905 candidates (MITM path)
  MITM b1=344: s=4 t=3 j=3 je=3 Q=40707584 table=147197952 yh=45767238
stage b2=529 vs b1={345}: values [254052654154149545721997685422868689, 338428813246721067109392828369140625), 7278301593370305 candidates (MITM path)
  MITM b1=345: s=4 t=3 j=3 je=3 Q=41063625 table=148035889 yh=49165792
stage b2=530 vs b1={346}: values [260367219256064861959730000000000000, 352423924523059044388546203674361856), 7836539736889509 candidates (MITM path)
  MITM b1=346: s=4 t=3 j=3 je=3 Q=41421736 table=148877000 yh=52637680
stage b2=531 vs b1={347}: values [266826386037180636857388515472989091, 366954862655997403768050803331897769), 8411936026387569 candidates (MITM path)
  MITM b1=347: s=4 t=3 j=3 je=3 Q=41781923 table=149721291 yh=56183967
stage b2=532 vs b1={348}: values [273433184120058913430441697300447232, 382040509210986058943919609908035584), 9004875059114600 candidates (MITM path)
  MITM b1=348: s=4 t=3 j=3 je=3 Q=42144192 table=150568768 yh=59805730
stage b2=533 vs b1={349}: values [280190700722483686027416350032250213, 397700353880309848525885235660892601), 9615748176445624 candidates (MITM path)
  MITM b1=349: s=4 t=3 j=3 je=3 Q=42508549 table=151419437 yh=63504055
stage b2=534 vs b1={350}: values [287102081641027742818685874210299904, 413954512236938476562500000000000000), 10244953554644771 candidates (MITM path)
  MITM b1=350: s=4 t=3 j=3 je=3 Q=42875000 table=152273304 yh=67280038
stage b2=535 vs b1={351}: values [294170532249521602949110970458984375, 430823743953503917975940025623902401), 10892896296493489 candidates (MITM path)
  MITM b1=351: s=4 t=3 j=3 je=3 Q=43243551 table=153130375 yh=71134785
stage b2=536 vs b1={352}: values [301399318512621735633442871240032256, 448329471497205720126420014212317184), 11559988523787473 candidates (MITM path)
  MITM b1=352: s=4 t=3 j=3 je=3 Q=43614208 table=153990656 yh=75069416
done: 475.64s, 473125231 candidates tested
