A171740 search: n=14, threads=1, limit=none
stage b2=170 vs b1={118}: values [99045780329059370000000000000, 101472439712019470540189876224), 591379643849 candidates (MITM path)
  MITM b1=118: s=4 t=3 j=3 je=3 Q=1643032 table=4913000 yh=120371
stage b2=171 vs b1={119}: values [106893041641995777582962424411, 114197726928752863294965276721), 1708554107683 candidates (MITM path)
  MITM b1=119: s=4 t=3 j=3 je=3 Q=1685159 table=5000211 yh=341697
stage b2=172 vs b1={120}: values [115310753432539349915325693952, 128391846454886400000000000000), 2937277007223 candidates (MITM path)
  MITM b1=120: s=4 t=3 j=3 je=3 Q=1728000 table=5088448 yh=577245
stage b2=173 vs b1={121}: values [124336701153197199434858978333, 144209936106499234037676064081), 4284950853870 candidates (MITM path)
  MITM b1=121: s=4 t=3 j=3 je=3 Q=1771561 table=5177717 yh=827576
stage b2=174 vs b1={122}: values [134010932031736197265596801024, 161822024226591835670322233344), 5759347812735 candidates (MITM path)
  MITM b1=122: s=4 t=3 j=3 je=3 Q=1815848 table=5268024 yh=1093266
stage b2=175 vs b1={123}: values [144375876198709011077880859375, 181414317867238075368413196009), 7368623475607 candidates (MITM path)
  MITM b1=123: s=4 t=3 j=3 je=3 Q=1860867 table=5359375 yh=1374904
stage b2=176 vs b1={124}: values [155476473547226548672214859776, 203190590417428920928489701376), 9121330986229 candidates (MITM path)
  MITM b1=124: s=4 t=3 j=3 je=3 Q=1906624 table=5451776 yh=1673094
stage b2=177 vs b1={125}: values [167360306560954484666776127217, 227373675443232059478759765625), 11026435522741 candidates (MITM path)
  MITM b1=125: s=4 t=3 j=3 je=3 Q=1953125 table=5545233 yh=1988454
stage b2=178 vs b1={126}: values [180077739354589843349613518848, 254207073906400753327372517376), 13093329142200 candidates (MITM path)
  MITM b1=126: s=4 t=3 j=3 je=3 Q=2000376 table=5639752 yh=2321615
stage b2=179 vs b1={127}: values [193682063179592517160024627139, 283956682347124706942551243009), 15331845992060 candidates (MITM path)
  MITM b1=127: s=4 t=3 j=3 je=3 Q=2048383 table=5735339 yh=2673225
stage b2=180 vs b1={128}: values [208229648656711680000000000000, 316912650057057350374175801344), 17752277893506 candidates (MITM path)
  MITM b1=128: s=4 t=3 j=3 je=3 Q=2097152 table=5832000 yh=3043944
stage b2=181 vs b1={129}: values [223780105005863966156354481541, 353391373730936795216525838081), 20365390301550 candidates (MITM path)
  MITM b1=129: s=4 t=3 j=3 je=3 Q=2146689 table=5929741 yh=3434449
stage b2=182 vs b1={130}: values [240396446553194784543350546432, 393737638569928900000000000000), 23182438646798 candidates (MITM path)
  MITM b1=130: s=4 t=3 j=3 je=3 Q=2197000 table=6028568 yh=3845431
stage b2=183 vs b1={131}: values [258145266804692077858261512663, 438326915318176225182722457721), 26215185063786 candidates (MITM path)
  MITM b1=131: s=4 t=3 j=3 je=3 Q=2248091 table=6128487 yh=4277595
stage b2=184 vs b1={132}: values [277096920385529169888730415104, 487567823246881413521655988224), 29475915510818 candidates (MITM path)
  MITM b1=132: s=4 t=3 j=3 je=3 Q=2299968 table=6229504 yh=4731664

*** MATCH: 316973484797888508305356615345 is an 14-digit palindrome in bases 132 and 184
stage b2=185 vs b1={133}: values [297325713154396124752197265625, 541904769658563069794308330729), 32977457286211 candidates (MITM path)
  MITM b1=133: s=4 t=3 j=3 je=3 Q=2352637 table=6331625 yh=5208372
done: 11.79s, 28907749 candidates tested
