A171740 search: n=14, threads=1, limit=none
stage b2=211 vs b1={144}: values [1643129976812137607879885938531, 1648446623609512543951043690496), 285535836453 candidates (MITM path)
  MITM b1=144: s=4 t=3 j=3 je=3 Q=2985984 table=9393931 yh=30396
stage b2=212 vs b1={145}: values [1747294830711343799643429404672, 1816151322484127584722900390625), 3577617161920 candidates (MITM path)
  MITM b1=145: s=4 t=3 j=3 je=3 Q=3048625 table=9528128 yh=375480
stage b2=213 vs b1={146}: values [1857525757743574275028332482853, 1999585510027208108829825581056), 7141901052532 candidates (MITM path)
  MITM b1=146: s=4 t=3 j=3 je=3 Q=3112136 table=9663597 yh=739053
stage b2=214 vs b1={147}: values [1974145024154075931737388703744, 2200101344710858346413248902169), 10993300023745 candidates (MITM path)
  MITM b1=147: s=4 t=3 j=3 je=3 Q=3176523 table=9800344 yh=1121726
stage b2=215 vs b1={148}: values [2097490386086780743704833984375, 2419156783490371026650801373184), 15147343553843 candidates (MITM path)
  MITM b1=148: s=4 t=3 j=3 je=3 Q=3241792 table=9938375 yh=1524127
stage b2=216 vs b1={149}: values [2227915756473955677973140996096, 2658323054674126527963029795401), 19620197230510 candidates (MITM path)
  MITM b1=149: s=4 t=3 j=3 je=3 Q=3307949 table=10077696 yh=1946894
stage b2=217 vs b1={150}: values [2365791897326557049109957244537, 2919292602539062500000000000000), 24428682308269 candidates (MITM path)
  MITM b1=150: s=4 t=3 j=3 je=3 Q=3375000 table=10218313 yh=2390677
stage b2=218 vs b1={151}: values [2511507138267836407351489568768, 3203887529980253057019236799601), 29590295681619 candidates (MITM path)
  MITM b1=151: s=4 t=3 j=3 je=3 Q=3442951 table=10360232 yh=2856143
stage b2=219 vs b1={152}: values [2665468122176587678000165555659, 3514068566756183507202771779584), 35123230278733 candidates (MITM path)
  MITM b1=152: s=4 t=3 j=3 je=3 Q=3511808 table=10503459 yh=3343968
stage b2=220 vs b1={153}: values [2828100578830827520000000000000, 3851944592216835046631374058769), 41046395880543 candidates (MITM path)
  MITM b1=153: s=4 t=3 j=3 je=3 Q=3581577 table=10648000 yh=3854846
stage b2=221 vs b1={154}: values [2999850127467673210626961906061, 4219782742781494680756610809856), 47379440370092 candidates (MITM path)
  MITM b1=154: s=4 t=3 j=3 je=3 Q=3652264 table=10793861 yh=4389481
stage b2=222 vs b1={155}: values [3181183109200735396368066404352, 4620019135869118166021728515625), 54142771416995 candidates (MITM path)
  MITM b1=155: s=4 t=3 j=3 je=3 Q=3723875 table=10941048 yh=4948591
stage b2=223 vs b1={156}: values [3372587450262487530117553541983, 5055270243477986851332550557696), 61357578601872 candidates (MITM path)
  MITM b1=156: s=4 t=3 j=3 je=3 Q=3796416 table=11089567 yh=5532911
stage b2=224 vs b1={157}: values [3574573557065820643235855335424, 5528344950165252334658020725049), 69045855985641 candidates (MITM path)
  MITM b1=157: s=4 t=3 j=3 je=3 Q=3869893 table=11239424 yh=6143185
stage b2=225 vs b1={158}: values [3787675244106352329254150390625, 6042257331792746762298544635904), 77230425128522 candidates (MITM path)
  MITM b1=158: s=4 t=3 j=3 je=3 Q=3944312 table=11390625 yh=6780175
stage b2=226 vs b1={159}: values [4012450695755043646903726514176, 6600240193085194872736139543361), 85934958563646 candidates (MITM path)
  MITM b1=159: s=4 t=3 j=3 je=3 Q=4019679 table=11543176 yh=7444655
stage b2=227 vs b1={160}: values [4249483463019298439303360450867, 7205759403792793600000000000000), 95184003730141 candidates (MITM path)
  MITM b1=160: s=4 t=3 j=3 je=3 Q=4096000 table=11697083 yh=8137414
stage b2=228 vs b1={161}: values [4499383496379987823288802869248, 7862529075064177918032791835841), 105003007370587 candidates (MITM path)
  MITM b1=161: s=4 t=3 j=3 je=3 Q=4173281 table=11852352 yh=8859255
stage b2=229 vs b1={162}: values [4762788215841769993285252588789, 8574527619520275041706172760064), 115418340397731 candidates (MITM path)
  MITM b1=162: s=4 t=3 j=3 je=3 Q=4251528 table=12008989 yh=9610996
stage b2=230 vs b1={163}: values [5040363619364673830000000000000, 9346014740476727289651520028089), 126457323235345 candidates (MITM path)
  MITM b1=163: s=4 t=3 j=3 je=3 Q=4330747 table=12167000 yh=10393468
stage b2=231 vs b1={164}: values [5332805430876196086067435141191, 10181549397794758908552901820416), 138148251638143 candidates (MITM path)
  MITM b1=164: s=4 t=3 j=3 je=3 Q=4410944 table=12326391 yh=11207519
stage b2=232 vs b1={165}: values [5640840289095138278864513400832, 11086008799949954971490478515625), 150520422995641 candidates (MITM path)
  MITM b1=165: s=4 t=3 j=3 je=3 Q=4492125 table=12487168 yh=12054009
stage b2=233 vs b1={166}: values [5965226978431093156430190442313, 12064608474097852187633240129536), 163604163124878 candidates (MITM path)
  MITM b1=166: s=4 t=3 j=3 je=3 Q=4574296 table=12649337 yh=12933814
stage b2=234 vs b1={167}: values [6306757703256894179732154261504, 13122923468187014400100544266129), 177430853556899 candidates (MITM path)
  MITM b1=167: s=4 t=3 j=3 je=3 Q=4657463 table=12812904 yh=13847826
stage b2=235 vs b1={168}: values [6666259406885477511385498046875, 14266910741526944359910498893824), 192032959321911 candidates (MITM path)
  MITM b1=168: s=4 t=3 j=3 je=3 Q=4741632 table=12977875 yh=14796950
stage b2=236 vs b1={169}: values [7044595136617487310722334457856, 15502932802662396215269535105521), 207444057238035 candidates (MITM path)
  MITM b1=169: s=4 t=3 j=3 je=3 Q=4826809 table=13144256 yh=15782108
stage b2=237 vs b1={170}: values [7442665456261594668083173595997, 16837782655940092900000000000000), 223698864708563 candidates (MITM path)
  MITM b1=170: s=4 t=3 j=3 je=3 Q=4913000 table=13312053 yh=16804235
stage b2=238 vs b1={171}: values [7861409907565911395902147452928, 18278710120781277966686574574281), 240833269032651 candidates (MITM path)
  MITM b1=171: s=4 t=3 j=3 je=3 Q=5000211 table=13481272 yh=17864284
stage b2=239 vs b1={172}: values [8301808522036075428899283574319, 19833449590396768185436019359744), 258884357234361 candidates (MITM path)
  MITM b1=172: s=4 t=3 j=3 je=3 Q=5088448 table=13651919 yh=18963222
stage b2=240 vs b1={173}: values [8764883384653578240000000000000, 21510249299503115502230603251609), 277890446414990 candidates (MITM path)
  MITM b1=173: s=4 t=3 j=3 je=3 Q=5177717 table=13824000 yh=20102029
stage b2=241 vs b1={174}: values [9251700251046710094679721359921, 23317902173522098324213843378176), 297891114633610 candidates (MITM path)
  MITM b1=174: s=4 t=3 j=3 je=3 Q=5268024 table=13997521 yh=21281706
stage b2=242 vs b1={175}: values [9763370219706129960633407578112, 25265778334774076938629150390625), 318927232320750 candidates (MITM path)
  MITM b1=175: s=4 t=3 j=3 je=3 Q=5359375 table=14172488 yh=22503264
stage b2=243 vs b1={176}: values [10301051460877537453973547267843, 27363859344311872566309815320576), 341040994230168 candidates (MITM path)
  MITM b1=176: s=4 t=3 j=3 je=3 Q=5451776 table=14348907 yh=23767734
stage b2=244 vs b1={177}: values [10865951003805248506649833897984, 29622774261288943786019374517409), 364275951933632 candidates (MITM path)
  MITM b1=177: s=4 t=3 j=3 je=3 Q=5545233 table=14526784 yh=25076160
stage b2=245 vs b1={178}: values [11459326584042668830137939453125, 32053837605116992116231206354944), 388677046863668 candidates (MITM path)
  MITM b1=178: s=4 t=3 j=3 je=3 Q=5639752 table=14706125 yh=26429604
stage b2=246 vs b1={179}: values [12082488552588734255431226843136, 34669089309147060571644408257881), 414290643909207 candidates (MITM path)
  MITM b1=179: s=4 t=3 j=3 je=3 Q=5735339 table=14886936 yh=27829142
stage b2=247 vs b1={180}: values [12736801848653359358345383963927, 37481336758208102400000000000000), 441164565569086 candidates (MITM path)
  MITM b1=180: s=4 t=3 j=3 je=3 Q=5832000 table=15069223 yh=29275867
stage b2=248 vs b1={181}: values [13423688037899820324566029303808, 40504199006061377874300161158921), 469348126668338 candidates (MITM path)
  MITM b1=181: s=4 t=3 j=3 je=3 Q=5929741 table=15252992 yh=30770890
stage b2=249 vs b1={182}: values [14144627418057809847797432628249, 43752153272681450786889799450624), 498892169642237 candidates (MITM path)
  MITM b1=182: s=4 t=3 j=3 je=3 Q=6028568 table=15438249 yh=32315334
stage b2=250 vs b1={183}: values [14901161193847656250000000000000, 47240583825258650248061856817329), 529849100393038 candidates (MITM path)
  MITM b1=183: s=4 t=3 j=3 je=3 Q=6128487 table=15625000 yh=33910343
stage b2=251 vs b1={184}: values [15694893723203911415883379878251, 50985833350937367259526396379136), 562272924724372 candidates (MITM path)
  MITM b1=184: s=4 t=3 j=3 je=3 Q=6229504 table=15813251 yh=35557074
stage b2=252 vs b1={185}: values [16527494836835198184585997320192, 55005256933563283079156494140625), 596219285358249 candidates (MITM path)
  MITM b1=185: s=4 t=3 j=3 je=3 Q=6331625 table=16003008 yh=37256702
stage b2=253 vs b1={186}: values [17400702233206883370580382902573, 59317278751114476837427823394816), 631745499539639 candidates (MITM path)
  MITM b1=186: s=4 t=3 j=3 je=3 Q=6434856 table=16194277 yh=39010418
stage b2=254 vs b1={187}: values [18316323951083823616325825060864, 63941451615040319308126414230889), 668910597233573 candidates (MITM path)
  MITM b1=187: s=4 t=3 j=3 je=3 Q=6539203 table=16387064 yh=40819430
stage b2=255 vs b1={188}: values [19276240921822134027894287109375, 68898519477432202601009998987264), 707775359919740 candidates (MITM path)
  MITM b1=188: s=4 t=3 j=3 je=3 Q=6644672 table=16581375 yh=42684962
stage b2=256 vs b1={189}: values [20282409603651670423947251286016, 74210483036805646041349463016441), 748402359989547 candidates (MITM path)
  MITM b1=189: s=4 t=3 j=3 je=3 Q=6751269 table=16777216 yh=44608257

*** MATCH: 57281335766716563070796982768130 is an 14-digit palindrome in bases 189 and 256
stage b2=257 vs b1={190}: values [21336864700244711647204632038657, 79900668578288412100000000000000), 790856000750596 candidates (MITM path)
  MITM b1=190: s=4 t=3 j=3 je=3 Q=6859000 table=16974593 yh=46590573
stage b2=258 vs b1={191}: values [22441721965921195553595191205888, 85993800189188311159265455973761), 835202557043554 candidates (MITM path)
  MITM b1=191: s=4 t=3 j=3 je=3 Q=6967871 table=17173512 yh=48633184
stage b2=259 vs b1={192}: values [23599181099896818015368078266579, 92516075496261812625843582664704), 881510216476386 candidates (MITM path)
  MITM b1=192: s=4 t=3 j=3 je=3 Q=7077888 table=17373979 yh=50737383
stage b2=260 vs b1={193}: values [24811528732037365760000000000000, 99495245076524950698517189573249), 929849121280921 candidates (MITM path)
  MITM b1=193: s=4 t=3 j=3 je=3 Q=7189057 table=17576000 yh=52904479
stage b2=261 vs b1={194}: values [26081141502640838529428477612181, 106960695699145951556010651959296), 980291410796727 candidates (MITM path)
  MITM b1=194: s=4 t=3 j=3 je=3 Q=7301384 table=17779581 yh=55135800
stage b2=262 vs b1={195}: values [27410489238828241501502766211072, 114943537561839249322760009765625), 1032911264587260 candidates (MITM path)
  MITM b1=195: s=4 t=3 j=3 je=3 Q=7414875 table=17984728 yh=57432688
stage b2=263 vs b1={196}: values [28802138230184412991542435030503, 123476695691247935826229781856256), 1087784946193277 candidates (MITM path)
  MITM b1=196: s=4 t=3 j=3 je=3 Q=7529536 table=18191447 yh=59796505
stage b2=264 vs b1={197}: values [30258754606351913178556104966144, 132595005683061140853836321918569), 1144990847528483 candidates (MITM path)
  MITM b1=197: s=4 t=3 j=3 je=3 Q=7645373 table=18399744 yh=62228630
stage b2=265 vs b1={198}: values [31783107819343855219693603515625, 142335313964069405978409510518784), 1204609533922390 candidates (MITM path)
  MITM b1=198: s=4 t=3 j=3 je=3 Q=7762392 table=18609625 yh=64730458
stage b2=266 vs b1={199}: values [33378074233405629080864465002496, 152736582765019941952958691637201), 1266723789815376 candidates (MITM path)
  MITM b1=199: s=4 t=3 j=3 je=3 Q=7880599 table=18821096 yh=67303402
stage b2=267 vs b1={200}: values [35046640825320769387046615504187, 163840000000000000000000000000000), 1331418665110917 candidates (MITM path)
  MITM b1=200: s=4 t=3 j=3 je=3 Q=8000000 table=19034163 yh=69948895
stage b2=268 vs b1={201}: values [36791908998122770463066756743168, 175689094255155802434244515642801), 1398781522189985 candidates (MITM path)
  MITM b1=201: s=4 t=3 j=3 je=3 Q=8120601 table=19248832 yh=72668385
stage b2=269 vs b1={202}: values [38617098511242473591174807405309, 188329855096852039605697108393984), 1468902083592585 candidates (MITM path)
  MITM b1=202: s=4 t=3 j=3 je=3 Q=8242408 table=19465109 yh=75463338
stage b2=270 vs b1={203}: values [40525551530189762670000000000000, 201810858916898431719789378127369), 1541872480371433 candidates (MITM path)
  MITM b1=203: s=4 t=3 j=3 je=3 Q=8365427 table=19683000 yh=78335238
stage b2=271 vs b1={204}: values [42520736798938724454382073077711, 216183400540220972918552087494656), 1617787301122747 candidates (MITM path)
  MITM b1=204: s=4 t=3 j=3 je=3 Q=8489664 table=19902511 yh=81285588
stage b2=272 vs b1={205}: values [44606253938257178142165017034752, 231501630828342033704595947265625), 1696743641699149 candidates (MITM path)
  MITM b1=205: s=4 t=3 j=3 je=3 Q=8615125 table=20123648 yh=84315908
stage b2=273 vs b1={206}: values [46785837873294576230164584135633, 247822700520261426090084682448896), 1778841155609664 candidates (MITM path)
  MITM b1=206: s=4 t=3 j=3 je=3 Q=8741816 table=20346417 yh=87427736
stage b2=274 vs b1={207}: values [49063363393816744489478641229824, 265206910560805882369006879852449), 1864182105111809 candidates (MITM path)
  MITM b1=207: s=4 t=3 j=3 je=3 Q=8869743 table=20570824 yh=90622627
stage b2=275 vs b1={208}: values [51442849850551784038543701171875, 283717869175243332415379948437504), 1952871413000762 candidates (MITM path)
  MITM b1=208: s=4 t=3 j=3 je=3 Q=8998912 table=20796875 yh=93902157
stage b2=276 vs b1={209}: values [53928465991188723477113078808576, 303422655957947177630796910616161), 2045016715100608 candidates (MITM path)
  MITM b1=209: s=4 t=3 j=3 je=3 Q=9129329 table=21024576 yh=97267918
stage b2=277 vs b1={210}: values [56524534939649204771410253244517, 324391993252150868100000000000000), 2140728413462652 candidates (MITM path)
  MITM b1=210: s=4 t=3 j=3 je=3 Q=9261000 table=21253933 yh=100721519
done: 366.36s, 1015554173 candidates tested
