A171740 search: n=14, threads=1, limit=none
stage b2=230 vs b1={156}: values [5040363619364673830000000000000, 5055270243477986851332550557696), 437808761282 candidates (MITM path)
  MITM b1=156: s=4 t=3 j=3 je=3 Q=3796416 table=12167000 yh=35984
stage b2=231 vs b1={157}: values [5332805430876196086067435141191, 5528344950165252334658020725049), 5571224816211 candidates (MITM path)
  MITM b1=157: s=4 t=3 j=3 je=3 Q=3869893 table=12326391 yh=451976
stage b2=232 vs b1={158}: values [5640840289095138278864513400832, 6042257331792746762298544635904), 11096344023891 candidates (MITM path)
  MITM b1=158: s=4 t=3 j=3 je=3 Q=3944312 table=12487168 yh=888620
stage b2=233 vs b1={159}: values [5965226978431093156430190442313, 6600240193085194872736139543361), 17033006646745 candidates (MITM path)
  MITM b1=159: s=4 t=3 j=3 je=3 Q=4019679 table=12649337 yh=1346554
stage b2=234 vs b1={160}: values [6306757703256894179732154261504, 7205759403792793600000000000000), 23401813361977 candidates (MITM path)
  MITM b1=160: s=4 t=3 j=3 je=3 Q=4096000 table=12812904 yh=1826426
stage b2=235 vs b1={161}: values [6666259406885477511385498046875, 7862529075064177918032791835841), 30224147170176 candidates (MITM path)
  MITM b1=161: s=4 t=3 j=3 je=3 Q=4173281 table=12977875 yh=2328899
stage b2=236 vs b1={162}: values [7044595136617487310722334457856, 8574527619520275041706172760064), 37522195741568 candidates (MITM path)
  MITM b1=162: s=4 t=3 j=3 je=3 Q=4251528 table=13144256 yh=2854646
stage b2=237 vs b1={163}: values [7442665456261594668083173595997, 9346014740476727289651520028089), 45318974204745 candidates (MITM path)
  MITM b1=163: s=4 t=3 j=3 je=3 Q=4330747 table=13312053 yh=3404357

*** MATCH: 7943696709969826629206916603112 is an 14-digit palindrome in bases 163 and 237
stage b2=238 vs b1={164}: values [7861409907565911395902147452928, 10181549397794758908552901820416), 53638348382695 candidates (MITM path)
  MITM b1=164: s=4 t=3 j=3 je=3 Q=4410944 table=13481272 yh=3978731
done: 9.09s, 10770368 candidates tested
