A171740 search: n=14, threads=1, limit=none
stage b2=133 vs b1={94}: values [4074471952320023081160213013, 4205231901698742834534301696), 177628748934 candidates (MITM path)
  MITM b1=94: s=4 t=3 j=3 je=3 Q=830584 table=2352637 yh=75502
stage b2=134 vs b1={95}: values [4491199828872408503792328704, 4876749791155298590087890625), 496989343247 candidates (MITM path)
  MITM b1=95: s=4 t=3 j=3 je=3 Q=857375 table=2406104 yh=206554
stage b2=135 vs b1={96}: values [4946966739525117513427734375, 5646733123551136024526585856), 856281766181 candidates (MITM path)
  MITM b1=96: s=4 t=3 j=3 je=3 Q=884736 table=2460375 yh=348029
stage b2=136 vs b1={97}: values [5445099357697409441182253056, 6528362774606076144776040769), 1258814445950 candidates (MITM path)
  MITM b1=97: s=4 t=3 j=3 je=3 Q=912673 table=2515456 yh=500432
stage b2=137 vs b1={98}: values [5989180101784270567563310697, 7536419414749019520643907584), 1708100900083 candidates (MITM path)
  MITM b1=98: s=4 t=3 j=3 je=3 Q=941192 table=2571353 yh=664281
stage b2=138 vs b1={99}: values [6583064696190029721327280128, 8687458127689783079736908601), 2207869157682 candidates (MITM path)
  MITM b1=99: s=4 t=3 j=3 je=3 Q=970299 table=2628072 yh=840110
stage b2=139 vs b1={100}: values [7230900796183182881721657019, 10000000000000000000000000000), 2762071476353 candidates (MITM path)
  MITM b1=100: s=4 t=3 j=3 je=3 Q=1000000 table=2685619 yh=1028468
stage b2=140 vs b1={101}: values [7937147732541440000000000000, 11494742132376223120464911401), 3374894358730 candidates (MITM path)
  MITM b1=101: s=4 t=3 j=3 je=3 Q=1030301 table=2744000 yh=1229918
stage b2=141 vs b1={102}: values [8706597434461286533025514621, 13194787630628721491610845184), 4050768873510 candidates (MITM path)
  MITM b1=102: s=4 t=3 j=3 je=3 Q=1061208 table=2803221 yh=1445041
stage b2=142 vs b1={103}: values [9544396591804396261630861312, 15125897248551112432256145169), 4794381285948 candidates (MITM path)
  MITM b1=103: s=4 t=3 j=3 je=3 Q=1092727 table=2863288 yh=1674433
stage b2=143 vs b1={104}: values [10456070120446768717065566543, 17316764476028035425743405056), 5610684002725 candidates (MITM path)
  MITM b1=104: s=4 t=3 j=3 je=3 Q=1124864 table=2924207 yh=1918703
stage b2=144 vs b1={105}: values [11447545997288281555215581184, 19799315994393973883056640625), 6504906836153 candidates (MITM path)
  MITM b1=105: s=4 t=3 j=3 je=3 Q=1157625 table=2985984 yh=2178481
stage b2=145 vs b1={106}: values [12525181534373293687744140625, 22609039557544243501245546496), 7482568592637 candidates (MITM path)
  MITM b1=106: s=4 t=3 j=3 je=3 Q=1191016 table=3048625 yh=2454408
stage b2=146 vs b1={107}: values [13695791164569918553628942336, 25785341502012466393542552649), 8549488990372 candidates (MITM path)
  MITM b1=107: s=4 t=3 j=3 je=3 Q=1225043 table=3112136 yh=2747146
stage b2=147 vs b1={108}: values [14966675814359580587845230627, 29371936242576564113903714304), 9711800911197 candidates (MITM path)
  MITM b1=108: s=4 t=3 j=3 je=3 Q=1259712 table=3176523 yh=3057369
stage b2=148 vs b1={109}: values [16345653942502506936829739008, 33417270272362569384925825561), 10975962991581 candidates (MITM path)
  MITM b1=109: s=4 t=3 j=3 je=3 Q=1295029 table=3241792 yh=3385771
stage b2=149 vs b1={110}: values [17841094326671990120557246949, 37974983358324100000000000000), 12348772557700 candidates (MITM path)
  MITM b1=110: s=4 t=3 j=3 je=3 Q=1331000 table=3307949 yh=3733061

*** MATCH: 34823116024439037499193371350 is an 14-digit palindrome in bases 110 and 149
stage b2=150 vs b1={111}: values [19461950683593750000000000000, 43104409804843948852155196641), 13837378909557 candidates (MITM path)
  MITM b1=111: s=4 t=3 j=3 je=3 Q=1367631 table=3375000 yh=4099965
stage b2=151 vs b1={112}: values [21217798211789755344498256951, 48871122850509266606740209664), 15449296959126 candidates (MITM path)
  MITM b1=112: s=4 t=3 j=3 je=3 Q=1404928 table=3442951 yh=4487226
stage b2=152 vs b1={113}: values [23118872149711733600018235392, 55347525466347647961440563489), 17192421227470 candidates (MITM path)
  MITM b1=113: s=4 t=3 j=3 je=3 Q=1442897 table=3511808 yh=4895604
stage b2=153 vs b1={114}: values [25176108445861666971446889273, 62613491038491041486196719616), 19075040205829 candidates (MITM path)
  MITM b1=114: s=4 t=3 j=3 je=3 Q=1481544 table=3581577 yh=5325878
stage b2=154 vs b1={115}: values [27401186641438277147770200064, 70757057644889830377197265625), 21105851085630 candidates (MITM path)
  MITM b1=115: s=4 t=3 j=3 je=3 Q=1520875 table=3652264 yh=5778841
stage b2=155 vs b1={116}: values [29806575070123343006591796875, 79875179874882329144077582336), 23293974862414 candidates (MITM path)
  MITM b1=116: s=4 t=3 j=3 je=3 Q=1560896 table=3723875 yh=6255306
stage b2=156 vs b1={117}: values [32405578483833249047003529216, 90074542392707106815022222729), 25648971818644 candidates (MITM path)
  MITM b1=117: s=4 t=3 j=3 je=3 Q=1601613 table=3796416 yh=6756102
done: 9.98s, 36824387 candidates tested
