A171740 search: n=14, threads=1, limit=none
stage b2=271 vs b1={182}: values [42520736798938724454382073077711, 43752153272681450786889799450624), 11471492436522 candidates (MITM path)
  MITM b1=182: s=4 t=3 j=3 je=3 Q=6028568 table=19902511 yh=576385
stage b2=272 vs b1={183}: values [44606253938257178142165017034752, 47240583825258650248061856817329), 23915960684980 candidates (MITM path)
  MITM b1=183: s=4 t=3 j=3 je=3 Q=6128487 table=20123648 yh=1188451
stage b2=273 vs b1={184}: values [46785837873294576230164584135633, 50985833350937367259526396379136), 37162959621616 candidates (MITM path)
  MITM b1=184: s=4 t=3 j=3 je=3 Q=6229504 table=20346417 yh=1826512
stage b2=274 vs b1={185}: values [49063363393816744489478641229824, 55005256933563283079156494140625), 51247292609283 candidates (MITM path)
  MITM b1=185: s=4 t=3 j=3 je=3 Q=6331625 table=20570824 yh=2491262
stage b2=275 vs b1={186}: values [51442849850551784038543701171875, 59317278751114476837427823394816), 66204911480902 candidates (MITM path)
  MITM b1=186: s=4 t=3 j=3 je=3 Q=6434856 table=20796875 yh=3183407
stage b2=276 vs b1={187}: values [53928465991188723477113078808576, 63941451615040319308126414230889), 82072945151817 candidates (MITM path)
  MITM b1=187: s=4 t=3 j=3 je=3 Q=6539203 table=21024576 yh=3903668
stage b2=277 vs b1={188}: values [56524534939649204771410253244517, 68898519477432202601009998987264), 98889728728738 candidates (MITM path)
  MITM b1=188: s=4 t=3 j=3 je=3 Q=6644672 table=21253933 yh=4652774
stage b2=278 vs b1={189}: values [59235539322332634167063814299648, 74210483036805646041349463016441), 116694833120059 candidates (MITM path)
  MITM b1=189: s=4 t=3 j=3 je=3 Q=6751269 table=21484952 yh=5431469
stage b2=279 vs b1={190}: values [62066126545116850201926899360439, 79900668578288412100000000000000), 135529095152347 candidates (MITM path)
  MITM b1=190: s=4 t=3 j=3 je=3 Q=6859000 table=21717639 yh=6240508
stage b2=280 vs b1={191}: values [65021114224979476480000000000000, 85993800189188311159265455973761), 155434648197808 candidates (MITM path)
  MITM b1=191: s=4 t=3 j=3 je=3 Q=6967871 table=21952000 yh=7080660
stage b2=281 vs b1={192}: values [68105495780189759071206220390841, 92516075496261812625843582664704), 176454953317522 candidates (MITM path)
  MITM b1=192: s=4 t=3 j=3 je=3 Q=7077888 table=22188041 yh=7952706
stage b2=282 vs b1={193}: values [71324446183106859278545015775232, 99495245076524950698517189573249), 198634830925284 candidates (MITM path)
  MITM b1=193: s=4 t=3 j=3 je=3 Q=7189057 table=22425768 yh=8857438
stage b2=283 vs b1={194}: values [74683327879708304362769257501963, 106960695699145951556010651959296), 222020492976840 candidates (MITM path)
  MITM b1=194: s=4 t=3 j=3 je=3 Q=7301384 table=22665187 yh=9795662
stage b2=284 vs b1={195}: values [78187696880061614175280015867904, 114943537561839249322760009765625), 246659575689353 candidates (MITM path)
  MITM b1=195: s=4 t=3 j=3 je=3 Q=7414875 table=22906304 yh=10768197
stage b2=285 vs b1={196}: values [81843309024043043305733642578125, 123476695691247935826229781856256), 272601172795924 candidates (MITM path)
  MITM b1=196: s=4 t=3 j=3 je=3 Q=7529536 table=23149125 yh=11775874
stage b2=286 vs b1={197}: values [85656126426699929330201121120256, 132595005683061140853836321918569), 299895869339987 candidates (MITM path)
  MITM b1=197: s=4 t=3 j=3 je=3 Q=7645373 table=23393656 yh=12819539
stage b2=287 vs b1={198}: values [89632324107747341323629209343647, 142335313964069405978409510518784), 328595776014424 candidates (MITM path)
  MITM b1=198: s=4 t=3 j=3 je=3 Q=7762392 table=23639903 yh=13900048
stage b2=288 vs b1={199}: values [93778296809785602500326041059328, 152736582765019941952958691637201), 358754564050230 candidates (MITM path)
  MITM b1=199: s=4 t=3 j=3 je=3 Q=7880599 table=23887872 yh=15018273
stage b2=289 vs b1={200}: values [98100666009922840441972689847969, 163840000000000000000000000000000), 390427500659569 candidates (MITM path)
  MITM b1=200: s=4 t=3 j=3 je=3 Q=8000000 table=24137569 yh=16175097
stage b2=290 vs b1={201}: values [102606287129586021890000000000000, 175689094255155802434244515642801), 423671485038066 candidates (MITM path)
  MITM b1=201: s=4 t=3 j=3 je=3 Q=8120601 table=24389000 yh=17371417
stage b2=291 vs b1={202}: values [107302256947404980797605893267571, 188329855096852039605697108393984), 458545084931198 candidates (MITM path)
  MITM b1=202: s=4 t=3 j=3 je=3 Q=8242408 table=24642171 yh=18608145
stage b2=292 vs b1={203}: values [112195921220156772791328295616512, 201810858916898431719789378127369), 495108573769613 candidates (MITM path)
  MITM b1=203: s=4 t=3 j=3 je=3 Q=8365427 table=24897088 yh=19886205
stage b2=293 vs b1={204}: values [117294882516862311175392673213493, 216183400540220972918552087494656), 533423968378252 candidates (MITM path)
  MITM b1=204: s=4 t=3 j=3 je=3 Q=8489664 table=25153757 yh=21206533
stage b2=294 vs b1={205}: values [122607008271233684175628129296384, 231501630828342033704595947265625), 573555067264136 candidates (MITM path)
  MITM b1=205: s=4 t=3 j=3 je=3 Q=8615125 table=25412184 yh=22570082
stage b2=295 vs b1={206}: values [128140439057778845576146240234375, 247822700520261426090084682448896), 615567489487664 candidates (MITM path)
  MITM b1=206: s=4 t=3 j=3 je=3 Q=8741816 table=25672375 yh=23977817
stage b2=296 vs b1={207}: values [133903597096980536826509221953536, 265206910560805882369006879852449), 659528714122310 candidates (MITM path)
  MITM b1=207: s=4 t=3 j=3 je=3 Q=8869743 table=25934336 yh=25430716
stage b2=297 vs b1={208}: values [139905194995078363929650377085577, 283717869175243332415379948437504), 705508120307582 candidates (MITM path)
  MITM b1=208: s=4 t=3 j=3 je=3 Q=8998912 table=26198073 yh=26929772
stage b2=298 vs b1={209}: values [146154244724096943067604967006208, 303422655957947177630796910616161), 753577027900108 candidates (MITM path)
  MITM b1=209: s=4 t=3 j=3 je=3 Q=9129329 table=26463592 yh=28475992
stage b2=299 vs b1={210}: values [152660066847878971357626214983899, 324391993252150868100000000000000), 803808738727746 candidates (MITM path)
  MITM b1=210: s=4 t=3 j=3 je=3 Q=9261000 table=26730899 yh=30070397
stage b2=300 vs b1={211}: values [159432300000000000000000000000000, 346700425107361035262655933030041), 856278578451583 candidates (MITM path)
  MITM b1=211: s=4 t=3 j=3 je=3 Q=9393931 table=27000000 yh=31714022
stage b2=301 vs b1={212}: values [166480910619561613297209229023901, 370426504110804885524407033790464), 911063939040711 candidates (MITM path)
  MITM b1=212: s=4 t=3 j=3 je=3 Q=9528128 table=27270901 yh=33407915
stage b2=302 vs b1={213}: values [173816202950981675782129720942592, 395652986399381320581034818847689), 968244321864673 candidates (MITM path)
  MITM b1=213: s=4 t=3 j=3 je=3 Q=9663597 table=27543608 yh=35153141
stage b2=303 vs b1={214}: values [181448829314024328456326524154223, 422467035168972249391801182601216), 1027901381408464 candidates (MITM path)
  MITM b1=214: s=4 t=3 j=3 je=3 Q=9800344 table=27818127 yh=36950777
stage b2=304 vs b1={215}: values [189389800650438521651349384331264, 450960433008657859896539306640625), 1090118969614972 candidates (MITM path)
  MITM b1=215: s=4 t=3 j=3 je=3 Q=9938375 table=28094464 yh=38801914
stage b2=305 vs b1={216}: values [197650497353702094308570556640625, 481229803398374426442198455156736), 1154983180859776 candidates (MITM path)
  MITM b1=216: s=4 t=3 j=3 je=3 Q=10077696 table=28372625 yh=40707661
stage b2=306 vs b1={217}: values [206242680388498775830092916924416, 513376841719862879656860722064529), 1222582397563178 candidates (MITM path)
  MITM b1=217: s=4 t=3 j=3 je=3 Q=10218313 table=28652616 yh=42669138
stage b2=307 vs b1={218}: values [215178502706688025671134922954307, 547508556142388336802624725991424), 1293007336444383 candidates (MITM path)
  MITM b1=218: s=4 t=3 j=3 je=3 Q=10360232 table=28934443 yh=44687480
stage b2=308 vs b1={219}: values [224470520966662366394533478924288, 583737518756672701482036256689321), 1366351095422725 candidates (MITM path)
  MITM b1=219: s=4 t=3 j=3 je=3 Q=10503459 table=29218112 yh=46763840
stage b2=309 vs b1={220}: values [234131707563123837148853535284229, 622182127342782054400000000000000), 1442709201170852 candidates (MITM path)
  MITM b1=220: s=4 t=3 j=3 je=3 Q=10648000 table=29503629 yh=48899382
stage b2=310 vs b1={221}: values [244175462974450425910000000000000, 662966878170355779548558581239481), 1522179657324768 candidates (MITM path)
  MITM b1=221: s=4 t=3 j=3 je=3 Q=10793861 table=29791000 yh=51095286
stage b2=311 vs b1={222}: values [254615628434964860079726492575831, 706222650242563257993710741766144), 1604862993355662 candidates (MITM path)
  MITM b1=222: s=4 t=3 j=3 je=3 Q=10941048 table=30080231 yh=53352749
stage b2=312 vs b1={223}: values [265466498939561976193052911337472, 752087001408534719216214439862209), 1690862314108419 candidates (MITM path)
  MITM b1=223: s=4 t=3 j=3 je=3 Q=11089567 table=30371328 yh=55672980
stage b2=313 vs b1={224}: values [276742836588297080874770702008153, 800704476782743824084831595134976), 1780283350011739 candidates (MITM path)
  MITM b1=224: s=4 t=3 j=3 je=3 Q=11239424 table=30664297 yh=58057205
stage b2=314 vs b1={225}: values [288459884278686287423684750188544, 852226929923929274082183837890625), 1873234507964788 candidates (MITM path)
  MITM b1=225: s=4 t=3 j=3 je=3 Q=11390625 table=30959144 yh=60506664
stage b2=315 vs b1={226}: values [300633379753620796411014404296875, 906813857240639864200242192203776), 1969826922905291 candidates (MITM path)
  MITM b1=226: s=4 t=3 j=3 je=3 Q=11543176 table=31255875 yh=63022614
stage b2=316 vs b1={227}: values [313279570012950515675630871248896, 964632746105380745721862822346809), 2070174510063995 candidates (MITM path)
  MITM b1=227: s=4 t=3 j=3 je=3 Q=11697083 table=31554496 yh=65606325
stage b2=317 vs b1={228}: values [326415226096948316604835490633837, 1025859437174637223709847054188544), 2174394017910439 candidates (MITM path)
  MITM b1=228: s=4 t=3 j=3 je=3 Q=11852352 table=31855013 yh=68259085
stage b2=318 vs b1={229}: values [340057658250024631430531164397568, 1090678501427765328462322842832681), 2282605081794937 candidates (MITM path)
  MITM b1=229: s=4 t=3 j=3 je=3 Q=12008989 table=32157432 yh=70982195
stage b2=319 vs b1={230}: values [354224731473223042578261139664959, 1159283632453874980900000000000000), 2394930278291727 candidates (MITM path)
  MITM b1=230: s=4 t=3 j=3 je=3 Q=12167000 table=32461759 yh=73776972
stage b2=320 vs b1={231}: values [368934881474191032320000000000000, 1231878054532401295881577517615121), 2511495180248197 candidates (MITM path)
  MITM b1=231: s=4 t=3 j=3 je=3 Q=12326391 table=32768000 yh=76644751
stage b2=321 vs b1={232}: values [384207131023486181850018160439361, 1308674947070072080696567108993024), 2632428412545145 candidates (MITM path)
  MITM b1=232: s=4 t=3 j=3 je=3 Q=12487168 table=33076161 yh=79586879
stage b2=322 vs b1={233}: values [400061106726246866487730625585152, 1389897885974444705448234373058929), 2757861708572988 candidates (MITM path)
  MITM b1=233: s=4 t=3 j=3 je=3 Q=12649337 table=33386248 yh=82604722
stage b2=323 vs b1={234}: values [416517056218427921387174661259283, 1475781302562113238057324097191936), 2887929967428872 candidates (MITM path)
  MITM b1=234: s=4 t=3 j=3 je=3 Q=12812904 table=33698267 yh=85699659
stage b2=324 vs b1={235}: values [433595865796975883590475106484224, 1566570960618087215175592041015625), 3022771311839617 candidates (MITM path)
  MITM b1=235: s=4 t=3 j=3 je=3 Q=12977875 table=34012224 yh=88873087
stage b2=325 vs b1={236}: values [451319078493495285511016845703125, 1662524452241727005330470932054016), 3162527146815443 candidates (MITM path)
  MITM b1=236: s=4 t=3 j=3 je=3 Q=13144256 table=34328125 yh=92126417
stage b2=326 vs b1={237}: values [469708912601137116299541423742976, 1763911713133997936335712142251289), 3307342219039417 candidates (MITM path)
  MITM b1=237: s=4 t=3 j=3 je=3 Q=13312053 table=34645976 yh=95461079
stage b2=327 vs b1={238}: values [488788280664623015683331165008167, 1871015558000686912224711093796864), 3457364676997570 candidates (MITM path)
  MITM b1=238: s=4 t=3 j=3 je=3 Q=13481272 table=34965783 yh=98878515
stage b2=328 vs b1={239}: values [508580808943504054749179095810048, 1984132236766622027506928774262241), 3612746131854626 candidates (MITM path)
  MITM b1=239: s=4 t=3 j=3 je=3 Q=13651919 table=35287552 yh=102380186
stage b2=329 vs b1={240}: values [529110857358941125064944829442089, 2103572012316858777600000000000000), 3773641719080303 candidates (MITM path)
  MITM b1=240: s=4 t=3 j=3 je=3 Q=13824000 table=35611289 yh=105967569
stage b2=330 vs b1={241}: values [550403539934485037130000000000000, 2229659760502257132817812847740961), 3940210160831123 candidates (MITM path)
  MITM b1=241: s=4 t=3 j=3 je=3 Q=13997521 table=35937000 yh=109642157
stage b2=331 vs b1={242}: values [572484745741528457369486524730491, 2362735593168883450473284633903104), 4112613829092698 candidates (MITM path)
  MITM b1=242: s=4 t=3 j=3 je=3 Q=14172488 table=36264691 yh=113405457
stage b2=332 vs b1={243}: values [595381160360298826030671705669632, 2503155504993241601315571986085849), 4291018809587429 candidates (MITM path)
  MITM b1=243: s=4 t=3 j=3 je=3 Q=14348907 table=36594368 yh=117258995
stage b2=333 vs b1={244}: values [619120287867461433025357023191613, 2651292044928480635622559471108096), 4475594966452594 candidates (MITM path)
  MITM b1=244: s=4 t=3 j=3 je=3 Q=14526784 table=36926037 yh=121204314
stage b2=334 vs b1={245}: values [643730473361604921949842267234304, 2807535013090453863383795166015625), 4666516007693765 candidates (MITM path)
  MITM b1=245: s=4 t=3 j=3 je=3 Q=14706125 table=37259704 yh=125242971
stage b2=335 vs b1={246}: values [669240926038087681500960693359375, 2972292183936828626836081803411456), 4863959551418522 candidates (MITM path)
  MITM b1=246: s=4 t=3 j=3 je=3 Q=14886936 table=37595375 yh=129376541
stage b2=336 vs b1={247}: values [695681742824932905930873850822656, 3145990056617379761511309839089969), 5068107192855420 candidates (MITM path)
  MITM b1=247: s=4 t=3 j=3 je=3 Q=15069223 table=37933056 yh=133606615
stage b2=337 vs b1={248}: values [723083932591672600024489796161297, 3329074633399155440492375267344384), 5279144572163180 candidates (MITM path)
  MITM b1=248: s=4 t=3 j=3 je=3 Q=15252992 table=38272753 yh=137934802
stage b2=338 vs b1={249}: values [751479440943256507665609654345728, 3522012227096394652101560724434001), 5497261443035048 candidates (MITM path)
  MITM b1=249: s=4 t=3 j=3 je=3 Q=15438249 table=38614472 yh=142362725
stage b2=339 vs b1={250}: values [780901175611360895051573482331619, 3725290298461914062500000000000000), 5722651742103309 candidates (MITM path)
  MITM b1=250: s=4 t=3 j=3 je=3 Q=15625000 table=38958219 yh=146892027
stage b2=340 vs b1={251}: values [811383032455654359040000000000000, 3939418324524181765386728349441001), 5955513659148908 candidates (MITM path)
  MITM b1=251: s=4 t=3 j=3 je=3 Q=15813251 table=39304000 yh=151524366
stage b2=341 vs b1={252}: values [842959922087803397334389217165221, 4164928698882469942515671324688384), 6196049708121150 candidates (MITM path)
  MITM b1=252: s=4 t=3 j=3 je=3 Q=16003008 table=39651821 yh=156261417
stage b2=342 vs b1={253}: values [875667797131229409959628180774912, 4402377665001341492756836874350969), 6444466798972445 candidates (MITM path)
  MITM b1=253: s=4 t=3 j=3 je=3 Q=16194277 table=40001688 yh=161104872
stage b2=343 vs b1={254}: values [909543680129861140820205019889143, 4652346283575291198546759565459456), 6700976310313071 candidates (MITM path)
  MITM b1=254: s=4 t=3 j=3 je=3 Q=16387064 table=40353607 yh=166056440
stage b2=344 vs b1={255}: values [944625692119362354506348084854784, 4915441435064644177113043212890625), 6965794162890924 candidates (MITM path)
  MITM b1=255: s=4 t=3 j=3 je=3 Q=16581375 table=40707584 yh=171117848
stage b2=345 vs b1={256}: values [980953081874553817708385009765625, 5192296858534827628530496329220096), 7239140893901236 candidates (MITM path)
  MITM b1=256: s=4 t=3 j=3 je=3 Q=16777216 table=41063625 yh=176290839
stage b2=346 vs b1={257}: values [1018566255846991457770364750503936, 5483574227962890893331590433934849), 7521241732131212 candidates (MITM path)
  MITM b1=257: s=4 t=3 j=3 je=3 Q=16974593 table=41421736 yh=181577174
stage b2=347 vs b1={258}: values [1057506808806908944576515283377227, 5789964267207668452827559331119104), 7812326673944592 candidates (MITM path)
  MITM b1=258: s=4 t=3 j=3 je=3 Q=17173512 table=41781923 yh=186978629
stage b2=348 vs b1={259}: values [1097817555203982927999768993988608, 6112187904873275865980332271043961), 8112630560111090 candidates (MITM path)
  MITM b1=259: s=4 t=3 j=3 je=3 Q=17373979 table=42144192 yh=192497001
stage b2=349 vs b1={260}: values [1139542561261632803799098096449549, 6450997470329715097600000000000000), 8422393153485699 candidates (MITM path)
  MITM b1=260: s=4 t=3 j=3 je=3 Q=17576000 table=42508549 yh=198134102
stage b2=350 vs b1={261}: values [1182727177819824218750000000000000, 6807177932189258856180832656779241), 8741859217542832 candidates (MITM path)
  MITM b1=261: s=4 t=3 j=3 je=3 Q=17779581 table=42875000 yh=203891761
stage b2=351 vs b1={262}: values [1227418073941606603920057053059551, 7181548180572999273393724747300864), 9071278595770291 candidates (MITM path)
  MITM b1=262: s=4 t=3 j=3 je=3 Q=17984728 table=43243551 yh=209771825
stage b2=352 vs b1={263}: values [1273663271298879886722784131284992, 7574962354538500616775660413022289), 9410906291928030 candidates (MITM path)
  MITM b1=263: s=4 t=3 j=3 je=3 Q=18191447 table=43614208 yh=215776160
stage b2=353 vs b1={264}: values [1321512179353154221437667378235873, 7988311216076905079138811711062016), 9761002551176708 candidates (MITM path)
  MITM b1=264: s=4 t=3 j=3 je=3 Q=18399744 table=43986977 yh=221906647
stage b2=354 vs b1={265}: values [1371015631347339138390230034161664, 8422523572126121633218804931640625), 10121832942080999 candidates (MITM path)
  MITM b1=265: s=4 t=3 j=3 je=3 Q=18609625 table=44361864 yh=228165186
stage b2=355 vs b1={266}: values [1422225921124874988441297607421875, 8878567746085897335509947690663936), 10493668439492657 candidates (MITM path)
  MITM b1=266: s=4 t=3 j=3 je=3 Q=18821096 table=44738875 yh=234553695

*** MATCH: 3155013055665152360745443702707812 is an 14-digit palindrome in bases 266 and 355
stage b2=356 vs b1={267}: values [1475196840792799996720033946402816, 9357453100360645426341446339617929), 10876785508318315 candidates (MITM path)
  MITM b1=267: s=4 t=3 j=3 je=3 Q=19034163 table=45118016 yh=241074110
stage b2=357 vs b1={268}: values [1529983719245630682916125419139957, 9860231611496902484101890807169024), 11271466188177000 candidates (MITM path)
  MITM b1=268: s=4 t=3 j=3 je=3 Q=19248832 table=45499293 yh=247728381
stage b2=358 vs b1={269}: values [1586643461567221900574921745522688, 10387999499524225396026023192028121), 11677998178952355 candidates (MITM path)
  MITM b1=269: s=4 t=3 j=3 je=3 Q=19465109 table=45882712 yh=254518482
stage b2=359 vs b1={270}: values [1645234589328065340756692514311879, 10941898913151235920900000000000000), 12096674927244557 candidates (MITM path)
  MITM b1=270: s=4 t=3 j=3 je=3 Q=19683000 table=46268279 yh=261446399
stage b2=360 vs b1={271}: values [1705817281795782082560000000000000, 11523119672512394327137541804059681), 12527795713726913 candidates (MITM path)
  MITM b1=271: s=4 t=3 j=3 je=3 Q=19902511 table=46656000 yh=268514140
stage b2=361 vs b1={272}: values [1768453418076865701195582595329481, 12132901071205952454668884633452544), 12971665741412134 candidates (MITM path)
  MITM b1=272: s=4 t=3 j=3 je=3 Q=20123648 table=47045881 yh=275723729
stage b2=362 vs b1={273}: values [1833206620208037610752855912783872, 12772533739409419310834931469027809), 13428596224833261 candidates (MITM path)
  MITM b1=273: s=4 t=3 j=3 je=3 Q=20346417 table=47437928 yh=283077209
stage b2=363 vs b1={274}: values [1900142297215885771145866243915803, 13443361569905787990117147696971776), 13898904480144256 candidates (MITM path)
  MITM b1=274: s=4 t=3 j=3 je=3 Q=20570824 table=47832147 yh=290576639
stage b2=364 vs b1={275}: values [1969327690163771674979127676370944, 14146783708901740610599517822265625), 14382914016145227 candidates (MITM path)
  MITM b1=275: s=4 t=3 j=3 je=3 Q=20796875 table=48228544 yh=298224098
stage b2=365 vs b1={276}: values [2040831918205308698658487548828125, 14884256613568087679683209751166976), 14880954626237298 candidates (MITM path)
  MITM b1=276: s=4 t=3 j=3 je=3 Q=21024576 table=48627125 yh=306021683
stage b2=366 vs b1={277}: values [2114726025664037501814878311735296, 15657296178282829721680640148731209), 15393362481312107 candidates (MITM path)
  MITM b1=277: s=4 t=3 j=3 je=3 Q=21253933 table=49027896 yh=313971509
stage b2=367 vs b1={278}: values [2191083030159251239243293893133487, 16467479931608472298443740375302144), 15920480223580932 candidates (MITM path)
  MITM b1=278: s=4 t=3 j=3 je=3 Q=21484952 table=49430863 yh=322075709
stage b2=368 vs b1={279}: values [2269977971798254959728479560531968, 17316449306087601206337604921562481), 16462657061348436 candidates (MITM path)
  MITM b1=279: s=4 t=3 j=3 je=3 Q=21717639 table=49836032 yh=330336434
stage b2=369 vs b1={280}: values [2351487963455679756386948226834609, 18205911982994253414400000000000000), 17020248864736031 candidates (MITM path)
  MITM b1=280: s=4 t=3 j=3 je=3 Q=21952000 table=50243409 yh=338755853
stage b2=370 vs b1={281}: values [2435692242160813053970000000000000, 19137644314233322299008947929826321), 17593618262359858 candidates (MITM path)
  MITM b1=281: s=4 t=3 j=3 je=3 Q=22188041 table=50653000 yh=347336156
stage b2=371 vs b1={282}: values [2522672221614251920828329838491011, 20113493823636134316549694448615424), 18183134738968371 candidates (MITM path)
  MITM b1=282: s=4 t=3 j=3 je=3 Q=22425768 table=51064811 yh=356079547
stage b2=372 vs b1={283}: values [2612511545855536528237681340055552, 21135381789957450134663699873055529), 18789174734044544 candidates (MITM path)
  MITM b1=283: s=4 t=3 j=3 je=3 Q=22665187 table=51478848 yh=364988252
stage b2=373 vs b1={284}: values [2705296144103775899249465745412933, 22205305913937498425779524506484736), 19412121741377671 candidates (MITM path)
  MITM b1=284: s=4 t=3 j=3 je=3 Q=22906304 table=51895117 yh=374064515
stage b2=374 vs b1={285}: values [2801114286793637945305730403098624, 23325343071852267342134088134765625), 20052366409609790 candidates (MITM path)
  MITM b1=285: s=4 t=3 j=3 je=3 Q=23149125 table=52313624 yh=383310597
stage b2=375 vs b1={286}: values [2900056642829440534114837646484375, 24497652158036179788437520640393216), 20710306643761703 candidates (MITM path)
  MITM b1=286: s=4 t=3 j=3 je=3 Q=23393656 table=52734375 yh=392728778
stage b2=376 vs b1={287}: values [3002216338080450019720605913317376, 25724477018923486959881583081626689), 21386347707743617 candidates (MITM path)
  MITM b1=287: s=4 t=3 j=3 je=3 Q=23639903 table=53157376 yh=402321359
stage b2=377 vs b1={288}: values [3107689015140868348741078056241817, 27008149481218253520093899825086464), 22080902327855387 candidates (MITM path)
  MITM b1=288: s=4 t=3 j=3 je=3 Q=23887872 table=53582633 yh=412090655
done: 2093.88s, 6988687253 candidates tested
