A171740 search: n=14, threads=1, limit=none
stage b2=97 vs b1={70}: values [67302709016557486028618977, 67822307284900000000000000), 6430808175 candidates (MITM path)
  MITM b1=70: s=4 t=3 j=3 je=3 Q=343000 table=912673 yh=7047
stage b2=98 vs b1={71}: values [76902238926010403271876608, 82721210695570328927708881), 67029151278 candidates (MITM path)
  MITM b1=71: s=4 t=3 j=3 je=3 Q=357911 table=941192 yh=71218
stage b2=99 vs b1={72}: values [87752102299896798785221299, 100613197241791537106386944), 137984906003 candidates (MITM path)
  MITM b1=72: s=4 t=3 j=3 je=3 Q=373248 table=970299 yh=142209
stage b2=100 vs b1={73}: values [100000000000000000000000000, 122045014039746588673695409), 220450140398 candidates (MITM path)
  MITM b1=73: s=4 t=3 j=3 je=3 Q=389017 table=1000000 yh=220451
stage b2=101 vs b1={74}: values [113809328043328941786781301, 147653612273582215982104576), 315671749502 candidates (MITM path)
  MITM b1=74: s=4 t=3 j=3 je=3 Q=405224 table=1030301 yh=306388
stage b2=102 vs b1={75}: values [129360663045379622466772992, 178179480135440826416015625), 424997181257 candidates (MITM path)
  MITM b1=75: s=4 t=3 j=3 je=3 Q=421875 table=1061208 yh=400485
stage b2=103 vs b1={76}: values [146853371345156431381127623, 214481724045177216015794176), 549880395066 candidates (MITM path)
  MITM b1=76: s=4 t=3 j=3 je=3 Q=438976 table=1092727 yh=503219
stage b2=104 vs b1={77}: values [166507350731038802170609664, 257555099046722087448523609), 691888057971 candidates (MITM path)
  MITM b1=77: s=4 t=3 j=3 je=3 Q=456533 table=1124864 yh=615086
stage b2=105 vs b1={78}: values [188564914232323560791015625, 308549209196654470906527744), 852705983400 candidates (MITM path)
  MITM b1=78: s=4 t=3 j=3 je=3 Q=474552 table=1157625 yh=736600
stage b2=106 vs b1={79}: values [213292826014568334917410816, 368790120348678391253573281), 1034145817460 candidates (MITM path)
  MITM b1=79: s=4 t=3 j=3 je=3 Q=493039 table=1191016 yh=868289
stage b2=107 vs b1={80}: values [240984500018808097135911707, 439804651110400000000000000), 1238151977738 candidates (MITM path)
  MITM b1=80: s=4 t=3 j=3 je=3 Q=512000 table=1225043 yh=1010701

*** MATCH: 356935136906537962913330784 is an 14-digit palindrome in bases 80 and 107
stage b2=108 vs b1={81}: values [271962372616449667721330688, 523347633027360537213511521), 1466808849603 candidates (MITM path)
  MITM b1=81: s=4 t=3 j=3 je=3 Q=531441 table=1259712 yh=1164401
stage b2=109 vs b1={82}: values [306580461214335498944273629, 621432458361496515414605824), 1722348244969 candidates (MITM path)
  MITM b1=82: s=4 t=3 j=3 je=3 Q=551368 table=1295029 yh=1329969
stage b2=110 vs b1={83}: values [345227121439310000000000000, 736365263311636486061599129), 2007157128515 candidates (MITM path)
  MITM b1=83: s=4 t=3 j=3 je=3 Q=571787 table=1331000 yh=1508007
done: 1.29s, 5111860 candidates tested
