A171740 search: n=14, threads=1, limit=none
stage b2=356 vs b1={234}: values [1475196840792799996720033946402816, 1475781302562113238057324097191936), 806503251518 candidates (MITM path)
  MITM b1=234: s=5 t=2 j=2 je=4 Q=54756 table=126736 yh=6363648
stage b2=357 vs b1={235}: values [1529983719245630682916125419139957, 1566570960618087215175592041015625), 49505351987415 candidates (MITM path)
  MITM b1=235: s=4 t=3 j=3 je=3 Q=12977875 table=45499293 yh=1088047
stage b2=358 vs b1={236}: values [1586643461567221900574921745522688, 1662524452241727005330470932054016), 100681993444236 candidates (MITM path)
  MITM b1=236: s=4 t=3 j=3 je=3 Q=13144256 table=45882712 yh=2194334
stage b2=359 vs b1={237}: values [1645234589328065340756692514311879, 1763911713133997936335712142251289), 154420826435772 candidates (MITM path)
  MITM b1=237: s=4 t=3 j=3 je=3 Q=13312053 table=46268279 yh=3337510
stage b2=360 vs b1={238}: values [1705817281795782082560000000000000, 1871015558000686912224711093796864), 210808445557499 candidates (MITM path)
  MITM b1=238: s=4 t=3 j=3 je=3 Q=13481272 table=46656000 yh=4518357
stage b2=361 vs b1={239}: values [1768453418076865701195582595329481, 1984132236766622027506928774262241), 269933684570399 candidates (MITM path)
  MITM b1=239: s=4 t=3 j=3 je=3 Q=13651919 table=47045881 yh=5737669
stage b2=362 vs b1={240}: values [1833206620208037610752855912783872, 2103572012316858777600000000000000), 331887660386843 candidates (MITM path)
  MITM b1=240: s=4 t=3 j=3 je=3 Q=13824000 table=47437928 yh=6996252
stage b2=363 vs b1={241}: values [1900142297215885771145866243915803, 2229659760502257132817812847740961), 396763817663274 candidates (MITM path)
  MITM b1=241: s=4 t=3 j=3 je=3 Q=13997521 table=47832147 yh=8294920
stage b2=364 vs b1={242}: values [1969327690163771674979127676370944, 2362735593168883450473284633903104), 464657974004405 candidates (MITM path)
  MITM b1=242: s=4 t=3 j=3 je=3 Q=14172488 table=48228544 yh=9634502
stage b2=365 vs b1={243}: values [2040831918205308698658487548828125, 2503155504993241601315571986085849), 535668365783663 candidates (MITM path)
  MITM b1=243: s=4 t=3 j=3 je=3 Q=14348907 table=48627125 yh=11015835
stage b2=366 vs b1={244}: values [2114726025664037501814878311735296, 2651292044928480635622559471108096), 609895694584612 candidates (MITM path)
  MITM b1=244: s=4 t=3 j=3 je=3 Q=14526784 table=49027896 yh=12439769
stage b2=367 vs b1={245}: values [2191083030159251239243293893133487, 2807535013090453863383795166015625), 687443174268096 candidates (MITM path)
  MITM b1=245: s=4 t=3 j=3 je=3 Q=14706125 table=49430863 yh=13907166
stage b2=368 vs b1={246}: values [2269977971798254959728479560531968, 2972292183936828626836081803411456), 768416578669841 candidates (MITM path)
  MITM b1=246: s=4 t=3 j=3 je=3 Q=14886936 table=49836032 yh=15418896
stage b2=369 vs b1={247}: values [2351487963455679756386948226834609, 3145990056617379761511309839089969), 852924289933265 candidates (MITM path)
  MITM b1=247: s=4 t=3 j=3 je=3 Q=15069223 table=50243409 yh=16975845
stage b2=370 vs b1={248}: values [2435692242160813053970000000000000, 3329074633399155440492375267344384), 941077347482248 candidates (MITM path)
  MITM b1=248: s=4 t=3 j=3 je=3 Q=15252992 table=50653000 yh=18578907
stage b2=371 vs b1={249}: values [2522672221614251920828329838491011, 3522012227096394652101560724434001), 1032989497638622 candidates (MITM path)
  MITM b1=249: s=4 t=3 j=3 je=3 Q=15438249 table=51064811 yh=20228989
stage b2=372 vs b1={250}: values [2612511545855536528237681340055552, 3725290298461914062500000000000000), 1128777243889131 candidates (MITM path)
  MITM b1=250: s=4 t=3 j=3 je=3 Q=15625000 table=51478848 yh=21927011
stage b2=373 vs b1={251}: values [2705296144103775899249465745412933, 3939418324524181765386728349441001), 1228559897806639 candidates (MITM path)
  MITM b1=251: s=4 t=3 j=3 je=3 Q=15813251 table=51895117 yh=23673902
stage b2=374 vs b1={252}: values [2801114286793637945305730403098624, 4164928698882469942515671324688384), 1332459630630341 candidates (MITM path)
  MITM b1=252: s=4 t=3 j=3 je=3 Q=16003008 table=52313624 yh=25470605
stage b2=375 vs b1={253}: values [2900056642829440534114837646484375, 4402377665001341492756836874350969), 1440601525509761 candidates (MITM path)
  MITM b1=253: s=4 t=3 j=3 je=3 Q=16194277 table=52734375 yh=27318074
stage b2=376 vs b1={254}: values [3002216338080450019720605913317376, 4652346283575291198546759565459456), 1553113630417313 candidates (MITM path)
  MITM b1=254: s=4 t=3 j=3 je=3 Q=16387064 table=53157376 yh=29217275
stage b2=377 vs b1={255}: values [3107689015140868348741078056241817, 4915441435064644177113043212890625), 1670127011734196 candidates (MITM path)
  MITM b1=255: s=4 t=3 j=3 je=3 Q=16581375 table=53582633 yh=31169186

*** MATCH: 4875562660216038938959385141229312 is an 14-digit palindrome in bases 255 and 377
stage b2=378 vs b1={256}: values [3216572894378369589263147095400448, 5192296858534827628530496329220096), 1791775808514417 candidates (MITM path)
  MITM b1=256: s=4 t=3 j=3 je=3 Q=16777216 table=54010152 yh=33174797
stage b2=379 vs b1={257}: values [3328968836295431565149961657333739, 5483574227962890893331590433934849), 1918197287431729 candidates (MITM path)
  MITM b1=257: s=4 t=3 j=3 je=3 Q=16974593 table=54439939 yh=35235111
stage b2=380 vs b1={258}: values [3444980405228098273280000000000000, 5789964267207668452827559331119104), 2049531898414275 candidates (MITM path)
  MITM b1=258: s=4 t=3 j=3 je=3 Q=17173512 table=54872000 yh=37351143
stage b2=381 vs b1={259}: values [3564713934407203969659599412660141, 6112187904873275865980332271043961), 2185923330971733 candidates (MITM path)
  MITM b1=259: s=4 t=3 j=3 je=3 Q=17373979 table=55306341 yh=39523919
stage b2=382 vs b1={260}: values [3688278592407490288045563431084032, 6450997470329715097600000000000000), 2327518571219764 candidates (MITM path)
  MITM b1=260: s=4 t=3 j=3 je=3 Q=17576000 table=55742968 yh=41754479
stage b2=383 vs b1={261}: values [3815786451010453557735946798011263, 6807177932189258856180832656779241), 2474467959606563 candidates (MITM path)
  MITM b1=261: s=4 t=3 j=3 je=3 Q=17779581 table=56181887 yh=44043875
stage b2=384 vs b1={262}: values [3947352554507170672035992860360704, 7181548180572999273393724747300864), 2626925249346324 candidates (MITM path)
  MITM b1=262: s=4 t=3 j=3 je=3 Q=17984728 table=56623104 yh=46393170
stage b2=385 vs b1={263}: values [4083094990467768482531636962890625, 7574962354538500616775660413022289), 2785047665564429 candidates (MITM path)
  MITM b1=263: s=4 t=3 j=3 je=3 Q=18191447 table=57066625 yh=48803441
stage b2=386 vs b1={264}: values [4223134962004623814104936875565056, 7988311216076905079138811711062016), 2948995965159168 candidates (MITM path)
  MITM b1=264: s=4 t=3 j=3 je=3 Q=18399744 table=57512456 yh=51275779
stage b2=387 vs b1={265}: values [4367596861556808869457342044548947, 8422523572126121633218804931640625), 3118934497384810 candidates (MITM path)
  MITM b1=265: s=4 t=3 j=3 je=3 Q=18609625 table=57960603 yh=53811285
stage b2=388 vs b1={266}: values [4516608346223730078076491035312128, 8878567746085897335509947690663936), 3295031265160859 candidates (MITM path)
  MITM b1=266: s=4 t=3 j=3 je=3 Q=18821096 table=58411072 yh=56411074
stage b2=389 vs b1={267}: values [4670300414676347401856768325525269, 9357453100360645426341446339617929), 3477457987112289 candidates (MITM path)
  MITM b1=267: s=4 t=3 j=3 je=3 Q=19034163 table=58863869 yh=59076273
stage b2=390 vs b1={268}: values [4828807485674805797190000000000000, 9860231611496902484101890807169024), 3666390160345621 candidates (MITM path)
  MITM b1=268: s=4 t=3 j=3 je=3 Q=19248832 table=59319000 yh=61808024
done: 264.77s, 492459806 candidates tested
