A171740 search: n=14, threads=1, limit=none
stage b2=407 vs b1={265}: values [8408670214732362685449475031095607, 8422523572126121633218804931640625), 7488488615262 candidates (MITM path)
  MITM b1=265: s=4 t=3 j=3 je=3 Q=18609625 table=67419143 yh=111074
stage b2=408 vs b1={266}: values [8681247143262206912494013239001088, 8878567746085897335509947690663936), 104845861351561 candidates (MITM path)
  MITM b1=266: s=4 t=3 j=3 je=3 Q=18821096 table=67917312 yh=1543729
stage b2=409 vs b1={267}: values [8961960059940892637875611279849529, 9357453100360645426341446339617929), 206574014462550 candidates (MITM path)
  MITM b1=267: s=4 t=3 j=3 je=3 Q=19034163 table=68417929 yh=3019297
stage b2=410 vs b1={268}: values [9251031023150136293210000000000000, 9860231611496902484101890807169024), 312804733989563 candidates (MITM path)
  MITM b1=268: s=4 t=3 j=3 je=3 Q=19248832 table=68921000 yh=4538599
stage b2=411 vs b1={269}: values [9548687587417003604089240200373131, 10387999499524225396026023192028121), 423672849615565 candidates (MITM path)
  MITM b1=269: s=4 t=3 j=3 je=3 Q=19465109 table=69426531 yh=6102464
stage b2=412 vs b1={270}: values [9855162925543600012281425818550272, 10941898913151235920900000000000000), 539316288205021 candidates (MITM path)
  MITM b1=270: s=4 t=3 j=3 je=3 Q=19683000 table=69934528 yh=7711732
stage b2=413 vs b1={271}: values [10170695953143139404457311421253453, 11523119672512394327137541804059681), 659876128007748 candidates (MITM path)
  MITM b1=271: s=4 t=3 j=3 je=3 Q=19902511 table=70444997 yh=9367254
stage b2=414 vs b1={272}: values [10495531455623776755395673235513344, 12132901071205952454668884633452544), 785496653531452 candidates (MITM path)
  MITM b1=272: s=4 t=3 j=3 je=3 Q=20123648 table=70957944 yh=11069891
stage b2=415 vs b1={273}: values [10829920217662198884330277099609375, 12772533739409419310834931469027809), 916325411087615 candidates (MITM path)
  MITM b1=273: s=4 t=3 j=3 je=3 Q=20346417 table=71473375 yh=12820515
stage b2=416 vs b1={274}: values [11174119155209583553590348738461696, 13443361569905787990117147696971776), 1052513265015448 candidates (MITM path)
  MITM b1=274: s=4 t=3 j=3 je=3 Q=20570824 table=71991296 yh=14620008
stage b2=417 vs b1={275}: values [11528391450073160681535117383503137, 14146783708901740610599517822265625), 1194214454588593 candidates (MITM path)
  MITM b1=275: s=4 t=3 j=3 je=3 Q=20796875 table=72511713 yh=16469263
stage b2=418 vs b1={276}: values [11893006687117240570102814793146368, 14884256613568087679683209751166976), 1341586651609275 candidates (MITM path)
  MITM b1=276: s=4 t=3 j=3 je=3 Q=21024576 table=73034632 yh=18369185
stage b2=419 vs b1={277}: values [12268240994128212834729297883414259, 15657296178282829721680640148731209), 1494791018694628 candidates (MITM path)
  MITM b1=277: s=4 t=3 j=3 je=3 Q=21253933 table=73560059 yh=20320689
stage b2=420 vs b1={278}: values [12654377184388666245120000000000000, 16467479931608472298443740375302144), 1653992268259884 candidates (MITM path)
  MITM b1=278: s=4 t=3 j=3 je=3 Q=21484952 table=74088000 yh=22324699
stage b2=421 vs b1={279}: values [13051704902006434014097498971732661, 17316449306087601206337604921562481), 1819358722203148 candidates (MITM path)
  MITM b1=279: s=4 t=3 j=3 je=3 Q=21717639 table=74618461 yh=24382153
stage b2=422 vs b1={280}: values [13460520770045031283752025608445952, 18205911982994253414400000000000000), 1991062372296495 candidates (MITM path)
  MITM b1=280: s=4 t=3 j=3 je=3 Q=21952000 table=75151448 yh=26493999
stage b2=423 vs b1={281}: values [13881128541502621729192837547096583, 19137644314233322299008947929826321), 2169278941288079 candidates (MITM path)
  MITM b1=281: s=4 t=3 j=3 je=3 Q=22188041 table=75686967 yh=28661196
stage b2=424 vs b1={282}: values [14313839253187328406678973683073024, 20113493823636134316549694448615424), 2354187944720016 candidates (MITM path)
  MITM b1=282: s=4 t=3 j=3 je=3 Q=22425768 table=76225024 yh=30884713
stage b2=425 vs b1={283}: values [14758971382537390291690826416015625, 21135381789957450134663699873055529), 2545972753466751 candidates (MITM path)
  MITM b1=283: s=4 t=3 j=3 je=3 Q=22665187 table=76765625 yh=33165532

*** MATCH: 15448907362926509016944572154790576 is an 14-digit palindrome in bases 283 and 425
stage b2=426 vs b1={284}: values [15216851007435360461032099699531776, 22205305913937498425779524506484736), 2744820656998652 candidates (MITM path)
  MITM b1=284: s=4 t=3 j=3 je=3 Q=22906304 table=77308776 yh=35504646
done: 175.02s, 263577971 candidates tested
