A171740 search: n=14, threads=1, limit=none
stage b2=184 vs b1={127}: values [277096920385529169888730415104, 283956682347124706942551243009), 960692244180 candidates (MITM path)
  MITM b1=127: s=4 t=3 j=3 je=3 Q=2048383 table=6229504 yh=154217
stage b2=185 vs b1={128}: values [297325713154396124752197265625, 316912650057057350374175801344), 2640975823146 candidates (MITM path)
  MITM b1=128: s=4 t=3 j=3 je=3 Q=2097152 table=6331625 yh=417109
stage b2=186 vs b1={129}: values [318910100812443423857138835456, 353391373730936795216525838081), 4477057585171 candidates (MITM path)
  MITM b1=129: s=4 t=3 j=3 je=3 Q=2146689 table=6434856 yh=695752
stage b2=187 vs b1={130}: values [341932896337114006995328418347, 393737638569928900000000000000), 6478556809004 candidates (MITM path)
  MITM b1=130: s=4 t=3 j=3 je=3 Q=2197000 table=6539203 yh=990726
stage b2=188 vs b1={131}: values [366481486582086184047925526528, 438326915318176225182722457721), 8655540561884 candidates (MITM path)
  MITM b1=131: s=4 t=3 j=3 je=3 Q=2248091 table=6644672 yh=1302629
stage b2=189 vs b1={132}: values [392648058395797069001849010669, 487567823246881413521655988224), 11018539285564 candidates (MITM path)
  MITM b1=132: s=4 t=3 j=3 je=3 Q=2299968 table=6751269 yh=1632070
stage b2=190 vs b1={133}: values [420529834622570590000000000000, 541904769658563069794308330729), 13578562755746 candidates (MITM path)
  MITM b1=133: s=4 t=3 j=3 je=3 Q=2352637 table=6859000 yh=1979671
stage b2=191 vs b1={134}: values [450229320362242466802436942271, 601820777068902739508172046336), 16347116419790 candidates (MITM path)
  MITM b1=134: s=4 t=3 j=3 je=3 Q=2406104 table=6967871 yh=2346071
stage b2=192 vs b1={135}: values [481854559876363607426268659712, 667840509835890864312744140625), 19336218117558 candidates (MITM path)
  MITM b1=135: s=4 t=3 j=3 je=3 Q=2460375 table=7077888 yh=2731920
stage b2=193 vs b1={136}: values [515519404541580055432731552193, 740533512646847684000786415616), 22558415190297 candidates (MITM path)
  MITM b1=136: s=4 t=3 j=3 je=3 Q=2515456 table=7189057 yh=3137883
stage b2=194 vs b1={137}: values [551343792263638925546446659584, 820517673944445067756173565489), 26026801982423 candidates (MITM path)
  MITM b1=137: s=4 t=3 j=3 je=3 Q=2571353 table=7301384 yh=3564640
stage b2=195 vs b1={138}: values [589454038778662817039794921875, 908462928074224101543164657664), 29755037741103 candidates (MITM path)
  MITM b1=138: s=4 t=3 j=3 je=3 Q=2628072 table=7414875 yh=4012885
stage b2=196 vs b1={139}: values [629983141281877223603213172736, 1005095210669462420559310325641), 33757364918533 candidates (MITM path)
  MITM b1=139: s=4 t=3 j=3 je=3 Q=2685619 table=7529536 yh=4483327
stage b2=197 vs b1={140}: values [673071094837873811440793512277, 1111200682555801600000000000000), 38048627881796 candidates (MITM path)
  MITM b1=140: s=4 t=3 j=3 je=3 Q=2744000 table=7645373 yh=4976687
stage b2=198 vs b1={141}: values [718865222040754575648532881408, 1227630238259041401156597561561), 42644292035219 candidates (MITM path)
  MITM b1=141: s=4 t=3 j=3 je=3 Q=2803221 table=7762392 yh=5493706
stage b2=199 vs b1={142}: values [767520516407135386698284882599, 1355304316036224269151582306304), 47560463360121 candidates (MITM path)
  MITM b1=142: s=4 t=3 j=3 je=3 Q=2863288 table=7880599 yh=6035134
stage b2=200 vs b1={143}: values [819200000000000000000000000000, 1495218027223887926540376015649), 52813908376867 candidates (MITM path)
  MITM b1=143: s=4 t=3 j=3 je=3 Q=2924207 table=8000000 yh=6601739
stage b2=201 vs b1={144}: values [874075095796795036986291122601, 1648446623609512543951043690496), 58422074534144 candidates (MITM path)
  MITM b1=144: s=4 t=3 j=3 je=3 Q=2985984 table=8120601 yh=7194305
stage b2=202 vs b1={145}: values [932326015330950691117312417792, 1816151322484127584722900390625), 64403111030379 candidates (MITM path)
  MITM b1=145: s=4 t=3 j=3 je=3 Q=3048625 table=8242408 yh=7813629
stage b2=203 vs b1={146}: values [994142162152209023250193980923, 1999585510027208108829825581056), 70775890072207 candidates (MITM path)
  MITM b1=146: s=4 t=3 j=3 je=3 Q=3112136 table=8365427 yh=8460524
stage b2=204 vs b1={147}: values [1059722551667749867247804350464, 2200101344710858346413248902169), 77560028574932 candidates (MITM path)
  MITM b1=147: s=4 t=3 j=3 je=3 Q=3176523 table=8489664 yh=9135819
stage b2=205 vs b1={148}: values [1129276247943131871729736328125, 2419156783490371026650801373184), 84775910309897 candidates (MITM path)
  MITM b1=148: s=4 t=3 j=3 je=3 Q=3241792 table=8615125 yh=9840358
stage b2=206 vs b1={149}: values [1203022818059521485874197487616, 2658323054674126527963029795401), 92444708503697 candidates (MITM path)
  MITM b1=149: s=4 t=3 j=3 je=3 Q=3307949 table=8741816 yh=10575001
stage b2=207 vs b1={150}: values [1281192804641574310961385893007, 2919292602539062500000000000000), 100588408894174 candidates (MITM path)
  MITM b1=150: s=4 t=3 j=3 je=3 Q=3375000 table=8869743 yh=11340623

*** MATCH: 2621107282823270050917781522784 is an 14-digit palindrome in bases 150 and 207
stage b2=208 vs b1={151}: values [1364028217188669867381634367488, 3203887529980253057019236799601), 109229833248128 candidates (MITM path)
  MITM b1=151: s=4 t=3 j=3 je=3 Q=3442951 table=8998912 yh=12138116
stage b2=209 vs b1={152}: values [1451783042860991280530128758929, 3514068566756183507202771779584), 118392663345685 candidates (MITM path)
  MITM b1=152: s=4 t=3 j=3 je=3 Q=3511808 table=9129329 yh=12968387
stage b2=210 vs b1={153}: values [1544723777391194610000000000000, 3851944592216835046631374058769), 128101465436265 candidates (MITM path)
  MITM b1=153: s=4 t=3 j=3 je=3 Q=3581577 table=9261000 yh=13832358
stage b2=211 vs b1={154}: values [1643129976812137607879885938531, 4219782742781494680756610809856), 138381715171104 candidates (MITM path)
  MITM b1=154: s=4 t=3 j=3 je=3 Q=3652264 table=9393931 yh=14730970
stage b2=212 vs b1={155}: values [1747294830711343799643429404672, 4620019135869118166021728515625), 149259823017263 candidates (MITM path)
  MITM b1=155: s=4 t=3 j=3 je=3 Q=3723875 table=9528128 yh=15665179
stage b2=213 vs b1={156}: values [1857525757743574275028332482853, 5055270243477986851332550557696), 160763160158100 candidates (MITM path)
  MITM b1=156: s=4 t=3 j=3 je=3 Q=3796416 table=9663597 yh=16635955

*** MATCH: 2094053435751794261252480092288 is an 14-digit palindrome in bases 156 and 213
stage b2=214 vs b1={157}: values [1974145024154075931737388703744, 5528344950165252334658020725049), 172920084885133 candidates (MITM path)
  MITM b1=157: s=4 t=3 j=3 je=3 Q=3869893 table=9800344 yh=17644288
done: 45.48s, 147133662 candidates tested
