A171740 search: n=14, threads=1, limit=none
stage b2=147 vs b1={103}: values [14966675814359580587845230627, 15125897248551112432256145169), 107344596606 candidates (MITM path)
  MITM b1=103: s=4 t=3 j=3 je=3 Q=1092727 table=3176523 yh=33794
stage b2=148 vs b1={104}: values [16345653942502506936829739008, 17316764476028035425743405056), 624362278929 candidates (MITM path)
  MITM b1=104: s=4 t=3 j=3 je=3 Q=1124864 table=3241792 yh=192598
stage b2=149 vs b1={105}: values [17841094326671990120557246949, 19799315994393973883056640625), 1201041386205 candidates (MITM path)
  MITM b1=105: s=4 t=3 j=3 je=3 Q=1157625 table=3307949 yh=363078
stage b2=150 vs b1={106}: values [19461950683593750000000000000, 22609039557544243501245546496), 1841917585120 candidates (MITM path)
  MITM b1=106: s=4 t=3 j=3 je=3 Q=1191016 table=3375000 yh=545754
stage b2=151 vs b1={107}: values [21217798211789755344498256951, 25785341502012466393542552649), 2551784770411 candidates (MITM path)
  MITM b1=107: s=4 t=3 j=3 je=3 Q=1225043 table=3442951 yh=741163
stage b2=152 vs b1={108}: values [23118872149711733600018235392, 29371936242576564113903714304), 3335705987796 candidates (MITM path)
  MITM b1=108: s=4 t=3 j=3 je=3 Q=1259712 table=3511808 yh=949855
stage b2=153 vs b1={109}: values [25176108445861666971446889273, 33417270272362569384925825561), 4199024672580 candidates (MITM path)
  MITM b1=109: s=4 t=3 j=3 je=3 Q=1295029 table=3581577 yh=1172396
stage b2=154 vs b1={110}: values [27401186641438277147770200064, 37974983358324100000000000000), 5147376208832 candidates (MITM path)
  MITM b1=110: s=4 t=3 j=3 je=3 Q=1331000 table=3652264 yh=1409366
stage b2=155 vs b1={111}: values [29806575070123343006591796875, 43104409804843948852155196641), 6186699814046 candidates (MITM path)
  MITM b1=111: s=4 t=3 j=3 je=3 Q=1367631 table=3723875 yh=1661361
stage b2=156 vs b1={112}: values [32405578483833249047003529216, 48871122850509266606740209664), 7323250754199 candidates (MITM path)
  MITM b1=112: s=4 t=3 j=3 je=3 Q=1404928 table=3796416 yh=1928991
stage b2=157 vs b1={113}: values [35212388217613072195274017357, 55347525466347647961440563489), 8563612894121 candidates (MITM path)
  MITM b1=113: s=4 t=3 j=3 je=3 Q=1442897 table=3869893 yh=2212882
stage b2=158 vs b1={114}: values [38242135011346498495560409088, 62613491038491041486196719616), 9914711588110 candidates (MITM path)
  MITM b1=114: s=4 t=3 j=3 je=3 Q=1481544 table=3944312 yh=2513674
stage b2=159 vs b1={115}: values [41510944610598709891422261279, 70757057644889830377197265625), 11383826915707 candidates (MITM path)
  MITM b1=115: s=4 t=3 j=3 je=3 Q=1520875 table=4019679 yh=2832024
stage b2=160 vs b1={116}: values [45035996273704960000000000000, 79875179874882329144077582336), 12978607267580 candidates (MITM path)
  MITM b1=116: s=4 t=3 j=3 je=3 Q=1560896 table=4096000 yh=3168606
stage b2=161 vs b1={117}: values [48835584317168806944303054881, 90074542392707106815022222729), 14707083286436 candidates (MITM path)
  MITM b1=117: s=4 t=3 j=3 je=3 Q=1601613 table=4173281 yh=3524106
stage b2=162 vs b1={118}: values [52929182836544907664852918272, 101472439712019470540189876224), 16577682167913 candidates (MITM path)
  MITM b1=118: s=4 t=3 j=3 je=3 Q=1643032 table=4251528 yh=3899230
stage b2=163 vs b1={119}: values [57337513745255995642033865203, 114197726928752863294965276721), 18599242326393 candidates (MITM path)
  MITM b1=119: s=4 t=3 j=3 je=3 Q=1685159 table=4330747 yh=4294697
stage b2=164 vs b1={120}: values [62082618279236334808249401344, 128391846454886400000000000000), 20781028430682 candidates (MITM path)
  MITM b1=120: s=4 t=3 j=3 je=3 Q=1728000 table=4410944 yh=4711243

*** MATCH: 112914440743929963539198580585 is an 14-digit palindrome in bases 120 and 164
stage b2=165 vs b1={121}: values [67187932120908818009033203125, 144209936106499234037676064081), 23132746814510 candidates (MITM path)
  MITM b1=121: s=4 t=3 j=3 je=3 Q=1771561 table=4492125 yh=5149623
stage b2=166 vs b1={122}: values [72678364301794290286947229696, 161822024226591835670322233344), 25664561266807 candidates (MITM path)
  MITM b1=122: s=4 t=3 j=3 je=3 Q=1815848 table=4574296 yh=5610604
stage b2=167 vs b1={123}: values [78580380049024038323955354887, 181414317867238075368413196009), 28387109206706 candidates (MITM path)
  MITM b1=123: s=4 t=3 j=3 je=3 Q=1860867 table=4657463 yh=6094973
stage b2=168 vs b1={124}: values [84922087747184192618514874368, 203190590417428920928489701376), 31311518248241 candidates (MITM path)
  MITM b1=124: s=4 t=3 j=3 je=3 Q=1906624 table=4741632 yh=6603532
stage b2=169 vs b1={125}: values [91733330193268616658399616009, 227373675443232059478759765625), 34449423159700 candidates (MITM path)
  MITM b1=125: s=4 t=3 j=3 je=3 Q=1953125 table=4826809 yh=7137101
stage b2=170 vs b1={126}: values [99045780329059370000000000000, 254207073906400753327372517376), 37812983222603 candidates (MITM path)
  MITM b1=126: s=4 t=3 j=3 je=3 Q=2000376 table=4913000 yh=7696517
stage b2=171 vs b1={127}: values [106893041641995777582962424411, 283956682347124706942551243009), 41414899995267 candidates (MITM path)
  MITM b1=127: s=4 t=3 j=3 je=3 Q=2048383 table=5000211 yh=8282631
done: 12.45s, 46326847 candidates tested
