A171740 search: n=14, threads=1, limit=none
stage b2=307 vs b1={204}: values [215178502706688025671134922954307, 216183400540220972918552087494656), 3909788650477 candidates (MITM path)
  MITM b1=204: s=4 t=3 j=3 je=3 Q=8489664 table=28934443 yh=135126
stage b2=308 vs b1={205}: values [224470520966662366394533478924288, 231501630828342033704595947265625), 26740459659918 candidates (MITM path)
  MITM b1=205: s=4 t=3 j=3 je=3 Q=8615125 table=29218112 yh=915202
stage b2=309 vs b1={206}: values [234131707563123837148853535284229, 247822700520261426090084682448896), 50900915204894 candidates (MITM path)
  MITM b1=206: s=4 t=3 j=3 je=3 Q=8741816 table=29503629 yh=1725243
stage b2=310 vs b1={207}: values [244175462974450425910000000000000, 265206910560805882369006879852449), 76442927238771 candidates (MITM path)
  MITM b1=207: s=4 t=3 j=3 je=3 Q=8869743 table=29791000 yh=2565974
stage b2=311 vs b1={208}: values [254615628434964860079726492575831, 283717869175243332415379948437504), 103419802909306 candidates (MITM path)
  MITM b1=208: s=4 t=3 j=3 je=3 Q=8998912 table=30080231 yh=3438132
stage b2=312 vs b1={209}: values [265466498939561976193052911337472, 303422655957947177630796910616161), 131886419016761 candidates (MITM path)
  MITM b1=209: s=4 t=3 j=3 je=3 Q=9129329 table=30371328 yh=4342465
stage b2=313 vs b1={210}: values [276742836588297080874770702008153, 324391993252150868100000000000000), 161899257012936 candidates (MITM path)
  MITM b1=210: s=4 t=3 j=3 je=3 Q=9261000 table=30664297 yh=5279732
stage b2=314 vs b1={211}: values [288459884278686287423684750188544, 346700425107361035262655933030041), 193516438545891 candidates (MITM path)
  MITM b1=211: s=4 t=3 j=3 je=3 Q=9393931 table=30959144 yh=6250704
stage b2=315 vs b1={212}: values [300633379753620796411014404296875, 370426504110804885524407033790464), 226797761555101 candidates (MITM path)
  MITM b1=212: s=4 t=3 j=3 je=3 Q=9528128 table=31255875 yh=7256165
stage b2=316 vs b1={213}: values [313279570012950515675630871248896, 395652986399381320581034818847689), 261804736921830 candidates (MITM path)
  MITM b1=213: s=4 t=3 j=3 je=3 Q=9663597 table=31554496 yh=8296908
stage b2=317 vs b1={214}: values [326415226096948316604835490633837, 422467035168972249391801182601216), 298600625679475 candidates (MITM path)
  MITM b1=214: s=4 t=3 j=3 je=3 Q=9800344 table=31855013 yh=9373741
stage b2=318 vs b1={215}: values [340057658250024631430531164397568, 450960433008657859896539306640625), 337250476788682 candidates (MITM path)
  MITM b1=215: s=4 t=3 j=3 je=3 Q=9938375 table=32157432 yh=10487482
stage b2=319 vs b1={216}: values [354224731473223042578261139664959, 481229803398374426442198455156736), 377821165481995 candidates (MITM path)
  MITM b1=216: s=4 t=3 j=3 je=3 Q=10077696 table=32461759 yh=11638962
stage b2=320 vs b1={217}: values [368934881474191032320000000000000, 513376841719862879656860722064529), 420381432182831 candidates (MITM path)
  MITM b1=217: s=4 t=3 j=3 je=3 Q=10218313 table=32768000 yh=12829024
stage b2=321 vs b1={218}: values [384207131023486181850018160439361, 547508556142388336802624725991424), 465001922003577 candidates (MITM path)
  MITM b1=218: s=4 t=3 j=3 je=3 Q=10360232 table=33076161 yh=14058522
stage b2=322 vs b1={219}: values [400061106726246866487730625585152, 583737518756672701482036256689321), 511755224827598 candidates (MITM path)
  MITM b1=219: s=4 t=3 j=3 je=3 Q=10503459 table=33386248 yh=15328324
stage b2=323 vs b1={220}: values [416517056218427921387174661259283, 622182127342782054400000000000000), 560715915979952 candidates (MITM path)
  MITM b1=220: s=4 t=3 j=3 je=3 Q=10648000 table=33698267 yh=16639311
stage b2=324 vs b1={221}: values [433595865796975883590475106484224, 662966878170355779548558581239481), 611960597491630 candidates (MITM path)
  MITM b1=221: s=4 t=3 j=3 je=3 Q=10793861 table=34012224 yh=17992373
stage b2=325 vs b1={222}: values [451319078493495285511016845703125, 706222650242563257993710741766144), 665567939962108 candidates (MITM path)
  MITM b1=222: s=4 t=3 j=3 je=3 Q=10941048 table=34328125 yh=19388416
stage b2=326 vs b1={223}: values [469708912601137116299541423742976, 752087001408534719216214439862209), 721618725025047 candidates (MITM path)
  MITM b1=223: s=4 t=3 j=3 je=3 Q=11089567 table=34645976 yh=20828357
stage b2=327 vs b1={224}: values [488788280664623015683331165008167, 800704476782743824084831595134976), 780195888421932 candidates (MITM path)
  MITM b1=224: s=4 t=3 j=3 je=3 Q=11239424 table=34965783 yh=22313126
stage b2=328 vs b1={225}: values [508580808943504054749179095810048, 852226929923929274082183837890625), 841384563688487 candidates (MITM path)
  MITM b1=225: s=4 t=3 j=3 je=3 Q=11390625 table=35287552 yh=23843665
stage b2=329 vs b1={226}: values [529110857358941125064944829442089, 906813857240639864200242192203776), 905272126458692 candidates (MITM path)
  MITM b1=226: s=4 t=3 j=3 je=3 Q=11543176 table=35611289 yh=25420932
stage b2=330 vs b1={227}: values [550403539934485037130000000000000, 964632746105380745721862822346809), 971948239391204 candidates (MITM path)
  MITM b1=227: s=4 t=3 j=3 je=3 Q=11697083 table=35937000 yh=27045893
stage b2=331 vs b1={228}: values [572484745741528457369486524730491, 1025859437174637223709847054188544), 1041504897723054 candidates (MITM path)
  MITM b1=228: s=4 t=3 j=3 je=3 Q=11852352 table=36264691 yh=28719531
stage b2=332 vs b1={229}: values [595381160360298826030671705669632, 1090678501427765328462322842832681), 1114036475455411 candidates (MITM path)
  MITM b1=229: s=4 t=3 j=3 je=3 Q=12008989 table=36594368 yh=30442840
stage b2=333 vs b1={230}: values [619120287867461433025357023191613, 1159283632453874980900000000000000), 1189639772176285 candidates (MITM path)
  MITM b1=230: s=4 t=3 j=3 je=3 Q=12167000 table=36926037 yh=32216828
stage b2=334 vs b1={231}: values [643730473361604921949842267234304, 1231878054532401295881577517615121), 1268414060524996 candidates (MITM path)
  MITM b1=231: s=4 t=3 j=3 je=3 Q=12326391 table=37259704 yh=34042516
stage b2=335 vs b1={232}: values [669240926038087681500960693359375, 1308674947070072080696567108993024), 1350461134303256 candidates (MITM path)
  MITM b1=232: s=4 t=3 j=3 je=3 Q=12487168 table=37595375 yh=35920938
stage b2=336 vs b1={233}: values [695681742824932905930873850822656, 1389897885974444705448234373058929), 1435885357237706 candidates (MITM path)
  MITM b1=233: s=4 t=3 j=3 je=3 Q=12649337 table=37933056 yh=37853143
stage b2=337 vs b1={234}: values [723083932591672600024489796161297, 1475781302562113238057324097191936), 1524793712398785 candidates (MITM path)
  MITM b1=234: s=4 t=3 j=3 je=3 Q=12812904 table=38272753 yh=39840189
stage b2=338 vs b1={235}: values [751479440943256507665609654345728, 1566570960618087215175592041015625), 1617295852280747 candidates (MITM path)
  MITM b1=235: s=4 t=3 j=3 je=3 Q=12977875 table=38614472 yh=41883154
stage b2=339 vs b1={236}: values [780901175611360895051573482331619, 1662524452241727005330470932054016), 1713504149547719 candidates (MITM path)
  MITM b1=236: s=4 t=3 j=3 je=3 Q=13144256 table=38958219 yh=43983124
stage b2=340 vs b1={237}: values [811383032455654359040000000000000, 1763911713133997936335712142251289), 1813533748450651 candidates (MITM path)
  MITM b1=237: s=4 t=3 j=3 je=3 Q=13312053 table=39304000 yh=46141201
stage b2=341 vs b1={238}: values [842959922087803397334389217165221, 1871015558000686912224711093796864), 1917502616920007 candidates (MITM path)
  MITM b1=238: s=4 t=3 j=3 je=3 Q=13481272 table=39651821 yh=48358501
stage b2=342 vs b1={239}: values [875667797131229409959628180774912, 1984132236766622027506928774262241), 2025531599339086 candidates (MITM path)
  MITM b1=239: s=4 t=3 j=3 je=3 Q=13651919 table=40001688 yh=50636154
stage b2=343 vs b1={240}: values [909543680129861140820205019889143, 2103572012316858777600000000000000), 2137744470002839 candidates (MITM path)
  MITM b1=240: s=4 t=3 j=3 je=3 Q=13824000 table=40353607 yh=52975301
stage b2=344 vs b1={241}: values [944625692119362354506348084854784, 2229659760502257132817812847740961), 2254267987267043 candidates (MITM path)
  MITM b1=241: s=4 t=3 j=3 je=3 Q=13997521 table=40707584 yh=55377101
stage b2=345 vs b1={242}: values [980953081874553817708385009765625, 2362735593168883450473284633903104), 2375231948392718 candidates (MITM path)
  MITM b1=242: s=4 t=3 j=3 je=3 Q=14172488 table=41063625 yh=57842725
stage b2=346 vs b1={243}: values [1018566255846991457770364750503936, 2503155504993241601315571986085849), 2500769245090674 candidates (MITM path)
  MITM b1=243: s=4 t=3 j=3 je=3 Q=14348907 table=41421736 yh=60373357
stage b2=347 vs b1={244}: values [1057506808806908944576515283377227, 2651292044928480635622559471108096), 2631015919771049 candidates (MITM path)
  MITM b1=244: s=4 t=3 j=3 je=3 Q=14526784 table=41781923 yh=62970197
stage b2=348 vs b1={245}: values [1097817555203982927999768993988608, 2807535013090453863383795166015625), 2766111222502742 candidates (MITM path)
  MITM b1=245: s=4 t=3 j=3 je=3 Q=14706125 table=42144192 yh=65634459
stage b2=349 vs b1={246}: values [1139542561261632803799098096449549, 2972292183936828626836081803411456), 2906197668687619 candidates (MITM path)
  MITM b1=246: s=4 t=3 j=3 je=3 Q=14886936 table=42508549 yh=68367370
stage b2=350 vs b1={247}: values [1182727177819824218750000000000000, 3145990056617379761511309839089969), 3051421097454379 candidates (MITM path)
  MITM b1=247: s=4 t=3 j=3 je=3 Q=15069223 table=42875000 yh=71170172
stage b2=351 vs b1={248}: values [1227418073941606603920057053059551, 3329074633399155440492375267344384), 3201930730776984 candidates (MITM path)
  MITM b1=248: s=4 t=3 j=3 je=3 Q=15252992 table=43243551 yh=74044122
stage b2=352 vs b1={249}: values [1273663271298879886722784131284992, 3522012227096394652101560724434001), 3357879233322535 candidates (MITM path)
  MITM b1=249: s=4 t=3 j=3 je=3 Q=15438249 table=43614208 yh=76990490
stage b2=353 vs b1={250}: values [1321512179353154221437667378235873, 3725290298461914062500000000000000), 3519422773033498 candidates (MITM path)
  MITM b1=250: s=4 t=3 j=3 je=3 Q=15625000 table=43986977 yh=80010563
stage b2=354 vs b1={251}: values [1371015631347339138390230034161664, 3939418324524181765386728349441001), 3686721082449177 candidates (MITM path)
  MITM b1=251: s=4 t=3 j=3 je=3 Q=15813251 table=44361864 yh=83105640
stage b2=355 vs b1={252}: values [1422225921124874988441297607421875, 4164928698882469942515671324688384), 3859937520771343 candidates (MITM path)
  MITM b1=252: s=4 t=3 j=3 je=3 Q=16003008 table=44738875 yh=86277036
stage b2=356 vs b1={253}: values [1475196840792799996720033946402816, 4402377665001341492756836874350969), 4039239136678906 candidates (MITM path)
  MITM b1=253: s=4 t=3 j=3 je=3 Q=16194277 table=45118016 yh=89526081
stage b2=357 vs b1={254}: values [1529983719245630682916125419139957, 4652346283575291198546759565459456), 4224796731896563 candidates (MITM path)
  MITM b1=254: s=4 t=3 j=3 je=3 Q=16387064 table=45499293 yh=92854119
stage b2=358 vs b1={255}: values [1586643461567221900574921745522688, 4915441435064644177113043212890625), 4416784925522302 candidates (MITM path)
  MITM b1=255: s=4 t=3 j=3 je=3 Q=16581375 table=45882712 yh=96262508
stage b2=359 vs b1={256}: values [1645234589328065340756692514311879, 5192296858534827628530496329220096), 4615382219118699 candidates (MITM path)
  MITM b1=256: s=4 t=3 j=3 je=3 Q=16777216 table=46268279 yh=99752624
stage b2=360 vs b1={257}: values [1705817281795782082560000000000000, 5483574227962890893331590433934849), 4820771062572899 candidates (MITM path)
  MITM b1=257: s=4 t=3 j=3 je=3 Q=16974593 table=46656000 yh=103325855
stage b2=361 vs b1={258}: values [1768453418076865701195582595329481, 5789964267207668452827559331119104), 5033137920730212 candidates (MITM path)
  MITM b1=258: s=4 t=3 j=3 je=3 Q=17173512 table=47045881 yh=106983605
stage b2=362 vs b1={259}: values [1833206620208037610752855912783872, 6112187904873275865980332271043961), 5252673340806238 candidates (MITM path)
  MITM b1=259: s=4 t=3 j=3 je=3 Q=17373979 table=47437928 yh=110727293
stage b2=363 vs b1={260}: values [1900142297215885771145866243915803, 6450997470329715097600000000000000), 5479572020582431 candidates (MITM path)
  MITM b1=260: s=4 t=3 j=3 je=3 Q=17576000 table=47832147 yh=114558354
stage b2=364 vs b1={261}: values [1969327690163771674979127676370944, 6807177932189258856180832656779241), 5714032877390039 candidates (MITM path)
  MITM b1=261: s=4 t=3 j=3 je=3 Q=17779581 table=48228544 yh=118478238
stage b2=365 vs b1={262}: values [2040831918205308698658487548828125, 7181548180572999273393724747300864), 5956259117887326 candidates (MITM path)
  MITM b1=262: s=4 t=3 j=3 je=3 Q=17984728 table=48627125 yh=122488408
stage b2=366 vs b1={263}: values [2114726025664037501814878311735296, 7574962354538500616775660413022289), 6206458308635019 candidates (MITM path)
  MITM b1=263: s=4 t=3 j=3 je=3 Q=18191447 table=49027896 yh=126590346
stage b2=367 vs b1={264}: values [2191083030159251239243293893133487, 7988311216076905079138811711062016), 6464842447474894 candidates (MITM path)
  MITM b1=264: s=4 t=3 j=3 je=3 Q=18399744 table=49430863 yh=130785547
stage b2=368 vs b1={265}: values [2269977971798254959728479560531968, 8422523572126121633218804931640625), 6731628035716433 candidates (MITM path)
  MITM b1=265: s=4 t=3 j=3 je=3 Q=18609625 table=49836032 yh=135075522
stage b2=369 vs b1={266}: values [2351487963455679756386948226834609, 8878567746085897335509947690663936), 7007036151136489 candidates (MITM path)
  MITM b1=266: s=4 t=3 j=3 je=3 Q=18821096 table=50243409 yh=139461798
stage b2=370 vs b1={267}: values [2435692242160813053970000000000000, 9357453100360645426341446339617929), 7291292521796882 candidates (MITM path)
  MITM b1=267: s=4 t=3 j=3 je=3 Q=19034163 table=50653000 yh=143945917
stage b2=371 vs b1={268}: values [2522672221614251920828329838491011, 9860231611496902484101890807169024), 7584627600684869 candidates (MITM path)
  MITM b1=268: s=4 t=3 j=3 je=3 Q=19248832 table=51064811 yh=148529437
stage b2=372 vs b1={269}: values [2612511545855536528237681340055552, 10387999499524225396026023192028121), 7887276641181422 candidates (MITM path)
  MITM b1=269: s=4 t=3 j=3 je=3 Q=19465109 table=51478848 yh=153213931
stage b2=373 vs b1={270}: values [2705296144103775899249465745412933, 10941898913151235920900000000000000), 8199479773362243 candidates (MITM path)
  MITM b1=270: s=4 t=3 j=3 je=3 Q=19683000 table=51895117 yh=158000989
stage b2=374 vs b1={271}: values [2801114286793637945305730403098624, 11523119672512394327137541804059681), 8521482081136471 candidates (MITM path)
  MITM b1=271: s=4 t=3 j=3 je=3 Q=19902511 table=52313624 yh=162892215
stage b2=375 vs b1={272}: values [2900056642829440534114837646484375, 12132901071205952454668884633452544), 8853533680228011 candidates (MITM path)
  MITM b1=272: s=4 t=3 j=3 je=3 Q=20123648 table=52734375 yh=167889232
stage b2=376 vs b1={273}: values [3002216338080450019720605913317376, 12772533739409419310834931469027809), 9195889797004428 candidates (MITM path)
  MITM b1=273: s=4 t=3 j=3 je=3 Q=20346417 table=53157376 yh=172993675
stage b2=377 vs b1={274}: values [3107689015140868348741078056241817, 13443361569905787990117147696971776), 9548810848158360 candidates (MITM path)
  MITM b1=274: s=4 t=3 j=3 je=3 Q=20570824 table=53582633 yh=178207198
stage b2=378 vs b1={275}: values [3216572894378369589263147095400448, 14146783708901740610599517822265625), 9912562521246381 candidates (MITM path)
  MITM b1=275: s=4 t=3 j=3 je=3 Q=20796875 table=54010152 yh=183531469
stage b2=379 vs b1={276}: values [3328968836295431565149961657333739, 14884256613568087679683209751166976), 10287415856090276 candidates (MITM path)
  MITM b1=276: s=4 t=3 j=3 je=3 Q=21024576 table=54439939 yh=188968174
stage b2=380 vs b1={277}: values [3444980405228098273280000000000000, 15657296178282829721680640148731209), 10673647327045664 candidates (MITM path)
  MITM b1=277: s=4 t=3 j=3 je=3 Q=21253933 table=54872000 yh=194519014
stage b2=381 vs b1={278}: values [3564713934407203969659599412660141, 16467479931608472298443740375302144), 11071538926142935 candidates (MITM path)
  MITM b1=278: s=4 t=3 j=3 je=3 Q=21484952 table=55306341 yh=200185707
stage b2=382 vs b1={279}: values [3688278592407490288045563431084032, 17316449306087601206337604921562481), 11481378247105431 candidates (MITM path)
  MITM b1=279: s=4 t=3 j=3 je=3 Q=21717639 table=55742968 yh=205969985
stage b2=383 vs b1={280}: values [3815786451010453557735946798011263, 18205911982994253414400000000000000), 11903458570249852 candidates (MITM path)
  MITM b1=280: s=4 t=3 j=3 je=3 Q=21952000 table=56181887 yh=211873599
stage b2=384 vs b1={281}: values [3947352554507170672035992860360704, 19137644314233322299008947929826321), 12338078948273807 candidates (MITM path)
  MITM b1=281: s=4 t=3 j=3 je=3 Q=22188041 table=56623104 yh=217898315
stage b2=385 vs b1={282}: values [4083094990467768482531636962890625, 20113493823636134316549694448615424), 12785544292935508 candidates (MITM path)
  MITM b1=282: s=4 t=3 j=3 je=3 Q=22425768 table=57066625 yh=224045917
stage b2=386 vs b1={283}: values [4223134962004623814104936875565056, 21135381789957450134663699873055529), 13246165462630521 candidates (MITM path)
  MITM b1=283: s=4 t=3 j=3 je=3 Q=22665187 table=57512456 yh=230318203
stage b2=387 vs b1={284}: values [4367596861556808869457342044548947, 22205305913937498425779524506484736), 13720259350870566 candidates (MITM path)
  MITM b1=284: s=4 t=3 j=3 je=3 Q=22906304 table=57960603 yh=236716988
stage b2=388 vs b1={285}: values [4516608346223730078076491035312128, 23325343071852267342134088134765625), 14208148975669310 candidates (MITM path)
  MITM b1=285: s=4 t=3 j=3 je=3 Q=23149125 table=58411072 yh=243244106
stage b2=389 vs b1={286}: values [4670300414676347401856768325525269, 24497652158036179788437520640393216), 14710163569840116 candidates (MITM path)
  MITM b1=286: s=4 t=3 j=3 je=3 Q=23393656 table=58863869 yh=249901406
stage b2=390 vs b1={287}: values [4828807485674805797190000000000000, 25724477018923486959881583081626689), 15226638672210714 candidates (MITM path)
  MITM b1=287: s=4 t=3 j=3 je=3 Q=23639903 table=59319000 yh=256690752
stage b2=391 vs b1={288}: values [4992267478221761010969967707552871, 27008149481218253520093899825086464), 15757916219759755 candidates (MITM path)
  MITM b1=288: s=4 t=3 j=3 je=3 Q=23887872 table=59776471 yh=263614027
stage b2=392 vs b1={289}: values [5160821893381138215757522311053312, 28351092476867700887730107366063041), 16304344640680212 candidates (MITM path)
  MITM b1=289: s=4 t=3 j=3 je=3 Q=24137569 table=60236288 yh=270673131
stage b2=393 vs b1={290}: values [5334615897792524227954149747794793, 29755823267579946348100000000000000), 16866278948374600 candidates (MITM path)
  MITM b1=290: s=4 t=3 j=3 je=3 Q=24389000 table=60698457 yh=277869979
stage b2=394 vs b1={291}: values [5513798408911862263322980452573184, 31224956771694849412103314940863161), 17444080836386973 candidates (MITM path)
  MITM b1=291: s=4 t=3 j=3 je=3 Q=24642171 table=61162984 yh=285206504
stage b2=395 vs b1={292}: values [5698522182009592428141893310546875, 32761208996285777655067862320021504), 18038118774276674 candidates (MITM path)
  MITM b1=292: s=4 t=3 j=3 je=3 Q=24897088 table=61629875 yh=292684657
stage b2=396 vs b1={293}: values [5888943898957861483712781364494336, 34367400577440657174390053251553449), 18648768104438807 candidates (MITM path)
  MITM b1=293: s=4 t=3 j=3 je=3 Q=25153757 table=62099136 yh=300306403
stage b2=397 vs b1={294}: values [6085224258838911919400672863338877, 36046460431742703147634670013136896), 19276411139876396 candidates (MITM path)
  MITM b1=294: s=4 t=3 j=3 je=3 Q=25412184 table=62570773 yh=308073726
stage b2=398 vs b1={295}: values [6287528070407253087832349758251008, 37801429522044759444963140869140625), 19921437262929207 candidates (MITM path)
  MITM b1=295: s=4 t=3 j=3 je=3 Q=25672375 table=63044792 yh=315988627
stage b2=399 vs b1={296}: values [6496024346438716158824594291525199, 39635464740706238900646729698246656), 20584243024964209 candidates (MITM path)
  MITM b1=296: s=4 t=3 j=3 je=3 Q=25934336 table=63521199 yh=324053125
stage b2=400 vs b1={297}: values [6710886400000000000000000000000000, 41551842913538274087106161994416369), 21265232247032638 candidates (MITM path)
  MITM b1=297: s=4 t=3 j=3 je=3 Q=26198073 table=64000000 yh=332269254
stage b2=401 vs b1={298}: values [6932291942672826856333202316485201, 43553964927780889034146280167849984), 21964816121498651 candidates (MITM path)
  MITM b1=298: s=4 t=3 j=3 je=3 Q=26463592 table=64481201 yh=340639067
stage b2=402 vs b1={299}: values [7160423184767344942991696876347392, 45645359987515812435930238280185801), 22683413314644535 candidates (MITM path)
  MITM b1=299: s=4 t=3 j=3 je=3 Q=26730899 table=64964808 yh=349164633
stage b2=403 vs b1={300}: values [7395466937559939851224358455647523, 47829690000000000000000000000000000), 23421450070257457 candidates (MITM path)
  MITM b1=300: s=4 t=3 j=3 je=3 Q=27000000 table=65450827 yh=357848039
stage b2=404 vs b1={301}: values [7637614717591148061633023326552064, 50110754096488045602459977936194201), 24179360314202724 candidates (MITM path)
  MITM b1=301: s=4 t=3 j=3 je=3 Q=27270901 table=65939264 yh=366691390
stage b2=405 vs b1={302}: values [7887062853059903929360645751953125, 52492493291196466086203175724662784), 24957585759988544 candidates (MITM path)
  MITM b1=302: s=4 t=3 j=3 je=3 Q=27543608 table=66430125 yh=375696806
stage b2=406 vs b1={303}: values [8144012592350896318465589091721216, 54978995282149371522266936818729569), 25756576015327249 candidates (MITM path)
  MITM b1=303: s=4 t=3 j=3 je=3 Q=27818127 table=66923416 yh=384866428
stage b2=407 vs b1={304}: values [8408670214732362685449475031095607, 57574499397733310582010212836704256), 26576788689697987 candidates (MITM path)
  MITM b1=304: s=4 t=3 j=3 je=3 Q=28094464 table=67419143 yh=394202411
stage b2=408 vs b1={305}: values [8681247143262206912494013239001088, 60283401692879138764114019775390625), 27418689502915833 candidates (MITM path)
  MITM b1=305: s=4 t=3 j=3 je=3 Q=28372625 table=67917312 yh=403706930
stage b2=409 vs b1={306}: values [8961960059940892637875611279849529, 63110260198880625404008432578871296), 28282752394712333 candidates (MITM path)
  MITM b1=306: s=4 t=3 j=3 je=3 Q=28652616 table=68417929 yh=413382177
stage b2=410 vs b1={307}: values [9251031023150136293210000000000000, 66059800330953223881038421346972249), 29169459635332442 candidates (MITM path)
  MITM b1=307: s=4 t=3 j=3 je=3 Q=28934443 table=68921000 yh=423230360
stage b2=411 vs b1={308}: values [9548687587417003604089240200373131, 69136920457732008849516311508680704), 30079301937152848 candidates (MITM path)
  MITM b1=308: s=4 t=3 j=3 je=3 Q=29218112 table=69426531 yh=433253708

*** MATCH: 29668947692020275169462707643282008 is an 14-digit palindrome in bases 308 and 411
stage b2=412 vs b1={309}: values [9855162925543600012281425818550272, 72346697637005265678995742402826761), 31012778567326671 candidates (MITM path)
  MITM b1=309: s=4 t=3 j=3 je=3 Q=29503629 table=69934528 yh=443454464
stage b2=413 vs b1={310}: values [10170695953143139404457311421253453, 75694393522079632032100000000000000), 31970397461459515 candidates (MITM path)
  MITM b1=310: s=4 t=3 j=3 je=3 Q=29791000 table=70444997 yh=453834890
stage b2=414 vs b1={311}: values [10495531455623776755395673235513344, 79185460443274071484794939191083441), 32952675338321869 candidates (MITM path)
  MITM b1=311: s=4 t=3 j=3 je=3 Q=30080231 table=70957944 yh=464397269
stage b2=415 vs b1={312}: values [10829920217662198884330277099609375, 82825547669143336572232508337291264), 33960137815602833 candidates (MITM path)
  MITM b1=312: s=4 t=3 j=3 je=3 Q=30371328 table=71473375 yh=475143896
stage b2=416 vs b1={313}: values [11174119155209583553590348738461696, 86620507852136986313803229728551889), 34993319526710173 candidates (MITM path)
  MITM b1=313: s=4 t=3 j=3 je=3 Q=30664297 table=71991296 yh=486077089
stage b2=417 vs b1={314}: values [11528391450073160681535117383503137, 90576403663507494251037011559202816), 36052764238621672 candidates (MITM path)
  MITM b1=314: s=4 t=3 j=3 je=3 Q=30959144 table=72511713 yh=497199180
stage b2=418 vs b1={315}: values [11893006687117240570102814793146368, 94699514622390550869469537353515625), 37139024970792799 candidates (MITM path)
  MITM b1=315: s=4 t=3 j=3 je=3 Q=31255875 table=73034632 yh=508512523
stage b2=419 vs b1={316}: values [12268240994128212834729297883414259, 98996344124092362953499355314651136), 38252664115125649 candidates (MITM path)
  MITM b1=316: s=4 t=3 j=3 je=3 Q=31554496 table=73560059 yh=520019487
stage b2=420 vs b1={317}: values [12654377184388666245120000000000000, 103473626672732616363732850530926329), 39394253557004176 candidates (MITM path)
  MITM b1=317: s=4 t=3 j=3 je=3 Q=31855013 table=74088000 yh=531722460
stage b2=421 vs b1={318}: values [13051704902006434014097498971732661, 108138335323507832794908910278426624), 40564374797400698 candidates (MITM path)
  MITM b1=318: s=4 t=3 j=3 je=3 Q=32157432 table=74618461 yh=543623847
stage b2=422 vs b1={319}: values [13460520770045031283752025608445952, 112997689339958150582465303553121921), 41763619076058667 candidates (MITM path)
  MITM b1=319: s=4 t=3 j=3 je=3 Q=32461759 table=75151448 yh=555726073
stage b2=423 vs b1={320}: values [13881128541502621729192837547096583, 118059162071741130342400000000000000), 42992587495756697 candidates (MITM path)
  MITM b1=320: s=4 t=3 j=3 je=3 Q=32768000 table=75686967 yh=568031581
stage b2=424 vs b1={321}: values [14313839253187328406678973683073024, 123330489058539064373855829501034881), 44251891147658854 candidates (MITM path)
  MITM b1=321: s=4 t=3 j=3 je=3 Q=33076161 table=76225024 yh=580542830
stage b2=425 vs b1={322}: values [14758971382537390291690826416015625, 128819676365851491009049261438418944), 45542151237756190 candidates (MITM path)
  MITM b1=322: s=4 t=3 j=3 je=3 Q=33386248 table=76765625 yh=593262300
stage b2=426 vs b1={323}: values [15216851007435360461032099699531776, 134535009158552218608057415586748409), 46863999214404522 candidates (MITM path)
  MITM b1=323: s=4 t=3 j=3 je=3 Q=33698267 table=77308776 yh=606192488
stage b2=427 vs b1={324}: values [15687811969066244649321093637445467, 140485060518220186283313934500888576), 48218076896963457 candidates (MITM path)
  MITM b1=324: s=4 t=3 j=3 je=3 Q=34012224 table=77854483 yh=619335908
stage b2=428 vs b1={325}: values [16172196037870190032792688261070848, 146678700510385967791080474853515625), 49605036605541654 candidates (MITM path)
  MITM b1=325: s=4 t=3 j=3 je=3 Q=34328125 table=78402752 yh=632695095
stage b2=429 vs b1={326}: values [16670353082641053641298125247535389, 153125105507970699913650504140210176), 51025541291853319 candidates (MITM path)
  MITM b1=326: s=4 t=3 j=3 je=3 Q=34645976 table=78953589 yh=646272601
stage b2=430 vs b1={327}: values [17182641242822907852430000000000000, 159833767777331726128449290957670609), 52480264671190942 candidates (MITM path)
  MITM b1=327: s=4 t=3 j=3 je=3 Q=34965783 table=79507000 yh=660070996
stage b2=431 vs b1={328}: values [17709427104057277060049775698679791, 166814505333469329957730743425695744), 53969891355519264 candidates (MITM path)
  MITM b1=328: s=4 t=3 j=3 je=3 Q=35287552 table=80062991 yh=674092870
stage b2=432 vs b1={329}: values [18251085877034644913955971040018432, 174077472071091630146366848886447281), 55495116987695471 candidates (MITM path)
  MITM b1=329: s=4 t=3 j=3 je=3 Q=35611289 table=80621568 yh=688340830
stage b2=433 vs b1={330}: values [18808001579704525579373326142460913, 181633168178380062252900000000000000), 57056648376820639 candidates (MITM path)
  MITM b1=330: s=4 t=3 j=3 je=3 Q=35937000 table=81182737 yh=702817502
stage b2=434 vs b1={331}: values [19380567222899155346308769747247104, 189492450840445919389300039685792521), 58655203634727389 candidates (MITM path)
  MITM b1=331: s=4 t=3 j=3 je=3 Q=36264691 table=81746504 yh=717525531
stage b2=435 vs b1={332}: values [19969184999426632712125301513671875, 197666545239619210242183006282317824), 60291512313608802 candidates (MITM path)
  MITM b1=332: s=4 t=3 j=3 je=3 Q=36594368 table=82312875 yh=732467580
stage b2=436 vs b1={333}: values [20574266476690115849023402547347456, 206167055859864657197443888722807129), 61966315544793551 candidates (MITM path)
  MITM b1=333: s=4 t=3 j=3 je=3 Q=36926037 table=82881856 yh=747646331
stage b2=437 vs b1={334}: values [21196232792890476235164446315006597, 215005978102776043931247317256257536), 63680366178672288 candidates (MITM path)
  MITM b1=334: s=4 t=3 j=3 je=3 Q=37259704 table=83453453 yh=763064486
stage b2=438 vs b1={335}: values [21835514856870606258177356231958528, 224195710222759373302821832275390625), 65434428925780263 candidates (MITM path)
  MITM b1=335: s=4 t=3 j=3 je=3 Q=37595375 table=84027672 yh=778724763
stage b2=439 vs b1={336}: values [22492553551660386877599101633928919, 233749065589177456392773613876412416), 67229280499041196 candidates (MITM path)
  MITM b1=336: s=4 t=3 j=3 je=3 Q=37933056 table=84604519 yh=794629901
stage b2=440 vs b1={337}: values [23167799941782139043840000000000000, 243679285283393666208253061306357089), 69065709757177398 candidates (MITM path)
  MITM b1=337: s=4 t=3 j=3 je=3 Q=38272753 table=85184000 yh=810782656
stage b2=441 vs b1={338}: values [23861715484377209601555171628930521, 254000051038820699590976063168856064), 70944517849291143 candidates (MITM path)
  MITM b1=338: s=4 t=3 j=3 je=3 Q=38614472 table=85766121 yh=827185806
stage b2=442 vs b1={339}: values [24574772244215178941456071934451712, 264725498532251343422483410510418841), 72866518360622305 candidates (MITM path)
  MITM b1=339: s=4 t=3 j=3 je=3 Q=38958219 table=86350888 yh=843842143
stage b2=443 vs b1={340}: values [25307453112648023793818952767430443, 275870231034922482073600000000000000), 74832537459487262 candidates (MITM path)
  MITM b1=340: s=4 t=3 j=3 je=3 Q=39304000 table=86938307 yh=860754483
stage b2=444 vs b1={341}: values [26060252030572424367047199984451584, 287449333431940958491026723053340361), 76843414045404061 candidates (MITM path)
  MITM b1=341: s=4 t=3 j=3 je=3 Q=39651821 table=87528384 yh=877925658
stage b2=445 vs b1={342}: values [26833674215464270614029991455078125, 299478386618880458206192837825019904), 78899999898408879 candidates (MITM path)
  MITM b1=342: s=4 t=3 j=3 je=3 Q=40001688 table=88121125 yh=895358519
stage b2=446 vs b1={343}: values [27628236392550297846722998615924736, 311973482284542371301330321821976049), 81003159829568753 candidates (MITM path)
  MITM b1=343: s=4 t=3 j=3 je=3 Q=40353607 table=88716536 yh=913055937
stage b2=447 vs b1={344}: values [28444467030182667304977191627470527, 324951238089060649950183741190045696), 83153771832695611 candidates (MITM path)
  MITM b1=344: s=4 t=3 j=3 je=3 Q=40707584 table=89314623 yh=931020801
stage b2=448 vs b1={345}: values [29282906579483202709388126907793408, 338428813246721067109392828369140625), 85352727237266606 candidates (MITM path)
  MITM b1=345: s=4 t=3 j=3 je=3 Q=41063625 table=89915392 yh=949256022
done: 5984.97s, 16602467348 candidates tested
