A171740 search: n=14, threads=1, limit=none
stage b2=448 vs b1={290}: values [29282906579483202709388126907793408, 29755823267579946348100000000000000), 130568538073905 candidates (MITM path)
  MITM b1=290: s=4 t=3 j=3 je=3 Q=24389000 table=89915392 yh=1452127
stage b2=449 vs b1={291}: values [30144107718324899380671726264710849, 31224956771694849412103314940863161), 293792469338803 candidates (MITM path)
  MITM b1=291: s=4 t=3 j=3 je=3 Q=24642171 table=90518849 yh=3245650
stage b2=450 vs b1={292}: values [31028635599719238281250000000000000, 32761208996285777655067862320021504), 463664712776765 candidates (MITM path)
  MITM b1=292: s=4 t=3 j=3 je=3 Q=24897088 table=91125000 yh=5088228
stage b2=451 vs b1={293}: values [31937068104678763420425865233800851, 34367400577440657174390053251553449), 640368405552688 candidates (MITM path)
  MITM b1=293: s=4 t=3 j=3 je=3 Q=25153757 table=91733851 yh=6980721
stage b2=452 vs b1={294}: values [32869996099625317555435327604129792, 36046460431742703147634670013136896), 824090560209030 candidates (MITM path)
  MITM b1=294: s=4 t=3 j=3 je=3 Q=25412184 table=92345408 yh=8924002
stage b2=453 vs b1={295}: values [33828023698415278110106494516889173, 37801429522044759444963140869140625), 1015022127264080 candidates (MITM path)
  MITM b1=295: s=4 t=3 j=3 je=3 Q=25672375 table=92959677 yh=10918951
stage b2=454 vs b1={296}: values [34811768529054092814773128813502464, 39635464740706238900646729698246656), 1213358058524842 candidates (MITM path)
  MITM b1=296: s=4 t=3 j=3 je=3 Q=25934336 table=93576664 yh=12966460
stage b2=455 vs b1={297}: values [35821862005173382840059779052734375, 41551842913538274087106161994416369), 1419297371119197 candidates (MITM path)
  MITM b1=297: s=4 t=3 j=3 je=3 Q=26198073 table=94196375 yh=15067431
stage b2=456 vs b1={298}: values [36858949602344860248381873104879616, 43553964927780889034146280167849984), 1633043212252004 candidates (MITM path)
  MITM b1=298: s=4 t=3 j=3 je=3 Q=26463592 table=94818816 yh=17222776
stage b2=457 vs b1={299}: values [37923691139306296516328170919321257, 45645359987515812435930238280185801), 1854802924689823 candidates (MITM path)
  MITM b1=299: s=4 t=3 j=3 je=3 Q=26730899 table=95443993 yh=19433418
stage b2=458 vs b1={300}: values [39016761064175779784992789207359488, 47829690000000000000000000000000000), 2084788112978909 candidates (MITM path)
  MITM b1=300: s=4 t=3 j=3 je=3 Q=27000000 table=96071912 yh=21700288
stage b2=459 vs b1={301}: values [40138848745731510470918118846397179, 50110754096488045602459977936194201), 2323214710401183 candidates (MITM path)
  MITM b1=301: s=4 t=3 j=3 je=3 Q=27270901 table=96702579 yh=24024331
stage b2=460 vs b1={302}: values [41290658769835408015360000000000000, 52492493291196466086203175724662784), 2570303046672844 candidates (MITM path)
  MITM b1=302: s=4 t=3 j=3 je=3 Q=27543608 table=97336000 yh=26406500
stage b2=461 vs b1={303}: values [42472911241079835962500139972206781, 54978995282149371522266936818729569), 2826277916390313 candidates (MITM path)
  MITM b1=303: s=4 t=3 j=3 je=3 Q=27818127 table=97972181 yh=28847760
stage b2=462 vs b1={304}: values [43686342089737798337064428676636672, 57574499397733310582010212836704256), 3091368648228206 candidates (MITM path)
  MITM b1=304: s=4 t=3 j=3 je=3 Q=28094464 table=98611128 yh=31349086

*** MATCH: 48363239511866311124153791051465375 is an 14-digit palindrome in bases 304 and 462
stage b2=463 vs b1={305}: values [44931703384098017538267680344521103, 60283401692879138764114019775390625), 3365809174894023 candidates (MITM path)
  MITM b1=305: s=4 t=3 j=3 je=3 Q=28372625 table=99252847 yh=33911463
stage b2=464 vs b1={306}: values [46209763648267372780458093779615744, 63110260198880625404008432578871296), 3649838103844261 candidates (MITM path)
  MITM b1=306: s=4 t=3 j=3 je=3 Q=28652616 table=99897344 yh=36535888
stage b2=465 vs b1={307}: values [47521308185524258592298453369140625, 66059800330953223881038421346972249), 3943698788766642 candidates (MITM path)
  MITM b1=307: s=4 t=3 j=3 je=3 Q=28934443 table=100544625 yh=39223368
done: 196.05s, 226852527 candidates tested
