A171740 search: n=14, threads=1, limit=none
stage b2=263 vs b1={177}: values [28802138230184412991542435030503, 29622774261288943786019374517409), 9428885065626 candidates (MITM path)
  MITM b1=177: s=4 t=3 j=3 je=3 Q=5545233 table=18191447 yh=518315
stage b2=264 vs b1={178}: values [30258754606351913178556104966144, 32053837605116992116231206354944), 20084315992770 candidates (MITM path)
  MITM b1=178: s=4 t=3 j=3 je=3 Q=5639752 table=18399744 yh=1091555
stage b2=265 vs b1={179}: values [31783107819343855219693603515625, 34669089309147060571644408257881), 31446507840734 candidates (MITM path)
  MITM b1=179: s=4 t=3 j=3 je=3 Q=5735339 table=18609625 yh=1689799
stage b2=266 vs b1={180}: values [33378074233405629080864465002496, 37481336758208102400000000000000), 43546960497153 candidates (MITM path)
  MITM b1=180: s=4 t=3 j=3 je=3 Q=5832000 table=18821096 yh=2313732
stage b2=267 vs b1={181}: values [35046640825320769387046615504187, 40504199006061377874300161158921), 56418241393268 candidates (MITM path)
  MITM b1=181: s=4 t=3 j=3 je=3 Q=5929741 table=19034163 yh=2964052
stage b2=268 vs b1={182}: values [36791908998122770463066756743168, 43752153272681450786889799450624), 70094012799215 candidates (MITM path)
  MITM b1=182: s=4 t=3 j=3 je=3 Q=6028568 table=19248832 yh=3641469
stage b2=269 vs b1={183}: values [38617098511242473591174807405309, 47240583825258650248061856817329), 84609059605052 candidates (MITM path)
  MITM b1=183: s=4 t=3 j=3 je=3 Q=6128487 table=19465109 yh=4346704
stage b2=270 vs b1={184}: values [40525551530189762670000000000000, 50985833350937367259526396379136), 99999317592332 candidates (MITM path)
  MITM b1=184: s=4 t=3 j=3 je=3 Q=6229504 table=19683000 yh=5080492
stage b2=271 vs b1={185}: values [42520736798938724454382073077711, 55005256933563283079156494140625), 116301902201018 candidates (MITM path)
  MITM b1=185: s=4 t=3 j=3 je=3 Q=6331625 table=19902511 yh=5843580
stage b2=272 vs b1={186}: values [44606253938257178142165017034752, 59317278751114476837427823394816), 133555137796554 candidates (MITM path)
  MITM b1=186: s=4 t=3 j=3 je=3 Q=6434856 table=20123648 yh=6636726
stage b2=273 vs b1={187}: values [46785837873294576230164584135633, 63941451615040319308126414230889), 151798587441896 candidates (MITM path)
  MITM b1=187: s=4 t=3 j=3 je=3 Q=6539203 table=20346417 yh=7460704
stage b2=274 vs b1={188}: values [49063363393816744489478641229824, 68898519477432202601009998987264), 171073083179339 candidates (MITM path)
  MITM b1=188: s=4 t=3 j=3 je=3 Q=6644672 table=20570824 yh=8316298
stage b2=275 vs b1={189}: values [51442849850551784038543701171875, 74210483036805646041349463016441), 191420756826932 candidates (MITM path)
  MITM b1=189: s=4 t=3 j=3 je=3 Q=6751269 table=20796875 yh=9204304
stage b2=276 vs b1={190}: values [53928465991188723477113078808576, 79900668578288412100000000000000), 212885071294345 candidates (MITM path)
  MITM b1=190: s=4 t=3 j=3 je=3 Q=6859000 table=21024576 yh=10125535
stage b2=277 vs b1={191}: values [56524534939649204771410253244517, 85993800189188311159265455973761), 235510852422986 candidates (MITM path)
  MITM b1=191: s=4 t=3 j=3 je=3 Q=6967871 table=21253933 yh=11080813
stage b2=278 vs b1={192}: values [59235539322332634167063814299648, 92516075496261812625843582664704), 259344321355227 candidates (MITM path)
  MITM b1=192: s=4 t=3 j=3 je=3 Q=7077888 table=21484952 yh=12070976
stage b2=279 vs b1={193}: values [62066126545116850201926899360439, 99495245076524950698517189573249), 284433127437565 candidates (MITM path)
  MITM b1=193: s=4 t=3 j=3 je=3 Q=7189057 table=21717639 yh=13096872
stage b2=280 vs b1={194}: values [65021114224979476480000000000000, 106960695699145951556010651959296), 310826381662568 candidates (MITM path)
  MITM b1=194: s=4 t=3 j=3 je=3 Q=7301384 table=21952000 yh=14159366
stage b2=281 vs b1={195}: values [68105495780189759071206220390841, 114943537561839249322760009765625), 338574690654459 candidates (MITM path)
  MITM b1=195: s=4 t=3 j=3 je=3 Q=7414875 table=22188041 yh=15259333
stage b2=282 vs b1={196}: values [71324446183106859278545015775232, 123476695691247935826229781856256), 367730191203175 candidates (MITM path)
  MITM b1=196: s=4 t=3 j=3 je=3 Q=7529536 table=22425768 yh=16397664
stage b2=283 vs b1={197}: values [74683327879708304362769257501963, 132595005683061140853836321918569), 398346585351777 candidates (MITM path)
  MITM b1=197: s=4 t=3 j=3 je=3 Q=7645373 table=22665187 yh=17575262
stage b2=284 vs b1={198}: values [78187696880061614175280015867904, 142335313964069405978409510518784), 430479176042049 candidates (MITM path)
  MITM b1=198: s=4 t=3 j=3 je=3 Q=7762392 table=22906304 yh=18793044
stage b2=285 vs b1={199}: values [81843309024043043305733642578125, 152736582765019941952958691637201), 464184903323173 candidates (MITM path)
  MITM b1=199: s=4 t=3 j=3 je=3 Q=7880599 table=23149125 yh=20051942
stage b2=286 vs b1={200}: values [85656126426699929330201121120256, 163840000000000000000000000000000), 499522381128323 candidates (MITM path)
  MITM b1=200: s=4 t=3 j=3 je=3 Q=8000000 table=23393656 yh=21352900
stage b2=287 vs b1={201}: values [89632324107747341323629209343647, 175689094255155802434244515642801), 536551934624075 candidates (MITM path)
  MITM b1=201: s=4 t=3 j=3 je=3 Q=8120601 table=23639903 yh=22696876
stage b2=288 vs b1={202}: values [93778296809785602500326041059328, 188329855096852039605697108393984), 575335638137475 candidates (MITM path)
  MITM b1=202: s=4 t=3 j=3 je=3 Q=8242408 table=23887872 yh=24084843
stage b2=289 vs b1={203}: values [98100666009922840441972689847969, 201810858916898431719789378127369), 615937353665677 candidates (MITM path)
  MITM b1=203: s=4 t=3 j=3 je=3 Q=8365427 table=24137569 yh=25517788
stage b2=290 vs b1={204}: values [102606287129586021890000000000000, 216183400540220972918552087494656), 658422769973005 candidates (MITM path)
  MITM b1=204: s=4 t=3 j=3 je=3 Q=8489664 table=24389000 yh=26996711
stage b2=291 vs b1={205}: values [107302256947404980797605893267571, 231501630828342033704595947265625), 702859442280341 candidates (MITM path)
  MITM b1=205: s=4 t=3 j=3 je=3 Q=8615125 table=24642171 yh=28522627
stage b2=292 vs b1={206}: values [112195921220156772791328295616512, 247822700520261426090084682448896), 749316832551705 candidates (MITM path)
  MITM b1=206: s=4 t=3 j=3 je=3 Q=8741816 table=24897088 yh=30096566
stage b2=293 vs b1={207}: values [117294882516862311175392673213493, 265206910560805882369006879852449), 797866350382949 candidates (MITM path)
  MITM b1=207: s=4 t=3 j=3 je=3 Q=8869743 table=25153757 yh=31719570

*** MATCH: 169338159320492030157302318594016 is an 14-digit palindrome in bases 207 and 293
stage b2=294 vs b1={208}: values [122607008271233684175628129296384, 283717869175243332415379948437504), 848581394497428 candidates (MITM path)
  MITM b1=208: s=4 t=3 j=3 je=3 Q=8998912 table=25412184 yh=33392699
stage b2=295 vs b1={209}: values [128140439057778845576146240234375, 303422655957947177630796910616161), 901537394853556 candidates (MITM path)
  MITM b1=209: s=4 t=3 j=3 je=3 Q=9129329 table=25672375 yh=35117024
stage b2=296 vs b1={210}: values [133903597096980536826509221953536, 324391993252150868100000000000000), 956811855369157 candidates (MITM path)
  MITM b1=210: s=4 t=3 j=3 je=3 Q=9261000 table=25934336 yh=36893633
stage b2=297 vs b1={211}: values [139905194995078363929650377085577, 346700425107361035262655933030041), 1014484397267489 candidates (MITM path)
  MITM b1=211: s=4 t=3 j=3 je=3 Q=9393931 table=26198073 yh=38723627
stage b2=298 vs b1={212}: values [146154244724096943067604967006208, 370426504110804885524407033790464), 1074636803049872 candidates (MITM path)
  MITM b1=212: s=4 t=3 j=3 je=3 Q=9528128 table=26463592 yh=40608124
stage b2=299 vs b1={213}: values [152660066847878971357626214983899, 395652986399381320581034818847689), 1137353061099809 candidates (MITM path)
  MITM b1=213: s=4 t=3 j=3 je=3 Q=9663597 table=26730899 yh=42548254
stage b2=300 vs b1={214}: values [159432300000000000000000000000000, 422467035168972249391801182601216), 1202719410923513 candidates (MITM path)
  MITM b1=214: s=4 t=3 j=3 je=3 Q=9800344 table=27000000 yh=44545164
stage b2=301 vs b1={215}: values [166480910619561613297209229023901, 450960433008657859896539306640625), 1270824389031765 candidates (MITM path)
  MITM b1=215: s=4 t=3 j=3 je=3 Q=9938375 table=27270901 yh=46600015
done: 169.20s, 437725216 candidates tested
