A171740 search: n=14, threads=1, limit=none
stage b2=402 vs b1={262}: values [7160423184767344942991696876347392, 7181548180572999273393724747300864), 12451287463088 candidates (MITM path)
  MITM b1=262: s=4 t=3 j=3 je=3 Q=17984728 table=64964808 yh=191663
stage b2=403 vs b1={263}: values [7395466937559939851224358455647523, 7574962354538500616775660413022289), 103972393388427 candidates (MITM path)
  MITM b1=263: s=4 t=3 j=3 je=3 Q=18191447 table=65450827 yh=1588558
stage b2=404 vs b1={264}: values [7637614717591148061633023326552064, 7988311216076905079138811711062016), 199646579504541 candidates (MITM path)
  MITM b1=264: s=4 t=3 j=3 je=3 Q=18399744 table=65939264 yh=3027735
stage b2=405 vs b1={265}: values [7887062853059903929360645751953125, 8422523572126121633218804931640625), 299600445190964 candidates (MITM path)
  MITM b1=265: s=4 t=3 j=3 je=3 Q=18609625 table=66430125 yh=4510009
stage b2=406 vs b1={266}: values [8144012592350896318465589091721216, 8878567746085897335509947690663936), 403963545368130 candidates (MITM path)
  MITM b1=266: s=4 t=3 j=3 je=3 Q=18821096 table=66923416 yh=6036207
stage b2=407 vs b1={267}: values [8408670214732362685449475031095607, 9357453100360645426341446339617929), 512868443037732 candidates (MITM path)
  MITM b1=267: s=4 t=3 j=3 je=3 Q=19034163 table=67419143 yh=7607164
stage b2=408 vs b1={268}: values [8681247143262206912494013239001088, 9860231611496902484101890807169024), 626450762481340 candidates (MITM path)
  MITM b1=268: s=4 t=3 j=3 je=3 Q=19248832 table=67917312 yh=9223728
stage b2=409 vs b1={269}: values [8961960059940892637875611279849529, 10387999499524225396026023192028121), 744849243121956 candidates (MITM path)
  MITM b1=269: s=4 t=3 j=3 je=3 Q=19465109 table=68417929 yh=10886756
stage b2=410 vs b1={270}: values [9251031023150136293210000000000000, 10941898913151235920900000000000000), 868205794053211 candidates (MITM path)
  MITM b1=270: s=4 t=3 j=3 je=3 Q=19683000 table=68921000 yh=12597116
stage b2=411 vs b1={271}: values [9548687587417003604089240200373131, 11523119672512394327137541804059681), 996665549240890 candidates (MITM path)
  MITM b1=271: s=4 t=3 j=3 je=3 Q=19902511 table=69426531 yh=14355688
stage b2=412 vs b1={272}: values [9855162925543600012281425818550272, 12132901071205952454668884633452544), 1130376923401496 candidates (MITM path)
  MITM b1=272: s=4 t=3 j=3 je=3 Q=20123648 table=69934528 yh=16163360
stage b2=413 vs b1={273}: values [10170695953143139404457311421253453, 12772533739409419310834931469027809), 1269491668562548 candidates (MITM path)
  MITM b1=273: s=4 t=3 j=3 je=3 Q=20346417 table=70444997 yh=18021034
stage b2=414 vs b1={274}: values [10495531455623776755395673235513344, 13443361569905787990117147696971776), 1414164931309332 candidates (MITM path)
  MITM b1=274: s=4 t=3 j=3 je=3 Q=20570824 table=70957944 yh=19929622
stage b2=415 vs b1={275}: values [10829920217662198884330277099609375, 14146783708901740610599517822265625), 1564555310722820 candidates (MITM path)
  MITM b1=275: s=4 t=3 j=3 je=3 Q=20796875 table=71473375 yh=21890044
stage b2=416 vs b1={276}: values [11174119155209583553590348738461696, 14884256613568087679683209751166976), 1720824917013462 candidates (MITM path)
  MITM b1=276: s=4 t=3 j=3 je=3 Q=21024576 table=71991296 yh=23903236
stage b2=417 vs b1={277}: values [11528391450073160681535117383503137, 15657296178282829721680640148731209), 1883139430855604 candidates (MITM path)
  MITM b1=277: s=4 t=3 j=3 je=3 Q=21253933 table=72511713 yh=25970142
stage b2=418 vs b1={278}: values [11893006687117240570102814793146368, 16467479931608472298443740375302144), 2051668163427217 candidates (MITM path)
  MITM b1=278: s=4 t=3 j=3 je=3 Q=21484952 table=73034632 yh=28091717
stage b2=419 vs b1={279}: values [12268240994128212834729297883414259, 17316449306087601206337604921562481), 2226584117159715 candidates (MITM path)
  MITM b1=279: s=4 t=3 j=3 je=3 Q=21717639 table=73560059 yh=30268928

*** MATCH: 15281025820885552530829947141247320 is an 14-digit palindrome in bases 279 and 419
stage b2=420 vs b1={280}: values [12654377184388666245120000000000000, 18205911982994253414400000000000000), 2408064047202561 candidates (MITM path)
  MITM b1=280: s=4 t=3 j=3 je=3 Q=21952000 table=74088000 yh=32502755
stage b2=421 vs b1={281}: values [13051704902006434014097498971732661, 19137644314233322299008947929826321), 2596288523607418 candidates (MITM path)
  MITM b1=281: s=4 t=3 j=3 je=3 Q=22188041 table=74618461 yh=34794185
stage b2=422 vs b1={282}: values [13460520770045031283752025608445952, 20113493823636134316549694448615424), 2791441994236588 candidates (MITM path)
  MITM b1=282: s=4 t=3 j=3 je=3 Q=22425768 table=75151448 yh=37144222
stage b2=423 vs b1={283}: values [13881128541502621729192837547096583, 21135381789957450134663699873055529), 2993712848400484 candidates (MITM path)
  MITM b1=283: s=4 t=3 j=3 je=3 Q=22665187 table=75686967 yh=39553876
stage b2=424 vs b1={284}: values [14313839253187328406678973683073024, 22205305913937498425779524506484736), 3203293481228886 candidates (MITM path)
  MITM b1=284: s=4 t=3 j=3 je=3 Q=22906304 table=76225024 yh=42024172
stage b2=425 vs b1={285}: values [14758971382537390291690826416015625, 23325343071852267342134088134765625), 3420380358780732 candidates (MITM path)
  MITM b1=285: s=4 t=3 j=3 je=3 Q=23149125 table=76765625 yh=44556146
stage b2=426 vs b1={286}: values [15216851007435360461032099699531776, 24497652158036179788437520640393216), 3645174083897224 candidates (MITM path)
  MITM b1=286: s=4 t=3 j=3 je=3 Q=23393656 table=77308776 yh=47150845
done: 172.38s, 296170972 candidates tested
