A171740 search: n=14, threads=1, limit=none
stage b2=433 vs b1={281}: values [18808001579704525579373326142460913, 19137644314233322299008947929826321), 115512300628202 candidates (MITM path)
  MITM b1=281: s=4 t=3 j=3 je=3 Q=22188041 table=81182737 yh=1422868
stage b2=434 vs b1={282}: values [19380567222899155346308769747247104, 20113493823636134316549694448615424), 252715789757452 candidates (MITM path)
  MITM b1=282: s=4 t=3 j=3 je=3 Q=22425768 table=81746504 yh=3091457
stage b2=435 vs b1={283}: values [19969184999426632712125301513671875, 21135381789957450134663699873055529), 395682682406423 candidates (MITM path)
  MITM b1=283: s=4 t=3 j=3 je=3 Q=22665187 table=82312875 yh=4807058
stage b2=436 vs b1={284}: values [20574266476690115849023402547347456, 22205305913937498425779524506484736), 544576676552913 candidates (MITM path)
  MITM b1=284: s=4 t=3 j=3 je=3 Q=22906304 table=82881856 yh=6570518
stage b2=437 vs b1={285}: values [21196232792890476235164446315006597, 23325343071852267342134088134765625), 699565039839854 candidates (MITM path)
  MITM b1=285: s=4 t=3 j=3 je=3 Q=23149125 table=83453453 yh=8382698
stage b2=438 vs b1={286}: values [21835514856870606258177356231958528, 24497652158036179788437520640393216), 860818668952278 candidates (MITM path)
  MITM b1=286: s=4 t=3 j=3 je=3 Q=23393656 table=84027672 yh=10244467
stage b2=439 vs b1={287}: values [22492553551660386877599101633928919, 25724477018923486959881583081626689), 1028512149691642 candidates (MITM path)
  MITM b1=287: s=4 t=3 j=3 je=3 Q=23639903 table=84604519 yh=12156705
stage b2=440 vs b1={288}: values [23167799941782139043840000000000000, 27008149481218253520093899825086464), 1202823817752196 candidates (MITM path)
  MITM b1=288: s=4 t=3 j=3 je=3 Q=23887872 table=85184000 yh=14120303
stage b2=441 vs b1={289}: values [23861715484377209601555171628930521, 28351092476867700887730107366063041), 1383935820204072 candidates (MITM path)
  MITM b1=289: s=4 t=3 j=3 je=3 Q=24137569 table=85766121 yh=16136160
stage b2=442 vs b1={290}: values [24574772244215178941456071934451712, 29755823267579946348100000000000000), 1572034177687754 candidates (MITM path)
  MITM b1=290: s=4 t=3 j=3 je=3 Q=24389000 table=86350888 yh=18205189
stage b2=443 vs b1={291}: values [25307453112648023793818952767430443, 31224956771694849412103314940863161), 1767308847324640 candidates (MITM path)
  MITM b1=291: s=4 t=3 j=3 je=3 Q=24642171 table=86938307 yh=20328310
stage b2=444 vs b1={292}: values [26060252030572424367047199984451584, 32761208996285777655067862320021504), 1969953786348361 candidates (MITM path)
  MITM b1=292: s=4 t=3 j=3 je=3 Q=24897088 table=87528384 yh=22506457
stage b2=445 vs b1={293}: values [26833674215464270614029991455078125, 34367400577440657174390053251553449), 2180167016461565 candidates (MITM path)
  MITM b1=293: s=4 t=3 j=3 je=3 Q=25153757 table=88121125 yh=24740572
stage b2=446 vs b1={294}: values [27628236392550297846722998615924736, 36046460431742703147634670013136896), 2398150688922859 candidates (MITM path)
  MITM b1=294: s=4 t=3 j=3 je=3 Q=25412184 table=88716536 yh=27031609
stage b2=447 vs b1={295}: values [28444467030182667304977191627470527, 37801429522044759444963140869140625), 2624111150368600 candidates (MITM path)
  MITM b1=295: s=4 t=3 j=3 je=3 Q=25672375 table=89314623 yh=29380533
stage b2=448 vs b1={296}: values [29282906579483202709388126907793408, 39635464740706238900646729698246656), 2858259009374265 candidates (MITM path)
  MITM b1=296: s=4 t=3 j=3 je=3 Q=25934336 table=89915392 yh=31788318
stage b2=449 vs b1={297}: values [30144107718324899380671726264710849, 41551842913538274087106161994416369), 3100809203760076 candidates (MITM path)
  MITM b1=297: s=4 t=3 j=3 je=3 Q=26198073 table=90518849 yh=34255951
stage b2=450 vs b1={298}: values [31028635599719238281250000000000000, 43553964927780889034146280167849984), 3351981068645629 candidates (MITM path)
  MITM b1=298: s=4 t=3 j=3 je=3 Q=26463592 table=91125000 yh=36784429
stage b2=451 vs b1={299}: values [31937068104678763420425865233800851, 45645359987515812435930238280185801), 3611998405258213 candidates (MITM path)
  MITM b1=299: s=4 t=3 j=3 je=3 Q=26730899 table=91733851 yh=39374761
stage b2=452 vs b1={300}: values [32869996099625317555435327604129792, 47829690000000000000000000000000000), 3881089550499568 candidates (MITM path)
  MITM b1=300: s=4 t=3 j=3 je=3 Q=27000000 table=92345408 yh=42027965
stage b2=453 vs b1={301}: values [33828023698415278110106494516889173, 50110754096488045602459977936194201), 4159487447275782 candidates (MITM path)
  MITM b1=301: s=4 t=3 j=3 je=3 Q=27270901 table=92959677 yh=44745073
stage b2=454 vs b1={302}: values [34811768529054092814773128813502464, 52492493291196466086203175724662784), 4447429715595080 candidates (MITM path)
  MITM b1=302: s=4 t=3 j=3 je=3 Q=27543608 table=93576664 yh=47527125
stage b2=455 vs b1={303}: values [35821862005173382840059779052734375, 54978995282149371522266936818729569), 4745158724438219 candidates (MITM path)
  MITM b1=303: s=4 t=3 j=3 je=3 Q=27818127 table=94196375 yh=50375174

*** MATCH: 40941782999671134100893056290054176 is an 14-digit palindrome in bases 303 and 455
stage b2=456 vs b1={304}: values [36858949602344860248381873104879616, 57574499397733310582010212836704256), 5052921664406239 candidates (MITM path)
  MITM b1=304: s=4 t=3 j=3 je=3 Q=28094464 table=94818816 yh=53290285
stage b2=457 vs b1={305}: values [37923691139306296516328170919321257, 60283401692879138764114019775390625), 5370970621150301 candidates (MITM path)
  MITM b1=305: s=4 t=3 j=3 je=3 Q=28372625 table=95443993 yh=56273533
stage b2=458 vs b1={306}: values [39016761064175779784992789207359488, 63110260198880625404008432578871296), 5699562649588367 candidates (MITM path)
  MITM b1=306: s=4 t=3 j=3 je=3 Q=28652616 table=96071912 yh=59326005
stage b2=459 vs b1={307}: values [40138848745731510470918118846397179, 66059800330953223881038421346972249), 6038959848913454 candidates (MITM path)
  MITM b1=307: s=4 t=3 j=3 je=3 Q=28934443 table=96702579 yh=62448799
done: 313.97s, 533864960 candidates tested
