A171740 search: n=14, threads=1, limit=none
stage b2=323 vs b1={214}: values [416517056218427921387174661259283, 422467035168972249391801182601216), 16221752576055 candidates (MITM path)
  MITM b1=214: s=4 t=3 j=3 je=3 Q=9800344 table=33698267 yh=481383
stage b2=324 vs b1={215}: values [433595865796975883590475106484224, 450960433008657859896539306640625), 46328569665754 candidates (MITM path)
  MITM b1=215: s=4 t=3 j=3 je=3 Q=9938375 table=34012224 yh=1362116
stage b2=325 vs b1={216}: values [451319078493495285511016845703125, 481229803398374426442198455156736), 78098629301716 candidates (MITM path)
  MITM b1=216: s=4 t=3 j=3 je=3 Q=10077696 table=34328125 yh=2275063
stage b2=326 vs b1={217}: values [469708912601137116299541423742976, 513376841719862879656860722064529), 111593627778366 candidates (MITM path)
  MITM b1=217: s=4 t=3 j=3 je=3 Q=10218313 table=34645976 yh=3220970
stage b2=327 vs b1={218}: values [488788280664623015683331165008167, 547508556142388336802624725991424), 146877007558167 candidates (MITM path)
  MITM b1=218: s=4 t=3 j=3 je=3 Q=10360232 table=34965783 yh=4200593
stage b2=328 vs b1={219}: values [508580808943504054749179095810048, 583737518756672701482036256689321), 184013994728075 candidates (MITM path)
  MITM b1=219: s=4 t=3 j=3 je=3 Q=10503459 table=35287552 yh=5214700
stage b2=329 vs b1={220}: values [529110857358941125064944829442089, 622182127342782054400000000000000), 223071637018696 candidates (MITM path)
  MITM b1=220: s=4 t=3 j=3 je=3 Q=10648000 table=35611289 yh=6264071
stage b2=330 vs b1={221}: values [550403539934485037130000000000000, 662966878170355779548558581239481), 264118842390883 candidates (MITM path)
  MITM b1=221: s=4 t=3 j=3 je=3 Q=10793861 table=35937000 yh=7349497
stage b2=331 vs b1={222}: values [572484745741528457369486524730491, 706222650242563257993710741766144), 307226418194534 candidates (MITM path)
  MITM b1=222: s=4 t=3 j=3 je=3 Q=10941048 table=36264691 yh=8471779
stage b2=332 vs b1={223}: values [595381160360298826030671705669632, 752087001408534719216214439862209), 352467110904343 candidates (MITM path)
  MITM b1=223: s=4 t=3 j=3 je=3 Q=11089567 table=36594368 yh=9631732
stage b2=333 vs b1={224}: values [619120287867461433025357023191613, 800704476782743824084831595134976), 399915646437268 candidates (MITM path)
  MITM b1=224: s=4 t=3 j=3 je=3 Q=11239424 table=36926037 yh=10830181
stage b2=334 vs b1={225}: values [643730473361604921949842267234304, 852226929923929274082183837890625), 449648771056483 candidates (MITM path)
  MITM b1=225: s=4 t=3 j=3 je=3 Q=11390625 table=37259704 yh=12067965
stage b2=335 vs b1={226}: values [669240926038087681500960693359375, 906813857240639864200242192203776), 501745292866580 candidates (MITM path)
  MITM b1=226: s=4 t=3 j=3 je=3 Q=11543176 table=37595375 yh=13345932
stage b2=336 vs b1={227}: values [695681742824932905930873850822656, 964632746105380745721862822346809), 556286123904806 candidates (MITM path)
  MITM b1=227: s=4 t=3 j=3 je=3 Q=11697083 table=37933056 yh=14664944
stage b2=337 vs b1={228}: values [723083932591672600024489796161297, 1025859437174637223709847054188544), 613354322833099 candidates (MITM path)
  MITM b1=228: s=4 t=3 j=3 je=3 Q=11852352 table=38272753 yh=16025875
stage b2=338 vs b1={229}: values [751479440943256507665609654345728, 1090678501427765328462322842832681), 673035138235732 candidates (MITM path)
  MITM b1=229: s=4 t=3 j=3 je=3 Q=12008989 table=38614472 yh=17429609
stage b2=339 vs b1={230}: values [780901175611360895051573482331619, 1159283632453874980900000000000000), 735416052527324 candidates (MITM path)
  MITM b1=230: s=4 t=3 j=3 je=3 Q=12167000 table=38958219 yh=18877045
stage b2=340 vs b1={231}: values [811383032455654359040000000000000, 1231878054532401295881577517615121), 800586826476038 candidates (MITM path)
  MITM b1=231: s=4 t=3 j=3 je=3 Q=12326391 table=39304000 yh=20369093
stage b2=341 vs b1={232}: values [842959922087803397334389217165221, 1308674947070072080696567108993024), 868639544346742 candidates (MITM path)
  MITM b1=232: s=4 t=3 j=3 je=3 Q=12487168 table=39651821 yh=21906675
stage b2=342 vs b1={233}: values [875667797131229409959628180774912, 1389897885974444705448234373058929), 939668659668946 candidates (MITM path)
  MITM b1=233: s=4 t=3 j=3 je=3 Q=12649337 table=40001688 yh=23490726
stage b2=343 vs b1={234}: values [909543680129861140820205019889143, 1475781302562113238057324097191936), 1013771041634320 candidates (MITM path)
  MITM b1=234: s=4 t=3 j=3 je=3 Q=12812904 table=40353607 yh=25122192
stage b2=344 vs b1={235}: values [944625692119362354506348084854784, 1566570960618087215175592041015625), 1091046022128594 candidates (MITM path)
  MITM b1=235: s=4 t=3 j=3 je=3 Q=12977875 table=40707584 yh=26802034
stage b2=345 vs b1={236}: values [980953081874553817708385009765625, 1662524452241727005330470932054016), 1171595443402656 candidates (MITM path)
  MITM b1=236: s=4 t=3 j=3 je=3 Q=13144256 table=41063625 yh=28531224
stage b2=346 vs b1={237}: values [1018566255846991457770364750503936, 1763911713133997936335712142251289), 1255523706387672 candidates (MITM path)
  MITM b1=237: s=4 t=3 j=3 je=3 Q=13312053 table=41421736 yh=30310746
stage b2=347 vs b1={238}: values [1057506808806908944576515283377227, 1871015558000686912224711093796864), 1342937819659035 candidates (MITM path)
  MITM b1=238: s=4 t=3 j=3 je=3 Q=13481272 table=41781923 yh=32141600
stage b2=348 vs b1={239}: values [1097817555203982927999768993988608, 1984132236766622027506928774262241), 1433947449053980 candidates (MITM path)
  MITM b1=239: s=4 t=3 j=3 je=3 Q=13651919 table=42144192 yh=34024794
stage b2=349 vs b1={240}: values [1139542561261632803799098096449549, 2103572012316858777600000000000000), 1528664967947681 candidates (MITM path)
  MITM b1=240: s=4 t=3 j=3 je=3 Q=13824000 table=42508549 yh=35961354
stage b2=350 vs b1={241}: values [1182727177819824218750000000000000, 2229659760502257132817812847740961), 1627205508192668 candidates (MITM path)
  MITM b1=241: s=4 t=3 j=3 je=3 Q=13997521 table=42875000 yh=37952316
stage b2=351 vs b1={242}: values [1227418073941606603920057053059551, 2362735593168883450473284633903104), 1729687011726397 candidates (MITM path)
  MITM b1=242: s=4 t=3 j=3 je=3 Q=14172488 table=43243551 yh=39998728
stage b2=352 vs b1={243}: values [1273663271298879886722784131284992, 2503155504993241601315571986085849), 1836230282851807 candidates (MITM path)
  MITM b1=243: s=4 t=3 j=3 je=3 Q=14348907 table=43614208 yh=42101654
stage b2=353 vs b1={244}: values [1321512179353154221437667378235873, 2651292044928480635622559471108096), 1946959041195714 candidates (MITM path)
  MITM b1=244: s=4 t=3 j=3 je=3 Q=14526784 table=43986977 yh=44262170
stage b2=354 vs b1={245}: values [1371015631347339138390230034161664, 2807535013090453863383795166015625), 2061999975349874 candidates (MITM path)
  MITM b1=245: s=4 t=3 j=3 je=3 Q=14706125 table=44361864 yh=46481365
stage b2=355 vs b1={246}: values [1422225921124874988441297607421875, 2972292183936828626836081803411456), 2181482797199572 candidates (MITM path)
  MITM b1=246: s=4 t=3 j=3 je=3 Q=14886936 table=44738875 yh=48760341
stage b2=356 vs b1={247}: values [1475196840792799996720033946402816, 3145990056617379761511309839089969), 2305540296944583 candidates (MITM path)
  MITM b1=247: s=4 t=3 j=3 je=3 Q=15069223 table=45118016 yh=51100215
stage b2=357 vs b1={248}: values [1529983719245630682916125419139957, 3329074633399155440492375267344384), 2434308398817363 candidates (MITM path)
  MITM b1=248: s=4 t=3 j=3 je=3 Q=15252992 table=45499293 yh=53502115
stage b2=358 vs b1={249}: values [1586643461567221900574921745522688, 3522012227096394652101560724434001), 2567926217503322 candidates (MITM path)
  MITM b1=249: s=4 t=3 j=3 je=3 Q=15438249 table=45882712 yh=55967185
stage b2=359 vs b1={250}: values [1645234589328065340756692514311879, 3725290298461914062500000000000000), 2706536115268038 candidates (MITM path)
  MITM b1=250: s=4 t=3 j=3 je=3 Q=15625000 table=46268279 yh=58496581
stage b2=360 vs b1={251}: values [1705817281795782082560000000000000, 3939418324524181765386728349441001), 2850283759796286 candidates (MITM path)
  MITM b1=251: s=4 t=3 j=3 je=3 Q=15813251 table=46656000 yh=61091473
stage b2=361 vs b1={252}: values [1768453418076865701195582595329481, 4164928698882469942515671324688384), 2999318182747728 candidates (MITM path)
  MITM b1=252: s=4 t=3 j=3 je=3 Q=16003008 table=47045881 yh=63753046
stage b2=362 vs b1={253}: values [1833206620208037610752855912783872, 4402377665001341492756836874350969), 3153791839034151 candidates (MITM path)
  MITM b1=253: s=4 t=3 j=3 je=3 Q=16194277 table=47437928 yh=66482496
stage b2=363 vs b1={254}: values [1900142297215885771145866243915803, 4652346283575291198546759565459456), 3313860666823118 candidates (MITM path)
  MITM b1=254: s=4 t=3 j=3 je=3 Q=16387064 table=47832147 yh=69281036
stage b2=364 vs b1={255}: values [1969327690163771674979127676370944, 4915441435064644177113043212890625), 3479684148272895 candidates (MITM path)
  MITM b1=255: s=4 t=3 j=3 je=3 Q=16581375 table=48228544 yh=72149891
stage b2=365 vs b1={256}: values [2040831918205308698658487548828125, 5192296858534827628530496329220096), 3651425371003551 candidates (MITM path)
  MITM b1=256: s=4 t=3 j=3 je=3 Q=16777216 table=48627125 yh=75090300
stage b2=366 vs b1={257}: values [2114726025664037501814878311735296, 5483574227962890893331590433934849), 3829251090309095 candidates (MITM path)
  MITM b1=257: s=4 t=3 j=3 je=3 Q=16974593 table=49027896 yh=78103517
stage b2=367 vs b1={258}: values [2191083030159251239243293893133487, 5789964267207668452827559331119104), 4013331792115531 candidates (MITM path)
  MITM b1=258: s=4 t=3 j=3 je=3 Q=17173512 table=49430863 yh=81190810
stage b2=368 vs b1={259}: values [2269977971798254959728479560531968, 6112187904873275865980332271043961), 4203841756689731 candidates (MITM path)
  MITM b1=259: s=4 t=3 j=3 je=3 Q=17373979 table=49836032 yh=84353461
stage b2=369 vs b1={260}: values [2351487963455679756386948226834609, 6450997470329715097600000000000000), 4400959123103994 candidates (MITM path)
  MITM b1=260: s=4 t=3 j=3 je=3 Q=17576000 table=50243409 yh=87592766
stage b2=370 vs b1={261}: values [2435692242160813053970000000000000, 6807177932189258856180832656779241), 4604865954461192 candidates (MITM path)
  MITM b1=261: s=4 t=3 j=3 je=3 Q=17779581 table=50653000 yh=90910035
stage b2=371 vs b1={262}: values [2522672221614251920828329838491011, 7181548180572999273393724747300864), 4815748303885392 candidates (MITM path)
  MITM b1=262: s=4 t=3 j=3 je=3 Q=17984728 table=51064811 yh=94306593
stage b2=372 vs b1={263}: values [2612511545855536528237681340055552, 7574962354538500616775660413022289), 5033796281282845 candidates (MITM path)
  MITM b1=263: s=4 t=3 j=3 je=3 Q=18191447 table=51478848 yh=97783779
stage b2=373 vs b1={264}: values [2705296144103775899249465745412933, 7988311216076905079138811711062016), 5259204120878243 candidates (MITM path)
  MITM b1=264: s=4 t=3 j=3 je=3 Q=18399744 table=51895117 yh=101342948
stage b2=374 vs b1={265}: values [2801114286793637945305730403098624, 8422523572126121633218804931640625), 5492170249531141 candidates (MITM path)
  MITM b1=265: s=4 t=3 j=3 je=3 Q=18609625 table=52313624 yh=104985468
stage b2=375 vs b1={266}: values [2900056642829440534114837646484375, 8878567746085897335509947690663936), 5732897355837442 candidates (MITM path)
  MITM b1=266: s=4 t=3 j=3 je=3 Q=18821096 table=52734375 yh=108712721
stage b2=376 vs b1={267}: values [3002216338080450019720605913317376, 9357453100360645426341446339617929), 5981592460020854 candidates (MITM path)
  MITM b1=267: s=4 t=3 j=3 je=3 Q=19034163 table=53157376 yh=112526105
stage b2=377 vs b1={268}: values [3107689015140868348741078056241817, 9860231611496902484101890807169024), 6238466984619218 candidates (MITM path)
  MITM b1=268: s=4 t=3 j=3 je=3 Q=19248832 table=53582633 yh=116427034
stage b2=378 vs b1={269}: values [3216572894378369589263147095400448, 10387999499524225396026023192028121), 6503736825970621 candidates (MITM path)
  MITM b1=269: s=4 t=3 j=3 je=3 Q=19465109 table=54010152 yh=120416933
stage b2=379 vs b1={270}: values [3328968836295431565149961657333739, 10941898913151235920900000000000000), 6777622426504195 candidates (MITM path)
  MITM b1=270: s=4 t=3 j=3 je=3 Q=19683000 table=54439939 yh=124497246
stage b2=380 vs b1={271}: values [3444980405228098273280000000000000, 11523119672512394327137541804059681), 7060348847840525 candidates (MITM path)
  MITM b1=271: s=4 t=3 j=3 je=3 Q=19902511 table=54872000 yh=128669428
stage b2=381 vs b1={272}: values [3564713934407203969659599412660141, 12132901071205952454668884633452544), 7352145844706570 candidates (MITM path)
  MITM b1=272: s=4 t=3 j=3 je=3 Q=20123648 table=55306341 yh=132934954
stage b2=382 vs b1={273}: values [3688278592407490288045563431084032, 12772533739409419310834931469027809), 7653247939670012 candidates (MITM path)
  MITM b1=273: s=4 t=3 j=3 je=3 Q=20346417 table=55742968 yh=137295308
stage b2=383 vs b1={274}: values [3815786451010453557735946798011263, 13443361569905787990117147696971776), 7963894498697965 candidates (MITM path)
  MITM b1=274: s=4 t=3 j=3 je=3 Q=20570824 table=56181887 yh=141751994
stage b2=384 vs b1={275}: values [3947352554507170672035992860360704, 14146783708901740610599517822265625), 8284329807544942 candidates (MITM path)
  MITM b1=275: s=4 t=3 j=3 je=3 Q=20796875 table=56623104 yh=146306530
stage b2=385 vs b1={276}: values [4083094990467768482531636962890625, 14884256613568087679683209751166976), 8614803148975020 candidates (MITM path)
  MITM b1=276: s=4 t=3 j=3 je=3 Q=21024576 table=57066625 yh=150960446
stage b2=386 vs b1={277}: values [4223134962004623814104936875565056, 15657296178282829721680640148731209), 8955568880823115 candidates (MITM path)
  MITM b1=277: s=4 t=3 j=3 je=3 Q=21253933 table=57512456 yh=155715293
stage b2=387 vs b1={278}: values [4367596861556808869457342044548947, 16467479931608472298443740375302144), 9306886514900296 candidates (MITM path)
  MITM b1=278: s=4 t=3 j=3 je=3 Q=21484952 table=57960603 yh=160572631
stage b2=388 vs b1={279}: values [4516608346223730078076491035312128, 17316449306087601206337604921562481), 9669020796748070 candidates (MITM path)
  MITM b1=279: s=4 t=3 j=3 je=3 Q=21717639 table=58411072 yh=165534042
stage b2=389 vs b1={280}: values [4670300414676347401856768325525269, 18205911982994253414400000000000000), 10042241786246550 candidates (MITM path)
  MITM b1=280: s=4 t=3 j=3 je=3 Q=21952000 table=58863869 yh=170601117
stage b2=390 vs b1={281}: values [4828807485674805797190000000000000, 19137644314233322299008947929826321), 10426824939081461 candidates (MITM path)
  MITM b1=281: s=4 t=3 j=3 je=3 Q=22188041 table=59319000 yh=175775468
stage b2=391 vs b1={282}: values [4992267478221761010969967707552871, 20113493823636134316549694448615424), 10823051189074891 candidates (MITM path)
  MITM b1=282: s=4 t=3 j=3 je=3 Q=22425768 table=59776471 yh=181058718
stage b2=392 vs b1={283}: values [5160821893381138215757522311053312, 21135381789957450134663699873055529), 11231207031384743 candidates (MITM path)
  MITM b1=283: s=4 t=3 j=3 je=3 Q=22665187 table=60236288 yh=186452510
stage b2=393 vs b1={284}: values [5334615897792524227954149747794793, 22205305913937498425779524506484736), 11651584606577803 candidates (MITM path)
  MITM b1=284: s=4 t=3 j=3 je=3 Q=22906304 table=60698457 yh=191958498
stage b2=394 vs b1={285}: values [5513798408911862263322980452573184, 23325343071852267342134088134765625), 12084481785581380 candidates (MITM path)
  MITM b1=285: s=4 t=3 j=3 je=3 Q=23149125 table=61162984 yh=197578356
stage b2=395 vs b1={286}: values [5698522182009592428141893310546875, 24497652158036179788437520640393216), 12530202255518439 candidates (MITM path)
  MITM b1=286: s=4 t=3 j=3 je=3 Q=23393656 table=61629875 yh=203313771
stage b2=396 vs b1={287}: values [5888943898957861483712781364494336, 25724477018923486959881583081626689), 12989055606431183 candidates (MITM path)
  MITM b1=287: s=4 t=3 j=3 je=3 Q=23639903 table=62099136 yh=209166447
stage b2=397 vs b1={288}: values [6085224258838911919400672863338877, 27008149481218253520093899825086464), 13461357418898013 candidates (MITM path)
  MITM b1=288: s=4 t=3 j=3 je=3 Q=23887872 table=62570773 yh=215138104
stage b2=398 vs b1={289}: values [6287528070407253087832349758251008, 28351092476867700887730107366063041), 13947429352548816 candidates (MITM path)
  MITM b1=289: s=4 t=3 j=3 je=3 Q=24137569 table=63044792 yh=221230477
stage b2=399 vs b1={290}: values [6496024346438716158824594291525199, 29755823267579946348100000000000000), 14447599235483528 candidates (MITM path)
  MITM b1=290: s=4 t=3 j=3 je=3 Q=24389000 table=63521199 yh=227445317
stage b2=400 vs b1={291}: values [6710886400000000000000000000000000, 31224956771694849412103314940863161), 14962201154598908 candidates (MITM path)
  MITM b1=291: s=4 t=3 j=3 je=3 Q=24642171 table=64000000 yh=233784394
stage b2=401 vs b1={292}: values [6932291942672826856333202316485201, 32761208996285777655067862320021504), 15491575546828480 candidates (MITM path)
  MITM b1=292: s=4 t=3 j=3 je=3 Q=24897088 table=64481201 yh=240249489

*** MATCH: 23854550106046049671407453789685632 is an 14-digit palindrome in bases 292 and 401
stage b2=402 vs b1={293}: values [7160423184767344942991696876347392, 34367400577440657174390053251553449), 16036069291300592 candidates (MITM path)
  MITM b1=293: s=4 t=3 j=3 je=3 Q=25153757 table=64964808 yh=246842403
stage b2=403 vs b1={294}: values [7395466937559939851224358455647523, 36046460431742703147634670013136896), 16596035802419533 candidates (MITM path)
  MITM b1=294: s=4 t=3 j=3 je=3 Q=25412184 table=65450827 yh=253564952
stage b2=404 vs b1={295}: values [7637614717591148061633023326552064, 37801429522044759444963140869140625), 17171835123874673 candidates (MITM path)
  MITM b1=295: s=4 t=3 j=3 je=3 Q=25672375 table=65939264 yh=260418969
stage b2=405 vs b1={296}: values [7887062853059903929360645751953125, 39635464740706238900646729698246656), 17763834023582564 candidates (MITM path)
  MITM b1=296: s=4 t=3 j=3 je=3 Q=25934336 table=66430125 yh=267406302
stage b2=406 vs b1={297}: values [8144012592350896318465589091721216, 41551842913538274087106161994416369), 18372406089566973 candidates (MITM path)
  MITM b1=297: s=4 t=3 j=3 je=3 Q=26198073 table=66923416 yh=274528815
stage b2=407 vs b1={298}: values [8408670214732362685449475031095607, 43553964927780889034146280167849984), 18997931826781788 candidates (MITM path)
  MITM b1=298: s=4 t=3 j=3 je=3 Q=26463592 table=67419143 yh=281788391
stage b2=408 vs b1={299}: values [8681247143262206912494013239001088, 45645359987515812435930238280185801), 19640798754881765 candidates (MITM path)
  MITM b1=299: s=4 t=3 j=3 je=3 Q=26730899 table=67917312 yh=289186928
stage b2=409 vs b1={300}: values [8961960059940892637875611279849529, 47829690000000000000000000000000000), 20301401506946066 candidates (MITM path)
  MITM b1=300: s=4 t=3 j=3 je=3 Q=27000000 table=68417929 yh=296726338
stage b2=410 vs b1={301}: values [9251031023150136293210000000000000, 50110754096488045602459977936194201), 20980141929159552 candidates (MITM path)
  MITM b1=301: s=4 t=3 j=3 je=3 Q=27270901 table=68921000 yh=304408554
stage b2=411 vs b1={302}: values [9548687587417003604089240200373131, 52492493291196466086203175724662784), 21677429181456789 candidates (MITM path)
  MITM b1=302: s=4 t=3 j=3 je=3 Q=27543608 table=69426531 yh=312235523
stage b2=412 vs b1={303}: values [9855162925543600012281425818550272, 54978995282149371522266936818729569), 22393679839133737 candidates (MITM path)
  MITM b1=303: s=4 t=3 j=3 je=3 Q=27818127 table=69934528 yh=320209209
stage b2=413 vs b1={304}: values [10170695953143139404457311421253453, 57574499397733310582010212836704256), 23129317995432071 candidates (MITM path)
  MITM b1=304: s=4 t=3 j=3 je=3 Q=28094464 table=70444997 yh=328331592

*** MATCH: 22095178194629621516145193152116820 is an 14-digit palindrome in bases 304 and 413
stage b2=414 vs b1={305}: values [10495531455623776755395673235513344, 60283401692879138764114019775390625), 23884775365101107 candidates (MITM path)
  MITM b1=305: s=4 t=3 j=3 je=3 Q=28372625 table=70957944 yh=336604671
stage b2=415 vs b1={306}: values [10829920217662198884330277099609375, 63110260198880625404008432578871296), 24660491388942302 candidates (MITM path)
  MITM b1=306: s=4 t=3 j=3 je=3 Q=28652616 table=71473375 yh=345030460
stage b2=416 vs b1={307}: values [11174119155209583553590348738461696, 66059800330953223881038421346972249), 25456913339341287 candidates (MITM path)
  MITM b1=307: s=4 t=3 j=3 je=3 Q=28934443 table=71991296 yh=353610989
stage b2=417 vs b1={308}: values [11528391450073160681535117383503137, 69136920457732008849516311508680704), 26274496426792397 candidates (MITM path)
  MITM b1=308: s=4 t=3 j=3 je=3 Q=29218112 table=72511713 yh=362348307
stage b2=418 vs b1={309}: values [11893006687117240570102814793146368, 72346697637005265678995742402826761), 27113703907420686 candidates (MITM path)
  MITM b1=309: s=4 t=3 j=3 je=3 Q=29503629 table=73034632 yh=371244480
stage b2=419 vs b1={310}: values [12268240994128212834729297883414259, 75694393522079632032100000000000000), 27975007191506370 candidates (MITM path)
  MITM b1=310: s=4 t=3 j=3 je=3 Q=29791000 table=73560059 yh=380301588
stage b2=420 vs b1={311}: values [12654377184388666245120000000000000, 79185460443274071484794939191083441), 28858885953016689 candidates (MITM path)
  MITM b1=311: s=4 t=3 j=3 je=3 Q=30080231 table=74088000 yh=389521731
stage b2=421 vs b1={312}: values [13051704902006434014097498971732661, 82825547669143336572232508337291264), 29765828240150155 candidates (MITM path)
  MITM b1=312: s=4 t=3 j=3 je=3 Q=30371328 table=74618461 yh=398907025
stage b2=422 vs b1={313}: values [13460520770045031283752025608445952, 86620507852136986313803229728551889), 30696330586898149 candidates (MITM path)
  MITM b1=313: s=4 t=3 j=3 je=3 Q=30664297 table=75151448 yh=408459603
stage b2=423 vs b1={314}: values [13881128541502621729192837547096583, 90576403663507494251037011559202816), 31650898125628858 candidates (MITM path)
  MITM b1=314: s=4 t=3 j=3 je=3 Q=30959144 table=75686967 yh=418181616
stage b2=424 vs b1={315}: values [14313839253187328406678973683073024, 94699514622390550869469537353515625), 32630044700698508 candidates (MITM path)
  MITM b1=315: s=4 t=3 j=3 je=3 Q=31255875 table=76225024 yh=428075231
stage b2=425 vs b1={316}: values [14758971382537390291690826416015625, 98996344124092362953499355314651136), 33634292983094886 candidates (MITM path)
  MITM b1=316: s=4 t=3 j=3 je=3 Q=31554496 table=76765625 yh=438142632
stage b2=426 vs b1={317}: values [15216851007435360461032099699531776, 103473626672732616363732850530926329), 34664174586118113 candidates (MITM path)
  MITM b1=317: s=4 t=3 j=3 je=3 Q=31855013 table=77308776 yh=448386023
stage b2=427 vs b1={318}: values [15687811969066244649321093637445467, 108138335323507832794908910278426624), 35720230182103657 candidates (MITM path)
  MITM b1=318: s=4 t=3 j=3 je=3 Q=32157432 table=77854483 yh=458807622
stage b2=428 vs b1={319}: values [16172196037870190032792688261070848, 112997689339958150582465303553121921), 36803009620192560 candidates (MITM path)
  MITM b1=319: s=4 t=3 j=3 je=3 Q=32461759 table=78402752 yh=469409666
stage b2=429 vs b1={320}: values [16670353082641053641298125247535389, 118059162071741130342400000000000000), 37913072045153850 candidates (MITM path)
  MITM b1=320: s=4 t=3 j=3 je=3 Q=32768000 table=78953589 yh=480194410
stage b2=430 vs b1={321}: values [17182641242822907852430000000000000, 123330489058539064373855829501034881), 39050986017264139 candidates (MITM path)
  MITM b1=321: s=4 t=3 j=3 je=3 Q=33076161 table=79507000 yh=491164125
stage b2=431 vs b1={322}: values [17709427104057277060049775698679791, 128819676365851491009049261438418944), 40217329633249366 candidates (MITM path)
  MITM b1=322: s=4 t=3 j=3 je=3 Q=33386248 table=80062991 yh=502321100
stage b2=432 vs b1={323}: values [18251085877034644913955971040018432, 134535009158552218608057415586748409), 41412690648293678 candidates (MITM path)
  MITM b1=323: s=4 t=3 j=3 je=3 Q=33698267 table=80621568 yh=513667642
stage b2=433 vs b1={324}: values [18808001579704525579373326142460913, 140485060518220186283313934500888576), 42637666599120438 candidates (MITM path)
  MITM b1=324: s=4 t=3 j=3 je=3 Q=34012224 table=81182737 yh=525206075
stage b2=434 vs b1={325}: values [19380567222899155346308769747247104, 146678700510385967791080474853515625), 43892864928150325 candidates (MITM path)
  MITM b1=325: s=4 t=3 j=3 je=3 Q=34328125 table=81746504 yh=536938741
stage b2=435 vs b1={326}: values [19969184999426632712125301513671875, 153125105507970699913650504140210176), 45178903108741527 candidates (MITM path)
  MITM b1=326: s=4 t=3 j=3 je=3 Q=34645976 table=82312875 yh=548868001
stage b2=436 vs b1={327}: values [20574266476690115849023402547347456, 159833767777331726128449290957670609), 46496408771517011 candidates (MITM path)
  MITM b1=327: s=4 t=3 j=3 je=3 Q=34965783 table=82881856 yh=560996231
stage b2=437 vs b1={328}: values [21196232792890476235164446315006597, 166814505333469329957730743425695744), 47846019831783846 candidates (MITM path)
  MITM b1=328: s=4 t=3 j=3 je=3 Q=35287552 table=83453453 yh=573325826
stage b2=438 vs b1={329}: values [21835514856870606258177356231958528, 174077472071091630146366848886447281), 49228384618049574 candidates (MITM path)
  MITM b1=329: s=4 t=3 j=3 je=3 Q=35611289 table=84027672 yh=585859200
done: 3188.47s, 8978850084 candidates tested
