A171740 search: n=14, threads=1, limit=none
stage b2=483 vs b1={311}: values [77859695295301523793862079367040563, 79185460443274071484794939191083441), 216190538221887 candidates (MITM path)
  MITM b1=311: s=4 t=3 j=3 je=3 Q=30080231 table=112678587 yh=1918648
stage b2=484 vs b1={312}: values [79981528839832616637508874879893504, 82825547669143336572232508337291264), 457103909663392 candidates (MITM path)
  MITM b1=312: s=4 t=3 j=3 je=3 Q=30371328 table=113379904 yh=4031614
stage b2=485 vs b1={313}: values [82156627217477399937279024658203125, 86620507852136986313803229728551889), 707164421778292 candidates (MITM path)
  MITM b1=313: s=4 t=3 j=3 je=3 Q=30664297 table=114084125 yh=6198623
stage b2=486 vs b1={314}: values [84386213567508786822951299218169856, 90576403663507494251037011559202816), 966607367997452 candidates (MITM path)
  MITM b1=314: s=4 t=3 j=3 je=3 Q=30959144 table=114791256 yh=8420567
stage b2=487 vs b1={315}: values [86671536510118625452078408718034247, 94699514622390550869469537353515625), 1235672698367107 candidates (MITM path)
  MITM b1=315: s=4 t=3 j=3 je=3 Q=31255875 table=115501303 yh=10698345
stage b2=488 vs b1={316}: values [89013870623172595766475439292284928, 98996344124092362953499355314651136), 1514605090005773 candidates (MITM path)
  MITM b1=316: s=4 t=3 j=3 je=3 Q=31554496 table=116214272 yh=13032867
stage b2=489 vs b1={317}: values [91414516926877774739994358072042569, 103473626672732616363732850530926329), 1803654018316092 candidates (MITM path)
  MITM b1=317: s=4 t=3 j=3 je=3 Q=31855013 table=116930169 yh=15425053
stage b2=490 vs b1={318}: values [93874803376477543056490000000000000, 108138335323507832794908910278426624), 2103073828956264 candidates (MITM path)
  MITM b1=318: s=4 t=3 j=3 je=3 Q=32157432 table=117649000 yh=17875833

*** MATCH: 103295033098195715577852509034019311 is an 14-digit palindrome in bases 318 and 490
stage b2=491 vs b1={319}: values [96396085363089927687061485995798171, 112997689339958150582465303553121921), 2413123810575687 candidates (MITM path)
  MITM b1=319: s=4 t=3 j=3 je=3 Q=32461759 table=118370771 yh=20386146
stage b2=492 vs b1={320}: values [98979746222806911020492610298970112, 118059162071741130342400000000000000), 2734068268319481 candidates (MITM path)
  MITM b1=320: s=4 t=3 j=3 je=3 Q=32768000 table=119095488 yh=22956943
stage b2=493 vs b1={321}: values [101627197754173688160928089239296093, 123330489058539064373855829501034881), 3066176598106522 candidates (MITM path)
  MITM b1=321: s=4 t=3 j=3 je=3 Q=33076161 table=119823157 yh=25589183
done: 130.86s, 87162052 candidates tested
