A171740 search: n=14, threads=1, limit=none
stage b2=372 vs b1={244}: values [2612511545855536528237681340055552, 2651292044928480635622559471108096), 39338048787932 candidates (MITM path)
  MITM b1=244: s=4 t=3 j=3 je=3 Q=14526784 table=51478848 yh=764160
stage b2=373 vs b1={245}: values [2705296144103775899249465745412933, 2807535013090453863383795166015625), 101778070621299 candidates (MITM path)
  MITM b1=245: s=4 t=3 j=3 je=3 Q=14706125 table=51895117 yh=1961227
stage b2=374 vs b1={246}: values [2801114286793637945305730403098624, 2972292183936828626836081803411456), 167242430918554 candidates (MITM path)
  MITM b1=246: s=4 t=3 j=3 je=3 Q=14886936 table=52313624 yh=3196920
stage b2=375 vs b1={247}: values [2900056642829440534114837646484375, 3145990056617379761511309839089969), 235829789936994 candidates (MITM path)
  MITM b1=247: s=4 t=3 j=3 je=3 Q=15069223 table=52734375 yh=4472032
stage b2=376 vs b1={248}: values [3002216338080450019720605913317376, 3329074633399155440492375267344384), 307641270955916 candidates (MITM path)
  MITM b1=248: s=4 t=3 j=3 je=3 Q=15252992 table=53157376 yh=5787368
stage b2=377 vs b1={249}: values [3107689015140868348741078056241817, 3522012227096394652101560724434001), 382780507025721 candidates (MITM path)
  MITM b1=249: s=4 t=3 j=3 je=3 Q=15438249 table=53582633 yh=7143743
stage b2=378 vs b1={250}: values [3216572894378369589263147095400448, 3725290298461914062500000000000000), 461353688340932 candidates (MITM path)
  MITM b1=250: s=4 t=3 j=3 je=3 Q=15625000 table=54010152 yh=8541981
stage b2=379 vs b1={251}: values [3328968836295431565149961657333739, 3939418324524181765386728349441001), 543469610241838 candidates (MITM path)
  MITM b1=251: s=4 t=3 j=3 je=3 Q=15813251 table=54439939 yh=9982921
stage b2=380 vs b1={252}: values [3444980405228098273280000000000000, 4164928698882469942515671324688384), 629239721849488 candidates (MITM path)
  MITM b1=252: s=4 t=3 j=3 je=3 Q=16003008 table=54872000 yh=11467411
stage b2=381 vs b1={253}: values [3564713934407203969659599412660141, 4402377665001341492756836874350969), 718778175338743 candidates (MITM path)
  MITM b1=253: s=4 t=3 j=3 je=3 Q=16194277 table=55306341 yh=12996307
stage b2=382 vs b1={254}: values [3688278592407490288045563431084032, 4652346283575291198546759565459456), 812201875854119 candidates (MITM path)
  MITM b1=254: s=4 t=3 j=3 je=3 Q=16387064 table=55742968 yh=14570482
stage b2=383 vs b1={255}: values [3815786451010453557735946798011263, 4915441435064644177113043212890625), 909630532073149 candidates (MITM path)
  MITM b1=255: s=4 t=3 j=3 je=3 Q=16581375 table=56181887 yh=16190815

*** MATCH: 4860053695925141389173148607872512 is an 14-digit palindrome in bases 255 and 383
stage b2=384 vs b1={256}: values [3947352554507170672035992860360704, 5192296858534827628530496329220096), 1011186707422000 candidates (MITM path)
  MITM b1=256: s=4 t=3 j=3 je=3 Q=16777216 table=56623104 yh=17858200
stage b2=385 vs b1={257}: values [4083094990467768482531636962890625, 5483574227962890893331590433934849), 1116995871948084 candidates (MITM path)
  MITM b1=257: s=4 t=3 j=3 je=3 Q=16974593 table=57066625 yh=19573541
stage b2=386 vs b1={258}: values [4223134962004623814104936875565056, 5789964267207668452827559331119104), 1227186454854397 candidates (MITM path)
  MITM b1=258: s=4 t=3 j=3 je=3 Q=17173512 table=57512456 yh=21337751
stage b2=387 vs b1={259}: values [4367596861556808869457342044548947, 6112187904873275865980332271043961), 1341889897700354 candidates (MITM path)
  MITM b1=259: s=4 t=3 j=3 je=3 Q=17373979 table=57960603 yh=23151759
stage b2=388 vs b1={260}: values [4516608346223730078076491035312128, 6450997470329715097600000000000000), 1461240708273845 candidates (MITM path)
  MITM b1=260: s=4 t=3 j=3 je=3 Q=17576000 table=58411072 yh=25016503
stage b2=389 vs b1={261}: values [4670300414676347401856768325525269, 6807177932189258856180832656779241), 1585376515139294 candidates (MITM path)
  MITM b1=261: s=4 t=3 j=3 je=3 Q=17779581 table=58863869 yh=26932931
stage b2=390 vs b1={262}: values [4828807485674805797190000000000000, 7181548180572999273393724747300864), 1714438122866460 candidates (MITM path)
  MITM b1=262: s=4 t=3 j=3 je=3 Q=17984728 table=59319000 yh=28902007
done: 102.07s, 142637303 candidates tested
