A171740 search: n=14, threads=1, limit=none
stage b2=400 vs b1={261}: values [6710886400000000000000000000000000, 6807177932189258856180832656779241), 58771687127234 candidates (MITM path)
  MITM b1=261: s=4 t=3 j=3 je=3 Q=17779581 table=64000000 yh=918308
stage b2=401 vs b1={262}: values [6932291942672826856333202316485201, 7181548180572999273393724747300864), 149498015419452 candidates (MITM path)
  MITM b1=262: s=4 t=3 j=3 je=3 Q=17984728 table=64481201 yh=2318475
stage b2=402 vs b1={263}: values [7160423184767344942991696876347392, 7574962354538500616775660413022289), 244333604371599 candidates (MITM path)
  MITM b1=263: s=4 t=3 j=3 je=3 Q=18191447 table=64964808 yh=3761015
stage b2=403 vs b1={264}: values [7395466937559939851224358455647523, 7988311216076905079138811711062016), 343403968645095 candidates (MITM path)
  MITM b1=264: s=4 t=3 j=3 je=3 Q=18399744 table=65450827 yh=5246748
stage b2=404 vs b1={265}: values [7637614717591148061633023326552064, 8422523572126121633218804931640625), 446837560988933 candidates (MITM path)
  MITM b1=265: s=4 t=3 j=3 je=3 Q=18609625 table=65939264 yh=6776503
stage b2=405 vs b1={266}: values [7887062853059903929360645751953125, 8878567746085897335509947690663936), 554765824611069 candidates (MITM path)
  MITM b1=266: s=4 t=3 j=3 je=3 Q=18821096 table=66430125 yh=8351119
stage b2=406 vs b1={267}: values [8144012592350896318465589091721216, 9357453100360645426341446339617929), 667323246207544 candidates (MITM path)
  MITM b1=267: s=4 t=3 j=3 je=3 Q=19034163 table=66923416 yh=9971447
stage b2=407 vs b1={268}: values [8408670214732362685449475031095607, 9860231611496902484101890807169024), 784647409654027 candidates (MITM path)
  MITM b1=268: s=4 t=3 j=3 je=3 Q=19248832 table=67419143 yh=11638348
stage b2=408 vs b1={269}: values [8681247143262206912494013239001088, 10387999499524225396026023192028121), 906879050364491 candidates (MITM path)
  MITM b1=269: s=4 t=3 j=3 je=3 Q=19465109 table=67917312 yh=13352694
stage b2=409 vs b1={270}: values [8961960059940892637875611279849529, 10941898913151235920900000000000000), 1034162110321703 candidates (MITM path)
  MITM b1=270: s=4 t=3 j=3 je=3 Q=19683000 table=68417929 yh=15115368
stage b2=410 vs b1={271}: values [9251031023150136293210000000000000, 11523119672512394327137541804059681), 1166643793784246 candidates (MITM path)
  MITM b1=271: s=4 t=3 j=3 je=3 Q=19902511 table=68921000 yh=16927262
stage b2=411 vs b1={272}: values [9548687587417003604089240200373131, 12132901071205952454668884633452544), 1304474623674782 candidates (MITM path)
  MITM b1=272: s=4 t=3 j=3 je=3 Q=20123648 table=69426531 yh=18789282
stage b2=412 vs b1={273}: values [9855162925543600012281425818550272, 12772533739409419310834931469027809), 1447808498654266 candidates (MITM path)
  MITM b1=273: s=4 t=3 j=3 je=3 Q=20346417 table=69934528 yh=20702342
stage b2=413 vs b1={274}: values [10170695953143139404457311421253453, 13443361569905787990117147696971776), 1596802750886829 candidates (MITM path)
  MITM b1=274: s=4 t=3 j=3 je=3 Q=20570824 table=70444997 yh=22667370
stage b2=414 vs b1={275}: values [10495531455623776755395673235513344, 14146783708901740610599517822265625), 1751618204500065 candidates (MITM path)
  MITM b1=275: s=4 t=3 j=3 je=3 Q=20796875 table=70957944 yh=24685301
stage b2=415 vs b1={276}: values [10829920217662198884330277099609375, 14884256613568087679683209751166976), 1912419234745428 candidates (MITM path)
  MITM b1=276: s=4 t=3 j=3 je=3 Q=21024576 table=71473375 yh=26757086
stage b2=416 vs b1={277}: values [11174119155209583553590348738461696, 15657296178282829721680640148731209), 2079373827863500 candidates (MITM path)
  MITM b1=277: s=4 t=3 j=3 je=3 Q=21253933 table=71991296 yh=28883684
stage b2=417 vs b1={278}: values [11528391450073160681535117383503137, 16467479931608472298443740375302144), 2252653641658830 candidates (MITM path)
  MITM b1=278: s=4 t=3 j=3 je=3 Q=21484952 table=72511713 yh=31066066
stage b2=418 vs b1={279}: values [11893006687117240570102814793146368, 17316449306087601206337604921562481), 2432434066789117 candidates (MITM path)
  MITM b1=279: s=4 t=3 j=3 je=3 Q=21717639 table=73034632 yh=33305215
stage b2=419 vs b1={280}: values [12268240994128212834729297883414259, 18205911982994253414400000000000000), 2618894288773459 candidates (MITM path)
  MITM b1=280: s=4 t=3 j=3 je=3 Q=21952000 table=73560059 yh=35602124
stage b2=420 vs b1={281}: values [12654377184388666245120000000000000, 19137644314233322299008947929826321), 2812217350724424 candidates (MITM path)
  MITM b1=281: s=4 t=3 j=3 je=3 Q=22188041 table=74088000 yh=37957799
stage b2=421 vs b1={282}: values [13051704902006434014097498971732661, 20113493823636134316549694448615424), 3012590216808697 candidates (MITM path)
  MITM b1=282: s=4 t=3 j=3 je=3 Q=22425768 table=74618461 yh=40373256
stage b2=422 vs b1={283}: values [13460520770045031283752025608445952, 21135381789957450134663699873055529), 3220203836441047 candidates (MITM path)
  MITM b1=283: s=4 t=3 j=3 je=3 Q=22665187 table=75151448 yh=42849525
stage b2=423 vs b1={284}: values [13881128541502621729192837547096583, 22205305913937498425779524506484736), 3435253209216390 candidates (MITM path)
  MITM b1=284: s=4 t=3 j=3 je=3 Q=22906304 table=75686967 yh=45387646
stage b2=424 vs b1={285}: values [14313839253187328406678973683073024, 23325343071852267342134088134765625), 3657937450584697 candidates (MITM path)
  MITM b1=285: s=4 t=3 j=3 je=3 Q=23149125 table=76225024 yh=47988670
stage b2=425 vs b1={286}: values [14758971382537390291690826416015625, 24497652158036179788437520640393216), 3888459858273514 candidates (MITM path)
  MITM b1=286: s=4 t=3 j=3 je=3 Q=23393656 table=76765625 yh=50653660
stage b2=426 vs b1={287}: values [15216851007435360461032099699531776, 25724477018923486959881583081626689), 4127027979462880 candidates (MITM path)
  MITM b1=287: s=4 t=3 j=3 je=3 Q=23639903 table=77308776 yh=53383694
stage b2=427 vs b1={288}: values [15687811969066244649321093637445467, 27008149481218253520093899825086464), 4373853678717391 candidates (MITM path)
  MITM b1=288: s=4 t=3 j=3 je=3 Q=23887872 table=77854483 yh=56179857
stage b2=428 vs b1={289}: values [16172196037870190032792688261070848, 28351092476867700887730107366063041), 4629153206680217 candidates (MITM path)
  MITM b1=289: s=4 t=3 j=3 je=3 Q=24137569 table=78402752 yh=59043249
stage b2=429 vs b1={290}: values [16670353082641053641298125247535389, 29755823267579946348100000000000000), 4893147269533819 candidates (MITM path)
  MITM b1=290: s=4 t=3 j=3 je=3 Q=24389000 table=78953589 yh=61974983
stage b2=430 vs b1={291}: values [17182641242822907852430000000000000, 31224956771694849412103314940863161), 5166061099232185 candidates (MITM path)
  MITM b1=291: s=4 t=3 j=3 je=3 Q=24642171 table=79507000 yh=64976180
stage b2=431 vs b1={292}: values [17709427104057277060049775698679791, 32761208996285777655067862320021504), 5448124524509346 candidates (MITM path)
  MITM b1=292: s=4 t=3 j=3 je=3 Q=24897088 table=80062991 yh=68047977
stage b2=432 vs b1={293}: values [18251085877034644913955971040018432, 34367400577440657174390053251553449), 5739572042668974 candidates (MITM path)
  MITM b1=293: s=4 t=3 j=3 je=3 Q=25153757 table=80621568 yh=71191521
stage b2=433 vs b1={294}: values [18808001579704525579373326142460913, 36046460431742703147634670013136896), 6040642892159854 candidates (MITM path)
  MITM b1=294: s=4 t=3 j=3 je=3 Q=25412184 table=81182737 yh=74407973
stage b2=434 vs b1={295}: values [19380567222899155346308769747247104, 37801429522044759444963140869140625), 6351581125942035 candidates (MITM path)
  MITM b1=295: s=4 t=3 j=3 je=3 Q=25672375 table=81746504 yh=77698505
stage b2=435 vs b1={296}: values [19969184999426632712125301513671875, 39635464740706238900646729698246656), 6672635685648437 candidates (MITM path)
  MITM b1=296: s=4 t=3 j=3 je=3 Q=25934336 table=82312875 yh=81064302
stage b2=436 vs b1={297}: values [20574266476690115849023402547347456, 41551842913538274087106161994416369), 7004060476546755 candidates (MITM path)
  MITM b1=297: s=4 t=3 j=3 je=3 Q=26198073 table=82881856 yh=84506560
stage b2=437 vs b1={298}: values [21196232792890476235164446315006597, 43553964927780889034146280167849984), 7346114443306425 candidates (MITM path)
  MITM b1=298: s=4 t=3 j=3 je=3 Q=26463592 table=83453453 yh=88026489
stage b2=438 vs b1={299}: values [21835514856870606258177356231958528, 45645359987515812435930238280185801), 7699061646575498 candidates (MITM path)
  MITM b1=299: s=4 t=3 j=3 je=3 Q=26730899 table=84027672 yh=91625312
stage b2=439 vs b1={300}: values [22492553551660386877599101633928919, 47829690000000000000000000000000000), 8063171340372210 candidates (MITM path)
  MITM b1=300: s=4 t=3 j=3 je=3 Q=27000000 table=84604519 yh=95304264
stage b2=440 vs b1={301}: values [23167799941782139043840000000000000, 50110754096488045602459977936194201), 8438718050296073 candidates (MITM path)
  MITM b1=301: s=4 t=3 j=3 je=3 Q=27270901 table=85184000 yh=99064591
stage b2=441 vs b1={302}: values [23861715484377209601555171628930521, 52492493291196466086203175724662784), 8825981652563314 candidates (MITM path)
  MITM b1=302: s=4 t=3 j=3 je=3 Q=27543608 table=85766121 yh=102907554
stage b2=442 vs b1={303}: values [24574772244215178941456071934451712, 54978995282149371522266936818729569), 9225247453871460 candidates (MITM path)
  MITM b1=303: s=4 t=3 j=3 je=3 Q=27818127 table=86350888 yh=106834425
stage b2=443 vs b1={304}: values [25307453112648023793818952767430443, 57574499397733310582010212836704256), 9636806272097926 candidates (MITM path)
  MITM b1=304: s=4 t=3 j=3 je=3 Q=28094464 table=86938307 yh=110846492
stage b2=444 vs b1={305}: values [26060252030572424367047199984451584, 60283401692879138764114019775390625), 10060954517837394 candidates (MITM path)
  MITM b1=305: s=4 t=3 j=3 je=3 Q=28372625 table=87528384 yh=114945051
stage b2=445 vs b1={306}: values [26833674215464270614029991455078125, 63110260198880625404008432578871296), 10497994276782858 candidates (MITM path)
  MITM b1=306: s=4 t=3 j=3 je=3 Q=28652616 table=88121125 yh=119131415
stage b2=446 vs b1={307}: values [27628236392550297846722998615924736, 66059800330953223881038421346972249), 10948233392955123 candidates (MITM path)
  MITM b1=307: s=4 t=3 j=3 je=3 Q=28934443 table=88716536 yh=123406908
stage b2=447 vs b1={308}: values [28444467030182667304977191627470527, 69136920457732008849516311508680704), 11411985552785625 candidates (MITM path)
  MITM b1=308: s=4 t=3 j=3 je=3 Q=29218112 table=89314623 yh=127772869
stage b2=448 vs b1={309}: values [29282906579483202709388126907793408, 72346697637005265678995742402826761), 11889570370057400 candidates (MITM path)
  MITM b1=309: s=4 t=3 j=3 je=3 Q=29503629 table=89915392 yh=132230647
stage b2=449 vs b1={310}: values [30144107718324899380671726264710849, 75694393522079632032100000000000000), 12381313471709031 candidates (MITM path)
  MITM b1=310: s=4 t=3 j=3 je=3 Q=29791000 table=90518849 yh=136781606
stage b2=450 vs b1={311}: values [31028635599719238281250000000000000, 79185460443274071484794939191083441), 12887546584506441 candidates (MITM path)
  MITM b1=311: s=4 t=3 j=3 je=3 Q=30080231 table=91125000 yh=141427124
stage b2=451 vs b1={312}: values [31937068104678763420425865233800851, 82825547669143336572232508337291264), 13408607622587353 candidates (MITM path)
  MITM b1=312: s=4 t=3 j=3 je=3 Q=30371328 table=91733851 yh=146168590
stage b2=452 vs b1={313}: values [32869996099625317555435327604129792, 86620507852136986313803229728551889), 13944840775883278 candidates (MITM path)
  MITM b1=313: s=4 t=3 j=3 je=3 Q=30664297 table=92345408 yh=151007409
stage b2=453 vs b1={314}: values [33828023698415278110106494516889173, 90576403663507494251037011559202816), 14496596599423880 candidates (MITM path)
  MITM b1=314: s=4 t=3 j=3 je=3 Q=30959144 table=92959677 yh=155944998
stage b2=454 vs b1={315}: values [34811768529054092814773128813502464, 94699514622390550869469537353515625), 15064232103528570 candidates (MITM path)
  MITM b1=315: s=4 t=3 j=3 je=3 Q=31255875 table=93576664 yh=160982787
stage b2=455 vs b1={316}: values [35821862005173382840059779052734375, 98996344124092362953499355314651136), 15648110844890186 candidates (MITM path)
  MITM b1=316: s=4 t=3 j=3 je=3 Q=31554496 table=94196375 yh=166122220
stage b2=456 vs b1={317}: values [36858949602344860248381873104879616, 103473626672732616363732850530926329), 16248603018555608 candidates (MITM path)
  MITM b1=317: s=4 t=3 j=3 je=3 Q=31855013 table=94818816 yh=171364754
stage b2=457 vs b1={318}: values [37923691139306296516328170919321257, 108138335323507832794908910278426624), 16866085550808189 candidates (MITM path)
  MITM b1=318: s=4 t=3 j=3 je=3 Q=32157432 table=95443993 yh=176711861
stage b2=458 vs b1={319}: values [39016761064175779784992789207359488, 112997689339958150582465303553121921), 17500942192956836 candidates (MITM path)
  MITM b1=319: s=4 t=3 j=3 je=3 Q=32461759 table=96071912 yh=182165025
stage b2=459 vs b1={320}: values [40138848745731510470918118846397179, 118059162071741130342400000000000000), 18153563616036633 candidates (MITM path)
  MITM b1=320: s=4 t=3 j=3 je=3 Q=32768000 table=96702579 yh=187725745
stage b2=460 vs b1={321}: values [41290658769835408015360000000000000, 123330489058539064373855829501034881), 18824347506425851 candidates (MITM path)
  MITM b1=321: s=4 t=3 j=3 je=3 Q=33076161 table=97336000 yh=193395533
stage b2=461 vs b1={322}: values [42472911241079835962500139972206781, 128819676365851491009049261438418944), 19513698662384229 candidates (MITM path)
  MITM b1=322: s=4 t=3 j=3 je=3 Q=33386248 table=97972181 yh=199175914
stage b2=462 vs b1={323}: values [43686342089737798337064428676636672, 134535009158552218608057415586748409), 20222029091517392 candidates (MITM path)
  MITM b1=323: s=4 t=3 j=3 je=3 Q=33698267 table=98611128 yh=205068429
stage b2=463 vs b1={324}: values [44931703384098017538267680344521103, 140485060518220186283313934500888576), 20949758109172277 candidates (MITM path)
  MITM b1=324: s=4 t=3 j=3 je=3 Q=34012224 table=99252847 yh=211074632
stage b2=464 vs b1={325}: values [46209763648267372780458093779615744, 146678700510385967791080474853515625), 21697312437768448 candidates (MITM path)
  MITM b1=325: s=4 t=3 j=3 je=3 Q=34328125 table=99897344 yh=217196090
stage b2=465 vs b1={326}: values [47521308185524258592298453369140625, 153125105507970699913650504140210176), 22465126307070169 candidates (MITM path)
  MITM b1=326: s=4 t=3 j=3 je=3 Q=34645976 table=100544625 yh=223434384
stage b2=466 vs b1={327}: values [48867139407307515137476120103428096, 159833767777331726128449290957670609), 23253641555404129 candidates (MITM path)
  MITM b1=327: s=4 t=3 j=3 je=3 Q=34965783 table=101194696 yh=229791111
stage b2=467 vs b1={328}: values [50248077167926686243123642272242787, 166814505333469329957730743425695744), 24063307731827681 candidates (MITM path)
  MITM b1=328: s=4 t=3 j=3 je=3 Q=35287552 table=101847563 yh=236267880

*** MATCH: 77495579147986858173834132904560816 is an 14-digit palindrome in bases 328 and 467
stage b2=468 vs b1={329}: values [51664959105080477120365807710240768, 174077472071091630146366848886447281), 24894582199252504 candidates (MITM path)
  MITM b1=329: s=4 t=3 j=3 je=3 Q=35611289 table=102503232 yh=242866315
stage b2=469 vs b1={330}: values [53118640986271411938365507173903909, 181633168178380062252900000000000000), 25747930238528544 candidates (MITM path)
  MITM b1=330: s=4 t=3 j=3 je=3 Q=35937000 table=103161709 yh=249588055

*** MATCH: 61078643383462788179766778320115310 is an 14-digit palindrome in bases 330 and 469
stage b2=470 vs b1={331}: values [54609997061205831773270000000000000, 189492450840445919389300039685792521), 26623825153493149 candidates (MITM path)
  MITM b1=331: s=4 t=3 j=3 je=3 Q=36264691 table=103823000 yh=256434752
stage b2=471 vs b1={332}: values [56139920420269526101585857174664311, 197666545239619210242183006282317824), 27522748376990269 candidates (MITM path)
  MITM b1=332: s=4 t=3 j=3 je=3 Q=36594368 table=104487111 yh=263408072
stage b2=472 vs b1={333}: values [57709323359170456049437363878756352, 206167055859864657197443888722807129), 28445189577864621 candidates (MITM path)
  MITM b1=333: s=4 t=3 j=3 je=3 Q=36926037 table=105154048 yh=270509697
stage b2=473 vs b1={334}: values [59319137749841205151272334026810233, 215005978102776043931247317256257536), 29391646768935716 candidates (MITM path)
  MITM b1=334: s=4 t=3 j=3 je=3 Q=37259704 table=105823817 yh=277741322
stage b2=474 vs b1={335}: values [60970315417694983520937358098407424, 224195710222759373302821832275390625), 30362626415956624 candidates (MITM path)
  MITM b1=335: s=4 t=3 j=3 je=3 Q=37595375 table=106496424 yh=285104657
done: 2486.96s, 6075047605 candidates tested
