A171740 search: n=14, threads=1, limit=none
stage b2=91 vs b1={66}: values [29345269354638035222576971, 29758778274345789399515136), 8001937148 candidates (MITM path)
  MITM b1=66: s=4 t=3 j=3 je=3 Q=287496 table=753571 yh=10619
stage b2=92 vs b1={67}: values [33825307664249166246182912, 36732225162896895721934329), 52109621036 candidates (MITM path)
  MITM b1=67: s=4 t=3 j=3 je=3 Q=300763 table=778688 yh=66920
stage b2=93 vs b1={68}: values [38929455665581472638810893, 45198578652761699462938624), 104190026863 candidates (MITM path)
  MITM b1=68: s=4 t=3 j=3 je=3 Q=314432 table=804357 yh=129533
stage b2=94 vs b1={69}: values [44736509592539817388662784, 55448176762342779635202921), 165181762111 candidates (MITM path)
  MITM b1=69: s=4 t=3 j=3 je=3 Q=328509 table=830584 yh=198875
stage b2=95 vs b1={70}: values [51334208327950511474609375, 67822307284900000000000000), 236105089177 candidates (MITM path)
  MITM b1=70: s=4 t=3 j=3 je=3 Q=343000 table=857375 yh=275382
stage b2=96 vs b1={71}: values [58820136703657666922151936, 82721210695570328927708881), 318067126290 candidates (MITM path)
  MITM b1=71: s=4 t=3 j=3 je=3 Q=357911 table=884736 yh=359506
stage b2=97 vs b1={72}: values [67302709016557486028618977, 100613197241791537106386944), 412267270777 candidates (MITM path)
  MITM b1=72: s=4 t=3 j=3 je=3 Q=373248 table=912673 yh=451715
stage b2=98 vs b1={73}: values [76902238926010403271876608, 122045014039746588673695409), 520002849645 candidates (MITM path)
  MITM b1=73: s=4 t=3 j=3 je=3 Q=389017 table=941192 yh=552494
stage b2=99 vs b1={74}: values [87752102299896798785221299, 147653612273582215982104576), 642675002437 candidates (MITM path)
  MITM b1=74: s=4 t=3 j=3 je=3 Q=405224 table=970299 yh=662348
stage b2=100 vs b1={75}: values [100000000000000000000000000, 178179480135440826416015625), 781794801355 candidates (MITM path)
  MITM b1=75: s=4 t=3 j=3 je=3 Q=421875 table=1000000 yh=781795
stage b2=101 vs b1={76}: values [113809328043328941786781301, 214481724045177216015794176), 938989613616 candidates (MITM path)
  MITM b1=76: s=4 t=3 j=3 je=3 Q=438976 table=1030301 yh=911375
stage b2=102 vs b1={77}: values [129360663045379622466772992, 257555099046722087448523609), 1116009711027 candidates (MITM path)
  MITM b1=77: s=4 t=3 j=3 je=3 Q=456533 table=1061208 yh=1051641
stage b2=103 vs b1={78}: values [146853371345156431381127623, 308549209196654470906527744), 1314735131767 candidates (MITM path)
  MITM b1=78: s=4 t=3 j=3 je=3 Q=474552 table=1092727 yh=1203169
stage b2=104 vs b1={79}: values [166507350731038802170609664, 368790120348678391253573281), 1537182799363 candidates (MITM path)
  MITM b1=79: s=4 t=3 j=3 je=3 Q=493039 table=1124864 yh=1366550
stage b2=105 vs b1={80}: values [188564914232323560791015625, 439804651110400000000000000), 1785513903861 candidates (MITM path)
  MITM b1=80: s=4 t=3 j=3 je=3 Q=512000 table=1157625 yh=1542395
stage b2=106 vs b1={81}: values [213292826014568334917410816, 523347633027360537213511521), 2062041550167 candidates (MITM path)
  MITM b1=81: s=4 t=3 j=3 je=3 Q=531441 table=1191016 yh=1731330
stage b2=107 vs b1={82}: values [240984500018808097135911707, 621432458361496515414605824), 2369238678585 candidates (MITM path)
  MITM b1=82: s=4 t=3 j=3 je=3 Q=551368 table=1225043 yh=1934005
stage b2=108 vs b1={83}: values [271962372616449667721330688, 736365263311636486061599129), 2709746262527 candidates (MITM path)
  MITM b1=83: s=4 t=3 j=3 je=3 Q=571787 table=1259712 yh=2151084
stage b2=109 vs b1={84}: values [306580461214335498944273629, 870783126313900412592193536), 3086381788414 candidates (MITM path)
  MITM b1=84: s=4 t=3 j=3 je=3 Q=592704 table=1295029 yh=2383254

*** MATCH: 730954367123977496274795790 is an 14-digit palindrome in bases 84 and 109
stage b2=110 vs b1={85}: values [345227121439310000000000000, 1027696695308843560791015625), 3502148022767 candidates (MITM path)
  MITM b1=85: s=4 t=3 j=3 je=3 Q=614125 table=1331000 yh=2631216
stage b2=111 vs b1={86}: values [388328016259855395064461231, 1210537694726365245693116416), 3960242071493 candidates (MITM path)
  MITM b1=86: s=4 t=3 j=3 je=3 Q=636056 table=1367631 yh=2895695
stage b2=112 vs b1={87}: values [436349311165261308988751872, 1423211802583135884046255089), 4464064736383 candidates (MITM path)
  MITM b1=87: s=4 t=3 j=3 je=3 Q=658503 table=1404928 yh=3177434
stage b2=113 vs b1={88}: values [489801110321660601428677553, 1670157430683097690814808064), 5017230173827 candidates (MITM path)
  MITM b1=88: s=4 t=3 j=3 je=3 Q=681472 table=1442897 yh=3477193
stage b2=114 vs b1={89}: values [549241149460447732335058944, 1956410986640441413344189841), 5623575860755 candidates (MITM path)
  MITM b1=89: s=4 t=3 j=3 je=3 Q=704969 table=1481544 yh=3795754
stage b2=115 vs b1={90}: values [615278762129476785888671875, 2287679245496100000000000000), 6287172872828 candidates (MITM path)
  MITM b1=90: s=4 t=3 j=3 je=3 Q=729000 table=1520875 yh=4133919
stage b2=116 vs b1={91}: values [688579136852433871931703296, 2670419511272061205254504361), 7012336479895 candidates (MITM path)
  MITM b1=91: s=4 t=3 j=3 je=3 Q=753571 table=1560896 yh=4492508
done: 5.26s, 22398273 candidates tested
