A171740 search: n=14, threads=1, limit=none
stage b2=495 vs b1={318}: values [107119265502803709454615843505859375, 108138335323507832794908910278426624), 139948274381235 candidates (MITM path)
  MITM b1=318: s=4 t=3 j=3 je=3 Q=32157432 table=121287375 yh=1153857
stage b2=496 vs b1={319}: values [109966852406475328098844912056795136, 112997689339958150582465303553121921), 410384392372566 candidates (MITM path)
  MITM b1=319: s=4 t=3 j=3 je=3 Q=32461759 table=122023936 yh=3363147
stage b2=497 vs b1={320}: values [112884172450179624060242238336272177, 118059162071741130342400000000000000), 690899314874792 candidates (MITM path)
  MITM b1=320: s=4 t=3 j=3 je=3 Q=32768000 table=122763473 yh=5627890
stage b2=498 vs b1={321}: values [115872787808729578273156568090615808, 123330489058539064373855829501034881), 981746999302220 candidates (MITM path)
  MITM b1=321: s=4 t=3 j=3 je=3 Q=33076161 table=123505992 yh=7948983
stage b2=499 vs b1={322}: values [118934292407095410727674098230506499, 128819676365851491009049261438418944), 1283186326210777 candidates (MITM path)
  MITM b1=322: s=4 t=3 j=3 je=3 Q=33386248 table=124251499 yh=10327331
stage b2=500 vs b1={323}: values [122070312500000000000000000000000000, 134535009158552218608057415586748409), 1595481172294684 candidates (MITM path)
  MITM b1=323: s=4 t=3 j=3 je=3 Q=33698267 table=125000000 yh=12763850
stage b2=501 vs b1={324}: values [125282507260900151852763473269506501, 140485060518220186283313934500888576), 1918900484150184 candidates (MITM path)
  MITM b1=324: s=4 t=3 j=3 je=3 Q=34012224 table=125751501 yh=15259464
stage b2=502 vs b1={325}: values [128572569380486442318916647962632192, 146678700510385967791080474853515625), 2253718352810934 candidates (MITM path)
  MITM b1=325: s=4 t=3 j=3 je=3 Q=34328125 table=126506008 yh=17815110
stage b2=503 vs b1={326}: values [131942225674835966194417272072460823, 153125105507970699913650504140210176), 2600214089059730 candidates (MITM path)
  MITM b1=326: s=4 t=3 j=3 je=3 Q=34645976 table=127263527 yh=20431731
stage b2=504 vs b1={327}: values [135393237703353943528128490047012864, 159833767777331726128449290957670609), 2958672299521166 candidates (MITM path)
  MITM b1=327: s=4 t=3 j=3 je=3 Q=34965783 table=128024064 yh=23110283
stage b2=505 vs b1={328}: values [138927402396641774642067017822265625, 166814505333469329957730743425695744), 3329382963539897 candidates (MITM path)
  MITM b1=328: s=4 t=3 j=3 je=3 Q=35287552 table=128787625 yh=25851731
stage b2=506 vs b1={329}: values [142546552694430788571794496737878016, 174077472071091630146366848886447281), 3712641510849136 candidates (MITM path)
  MITM b1=329: s=4 t=3 j=3 je=3 Q=35611289 table=129554216 yh=28657049
stage b2=507 vs b1={330}: values [146252558193722600716669650994316907, 181633168178380062252900000000000000), 4108748900034047 candidates (MITM path)
  MITM b1=330: s=4 t=3 j=3 je=3 Q=35937000 table=130323843 yh=31527224
stage b2=508 vs b1={331}: values [150047325807278683064941158898597888, 189492450840445919389300039685792521), 4518011697794688 candidates (MITM path)
  MITM b1=331: s=4 t=3 j=3 je=3 Q=36264691 table=131096512 yh=34463249
stage b2=509 vs b1={332}: values [153932800432603454742132269478454829, 197666545239619210242183006282317824), 4940742159013148 candidates (MITM path)
  MITM b1=332: s=4 t=3 j=3 je=3 Q=36594368 table=131872229 yh=37466131
stage b2=510 vs b1={333}: values [157910965631566921956510000000000000, 206167055859864657197443888722807129), 5377258307629571 candidates (MITM path)
  MITM b1=333: s=4 t=3 j=3 je=3 Q=36926037 table=132651000 yh=40536885
stage b2=511 vs b1={334}: values [161983844320814634817101682325330431, 215005978102776043931247317256257536), 5827884018331701 candidates (MITM path)
  MITM b1=334: s=4 t=3 j=3 je=3 Q=37259704 table=133432831 yh=43676538
stage b2=512 vs b1={335}: values [166153499473114484112975882535043072, 224195710222759373302821832275390625), 6292949099062649 candidates (MITM path)
  MITM b1=335: s=4 t=3 j=3 je=3 Q=37595375 table=134217728 yh=46886125
stage b2=513 vs b1={336}: values [170422034829791634103401401374218753, 233749065589177456392773613876412416), 6772789374351538 candidates (MITM path)
  MITM b1=336: s=4 t=3 j=3 je=3 Q=37933056 table=135005697 yh=50166694
stage b2=514 vs b1={337}: values [174791595624404677813900345660678144, 243679285283393666208253061306357089), 7267746769471707 candidates (MITM path)
  MITM b1=337: s=4 t=3 j=3 je=3 Q=38272753 table=135796744 yh=53519301
stage b2=515 vs b1={338}: values [179264369317817909400790555419921875, 254000051038820699590976063168856064), 7778169395431170 candidates (MITM path)
  MITM b1=338: s=4 t=3 j=3 je=3 Q=38614472 table=136590875 yh=56945015
stage b2=516 vs b1={339}: values [183842586344826433975051806358634496, 264725498532251343422483410510418841), 8304411634800005 candidates (MITM path)
  MITM b1=339: s=4 t=3 j=3 je=3 Q=38958219 table=137388096 yh=60444914
stage b2=517 vs b1={340}: values [188528520872492679004546608119852437, 275870231034922482073600000000000000), 8846834228379359 candidates (MITM path)
  MITM b1=340: s=4 t=3 j=3 je=3 Q=39304000 table=138188413 yh=64020088
stage b2=518 vs b1={341}: values [193324491570354733181895297159815168, 287449333431940958491026723053340361), 9405804362716786 candidates (MITM path)
  MITM b1=341: s=4 t=3 j=3 je=3 Q=39651821 table=138991832 yh=67671634
stage b2=519 vs b1={342}: values [198232862392668818594582670912803559, 299478386618880458206192837825019904), 9981695758472586 candidates (MITM path)
  MITM b1=342: s=4 t=3 j=3 je=3 Q=40001688 table=139798359 yh=71400665
stage b2=520 vs b1={343}: values [203256043372850100305920000000000000, 311973482284542371301330321821976049), 10574888759641870 candidates (MITM path)
  MITM b1=343: s=4 t=3 j=3 je=3 Q=40353607 table=140608000 yh=75208301
stage b2=521 vs b1={344}: values [208396491430277954192889648311785961, 324951238089060649950183741190045696), 11185770423637043 candidates (MITM path)
  MITM b1=344: s=4 t=3 j=3 je=3 Q=40707584 table=141420761 yh=79095675
stage b2=522 vs b1={345}: values [213656711189633749233078088598986752, 338428813246721067109392828369140625), 11814734612235423 candidates (MITM path)
  MITM b1=345: s=4 t=3 j=3 je=3 Q=41063625 table=142236648 yh=83063928
stage b2=523 vs b1={346}: values [219039255812941154532109005895053883, 352423924523059044388546203674361856), 12462182083396696 candidates (MITM path)
  MITM b1=346: s=4 t=3 j=3 je=3 Q=41421736 table=143055667 yh=87114215
stage b2=524 vs b1={347}: values [224546727844480954380310660801101824, 366954862655997403768050803331897769), 13128520583954936 candidates (MITM path)
  MITM b1=347: s=4 t=3 j=3 je=3 Q=41781923 table=143877824 yh=91247701
stage b2=525 vs b1={348}: values [230181780068754346668720245361328125, 382040509210986058943919609908035584), 13814164943189900 candidates (MITM path)
  MITM b1=348: s=4 t=3 j=3 je=3 Q=42144192 table=144703125 yh=95465561
stage b2=526 vs b1={349}: values [235947116381670711226715627769880576, 397700353880309848525885235660892601), 14519537167282323 candidates (MITM path)
  MITM b1=349: s=4 t=3 j=3 je=3 Q=42508549 table=145531576 yh=99768982
stage b2=527 vs b1={350}: values [241845492675137865214191430461762767, 413954512236938476562500000000000000), 15245066534657941 candidates (MITM path)
  MITM b1=350: s=4 t=3 j=3 je=3 Q=42875000 table=146363183 yh=104159163
stage b2=528 vs b1={351}: values [247879717735234872758731611882651648, 430823743953503917975940025623902401), 15991189692224962 candidates (MITM path)
  MITM b1=351: s=4 t=3 j=3 je=3 Q=43243551 table=147197952 yh=108637312
stage b2=529 vs b1={352}: values [254052654154149545721997685422868689, 448329471497205720126420014212317184), 16758350752509738 candidates (MITM path)
  MITM b1=352: s=4 t=3 j=3 je=3 Q=43614208 table=148035889 yh=113204649
stage b2=530 vs b1={353}: values [260367219256064861959730000000000000, 466493799311663440167496584517263169), 17547001391695340 candidates (MITM path)
  MITM b1=353: s=4 t=3 j=3 je=3 Q=43986977 table=148877000 yh=117862406
stage b2=531 vs b1={354}: values [266826386037180636857388515472989091, 485339533496958054990141432093229056), 18357600948567816 candidates (MITM path)
  MITM b1=354: s=4 t=3 j=3 je=3 Q=44361864 table=149721291 yh=122611827
stage b2=532 vs b1={355}: values [273433184120058913430441697300447232, 504890201999330620896660650634765625), 19190616524374832 candidates (MITM path)
  MITM b1=355: s=4 t=3 j=3 je=3 Q=44738875 table=150568768 yh=127454165
stage b2=533 vs b1={356}: values [280190700722483686027416350032250213, 525170075322236798832332084919402496), 20046523083601477 candidates (MITM path)
  MITM b1=356: s=4 t=3 j=3 je=3 Q=45118016 table=151419437 yh=132390686
stage b2=534 vs b1={357}: values [287102081641027742818685874210299904, 546204187770690153801056774632964649), 20925803555667957 candidates (MITM path)
  MITM b1=357: s=4 t=3 j=3 je=3 Q=45499293 table=152273304 yh=137422668
stage b2=535 vs b1={358}: values [294170532249521602949110970458984375, 568018359241065440405821984897122304), 21828948937553934 candidates (MITM path)
  MITM b1=358: s=4 t=3 j=3 je=3 Q=45882712 table=153130375 yh=142551398
stage b2=536 vs b1={359}: values [301399318512621735633442871240032256, 590639217568775457331652612637964561), 22756458397354273 candidates (MITM path)
  MITM b1=359: s=4 t=3 j=3 je=3 Q=46268279 table=153990656 yh=147778177
stage b2=537 vs b1={360}: values [308791768014677480736121943614131897, 614094221446481549721600000000000000), 23708839378770944 candidates (MITM path)
  MITM b1=360: s=4 t=3 j=3 je=3 Q=46656000 table=154854153 yh=153104318
stage b2=538 vs b1={361}: values [316351271004098343658904022264291328, 638411683925748518131605316913942641), 24686607706545842 candidates (MITM path)
  MITM b1=361: s=4 t=3 j=3 je=3 Q=47045881 table=155720872 yh=158531143
stage b2=539 vs b1={362}: values [324081281453425611818659325054366219, 663620796515309615092533840427761664), 25690287692839292 candidates (MITM path)
  MITM b1=362: s=4 t=3 j=3 je=3 Q=47437928 table=156590819 yh=164059987
stage b2=540 vs b1={363}: values [331985318135314535792640000000000000, 689751653889366534925949446541436489), 26720412244558998 candidates (MITM path)
  MITM b1=363: s=4 t=3 j=3 je=3 Q=47832147 table=157464000 yh=169692198
stage b2=541 vs b1={364}: values [340066965714635635499320813072655821, 716835279219612889692402474199023616), 27777522971644210 candidates (MITM path)
  MITM b1=364: s=4 t=3 j=3 je=3 Q=48228544 table=158340421 yh=175429135
stage b2=542 vs b1={365}: values [348329875856906030730297942652608512, 744903650144937675010347955322265625), 28862170296309881 candidates (MITM path)
  MITM b1=365: s=4 t=3 j=3 je=3 Q=48627125 table=159220088 yh=181272167
stage b2=543 vs b1={366}: values [356777768353264056114297546073891743, 773989725393037725664245462095118336), 29974913563255583 candidates (MITM path)
  MITM b1=366: s=4 t=3 j=3 je=3 Q=49027896 table=160103007 yh=187222677
stage b2=544 vs b1={367}: values [365414432262202803340615819548688384, 804127472068445204802288858779989729), 31116321150843960 candidates (MITM path)
  MITM b1=367: s=4 t=3 j=3 je=3 Q=49430863 table=160989184 yh=193282061
stage b2=545 vs b1={368}: values [374243727068280638359709019775390625, 835351893621757825180080478275764224), 32286970583253511 candidates (MITM path)
  MITM b1=368: s=4 t=3 j=3 je=3 Q=49836032 table=161878625 yh=199451723

*** MATCH: 397237732149944098743448881829243086 is an 14-digit palindrome in bases 368 and 545
stage b2=546 vs b1={369}: values [383269583858029168477508273239105536, 867699058515145830106783895701970721), 33487448643610459 candidates (MITM path)
  MITM b1=369: s=4 t=3 j=3 je=3 Q=50243409 table=162771336 yh=205733083
stage b2=547 vs b1={370}: values [392496006513281583932595840500243827, 901206129599500829968900000000000000), 34718351488104522 candidates (MITM path)
  MITM b1=370: s=4 t=3 j=3 je=3 Q=50653000 table=163667323 yh=212127570
done: 2489.42s, 4096520828 candidates tested
