A171740 search: n=14, threads=1, limit=none
stage b2=473 vs b1={305}: values [59319137749841205151272334026810233, 60283401692879138764114019775390625), 182040467527915 candidates (MITM path)
  MITM b1=305: s=4 t=3 j=3 je=3 Q=28372625 table=105823817 yh=1720223
stage b2=474 vs b1={306}: values [60970315417694983520937358098407424, 63110260198880625404008432578871296), 398065166388556 candidates (MITM path)
  MITM b1=306: s=4 t=3 j=3 je=3 Q=28652616 table=106496424 yh=3737827
stage b2=475 vs b1={307}: values [62663828525330214202404022216796875, 66059800330953223881038421346972249), 622456216431823 candidates (MITM path)
  MITM b1=307: s=4 t=3 j=3 je=3 Q=28934443 table=107171875 yh=5808019
stage b2=476 vs b1={308}: values [64400669962779946155230391934386176, 69136920457732008849516311508680704), 855432989407274 candidates (MITM path)
  MITM b1=308: s=4 t=3 j=3 je=3 Q=29218112 table=107850176 yh=7931680
stage b2=477 vs b1={309}: values [66181853744403566950222013869119117, 72346697637005265678995742402826761), 1097219280531998 candidates (MITM path)
  MITM b1=309: s=4 t=3 j=3 je=3 Q=29503629 table=108531333 yh=10109701
stage b2=478 vs b1={310}: values [68008415412519529913542931040821248, 75694393522079632032100000000000000), 1348043376653327 candidates (MITM path)
  MITM b1=310: s=4 t=3 j=3 je=3 Q=29791000 table=109215352 yh=12342985
stage b2=479 vs b1={311}: values [69881412447879065273246871214547039, 79185460443274071484794939191083441), 1608138125154951 candidates (MITM path)
  MITM b1=311: s=4 t=3 j=3 je=3 Q=30080231 table=109902239 yh=14632442
stage b2=480 vs b1={312}: values [71801924687082112942080000000000000, 82825547669143336572232508337291264), 1877741003611087 candidates (MITM path)
  MITM b1=312: s=4 t=3 j=3 je=3 Q=30371328 table=110592000 yh=16978995
stage b2=481 vs b1={313}: values [73771054747037996026381548447289441, 86620507852136986313803229728551889), 2157094190193356 candidates (MITM path)
  MITM b1=313: s=4 t=3 j=3 je=3 Q=30664297 table=111284641 yh=19383576
stage b2=482 vs b1={314}: values [75789928456574649095616277380472832, 90576403663507494251037011559202816), 2446444634835004 candidates (MITM path)
  MITM b1=314: s=4 t=3 j=3 je=3 Q=30959144 table=111980168 yh=21847125

*** MATCH: 80037143629129352747486122902699795 is an 14-digit palindrome in bases 314 and 482
stage b2=483 vs b1={315}: values [77859695295301523793862079367040563, 94699514622390550869469537353515625), 2746044131157152 candidates (MITM path)
  MITM b1=315: s=4 t=3 j=3 je=3 Q=31255875 table=112678587 yh=24370595
stage b2=484 vs b1={316}: values [79981528839832616637508874879893504, 98996344124092362953499355314651136), 3056149389161707 candidates (MITM path)
  MITM b1=316: s=4 t=3 j=3 je=3 Q=31554496 table=113379904 yh=26954948
done: 113.64s, 102150784 candidates tested
