A171740 search: n=14, threads=1, limit=none
stage b2=286 vs b1={191}: values [85656126426699929330201121120256, 85993800189188311159265455973761), 2157421910346 candidates (MITM path)
  MITM b1=191: s=4 t=3 j=3 je=3 Q=6967871 table=23393656 yh=92223
stage b2=287 vs b1={192}: values [89632324107747341323629209343647, 92516075496261812625843582664704), 17979786875942 candidates (MITM path)
  MITM b1=192: s=4 t=3 j=3 je=3 Q=7077888 table=23639903 yh=760570
stage b2=288 vs b1={193}: values [93778296809785602500326041059328, 99495245076524950698517189573249), 34786989647038 candidates (MITM path)
  MITM b1=193: s=4 t=3 j=3 je=3 Q=7189057 table=23887872 yh=1456262
stage b2=289 vs b1={194}: values [98100666009922840441972689847969, 106960695699145951556010651959296), 52619931437929 candidates (MITM path)
  MITM b1=194: s=4 t=3 j=3 je=3 Q=7301384 table=24137569 yh=2180002
stage b2=290 vs b1={195}: values [102606287129586021890000000000000, 114943537561839249322760009765625), 71520805200304 candidates (MITM path)
  MITM b1=195: s=4 t=3 j=3 je=3 Q=7414875 table=24389000 yh=2932503
stage b2=291 vs b1={196}: values [107302256947404980797605893267571, 123476695691247935826229781856256), 91533126451936 candidates (MITM path)
  MITM b1=196: s=4 t=3 j=3 je=3 Q=7529536 table=24642171 yh=3714492
stage b2=292 vs b1={197}: values [112195921220156772791328295616512, 132595005683061140853836321918569), 112701764618888 candidates (MITM path)
  MITM b1=197: s=4 t=3 j=3 je=3 Q=7645373 table=24897088 yh=4526705
stage b2=293 vs b1={198}: values [117294882516862311175392673213493, 142335313964069405978409510518784), 135072974896011 candidates (MITM path)
  MITM b1=198: s=4 t=3 j=3 je=3 Q=7762392 table=25153757 yh=5369893
stage b2=294 vs b1={199}: values [122607008271233684175628129296384, 152736582765019941952958691637201), 158694430630499 candidates (MITM path)
  MITM b1=199: s=4 t=3 j=3 je=3 Q=7880599 table=25412184 yh=6244817
stage b2=295 vs b1={200}: values [128140439057778845576146240234375, 163840000000000000000000000000000), 183615256233304 candidates (MITM path)
  MITM b1=200: s=4 t=3 j=3 je=3 Q=8000000 table=25672375 yh=7152251
stage b2=296 vs b1={201}: values [133903597096980536826509221953536, 175689094255155802434244515642801), 209886060623180 candidates (MITM path)
  MITM b1=201: s=4 t=3 j=3 je=3 Q=8120601 table=25934336 yh=8092980
stage b2=297 vs b1={202}: values [139905194995078363929650377085577, 188329855096852039605697108393984), 237558971208172 candidates (MITM path)
  MITM b1=202: s=4 t=3 j=3 je=3 Q=8242408 table=26198073 yh=9067804
stage b2=298 vs b1={203}: values [146154244724096943067604967006208, 201810858916898431719789378127369), 266687668409325 candidates (MITM path)
  MITM b1=203: s=4 t=3 j=3 je=3 Q=8365427 table=26463592 yh=10077531
stage b2=299 vs b1={204}: values [152660066847878971357626214983899, 216183400540220972918552087494656), 297327420731438 candidates (MITM path)
  MITM b1=204: s=4 t=3 j=3 je=3 Q=8489664 table=26730899 yh=11122987
stage b2=300 vs b1={205}: values [159432300000000000000000000000000, 231501630828342033704595947265625), 329535120385652 candidates (MITM path)
  MITM b1=205: s=4 t=3 j=3 je=3 Q=8615125 table=27000000 yh=12205005
stage b2=301 vs b1={206}: values [166480910619561613297209229023901, 247822700520261426090084682448896), 363369319468702 candidates (MITM path)
  MITM b1=206: s=4 t=3 j=3 je=3 Q=8741816 table=27270901 yh=13324434
stage b2=302 vs b1={207}: values [173816202950981675782129720942592, 265206910560805882369006879852449), 398890266703627 candidates (MITM path)
  MITM b1=207: s=4 t=3 j=3 je=3 Q=8869743 table=27543608 yh=14482136
stage b2=303 vs b1={208}: values [181448829314024328456326524154223, 283717869175243332415379948437504), 436159944746789 candidates (MITM path)
  MITM b1=208: s=4 t=3 j=3 je=3 Q=8998912 table=27818127 yh=15678984
stage b2=304 vs b1={209}: values [189389800650438521651349384331264, 303422655957947177630796910616161), 475242108065991 candidates (MITM path)
  MITM b1=209: s=4 t=3 j=3 je=3 Q=9129329 table=28094464 yh=16915864
stage b2=305 vs b1={210}: values [197650497353702094308570556640625, 324391993252150868100000000000000), 516202321394554 candidates (MITM path)
  MITM b1=210: s=4 t=3 j=3 je=3 Q=9261000 table=28372625 yh=18193676
stage b2=306 vs b1={211}: values [206242680388498775830092916924416, 346700425107361035262655933030041), 559107998766165 candidates (MITM path)
  MITM b1=211: s=4 t=3 j=3 je=3 Q=9393931 table=28652616 yh=19513332
stage b2=307 vs b1={212}: values [215178502706688025671134922954307, 370426504110804885524407033790464), 604028443135342 candidates (MITM path)
  MITM b1=212: s=4 t=3 j=3 je=3 Q=9528128 table=28934443 yh=20875759
stage b2=308 vs b1={213}: values [224470520966662366394533478924288, 395652986399381320581034818847689), 651034886588356 candidates (MITM path)
  MITM b1=213: s=4 t=3 j=3 je=3 Q=9663597 table=29218112 yh=22281895
stage b2=309 vs b1={214}: values [234131707563123837148853535284229, 422467035168972249391801182601216), 700200531149452 candidates (MITM path)
  MITM b1=214: s=4 t=3 j=3 je=3 Q=9800344 table=29503629 yh=23732692

*** MATCH: 278050389741063319016371921778890 is an 14-digit palindrome in bases 214 and 309
stage b2=310 vs b1={215}: values [244175462974450425910000000000000, 450960433008657859896539306640625), 751600590187217 candidates (MITM path)
  MITM b1=215: s=4 t=3 j=3 je=3 Q=9938375 table=29791000 yh=25229116
stage b2=311 vs b1={216}: values [254615628434964860079726492575831, 481229803398374426442198455156736), 805312330425953 candidates (MITM path)
  MITM b1=216: s=4 t=3 j=3 je=3 Q=10077696 table=30080231 yh=26772146
stage b2=312 vs b1={217}: values [265466498939561976193052911337472, 513376841719862879656860722064529), 861415114566897 candidates (MITM path)
  MITM b1=217: s=4 t=3 j=3 je=3 Q=10218313 table=30371328 yh=28362775
stage b2=313 vs b1={218}: values [276742836588297080874770702008153, 547508556142388336802624725991424), 919990444524159 candidates (MITM path)
  MITM b1=218: s=4 t=3 j=3 je=3 Q=10360232 table=30664297 yh=30002007
done: 105.76s, 240282544 candidates tested
