A171740 search: n=14, threads=1, limit=none
stage b2=387 vs b1={253}: values [4367596861556808869457342044548947, 4402377665001341492756836874350969), 26752406505193 candidates (MITM path)
  MITM b1=253: s=4 t=3 j=3 je=3 Q=16194277 table=57960603 yh=461562
stage b2=388 vs b1={254}: values [4516608346223730078076491035312128, 4652346283575291198546759565459456), 102536659890960 candidates (MITM path)
  MITM b1=254: s=4 t=3 j=3 je=3 Q=16387064 table=58411072 yh=1755432
stage b2=389 vs b1={255}: values [4670300414676347401856768325525269, 4915441435064644177113043212890625), 181873230185521 candidates (MITM path)
  MITM b1=255: s=4 t=3 j=3 je=3 Q=16581375 table=58863869 yh=3089727
stage b2=390 vs b1={256}: values [4828807485674805797190000000000000, 5192296858534827628530496329220096), 264874084695938 candidates (MITM path)
  MITM b1=256: s=4 t=3 j=3 je=3 Q=16777216 table=59319000 yh=4465249
stage b2=391 vs b1={257}: values [4992267478221761010969967707552871, 5483574227962890893331590433934849), 351653892384120 candidates (MITM path)
  MITM b1=257: s=4 t=3 j=3 je=3 Q=16974593 table=59776471 yh=5882815
stage b2=392 vs b1={258}: values [5160821893381138215757522311053312, 5789964267207668452827559331119104), 442330073467440 candidates (MITM path)
  MITM b1=258: s=4 t=3 j=3 je=3 Q=17173512 table=60236288 yh=7343250
stage b2=393 vs b1={259}: values [5334615897792524227954149747794793, 6112187904873275865980332271043961), 537022849660428 candidates (MITM path)
  MITM b1=259: s=4 t=3 j=3 je=3 Q=17373979 table=60698457 yh=8847389
stage b2=394 vs b1={260}: values [5513798408911862263322980452573184, 6450997470329715097600000000000000), 635855295062228 candidates (MITM path)
  MITM b1=260: s=4 t=3 j=3 je=3 Q=17576000 table=61162984 yh=10396081
stage b2=395 vs b1={261}: values [5698522182009592428141893310546875, 6807177932189258856180832656779241), 738953387694536 candidates (MITM path)
  MITM b1=261: s=4 t=3 j=3 je=3 Q=17779581 table=61629875 yh=11990182
stage b2=396 vs b1={262}: values [5888943898957861483712781364494336, 7181548180572999273393724747300864), 846446061694719 candidates (MITM path)
  MITM b1=262: s=4 t=3 j=3 je=3 Q=17984728 table=62099136 yh=13630562
stage b2=397 vs b1={263}: values [6085224258838911919400672863338877, 7574962354538500616775660413022289), 958465260168824 candidates (MITM path)
  MITM b1=263: s=4 t=3 j=3 je=3 Q=18191447 table=62570773 yh=15318099
stage b2=398 vs b1={264}: values [6287528070407253087832349758251008, 7988311216076905079138811711062016), 1075145988709209 candidates (MITM path)
  MITM b1=264: s=4 t=3 j=3 je=3 Q=18399744 table=63044792 yh=17053685
stage b2=399 vs b1={265}: values [6496024346438716158824594291525199, 8422523572126121633218804931640625), 1196626369581503 candidates (MITM path)
  MITM b1=265: s=4 t=3 j=3 je=3 Q=18609625 table=63521199 yh=18838221
stage b2=400 vs b1={266}: values [6710886400000000000000000000000000, 8878567746085897335509947690663936), 1323047696585631 candidates (MITM path)
  MITM b1=266: s=4 t=3 j=3 je=3 Q=18821096 table=64000000 yh=20672621
stage b2=401 vs b1={267}: values [6932291942672826856333202316485201, 9357453100360645426341446339617929), 1454554490595634 candidates (MITM path)
  MITM b1=267: s=4 t=3 j=3 je=3 Q=19034163 table=64481201 yh=22557808

*** MATCH: 7889720673113835512039832700686540 is an 14-digit palindrome in bases 267 and 401
stage b2=402 vs b1={268}: values [7160423184767344942991696876347392, 9860231611496902484101890807169024), 1591294555783009 candidates (MITM path)
  MITM b1=268: s=4 t=3 j=3 je=3 Q=19248832 table=64964808 yh=24494717
stage b2=403 vs b1={269}: values [7395466937559939851224358455647523, 10387999499524225396026023192028121), 1733419036528323 candidates (MITM path)
  MITM b1=269: s=4 t=3 j=3 je=3 Q=19465109 table=65450827 yh=26484296
stage b2=404 vs b1={270}: values [7637614717591148061633023326552064, 10941898913151235920900000000000000), 1881082475025841 candidates (MITM path)
  MITM b1=270: s=4 t=3 j=3 je=3 Q=19683000 table=65939264 yh=28527502
stage b2=405 vs b1={271}: values [7887062853059903929360645751953125, 11523119672512394327137541804059681), 2034442869585899 candidates (MITM path)
  MITM b1=271: s=4 t=3 j=3 je=3 Q=19902511 table=66430125 yh=30625306
done: 115.12s, 161840358 candidates tested
