A171740 search: n=14, threads=1, limit=none
stage b2=144 vs b1={101}: values [11447545997288281555215581184, 11494742132376223120464911401), 36759448822 candidates (MITM path)
  MITM b1=101: s=4 t=3 j=3 je=3 Q=1030301 table=2985984 yh=12311
stage b2=145 vs b1={102}: values [12525181534373293687744140625, 13194787630628721491610845184), 496870695102 candidates (MITM path)
  MITM b1=102: s=4 t=3 j=3 je=3 Q=1061208 table=3048625 yh=162982
stage b2=146 vs b1={103}: values [13695791164569918553628942336, 15125897248551112432256145169), 1011342513063 candidates (MITM path)
  MITM b1=103: s=4 t=3 j=3 je=3 Q=1092727 table=3112136 yh=324968
stage b2=147 vs b1={104}: values [14966675814359580587845230627, 17316764476028035425743405056), 1584392959747 candidates (MITM path)
  MITM b1=104: s=4 t=3 j=3 je=3 Q=1124864 table=3176523 yh=498783
stage b2=148 vs b1={105}: values [16345653942502506936829739008, 19799315994393973883056640625), 2220484934440 candidates (MITM path)
  MITM b1=105: s=4 t=3 j=3 je=3 Q=1157625 table=3241792 yh=684957
stage b2=149 vs b1={106}: values [17841094326671990120557246949, 22609039557544243501245546496), 2924336730527 candidates (MITM path)
  MITM b1=106: s=4 t=3 j=3 je=3 Q=1191016 table=3307949 yh=884034
stage b2=150 vs b1={107}: values [19461950683593750000000000000, 25785341502012466393542552649), 3700932897840 candidates (MITM path)
  MITM b1=107: s=4 t=3 j=3 je=3 Q=1225043 table=3375000 yh=1096573
stage b2=151 vs b1={108}: values [21217798211789755344498256951, 29371936242576564113903714304), 4555535420394 candidates (MITM path)
  MITM b1=108: s=4 t=3 j=3 je=3 Q=1259712 table=3442951 yh=1323149
stage b2=152 vs b1={109}: values [23118872149711733600018235392, 33417270272362569384925825561), 5493695214420 candidates (MITM path)
  MITM b1=109: s=4 t=3 j=3 je=3 Q=1295029 table=3511808 yh=1564350
stage b2=153 vs b1={110}: values [25176108445861666971446889273, 37974983358324100000000000000), 6521263951628 candidates (MITM path)
  MITM b1=110: s=4 t=3 j=3 je=3 Q=1331000 table=3581577 yh=1820781
stage b2=154 vs b1={111}: values [27401186641438277147770200064, 43104409804843948852155196641), 7644406212596 candidates (MITM path)
  MITM b1=111: s=4 t=3 j=3 je=3 Q=1367631 table=3652264 yh=2093060
stage b2=155 vs b1={112}: values [29806575070123343006591796875, 48871122850509266606740209664), 8869611975235 candidates (MITM path)
  MITM b1=112: s=4 t=3 j=3 je=3 Q=1404928 table=3723875 yh=2381824
stage b2=156 vs b1={113}: values [32405578483833249047003529216, 55347525466347647961440563489), 10203709443249 candidates (MITM path)
  MITM b1=113: s=4 t=3 j=3 je=3 Q=1442897 table=3796416 yh=2687722
stage b2=157 vs b1={114}: values [35212388217613072195274017357, 62613491038491041486196719616), 11653878219517 candidates (MITM path)
  MITM b1=114: s=4 t=3 j=3 je=3 Q=1481544 table=3869893 yh=3011422
stage b2=158 vs b1={115}: values [38242135011346498495560409088, 70757057644889830377197265625), 13227662829357 candidates (MITM path)
  MITM b1=115: s=4 t=3 j=3 je=3 Q=1520875 table=3944312 yh=3353605
stage b2=159 vs b1={116}: values [41510944610598709891422261279, 79875179874882329144077582336), 14932986598595 candidates (MITM path)
  MITM b1=116: s=4 t=3 j=3 je=3 Q=1560896 table=4019679 yh=3714970
stage b2=160 vs b1={117}: values [45035996273704960000000000000, 90074542392707106815022222729), 16778165891395 candidates (MITM path)
  MITM b1=117: s=4 t=3 j=3 je=3 Q=1601613 table=4096000 yh=4096232
stage b2=161 vs b1={118}: values [48835584317168806944303054881, 101472439712019470540189876224), 18771924712796 candidates (MITM path)
  MITM b1=118: s=4 t=3 j=3 je=3 Q=1643032 table=4173281 yh=4498122
stage b2=162 vs b1={119}: values [52929182836544907664852918272, 114197726928752863294965276721), 20923409680914 candidates (MITM path)
  MITM b1=119: s=4 t=3 j=3 je=3 Q=1685159 table=4251528 yh=4921386
stage b2=163 vs b1={120}: values [57337513745255995642033865203, 128391846454886400000000000000), 23242205373759 candidates (MITM path)
  MITM b1=120: s=4 t=3 j=3 je=3 Q=1728000 table=4330747 yh=5366790
stage b2=164 vs b1={121}: values [62082618279236334808249401344, 144209936106499234037676064081), 25738350055637 candidates (MITM path)
  MITM b1=121: s=4 t=3 j=3 je=3 Q=1771561 table=4410944 yh=5835112
stage b2=165 vs b1={122}: values [67187932120908818009033203125, 161822024226591835670322233344), 28422351788086 candidates (MITM path)
  MITM b1=122: s=4 t=3 j=3 je=3 Q=1815848 table=4492125 yh=6327151
stage b2=166 vs b1={123}: values [72678364301794290286947229696, 181414317867238075368413196009), 31305204930326 candidates (MITM path)
  MITM b1=123: s=4 t=3 j=3 je=3 Q=1860867 table=4574296 yh=6843721
stage b2=167 vs b1={124}: values [78580380049024038323955354887, 203190590417428920928489701376), 34398407034181 candidates (MITM path)
  MITM b1=124: s=4 t=3 j=3 je=3 Q=1906624 table=4657463 yh=7385654
stage b2=168 vs b1={125}: values [84922087747184192618514874368, 227373675443232059478759765625), 37713976138449 candidates (MITM path)
  MITM b1=125: s=4 t=3 j=3 je=3 Q=1953125 table=4741632 yh=7953797
stage b2=169 vs b1={126}: values [91733330193268616658399616009, 254207073906400753327372517376), 41264468467695 candidates (MITM path)
  MITM b1=126: s=4 t=3 j=3 je=3 Q=2000376 table=4826809 yh=8549017
stage b2=170 vs b1={127}: values [99045780329059370000000000000, 283956682347124706942551243009), 45062996540438 candidates (MITM path)
  MITM b1=127: s=4 t=3 j=3 je=3 Q=2048383 table=4913000 yh=9172196

*** MATCH: 277022271805777448674344029952 is an 14-digit palindrome in bases 127 and 170
stage b2=171 vs b1={128}: values [106893041641995777582962424411, 316912650057057350374175801344), 49123247691716 candidates (MITM path)
  MITM b1=128: s=4 t=3 j=3 je=3 Q=2097152 table=5000211 yh=9824235
stage b2=172 vs b1={129}: values [115310753432539349915325693952, 353391373730936795216525838081), 53459503015007 candidates (MITM path)
  MITM b1=129: s=4 t=3 j=3 je=3 Q=2146689 table=5088448 yh=10506053
stage b2=173 vs b1={130}: values [124336701153197199434858978333, 393737638569928900000000000000), 58086656728491 candidates (MITM path)
  MITM b1=130: s=4 t=3 j=3 je=3 Q=2197000 table=5177717 yh=11218585
stage b2=174 vs b1={131}: values [134010932031736197265596801024, 438326915318176225182722457721), 63020235970632 candidates (MITM path)
  MITM b1=131: s=4 t=3 j=3 je=3 Q=2248091 table=5268024 yh=11962785
stage b2=175 vs b1={132}: values [144375876198709011077880859375, 487567823246881413521655988224), 68276421030077 candidates (MITM path)
  MITM b1=132: s=4 t=3 j=3 je=3 Q=2299968 table=5359375 yh=12739624
stage b2=176 vs b1={133}: values [155476473547226548672214859776, 541904769658563069794308330729), 73872066014854 candidates (MITM path)
  MITM b1=133: s=4 t=3 j=3 je=3 Q=2352637 table=5451776 yh=13550092
stage b2=177 vs b1={134}: values [167360306560954484666776127217, 601820777068902739508172046336), 79824719965857 candidates (MITM path)
  MITM b1=134: s=4 t=3 j=3 je=3 Q=2406104 table=5545233 yh=14395197
stage b2=178 vs b1={135}: values [180077739354589843349613518848, 667840509835890864312744140625), 86152648419625 candidates (MITM path)
  MITM b1=135: s=4 t=3 j=3 je=3 Q=2460375 table=5639752 yh=15275964
stage b2=179 vs b1={136}: values [193682063179592517160024627139, 740533512646847684000786415616), 92874855425388 candidates (MITM path)
  MITM b1=136: s=4 t=3 j=3 je=3 Q=2515456 table=5735339 yh=16193438
stage b2=180 vs b1={137}: values [208229648656711680000000000000, 820517673944445067756173565489), 100011106021395 candidates (MITM path)
  MITM b1=137: s=4 t=3 j=3 je=3 Q=2571353 table=5832000 yh=17148681
stage b2=181 vs b1={138}: values [223780105005863966156354481541, 908462928074224101543164657664), 107581949175509 candidates (MITM path)
  MITM b1=138: s=4 t=3 j=3 je=3 Q=2628072 table=5929741 yh=18142774
stage b2=182 vs b1={139}: values [240396446553194784543350546432, 1005095210669462420559310325641), 115608741195077 candidates (MITM path)
  MITM b1=139: s=4 t=3 j=3 je=3 Q=2685619 table=6028568 yh=19176817
stage b2=183 vs b1={140}: values [258145266804692077858261512663, 1111200682555801600000000000000), 124113669611067 candidates (MITM path)
  MITM b1=140: s=4 t=3 j=3 je=3 Q=2744000 table=6128487 yh=20251927
done: 47.37s, 146322706 candidates tested
