A171740 search: n=14, threads=1, limit=none
stage b2=313 vs b1={208}: values [276742836588297080874770702008153, 283717869175243332415379948437504), 23699319621417 candidates (MITM path)
  MITM b1=208: s=4 t=3 j=3 je=3 Q=8998912 table=30664297 yh=772864
stage b2=314 vs b1={209}: values [288459884278686287423684750188544, 303422655957947177630796910616161), 49716953945597 candidates (MITM path)
  MITM b1=209: s=4 t=3 j=3 je=3 Q=9129329 table=30959144 yh=1605890
stage b2=315 vs b1={210}: values [300633379753620796411014404296875, 324391993252150868100000000000000), 77205317984376 candidates (MITM path)
  MITM b1=210: s=4 t=3 j=3 je=3 Q=9261000 table=31255875 yh=2470106
stage b2=316 vs b1={211}: values [313279570012950515675630871248896, 346700425107361035262655933030041), 106220411384274 candidates (MITM path)
  MITM b1=211: s=4 t=3 j=3 je=3 Q=9393931 table=31554496 yh=3366253
stage b2=317 vs b1={212}: values [326415226096948316604835490633837, 370426504110804885524407033790464), 136819860852768 candidates (MITM path)
  MITM b1=212: s=4 t=3 j=3 je=3 Q=9528128 table=31855013 yh=4295081
stage b2=318 vs b1={213}: values [340057658250024631430531164397568, 395652986399381320581034818847689), 169062955966611 candidates (MITM path)
  MITM b1=213: s=4 t=3 j=3 je=3 Q=9663597 table=32157432 yh=5257353
stage b2=319 vs b1={214}: values [354224731473223042578261139664959, 422467035168972249391801182601216), 203010685531514 candidates (MITM path)
  MITM b1=214: s=4 t=3 j=3 je=3 Q=9800344 table=32461759 yh=6253842
stage b2=320 vs b1={215}: values [368934881474191032320000000000000, 450960433008657859896539306640625), 238725774497920 candidates (MITM path)
  MITM b1=215: s=4 t=3 j=3 je=3 Q=9938375 table=32768000 yh=7285333
stage b2=321 vs b1={216}: values [384207131023486181850018160439361, 481229803398374426442198455156736), 276272721437654 candidates (MITM path)
  MITM b1=216: s=4 t=3 j=3 je=3 Q=10077696 table=33076161 yh=8352624
stage b2=322 vs b1={217}: values [400061106726246866487730625585152, 513376841719862879656860722064529), 315717836586205 candidates (MITM path)
  MITM b1=217: s=4 t=3 j=3 je=3 Q=10218313 table=33386248 yh=9456524
stage b2=323 vs b1={218}: values [416517056218427921387174661259283, 547508556142388336802624725991424), 357129280455410 candidates (MITM path)
  MITM b1=218: s=4 t=3 j=3 je=3 Q=10360232 table=33698267 yh=10597854
stage b2=324 vs b1={219}: values [433595865796975883590475106484224, 583737518756672701482036256689321), 400577103021325 candidates (MITM path)
  MITM b1=219: s=4 t=3 j=3 je=3 Q=10503459 table=34012224 yh=11777446
stage b2=325 vs b1={220}: values [451319078493495285511016845703125, 622182127342782054400000000000000), 446133283492057 candidates (MITM path)
  MITM b1=220: s=4 t=3 j=3 je=3 Q=10648000 table=34328125 yh=12996145
stage b2=326 vs b1={221}: values [469708912601137116299541423742976, 662966878170355779548558581239481), 493871770660347 candidates (MITM path)
  MITM b1=221: s=4 t=3 j=3 je=3 Q=10793861 table=34645976 yh=14254810
stage b2=327 vs b1={222}: values [488788280664623015683331165008167, 706222650242563257993710741766144), 543868523845686 candidates (MITM path)
  MITM b1=222: s=4 t=3 j=3 je=3 Q=10941048 table=34965783 yh=15554308
stage b2=328 vs b1={223}: values [508580808943504054749179095810048, 752087001408534719216214439862209), 596201554430772 candidates (MITM path)
  MITM b1=223: s=4 t=3 j=3 je=3 Q=11089567 table=35287552 yh=16895521
stage b2=329 vs b1={224}: values [529110857358941125064944829442089, 800704476782743824084831595134976), 650950967997095 candidates (MITM path)
  MITM b1=224: s=4 t=3 j=3 je=3 Q=11239424 table=35611289 yh=18279344
stage b2=330 vs b1={225}: values [550403539934485037130000000000000, 852226929923929274082183837890625), 708199007064454 candidates (MITM path)
  MITM b1=225: s=4 t=3 j=3 je=3 Q=11390625 table=35937000 yh=19706682
stage b2=331 vs b1={226}: values [572484745741528457369486524730491, 906813857240639864200242192203776), 768030094439218 candidates (MITM path)
  MITM b1=226: s=4 t=3 j=3 je=3 Q=11543176 table=36264691 yh=21178455
stage b2=332 vs b1={227}: values [595381160360298826030671705669632, 964632746105380745721862822346809), 830530877176140 candidates (MITM path)
  MITM b1=227: s=4 t=3 j=3 je=3 Q=11697083 table=36594368 yh=22695593
stage b2=333 vs b1={228}: values [619120287867461433025357023191613, 1025859437174637223709847054188544), 895790271158535 candidates (MITM path)
  MITM b1=228: s=4 t=3 j=3 je=3 Q=11852352 table=36926037 yh=24259042
stage b2=334 vs b1={229}: values [643730473361604921949842267234304, 1090678501427765328462322842832681), 963899506301647 candidates (MITM path)
  MITM b1=229: s=4 t=3 j=3 je=3 Q=12008989 table=37259704 yh=25869758
stage b2=335 vs b1={230}: values [669240926038087681500960693359375, 1159283632453874980900000000000000), 1034952172384020 candidates (MITM path)
  MITM b1=230: s=4 t=3 j=3 je=3 Q=12167000 table=37595375 yh=27528710
stage b2=336 vs b1={231}: values [695681742824932905930873850822656, 1231878054532401295881577517615121), 1109044265511705 candidates (MITM path)
  MITM b1=231: s=4 t=3 j=3 je=3 Q=12326391 table=37933056 yh=29236882
stage b2=337 vs b1={232}: values [723083932591672600024489796161297, 1308674947070072080696567108993024), 1186274235220132 candidates (MITM path)
  MITM b1=232: s=4 t=3 j=3 je=3 Q=12487168 table=38272753 yh=30995268
stage b2=338 vs b1={233}: values [751479440943256507665609654345728, 1389897885974444705448234373058929), 1266743032218481 candidates (MITM path)
  MITM b1=233: s=4 t=3 j=3 je=3 Q=12649337 table=38614472 yh=32804878
stage b2=339 vs b1={234}: values [780901175611360895051573482331619, 1475781302562113238057324097191936), 1350554156781379 candidates (MITM path)
  MITM b1=234: s=4 t=3 j=3 je=3 Q=12812904 table=38958219 yh=34666733
stage b2=340 vs b1={235}: values [811383032455654359040000000000000, 1566570960618087215175592041015625), 1437813707792784 candidates (MITM path)
  MITM b1=235: s=4 t=3 j=3 je=3 Q=12977875 table=39304000 yh=36581868
stage b2=341 vs b1={236}: values [842959922087803397334389217165221, 1662524452241727005330470932054016), 1528630432446881 candidates (MITM path)
  MITM b1=236: s=4 t=3 j=3 je=3 Q=13144256 table=39651821 yh=38551330
stage b2=342 vs b1={237}: values [875667797131229409959628180774912, 1763911713133997936335712142251289), 1623115776610841 candidates (MITM path)
  MITM b1=237: s=4 t=3 j=3 je=3 Q=13312053 table=40001688 yh=40576183
stage b2=343 vs b1={238}: values [909543680129861140820205019889143, 1871015558000686912224711093796864), 1721383935854303 candidates (MITM path)
  MITM b1=238: s=4 t=3 j=3 je=3 Q=13481272 table=40353607 yh=42657499
stage b2=344 vs b1={239}: values [944625692119362354506348084854784, 1984132236766622027506928774262241), 1823551907150424 candidates (MITM path)
  MITM b1=239: s=4 t=3 j=3 je=3 Q=13651919 table=40707584 yh=44796368
stage b2=345 vs b1={240}: values [980953081874553817708385009765625, 2103572012316858777600000000000000), 1929739541253353 candidates (MITM path)
  MITM b1=240: s=4 t=3 j=3 je=3 Q=13824000 table=41063625 yh=46993892
stage b2=346 vs b1={241}: values [1018566255846991457770364750503936, 2229659760502257132817812847740961), 2040069595756992 candidates (MITM path)
  MITM b1=241: s=4 t=3 j=3 je=3 Q=13997521 table=41421736 yh=49251186
stage b2=347 vs b1={242}: values [1057506808806908944576515283377227, 2362735593168883450473284633903104), 2154667788839915 candidates (MITM path)
  MITM b1=242: s=4 t=3 j=3 je=3 Q=14172488 table=41781923 yh=51569379
stage b2=348 vs b1={243}: values [1097817555203982927999768993988608, 2503155504993241601315571986085849), 2273662853701287 candidates (MITM path)
  MITM b1=243: s=4 t=3 j=3 je=3 Q=14348907 table=42144192 yh=53949614
stage b2=349 vs b1={244}: values [1139542561261632803799098096449549, 2651292044928480635622559471108096), 2397186593692684 candidates (MITM path)
  MITM b1=244: s=4 t=3 j=3 je=3 Q=14526784 table=42508549 yh=56393047
stage b2=350 vs b1={245}: values [1182727177819824218750000000000000, 2807535013090453863383795166015625), 2525373938150657 candidates (MITM path)
  MITM b1=245: s=4 t=3 j=3 je=3 Q=14706125 table=42875000 yh=58900850
stage b2=351 vs b1={246}: values [1227418073941606603920057053059551, 2972292183936828626836081803411456), 2658362998934932 candidates (MITM path)
  MITM b1=246: s=4 t=3 j=3 je=3 Q=14886936 table=43243551 yh=61474207
stage b2=352 vs b1={247}: values [1273663271298879886722784131284992, 3145990056617379761511309839089969), 2796295127677120 candidates (MITM path)
  MITM b1=247: s=4 t=3 j=3 je=3 Q=15069223 table=43614208 yh=64114317
stage b2=353 vs b1={248}: values [1321512179353154221437667378235873, 3329074633399155440492375267344384), 2939314973744810 candidates (MITM path)
  MITM b1=248: s=4 t=3 j=3 je=3 Q=15252992 table=43986977 yh=66822391
stage b2=354 vs b1={249}: values [1371015631347339138390230034161664, 3522012227096394652101560724434001), 3087570542925934 candidates (MITM path)
  MITM b1=249: s=4 t=3 j=3 je=3 Q=15438249 table=44361864 yh=69599658

*** MATCH: 3435979967427908774129830571577500 is an 14-digit palindrome in bases 249 and 354
stage b2=355 vs b1={250}: values [1422225921124874988441297607421875, 3725290298461914062500000000000000), 3241213256838293 candidates (MITM path)
  MITM b1=250: s=4 t=3 j=3 je=3 Q=15625000 table=44738875 yh=72447358
stage b2=356 vs b1={251}: values [1475196840792799996720033946402816, 3939418324524181765386728349441001), 3400398013069122 candidates (MITM path)
  MITM b1=251: s=4 t=3 j=3 je=3 Q=15813251 table=45118016 yh=75366746
stage b2=357 vs b1={252}: values [1529983719245630682916125419139957, 4164928698882469942515671324688384), 3565283246049590 candidates (MITM path)
  MITM b1=252: s=4 t=3 j=3 je=3 Q=16003008 table=45499293 yh=78359092
stage b2=358 vs b1={253}: values [1586643461567221900574921745522688, 4402377665001341492756836874350969), 3736030988669129 candidates (MITM path)
  MITM b1=253: s=4 t=3 j=3 je=3 Q=16194277 table=45882712 yh=81425680
stage b2=359 vs b1={254}: values [1645234589328065340756692514311879, 4652346283575291198546759565459456), 3912806934634485 candidates (MITM path)
  MITM b1=254: s=4 t=3 j=3 je=3 Q=16387064 table=46268279 yh=84567808
stage b2=360 vs b1={255}: values [1705817281795782082560000000000000, 4915441435064644177113043212890625), 4095780501578391 candidates (MITM path)
  MITM b1=255: s=4 t=3 j=3 je=3 Q=16581375 table=46656000 yh=87786791
stage b2=361 vs b1={256}: values [1768453418076865701195582595329481, 5192296858534827628530496329220096), 4285124894922758 candidates (MITM path)
  MITM b1=256: s=4 t=3 j=3 je=3 Q=16777216 table=47045881 yh=91083955
stage b2=362 vs b1={257}: values [1833206620208037610752855912783872, 5483574227962890893331590433934849), 4481017172501289 candidates (MITM path)
  MITM b1=257: s=4 t=3 j=3 je=3 Q=16974593 table=47437928 yh=94460643
stage b2=363 vs b1={258}: values [1900142297215885771145866243915803, 5789964267207668452827559331119104), 4683638309946426 candidates (MITM path)
  MITM b1=258: s=4 t=3 j=3 je=3 Q=17173512 table=47832147 yh=97918212
stage b2=364 vs b1={259}: values [1969327690163771674979127676370944, 6112187904873275865980332271043961), 4893173266845524 candidates (MITM path)
  MITM b1=259: s=4 t=3 j=3 je=3 Q=17373979 table=48228544 yh=101458035
stage b2=365 vs b1={260}: values [2040831918205308698658487548828125, 6450997470329715097600000000000000), 5109811053671174 candidates (MITM path)
  MITM b1=260: s=4 t=3 j=3 je=3 Q=17576000 table=48627125 yh=105081497
stage b2=366 vs b1={261}: values [2114726025664037501814878311735296, 6807177932189258856180832656779241), 5333744799490579 candidates (MITM path)
  MITM b1=261: s=4 t=3 j=3 je=3 Q=17779581 table=49027896 yh=108790000
stage b2=367 vs b1={262}: values [2191083030159251239243293893133487, 7181548180572999273393724747300864), 5565171820458897 candidates (MITM path)
  MITM b1=262: s=4 t=3 j=3 je=3 Q=17984728 table=49430863 yh=112584962
stage b2=368 vs b1={263}: values [2269977971798254959728479560531968, 7574962354538500616775660413022289), 5804293689101474 candidates (MITM path)
  MITM b1=263: s=4 t=3 j=3 je=3 Q=18191447 table=49836032 yh=116467814
stage b2=369 vs b1={264}: values [2351487963455679756386948226834609, 7988311216076905079138811711062016), 6051316304389866 candidates (MITM path)
  MITM b1=264: s=4 t=3 j=3 je=3 Q=18399744 table=50243409 yh=120440003
stage b2=370 vs b1={265}: values [2435692242160813053970000000000000, 8422523572126121633218804931640625), 6306449962616594 candidates (MITM path)
  MITM b1=265: s=4 t=3 j=3 je=3 Q=18609625 table=50653000 yh=124502991
stage b2=371 vs b1={266}: values [2522672221614251920828329838491011, 8878567746085897335509947690663936), 6569909429073534 candidates (MITM path)
  MITM b1=266: s=4 t=3 j=3 je=3 Q=18821096 table=51064811 yh=128658255
stage b2=372 vs b1={267}: values [2612511545855536528237681340055552, 9357453100360645426341446339617929), 6841914010538876 candidates (MITM path)
  MITM b1=267: s=4 t=3 j=3 je=3 Q=19034163 table=51478848 yh=132907287
stage b2=373 vs b1={268}: values [2705296144103775899249465745412933, 9860231611496902484101890807169024), 7122687628577566 candidates (MITM path)
  MITM b1=268: s=4 t=3 j=3 je=3 Q=19248832 table=51895117 yh=137251596
stage b2=374 vs b1={269}: values [2801114286793637945305730403098624, 10387999499524225396026023192028121), 7412458893660178 candidates (MITM path)
  MITM b1=269: s=4 t=3 j=3 je=3 Q=19465109 table=52313624 yh=141692706
stage b2=375 vs b1={270}: values [2900056642829440534114837646484375, 10941898913151235920900000000000000), 7711461180105119 candidates (MITM path)
  MITM b1=270: s=4 t=3 j=3 je=3 Q=19683000 table=52734375 yh=146232153
stage b2=376 vs b1={271}: values [3002216338080450019720605913317376, 11523119672512394327137541804059681), 8019932701849122 candidates (MITM path)
  MITM b1=271: s=4 t=3 j=3 je=3 Q=19902511 table=53157376 yh=150871494
stage b2=377 vs b1={272}: values [3107689015140868348741078056241817, 12132901071205952454668884633452544), 8338116589050941 candidates (MITM path)
  MITM b1=272: s=4 t=3 j=3 je=3 Q=20123648 table=53582633 yh=155612297
stage b2=378 vs b1={273}: values [3216572894378369589263147095400448, 12772533739409419310834931469027809), 8666260965533196 candidates (MITM path)
  MITM b1=273: s=4 t=3 j=3 je=3 Q=20346417 table=54010152 yh=160456149
stage b2=379 vs b1={274}: values [3328968836295431565149961657333739, 13443361569905787990117147696971776), 9004619027067290 candidates (MITM path)
  MITM b1=274: s=4 t=3 j=3 je=3 Q=20570824 table=54439939 yh=165404650
done: 685.72s, 1940074898 candidates tested
