A171740 search: n=14, threads=1, limit=none
stage b2=470 vs b1={303}: values [54609997061205831773270000000000000, 54978995282149371522266936818729569), 72834856136514 candidates (MITM path)
  MITM b1=303: s=4 t=3 j=3 je=3 Q=27818127 table=103823000 yh=701530
stage b2=471 vs b1={304}: values [56139920420269526101585857174664311, 57574499397733310582010212836704256), 278983239189476 candidates (MITM path)
  MITM b1=304: s=4 t=3 j=3 je=3 Q=28094464 table=104487111 yh=2670026
stage b2=472 vs b1={305}: values [57709323359170456049437363878756352, 60283401692879138764114019775390625), 493205338363059 candidates (MITM path)
  MITM b1=305: s=4 t=3 j=3 je=3 Q=28372625 table=105154048 yh=4690313
stage b2=473 vs b1={306}: values [59319137749841205151272334026810233, 63110260198880625404008432578871296), 715714517857441 candidates (MITM path)
  MITM b1=306: s=4 t=3 j=3 je=3 Q=28652616 table=105823817 yh=6763266
stage b2=474 vs b1={307}: values [60970315417694983520937358098407424, 66059800330953223881038421346972249), 946728474790694 candidates (MITM path)
  MITM b1=307: s=4 t=3 j=3 je=3 Q=28934443 table=106496424 yh=8889768
stage b2=475 vs b1={308}: values [62663828525330214202404022216796875, 69136920457732008849516311508680704), 1186469306425528 candidates (MITM path)
  MITM b1=308: s=4 t=3 j=3 je=3 Q=29218112 table=107171875 yh=11070716
stage b2=476 vs b1={309}: values [64400669962779946155230391934386176, 72346697637005265678995742402826761), 1435163578134245 candidates (MITM path)
  MITM b1=309: s=4 t=3 j=3 je=3 Q=29503629 table=107850176 yh=13307012
stage b2=477 vs b1={310}: values [66181853744403566950222013869119117, 75694393522079632032100000000000000), 1693042392106535 candidates (MITM path)
  MITM b1=310: s=4 t=3 j=3 je=3 Q=29791000 table=108531333 yh=15599573
stage b2=478 vs b1={311}: values [68008415412519529913542931040821248, 79185460443274071484794939191083441), 1960341456804772 candidates (MITM path)
  MITM b1=311: s=4 t=3 j=3 je=3 Q=30080231 table=109215352 yh=17949322
stage b2=479 vs b1={312}: values [69881412447879065273246871214547039, 82825547669143336572232508337291264), 2237301157171464 candidates (MITM path)
  MITM b1=312: s=4 t=3 j=3 je=3 Q=30371328 table=109902239 yh=20357194
stage b2=480 vs b1={313}: values [71801924687082112942080000000000000, 86620507852136986313803229728551889), 2524166625593506 candidates (MITM path)
  MITM b1=313: s=4 t=3 j=3 je=3 Q=30664297 table=110592000 yh=22824134
stage b2=481 vs b1={314}: values [73771054747037996026381548447289441, 90576403663507494251037011559202816), 2821187813627909 candidates (MITM path)
  MITM b1=314: s=4 t=3 j=3 je=3 Q=30959144 table=111284641 yh=25351098
stage b2=482 vs b1={315}: values [75789928456574649095616277380472832, 94699514622390550869469537353515625), 3128619564493660 candidates (MITM path)
  MITM b1=315: s=4 t=3 j=3 je=3 Q=31255875 table=111980168 yh=27939051
stage b2=483 vs b1={316}: values [77859695295301523793862079367040563, 98996344124092362953499355314651136), 3446721686334391 candidates (MITM path)
  MITM b1=316: s=4 t=3 j=3 je=3 Q=31554496 table=112678587 yh=30588968
stage b2=484 vs b1={317}: values [79981528839832616637508874879893504, 103473626672732616363732850530926329), 3775759026256532 candidates (MITM path)
  MITM b1=317: s=4 t=3 j=3 je=3 Q=31855013 table=113379904 yh=33301837
stage b2=485 vs b1={318}: values [82156627217477399937279024658203125, 108138335323507832794908910278426624), 4116001545147614 candidates (MITM path)
  MITM b1=318: s=4 t=3 j=3 je=3 Q=32157432 table=114084125 yh=36078653
stage b2=486 vs b1={319}: values [84386213567508786822951299218169856, 112997689339958150582465303553121921), 4467724393279425 candidates (MITM path)
  MITM b1=319: s=4 t=3 j=3 je=3 Q=32461759 table=114791256 yh=38920425
stage b2=487 vs b1={320}: values [86671536510118625452078408718034247, 118059162071741130342400000000000000), 4831207986700690 candidates (MITM path)
  MITM b1=320: s=4 t=3 j=3 je=3 Q=32768000 table=115501303 yh=41828169
stage b2=488 vs b1={321}: values [89013870623172595766475439292284928, 123330489058539064373855829501034881), 5206738084423964 candidates (MITM path)
  MITM b1=321: s=4 t=3 j=3 je=3 Q=33076161 table=116214272 yh=44802915
stage b2=489 vs b1={322}: values [91414516926877774739994358072042569, 128819676365851491009049261438418944), 5594605866411454 candidates (MITM path)
  MITM b1=322: s=4 t=3 j=3 je=3 Q=33386248 table=116930169 yh=47845701
stage b2=490 vs b1={323}: values [93874803376477543056490000000000000, 134535009158552218608057415586748409), 5995108012364435 candidates (MITM path)
  MITM b1=323: s=4 t=3 j=3 je=3 Q=33698267 table=117649000 yh=50957578
stage b2=491 vs b1={324}: values [96396085363089927687061485995798171, 140485060518220186283313934500888576), 6408546781320997 candidates (MITM path)
  MITM b1=324: s=4 t=3 j=3 je=3 Q=34012224 table=118370771 yh=54139605
stage b2=492 vs b1={325}: values [98979746222806911020492610298970112, 146678700510385967791080474853515625), 6835230092066797 candidates (MITM path)
  MITM b1=325: s=4 t=3 j=3 je=3 Q=34328125 table=119095488 yh=57392856
stage b2=493 vs b1={326}: values [101627197754173688160928089239296093, 153125105507970699913650504140210176), 7275471604363557 candidates (MITM path)
  MITM b1=326: s=4 t=3 j=3 je=3 Q=34645976 table=119823157 yh=60718411
stage b2=494 vs b1={327}: values [104339880744168319863565385432489984, 159833767777331726128449290957670609), 7729590800999991 candidates (MITM path)
  MITM b1=327: s=4 t=3 j=3 je=3 Q=34965783 table=120553784 yh=64117364
stage b2=495 vs b1={328}: values [107119265502803709454615843505859375, 166814505333469329957730743425695744), 8197913070669899 candidates (MITM path)
  MITM b1=328: s=4 t=3 j=3 je=3 Q=35287552 table=121287375 yh=67590820
stage b2=496 vs b1={329}: values [109966852406475328098844912056795136, 174077472071091630146366848886447281), 8680769791682146 candidates (MITM path)
  MITM b1=329: s=4 t=3 j=3 je=3 Q=35611289 table=122023936 yh=71139894
stage b2=497 vs b1={330}: values [112884172450179624060242238336272177, 181633168178380062252900000000000000), 9178498416507239 candidates (MITM path)
  MITM b1=330: s=4 t=3 j=3 je=3 Q=35937000 table=122763473 yh=74765712
stage b2=498 vs b1={331}: values [115872787808729578273156568090615808, 189492450840445919389300039685792521), 9691442557165241 candidates (MITM path)
  MITM b1=331: s=4 t=3 j=3 je=3 Q=36264691 table=123505992 yh=78469412
stage b2=499 vs b1={332}: values [118934292407095410727674098230506499, 197666545239619210242183006282317824), 10219952071459751 candidates (MITM path)
  MITM b1=332: s=4 t=3 j=3 je=3 Q=36594368 table=124251499 yh=82252144
stage b2=500 vs b1={333}: values [122070312500000000000000000000000000, 206167055859864657197443888722807129), 10764383150062677 candidates (MITM path)
  MITM b1=333: s=4 t=3 j=3 je=3 Q=36926037 table=125000000 yh=86115066
stage b2=501 vs b1={334}: values [125282507260900151852763473269506501, 215005978102776043931247317256257536), 11325098404454553 candidates (MITM path)
  MITM b1=334: s=4 t=3 j=3 je=3 Q=37259704 table=125751501 yh=90059350
stage b2=502 vs b1={335}: values [128572569380486442318916647962632192, 224195710222759373302821832275390625), 11902466955725131 candidates (MITM path)
  MITM b1=335: s=4 t=3 j=3 je=3 Q=37595375 table=126506008 yh=94086180
stage b2=503 vs b1={336}: values [131942225674835966194417272072460823, 233749065589177456392773613876412416), 12496864524238998 candidates (MITM path)
  MITM b1=336: s=4 t=3 j=3 je=3 Q=37933056 table=127263527 yh=98196749
stage b2=504 vs b1={337}: values [135393237703353943528128490047012864, 243679285283393666208253061306357089), 13108673520170957 candidates (MITM path)
  MITM b1=337: s=4 t=3 j=3 je=3 Q=38272753 table=128024064 yh=102392263
stage b2=505 vs b1={338}: values [138927402396641774642067017822265625, 254000051038820699590976063168856064), 13738283134915944 candidates (MITM path)
  MITM b1=338: s=4 t=3 j=3 je=3 Q=38614472 table=128787625 yh=106673939
stage b2=506 vs b1={339}: values [142546552694430788571794496737878016, 264725498532251343422483410510418841), 14386089433378209 candidates (MITM path)
  MITM b1=339: s=4 t=3 j=3 je=3 Q=38958219 table=129554216 yh=111043005
stage b2=507 vs b1={340}: values [146252558193722600716669650994316907, 275870231034922482073600000000000000), 15052495447144537 candidates (MITM path)
  MITM b1=340: s=4 t=3 j=3 je=3 Q=39304000 table=130323843 yh=115500703
stage b2=508 vs b1={341}: values [150047325807278683064941158898597888, 287449333431940958491026723053340361), 15737911268546265 candidates (MITM path)
  MITM b1=341: s=4 t=3 j=3 je=3 Q=39651821 table=131096512 yh=120048284
stage b2=509 vs b1={342}: values [153932800432603454742132269478454829, 299478386618880458206192837825019904), 16442754145614855 candidates (MITM path)
  MITM b1=342: s=4 t=3 j=3 je=3 Q=40001688 table=131872229 yh=124687012
stage b2=510 vs b1={343}: values [157910965631566921956510000000000000, 311973482284542371301330321821976049), 17167448577935792 candidates (MITM path)
  MITM b1=343: s=4 t=3 j=3 je=3 Q=40353607 table=132651000 yh=129418162
stage b2=511 vs b1={344}: values [161983844320814634817101682325330431, 324951238089060649950183741190045696), 17912426413405584 candidates (MITM path)
  MITM b1=344: s=4 t=3 j=3 je=3 Q=40707584 table=133432831 yh=134243022
stage b2=512 vs b1={345}: values [166153499473114484112975882535043072, 338428813246721067109392828369140625), 18678126945896621 candidates (MITM path)
  MITM b1=345: s=4 t=3 j=3 je=3 Q=41063625 table=134217728 yh=139162891
stage b2=513 vs b1={346}: values [170422034829791634103401401374218753, 352423924523059044388546203674361856), 19464997013834683 candidates (MITM path)
  MITM b1=346: s=4 t=3 j=3 je=3 Q=41421736 table=135005697 yh=144179079
stage b2=514 vs b1={347}: values [174791595624404677813900345660678144, 366954862655997403768050803331897769), 20273491099693873 candidates (MITM path)
  MITM b1=347: s=4 t=3 j=3 je=3 Q=41781923 table=135796744 yh=149292911
stage b2=515 vs b1={348}: values [179264369317817909400790555419921875, 382040509210986058943919609908035584), 21104071430413750 candidates (MITM path)
  MITM b1=348: s=4 t=3 j=3 je=3 Q=42144192 table=136590875 yh=154505720
stage b2=516 vs b1={349}: values [183842586344826433975051806358634496, 397700353880309848525885235660892601), 21957208078743448 candidates (MITM path)
  MITM b1=349: s=4 t=3 j=3 je=3 Q=42508549 table=137388096 yh=159818855
stage b2=517 vs b1={350}: values [188528520872492679004546608119852437, 413954512236938476562500000000000000), 22833379065517581 candidates (MITM path)
  MITM b1=350: s=4 t=3 j=3 je=3 Q=42875000 table=138188413 yh=165233674
stage b2=518 vs b1={351}: values [193324491570354733181895297159815168, 430823743953503917975940025623902401), 23733070462868703 candidates (MITM path)
  MITM b1=351: s=4 t=3 j=3 je=3 Q=43243551 table=138991832 yh=170751548
stage b2=519 vs b1={352}: values [198232862392668818594582670912803559, 448329471497205720126420014212317184), 24656776498381128 candidates (MITM path)
  MITM b1=352: s=4 t=3 j=3 je=3 Q=43614208 table=139798359 yh=176373863
stage b2=520 vs b1={353}: values [203256043372850100305920000000000000, 466493799311663440167496584517263169), 25604999660190914 candidates (MITM path)
  MITM b1=353: s=4 t=3 j=3 je=3 Q=43986977 table=140608000 yh=182102012
stage b2=521 vs b1={354}: values [208396491430277954192889648311785961, 485339533496958054990141432093229056), 26578250803036781 candidates (MITM path)
  MITM b1=354: s=4 t=3 j=3 je=3 Q=44361864 table=141420761 yh=187937405
stage b2=522 vs b1={355}: values [213656711189633749233078088598986752, 504890201999330620896660650634765625), 27577049255266797 candidates (MITM path)
  MITM b1=355: s=4 t=3 j=3 je=3 Q=44738875 table=142236648 yh=193881462
stage b2=523 vs b1={356}: values [219039255812941154532109005895053883, 525170075322236798832332084919402496), 28601922926805610 candidates (MITM path)
  MITM b1=356: s=4 t=3 j=3 je=3 Q=45118016 table=143055667 yh=199935617
stage b2=524 vs b1={357}: values [224546727844480954380310660801101824, 546204187770690153801056774632964649), 29653408418087049 candidates (MITM path)
  MITM b1=357: s=4 t=3 j=3 je=3 Q=45499293 table=143877824 yh=206101313
stage b2=525 vs b1={358}: values [230181780068754346668720245361328125, 568018359241065440405821984897122304), 30732051129956887 candidates (MITM path)
  MITM b1=358: s=4 t=3 j=3 je=3 Q=45882712 table=144703125 yh=212380010
stage b2=526 vs b1={359}: values [235947116381670711226715627769880576, 590639217568775457331652612637964561), 31838405374550587 candidates (MITM path)
  MITM b1=359: s=4 t=3 j=3 je=3 Q=46268279 table=145531576 yh=218773178
stage b2=527 vs b1={360}: values [241845492675137865214191430461762767, 614094221446481549721600000000000000), 32973034487150851 candidates (MITM path)
  MITM b1=360: s=4 t=3 j=3 je=3 Q=46656000 table=146363183 yh=225282300

*** MATCH: 246758927626124391321335523401854704 is an 14-digit palindrome in bases 360 and 527
done: 2442.42s, 5088890317 candidates tested
