A171740 search: n=14, threads=1, limit=none
stage b2=344 vs b1={227}: values [944625692119362354506348084854784, 964632746105380745721862822346809), 35097327323751 candidates (MITM path)
  MITM b1=227: s=4 t=3 j=3 je=3 Q=11697083 table=40707584 yh=862182
stage b2=345 vs b1={228}: values [980953081874553817708385009765625, 1025859437174637223709847054188544), 77192328693407 candidates (MITM path)
  MITM b1=228: s=4 t=3 j=3 je=3 Q=11852352 table=41063625 yh=1879823
stage b2=346 vs b1={229}: values [1018566255846991457770364750503936, 1090678501427765328462322842832681), 121472040866881 candidates (MITM path)
  MITM b1=229: s=4 t=3 j=3 je=3 Q=12008989 table=41421736 yh=2932568
stage b2=347 vs b1={230}: values [1057506808806908944576515283377227, 1159283632453874980900000000000000), 168012877274811 candidates (MITM path)
  MITM b1=230: s=4 t=3 j=3 je=3 Q=12167000 table=41781923 yh=4021186
stage b2=348 vs b1={231}: values [1097817555203982927999768993988608, 1231878054532401295881577517615121), 216893294255222 candidates (MITM path)
  MITM b1=231: s=4 t=3 j=3 je=3 Q=12326391 table=42144192 yh=5146458
stage b2=349 vs b1={232}: values [1139542561261632803799098096449549, 1308674947070072080696567108993024), 268193832509752 candidates (MITM path)
  MITM b1=232: s=4 t=3 j=3 je=3 Q=12487168 table=42508549 yh=6309175
stage b2=350 vs b1={233}: values [1182727177819824218750000000000000, 1389897885974444705448234373058929), 321997159150056 candidates (MITM path)
  MITM b1=233: s=4 t=3 j=3 je=3 Q=12649337 table=42875000 yh=7510138
stage b2=351 vs b1={234}: values [1227418073941606603920057053059551, 1475781302562113238057324097191936), 378388110339136 candidates (MITM path)
  MITM b1=234: s=4 t=3 j=3 je=3 Q=12812904 table=43243551 yh=8750163
stage b2=352 vs b1={235}: values [1273663271298879886722784131284992, 1566570960618087215175592041015625), 437453734532316 candidates (MITM path)
  MITM b1=235: s=4 t=3 j=3 je=3 Q=12977875 table=43614208 yh=10030075
stage b2=353 vs b1={236}: values [1321512179353154221437667378235873, 1662524452241727005330470932054016), 499283336322630 candidates (MITM path)
  MITM b1=236: s=4 t=3 j=3 je=3 Q=13144256 table=43986977 yh=11350709
stage b2=354 vs b1={237}: values [1371015631347339138390230034161664, 1763911713133997936335712142251289), 563968520895340 candidates (MITM path)
  MITM b1=237: s=4 t=3 j=3 je=3 Q=13312053 table=44361864 yh=12712914
stage b2=355 vs b1={238}: values [1422225921124874988441297607421875, 1871015558000686912224711093796864), 631603239096365 candidates (MITM path)
  MITM b1=238: s=4 t=3 j=3 je=3 Q=13481272 table=44738875 yh=14117549
stage b2=356 vs b1={239}: values [1475196840792799996720033946402816, 1984132236766622027506928774262241), 702283833119352 candidates (MITM path)
  MITM b1=239: s=4 t=3 j=3 je=3 Q=13651919 table=45118016 yh=15565486
stage b2=357 vs b1={240}: values [1529983719245630682916125419139957, 2103572012316858777600000000000000), 776109082816175 candidates (MITM path)
  MITM b1=240: s=4 t=3 j=3 je=3 Q=13824000 table=45499293 yh=17057608
stage b2=358 vs b1={241}: values [1586643461567221900574921745522688, 2229659760502257132817812847740961), 853180252635601 candidates (MITM path)
  MITM b1=241: s=4 t=3 j=3 je=3 Q=13997521 table=45882712 yh=18594809
stage b2=359 vs b1={242}: values [1645234589328065340756692514311879, 2362735593168883450473284633903104), 933601139194914 candidates (MITM path)
  MITM b1=242: s=4 t=3 j=3 je=3 Q=14172488 table=46268279 yh=20177996
stage b2=360 vs b1={243}: values [1705817281795782082560000000000000, 2503155504993241601315571986085849), 1017478119489262 candidates (MITM path)
  MITM b1=243: s=4 t=3 j=3 je=3 Q=14348907 table=46656000 yh=21808088
stage b2=361 vs b1={244}: values [1768453418076865701195582595329481, 2651292044928480635622559471108096), 1104920199743499 candidates (MITM path)
  MITM b1=244: s=4 t=3 j=3 je=3 Q=14526784 table=47045881 yh=23486014
stage b2=362 vs b1={245}: values [1833206620208037610752855912783872, 2807535013090453863383795166015625), 1196039064911321 candidates (MITM path)
  MITM b1=245: s=4 t=3 j=3 je=3 Q=14706125 table=47437928 yh=25212718
stage b2=363 vs b1={246}: values [1900142297215885771145866243915803, 2972292183936828626836081803411456), 1290949128826464 candidates (MITM path)
  MITM b1=246: s=4 t=3 j=3 je=3 Q=14886936 table=47832147 yh=26989153

*** MATCH: 2808742921728531660766703492879560 is an 14-digit palindrome in bases 246 and 363
stage b2=364 vs b1={247}: values [1969327690163771674979127676370944, 3145990056617379761511309839089969), 1389767585010760 candidates (MITM path)
  MITM b1=247: s=4 t=3 j=3 je=3 Q=15069223 table=48228544 yh=28816288
stage b2=365 vs b1={248}: values [2040831918205308698658487548828125, 3329074633399155440492375267344384), 1492614458143859 candidates (MITM path)
  MITM b1=248: s=4 t=3 j=3 je=3 Q=15252992 table=48627125 yh=30695100
stage b2=366 vs b1={249}: values [2114726025664037501814878311735296, 3522012227096394652101560724434001), 1599612656199387 candidates (MITM path)
  MITM b1=249: s=4 t=3 j=3 je=3 Q=15438249 table=49027896 yh=32626582
stage b2=367 vs b1={250}: values [2191083030159251239243293893133487, 3725290298461914062500000000000000), 1710888023252367 candidates (MITM path)
  MITM b1=250: s=4 t=3 j=3 je=3 Q=15625000 table=49430863 yh=34611737
stage b2=368 vs b1={251}: values [2269977971798254959728479560531968, 3939418324524181765386728349441001), 1826569392962697 candidates (MITM path)
  MITM b1=251: s=4 t=3 j=3 je=3 Q=15813251 table=49836032 yh=36651582
stage b2=369 vs b1={252}: values [2351487963455679756386948226834609, 4164928698882469942515671324688384), 1946788642739492 candidates (MITM path)
  MITM b1=252: s=4 t=3 j=3 je=3 Q=16003008 table=50243409 yh=38747145
stage b2=370 vs b1={253}: values [2435692242160813053970000000000000, 4402377665001341492756836874350969), 2071680748591112 candidates (MITM path)
  MITM b1=253: s=4 t=3 j=3 je=3 Q=16194277 table=50653000 yh=40899468
stage b2=371 vs b1={254}: values [2522672221614251920828329838491011, 4652346283575291198546759565459456), 2201383840665675 candidates (MITM path)
  MITM b1=254: s=4 t=3 j=3 je=3 Q=16387064 table=51064811 yh=43109606
stage b2=372 vs b1={255}: values [2612511545855536528237681340055552, 4915441435064644177113043212890625), 2336039259486900 candidates (MITM path)
  MITM b1=255: s=4 t=3 j=3 je=3 Q=16581375 table=51478848 yh=45378624
stage b2=373 vs b1={256}: values [2705296144103775899249465745412933, 5192296858534827628530496329220096), 2475791612890074 candidates (MITM path)
  MITM b1=256: s=4 t=3 j=3 je=3 Q=16777216 table=51895117 yh=47707603
stage b2=374 vs b1={257}: values [2801114286793637945305730403098624, 5483574227962890893331590433934849), 2620788833662991 candidates (MITM path)
  MITM b1=257: s=4 t=3 j=3 je=3 Q=16974593 table=52313624 yh=50097635
done: 197.18s, 360417176 candidates tested
