A171740 search: n=14, threads=1, limit=none
stage b2=302 vs b1={201}: values [173816202950981675782129720942592, 175689094255155802434244515642801), 8174552220544 candidates (MITM path)
  MITM b1=201: s=4 t=3 j=3 je=3 Q=8120601 table=27543608 yh=296786
stage b2=303 vs b1={202}: values [181448829314024328456326524154223, 188329855096852039605697108393984), 29346396810923 candidates (MITM path)
  MITM b1=202: s=4 t=3 j=3 je=3 Q=8242408 table=27818127 yh=1054938
stage b2=304 vs b1={203}: values [189389800650438521651349384331264, 201810858916898431719789378127369), 51765869573681 candidates (MITM path)
  MITM b1=203: s=4 t=3 j=3 je=3 Q=8365427 table=28094464 yh=1842565
stage b2=305 vs b1={204}: values [197650497353702094308570556640625, 216183400540220972918552087494656), 75482205565310 candidates (MITM path)
  MITM b1=204: s=4 t=3 j=3 je=3 Q=8489664 table=28372625 yh=2660389
stage b2=306 vs b1={205}: values [206242680388498775830092916924416, 231501630828342033704595947265625), 100546119828578 candidates (MITM path)
  MITM b1=205: s=4 t=3 j=3 je=3 Q=8615125 table=28652616 yh=3509143
stage b2=307 vs b1={206}: values [215178502706688025671134922954307, 247822700520261426090084682448896), 127009841056879 candidates (MITM path)
  MITM b1=206: s=4 t=3 j=3 je=3 Q=8741816 table=28934443 yh=4389573
stage b2=308 vs b1={207}: values [224470520966662366394533478924288, 265206910560805882369006879852449), 154927145793831 candidates (MITM path)
  MITM b1=207: s=4 t=3 j=3 je=3 Q=8869743 table=29218112 yh=5302436
stage b2=309 vs b1={208}: values [234131707563123837148853535284229, 283717869175243332415379948437504), 184353393172904 candidates (MITM path)
  MITM b1=208: s=4 t=3 j=3 je=3 Q=8998912 table=29503629 yh=6248499
stage b2=310 vs b1={209}: values [244175462974450425910000000000000, 303422655957947177630796910616161), 215345560201816 candidates (MITM path)
  MITM b1=209: s=4 t=3 j=3 je=3 Q=9129329 table=29791000 yh=7228545
stage b2=311 vs b1={210}: values [254615628434964860079726492575831, 324391993252150868100000000000000), 247962277596504 candidates (MITM path)
  MITM b1=210: s=4 t=3 j=3 je=3 Q=9261000 table=30080231 yh=8243364
stage b2=312 vs b1={211}: values [265466498939561976193052911337472, 346700425107361035262655933030041), 282263866169419 candidates (MITM path)
  MITM b1=211: s=4 t=3 j=3 je=3 Q=9393931 table=30371328 yh=9293762
stage b2=313 vs b1={212}: values [276742836588297080874770702008153, 370426504110804885524407033790464), 318312373776946 candidates (MITM path)
  MITM b1=212: s=4 t=3 j=3 je=3 Q=9528128 table=30664297 yh=10380554
stage b2=314 vs b1={213}: values [288459884278686287423684750188544, 395652986399381320581034818847689), 356171612830726 candidates (MITM path)
  MITM b1=213: s=4 t=3 j=3 je=3 Q=9663597 table=30959144 yh=11504570
stage b2=315 vs b1={214}: values [300633379753620796411014404296875, 422467035168972249391801182601216), 395907198377672 candidates (MITM path)
  MITM b1=214: s=4 t=3 j=3 je=3 Q=9800344 table=31255875 yh=12666650
stage b2=316 vs b1={215}: values [313279570012950515675630871248896, 450960433008657859896539306640625), 437586586753483 candidates (MITM path)
  MITM b1=215: s=4 t=3 j=3 je=3 Q=9938375 table=31554496 yh=13867647
stage b2=317 vs b1={216}: values [326415226096948316604835490633837, 481229803398374426442198455156736), 481279114814440 candidates (MITM path)
  MITM b1=216: s=4 t=3 j=3 je=3 Q=10077696 table=31855013 yh=15108427
stage b2=318 vs b1={217}: values [340057658250024631430531164397568, 513376841719862879656860722064529), 527056039752313 candidates (MITM path)
  MITM b1=217: s=4 t=3 j=3 je=3 Q=10218313 table=32157432 yh=16389868
stage b2=319 vs b1={218}: values [354224731473223042578261139664959, 547508556142388336802624725991424), 574990579497162 candidates (MITM path)
  MITM b1=218: s=4 t=3 j=3 je=3 Q=10360232 table=32461759 yh=17712860
stage b2=320 vs b1={219}: values [368934881474191032320000000000000, 583737518756672701482036256689321), 625157953712862 candidates (MITM path)
  MITM b1=219: s=4 t=3 j=3 je=3 Q=10503459 table=32768000 yh=19078307
stage b2=321 vs b1={220}: values [384207131023486181850018160439361, 622182127342782054400000000000000), 677635425390161 candidates (MITM path)
  MITM b1=220: s=4 t=3 j=3 je=3 Q=10648000 table=33076161 yh=20487125
stage b2=322 vs b1={221}: values [400061106726246866487730625585152, 662966878170355779548558581239481), 732502343042099 candidates (MITM path)
  MITM b1=221: s=4 t=3 j=3 je=3 Q=10793861 table=33386248 yh=21940242
stage b2=323 vs b1={222}: values [416517056218427921387174661259283, 706222650242563257993710741766144), 789840183506606 candidates (MITM path)
  MITM b1=222: s=4 t=3 j=3 je=3 Q=10941048 table=33698267 yh=23438600
stage b2=324 vs b1={223}: values [433595865796975883590475106484224, 752087001408534719216214439862209), 849732595361109 candidates (MITM path)
  MITM b1=223: s=4 t=3 j=3 je=3 Q=11089567 table=34012224 yh=24983153
stage b2=325 vs b1={224}: values [451319078493495285511016845703125, 800704476782743824084831595134976), 912265442953983 candidates (MITM path)
  MITM b1=224: s=4 t=3 j=3 je=3 Q=11239424 table=34328125 yh=26574870
stage b2=326 vs b1={225}: values [469708912601137116299541423742976, 852226929923929274082183837890625), 977526851057683 candidates (MITM path)
  MITM b1=225: s=4 t=3 j=3 je=3 Q=11390625 table=34645976 yh=28214730
stage b2=327 vs b1={226}: values [488788280664623015683331165008167, 906813857240639864200242192203776), 1045607250148394 candidates (MITM path)
  MITM b1=226: s=4 t=3 j=3 je=3 Q=11543176 table=34965783 yh=29903728
stage b2=328 vs b1={227}: values [508580808943504054749179095810048, 964632746105380745721862822346809), 1116599422317042 candidates (MITM path)
  MITM b1=227: s=4 t=3 j=3 je=3 Q=11697083 table=35287552 yh=31642871
stage b2=329 vs b1={228}: values [529110857358941125064944829442089, 1025859437174637223709847054188544), 1190598547816511 candidates (MITM path)
  MITM b1=228: s=4 t=3 j=3 je=3 Q=11852352 table=35611289 yh=33433178
stage b2=330 vs b1={229}: values [550403539934485037130000000000000, 1090678501427765328462322842832681), 1267702252249929 candidates (MITM path)
  MITM b1=229: s=4 t=3 j=3 je=3 Q=12008989 table=35937000 yh=35275684
stage b2=331 vs b1={230}: values [572484745741528457369486524730491, 1159283632453874980900000000000000), 1348010654404856 candidates (MITM path)
  MITM b1=230: s=4 t=3 j=3 je=3 Q=12167000 table=36264691 yh=37171437
stage b2=332 vs b1={231}: values [595381160360298826030671705669632, 1231878054532401295881577517615121), 1431626414738249 candidates (MITM path)
  MITM b1=231: s=4 t=3 j=3 je=3 Q=12326391 table=36594368 yh=39121496
stage b2=333 vs b1={232}: values [619120287867461433025357023191613, 1308674947070072080696567108993024), 1518654784517051 candidates (MITM path)
  MITM b1=232: s=4 t=3 j=3 je=3 Q=12487168 table=36926037 yh=41126937
stage b2=334 vs b1={233}: values [643730473361604921949842267234304, 1389897885974444705448234373058929), 1609203655619279 candidates (MITM path)
  MITM b1=233: s=4 t=3 j=3 je=3 Q=12649337 table=37259704 yh=43188848
stage b2=335 vs b1={234}: values [669240926038087681500960693359375, 1475781302562113238057324097191936), 1703383611000467 candidates (MITM path)
  MITM b1=234: s=4 t=3 j=3 je=3 Q=12812904 table=37595375 yh=45308329
stage b2=336 vs b1={235}: values [695681742824932905930873850822656, 1566570960618087215175592041015625), 1801307975830336 candidates (MITM path)
  MITM b1=235: s=4 t=3 j=3 je=3 Q=12977875 table=37933056 yh=47486498
stage b2=337 vs b1={236}: values [723083932591672600024489796161297, 1662524452241727005330470932054016), 1903092869304571 candidates (MITM path)
  MITM b1=236: s=4 t=3 j=3 je=3 Q=13144256 table=38272753 yh=49724484
stage b2=338 vs b1={237}: values [751479440943256507665609654345728, 1763911713133997936335712142251289), 2008857257136569 candidates (MITM path)
  MITM b1=237: s=4 t=3 j=3 je=3 Q=13312053 table=38614472 yh=52023430
stage b2=339 vs b1={238}: values [780901175611360895051573482331619, 1871015558000686912224711093796864), 2118723004734040 candidates (MITM path)
  MITM b1=238: s=4 t=3 j=3 je=3 Q=13481272 table=38958219 yh=54384494
stage b2=340 vs b1={239}: values [811383032455654359040000000000000, 1984132236766622027506928774262241), 2232814931065354 candidates (MITM path)
  MITM b1=239: s=4 t=3 j=3 je=3 Q=13651919 table=39304000 yh=56808848
stage b2=341 vs b1={240}: values [842959922087803397334389217165221, 2103572012316858777600000000000000), 2351260863220487 candidates (MITM path)
  MITM b1=240: s=4 t=3 j=3 je=3 Q=13824000 table=39651821 yh=59297677
stage b2=342 vs b1={241}: values [875667797131229409959628180774912, 2229659760502257132817812847740961), 2474191691671494 candidates (MITM path)
  MITM b1=241: s=4 t=3 j=3 je=3 Q=13997521 table=40001688 yh=61852183
stage b2=343 vs b1={242}: values [909543680129861140820205019889143, 2362735593168883450473284633903104), 2601741426237361 candidates (MITM path)
  MITM b1=242: s=4 t=3 j=3 je=3 Q=14172488 table=40353607 yh=64473578
stage b2=344 vs b1={243}: values [944625692119362354506348084854784, 2503155504993241601315571986085849), 2734047252758148 candidates (MITM path)
  MITM b1=243: s=4 t=3 j=3 je=3 Q=14348907 table=40707584 yh=67163094
stage b2=345 vs b1={244}: values [980953081874553817708385009765625, 2651292044928480635622559471108096), 2871249590483315 candidates (MITM path)
  MITM b1=244: s=4 t=3 j=3 je=3 Q=14526784 table=41063625 yh=69921971
stage b2=346 vs b1={245}: values [1018566255846991457770364750503936, 2807535013090453863383795166015625), 3013492150179117 candidates (MITM path)
  MITM b1=245: s=4 t=3 j=3 je=3 Q=14706125 table=41421736 yh=72751470
stage b2=347 vs b1={246}: values [1057506808806908944576515283377227, 2972292183936828626836081803411456), 3160921992959985 candidates (MITM path)
  MITM b1=246: s=4 t=3 j=3 je=3 Q=14886936 table=41781923 yh=75652861
stage b2=348 vs b1={247}: values [1097817555203982927999768993988608, 3145990056617379761511309839089969), 3313689589848775 candidates (MITM path)
  MITM b1=247: s=4 t=3 j=3 je=3 Q=15069223 table=42144192 yh=78627432
stage b2=349 vs b1={248}: values [1139542561261632803799098096449549, 3329074633399155440492375267344384), 3471948882070807 candidates (MITM path)
  MITM b1=248: s=4 t=3 j=3 je=3 Q=15252992 table=42508549 yh=81676486
stage b2=350 vs b1={249}: values [1182727177819824218750000000000000, 3522012227096394652101560724434001), 3635857342086583 candidates (MITM path)
  MITM b1=249: s=4 t=3 j=3 je=3 Q=15438249 table=42875000 yh=84801338
stage b2=351 vs b1={250}: values [1227418073941606603920057053059551, 3725290298461914062500000000000000), 3805576035368109 candidates (MITM path)
  MITM b1=250: s=4 t=3 j=3 je=3 Q=15625000 table=43243551 yh=88003320
stage b2=352 vs b1={251}: values [1273663271298879886722784131284992, 3939418324524181765386728349441001), 3981269682923721 candidates (MITM path)
  MITM b1=251: s=4 t=3 j=3 je=3 Q=15813251 table=43614208 yh=91283779
stage b2=353 vs b1={252}: values [1321512179353154221437667378235873, 4164928698882469942515671324688384), 4163106724576330 candidates (MITM path)
  MITM b1=252: s=4 t=3 j=3 je=3 Q=16003008 table=43986977 yh=94644075
stage b2=354 vs b1={253}: values [1371015631347339138390230034161664, 4402377665001341492756836874350969), 4351259383000007 candidates (MITM path)
  MITM b1=253: s=4 t=3 j=3 je=3 Q=16194277 table=44361864 yh=98085586

*** MATCH: 2747771281881316199155842937965380 is an 14-digit palindrome in bases 253 and 354
stage b2=355 vs b1={254}: values [1422225921124874988441297607421875, 4652346283575291198546759565459456), 4545903728519810 candidates (MITM path)
  MITM b1=254: s=4 t=3 j=3 je=3 Q=16387064 table=44738875 yh=101609702
stage b2=356 vs b1={255}: values [1475196840792799996720033946402816, 4915441435064644177113043212890625), 4747219744679800 candidates (MITM path)
  MITM b1=255: s=4 t=3 j=3 je=3 Q=16581375 table=45118016 yh=105217831
stage b2=357 vs b1={256}: values [1529983719245630682916125419139957, 5192296858534827628530496329220096), 4955391394584131 candidates (MITM path)
  MITM b1=256: s=4 t=3 j=3 je=3 Q=16777216 table=45499293 yh=108911394
stage b2=358 vs b1={257}: values [1586643461567221900574921745522688, 5483574227962890893331590433934849), 5170606688016176 candidates (MITM path)
  MITM b1=257: s=4 t=3 j=3 je=3 Q=16974593 table=45882712 yh=112691828
stage b2=359 vs b1={258}: values [1645234589328065340756692514311879, 5789964267207668452827559331119104), 5393057749340575 candidates (MITM path)
  MITM b1=258: s=4 t=3 j=3 je=3 Q=17173512 table=46268279 yh=116560587
stage b2=360 vs b1={259}: values [1705817281795782082560000000000000, 6112187904873275865980332271043961), 5622940886193172 candidates (MITM path)
  MITM b1=259: s=4 t=3 j=3 je=3 Q=17373979 table=46656000 yh=120519138
stage b2=361 vs b1={260}: values [1768453418076865701195582595329481, 6450997470329715097600000000000000), 5860456658963737 candidates (MITM path)
  MITM b1=260: s=4 t=3 j=3 je=3 Q=17576000 table=47045881 yh=124568965
stage b2=362 vs b1={261}: values [1833206620208037610752855912783872, 6807177932189258856180832656779241), 6105809951076423 candidates (MITM path)
  MITM b1=261: s=4 t=3 j=3 je=3 Q=17779581 table=47437928 yh=128711565
stage b2=363 vs b1={262}: values [1900142297215885771145866243915803, 7181548180572999273393724747300864), 6359210040072882 candidates (MITM path)
  MITM b1=262: s=4 t=3 j=3 je=3 Q=17984728 table=47832147 yh=132948455
stage b2=364 vs b1={263}: values [1969327690163771674979127676370944, 7574962354538500616775660413022289), 6620870669502987 candidates (MITM path)
  MITM b1=263: s=4 t=3 j=3 je=3 Q=18191447 table=48228544 yh=137281165
stage b2=365 vs b1={264}: values [2040831918205308698658487548828125, 7988311216076905079138811711062016), 6891010121628076 candidates (MITM path)
  MITM b1=264: s=4 t=3 j=3 je=3 Q=18399744 table=48627125 yh=141711239
stage b2=366 vs b1={265}: values [2114726025664037501814878311735296, 8422523572126121633218804931640625), 7169851290941673 candidates (MITM path)
  MITM b1=265: s=4 t=3 j=3 je=3 Q=18609625 table=49027896 yh=146240241
stage b2=367 vs b1={266}: values [2191083030159251239243293893133487, 8878567746085897335509947690663936), 7457621758512624 candidates (MITM path)
  MITM b1=266: s=4 t=3 j=3 je=3 Q=18821096 table=49430863 yh=150869747
stage b2=368 vs b1={267}: values [2269977971798254959728479560531968, 9357453100360645426341446339617929), 7754553867155582 candidates (MITM path)
  MITM b1=267: s=4 t=3 j=3 je=3 Q=19034163 table=49836032 yh=155601351
stage b2=369 vs b1={268}: values [2351487963455679756386948226834609, 9860231611496902484101890807169024), 8060884797433784 candidates (MITM path)
  MITM b1=268: s=4 t=3 j=3 je=3 Q=19248832 table=50243409 yh=160436662
stage b2=370 vs b1={269}: values [2435692242160813053970000000000000, 10387999499524225396026023192028121), 8376856644499080 candidates (MITM path)
  MITM b1=269: s=4 t=3 j=3 je=3 Q=19465109 table=50653000 yh=165377306
stage b2=371 vs b1={270}: values [2522672221614251920828329838491011, 10941898913151235920900000000000000), 8702716495774138 candidates (MITM path)
  MITM b1=270: s=4 t=3 j=3 je=3 Q=19683000 table=51064811 yh=170424924
stage b2=372 vs b1={271}: values [2612511545855536528237681340055552, 11523119672512394327137541804059681), 9038716509481793 candidates (MITM path)
  MITM b1=271: s=4 t=3 j=3 je=3 Q=19902511 table=51478848 yh=175581173
stage b2=373 vs b1={272}: values [2705296144103775899249465745412933, 12132901071205952454668884633452544), 9385113994026474 candidates (MITM path)
  MITM b1=272: s=4 t=3 j=3 je=3 Q=20123648 table=51895117 yh=180847728
done: 908.60s, 2321314168 candidates tested
