A171740 search: n=14, threads=1, limit=none
stage b2=257 vs b1={173}: values [21336864700244711647204632038657, 21510249299503115502230603251609), 2341416398546 candidates (MITM path)
  MITM b1=173: s=4 t=3 j=3 je=3 Q=5177717 table=16974593 yh=137937
stage b2=258 vs b1={174}: values [22441721965921195553595191205888, 23317902173522098324213843378176), 11514776074645 candidates (MITM path)
  MITM b1=174: s=4 t=3 j=3 je=3 Q=5268024 table=17173512 yh=670497
stage b2=259 vs b1={175}: values [23599181099896818015368078266579, 25265778334774076938629150390625), 21317305461360 candidates (MITM path)
  MITM b1=175: s=4 t=3 j=3 je=3 Q=5359375 table=17373979 yh=1226968
stage b2=260 vs b1={176}: values [24811528732037365760000000000000, 27363859344311872566309815320576), 31777775574194 candidates (MITM path)
  MITM b1=176: s=4 t=3 j=3 je=3 Q=5451776 table=17576000 yh=1808021
stage b2=261 vs b1={177}: values [26081141502640838529428477612181, 29622774261288943786019374517409), 42925955861032 candidates (MITM path)
  MITM b1=177: s=4 t=3 j=3 je=3 Q=5545233 table=17779581 yh=2414341
stage b2=262 vs b1={178}: values [27410489238828241501502766211072, 32053837605116992116231206354944), 54792640320761 candidates (MITM path)
  MITM b1=178: s=4 t=3 j=3 je=3 Q=5639752 table=17984728 yh=3046621
stage b2=263 vs b1={179}: values [28802138230184412991542435030503, 34669089309147060571644408257881), 67409674097212 candidates (MITM path)
  MITM b1=179: s=4 t=3 j=3 je=3 Q=5735339 table=18191447 yh=3705570
stage b2=264 vs b1={180}: values [30258754606351913178556104966144, 37481336758208102400000000000000), 80809980553217 candidates (MITM path)
  MITM b1=180: s=4 t=3 j=3 je=3 Q=5832000 table=18399744 yh=4391908
stage b2=265 vs b1={181}: values [31783107819343855219693603515625, 40504199006061377874300161158921), 95027588829603 candidates (MITM path)
  MITM b1=181: s=4 t=3 j=3 je=3 Q=5929741 table=18609625 yh=5106368
stage b2=266 vs b1={182}: values [33378074233405629080864465002496, 43752153272681450786889799450624), 110097661893916 candidates (MITM path)
  MITM b1=182: s=4 t=3 j=3 je=3 Q=6028568 table=18821096 yh=5849695
stage b2=267 vs b1={183}: values [35046640825320769387046615504187, 47240583825258650248061856817329), 126056525083692 candidates (MITM path)
  MITM b1=183: s=4 t=3 j=3 je=3 Q=6128487 table=19034163 yh=6622647
stage b2=268 vs b1={184}: values [36791908998122770463066756743168, 50985833350937367259526396379136), 142941695149105 candidates (MITM path)
  MITM b1=184: s=4 t=3 j=3 je=3 Q=6229504 table=19248832 yh=7425994
stage b2=269 vs b1={185}: values [38617098511242473591174807405309, 55005256933563283079156494140625), 160791909799798 candidates (MITM path)
  MITM b1=185: s=4 t=3 j=3 je=3 Q=6331625 table=19465109 yh=8260520
stage b2=270 vs b1={186}: values [40525551530189762670000000000000, 59317278751114476837427823394816), 179647157760747 candidates (MITM path)
  MITM b1=186: s=4 t=3 j=3 je=3 Q=6434856 table=19683000 yh=9127022
stage b2=271 vs b1={187}: values [42520736798938724454382073077711, 63941451615040319308126414230889), 199548709341968 candidates (MITM path)
  MITM b1=187: s=4 t=3 j=3 je=3 Q=6539203 table=19902511 yh=10026309
stage b2=272 vs b1={188}: values [44606253938257178142165017034752, 68898519477432202601009998987264), 220539147526925 candidates (MITM path)
  MITM b1=188: s=4 t=3 j=3 je=3 Q=6644672 table=20123648 yh=10959204

*** MATCH: 59129554144322684962791535158657 is an 14-digit palindrome in bases 188 and 272
stage b2=273 vs b1={189}: values [46785837873294576230164584135633, 74210483036805646041349463016441), 242662399584463 candidates (MITM path)
  MITM b1=189: s=4 t=3 j=3 je=3 Q=6751269 table=20346417 yh=11926543
stage b2=274 vs b1={190}: values [49063363393816744489478641229824, 79900668578288412100000000000000), 265963769209130 candidates (MITM path)
  MITM b1=190: s=4 t=3 j=3 je=3 Q=6859000 table=20570824 yh=12929175
stage b2=275 vs b1={191}: values [51442849850551784038543701171875, 85993800189188311159265455973761), 290489969194719 candidates (MITM path)
  MITM b1=191: s=4 t=3 j=3 je=3 Q=6967871 table=20796875 yh=13967963
stage b2=276 vs b1={192}: values [53928465991188723477113078808576, 92516075496261812625843582664704), 316289154645900 candidates (MITM path)
  MITM b1=192: s=4 t=3 j=3 je=3 Q=7077888 table=21024576 yh=15043783
stage b2=277 vs b1={193}: values [56524534939649204771410253244517, 99495245076524950698517189573249), 343410956732793 candidates (MITM path)
  MITM b1=193: s=4 t=3 j=3 je=3 Q=7189057 table=21253933 yh=16157526
done: 39.46s, 92075733 candidates tested
