A171740 search: n=14, threads=1, limit=none
stage b2=79 vs b1={58}: values [4668229371502258117133839, 4875194084160298409672704), 10777217952 candidates (MITM path)
  MITM b1=58: s=4 t=3 j=3 je=3 Q=195112 table=493039 yh=21859
stage b2=80 vs b1={59}: values [5497558138880000000000000, 6193386212891813387462761), 33179668141 candidates (MITM path)
  MITM b1=59: s=4 t=3 j=3 je=3 Q=205379 table=512000 yh=64805
stage b2=81 vs b1={60}: values [6461081889226673298932241, 7836416409600000000000000), 60119202598 candidates (MITM path)
  MITM b1=60: s=4 t=3 j=3 je=3 Q=216000 table=531441 yh=113125
stage b2=82 vs b1={61}: values [7578444614164591651397632, 9876832533361318095112441), 92199032458 candidates (MITM path)
  MITM b1=61: s=4 t=3 j=3 je=3 Q=226981 table=551368 yh=167219
stage b2=83 vs b1={62}: values [8871870642308873326043363, 12401769434657526912139264), 130081521210 candidates (MITM path)
  MITM b1=62: s=4 t=3 j=3 je=3 Q=238328 table=571787 yh=227500
stage b2=84 vs b1={63}: values [10366465789451195388002304, 15515568475732467854453889), 174492413810 candidates (MITM path)
  MITM b1=63: s=4 t=3 j=3 je=3 Q=250047 table=592704 yh=294401
stage b2=85 vs b1={64}: values [12090549356574630126953125, 19342813113834066795298816), 226225267568 candidates (MITM path)
  MITM b1=64: s=4 t=3 j=3 je=3 Q=262144 table=614125 yh=368371
stage b2=86 vs b1={65}: values [14076019706120526112710656, 24031838291621636962890625), 286146089786 candidates (MITM path)
  MITM b1=65: s=4 t=3 j=3 je=3 Q=274625 table=636056 yh=449876
stage b2=87 vs b1={66}: values [16358756351530297517773047, 29758778274345789399515136), 355198187134 candidates (MITM path)
  MITM b1=66: s=4 t=3 j=3 je=3 Q=287496 table=658503 yh=539403
stage b2=88 vs b1={67}: values [18979061712307928304713728, 36732225162896895721934329), 434407231758 candidates (MITM path)
  MITM b1=67: s=4 t=3 j=3 je=3 Q=300763 table=681472 yh=637455
stage b2=89 vs b1={68}: values [21982145917308330487013369, 45198578652761699462938624), 524886549102 candidates (MITM path)
  MITM b1=68: s=4 t=3 j=3 je=3 Q=314432 table=704969 yh=744553
stage b2=90 vs b1={69}: values [25418658283290000000000000, 55448176762342779635202921), 627842632454 candidates (MITM path)
  MITM b1=69: s=4 t=3 j=3 je=3 Q=328509 table=729000 yh=861239
stage b2=91 vs b1={70}: values [29345269354638035222576971, 67822307284900000000000000), 744580889211 candidates (MITM path)
  MITM b1=70: s=4 t=3 j=3 je=3 Q=343000 table=753571 yh=988070
stage b2=92 vs b1={71}: values [33825307664249166246182912, 82721210695570328927708881), 876511623858 candidates (MITM path)
  MITM b1=71: s=4 t=3 j=3 je=3 Q=357911 table=778688 yh=1125627
stage b2=93 vs b1={72}: values [38929455665581472638810893, 100613197241791537106386944), 1025156262678 candidates (MITM path)
  MITM b1=72: s=4 t=3 j=3 je=3 Q=373248 table=804357 yh=1274505
stage b2=94 vs b1={73}: values [44736509592539817388662784, 122045014039746588673695409), 1192153825199 candidates (MITM path)
  MITM b1=73: s=4 t=3 j=3 je=3 Q=389017 table=830584 yh=1435320
stage b2=95 vs b1={74}: values [51334208327950511474609375, 147653612273582215982104576), 1379267647374 candidates (MITM path)
  MITM b1=74: s=4 t=3 j=3 je=3 Q=405224 table=857375 yh=1608710
stage b2=96 vs b1={75}: values [58820136703657666922151936, 178179480135440826416015625), 1588392361530 candidates (MITM path)
  MITM b1=75: s=4 t=3 j=3 je=3 Q=421875 table=884736 yh=1795330
stage b2=97 vs b1={76}: values [67302709016557486028618977, 214481724045177216015794176), 1821561138077 candidates (MITM path)
  MITM b1=76: s=4 t=3 j=3 je=3 Q=438976 table=912673 yh=1995853
stage b2=98 vs b1={77}: values [76902238926010403271876608, 257555099046722087448523609), 2080953194006 candidates (MITM path)
  MITM b1=77: s=4 t=3 j=3 je=3 Q=456533 table=941192 yh=2210977
stage b2=99 vs b1={78}: values [87752102299896798785221299, 308549209196654470906527744), 2368901573185 candidates (MITM path)
  MITM b1=78: s=4 t=3 j=3 je=3 Q=474552 table=970299 yh=2441415
stage b2=100 vs b1={79}: values [100000000000000000000000000, 368790120348678391253573281), 2687901203487 candidates (MITM path)
  MITM b1=79: s=4 t=3 j=3 je=3 Q=493039 table=1000000 yh=2687902
stage b2=101 vs b1={80}: values [113809328043328941786781301, 439804651110400000000000000), 3040617235748 candidates (MITM path)
  MITM b1=80: s=4 t=3 j=3 je=3 Q=512000 table=1030301 yh=2951194
stage b2=102 vs b1={81}: values [129360663045379622466772992, 523347633027360537213511521), 3429893669591 candidates (MITM path)
  MITM b1=81: s=4 t=3 j=3 je=3 Q=531441 table=1061208 yh=3232066
stage b2=103 vs b1={82}: values [146853371345156431381127623, 621432458361496515414605824), 3858762271141 candidates (MITM path)
  MITM b1=82: s=4 t=3 j=3 je=3 Q=551368 table=1092727 yh=3531315

*** MATCH: 277261635958174852736428872 is an 14-digit palindrome in bases 82 and 103
stage b2=104 vs b1={83}: values [166507350731038802170609664, 736365263311636486061599129), 4330451787642 candidates (MITM path)
  MITM b1=83: s=4 t=3 j=3 je=3 Q=571787 table=1124864 yh=3849756
stage b2=105 vs b1={84}: values [188564914232323560791015625, 870783126313900412592193536), 4848397464012 candidates (MITM path)
  MITM b1=84: s=4 t=3 j=3 je=3 Q=592704 table=1157625 yh=4188229
stage b2=106 vs b1={85}: values [213292826014568334917410816, 1027696695308843560791015625), 5416250866358 candidates (MITM path)
  MITM b1=85: s=4 t=3 j=3 je=3 Q=614125 table=1191016 yh=4547589
stage b2=107 vs b1={86}: values [240984500018808097135911707, 1210537694726365245693116416), 6037890017476 candidates (MITM path)
  MITM b1=86: s=4 t=3 j=3 je=4 Q=636056 table=1225043 yh=4928717
stage b2=108 vs b1={87}: values [271962372616449667721330688, 1423211802583135884046255089), 6717429849366 candidates (MITM path)
  MITM b1=87: s=4 t=3 j=3 je=4 Q=658503 table=1259712 yh=5332513
done: 5.61s, 31066033 candidates tested
