A171740 search: n=14, threads=1, limit=none
stage b2=485 vs b1={312}: values [82156627217477399937279024658203125, 82825547669143336572232508337291264), 105969846224190 candidates (MITM path)
  MITM b1=312: s=4 t=3 j=3 je=3 Q=30371328 table=114084125 yh=928875
stage b2=486 vs b1={313}: values [84386213567508786822951299218169856, 86620507852136986313803229728551889), 348888367611234 candidates (MITM path)
  MITM b1=313: s=4 t=3 j=3 je=3 Q=30664297 table=114791256 yh=3039329
stage b2=487 vs b1={314}: values [86671536510118625452078408718034247, 90576403663507494251037011559202816), 601040220179124 candidates (MITM path)
  MITM b1=314: s=4 t=3 j=3 je=3 Q=30959144 table=115501303 yh=5203753
stage b2=488 vs b1={315}: values [89013870623172595766475439292284928, 94699514622390550869469537353515625), 862662479432863 candidates (MITM path)
  MITM b1=315: s=4 t=3 j=3 je=3 Q=31255875 table=116214272 yh=7423034
stage b2=489 vs b1={316}: values [91414516926877774739994358072042569, 98996344124092362953499355314651136), 1133996901813994 candidates (MITM path)
  MITM b1=316: s=4 t=3 j=3 je=3 Q=31554496 table=116930169 yh=9698070
stage b2=490 vs b1={317}: values [93874803376477543056490000000000000, 103473626672732616363732850530926329), 1415289995360002 candidates (MITM path)
  MITM b1=317: s=4 t=3 j=3 je=3 Q=31855013 table=117649000 yh=12029767
stage b2=491 vs b1={318}: values [96396085363089927687061485995798171, 108138335323507832794908910278426624), 1706793091119209 candidates (MITM path)
  MITM b1=318: s=4 t=3 j=3 je=3 Q=32157432 table=118370771 yh=14419042
stage b2=492 vs b1={319}: values [98979746222806911020492610298970112, 112997689339958150582465303553121921), 2008762415325812 candidates (MITM path)
  MITM b1=319: s=4 t=3 j=3 je=3 Q=32461759 table=119095488 yh=16866823
stage b2=493 vs b1={320}: values [101627197754173688160928089239296093, 118059162071741130342400000000000000), 2321459162339708 candidates (MITM path)
  MITM b1=320: s=4 t=3 j=3 je=3 Q=32768000 table=119823157 yh=19374045
stage b2=494 vs b1={321}: values [104339880744168319863565385432489984, 123330489058539064373855829501034881), 2645149568355734 candidates (MITM path)
  MITM b1=321: s=4 t=3 j=3 je=3 Q=33076161 table=120553784 yh=21941656
stage b2=495 vs b1={322}: values [107119265502803709454615843505859375, 128819676365851491009049261438418944), 2980104985886994 candidates (MITM path)
  MITM b1=322: s=4 t=3 j=3 je=3 Q=33386248 table=121287375 yh=24570612
stage b2=496 vs b1={323}: values [109966852406475328098844912056795136, 134535009158552218608057415586748409), 3326601959026896 candidates (MITM path)
  MITM b1=323: s=4 t=3 j=3 je=3 Q=33698267 table=122023936 yh=27261881
stage b2=497 vs b1={324}: values [112884172450179624060242238336272177, 140485060518220186283313934500888576), 3684922299494586 candidates (MITM path)
  MITM b1=324: s=4 t=3 j=3 je=3 Q=34012224 table=122763473 yh=30016440
stage b2=498 vs b1={325}: values [115872787808729578273156568090615808, 146678700510385967791080474853515625), 4055353163468421 candidates (MITM path)
  MITM b1=325: s=4 t=3 j=3 je=3 Q=34328125 table=123505992 yh=32835275
stage b2=499 vs b1={326}: values [118934292407095410727674098230506499, 153125105507970699913650504140210176), 4438187129212146 candidates (MITM path)
  MITM b1=326: s=4 t=3 j=3 je=3 Q=34645976 table=124251499 yh=35719385
stage b2=500 vs b1={327}: values [122070312500000000000000000000000000, 159833767777331726128449290957670609), 4833722275498461 candidates (MITM path)
  MITM b1=327: s=4 t=3 j=3 je=3 Q=34965783 table=125000000 yh=38669779
stage b2=501 vs b1={328}: values [125282507260900151852763473269506501, 166814505333469329957730743425695744), 5242262260834635 candidates (MITM path)
  MITM b1=328: s=4 t=3 j=3 je=3 Q=35287552 table=125751501 yh=41687473
stage b2=502 vs b1={329}: values [128572569380486442318916647962632192, 174077472071091630146366848886447281), 5664116403494844 candidates (MITM path)
  MITM b1=329: s=4 t=3 j=3 je=3 Q=35611289 table=126506008 yh=44773498
stage b2=503 vs b1={330}: values [131942225674835966194417272072460823, 181633168178380062252900000000000000), 6099599762363930 candidates (MITM path)
  MITM b1=330: s=4 t=3 j=3 je=3 Q=35937000 table=127263527 yh=47928892
stage b2=504 vs b1={331}: values [135393237703353943528128490047012864, 189492450840445919389300039685792521), 6549033218597249 candidates (MITM path)
  MITM b1=331: s=4 t=3 j=3 je=3 Q=36264691 table=128024064 yh=51154705
stage b2=505 vs b1={332}: values [138927402396641774642067017822265625, 197666545239619210242183006282317824), 7012743558101308 candidates (MITM path)
  MITM b1=332: s=4 t=3 j=3 je=3 Q=36594368 table=128787625 yh=54451999
stage b2=506 vs b1={333}: values [142546552694430788571794496737878016, 206167055859864657197443888722807129), 7491063554839879 candidates (MITM path)
  MITM b1=333: s=4 t=3 j=3 je=3 Q=36926037 table=129554216 yh=57821844
stage b2=507 vs b1={334}: values [146252558193722600716669650994316907, 215005978102776043931247317256257536), 7984332054970285 candidates (MITM path)
  MITM b1=334: s=4 t=3 j=3 je=3 Q=37259704 table=130323843 yh=61265321
stage b2=508 vs b1={335}: values [150047325807278683064941158898597888, 224195710222759373302821832275390625), 8492894061814565 candidates (MITM path)
  MITM b1=335: s=4 t=3 j=3 je=3 Q=37595375 table=131096512 yh=64783525
stage b2=509 vs b1={336}: values [153932800432603454742132269478454829, 233749065589177456392773613876412416), 9017100821670217 candidates (MITM path)
  MITM b1=336: s=4 t=3 j=3 je=3 Q=37933056 table=131872229 yh=68377557
stage b2=510 vs b1={337}: values [157910965631566921956510000000000000, 243679285283393666208253061306357089), 9557309910465222 candidates (MITM path)
  MITM b1=337: s=4 t=3 j=3 je=3 Q=38272753 table=132651000 yh=72048533
stage b2=511 vs b1={338}: values [161983844320814634817101682325330431, 254000051038820699590976063168856064), 10113885321262077 candidates (MITM path)
  MITM b1=338: s=4 t=3 j=3 je=3 Q=38614472 table=133432831 yh=75797578

*** MATCH: 197447848358577854862356441296200192 is an 14-digit palindrome in bases 338 and 511
stage b2=512 vs b1={339}: values [166153499473114484112975882535043072, 264725498532251343422483410510418841), 10687197552615529 candidates (MITM path)
  MITM b1=339: s=4 t=3 j=3 je=3 Q=38958219 table=134217728 yh=79625827
stage b2=513 vs b1={340}: values [170422034829791634103401401374218753, 275870231034922482073600000000000000), 11277623697788745 candidates (MITM path)
  MITM b1=340: s=4 t=3 j=3 je=3 Q=39304000 table=135005697 yh=83534429
stage b2=514 vs b1={341}: values [174791595624404677813900345660678144, 287449333431940958491026723053340361), 11885547534832638 candidates (MITM path)
  MITM b1=341: s=4 t=3 j=3 je=3 Q=39651821 table=135796744 yh=87524540
stage b2=515 vs b1={342}: values [179264369317817909400790555419921875, 299478386618880458206192837825019904), 12511359617533059 candidates (MITM path)
  MITM b1=342: s=4 t=3 j=3 je=3 Q=40001688 table=136590875 yh=91597332
stage b2=516 vs b1={343}: values [183842586344826433975051806358634496, 311973482284542371301330321821976049), 13155457367230612 candidates (MITM path)
  MITM b1=343: s=4 t=3 j=3 je=3 Q=40353607 table=137388096 yh=95753983
stage b2=517 vs b1={344}: values [188528520872492679004546608119852437, 324951238089060649950183741190045696), 13818245165517789 candidates (MITM path)
  MITM b1=344: s=4 t=3 j=3 je=3 Q=40707584 table=138188413 yh=99995687
stage b2=518 vs b1={345}: values [193324491570354733181895297159815168, 338428813246721067109392828369140625), 14500134447818194 candidates (MITM path)
  MITM b1=345: s=4 t=3 j=3 je=3 Q=41063625 table=138991832 yh=104323645
done: 738.39s, 991319468 candidates tested
