A171740 search: n=14, threads=1, limit=none
stage b2=490 vs b1={315}: values [93874803376477543056490000000000000, 94699514622390550869469537353515625), 121598818873658 candidates (MITM path)
  MITM b1=315: s=4 t=3 j=3 je=3 Q=31255875 table=117649000 yh=1033573
stage b2=491 vs b1={316}: values [96396085363089927687061485995798171, 98996344124092362953499355314651136), 377960246406065 candidates (MITM path)
  MITM b1=316: s=4 t=3 j=3 je=3 Q=31554496 table=118370771 yh=3193021
stage b2=492 vs b1={317}: values [98979746222806911020492610298970112, 103473626672732616363732850530926329), 643970236669981 candidates (MITM path)
  MITM b1=317: s=4 t=3 j=3 je=3 Q=31855013 table=119095488 yh=5407176
stage b2=493 vs b1={318}: values [101627197754173688160928089239296093, 108138335323507832794908910278426624), 919874196137659 candidates (MITM path)
  MITM b1=318: s=4 t=3 j=3 je=3 Q=32157432 table=119823157 yh=7676932
stage b2=494 vs b1={319}: values [104339880744168319863565385432489984, 112997689339958150582465303553121921), 1205922332289379 candidates (MITM path)
  MITM b1=319: s=4 t=3 j=3 je=3 Q=32461759 table=120553784 yh=10003190
stage b2=495 vs b1={320}: values [107119265502803709454615843505859375, 118059162071741130342400000000000000), 1502369725436596 candidates (MITM path)
  MITM b1=320: s=4 t=3 j=3 je=3 Q=32768000 table=121287375 yh=12386860
stage b2=496 vs b1={321}: values [109966852406475328098844912056795136, 123330489058539064373855829501034881), 1809476401306369 candidates (MITM path)
  MITM b1=321: s=4 t=3 j=3 je=3 Q=33076161 table=122023936 yh=14828865
stage b2=497 vs b1={322}: values [112884172450179624060242238336272177, 128819676365851491009049261438418944), 2127507404391691 candidates (MITM path)
  MITM b1=322: s=4 t=3 j=3 je=3 Q=33386248 table=122763473 yh=17330134
stage b2=498 vs b1={323}: values [115872787808729578273156568090615808, 134535009158552218608057415586748409), 2456732872072375 candidates (MITM path)
  MITM b1=323: s=4 t=3 j=3 je=3 Q=33698267 table=123505992 yh=19891609
stage b2=499 vs b1={324}: values [118934292407095410727674098230506499, 140485060518220186283313934500888576), 2797428109511118 candidates (MITM path)
  MITM b1=324: s=4 t=3 j=3 je=3 Q=34012224 table=124251499 yh=22514241
stage b2=500 vs b1={325}: values [122070312500000000000000000000000000, 146678700510385967791080474853515625), 3149873665329404 candidates (MITM path)
  MITM b1=325: s=4 t=3 j=3 je=3 Q=34328125 table=125000000 yh=25198990
stage b2=501 vs b1={326}: values [125282507260900151852763473269506501, 153125105507970699913650504140210176), 3514355408067886 candidates (MITM path)
  MITM b1=326: s=4 t=3 j=3 je=3 Q=34645976 table=125751501 yh=27946827
stage b2=502 vs b1={327}: values [128572569380486442318916647962632192, 159833767777331726128449290957670609), 3891164603435903 candidates (MITM path)
  MITM b1=327: s=4 t=3 j=3 je=3 Q=34965783 table=126506008 yh=30758734
stage b2=503 vs b1={328}: values [131942225674835966194417272072460823, 166814505333469329957730743425695744), 4280597992354798 candidates (MITM path)
  MITM b1=328: s=4 t=3 j=3 je=3 Q=35287552 table=127263527 yh=33635702
stage b2=504 vs b1={329}: values [135393237703353943528128490047012864, 174077472071091630146366848886447281), 4682957869799687 candidates (MITM path)
  MITM b1=329: s=4 t=3 j=3 je=3 Q=35611289 table=128024064 yh=36578732
stage b2=505 vs b1={330}: values [138927402396641774642067017822265625, 181633168178380062252900000000000000), 5098552164444350 candidates (MITM path)
  MITM b1=330: s=4 t=3 j=3 je=3 Q=35937000 table=128787625 yh=39588836
stage b2=506 vs b1={331}: values [142546552694430788571794496737878016, 189492450840445919389300039685792521), 5527694519113926 candidates (MITM path)
  MITM b1=331: s=4 t=3 j=3 je=3 Q=36264691 table=129554216 yh=42667037
stage b2=507 vs b1={332}: values [146252558193722600716669650994316907, 197666545239619210242183006282317824), 5970704372050064 candidates (MITM path)
  MITM b1=332: s=4 t=3 j=3 je=3 Q=36594368 table=130323843 yh=45814367
stage b2=508 vs b1={333}: values [150047325807278683064941158898597888, 206167055859864657197443888722807129), 6427907038993224 candidates (MITM path)
  MITM b1=333: s=4 t=3 j=3 je=3 Q=36926037 table=131096512 yh=49031870
stage b2=509 vs b1={334}: values [153932800432603454742132269478454829, 215005978102776043931247317256257536), 6899633796086814 candidates (MITM path)
  MITM b1=334: s=4 t=3 j=3 je=3 Q=37259704 table=131872229 yh=52320598
stage b2=510 vs b1={335}: values [157910965631566921956510000000000000, 224195710222759373302821832275390625), 7386221963607828 candidates (MITM path)
  MITM b1=335: s=4 t=3 j=3 je=3 Q=37595375 table=132651000 yh=55681616
stage b2=511 vs b1={336}: values [161983844320814634817101682325330431, 233749065589177456392773613876412416), 7888014990528703 candidates (MITM path)
  MITM b1=336: s=4 t=3 j=3 je=3 Q=37933056 table=133432831 yh=59115999
stage b2=512 vs b1={337}: values [166153499473114484112975882535043072, 243679285283393666208253061306357089), 8405362539915059 candidates (MITM path)
  MITM b1=337: s=4 t=3 j=3 je=3 Q=38272753 table=134217728 yh=62624832
stage b2=513 vs b1={338}: values [170422034829791634103401401374218753, 254000051038820699590976063168856064), 8938620575164048 candidates (MITM path)
  MITM b1=338: s=4 t=3 j=3 je=3 Q=38614472 table=135005697 yh=66209211
stage b2=514 vs b1={339}: values [174791595624404677813900345660678144, 264725498532251343422483410510418841), 9488151447087990 candidates (MITM path)
  MITM b1=339: s=4 t=3 j=3 je=3 Q=38958219 table=135796744 yh=69870243
stage b2=515 vs b1={340}: values [179264369317817909400790555419921875, 275870231034922482073600000000000000), 10054323981848013 candidates (MITM path)
  MITM b1=340: s=4 t=3 j=3 je=3 Q=39304000 table=136590875 yh=73609046
stage b2=516 vs b1={341}: values [183842586344826433975051806358634496, 287449333431940958491026723053340361), 10637513569742399 candidates (MITM path)
  MITM b1=341: s=4 t=3 j=3 je=3 Q=39651821 table=137388096 yh=77426749
stage b2=517 vs b1={342}: values [188528520872492679004546608119852437, 299478386618880458206192837825019904), 11238102254854356 candidates (MITM path)
  MITM b1=342: s=4 t=3 j=3 je=3 Q=40001688 table=138188413 yh=81324491
stage b2=518 vs b1={343}: values [193324491570354733181895297159815168, 311973482284542371301330321821976049), 11856478825563920 candidates (MITM path)
  MITM b1=343: s=4 t=3 j=3 je=3 Q=40353607 table=138991832 yh=85303422
stage b2=519 vs b1={344}: values [198232862392668818594582670912803559, 324951238089060649950183741190045696), 12493038905928712 candidates (MITM path)
  MITM b1=344: s=4 t=3 j=3 je=3 Q=40707584 table=139798359 yh=89364704
stage b2=520 vs b1={345}: values [203256043372850100305920000000000000, 338428813246721067109392828369140625), 13148185047938276 candidates (MITM path)
  MITM b1=345: s=4 t=3 j=3 je=3 Q=41063625 table=140608000 yh=93509510
stage b2=521 vs b1={346}: values [208396491430277954192889648311785961, 352423924523059044388546203674361856), 13822326824646713 candidates (MITM path)
  MITM b1=346: s=4 t=3 j=3 je=3 Q=41421736 table=141420761 yh=97739022
stage b2=522 vs b1={347}: values [213656711189633749233078088598986752, 366954862655997403768050803331897769), 14515880924188345 candidates (MITM path)
  MITM b1=347: s=4 t=3 j=3 je=3 Q=41781923 table=142236648 yh=102054437
stage b2=523 vs b1={348}: values [219039255812941154532109005895053883, 382040509210986058943919609908035584), 15229271244681151 candidates (MITM path)
  MITM b1=348: s=4 t=3 j=3 je=3 Q=42144192 table=143055667 yh=106456959
stage b2=524 vs b1={349}: values [224546727844480954380310660801101824, 397700353880309848525885235660892601), 15962928990022687 candidates (MITM path)
  MITM b1=349: s=4 t=3 j=3 je=3 Q=42508549 table=143877824 yh=110947807
stage b2=525 vs b1={350}: values [230181780068754346668720245361328125, 413954512236938476562500000000000000), 16717292766583255 candidates (MITM path)
  MITM b1=350: s=4 t=3 j=3 je=3 Q=42875000 table=144703125 yh=115528209
stage b2=526 vs b1={351}: values [235947116381670711226715627769880576, 430823743953503917975940025623902401), 17492808680801042 candidates (MITM path)
  MITM b1=351: s=4 t=3 j=3 je=3 Q=43243551 table=145531576 yh=120199404
stage b2=527 vs b1={352}: values [241845492675137865214191430461762767, 448329471497205720126420014212317184), 18289930437683986 candidates (MITM path)
  MITM b1=352: s=4 t=3 j=3 je=3 Q=43614208 table=146363183 yh=124962645
stage b2=528 vs b1={353}: values [247879717735234872758731611882651648, 466493799311663440167496584517263169), 19109119440223111 candidates (MITM path)
  MITM b1=353: s=4 t=3 j=3 je=3 Q=43986977 table=147197952 yh=129819194
stage b2=529 vs b1={354}: values [254052654154149545721997685422868689, 485339533496958054990141432093229056), 19950844889722088 candidates (MITM path)
  MITM b1=354: s=4 t=3 j=3 je=3 Q=44361864 table=148035889 yh=134770326
stage b2=530 vs b1={355}: values [260367219256064861959730000000000000, 504890201999330620896660650634765625), 20815583887047770 candidates (MITM path)
  MITM b1=355: s=4 t=3 j=3 je=3 Q=44738875 table=148877000 yh=139817325
stage b2=531 vs b1={356}: values [266826386037180636857388515472989091, 525170075322236798832332084919402496), 21703821534806457 candidates (MITM path)
  MITM b1=356: s=4 t=3 j=3 je=3 Q=45118016 table=149721291 yh=144961491
stage b2=532 vs b1={357}: values [273433184120058913430441697300447232, 546204187770690153801056774632964649), 22616051040450666 candidates (MITM path)
  MITM b1=357: s=4 t=3 j=3 je=3 Q=45499293 table=150568768 yh=150204132
stage b2=533 vs b1={358}: values [280190700722483686027416350032250213, 568018359241065440405821984897122304), 23552773820321147 candidates (MITM path)
  MITM b1=358: s=4 t=3 j=3 je=3 Q=45882712 table=151419437 yh=155546569
stage b2=534 vs b1={359}: values [287102081641027742818685874210299904, 590639217568775457331652612637964561), 24514499604628926 candidates (MITM path)
  MITM b1=359: s=4 t=3 j=3 je=3 Q=46268279 table=152273304 yh=160990134
stage b2=535 vs b1={360}: values [294170532249521602949110970458984375, 614094221446481549721600000000000000), 25501746543382142 candidates (MITM path)
  MITM b1=360: s=4 t=3 j=3 je=3 Q=46656000 table=153130375 yh=166536173
stage b2=536 vs b1={361}: values [301399318512621735633442871240032256, 638411683925748518131605316913942641), 26515041313262447 candidates (MITM path)
  MITM b1=361: s=4 t=3 j=3 je=3 Q=47045881 table=153990656 yh=172186041
stage b2=537 vs b1={362}: values [308791768014677480736121943614131897, 663620796515309615092533840427761664), 27554919225455743 candidates (MITM path)
  MITM b1=362: s=4 t=3 j=3 je=3 Q=47437928 table=154854153 yh=177941106
stage b2=538 vs b1={363}: values [316351271004098343658904022264291328, 689751653889366534925949446541436489), 28621924334442037 candidates (MITM path)
  MITM b1=363: s=4 t=3 j=3 je=3 Q=47832147 table=155720872 yh=183802749
stage b2=539 vs b1={364}: values [324081281453425611818659325054366219, 716835279219612889692402474199023616), 29716609547749189 candidates (MITM path)
  MITM b1=364: s=4 t=3 j=3 je=3 Q=48228544 table=156590819 yh=189772362

*** MATCH: 567726774791680539519579341810099460 is an 14-digit palindrome in bases 364 and 539
stage b2=540 vs b1={365}: values [331985318135314535792640000000000000, 744903650144937675010347955322265625), 30839536736675342 candidates (MITM path)
  MITM b1=365: s=4 t=3 j=3 je=3 Q=48627125 table=157464000 yh=195851349
stage b2=541 vs b1={366}: values [340066965714635635499320813072655821, 773989725393037725664245462095118336), 31991276847984817 candidates (MITM path)
  MITM b1=366: s=4 t=3 j=3 je=3 Q=49027896 table=158340421 yh=202041126
stage b2=542 vs b1={367}: values [348329875856906030730297942652608512, 804127472068445204802288858779989729), 33172410016582255 candidates (MITM path)
  MITM b1=367: s=4 t=3 j=3 je=3 Q=49430863 table=159220088 yh=208343121
stage b2=543 vs b1={368}: values [356777768353264056114297546073891743, 835351893621757825180080478275764224), 34383525679169811 candidates (MITM path)
  MITM b1=368: s=4 t=3 j=3 je=3 Q=49836032 table=160103007 yh=214758776
stage b2=544 vs b1={369}: values [365414432262202803340615819548688384, 867699058515145830106783895701970721), 35625222688892179 candidates (MITM path)
  MITM b1=369: s=4 t=3 j=3 je=3 Q=50243409 table=160989184 yh=221289542
stage b2=545 vs b1={370}: values [374243727068280638359709019775390625, 901206129599500829968900000000000000), 36898109430974250 candidates (MITM path)
  MITM b1=370: s=4 t=3 j=3 je=3 Q=50653000 table=161878625 yh=227936885
stage b2=546 vs b1={371}: values [383269583858029168477508273239105536, 935911394218887462627310370080165081), 38202803939356204 candidates (MITM path)
  MITM b1=371: s=4 t=3 j=3 je=3 Q=51064811 table=162771336 yh=234702282
stage b2=547 vs b1={372}: values [392496006513281583932595840500243827, 971854295058259588504417458500665344), 39539934014330835 candidates (MITM path)
  MITM b1=372: s=4 t=3 j=3 je=3 Q=51478848 table=163667323 yh=241587223
stage b2=548 vs b1={373}: values [401927072922146770857809028954718208, 1009075461750708410420050723039024009), 40910137341187911 candidates (MITM path)
  MITM b1=373: s=4 t=3 j=3 je=3 Q=51895117 table=164566592 yh=248593210
stage b2=549 vs b1={374}: values [411566936207857087647217069653412149, 1047616743260820591544343170758885376), 42314061609870374 candidates (MITM path)
  MITM b1=374: s=4 t=3 j=3 je=3 Q=52313624 table=165469149 yh=255721758
stage b2=550 vs b1={375}: values [421419825975720214843750000000000000, 1087521241061040200293064117431640625), 43752364635647195 candidates (MITM path)
  MITM b1=375: s=4 t=3 j=3 je=3 Q=52734375 table=166375000 yh=262974394
stage b2=551 vs b1={376}: values [431490049578408029900978423638102151, 1128833343118249207414947823407333376), 45225714480807689 candidates (MITM path)
  MITM b1=376: s=4 t=3 j=3 je=3 Q=53157376 table=167284151 yh=270352656
stage b2=552 vs b1={377}: values [441781993399818022724510341599854592, 1171598758708107367475386427203165009), 46734789577382103 candidates (MITM path)
  MITM b1=377: s=4 t=3 j=3 je=3 Q=53582633 table=168196608 yh=277858098
stage b2=553 vs b1={378}: values [452300124157745355934980751882862473, 1215864554075023704741469602061369344), 48280278850893295 candidates (MITM path)
  MITM b1=378: s=4 t=3 j=3 je=3 Q=54010152 table=169112377 yh=285492285
stage b2=554 vs b1={379}: values [463048990225606285487392794579083264, 1261679188955968563191835468129487081), 49862881845144326 candidates (MITM path)
  MITM b1=379: s=4 t=3 j=3 je=3 Q=54439939 table=170031464 yh=293256794
stage b2=555 vs b1={380}: values [474033222973456292803297401123046875, 1309092553986677343846400000000000000), 51483308848046772 candidates (MITM path)
  MITM b1=380: s=4 t=3 j=3 je=3 Q=54872000 table=170953875 yh=301153214
stage b2=556 vs b1={381}: values [485257538128548939096586766742716416, 1358156009009144712440307376223513721), 53142281018494594 candidates (MITM path)
  MITM b1=381: s=4 t=3 j=3 je=3 Q=55306341 table=171879616 yh=309183150
stage b2=557 vs b1={382}: values [496726737155684136275087566416582557, 1408922422299661290033405230674100224), 54840530514288382 candidates (MITM path)
  MITM b1=382: s=4 t=3 j=3 je=3 Q=55742968 table=172808693 yh=317348217

*** MATCH: 561175277733762611281114944914641350 is an 14-digit palindrome in bases 382 and 557
stage b2=558 vs b1={383}: values [508445708657597236854185159560716288, 1461446210737003712612867623638313729), 56578800621114798 candidates (MITM path)
  MITM b1=383: s=4 t=3 j=3 je=3 Q=56181887 table=173741112 yh=325650044
stage b2=559 vs b1={384}: values [520419429795643077901856425190522479, 1515783380930753538061821258378510336), 58357845882586057 candidates (MITM path)
  MITM b1=384: s=4 t=3 j=3 je=3 Q=56623104 table=174676879 yh=334090272
stage b2=560 vs b1={385}: values [532652967731031871324160000000000000, 1571991571330090865774680230712890625), 60178432231344267 candidates (MITM path)
  MITM b1=385: s=4 t=3 j=3 je=3 Q=57066625 table=175616000 yh=342670556
stage b2=561 vs b1={386}: values [545151481086876614974812989924244081, 1630130095333784792244505633968111616), 62041337121235466 candidates (MITM path)
  MITM b1=386: s=4 t=3 j=3 je=3 Q=57512456 table=176558481 yh=351392563
stage b2=562 vs b1={387}: values [557920221431314506311321357441769472, 1690259985422485032479991371240442489), 63947349660558191 candidates (MITM path)
  MITM b1=387: s=4 t=3 j=3 je=3 Q=57960603 table=177504328 yh=360257975
done: 3086.59s, 5164572547 candidates tested
