A171740 search: n=14, threads=1, limit=none
stage b2=281 vs b1={188}: values [68105495780189759071206220390841, 68898519477432202601009998987264), 5732471784948 candidates (MITM path)
  MITM b1=188: s=4 t=3 j=3 je=3 Q=6644672 table=22188041 yh=258359
stage b2=282 vs b1={189}: values [71324446183106859278545015775232, 74210483036805646041349463016441), 20349704836115 candidates (MITM path)
  MITM b1=189: s=4 t=3 j=3 je=3 Q=6751269 table=22425768 yh=907426
stage b2=283 vs b1={190}: values [74683327879708304362769257501963, 79900668578288412100000000000000), 35887577958861 candidates (MITM path)
  MITM b1=190: s=4 t=3 j=3 je=3 Q=6859000 table=22665187 yh=1583379
stage b2=284 vs b1={191}: values [78187696880061614175280015867904, 85993800189188311159265455973761), 52384875282448 candidates (MITM path)
  MITM b1=191: s=4 t=3 j=3 je=3 Q=6967871 table=22906304 yh=2286920
stage b2=285 vs b1={192}: values [81843309024043043305733642578125, 92516075496261812625843582664704), 69881623624812 candidates (MITM path)
  MITM b1=192: s=4 t=3 j=3 je=3 Q=7077888 table=23149125 yh=3018759
stage b2=286 vs b1={193}: values [85656126426699929330201121120256, 99495245076524950698517189573249), 88419122572597 candidates (MITM path)
  MITM b1=193: s=4 t=3 j=3 je=3 Q=7189057 table=23393656 yh=3779620
stage b2=287 vs b1={194}: values [89632324107747341323629209343647, 106960695699145951556010651959296), 108039975069060 candidates (MITM path)
  MITM b1=194: s=4 t=3 j=3 je=3 Q=7301384 table=23639903 yh=4570238
stage b2=288 vs b1={195}: values [93778296809785602500326041059328, 114943537561839249322760009765625), 128788118514614 candidates (MITM path)
  MITM b1=195: s=4 t=3 j=3 je=3 Q=7414875 table=23887872 yh=5391361
stage b2=289 vs b1={196}: values [98100666009922840441972689847969, 123476695691247935826229781856256), 150708856384798 candidates (MITM path)
  MITM b1=196: s=4 t=3 j=3 je=3 Q=7529536 table=24137569 yh=6243747
stage b2=290 vs b1={197}: values [102606287129586021890000000000000, 132595005683061140853836321918569), 173848890370471 candidates (MITM path)
  MITM b1=197: s=4 t=3 j=3 je=3 Q=7645373 table=24389000 yh=7128169
stage b2=291 vs b1={198}: values [107302256947404980797605893267571, 142335313964069405978409510518784), 198256353045009 candidates (MITM path)
  MITM b1=198: s=4 t=3 j=3 je=3 Q=7762392 table=24642171 yh=8045410
stage b2=292 vs b1={199}: values [112195921220156772791328295616512, 152736582765019941952958691637201), 223980841063327 candidates (MITM path)
  MITM b1=199: s=4 t=3 j=3 je=3 Q=7880599 table=24897088 yh=8996267
stage b2=293 vs b1={200}: values [117294882516862311175392673213493, 163840000000000000000000000000000), 251073448897500 candidates (MITM path)
  MITM b1=200: s=4 t=3 j=3 je=3 Q=8000000 table=25153757 yh=9981549

*** MATCH: 126292860983411547342573761726754 is an 14-digit palindrome in bases 200 and 293
stage b2=294 vs b1={201}: values [122607008271233684175628129296384, 175689094255155802434244515642801), 279586803113830 candidates (MITM path)
  MITM b1=201: s=4 t=3 j=3 je=3 Q=8120601 table=25412184 yh=11002077
done: 36.06s, 54903212 candidates tested
