A171740 search: n=14, threads=1, limit=none
stage b2=349 vs b1={230}: values [1139542561261632803799098096449549, 1159283632453874980900000000000000), 31303487593984 candidates (MITM path)
  MITM b1=230: s=4 t=3 j=3 je=3 Q=12167000 table=42508549 yh=736405
stage b2=350 vs b1={231}: values [1182727177819824218750000000000000, 1231878054532401295881577517615121), 76393245030434 candidates (MITM path)
  MITM b1=231: s=4 t=3 j=3 je=3 Q=12326391 table=42875000 yh=1781767
stage b2=351 vs b1={232}: values [1227418073941606603920057053059551, 1308674947070072080696567108993024), 123797048564412 candidates (MITM path)
  MITM b1=232: s=4 t=3 j=3 je=3 Q=12487168 table=43243551 yh=2862787
stage b2=352 vs b1={233}: values [1273663271298879886722784131284992, 1389897885974444705448234373058929), 173594849592145 candidates (MITM path)
  MITM b1=233: s=4 t=3 j=3 je=3 Q=12649337 table=43614208 yh=3980237
stage b2=353 vs b1={234}: values [1321512179353154221437667378235873, 1475781302562113238057324097191936), 225868711043441 candidates (MITM path)
  MITM b1=234: s=4 t=3 j=3 je=3 Q=12812904 table=43986977 yh=5134900
stage b2=354 vs b1={235}: values [1371015631347339138390230034161664, 1566570960618087215175592041015625), 280702849721751 candidates (MITM path)
  MITM b1=235: s=4 t=3 j=3 je=3 Q=12977875 table=44361864 yh=6327572
stage b2=355 vs b1={236}: values [1422225921124874988441297607421875, 1662524452241727005330470932054016), 338183679240126 candidates (MITM path)
  MITM b1=236: s=4 t=3 j=3 je=3 Q=13144256 table=44738875 yh=7559057
stage b2=356 vs b1={237}: values [1475196840792799996720033946402816, 1763911713133997936335712142251289), 398399853557779 candidates (MITM path)
  MITM b1=237: s=4 t=3 j=3 je=3 Q=13312053 table=45118016 yh=8830173
stage b2=357 vs b1={238}: values [1529983719245630682916125419139957, 1871015558000686912224711093796864), 461442311121983 candidates (MITM path)
  MITM b1=238: s=4 t=3 j=3 je=3 Q=13481272 table=45499293 yh=10141747
stage b2=358 vs b1={239}: values [1586643461567221900574921745522688, 1984132236766622027506928774262241), 527404319620058 candidates (MITM path)
  MITM b1=239: s=4 t=3 j=3 je=3 Q=13651919 table=45882712 yh=11494620
stage b2=359 vs b1={240}: values [1645234589328065340756692514311879, 2103572012316858777600000000000000), 596381521346181 candidates (MITM path)
  MITM b1=240: s=4 t=3 j=3 je=3 Q=13824000 table=46268279 yh=12889642
stage b2=360 vs b1={241}: values [1705817281795782082560000000000000, 2229659760502257132817812847740961), 668471979187760 candidates (MITM path)
  MITM b1=241: s=4 t=3 j=3 je=3 Q=13997521 table=46656000 yh=14327675
stage b2=361 vs b1={242}: values [1768453418076865701195582595329481, 2362735593168883450473284633903104), 743776223236139 candidates (MITM path)
  MITM b1=242: s=4 t=3 j=3 je=3 Q=14172488 table=47045881 yh=15809593

*** MATCH: 1883787270619712599361359941965388 is an 14-digit palindrome in bases 242 and 361
stage b2=362 vs b1={243}: values [1833206620208037610752855912783872, 2503155504993241601315571986085849), 822397298026374 candidates (MITM path)
  MITM b1=243: s=4 t=3 j=3 je=3 Q=14348907 table=47437928 yh=17336283
done: 58.64s, 90443667 candidates tested
