A171740 search: n=14, threads=1, limit=none
stage b2=468 vs b1={302}: values [51664959105080477120365807710240768, 52492493291196466086203175724662784), 168292581532708 candidates (MITM path)
  MITM b1=302: s=4 t=3 j=3 je=3 Q=27543608 table=102503232 yh=1641828
stage b2=469 vs b1={303}: values [53118640986271411938365507173903909, 54978995282149371522266936818729569), 372722630474370 candidates (MITM path)
  MITM b1=303: s=4 t=3 j=3 je=3 Q=27818127 table=103161709 yh=3612994
stage b2=470 vs b1={304}: values [54609997061205831773270000000000000, 57574499397733310582010212836704256), 585149436886781 candidates (MITM path)
  MITM b1=304: s=4 t=3 j=3 je=3 Q=28094464 table=103823000 yh=5636029
stage b2=471 vs b1={305}: values [56139920420269526101585857174664311, 60283401692879138764114019775390625), 805784725074671 candidates (MITM path)
  MITM b1=305: s=4 t=3 j=3 je=3 Q=28372625 table=104487111 yh=7711810
stage b2=472 vs b1={306}: values [57709323359170456049437363878756352, 63110260198880625404008432578871296), 1034844529252866 candidates (MITM path)
  MITM b1=306: s=4 t=3 j=3 je=3 Q=28652616 table=105154048 yh=9841224
stage b2=473 vs b1={307}: values [59319137749841205151272334026810233, 66059800330953223881038421346972249), 1272549260576553 candidates (MITM path)
  MITM b1=307: s=4 t=3 j=3 je=3 Q=28934443 table=105823817 yh=12025169
stage b2=474 vs b1={308}: values [60970315417694983520937358098407424, 69136920457732008849516311508680704), 1519123774909193 candidates (MITM path)
  MITM b1=308: s=4 t=3 j=3 je=3 Q=29218112 table=106496424 yh=14264552
stage b2=475 vs b1={309}: values [62663828525330214202404022216796875, 72346697637005265678995742402826761), 1774797441332733 candidates (MITM path)
  MITM b1=309: s=4 t=3 j=3 je=3 Q=29503629 table=107171875 yh=16560292
stage b2=476 vs b1={310}: values [64400669962779946155230391934386176, 75694393522079632032100000000000000), 2039804211404758 candidates (MITM path)
  MITM b1=310: s=4 t=3 j=3 je=3 Q=29791000 table=107850176 yh=18913314
stage b2=477 vs b1={311}: values [66181853744403566950222013869119117, 79185460443274071484794939191083441), 2314382689167241 candidates (MITM path)
  MITM b1=311: s=4 t=3 j=3 je=3 Q=30080231 table=108531333 yh=21324558
stage b2=478 vs b1={312}: values [68008415412519529913542931040821248, 82825547669143336572232508337291264), 2598776201911572 candidates (MITM path)
  MITM b1=312: s=4 t=3 j=3 je=3 Q=30371328 table=109215352 yh=23794972
stage b2=479 vs b1={313}: values [69881412447879065273246871214547039, 86620507852136986313803229728551889), 2893232871704499 candidates (MITM path)
  MITM b1=313: s=4 t=3 j=3 je=3 Q=30664297 table=109902239 yh=26325514
stage b2=480 vs b1={314}: values [71801924687082112942080000000000000, 90576403663507494251037011559202816), 3198005687679682 candidates (MITM path)
  MITM b1=314: s=4 t=3 j=3 je=3 Q=30959144 table=110592000 yh=28917153
stage b2=481 vs b1={315}: values [73771054747037996026381548447289441, 94699514622390550869469537353515625), 3513352579099511 candidates (MITM path)
  MITM b1=315: s=4 t=3 j=3 je=3 Q=31255875 table=111284641 yh=31570867
stage b2=482 vs b1={316}: values [75789928456574649095616277380472832, 98996344124092362953499355314651136), 3839536489191879 candidates (MITM path)
  MITM b1=316: s=4 t=3 j=3 je=3 Q=31554496 table=111980168 yh=34287648
stage b2=483 vs b1={317}: values [77859695295301523793862079367040563, 103473626672732616363732850530926329), 4176825449766586 candidates (MITM path)
  MITM b1=317: s=4 t=3 j=3 je=3 Q=31855013 table=112678587 yh=37068494
stage b2=484 vs b1={318}: values [79981528839832616637508874879893504, 108138335323507832794908910278426624), 4525492656616066 candidates (MITM path)
  MITM b1=318: s=4 t=3 j=3 je=3 Q=32157432 table=113379904 yh=39914417
stage b2=485 vs b1={319}: values [82156627217477399937279024658203125, 112997689339958150582465303553121921), 4885816545705120 candidates (MITM path)
  MITM b1=319: s=4 t=3 j=3 je=3 Q=32461759 table=114084125 yh=42826437
stage b2=486 vs b1={320}: values [84386213567508786822951299218169856, 118059162071741130342400000000000000), 5258080870154354 candidates (MITM path)
  MITM b1=320: s=4 t=3 j=3 je=3 Q=32768000 table=114791256 yh=45805588
stage b2=487 vs b1={321}: values [86671536510118625452078408718034247, 123330489058539064373855829501034881), 5642574778022021 candidates (MITM path)
  MITM b1=321: s=4 t=3 j=3 je=3 Q=33076161 table=115501303 yh=48852911
stage b2=488 vs b1={322}: values [89013870623172595766475439292284928, 128819676365851491009049261438418944), 6039592890888960 candidates (MITM path)
  MITM b1=322: s=4 t=3 j=3 je=3 Q=33386248 table=116214272 yh=51969460
stage b2=489 vs b1={323}: values [91414516926877774739994358072042569, 134535009158552218608057415586748409), 6449435383251352 candidates (MITM path)
  MITM b1=323: s=4 t=3 j=3 je=3 Q=33698267 table=116930169 yh=55156300
stage b2=490 vs b1={324}: values [93874803376477543056490000000000000, 140485060518220186283313934500888576), 6872408062725991 candidates (MITM path)
  MITM b1=324: s=4 t=3 j=3 je=3 Q=34012224 table=117649000 yh=58414505
stage b2=491 vs b1={325}: values [96396085363089927687061485995798171, 146678700510385967791080474853515625), 7308822451072789 candidates (MITM path)
  MITM b1=325: s=4 t=3 j=3 je=3 Q=34328125 table=118370771 yh=61745163
stage b2=492 vs b1={326}: values [98979746222806911020492610298970112, 153125105507970699913650504140210176), 7758995866039226 candidates (MITM path)
  MITM b1=326: s=4 t=3 j=3 je=3 Q=34645976 table=119095488 yh=65149369
stage b2=493 vs b1={327}: values [101627197754173688160928089239296093, 159833767777331726128449290957670609), 8223251504031473 candidates (MITM path)
  MITM b1=327: s=4 t=3 j=3 je=3 Q=34965783 table=119823157 yh=68628233
stage b2=494 vs b1={328}: values [104339880744168319863565385432489984, 166814505333469329957730743425695744), 8701918523616910 candidates (MITM path)
  MITM b1=328: s=4 t=3 j=3 je=3 Q=35287552 table=120553784 yh=72182874
stage b2=495 vs b1={329}: values [107119265502803709454615843505859375, 174077472071091630146366848886447281), 9195332129862757 candidates (MITM path)
  MITM b1=329: s=4 t=3 j=3 je=3 Q=35611289 table=121287375 yh=75814422
stage b2=496 vs b1={330}: values [109966852406475328098844912056795136, 181633168178380062252900000000000000), 9703833659515568 candidates (MITM path)
  MITM b1=330: s=4 t=3 j=3 je=3 Q=35937000 table=122023936 yh=79524018
stage b2=497 vs b1={331}: values [112884172450179624060242238336272177, 189492450840445919389300039685792521), 10227770667026301 candidates (MITM path)
  MITM b1=331: s=4 t=3 j=3 je=3 Q=36264691 table=122763473 yh=83312817

*** MATCH: 182501599308014625469107369795827496 is an 14-digit palindrome in bases 331 and 497
stage b2=498 vs b1={332}: values [115872787808729578273156568090615808, 197666545239619210242183006282317824), 10767497011425723 candidates (MITM path)
  MITM b1=332: s=4 t=3 j=3 je=3 Q=36594368 table=123505992 yh=87181981
stage b2=499 vs b1={333}: values [118934292407095410727674098230506499, 206167055859864657197443888722807129), 11323372944054871 candidates (MITM path)
  MITM b1=333: s=4 t=3 j=3 je=3 Q=36926037 table=124251499 yh=91132687
stage b2=500 vs b1={334}: values [122070312500000000000000000000000000, 215005978102776043931247317256257536), 11895765197155334 candidates (MITM path)
  MITM b1=334: s=4 t=3 j=3 je=3 Q=37259704 table=125000000 yh=95166122
stage b2=501 vs b1={335}: values [125282507260900151852763473269506501, 224195710222759373302821832275390625), 12485047073324082 candidates (MITM path)
  MITM b1=335: s=4 t=3 j=3 je=3 Q=37595375 table=125751501 yh=99283484
stage b2=502 vs b1={336}: values [128572569380486442318916647962632192, 233749065589177456392773613876412416), 13091598535837615 candidates (MITM path)
  MITM b1=336: s=4 t=3 j=3 je=3 Q=37933056 table=126506008 yh=103485983
stage b2=503 vs b1={337}: values [131942225674835966194417272072460823, 243679285283393666208253061306357089), 13715806299850172 candidates (MITM path)
  MITM b1=337: s=4 t=3 j=3 je=3 Q=38272753 table=127263527 yh=107774841
stage b2=504 vs b1={338}: values [135393237703353943528128490047012864, 254000051038820699590976063168856064), 14358063924470760 candidates (MITM path)
  MITM b1=338: s=4 t=3 j=3 je=3 Q=38614472 table=128024064 yh=112151290
stage b2=505 vs b1={339}: values [138927402396641774642067017822265625, 264725498532251343422483410510418841), 15018771905723771 candidates (MITM path)
  MITM b1=339: s=4 t=3 j=3 je=3 Q=38958219 table=128787625 yh=116616577
stage b2=506 vs b1={340}: values [142546552694430788571794496737878016, 275870231034922482073600000000000000), 15698337770397941 candidates (MITM path)
  MITM b1=340: s=4 t=3 j=3 je=3 Q=39304000 table=129554216 yh=121171957
stage b2=507 vs b1={341}: values [146252558193722600716669650994316907, 287449333431940958491026723053340361), 16397176170788422 candidates (MITM path)
  MITM b1=341: s=4 t=3 j=3 je=3 Q=39651821 table=130323843 yh=125818698
stage b2=508 vs b1={342}: values [150047325807278683064941158898597888, 299478386618880458206192837825019904), 17115708980336743 candidates (MITM path)
  MITM b1=342: s=4 t=3 j=3 je=3 Q=40001688 table=131096512 yh=130558081
stage b2=509 vs b1={343}: values [153932800432603454742132269478454829, 311973482284542371301330321821976049), 17854365390173422 candidates (MITM path)
  MITM b1=343: s=4 t=3 j=3 je=3 Q=40353607 table=131872229 yh=135391398
stage b2=510 vs b1={344}: values [157910965631566921956510000000000000, 324951238089060649950183741190045696), 18613582006568009 candidates (MITM path)
  MITM b1=344: s=4 t=3 j=3 je=3 Q=40707584 table=132651000 yh=140319953
stage b2=511 vs b1={345}: values [161983844320814634817101682325330431, 338428813246721067109392828369140625), 19393802949291347 candidates (MITM path)
  MITM b1=345: s=4 t=3 j=3 je=3 Q=41063625 table=133432831 yh=145345061
stage b2=512 vs b1={346}: values [166153499473114484112975882535043072, 352423924523059044388546203674361856), 20195479950894822 candidates (MITM path)
  MITM b1=346: s=4 t=3 j=3 je=3 Q=41421736 table=134217728 yh=150468052
stage b2=513 vs b1={347}: values [170422034829791634103401401374218753, 366954862655997403768050803331897769), 21019072456911385 candidates (MITM path)
  MITM b1=347: s=4 t=3 j=3 je=3 Q=41781923 table=135005697 yh=155690263
stage b2=514 vs b1={348}: values [174791595624404677813900345660678144, 382040509210986058943919609908035584), 21865047726983148 candidates (MITM path)
  MITM b1=348: s=4 t=3 j=3 je=3 Q=42144192 table=135796744 yh=161013049
stage b2=515 vs b1={349}: values [179264369317817909400790555419921875, 397700353880309848525885235660892601), 22733880936920328 candidates (MITM path)
  MITM b1=349: s=4 t=3 j=3 je=3 Q=42508549 table=136590875 yh=166437773
done: 1100.57s, 1768933782 candidates tested
