A171740 search: n=14, threads=1, limit=none
stage b2=305 vs b1={203}: values [197650497353702094308570556640625, 201810858916898431719789378127369), 16944634285234 candidates (MITM path)
  MITM b1=203: s=4 t=3 j=3 je=3 Q=8365427 table=28372625 yh=597218
stage b2=306 vs b1={204}: values [206242680388498775830092916924416, 216183400540220972918552087494656), 39570165115841 candidates (MITM path)
  MITM b1=204: s=4 t=3 j=3 je=3 Q=8489664 table=28652616 yh=1381032
stage b2=307 vs b1={205}: values [215178502706688025671134922954307, 231501630828342033704595947265625), 63508924928163 candidates (MITM path)
  MITM b1=205: s=4 t=3 j=3 je=3 Q=8615125 table=28934443 yh=2194925
stage b2=308 vs b1={206}: values [224470520966662366394533478924288, 247822700520261426090084682448896), 88812154497469 candidates (MITM path)
  MITM b1=206: s=4 t=3 j=3 je=3 Q=8741816 table=29218112 yh=3039627
stage b2=309 vs b1={207}: values [234131707563123837148853535284229, 265206910560805882369006879852449), 115532618978907 candidates (MITM path)
  MITM b1=207: s=4 t=3 j=3 je=3 Q=8869743 table=29503629 yh=3915879
stage b2=310 vs b1={208}: values [244175462974450425910000000000000, 283717869175243332415379948437504), 143724642235953 candidates (MITM path)
  MITM b1=208: s=4 t=3 j=3 je=3 Q=8998912 table=29791000 yh=4824432
stage b2=311 vs b1={209}: values [254615628434964860079726492575831, 303422655957947177630796910616161), 173444141709330 candidates (MITM path)
  MITM b1=209: s=4 t=3 j=3 je=3 Q=9129329 table=30080231 yh=5766051
stage b2=312 vs b1={210}: values [265466498939561976193052911337472, 324391993252150868100000000000000), 204748663831154 candidates (MITM path)
  MITM b1=210: s=4 t=3 j=3 je=3 Q=9261000 table=30371328 yh=6741512
stage b2=313 vs b1={211}: values [276742836588297080874770702008153, 346700425107361035262655933030041), 237697419989072 candidates (MITM path)
  MITM b1=211: s=4 t=3 j=3 je=3 Q=9393931 table=30664297 yh=7751602
stage b2=314 vs b1={212}: values [288459884278686287423684750188544, 370426504110804885524407033790464), 272351323045183 candidates (MITM path)
  MITM b1=212: s=4 t=3 j=3 je=3 Q=9528128 table=30959144 yh=8797121
stage b2=315 vs b1={213}: values [300633379753620796411014404296875, 395652986399381320581034818847689), 308773024414495 candidates (MITM path)
  MITM b1=213: s=4 t=3 j=3 je=3 Q=9663597 table=31255875 yh=9878880
stage b2=316 vs b1={214}: values [313279570012950515675630871248896, 422467035168972249391801182601216), 347026951707719 candidates (MITM path)
  MITM b1=214: s=4 t=3 j=3 je=3 Q=9800344 table=31554496 yh=10997703
stage b2=317 vs b1={215}: values [326415226096948316604835490633837, 450960433008657859896539306640625), 387179346943169 candidates (MITM path)
  MITM b1=215: s=4 t=3 j=3 je=3 Q=9938375 table=31855013 yh=12154425
stage b2=318 vs b1={216}: values [340057658250024631430531164397568, 481229803398374426442198455156736), 429298305332580 candidates (MITM path)
  MITM b1=216: s=4 t=3 j=3 je=3 Q=10077696 table=32157432 yh=13349894
stage b2=319 vs b1={217}: values [354224731473223042578261139664959, 513376841719862879656860722064529), 473453814645621 candidates (MITM path)
  MITM b1=217: s=4 t=3 j=3 je=3 Q=10218313 table=32461759 yh=14584972
stage b2=320 vs b1={218}: values [368934881474191032320000000000000, 547508556142388336802624725991424), 519717795157914 candidates (MITM path)
  MITM b1=218: s=4 t=3 j=3 je=3 Q=10360232 table=32768000 yh=15860529
stage b2=321 vs b1={219}: values [384207131023486181850018160439361, 583737518756672701482036256689321), 568164140187354 candidates (MITM path)
  MITM b1=219: s=4 t=3 j=3 je=3 Q=10503459 table=33076161 yh=17177452
stage b2=322 vs b1={220}: values [400061106726246866487730625585152, 622182127342782054400000000000000), 618868757223550 candidates (MITM path)
  MITM b1=220: s=4 t=3 j=3 je=3 Q=10648000 table=33386248 yh=18536637
stage b2=323 vs b1={221}: values [416517056218427921387174661259283, 662966878170355779548558581239481), 671909609655188 candidates (MITM path)
  MITM b1=221: s=4 t=3 j=3 je=3 Q=10793861 table=33698267 yh=19938996
stage b2=324 vs b1={222}: values [433595865796975883590475106484224, 706222650242563257993710741766144), 727366759100139 candidates (MITM path)
  MITM b1=222: s=4 t=3 j=3 je=3 Q=10941048 table=34012224 yh=21385452
stage b2=325 vs b1={223}: values [451319078493495285511016845703125, 752087001408534719216214439862209), 785322408343134 candidates (MITM path)
  MITM b1=223: s=4 t=3 j=3 je=3 Q=11089567 table=34328125 yh=22876939
stage b2=326 vs b1={224}: values [469708912601137116299541423742976, 800704476782743824084831595134976), 845860944885820 candidates (MITM path)
  MITM b1=224: s=4 t=3 j=3 je=3 Q=11239424 table=34645976 yh=24414407
stage b2=327 vs b1={225}: values [488788280664623015683331165008167, 852226929923929274082183837890625), 909068985114038 candidates (MITM path)
  MITM b1=225: s=4 t=3 j=3 je=3 Q=11390625 table=34965783 yh=25998817
stage b2=328 vs b1={226}: values [508580808943504054749179095810048, 906813857240639864200242192203776), 975035419087149 candidates (MITM path)
  MITM b1=226: s=4 t=3 j=3 je=3 Q=11543176 table=35287552 yh=27631144
stage b2=329 vs b1={227}: values [529110857358941125064944829442089, 964632746105380745721862822346809), 1043851455954239 candidates (MITM path)
  MITM b1=227: s=4 t=3 j=3 je=3 Q=11697083 table=35611289 yh=29312375
stage b2=330 vs b1={228}: values [550403539934485037130000000000000, 1025859437174637223709847054188544), 1115610670002053 candidates (MITM path)
  MITM b1=228: s=4 t=3 j=3 je=3 Q=11852352 table=35937000 yh=31043512
stage b2=331 vs b1={229}: values [572484745741528457369486524730491, 1090678501427765328462322842832681), 1190409047339484 candidates (MITM path)
  MITM b1=229: s=4 t=3 j=3 je=3 Q=12008989 table=36264691 yh=32825568
stage b2=332 vs b1={230}: values [595381160360298826030671705669632, 1159283632453874980900000000000000), 1268345033223487 candidates (MITM path)
  MITM b1=230: s=4 t=3 j=3 je=3 Q=12167000 table=36594368 yh=34659570
stage b2=333 vs b1={231}: values [619120287867461433025357023191613, 1231878054532401295881577517615121), 1349519580031242 candidates (MITM path)
  MITM b1=231: s=4 t=3 j=3 je=3 Q=12326391 table=36926037 yh=36546559
stage b2=334 vs b1={232}: values [643730473361604921949842267234304, 1308674947070072080696567108993024), 1434036195883436 candidates (MITM path)
  MITM b1=232: s=4 t=3 j=3 je=3 Q=12487168 table=37259704 yh=38487590
stage b2=335 vs b1={233}: values [669240926038087681500960693359375, 1389897885974444705448234373058929), 1522000993923512 candidates (MITM path)
  MITM b1=233: s=4 t=3 j=3 je=3 Q=12649337 table=37595375 yh=40483730
stage b2=336 vs b1={234}: values [695681742824932905930873850822656, 1475781302562113238057324097191936), 1613522742257750 candidates (MITM path)
  MITM b1=234: s=4 t=3 j=3 je=3 Q=12812904 table=37933056 yh=42536060
stage b2=337 vs b1={235}: values [723083932591672600024489796161297, 1566570960618087215175592041015625), 1708712914561032 candidates (MITM path)
  MITM b1=235: s=4 t=3 j=3 je=3 Q=12977875 table=38272753 yh=44645676
stage b2=338 vs b1={236}: values [751479440943256507665609654345728, 1662524452241727005330470932054016), 1807685741353175 candidates (MITM path)
  MITM b1=236: s=4 t=3 j=3 je=3 Q=13144256 table=38614472 yh=46813686
stage b2=339 vs b1={237}: values [780901175611360895051573482331619, 1763911713133997936335712142251289), 1910558261950676 candidates (MITM path)
  MITM b1=237: s=4 t=3 j=3 je=3 Q=13312053 table=38958219 yh=49041212

*** MATCH: 839668222361675227385764754718640 is an 14-digit palindrome in bases 237 and 339
stage b2=340 vs b1={238}: values [811383032455654359040000000000000, 1871015558000686912224711093796864), 2017450377098765 candidates (MITM path)
  MITM b1=238: s=4 t=3 j=3 je=3 Q=13481272 table=39304000 yh=51329391
done: 251.33s, 681451946 candidates tested
