A171740 search: n=14, threads=1, limit=none
stage b2=73 vs b1={54}: values [1671849507393788885941033, 1792720717930698493280256), 10941146944 candidates (MITM path)
  MITM b1=54: s=4 t=3 j=3 je=3 Q=157464 table=389017 yh=28126
stage b2=74 vs b1={55}: values [1995319084778138053812224, 2317809042866461181640625), 26539586846 candidates (MITM path)
  MITM b1=55: s=4 t=3 j=3 je=3 Q=166375 table=405224 yh=65494
stage b2=75 vs b1={56}: values [2375726401805877685546875, 2982856619293778479415296), 45483408703 candidates (MITM path)
  MITM b1=56: s=4 t=3 j=3 je=3 Q=175616 table=421875 yh=107813
stage b2=76 vs b1={57}: values [2822127947962858105470976, 3821624208892275481335249), 68247386953 candidates (MITM path)
  MITM b1=57: s=4 t=3 j=3 je=3 Q=185193 table=438976 yh=155470
stage b2=77 vs b1={58}: values [3344871416191195940889917, 4875194084160298409672704), 95355980269 candidates (MITM path)
  MITM b1=58: s=4 t=3 j=3 je=3 Q=195112 table=456533 yh=208870
stage b2=78 vs b1={59}: values [3955759092264800909058048, 6193386212891813387462761), 127387113911 candidates (MITM path)
  MITM b1=59: s=4 t=3 j=3 je=3 Q=205379 table=474552 yh=268437
stage b2=79 vs b1={60}: values [4668229371502258117133839, 7836416409600000000000000), 164976153573 candidates (MITM path)
  MITM b1=60: s=4 t=3 j=3 je=3 Q=216000 table=493039 yh=334611
stage b2=80 vs b1={61}: values [5497558138880000000000000, 9876832533361318095112441), 208820075726 candidates (MITM path)
  MITM b1=61: s=4 t=3 j=3 je=3 Q=226981 table=512000 yh=407852
stage b2=81 vs b1={62}: values [6461081889226673298932241, 12401769434657526912139264), 259681839451 candidates (MITM path)
  MITM b1=62: s=4 t=3 j=3 je=3 Q=238328 table=531441 yh=488638
stage b2=82 vs b1={63}: values [7578444614164591651397632, 15515568475732467854453889), 318394964757 candidates (MITM path)
  MITM b1=63: s=4 t=3 j=3 je=3 Q=250047 table=551368 yh=577464
stage b2=83 vs b1={64}: values [8871870642308873326043363, 19342813113834066795298816), 385868322386 candidates (MITM path)
  MITM b1=64: s=4 t=3 j=3 je=3 Q=262144 table=571787 yh=674847
stage b2=84 vs b1={65}: values [10366465789451195388002304, 24031838291621636962890625), 463091140107 candidates (MITM path)
  MITM b1=65: s=4 t=3 j=3 je=3 Q=274625 table=592704 yh=781320
stage b2=85 vs b1={66}: values [12090549356574630126953125, 29758778274345789399515136), 551138230512 candidates (MITM path)
  MITM b1=66: s=4 t=3 j=3 je=3 Q=287496 table=614125 yh=897437
stage b2=86 vs b1={67}: values [14076019706120526112710656, 36732225162896895721934329), 651175445310 candidates (MITM path)
  MITM b1=67: s=4 t=3 j=3 je=3 Q=300763 table=636056 yh=1023771
stage b2=87 vs b1={68}: values [16358756351530297517773047, 45198578652761699462938624), 764465361152 candidates (MITM path)
  MITM b1=68: s=4 t=3 j=3 je=3 Q=314432 table=658503 yh=1160915
stage b2=88 vs b1={69}: values [18979061712307928304713728, 55448176762342779635202921), 892373201972 candidates (MITM path)
  MITM b1=69: s=4 t=3 j=3 je=3 Q=328509 table=681472 yh=1309479
stage b2=89 vs b1={70}: values [21982145917308330487013369, 67822307284900000000000000), 1036373002892 candidates (MITM path)
  MITM b1=70: s=4 t=3 j=3 je=3 Q=343000 table=704969 yh=1470098
stage b2=90 vs b1={71}: values [25418658283290000000000000, 82721210695570328927708881), 1198054020678 candidates (MITM path)
  MITM b1=71: s=4 t=3 j=3 je=3 Q=357911 table=729000 yh=1643422
stage b2=91 vs b1={72}: values [29345269354638035222576971, 100613197241791537106386944), 1379127395790 candidates (MITM path)
  MITM b1=72: s=4 t=3 j=3 je=3 Q=373248 table=753571 yh=1830123
stage b2=92 vs b1={73}: values [33825307664249166246182912, 122045014039746588673695409), 1581433071027 candidates (MITM path)
  MITM b1=73: s=4 t=3 j=3 je=3 Q=389017 table=778688 yh=2030895
stage b2=93 vs b1={74}: values [38929455665581472638810893, 147653612273582215982104576), 1806946971811 candidates (MITM path)
  MITM b1=74: s=4 t=3 j=3 je=3 Q=405224 table=804357 yh=2246449
stage b2=94 vs b1={75}: values [44736509592539817388662784, 178179480135440826416015625), 2057788453109 candidates (MITM path)
  MITM b1=75: s=4 t=3 j=3 je=3 Q=421875 table=830584 yh=2477520

*** MATCH: 120507073362706169594389100 is an 14-digit palindrome in bases 75 and 94
stage b2=95 vs b1={76}: values [51334208327950511474609375, 214481724045177216015794176), 2336228018034 candidates (MITM path)
  MITM b1=76: s=4 t=3 j=3 je=3 Q=438976 table=857375 yh=2724862
stage b2=96 vs b1={77}: values [58820136703657666922151936, 257555099046722087448523609), 2644695313150 candidates (MITM path)
  MITM b1=77: s=4 t=3 j=3 je=3 Q=456533 table=884736 yh=2989248
stage b2=97 vs b1={78}: values [67302709016557486028618977, 308549209196654470906527744), 2985787405492 candidates (MITM path)
  MITM b1=78: s=4 t=3 j=3 je=4 Q=474552 table=912673 yh=3271476
stage b2=98 vs b1={79}: values [76902238926010403271876608, 368790120348678391253573281), 3362277346354 candidates (MITM path)
  MITM b1=79: s=4 t=3 j=3 je=4 Q=493039 table=941192 yh=3572361
stage b2=99 vs b1={80}: values [87752102299896798785221299, 439804651110400000000000000), 3777123026847 candidates (MITM path)
  MITM b1=80: s=4 t=3 j=3 je=4 Q=512000 table=970299 yh=3892742
stage b2=100 vs b1={81}: values [100000000000000000000000000, 523347633027360537213511521), 4233476330274 candidates (MITM path)
  MITM b1=81: s=4 t=3 j=3 je=4 Q=531441 table=1000000 yh=4233477
stage b2=101 vs b1={82}: values [113809328043328941786781301, 621432458361496515414605824), 4734692586348 candidates (MITM path)
  MITM b1=82: s=4 t=3 j=3 je=4 Q=551368 table=1030301 yh=4595446
done: 4.67s, 23084517 candidates tested
