A171740 search: n=14, threads=1, limit=none
stage b2=338 vs b1={223}: values [751479440943256507665609654345728, 752087001408534719216214439862209), 1205514959715 candidates (MITM path)
  MITM b1=223: s=4 t=3 j=3 je=3 Q=11089567 table=38614472 yh=31220
stage b2=339 vs b1={224}: values [780901175611360895051573482331619, 800704476782743824084831595134976), 38489272721568 candidates (MITM path)
  MITM b1=224: s=4 t=3 j=3 je=3 Q=11239424 table=38958219 yh=987963
stage b2=340 vs b1={225}: values [811383032455654359040000000000000, 852226929923929274082183837890625), 77763313566816 candidates (MITM path)
  MITM b1=225: s=4 t=3 j=3 je=3 Q=11390625 table=39304000 yh=1978509
stage b2=341 vs b1={226}: values [842959922087803397334389217165221, 906813857240639864200242192203776), 119098698046124 candidates (MITM path)
  MITM b1=226: s=4 t=3 j=3 je=3 Q=11543176 table=39651821 yh=3003613
stage b2=342 vs b1={227}: values [875667797131229409959628180774912, 964632746105380745721862822346809), 162568422528744 candidates (MITM path)
  MITM b1=227: s=4 t=3 j=3 je=3 Q=11697083 table=40001688 yh=4064040
stage b2=343 vs b1={228}: values [909543680129861140820205019889143, 1025859437174637223709847054188544), 208247459204948 candidates (MITM path)
  MITM b1=228: s=4 t=3 j=3 je=3 Q=11852352 table=40353607 yh=5160567
stage b2=344 vs b1={229}: values [944625692119362354506348084854784, 1090678501427765328462322842832681), 256212796668243 candidates (MITM path)
  MITM b1=229: s=4 t=3 j=3 je=3 Q=12008989 table=40707584 yh=6293982
stage b2=345 vs b1={230}: values [980953081874553817708385009765625, 1159283632453874980900000000000000), 306543481082055 candidates (MITM path)
  MITM b1=230: s=4 t=3 j=3 je=3 Q=12167000 table=41063625 yh=7465086
stage b2=346 vs b1={231}: values [1018566255846991457770364750503936, 1231878054532401295881577517615121), 359320657935666 candidates (MITM path)
  MITM b1=231: s=4 t=3 j=3 je=3 Q=12326391 table=41421736 yh=8674689
stage b2=347 vs b1={232}: values [1057506808806908944576515283377227, 1308674947070072080696567108993024), 414627614394109 candidates (MITM path)
  MITM b1=232: s=4 t=3 j=3 je=3 Q=12487168 table=41781923 yh=9923613
stage b2=348 vs b1={233}: values [1097817555203982927999768993988608, 1389897885974444705448234373058929), 472549822246792 candidates (MITM path)
  MITM b1=233: s=4 t=3 j=3 je=3 Q=12649337 table=42144192 yh=11212692
stage b2=349 vs b1={234}: values [1139542561261632803799098096449549, 1475781302562113238057324097191936), 533174981459589 candidates (MITM path)
  MITM b1=234: s=4 t=3 j=3 je=3 Q=12812904 table=42508549 yh=12542771
stage b2=350 vs b1={235}: values [1182727177819824218750000000000000, 1566570960618087215175592041015625), 596593064335168 candidates (MITM path)
  MITM b1=235: s=4 t=3 j=3 je=3 Q=12977875 table=42875000 yh=13914708
stage b2=351 vs b1={236}: values [1227418073941606603920057053059551, 1662524452241727005330470932054016), 662896360286298 candidates (MITM path)
  MITM b1=236: s=4 t=3 j=3 je=3 Q=13144256 table=43243551 yh=15329370
stage b2=352 vs b1={237}: values [1273663271298879886722784131284992, 1763911713133997936335712142251289), 732179521226922 candidates (MITM path)
  MITM b1=237: s=4 t=3 j=3 je=3 Q=13312053 table=43614208 yh=16787638
stage b2=353 vs b1={238}: values [1321512179353154221437667378235873, 1871015558000686912224711093796864), 804539607585751 candidates (MITM path)
  MITM b1=238: s=4 t=3 j=3 je=3 Q=13481272 table=43986977 yh=18290405

*** MATCH: 1468693143659279492710695190033668 is an 14-digit palindrome in bases 238 and 353
stage b2=354 vs b1={239}: values [1371015631347339138390230034161664, 1984132236766622027506928774262241), 880076134947157 candidates (MITM path)
  MITM b1=239: s=4 t=3 j=3 je=3 Q=13651919 table=44361864 yh=19838575
stage b2=355 vs b1={240}: values [1422225921124874988441297607421875, 2103572012316858777600000000000000), 958891121324147 candidates (MITM path)
  MITM b1=240: s=4 t=3 j=3 je=3 Q=13824000 table=44738875 yh=21433063
done: 80.36s, 126891691 candidates tested
