A171740 search: n=14, threads=1, limit=none
stage b2=121 vs b1={86}: values [1191817653772720942460132761, 1210537694726365245693116416), 49295718650 candidates (MITM path)
  MITM b1=86: s=4 t=3 j=3 je=3 Q=636056 table=1771561 yh=27827
stage b2=122 vs b1={87}: values [1326410034644195374346903552, 1423211802583135884046255089), 240638146830 candidates (MITM path)
  MITM b1=87: s=4 t=3 j=3 je=3 Q=658503 table=1815848 yh=132522
stage b2=123 vs b1={88}: values [1474913153392179474539944683, 1670157430683097690814808064), 458397809103 candidates (MITM path)
  MITM b1=88: s=4 t=3 j=3 je=3 Q=681472 table=1860867 yh=246336
stage b2=124 vs b1={89}: values [1638633793688942910713626624, 1956410986640441413344189841), 704970474497 candidates (MITM path)
  MITM b1=89: s=4 t=3 j=3 je=3 Q=704969 table=1906624 yh=369749
stage b2=125 vs b1={90}: values [1818989403545856475830078125, 2287679245496100000000000000), 982913839426 candidates (MITM path)
  MITM b1=90: s=4 t=3 j=3 je=3 Q=729000 table=1953125 yh=503252
stage b2=126 vs b1={91}: values [2017516459574609153391845376, 2670419511272061205254504361), 1294955613813 candidates (MITM path)
  MITM b1=91: s=4 t=3 j=3 je=3 Q=753571 table=2000376 yh=647357
stage b2=127 vs b1={92}: values [2235879388560037062539773567, 3111928305110923294648827904), 1644001881187 candidates (MITM path)
  MITM b1=92: s=4 t=3 j=3 je=3 Q=778688 table=2048383 yh=802586
stage b2=128 vs b1={93}: values [2475880078570760549798248448, 3620439376899076955409413049), 2033145737685 candidates (MITM path)
  MITM b1=93: s=4 t=3 j=3 je=3 Q=804357 table=2097152 yh=969480
stage b2=129 vs b1={94}: values [2739468013418114691600975489, 4205231901698742834534301696), 2465676214888 candidates (MITM path)
  MITM b1=94: s=4 t=3 j=3 je=3 Q=830584 table=2146689 yh=1148595
stage b2=130 vs b1={95}: values [3028751065922530000000000000, 4876749791155298590087890625), 2945087491443 candidates (MITM path)
  MITM b1=95: s=4 t=3 j=3 je=3 Q=857375 table=2197000 yh=1340505
stage b2=131 vs b1={96}: values [3346006987161650573913911891, 5646733123551136024526585856), 3475088398412 candidates (MITM path)
  MITM b1=96: s=4 t=3 j=3 je=3 Q=884736 table=2248091 yh=1545796
stage b2=132 vs b1={97}: values [3693695630658192526679212032, 6528362774606076144776040769), 4059612223304 candidates (MITM path)
  MITM b1=97: s=4 t=3 j=3 je=3 Q=912673 table=2299968 yh=1765074
stage b2=133 vs b1={98}: values [4074471952320023081160213013, 7536419414749019520643907584), 4702826817741 candidates (MITM path)
  MITM b1=98: s=4 t=3 j=3 je=3 Q=941192 table=2352637 yh=1998960
stage b2=134 vs b1={99}: values [4491199828872408503792328704, 8687458127689783079736908601), 5409145013718 candidates (MITM path)
  MITM b1=99: s=4 t=3 j=3 je=3 Q=970299 table=2406104 yh=2248093
stage b2=135 vs b1={100}: values [4946966739525117513427734375, 10000000000000000000000000000), 6183235353423 candidates (MITM path)
  MITM b1=100: s=4 t=3 j=3 je=3 Q=1000000 table=2460375 yh=2513128
stage b2=136 vs b1={101}: values [5445099357697409441182253056, 11494742132376223120464911401), 7030033137584 candidates (MITM path)
  MITM b1=101: s=4 t=3 j=3 je=3 Q=1030301 table=2515456 yh=2794736
stage b2=137 vs b1={102}: values [5989180101784270567563310697, 13194787630628721491610845184), 7954751797301 candidates (MITM path)
  MITM b1=102: s=4 t=3 j=3 je=3 Q=1061208 table=2571353 yh=3093606
stage b2=138 vs b1={103}: values [6583064696190029721327280128, 15125897248551112432256145169), 8962894594360 candidates (MITM path)
  MITM b1=103: s=4 t=3 j=3 je=3 Q=1092727 table=2628072 yh=3410445
stage b2=139 vs b1={104}: values [7230900796183182881721657019, 17316764476028035425743405056), 10060266654977 candidates (MITM path)
  MITM b1=104: s=4 t=3 j=3 je=3 Q=1124864 table=2685619 yh=3745977
stage b2=140 vs b1={105}: values [7937147732541440000000000000, 19799315994393973883056640625), 11252987341976 candidates (MITM path)
  MITM b1=105: s=4 t=3 j=3 je=3 Q=1157625 table=2744000 yh=4100943
stage b2=141 vs b1={106}: values [8706597434461286533025514621, 22609039557544243501245546496), 12547502970361 candidates (MITM path)
  MITM b1=106: s=4 t=3 j=3 je=3 Q=1191016 table=2803221 yh=4476102
stage b2=142 vs b1={107}: values [9544396591804396261630861312, 25785341502012466393542552649), 13950599871289 candidates (MITM path)
  MITM b1=107: s=4 t=3 j=3 je=3 Q=1225043 table=2863288 yh=4872231
stage b2=143 vs b1={108}: values [10456070120446768717065566543, 29371936242576564113903714304), 15469417809406 candidates (MITM path)
  MITM b1=108: s=4 t=3 j=3 je=3 Q=1259712 table=2924207 yh=5290125
stage b2=144 vs b1={109}: values [11447545997288281555215581184, 33417270272362569384925825561), 17111463758561 candidates (MITM path)
  MITM b1=109: s=4 t=3 j=3 je=3 Q=1295029 table=2985984 yh=5730595
stage b2=145 vs b1={110}: values [12525181534373293687744140625, 37974983358324100000000000000), 18884626040861 candidates (MITM path)
  MITM b1=110: s=4 t=3 j=3 je=3 Q=1331000 table=3048625 yh=6194474
stage b2=146 vs b1={111}: values [13695791164569918553628942336, 43104409804843948852155196641), 20797188834094 candidates (MITM path)
  MITM b1=111: s=4 t=3 j=3 je=3 Q=1367631 table=3112136 yh=6682610
stage b2=147 vs b1={112}: values [14966675814359580587845230627, 48871122850509266606740209664), 22857847052478 candidates (MITM path)
  MITM b1=112: s=4 t=3 j=3 je=3 Q=1404928 table=3176523 yh=7195871
stage b2=148 vs b1={113}: values [16345653942502506936829739008, 55347525466347647961440563489), 25075721605771 candidates (MITM path)
  MITM b1=113: s=4 t=3 j=3 je=3 Q=1442897 table=3241792 yh=7735143
stage b2=149 vs b1={114}: values [17841094326671990120557246949, 62613491038491041486196719616), 27460375041710 candidates (MITM path)
  MITM b1=114: s=4 t=3 j=3 je=3 Q=1481544 table=3307949 yh=8301330
stage b2=150 vs b1={115}: values [19461950683593750000000000000, 70757057644889830377197265625), 30021827576799 candidates (MITM path)
  MITM b1=115: s=4 t=3 j=3 je=3 Q=1520875 table=3375000 yh=8895357
stage b2=151 vs b1={116}: values [21217798211789755344498256951, 79875179874882329144077582336), 32770573520444 candidates (MITM path)
  MITM b1=116: s=4 t=3 j=3 je=3 Q=1560896 table=3442951 yh=9518165
stage b2=152 vs b1={117}: values [23118872149711733600018235392, 90074542392707106815022222729), 35717598097433 candidates (MITM path)
  MITM b1=117: s=4 t=3 j=3 je=3 Q=1601613 table=3511808 yh=10170715
stage b2=153 vs b1={118}: values [25176108445861666971446889273, 101472439712019470540189876224), 38874394673780 candidates (MITM path)
  MITM b1=118: s=4 t=3 j=3 je=3 Q=1643032 table=3581577 yh=10853989
stage b2=154 vs b1={119}: values [27401186641438277147770200064, 114197726928752863294965276721), 42252982390923 candidates (MITM path)
  MITM b1=119: s=4 t=3 j=3 je=3 Q=1685159 table=3652264 yh=11568984
stage b2=155 vs b1={120}: values [29806575070123343006591796875, 128391846454886400000000000000), 45865924213303 candidates (MITM path)
  MITM b1=120: s=4 t=3 j=3 je=3 Q=1728000 table=3723875 yh=12316720
stage b2=156 vs b1={121}: values [32405578483833249047003529216, 144209936106499234037676064081), 49726345394321 candidates (MITM path)
  MITM b1=121: s=4 t=3 j=3 je=3 Q=1771561 table=3796416 yh=13098235
stage b2=157 vs b1={122}: values [35212388217613072195274017357, 161822024226591835670322233344), 53847952365687 candidates (MITM path)
  MITM b1=122: s=4 t=3 j=3 je=3 Q=1815848 table=3869893 yh=13914585
stage b2=158 vs b1={123}: values [38242135011346498495560409088, 181414317867238075368413196009), 58245052055174 candidates (MITM path)
  MITM b1=123: s=4 t=3 j=3 je=3 Q=1860867 table=3944312 yh=14766848
stage b2=159 vs b1={124}: values [41510944610598709891422261279, 203190590417428920928489701376), 62932571637800 candidates (MITM path)
  MITM b1=124: s=4 t=3 j=3 je=3 Q=1906624 table=4019679 yh=15656119

*** MATCH: 46197238565102798763189976000 is an 14-digit palindrome in bases 124 and 159
stage b2=160 vs b1={125}: values [45035996273704960000000000000, 227373675443232059478759765625), 67926078725431 candidates (MITM path)
  MITM b1=125: s=4 t=3 j=3 je=3 Q=1953125 table=4096000 yh=16583516
done: 43.34s, 195546455 candidates tested
