A171740 search: n=14, threads=1, limit=none
stage b2=502 vs b1={322}: values [128572569380486442318916647962632192, 128819676365851491009049261438418944), 30758064438479 candidates (MITM path)
  MITM b1=322: s=4 t=3 j=3 je=3 Q=33386248 table=126506008 yh=243136
stage b2=503 vs b1={323}: values [131942225674835966194417272072460823, 134535009158552218608057415586748409), 318266080785423 candidates (MITM path)
  MITM b1=323: s=4 t=3 j=3 je=3 Q=33698267 table=127263527 yh=2500843
stage b2=504 vs b1={324}: values [135393237703353943528128490047012864, 140485060518220186283313934500888576), 616395596610019 candidates (MITM path)
  MITM b1=324: s=4 t=3 j=3 je=3 Q=34012224 table=128024064 yh=4814686
stage b2=505 vs b1={325}: values [138927402396641774642067017822265625, 146678700510385967791080474853515625), 925411289357642 candidates (MITM path)
  MITM b1=325: s=4 t=3 j=3 je=3 Q=34328125 table=128787625 yh=7185561
stage b2=506 vs b1={326}: values [142546552694430788571794496737878016, 153125105507970699913650504140210176), 1245582909622644 candidates (MITM path)
  MITM b1=326: s=4 t=3 j=3 je=3 Q=34645976 table=129554216 yh=9614376
stage b2=507 vs b1={327}: values [146252558193722600716669650994316907, 159833767777331726128449290957670609), 1577185355537508 candidates (MITM path)
  MITM b1=327: s=4 t=3 j=3 je=3 Q=34965783 table=130323843 yh=12102048
stage b2=508 vs b1={328}: values [150047325807278683064941158898597888, 166814505333469329957730743425695744), 1920498747935399 candidates (MITM path)
  MITM b1=328: s=4 t=3 j=3 je=3 Q=35287552 table=131096512 yh=14649504
stage b2=509 vs b1={329}: values [153932800432603454742132269478454829, 174077472071091630146366848886447281), 2275808506290742 candidates (MITM path)
  MITM b1=329: s=4 t=3 j=3 je=3 Q=35611289 table=131872229 yh=17257679
stage b2=510 vs b1={330}: values [157910965631566921956510000000000000, 181633168178380062252900000000000000), 2643405425442444 candidates (MITM path)
  MITM b1=330: s=4 t=3 j=3 je=3 Q=35937000 table=132651000 yh=19927520
stage b2=511 vs b1={331}: values [161983844320814634817101682325330431, 189492450840445919389300039685792521), 3023585753104407 candidates (MITM path)
  MITM b1=331: s=4 t=3 j=3 je=3 Q=36264691 table=133432831 yh=22659984
stage b2=512 vs b1={332}: values [166153499473114484112975882535043072, 197666545239619210242183006282317824), 3416651268167956 candidates (MITM path)
  MITM b1=332: s=4 t=3 j=3 je=3 Q=36594368 table=134217728 yh=25456036
stage b2=513 vs b1={333}: values [170422034829791634103401401374218753, 206167055859864657197443888722807129), 3822909359800826 candidates (MITM path)
  MITM b1=333: s=4 t=3 j=3 je=3 Q=36926037 table=135005697 yh=28316653
stage b2=514 vs b1={334}: values [174791595624404677813900345660678144, 215005978102776043931247317256257536), 4242673107347356 candidates (MITM path)
  MITM b1=334: s=4 t=3 j=3 je=3 Q=37259704 table=135796744 yh=31242820
stage b2=515 vs b1={335}: values [179264369317817909400790555419921875, 224195710222759373302821832275390625), 4676261361034536 candidates (MITM path)
  MITM b1=335: s=4 t=3 j=3 je=3 Q=37595375 table=136590875 yh=34235533
stage b2=516 vs b1={336}: values [183842586344826433975051806358634496, 233749065589177456392773613876412416), 5123998823488558 candidates (MITM path)
  MITM b1=336: s=4 t=3 j=3 je=3 Q=37933056 table=137388096 yh=37295800
stage b2=517 vs b1={337}: values [188528520872492679004546608119852437, 243679285283393666208253061306357089), 5586216132066536 candidates (MITM path)
  MITM b1=337: s=4 t=3 j=3 je=3 Q=38272753 table=138188413 yh=40424635
stage b2=518 vs b1={338}: values [193324491570354733181895297159815168, 254000051038820699590976063168856064), 6063249942008044 candidates (MITM path)
  MITM b1=338: s=4 t=3 j=3 je=3 Q=38614472 table=138991832 yh=43623067
stage b2=519 vs b1={339}: values [198232862392668818594582670912803559, 264725498532251343422483410510418841), 6555443010411151 candidates (MITM path)
  MITM b1=339: s=4 t=3 j=3 je=3 Q=38958219 table=139798359 yh=46892132
stage b2=520 vs b1={340}: values [203256043372850100305920000000000000, 275870231034922482073600000000000000), 7063144281037607 candidates (MITM path)
  MITM b1=340: s=4 t=3 j=3 je=3 Q=39304000 table=140608000 yh=50232877
stage b2=521 vs b1={341}: values [208396491430277954192889648311785961, 287449333431940958491026723053340361), 7586708969951869 candidates (MITM path)
  MITM b1=341: s=4 t=3 j=3 je=3 Q=39651821 table=141420761 yh=53646360

*** MATCH: 241831199641101348100431530007444402 is an 14-digit palindrome in bases 341 and 521
stage b2=522 vs b1={342}: values [213656711189633749233078088598986752, 299478386618880458206192837825019904), 8126498651998629 candidates (MITM path)
  MITM b1=342: s=4 t=3 j=3 je=3 Q=40001688 table=142236648 yh=57133649
stage b2=523 vs b1={343}: values [219039255812941154532109005895053883, 311973482284542371301330321821976049), 8682881348123536 candidates (MITM path)
  MITM b1=343: s=4 t=3 j=3 je=3 Q=40353607 table=143055667 yh=60695823
stage b2=524 vs b1={344}: values [224546727844480954380310660801101824, 324951238089060649950183741190045696), 9256231613541784 candidates (MITM path)
  MITM b1=344: s=4 t=3 j=3 je=3 Q=40707584 table=143877824 yh=64333971
stage b2=525 vs b1={345}: values [230181780068754346668720245361328125, 338428813246721067109392828369140625), 9846930626759270 candidates (MITM path)
  MITM b1=345: s=4 t=3 j=3 je=3 Q=41063625 table=144703125 yh=68049192
stage b2=526 vs b1={346}: values [235947116381670711226715627769880576, 352423924523059044388546203674361856), 10455366279450997 candidates (MITM path)
  MITM b1=346: s=4 t=3 j=3 je=3 Q=41421736 table=145531576 yh=71842597
done: 384.05s, 527033802 candidates tested
