A171740 search: n=14, threads=1, limit=none
stage b2=222 vs b1={151}: values [3181183109200735396368066404352, 3203887529980253057019236799601), 854357440068 candidates (MITM path)
  MITM b1=151: s=4 t=3 j=3 je=3 Q=3442951 table=10941048 yh=78088
stage b2=223 vs b1={152}: values [3372587450262487530117553541983, 3514068566756183507202771779584), 5158987041969 candidates (MITM path)
  MITM b1=152: s=4 t=3 j=3 je=3 Q=3511808 table=11089567 yh=465211
stage b2=224 vs b1={153}: values [3574573557065820643235855335424, 3851944592216835046631374058769), 9802232039668 candidates (MITM path)
  MITM b1=153: s=4 t=3 j=3 je=3 Q=3581577 table=11239424 yh=872130
stage b2=225 vs b1={154}: values [3787675244106352329254150390625, 4219782742781494680756610809856), 14801787881740 candidates (MITM path)
  MITM b1=154: s=4 t=3 j=3 je=3 Q=3652264 table=11390625 yh=1299472
stage b2=226 vs b1={155}: values [4012450695755043646903726514176, 4620019135869118166021728515625), 20176049396464 candidates (MITM path)
  MITM b1=155: s=4 t=3 j=3 je=3 Q=3723875 table=11543176 yh=1747877
stage b2=227 vs b1={156}: values [4249483463019298439303360450867, 5055270243477986851332550557696), 25944131553840 candidates (MITM path)
  MITM b1=156: s=4 t=3 j=3 je=3 Q=3796416 table=11697083 yh=2218001
stage b2=228 vs b1={157}: values [4499383496379987823288802869248, 5528344950165252334658020725049), 32125890654468 candidates (MITM path)
  MITM b1=157: s=4 t=3 j=3 je=3 Q=3869893 table=11852352 yh=2710508
stage b2=229 vs b1={158}: values [4762788215841769993285252588789, 6042257331792746762298544635904), 38741945950109 candidates (MITM path)
  MITM b1=158: s=4 t=3 j=3 je=3 Q=3944312 table=12008989 yh=3226079
stage b2=230 vs b1={159}: values [5040363619364673830000000000000, 6600240193085194872736139543361), 45813701700771 candidates (MITM path)
  MITM b1=159: s=4 t=3 j=3 je=3 Q=4019679 table=12167000 yh=3765407
stage b2=231 vs b1={160}: values [5332805430876196086067435141191, 7205759403792793600000000000000), 53363369673152 candidates (MITM path)
  MITM b1=160: s=4 t=3 j=3 je=3 Q=4096000 table=12326391 yh=4329197
stage b2=232 vs b1={161}: values [5640840289095138278864513400832, 7862529075064177918032791835841), 61413992085295 candidates (MITM path)
  MITM b1=161: s=4 t=3 j=3 je=3 Q=4173281 table=12487168 yh=4918169
stage b2=233 vs b1={162}: values [5965226978431093156430190442313, 8574527619520275041706172760064), 69989465002294 candidates (MITM path)
  MITM b1=162: s=4 t=3 j=3 je=3 Q=4251528 table=12649337 yh=5533055
stage b2=234 vs b1={163}: values [6306757703256894179732154261504, 9346014740476727289651520028089), 79114562187919 candidates (MITM path)
  MITM b1=163: s=4 t=3 j=3 je=3 Q=4330747 table=12812904 yh=6174601
stage b2=235 vs b1={164}: values [6666259406885477511385498046875, 10181549397794758908552901820416), 88814959417008 candidates (MITM path)
  MITM b1=164: s=4 t=3 j=3 je=3 Q=4410944 table=12977875 yh=6843568
stage b2=236 vs b1={165}: values [7044595136617487310722334457856, 11086008799949954971490478515625), 99117259253488 candidates (MITM path)
  MITM b1=165: s=4 t=3 j=3 je=3 Q=4492125 table=13144256 yh=7540728
stage b2=237 vs b1={166}: values [7442665456261594668083173595997, 12064608474097852187633240129536), 110049016298916 candidates (MITM path)
  MITM b1=166: s=4 t=3 j=3 je=3 Q=4574296 table=13312053 yh=8266871
stage b2=238 vs b1={167}: values [7861409907565911395902147452928, 13122923468187014400100544266129), 121638762916375 candidates (MITM path)
  MITM b1=167: s=4 t=3 j=3 je=3 Q=4657463 table=13481272 yh=9022796
stage b2=239 vs b1={168}: values [8301808522036075428899283574319, 14266910741526944359910498893824), 133916035434641 candidates (MITM path)
  MITM b1=168: s=4 t=3 j=3 je=3 Q=4741632 table=13651919 yh=9809320
stage b2=240 vs b1={169}: values [8764883384653578240000000000000, 15502932802662396215269535105521), 146911400837474 candidates (MITM path)
  MITM b1=169: s=4 t=3 j=3 je=3 Q=4826809 table=13824000 yh=10627272
stage b2=241 vs b1={170}: values [9251700251046710094679721359921, 16837782655940092900000000000000), 160656483942925 candidates (MITM path)
  MITM b1=170: s=4 t=3 j=3 je=3 Q=4913000 table=13997521 yh=11477496

*** MATCH: 12949699093002054166142136417750 is an 14-digit palindrome in bases 170 and 241
stage b2=242 vs b1={171}: values [9763370219706129960633407578112, 18278710120781277966686574574281), 175183995077558 candidates (MITM path)
  MITM b1=171: s=4 t=3 j=3 je=3 Q=5000211 table=14172488 yh=12360850
stage b2=243 vs b1={172}: values [10301051460877537453973547267843, 19833449590396768185436019359744), 190527758250461 candidates (MITM path)
  MITM b1=172: s=4 t=3 j=3 je=3 Q=5088448 table=14348907 yh=13278208
stage b2=244 vs b1={173}: values [10865951003805248506649833897984, 21510249299503115502230603251609), 206722739831961 candidates (MITM path)
  MITM b1=173: s=4 t=3 j=3 je=3 Q=5177717 table=14526784 yh=14230455
stage b2=245 vs b1={174}: values [11459326584042668830137939453125, 23317902173522098324213843378176), 223805077741924 candidates (MITM path)
  MITM b1=174: s=4 t=3 j=3 je=3 Q=5268024 table=14706125 yh=15218495
stage b2=246 vs b1={175}: values [12082488552588734255431226843136, 25265778334774076938629150390625), 241812111152554 candidates (MITM path)
  MITM b1=175: s=4 t=3 j=3 je=3 Q=5359375 table=14886936 yh=16243243
stage b2=247 vs b1={176}: values [12736801848653359358345383963927, 27363859344311872566309815320576), 260782410710598 candidates (MITM path)
  MITM b1=176: s=4 t=3 j=3 je=3 Q=5451776 table=15069223 yh=17305631
done: 48.18s, 109376827 candidates tested
