A171740 search: n=14, threads=1, limit=none
stage b2=178 vs b1={123}: values [180077739354589843349613518848, 181414317867238075368413196009), 236077424630 candidates (MITM path)
  MITM b1=123: s=4 t=3 j=3 je=3 Q=1860867 table=5639752 yh=41860
stage b2=179 vs b1={124}: values [193682063179592517160024627139, 203190590417428920928489701376), 1614886626675 candidates (MITM path)
  MITM b1=124: s=4 t=3 j=3 je=3 Q=1906624 table=5735339 yh=281568
stage b2=180 vs b1={125}: values [208229648656711680000000000000, 227373675443232059478759765625), 3126984709073 candidates (MITM path)
  MITM b1=125: s=4 t=3 j=3 je=3 Q=1953125 table=5832000 yh=536178
stage b2=181 vs b1={126}: values [223780105005863966156354481541, 254207073906400753327372517376), 4780889065032 candidates (MITM path)
  MITM b1=126: s=4 t=3 j=3 je=3 Q=2000376 table=5929741 yh=806256
stage b2=182 vs b1={127}: values [240396446553194784543350546432, 283956682347124706942551243009), 6585526566291 candidates (MITM path)
  MITM b1=127: s=4 t=3 j=3 je=3 Q=2048383 table=6028568 yh=1092387
stage b2=183 vs b1={128}: values [258145266804692077858261512663, 316912650057057350374175801344), 8550248265488 candidates (MITM path)
  MITM b1=128: s=4 t=3 j=3 je=3 Q=2097152 table=6128487 yh=1395165
stage b2=184 vs b1={129}: values [277096920385529169888730415104, 353391373730936795216525838081), 10684844461540 candidates (MITM path)
  MITM b1=129: s=4 t=3 j=3 je=3 Q=2146689 table=6229504 yh=1715200
stage b2=185 vs b1={130}: values [297325713154396124752197265625, 393737638569928900000000000000), 12999560132893 candidates (MITM path)
  MITM b1=130: s=4 t=3 j=3 je=3 Q=2197000 table=6331625 yh=2053116
stage b2=186 vs b1={131}: values [318910100812443423857138835456, 438326915318176225182722457721), 15505110743550 candidates (MITM path)
  MITM b1=131: s=4 t=3 j=3 je=3 Q=2248091 table=6434856 yh=2409551
stage b2=187 vs b1={132}: values [341932896337114006995328418347, 487567823246881413521655988224), 18212698426718 candidates (MITM path)
  MITM b1=132: s=4 t=3 j=3 je=3 Q=2299968 table=6539203 yh=2785156
stage b2=188 vs b1={133}: values [366481486582086184047925526528, 541904769658563069794308330729), 21134028550999 candidates (MITM path)
  MITM b1=133: s=4 t=3 j=3 je=3 Q=2352637 table=6644672 yh=3180598
stage b2=189 vs b1={134}: values [392648058395797069001849010669, 601820777068902739508172046336), 24281326673992 candidates (MITM path)
  MITM b1=134: s=4 t=3 j=3 je=3 Q=2406104 table=6751269 yh=3596558
stage b2=190 vs b1={135}: values [420529834622570590000000000000, 667840509835890864312744140625), 27667355888217 candidates (MITM path)
  MITM b1=135: s=4 t=3 j=3 je=3 Q=2460375 table=6859000 yh=4033731
stage b2=191 vs b1={136}: values [450229320362242466802436942271, 740533512646847684000786415616), 31305434564249 candidates (MITM path)
  MITM b1=136: s=4 t=3 j=3 je=3 Q=2515456 table=6967871 yh=4492827
stage b2=192 vs b1={137}: values [481854559876363607426268659712, 820517673944445067756173565489), 35209454495981 candidates (MITM path)
  MITM b1=137: s=4 t=3 j=3 je=3 Q=2571353 table=7077888 yh=4974571
stage b2=193 vs b1={138}: values [515519404541580055432731552193, 908462928074224101543164657664), 39393899452921 candidates (MITM path)
  MITM b1=138: s=4 t=3 j=3 je=3 Q=2628072 table=7189057 yh=5479704
stage b2=194 vs b1={139}: values [551343792263638925546446659584, 1005095210669462420559310325641), 43873864144428 candidates (MITM path)
  MITM b1=139: s=4 t=3 j=3 je=3 Q=2685619 table=7301384 yh=6008980
stage b2=195 vs b1={140}: values [589454038778662817039794921875, 1111200682555801600000000000000), 48665073600815 candidates (MITM path)
  MITM b1=140: s=4 t=3 j=3 je=3 Q=2744000 table=7414875 yh=6563169
stage b2=196 vs b1={141}: values [629983141281877223603213172736, 1227630238259041401156597561561), 53783902976244 candidates (MITM path)
  MITM b1=141: s=4 t=3 j=3 je=3 Q=2803221 table=7529536 yh=7143057
stage b2=197 vs b1={142}: values [673071094837873811440793512277, 1355304316036224269151582306304), 59247397778319 candidates (MITM path)
  MITM b1=142: s=4 t=3 j=3 je=3 Q=2863288 table=7645373 yh=7749446
stage b2=198 vs b1={143}: values [718865222040754575648532881408, 1495218027223887926540376015649), 65073294529329 candidates (MITM path)
  MITM b1=143: s=4 t=3 j=3 je=3 Q=2924207 table=7762392 yh=8383150
stage b2=199 vs b1={144}: values [767520516407135386698284882599, 1648446623609512543951043690496), 71280041864052 candidates (MITM path)
  MITM b1=144: s=4 t=3 j=3 je=3 Q=2985984 table=7880599 yh=9045004
stage b2=200 vs b1={145}: values [819200000000000000000000000000, 1816151322484127584722900390625), 77886822069073 candidates (MITM path)
  MITM b1=145: s=4 t=3 j=3 je=3 Q=3048625 table=8000000 yh=9735853
stage b2=201 vs b1={146}: values [874075095796795036986291122601, 1999585510027208108829825581056), 84913573068543 candidates (MITM path)
  MITM b1=146: s=4 t=3 j=3 je=3 Q=3112136 table=8120601 yh=10456563
stage b2=202 vs b1={147}: values [932326015330950691117312417792, 2200101344710858346413248902169), 92381010861323 candidates (MITM path)
  MITM b1=147: s=4 t=3 j=3 je=3 Q=3176523 table=8242408 yh=11208013
stage b2=203 vs b1={148}: values [994142162152209023250193980923, 2419156783490371026650801373184), 100310652414458 candidates (MITM path)
  MITM b1=148: s=4 t=3 j=3 je=3 Q=3241792 table=8365427 yh=11991098
stage b2=204 vs b1={149}: values [1059722551667749867247804350464, 2658323054674126527963029795401), 108724839017932 candidates (MITM path)
  MITM b1=149: s=4 t=3 j=3 je=3 Q=3307949 table=8489664 yh=12806731
stage b2=205 vs b1={150}: values [1129276247943131871729736328125, 2919292602539062500000000000000), 117646760105650 candidates (MITM path)
  MITM b1=150: s=4 t=3 j=3 je=3 Q=3375000 table=8615125 yh=13655840
stage b2=206 vs b1={151}: values [1203022818059521485874197487616, 3203887529980253057019236799601), 127100477547595 candidates (MITM path)
  MITM b1=151: s=4 t=3 j=3 je=3 Q=3442951 table=8741816 yh=14539368

*** MATCH: 2695321848114911685585955379760 is an 14-digit palindrome in bases 151 and 206
stage b2=207 vs b1={152}: values [1281192804641574310961385893007, 3514068566756183507202771779584), 137110950418131 candidates (MITM path)
  MITM b1=152: s=4 t=3 j=3 je=3 Q=3511808 table=8869743 yh=15458278
stage b2=208 vs b1={153}: values [1364028217188669867381634367488, 3851944592216835046631374058769), 147704060245392 candidates (MITM path)
  MITM b1=153: s=4 t=3 j=3 je=3 Q=3581577 table=8998912 yh=16413547
stage b2=209 vs b1={154}: values [1451783042860991280530128758929, 4219782742781494680756610809856), 158906636746726 candidates (MITM path)
  MITM b1=154: s=4 t=3 j=3 je=3 Q=3652264 table=9129329 yh=17406169
stage b2=210 vs b1={155}: values [1544723777391194610000000000000, 4620019135869118166021728515625), 170746484055163 candidates (MITM path)
  MITM b1=155: s=4 t=3 j=3 je=3 Q=3723875 table=9261000 yh=18437155
stage b2=211 vs b1={156}: values [1643129976812137607879885938531, 5055270243477986851332550557696), 183252407441858 candidates (MITM path)
  MITM b1=156: s=4 t=3 j=3 je=3 Q=3796416 table=9393931 yh=19507532
stage b2=212 vs b1={157}: values [1747294830711343799643429404672, 5528344950165252334658020725049), 196454240539485 candidates (MITM path)
  MITM b1=157: s=4 t=3 j=3 je=3 Q=3869893 table=9528128 yh=20618347
stage b2=213 vs b1={158}: values [1857525757743574275028332482853, 6042257331792746762298544635904), 210382873071554 candidates (MITM path)
  MITM b1=158: s=4 t=3 j=3 je=3 Q=3944312 table=9663597 yh=21770659
stage b2=214 vs b1={159}: values [1974145024154075931737388703744, 6600240193085194872736139543361), 225070279092611 candidates (MITM path)
  MITM b1=159: s=4 t=3 j=3 je=3 Q=4019679 table=9800344 yh=22965549
stage b2=215 vs b1={160}: values [2097490386086780743704833984375, 7205759403792793600000000000000), 240549545744306 candidates (MITM path)
  MITM b1=160: s=4 t=3 j=3 je=3 Q=4096000 table=9938375 yh=24204113
stage b2=216 vs b1={161}: values [2227915756473955677973140996096, 7862529075064177918032791835841), 256854902532305 candidates (MITM path)
  MITM b1=161: s=4 t=3 j=3 je=3 Q=4173281 table=10077696 yh=25487463
stage b2=217 vs b1={162}: values [2365791897326557049109957244537, 8574527619520275041706172760064), 274021751129003 candidates (MITM path)
  MITM b1=162: s=4 t=3 j=3 je=3 Q=4251528 table=10218313 yh=26816732
stage b2=218 vs b1={163}: values [2511507138267836407351489568768, 9346014740476727289651520028089), 292086695707052 candidates (MITM path)
  MITM b1=163: s=4 t=3 j=3 je=3 Q=4330747 table=10360232 yh=28193066
stage b2=219 vs b1={164}: values [2665468122176587678000165555659, 10181549397794758908552901820416), 311087573808645 candidates (MITM path)
  MITM b1=164: s=4 t=3 j=3 je=3 Q=4410944 table=10503459 yh=29617632
done: 73.64s, 224126122 candidates tested
