A171740 search: n=14, threads=1, limit=none
stage b2=176 vs b1={122}: values [155476473547226548672214859776, 161822024226591835670322233344), 1213055419088 candidates (MITM path)
  MITM b1=122: s=4 t=3 j=3 je=3 Q=1815848 table=5451776 yh=222507
stage b2=177 vs b1={123}: values [167360306560954484666776127217, 181414317867238075368413196009), 2582185476183 candidates (MITM path)
  MITM b1=123: s=4 t=3 j=3 je=3 Q=1860867 table=5545233 yh=465659
stage b2=178 vs b1={124}: values [180077739354589843349613518848, 203190590417428920928489701376), 4082380722964 candidates (MITM path)
  MITM b1=124: s=4 t=3 j=3 je=3 Q=1906624 table=5639752 yh=723859
stage b2=179 vs b1={125}: values [193682063179592517160024627139, 227373675443232059478759765625), 5722035885765 candidates (MITM path)
  MITM b1=125: s=4 t=3 j=3 je=3 Q=1953125 table=5735339 yh=997681
stage b2=180 vs b1={126}: values [208229648656711680000000000000, 254207073906400753327372517376), 7509951136276 candidates (MITM path)
  MITM b1=126: s=4 t=3 j=3 je=3 Q=2000376 table=5832000 yh=1287715
stage b2=181 vs b1={127}: values [223780105005863966156354481541, 283956682347124706942551243009), 9455346719626 candidates (MITM path)
  MITM b1=127: s=4 t=3 j=3 je=3 Q=2048383 table=5929741 yh=1594564
stage b2=182 vs b1={128}: values [240396446553194784543350546432, 316912650057057350374175801344), 11567877945156 candidates (MITM path)
  MITM b1=128: s=4 t=3 j=3 je=3 Q=2097152 table=6028568 yh=1918844
stage b2=183 vs b1={129}: values [258145266804692077858261512663, 353391373730936795216525838081), 13857650544749 candidates (MITM path)
  MITM b1=129: s=4 t=3 j=3 je=3 Q=2146689 table=6128487 yh=2261187
stage b2=184 vs b1={130}: values [277096920385529169888730415104, 393737638569928900000000000000), 16335236403625 candidates (MITM path)
  MITM b1=130: s=4 t=3 j=3 je=3 Q=2197000 table=6229504 yh=2622238
stage b2=185 vs b1={131}: values [297325713154396124752197265625, 438326915318176225182722457721), 19011689668454 candidates (MITM path)
  MITM b1=131: s=4 t=3 j=3 je=3 Q=2248091 table=6331625 yh=3002656
stage b2=186 vs b1={132}: values [318910100812443423857138835456, 487567823246881413521655988224), 21898563237720 candidates (MITM path)
  MITM b1=132: s=4 t=3 j=3 je=3 Q=2299968 table=6434856 yh=3403117
stage b2=187 vs b1={133}: values [341932896337114006995328418347, 541904769658563069794308330729), 25007925639197 candidates (MITM path)
  MITM b1=133: s=4 t=3 j=3 je=3 Q=2352637 table=6539203 yh=3824308
stage b2=188 vs b1={134}: values [366481486582086184047925526528, 601820777068902739508172046336), 28352378299475 candidates (MITM path)
  MITM b1=134: s=4 t=3 j=3 je=3 Q=2406104 table=6644672 yh=4266935

*** MATCH: 493440895720935668294375138685 is an 14-digit palindrome in bases 134 and 188
stage b2=189 vs b1={135}: values [392648058395797069001849010669, 667840509835890864312744140625), 31945073210414 candidates (MITM path)
  MITM b1=135: s=4 t=3 j=3 je=3 Q=2460375 table=6751269 yh=4731714
stage b2=190 vs b1={136}: values [420529834622570590000000000000, 740533512646847684000786415616), 35799730997456 candidates (MITM path)
  MITM b1=136: s=4 t=3 j=3 je=3 Q=2515456 table=6859000 yh=5219381
stage b2=191 vs b1={137}: values [450229320362242466802436942271, 820517673944445067756173565489), 39930659394703 candidates (MITM path)
  MITM b1=137: s=4 t=3 j=3 je=3 Q=2571353 table=6967871 yh=5730683
stage b2=192 vs b1={138}: values [481854559876363607426268659712, 908462928074224101543164657664), 44352772131682 candidates (MITM path)
  MITM b1=138: s=4 t=3 j=3 je=3 Q=2628072 table=7077888 yh=6266386
done: 10.60s, 28387440 candidates tested
