A171740 search: n=14, threads=1, limit=none
stage b2=418 vs b1={272}: values [11893006687117240570102814793146368, 12132901071205952454668884633452544), 107593518229121 candidates (MITM path)
  MITM b1=272: s=4 t=3 j=3 je=3 Q=20123648 table=73034632 yh=1473185
stage b2=419 vs b1={273}: values [12268240994128212834729297883414259, 12772533739409419310834931469027809), 222425491908076 candidates (MITM path)
  MITM b1=273: s=4 t=3 j=3 je=3 Q=20346417 table=73560059 yh=3023727
stage b2=420 vs b1={274}: values [12654377184388666245120000000000000, 13443361569905787990117147696971776), 342234175141117 candidates (MITM path)
  MITM b1=274: s=4 t=3 j=3 je=3 Q=20570824 table=74088000 yh=4619293
stage b2=421 vs b1={275}: values [13051704902006434014097498971732661, 14146783708901740610599517822265625), 467165435968030 candidates (MITM path)
  MITM b1=275: s=4 t=3 j=3 je=3 Q=20796875 table=74618461 yh=6260722
stage b2=422 vs b1={276}: values [13460520770045031283752025608445952, 14884256613568087679683209751166976), 597368423154052 candidates (MITM path)
  MITM b1=276: s=4 t=3 j=3 je=3 Q=21024576 table=75151448 yh=7948862
stage b2=423 vs b1={277}: values [13881128541502621729192837547096583, 15657296178282829721680640148731209), 732995622433590 candidates (MITM path)
  MITM b1=277: s=4 t=3 j=3 je=3 Q=21253933 table=75686967 yh=9684569
stage b2=424 vs b1={278}: values [14313839253187328406678973683073024, 16467479931608472298443740375302144), 874202913434092 candidates (MITM path)
  MITM b1=278: s=4 t=3 j=3 je=3 Q=21484952 table=76225024 yh=11468713
stage b2=425 vs b1={279}: values [14758971382537390291690826416015625, 17316449306087601206337604921562481), 1021149627284745 candidates (MITM path)
  MITM b1=279: s=4 t=3 j=3 je=3 Q=21717639 table=76765625 yh=13302174
stage b2=426 vs b1={280}: values [15216851007435360461032099699531776, 18205911982994253414400000000000000), 1173998604914671 candidates (MITM path)
  MITM b1=280: s=4 t=3 j=3 je=3 Q=21952000 table=77308776 yh=15185839
stage b2=427 vs b1={281}: values [15687811969066244649321093637445467, 19137644314233322299008947929826321), 1332916256045340 candidates (MITM path)
  MITM b1=281: s=4 t=3 j=3 je=3 Q=22188041 table=77854483 yh=17120611
stage b2=428 vs b1={282}: values [16172196037870190032792688261070848, 20113493823636134316549694448615424), 1498072618881869 candidates (MITM path)
  MITM b1=282: s=4 t=3 j=3 je=3 Q=22425768 table=78402752 yh=19107399
stage b2=429 vs b1={283}: values [16670353082641053641298125247535389, 21135381789957450134663699873055529), 1669641420507915 candidates (MITM path)
  MITM b1=283: s=4 t=3 j=3 je=3 Q=22665187 table=78953589 yh=21147126
stage b2=430 vs b1={284}: values [17182641242822907852430000000000000, 22205305913937498425779524506484736), 1847800137988876 candidates (MITM path)
  MITM b1=284: s=4 t=3 j=3 je=3 Q=22906304 table=79507000 yh=23240723
stage b2=431 vs b1={285}: values [17709427104057277060049775698679791, 23325343071852267342134088134765625), 2032730060188083 candidates (MITM path)
  MITM b1=285: s=4 t=3 j=3 je=3 Q=23149125 table=80062991 yh=25389135
stage b2=432 vs b1={286}: values [18251085877034644913955971040018432, 24497652158036179788437520640393216), 2224616350300723 candidates (MITM path)
  MITM b1=286: s=4 t=3 j=3 je=3 Q=23393656 table=80621568 yh=27593316
stage b2=433 vs b1={287}: values [18808001579704525579373326142460913, 25724477018923486959881583081626689), 2423648109110195 candidates (MITM path)
  MITM b1=287: s=4 t=3 j=3 je=3 Q=23639903 table=81182737 yh=29854231
stage b2=434 vs b1={288}: values [19380567222899155346308769747247104, 27008149481218253520093899825086464), 2630018438971610 candidates (MITM path)
  MITM b1=288: s=4 t=3 j=3 je=3 Q=23887872 table=81746504 yh=32172856
stage b2=435 vs b1={289}: values [19969184999426632712125301513671875, 28351092476867700887730107366063041), 2843924508527186 candidates (MITM path)
  MITM b1=289: s=4 t=3 j=3 je=3 Q=24137569 table=82312875 yh=34550179
stage b2=436 vs b1={290}: values [20574266476690115849023402547347456, 29755823267579946348100000000000000), 3065567618158235 candidates (MITM path)
  MITM b1=290: s=4 t=3 j=3 je=3 Q=24389000 table=82881856 yh=36987198
stage b2=437 vs b1={291}: values [21196232792890476235164446315006597, 31224956771694849412103314940863161), 3295153266178506 candidates (MITM path)
  MITM b1=291: s=4 t=3 j=3 je=3 Q=24642171 table=83453453 yh=39484925

*** MATCH: 21293409781896858789637091562144744 is an 14-digit palindrome in bases 291 and 437
done: 211.15s, 340512462 candidates tested
