A171740 search: n=14, threads=1, limit=none
stage b2=236 vs b1={160}: values [7044595136617487310722334457856, 7205759403792793600000000000000), 3952617025312 candidates (MITM path)
  MITM b1=160: s=4 t=3 j=3 je=3 Q=4096000 table=13144256 yh=300711
stage b2=237 vs b1={161}: values [7442665456261594668083173595997, 7862529075064177918032791835841), 9997003002984 candidates (MITM path)
  MITM b1=161: s=4 t=3 j=3 je=3 Q=4173281 table=13312053 yh=750974
stage b2=238 vs b1={162}: values [7861409907565911395902147452928, 8574527619520275041706172760064), 16486274395470 candidates (MITM path)
  MITM b1=162: s=4 t=3 j=3 je=3 Q=4251528 table=13481272 yh=1222902
stage b2=239 vs b1={163}: values [8301808522036075428899283574319, 9346014740476727289651520028089), 23442340433474 candidates (MITM path)
  MITM b1=163: s=4 t=3 j=3 je=3 Q=4330747 table=13651919 yh=1717147
stage b2=240 vs b1={164}: values [8764883384653578240000000000000, 10181549397794758908552901820416), 30887928478702 candidates (MITM path)
  MITM b1=164: s=4 t=3 j=3 je=3 Q=4410944 table=13824000 yh=2234370
stage b2=241 vs b1={165}: values [9251700251046710094679721359921, 11086008799949954971490478515625), 38846607010643 candidates (MITM path)
  MITM b1=165: s=4 t=3 j=3 je=3 Q=4492125 table=13997521 yh=2775250
stage b2=242 vs b1={166}: values [9763370219706129960633407578112, 12064608474097852187633240129536), 47342809061415 candidates (MITM path)
  MITM b1=166: s=4 t=3 j=3 je=3 Q=4574296 table=14172488 yh=3340473
stage b2=243 vs b1={167}: values [10301051460877537453973547267843, 13122923468187014400100544266129), 56401856103499 candidates (MITM path)
  MITM b1=167: s=4 t=3 j=3 je=3 Q=4657463 table=14348907 yh=3930743
stage b2=244 vs b1={168}: values [10865951003805248506649833897984, 14266910741526944359910498893824), 66049982395192 candidates (MITM path)
  MITM b1=168: s=4 t=3 j=3 je=3 Q=4741632 table=14526784 yh=4546773
stage b2=245 vs b1={169}: values [11459326584042668830137939453125, 15502932802662396215269535105521), 76314359788606 candidates (MITM path)
  MITM b1=169: s=4 t=3 j=3 je=3 Q=4826809 table=14706125 yh=5189291
stage b2=246 vs b1={170}: values [12082488552588734255431226843136, 16837782655940092900000000000000), 87223123005044 candidates (MITM path)
  MITM b1=170: s=4 t=3 j=3 je=3 Q=4913000 table=14886936 yh=5859038
stage b2=247 vs b1={171}: values [12736801848653359358345383963927, 18278710120781277966686574574281), 98805395382598 candidates (MITM path)
  MITM b1=171: s=4 t=3 j=3 je=3 Q=5000211 table=15069223 yh=6556768
stage b2=248 vs b1={172}: values [13423688037899820324566029303808, 19833449590396768185436019359744), 111091315100818 candidates (MITM path)
  MITM b1=172: s=4 t=3 j=3 je=3 Q=5088448 table=15252992 yh=7283248
stage b2=249 vs b1={173}: values [14144627418057809847797432628249, 21510249299503115502230603251609), 124112061887290 candidates (MITM path)
  MITM b1=173: s=4 t=3 j=3 je=3 Q=5177717 table=15438249 yh=8039258
stage b2=250 vs b1={174}: values [14901161193847656250000000000000, 23317902173522098324213843378176), 137899884210987 candidates (MITM path)
  MITM b1=174: s=4 t=3 j=3 je=3 Q=5268024 table=15625000 yh=8825593
stage b2=251 vs b1={175}: values [15694893723203911415883379878251, 25265778334774076938629150390625), 152488126967241 candidates (MITM path)
  MITM b1=175: s=4 t=3 j=3 je=3 Q=5359375 table=15813251 yh=9643060
stage b2=252 vs b1={176}: values [16527494836835198184585997320192, 27363859344311872566309815320576), 167911259659216 candidates (MITM path)
  MITM b1=176: s=4 t=3 j=3 je=3 Q=5451776 table=16003008 yh=10492482
stage b2=253 vs b1={177}: values [17400702233206883370580382902573, 29622774261288943786019374517409), 184204905080726 candidates (MITM path)
  MITM b1=177: s=4 t=3 j=3 je=3 Q=5545233 table=16194277 yh=11374692
stage b2=254 vs b1={178}: values [18316323951083823616325825060864, 32053837605116992116231206354944), 201405868505286 candidates (MITM path)
  MITM b1=178: s=4 t=3 j=3 je=3 Q=5639752 table=16387064 yh=12290541
stage b2=255 vs b1={179}: values [19276240921822134027894287109375, 34669089309147060571644408257881), 219552167386260 candidates (MITM path)
  MITM b1=179: s=4 t=3 j=3 je=3 Q=5735339 table=16581375 yh=13240891
stage b2=256 vs b1={180}: values [20282409603651670423947251286016, 37481336758208102400000000000000), 238683061572993 candidates (MITM path)
  MITM b1=180: s=4 t=3 j=3 je=3 Q=5832000 table=16777216 yh=14226620
stage b2=257 vs b1={181}: values [21336864700244711647204632038657, 40504199006061377874300161158921), 258839084047801 candidates (MITM path)
  MITM b1=181: s=4 t=3 j=3 je=3 Q=5929741 table=16974593 yh=15248618

*** MATCH: 24609334841364683330098480780842 is an 14-digit palindrome in bases 181 and 257
stage b2=258 vs b1={182}: values [22441721965921195553595191205888, 43752153272681450786889799450624), 280062072188710 candidates (MITM path)
  MITM b1=182: s=4 t=3 j=3 je=3 Q=6028568 table=17173512 yh=16307793
stage b2=259 vs b1={183}: values [23599181099896818015368078266579, 47240583825258650248061856817329), 302395199562828 candidates (MITM path)
  MITM b1=183: s=4 t=3 j=3 je=3 Q=6128487 table=17373979 yh=17405064
done: 57.10s, 138846699 candidates tested
