A171740 search: n=14, threads=1, limit=none
stage b2=139 vs b1={98}: values [7230900796183182881721657019, 7536419414749019520643907584), 304743239489 candidates (MITM path)
  MITM b1=98: s=4 t=3 j=3 je=3 Q=941192 table=2685619 yh=113473
stage b2=140 vs b1={99}: values [7937147732541440000000000000, 8687458127689783079736908601), 711778251057 candidates (MITM path)
  MITM b1=99: s=4 t=3 j=3 je=3 Q=970299 table=2744000 yh=259395
stage b2=141 vs b1={100}: values [8706597434461286533025514621, 10000000000000000000000000000), 1167346886921 candidates (MITM path)
  MITM b1=100: s=4 t=3 j=3 je=3 Q=1000000 table=2803221 yh=416431
stage b2=142 vs b1={101}: values [9544396591804396261630861312, 11494742132376223120464911401), 1675302169776 candidates (MITM path)
  MITM b1=101: s=4 t=3 j=3 je=3 Q=1030301 table=2863288 yh=585098
stage b2=143 vs b1={102}: values [10456070120446768717065566543, 13194787630628721491610845184), 2239726436707 candidates (MITM path)
  MITM b1=102: s=4 t=3 j=3 je=3 Q=1061208 table=2924207 yh=765927
stage b2=144 vs b1={103}: values [11447545997288281555215581184, 15125897248551112432256145169), 2864941468504 candidates (MITM path)
  MITM b1=103: s=4 t=3 j=3 je=3 Q=1092727 table=2985984 yh=959464
stage b2=145 vs b1={104}: values [12525181534373293687744140625, 17316764476028035425743405056), 3555518923993 candidates (MITM path)
  MITM b1=104: s=4 t=3 j=3 je=3 Q=1124864 table=3048625 yh=1166270
stage b2=146 vs b1={105}: values [13695791164569918553628942336, 19799315994393973883056640625), 4316291084329 candidates (MITM path)
  MITM b1=105: s=4 t=3 j=3 je=3 Q=1157625 table=3112136 yh=1386923
stage b2=147 vs b1={106}: values [14966675814359580587845230627, 22609039557544243501245546496), 5152361912137 candidates (MITM path)
  MITM b1=106: s=4 t=3 j=3 je=3 Q=1191016 table=3176523 yh=1622014
stage b2=148 vs b1={107}: values [16345653942502506936829739008, 25785341502012466393542552649), 6069118430459 candidates (MITM path)
  MITM b1=107: s=4 t=3 j=3 je=3 Q=1225043 table=3241792 yh=1872150
stage b2=149 vs b1={108}: values [17841094326671990120557246949, 29371936242576564113903714304), 7072242426411 candidates (MITM path)
  MITM b1=108: s=4 t=3 j=3 je=3 Q=1259712 table=3307949 yh=2137954
stage b2=150 vs b1={109}: values [19461950683593750000000000000, 33417270272362569384925825561), 8167722484511 candidates (MITM path)
  MITM b1=109: s=4 t=3 j=3 je=3 Q=1295029 table=3375000 yh=2420066
stage b2=151 vs b1={110}: values [21217798211789755344498256951, 37974983358324100000000000000), 9361866354593 candidates (MITM path)
  MITM b1=110: s=4 t=3 j=3 je=3 Q=1331000 table=3442951 yh=2719141
stage b2=152 vs b1={111}: values [23118872149711733600018235392, 43104409804843948852155196641), 10661313659269 candidates (MITM path)
  MITM b1=111: s=4 t=3 j=3 je=3 Q=1367631 table=3511808 yh=3035848
stage b2=153 vs b1={112}: values [25176108445861666971446889273, 48871122850509266606740209664), 12073048945877 candidates (MITM path)
  MITM b1=112: s=4 t=3 j=3 je=3 Q=1404928 table=3581577 yh=3370876
stage b2=154 vs b1={113}: values [27401186641438277147770200064, 55347525466347647961440563489), 13604415087870 candidates (MITM path)
  MITM b1=113: s=4 t=3 j=3 je=3 Q=1442897 table=3652264 yh=3724927
stage b2=155 vs b1={114}: values [29806575070123343006591796875, 62613491038491041486196719616), 15263127040597 candidates (MITM path)
  MITM b1=114: s=4 t=3 j=3 je=3 Q=1481544 table=3723875 yh=4098722
stage b2=156 vs b1={115}: values [32405578483833249047003529216, 70757057644889830377197265625), 17057285956440 candidates (MITM path)
  MITM b1=115: s=4 t=3 j=3 je=3 Q=1520875 table=3796416 yh=4492998
stage b2=157 vs b1={116}: values [35212388217613072195274017357, 79875179874882329144077582336), 18995393664260 candidates (MITM path)
  MITM b1=116: s=4 t=3 j=3 je=3 Q=1560896 table=3869893 yh=4908507
stage b2=158 vs b1={117}: values [38242135011346498495560409088, 90074542392707106815022222729), 21086367518131 candidates (MITM path)
  MITM b1=117: s=4 t=3 j=3 je=3 Q=1601613 table=3944312 yh=5346020
stage b2=159 vs b1={118}: values [41510944610598709891422261279, 101472439712019470540189876224), 23339555620306 candidates (MITM path)
  MITM b1=118: s=4 t=3 j=3 je=3 Q=1643032 table=4019679 yh=5806324
stage b2=160 vs b1={119}: values [45035996273704960000000000000, 114197726928752863294965276721), 25764752423409 candidates (MITM path)
  MITM b1=119: s=4 t=3 j=3 je=3 Q=1685159 table=4096000 yh=6290223
stage b2=161 vs b1={120}: values [48835584317168806944303054881, 128391846454886400000000000000), 28372214716816 candidates (MITM path)
  MITM b1=120: s=4 t=3 j=3 je=3 Q=1728000 table=4173281 yh=6798540
stage b2=162 vs b1={121}: values [52929182836544907664852918272, 144209936106499234037676064081), 31172678002194 candidates (MITM path)
  MITM b1=121: s=4 t=3 j=3 je=3 Q=1771561 table=4251528 yh=7332112

*** MATCH: 119424449632297630677230699084 is an 14-digit palindrome in bases 121 and 162
stage b2=163 vs b1={122}: values [57337513745255995642033865203, 161822024226591835670322233344), 34177373263189 candidates (MITM path)
  MITM b1=122: s=4 t=3 j=3 je=3 Q=1815848 table=4330747 yh=7891797

*** MATCH: 69371054005452325725992989488 is an 14-digit palindrome in bases 122 and 163
stage b2=164 vs b1={123}: values [62082618279236334808249401344, 181414317867238075368413196009), 37398044134231 candidates (MITM path)
  MITM b1=123: s=4 t=3 j=3 je=3 Q=1860867 table=4410944 yh=8478468
stage b2=165 vs b1={124}: values [67187932120908818009033203125, 203190590417428920928489701376), 40846964473455 candidates (MITM path)
  MITM b1=124: s=4 t=3 j=3 je=3 Q=1906624 table=4492125 yh=9093016
done: 20.46s, 71211219 candidates tested
