A171740 search: n=14, threads=1, limit=none
stage b2=192 vs b1={132}: values [481854559876363607426268659712, 487567823246881413521655988224), 593985226946 candidates (MITM path)
  MITM b1=132: s=4 t=3 j=3 je=3 Q=2299968 table=7077888 yh=83922
stage b2=193 vs b1={133}: values [515519404541580055432731552193, 541904769658563069794308330729), 2645220898674 candidates (MITM path)
  MITM b1=133: s=4 t=3 j=3 je=3 Q=2352637 table=7189057 yh=367952
stage b2=194 vs b1={134}: values [551343792263638925546446659584, 601820777068902739508172046336), 4880690801028 candidates (MITM path)
  MITM b1=134: s=4 t=3 j=3 je=3 Q=2406104 table=7301384 yh=668462
stage b2=195 vs b1={135}: values [589454038778662817039794921875, 667840509835890864312744140625), 7311371196741 candidates (MITM path)
  MITM b1=135: s=4 t=3 j=3 je=3 Q=2460375 table=7414875 yh=986042
stage b2=196 vs b1={136}: values [629983141281877223603213172736, 740533512646847684000786415616), 9948731412827 candidates (MITM path)
  MITM b1=136: s=4 t=3 j=3 je=3 Q=2515456 table=7529536 yh=1321295
stage b2=197 vs b1={137}: values [673071094837873811440793512277, 820517673944445067756173565489), 12804750416632 candidates (MITM path)
  MITM b1=137: s=4 t=3 j=3 je=3 Q=2571353 table=7645373 yh=1674837
stage b2=198 vs b1={138}: values [718865222040754575648532881408, 908462928074224101543164657664), 15891933776025 candidates (MITM path)
  MITM b1=138: s=4 t=3 j=3 je=3 Q=2628072 table=7762392 yh=2047299
stage b2=199 vs b1={139}: values [767520516407135386698284882599, 1005095210669462420559310325641), 19223331008588 candidates (MITM path)
  MITM b1=139: s=4 t=3 j=3 je=3 Q=2685619 table=7880599 yh=2439324
stage b2=200 vs b1={140}: values [819200000000000000000000000000, 1111200682555801600000000000000), 22812553324673 candidates (MITM path)
  MITM b1=140: s=4 t=3 j=3 je=3 Q=2744000 table=8000000 yh=2851570
stage b2=201 vs b1={141}: values [874075095796795036986291122601, 1227630238259041401156597561561), 26673791769182 candidates (MITM path)
  MITM b1=141: s=4 t=3 j=3 je=3 Q=2803221 table=8120601 yh=3284707
stage b2=202 vs b1={142}: values [932326015330950691117312417792, 1355304316036224269151582306304), 30821835766966 candidates (MITM path)
  MITM b1=142: s=4 t=3 j=3 je=3 Q=2863288 table=8242408 yh=3739422
stage b2=203 vs b1={143}: values [994142162152209023250193980923, 1495218027223887926540376015649), 35272092076697 candidates (MITM path)
  MITM b1=143: s=4 t=3 j=3 je=3 Q=2924207 table=8365427 yh=4216413
stage b2=204 vs b1={144}: values [1059722551667749867247804350464, 1648446623609512543951043690496), 40040604158120 candidates (MITM path)
  MITM b1=144: s=4 t=3 j=3 je=3 Q=2985984 table=8489664 yh=4716395
stage b2=205 vs b1={145}: values [1129276247943131871729736328125, 1816151322484127584722900390625), 45144071957553 candidates (MITM path)
  MITM b1=145: s=4 t=3 j=3 je=3 Q=3048625 table=8615125 yh=5240095
stage b2=206 vs b1={146}: values [1203022818059521485874197487616, 1999585510027208108829825581056), 50599872116542 candidates (MITM path)
  MITM b1=146: s=4 t=3 j=3 je=3 Q=3112136 table=8741816 yh=5788257
stage b2=207 vs b1={147}: values [1281192804641574310961385893007, 2200101344710858346413248902169), 56426078608565 candidates (MITM path)
  MITM b1=147: s=4 t=3 j=3 je=3 Q=3176523 table=8869743 yh=6361637
stage b2=208 vs b1={148}: values [1364028217188669867381634367488, 2419156783490371026650801373184), 62641483808674 candidates (MITM path)
  MITM b1=148: s=4 t=3 j=3 je=3 Q=3241792 table=8998912 yh=6961007
stage b2=209 vs b1={149}: values [1451783042860991280530128758929, 2658323054674126527963029795401), 69265620001002 candidates (MITM path)
  MITM b1=149: s=4 t=3 j=3 je=3 Q=3307949 table=9129329 yh=7587154
stage b2=210 vs b1={150}: values [1544723777391194610000000000000, 2919292602539062500000000000000), 76318781329023 candidates (MITM path)
  MITM b1=150: s=4 t=3 j=3 je=3 Q=3375000 table=9261000 yh=8240880
stage b2=211 vs b1={151}: values [1643129976812137607879885938531, 3203887529980253057019236799601), 83822046193487 candidates (MITM path)
  MITM b1=151: s=4 t=3 j=3 je=3 Q=3442951 table=9393931 yh=8923000
stage b2=212 vs b1={152}: values [1747294830711343799643429404672, 3514068566756183507202771779584), 91797300102948 candidates (MITM path)
  MITM b1=152: s=4 t=3 j=3 je=3 Q=3511808 table=9528128 yh=9634348
stage b2=213 vs b1={153}: values [1857525757743574275028332482853, 3851944592216835046631374058769), 100267258981801 candidates (MITM path)
  MITM b1=153: s=4 t=3 j=3 je=3 Q=3581577 table=9663597 yh=10375770
stage b2=214 vs b1={154}: values [1974145024154075931737388703744, 4219782742781494680756610809856), 109255492940745 candidates (MITM path)
  MITM b1=154: s=4 t=3 j=3 je=3 Q=3652264 table=9800344 yh=11148129
stage b2=215 vs b1={155}: values [2097490386086780743704833984375, 4620019135869118166021728515625), 118786450514619 candidates (MITM path)
  MITM b1=155: s=4 t=3 j=3 je=3 Q=3723875 table=9938375 yh=11952302
stage b2=216 vs b1={156}: values [2227915756473955677973140996096, 5055270243477986851332550557696), 128885483372512 candidates (MITM path)
  MITM b1=156: s=4 t=3 j=3 je=3 Q=3796416 table=10077696 yh=12789182
stage b2=217 vs b1={157}: values [2365791897326557049109957244537, 5528344950165252334658020725049), 139578871505106 candidates (MITM path)
  MITM b1=157: s=4 t=3 j=3 je=3 Q=3869893 table=10218313 yh=13659679

*** MATCH: 3775161276943541698174667598124 is an 14-digit palindrome in bases 157 and 217
stage b2=218 vs b1={158}: values [2511507138267836407351489568768, 6042257331792746762298544635904), 150893848894164 candidates (MITM path)
  MITM b1=158: s=4 t=3 j=3 je=3 Q=3944312 table=10360232 yh=14564718
stage b2=219 vs b1={159}: values [2665468122176587678000165555659, 6600240193085194872736139543361), 162858629669129 candidates (MITM path)
  MITM b1=159: s=4 t=3 j=3 je=3 Q=4019679 table=10503459 yh=15505238
stage b2=220 vs b1={160}: values [2828100578830827520000000000000, 7205759403792793600000000000000), 175502434755745 candidates (MITM path)
  MITM b1=160: s=4 t=3 j=3 je=3 Q=4096000 table=10648000 yh=16482198
stage b2=221 vs b1={161}: values [2999850127467673210626961906061, 7862529075064177918032791835841), 188855519021666 candidates (MITM path)
  MITM b1=161: s=4 t=3 j=3 je=3 Q=4173281 table=10793861 yh=17496568
stage b2=222 vs b1={162}: values [3181183109200735396368066404352, 8574527619520275041706172760064), 202949198923996 candidates (MITM path)
  MITM b1=162: s=4 t=3 j=3 je=3 Q=4251528 table=10941048 yh=18549339
stage b2=223 vs b1={163}: values [3372587450262487530117553541983, 9346014740476727289651520028089), 217815880663699 candidates (MITM path)
  MITM b1=163: s=4 t=3 j=3 je=3 Q=4330747 table=11089567 yh=19641514
stage b2=224 vs b1={164}: values [3574573557065820643235855335424, 10181549397794758908552901820416), 233489088851840 candidates (MITM path)
  MITM b1=164: s=4 t=3 j=3 je=3 Q=4410944 table=11239424 yh=20774116
done: 46.72s, 159424990 candidates tested
