A171740 search: n=14, threads=1, limit=none
stage b2=326 vs b1={216}: values [469708912601137116299541423742976, 481229803398374426442198455156736), 29441698409985 candidates (MITM path)
  MITM b1=216: s=4 t=3 j=3 je=3 Q=10077696 table=34645976 yh=849787
stage b2=327 vs b1={217}: values [488788280664623015683331165008167, 513376841719862879656860722064529), 61503360441870 candidates (MITM path)
  MITM b1=217: s=4 t=3 j=3 je=3 Q=10218313 table=34965783 yh=1758959
stage b2=328 vs b1={218}: values [508580808943504054749179095810048, 547508556142388336802624725991424), 95310854954114 candidates (MITM path)
  MITM b1=218: s=4 t=3 j=3 je=3 Q=10360232 table=35287552 yh=2700977
stage b2=329 vs b1={219}: values [529110857358941125064944829442089, 583737518756672701482036256689321), 130928252993364 candidates (MITM path)
  MITM b1=219: s=4 t=3 j=3 je=3 Q=10503459 table=35611289 yh=3676595
stage b2=330 vs b1={220}: values [550403539934485037130000000000000, 622182127342782054400000000000000), 168421421324646 candidates (MITM path)
  MITM b1=220: s=4 t=3 j=3 je=3 Q=10648000 table=35937000 yh=4686575
stage b2=331 vs b1={221}: values [572484745741528457369486524730491, 662966878170355779548558581239481), 207858060588178 candidates (MITM path)
  MITM b1=221: s=4 t=3 j=3 je=3 Q=10793861 table=36264691 yh=5731693
stage b2=332 vs b1={222}: values [595381160360298826030671705669632, 706222650242563257993710741766144), 249307744024099 candidates (MITM path)
  MITM b1=222: s=4 t=3 j=3 je=3 Q=10941048 table=36594368 yh=6812736
stage b2=333 vs b1={223}: values [619120287867461433025357023191613, 752087001408534719216214439862209), 292841956769850 candidates (MITM path)
  MITM b1=223: s=4 t=3 j=3 je=3 Q=11089567 table=36926037 yh=7930501
stage b2=334 vs b1={224}: values [643730473361604921949842267234304, 800704476782743824084831595134976), 338534135734975 candidates (MITM path)
  MITM b1=224: s=4 t=3 j=3 je=3 Q=11239424 table=37259704 yh=9085798
stage b2=335 vs b1={225}: values [669240926038087681500960693359375, 852226929923929274082183837890625), 386459710058081 candidates (MITM path)
  MITM b1=225: s=4 t=3 j=3 je=3 Q=11390625 table=37595375 yh=10279449
stage b2=336 vs b1={226}: values [695681742824932905930873850822656, 906813857240639864200242192203776), 436696142150729 candidates (MITM path)
  MITM b1=226: s=4 t=3 j=3 je=3 Q=11543176 table=37933056 yh=11512285
stage b2=337 vs b1={227}: values [723083932591672600024489796161297, 964632746105380745721862822346809), 489322969333018 candidates (MITM path)
  MITM b1=227: s=4 t=3 j=3 je=3 Q=11697083 table=38272753 yh=12785153
stage b2=338 vs b1={228}: values [751479440943256507665609654345728, 1025859437174637223709847054188544), 544421846065640 candidates (MITM path)
  MITM b1=228: s=4 t=3 j=3 je=3 Q=11852352 table=38614472 yh=14098907
stage b2=339 vs b1={229}: values [780901175611360895051573482331619, 1090678501427765328462322842832681), 602076586783170 candidates (MITM path)
  MITM b1=229: s=4 t=3 j=3 je=3 Q=12008989 table=38958219 yh=15454418

*** MATCH: 1057974836793054662916762542992900 is an 14-digit palindrome in bases 229 and 339
stage b2=340 vs b1={230}: values [811383032455654359040000000000000, 1159283632453874980900000000000000), 662373209333379 candidates (MITM path)
  MITM b1=230: s=4 t=3 j=3 je=3 Q=12167000 table=39304000 yh=16852565
stage b2=341 vs b1={231}: values [842959922087803397334389217165221, 1231878054532401295881577517615121), 725399979027354 candidates (MITM path)
  MITM b1=231: s=4 t=3 j=3 je=3 Q=12326391 table=39651821 yh=18294242
stage b2=342 vs b1={232}: values [875667797131229409959628180774912, 1308674947070072080696567108993024), 791247453305203 candidates (MITM path)
  MITM b1=232: s=4 t=3 j=3 je=3 Q=12487168 table=40001688 yh=19780352
stage b2=343 vs b1={233}: values [909543680129861140820205019889143, 1389897885974444705448234373058929), 860008527022159 candidates (MITM path)
  MITM b1=233: s=4 t=3 j=3 je=3 Q=12649337 table=40353607 yh=21311814
stage b2=344 vs b1={234}: values [944625692119362354506348084854784, 1475781302562113238057324097191936), 931778478359847 candidates (MITM path)
  MITM b1=234: s=4 t=3 j=3 je=3 Q=12812904 table=40707584 yh=22889555
stage b2=345 vs b1={235}: values [980953081874553817708385009765625, 1566570960618087215175592041015625), 1006655015367556 candidates (MITM path)
  MITM b1=235: s=4 t=3 j=3 je=3 Q=12977875 table=41063625 yh=24514520
stage b2=346 vs b1={236}: values [1018566255846991457770364750503936, 1662524452241727005330470932054016), 1084738323138276 candidates (MITM path)
  MITM b1=236: s=4 t=3 j=3 je=3 Q=13144256 table=41421736 yh=26187660
stage b2=347 vs b1={237}: values [1057506808806908944576515283377227, 1763911713133997936335712142251289), 1166131111624344 candidates (MITM path)
  MITM b1=237: s=4 t=3 j=3 je=3 Q=13312053 table=41781923 yh=27909944
done: 84.59s, 152434850 candidates tested
