A171740 search: n=14, threads=1, limit=none
stage b2=228 vs b1={155}: values [4499383496379987823288802869248, 4620019135869118166021728515625), 3766445622431 candidates (MITM path)
  MITM b1=155: s=4 t=3 j=3 je=3 Q=3723875 table=11852352 yh=317781
stage b2=229 vs b1={156}: values [4762788215841769993285252588789, 5055270243477986851332550557696), 8856269186020 candidates (MITM path)
  MITM b1=156: s=4 t=3 j=3 je=3 Q=3796416 table=12008989 yh=737471
stage b2=230 vs b1={157}: values [5040363619364673830000000000000, 5528344950165252334658020725049), 14332051331165 candidates (MITM path)
  MITM b1=157: s=4 t=3 j=3 je=3 Q=3869893 table=12167000 yh=1177945
stage b2=231 vs b1={158}: values [5332805430876196086067435141191, 6042257331792746762298544635904), 20213387302293 candidates (MITM path)
  MITM b1=158: s=4 t=3 j=3 je=3 Q=3944312 table=12326391 yh=1639847
stage b2=232 vs b1={159}: values [5640840289095138278864513400832, 6600240193085194872736139543361), 26520626328219 candidates (MITM path)
  MITM b1=159: s=4 t=3 j=3 je=3 Q=4019679 table=12487168 yh=2123831
stage b2=233 vs b1={160}: values [5965226978431093156430190442313, 7205759403792793600000000000000), 33274893433829 candidates (MITM path)
  MITM b1=160: s=4 t=3 j=3 je=3 Q=4096000 table=12649337 yh=2630565
stage b2=234 vs b1={161}: values [6306757703256894179732154261504, 7862529075064177918032791835841), 40498111689041 candidates (MITM path)
  MITM b1=161: s=4 t=3 j=3 je=3 Q=4173281 table=12812904 yh=3160729
stage b2=235 vs b1={162}: values [6666259406885477511385498046875, 8574527619520275041706172760064), 48213024899857 candidates (MITM path)
  MITM b1=162: s=4 t=3 j=3 je=3 Q=4251528 table=12977875 yh=3715017
stage b2=236 vs b1={163}: values [7044595136617487310722334457856, 9346014740476727289651520028089), 56443220746347 candidates (MITM path)
  MITM b1=163: s=4 t=3 j=3 je=3 Q=4330747 table=13144256 yh=4294136
stage b2=237 vs b1={164}: values [7442665456261594668083173595997, 10181549397794758908552901820416), 65213154372407 candidates (MITM path)
  MITM b1=164: s=4 t=3 j=3 je=3 Q=4410944 table=13312053 yh=4898806
stage b2=238 vs b1={165}: values [7861409907565911395902147452928, 11086008799949954971490478515625), 74548172432118 candidates (MITM path)
  MITM b1=165: s=4 t=3 j=3 je=3 Q=4492125 table=13481272 yh=5529759
stage b2=239 vs b1={166}: values [8301808522036075428899283574319, 12064608474097852187633240129536), 84474537597577 candidates (MITM path)
  MITM b1=166: s=4 t=3 j=3 je=3 Q=4574296 table=13651919 yh=6187741
stage b2=240 vs b1={167}: values [8764883384653578240000000000000, 13122923468187014400100544266129), 95019453533032 candidates (MITM path)
  MITM b1=167: s=4 t=3 j=3 je=3 Q=4657463 table=13824000 yh=6873514
stage b2=241 vs b1={168}: values [9251700251046710094679721359921, 14266910741526944359910498893824), 106211090340186 candidates (MITM path)
  MITM b1=168: s=4 t=3 j=3 je=3 Q=4741632 table=13997521 yh=7587851
stage b2=242 vs b1={169}: values [9763370219706129960633407578112, 15502932802662396215269535105521), 118078610479541 candidates (MITM path)
  MITM b1=169: s=4 t=3 j=3 je=3 Q=4826809 table=14172488 yh=8331538
stage b2=243 vs b1={170}: values [10301051460877537453973547267843, 16837782655940092900000000000000), 130652195172627 candidates (MITM path)
  MITM b1=170: s=4 t=3 j=3 je=3 Q=4913000 table=14348907 yh=9105377
stage b2=244 vs b1={171}: values [10865951003805248506649833897984, 18278710120781277966686574574281), 143963071290006 candidates (MITM path)
  MITM b1=171: s=4 t=3 j=3 je=3 Q=5000211 table=14526784 yh=9910182
stage b2=245 vs b1={172}: values [11459326584042668830137939453125, 19833449590396768185436019359744), 158043538729915 candidates (MITM path)
  MITM b1=172: s=4 t=3 j=3 je=3 Q=5088448 table=14706125 yh=10746784
stage b2=246 vs b1={173}: values [12082488552588734255431226843136, 21510249299503115502230603251609), 172926998292428 candidates (MITM path)
  MITM b1=173: s=4 t=3 j=3 je=3 Q=5177717 table=14886936 yh=11616024
stage b2=247 vs b1={174}: values [12736801848653359358345383963927, 23317902173522098324213843378176), 188647980054018 candidates (MITM path)
  MITM b1=174: s=4 t=3 j=3 je=3 Q=5268024 table=15069223 yh=12518760
stage b2=248 vs b1={175}: values [13423688037899820324566029303808, 25265778334774076938629150390625), 205242172247408 candidates (MITM path)
  MITM b1=175: s=4 t=3 j=3 je=3 Q=5359375 table=15252992 yh=13455864
stage b2=249 vs b1={176}: values [14144627418057809847797432628249, 27363859344311872566309815320576), 222746450651598 candidates (MITM path)
  MITM b1=176: s=4 t=3 j=3 je=3 Q=5451776 table=15438249 yh=14428220
stage b2=250 vs b1={177}: values [14901161193847656250000000000000, 29622774261288943786019374517409), 241198908496959 candidates (MITM path)
  MITM b1=177: s=4 t=3 j=3 je=3 Q=5545233 table=15625000 yh=15436731
stage b2=251 vs b1={178}: values [15694893723203911415883379878251, 32053837605116992116231206354944), 260638886890298 candidates (MITM path)
  MITM b1=178: s=4 t=3 j=3 je=3 Q=5639752 table=15813251 yh=16482309
stage b2=252 vs b1={179}: values [16527494836835198184585997320192, 34669089309147060571644408257881), 281107005764785 candidates (MITM path)
  MITM b1=179: s=4 t=3 j=3 je=3 Q=5735339 table=16003008 yh=17565886
stage b2=253 vs b1={180}: values [17400702233206883370580382902573, 37481336758208102400000000000000), 302645195359649 candidates (MITM path)
  MITM b1=180: s=4 t=3 j=3 je=3 Q=5832000 table=16194277 yh=18688405
stage b2=254 vs b1={181}: values [18316323951083823616325825060864, 40504199006061377874300161158921), 325296728234555 candidates (MITM path)
  MITM b1=181: s=4 t=3 j=3 je=3 Q=5929741 table=16387064 yh=19850825
stage b2=255 vs b1={182}: values [19276240921822134027894287109375, 43752153272681450786889799450624), 349106251823556 candidates (MITM path)
  MITM b1=182: s=4 t=3 j=3 je=3 Q=6028568 table=16581375 yh=21054120
stage b2=256 vs b1={183}: values [20282409603651670423947251286016, 47240583825258650248061856817329), 374119821533556 candidates (MITM path)
  MITM b1=183: s=4 t=3 j=3 je=3 Q=6128487 table=16777216 yh=22299280
stage b2=257 vs b1={184}: values [21336864700244711647204632038657, 50985833350937367259526396379136), 400384934392173 candidates (MITM path)
  MITM b1=184: s=4 t=3 j=3 je=3 Q=6229504 table=16974593 yh=23587307
stage b2=258 vs b1={185}: values [22441721965921195553595191205888, 55005256933563283079156494140625), 427950563249947 candidates (MITM path)
  MITM b1=185: s=4 t=3 j=3 je=3 Q=6331625 table=17173512 yh=24919223
stage b2=259 vs b1={186}: values [23599181099896818015368078266579, 59317278751114476837427823394816), 456867191541793 candidates (MITM path)
  MITM b1=186: s=4 t=3 j=3 je=3 Q=6434856 table=17373979 yh=26296060
stage b2=260 vs b1={187}: values [24811528732037365760000000000000, 63941451615040319308126414230889), 487186848612631 candidates (MITM path)
  MITM b1=187: s=4 t=3 j=3 je=3 Q=6539203 table=17576000 yh=27718870
stage b2=261 vs b1={188}: values [26081141502640838529428477612181, 68898519477432202601009998987264), 518963145612129 candidates (MITM path)
  MITM b1=188: s=4 t=3 j=3 je=3 Q=6644672 table=17779581 yh=29188717
stage b2=262 vs b1={189}: values [27410489238828241501502766211072, 74210483036805646041349463016441), 552251311963472 candidates (MITM path)
  MITM b1=189: s=4 t=3 j=3 je=3 Q=6751269 table=17984728 yh=30706682
stage b2=263 vs b1={190}: values [28802138230184412991542435030503, 79900668578288412100000000000000), 587108232411097 candidates (MITM path)
  MITM b1=190: s=4 t=3 j=3 je=3 Q=6859000 table=18191447 yh=32273862
stage b2=264 vs b1={191}: values [30258754606351913178556104966144, 85993800189188311159265455973761), 623592484652337 candidates (MITM path)
  MITM b1=191: s=4 t=3 j=3 je=3 Q=6967871 table=18399744 yh=33891368
stage b2=265 vs b1={192}: values [31783107819343855219693603515625, 92516075496261812625843582664704), 661764377557889 candidates (MITM path)
  MITM b1=192: s=4 t=3 j=3 je=3 Q=7077888 table=18609625 yh=35560329
stage b2=266 vs b1={193}: values [33378074233405629080864465002496, 99495245076524950698517189573249), 701685989986072 candidates (MITM path)
  MITM b1=193: s=4 t=3 j=3 je=3 Q=7189057 table=18821096 yh=37281888
stage b2=267 vs b1={194}: values [35046640825320769387046615504187, 106960695699145951556010651959296), 743421210195794 candidates (MITM path)
  MITM b1=194: s=4 t=3 j=3 je=3 Q=7301384 table=19034163 yh=39057206
stage b2=268 vs b1={195}: values [36791908998122770463066756743168, 114943537561839249322760009765625), 787035775863186 candidates (MITM path)
  MITM b1=195: s=4 t=3 j=3 je=3 Q=7414875 table=19248832 yh=40887457
stage b2=269 vs b1={196}: values [38617098511242473591174807405309, 123476695691247935826229781856256), 832597314706841 candidates (MITM path)
  MITM b1=196: s=4 t=3 j=3 je=3 Q=7529536 table=19465109 yh=42773833
stage b2=270 vs b1={197}: values [40525551530189762670000000000000, 132595005683061140853836321918569), 880175385726614 candidates (MITM path)
  MITM b1=197: s=4 t=3 j=3 je=3 Q=7645373 table=19683000 yh=44717543
stage b2=271 vs b1={198}: values [42520736798938724454382073077711, 142335313964069405978409510518784), 929841521060920 candidates (MITM path)
  MITM b1=198: s=4 t=3 j=3 je=3 Q=7762392 table=19902511 yh=46719810
stage b2=272 vs b1={199}: values [44606253938257178142165017034752, 152736582765019941952958691637201), 981669268467504 candidates (MITM path)
  MITM b1=199: s=4 t=3 j=3 je=3 Q=7880599 table=20123648 yh=48781875
stage b2=273 vs b1={200}: values [46785837873294576230164584135633, 163840000000000000000000000000000), 1035734234432609 candidates (MITM path)
  MITM b1=200: s=4 t=3 j=3 je=3 Q=8000000 table=20346417 yh=50904994
stage b2=274 vs b1={201}: values [49063363393816744489478641229824, 175689094255155802434244515642801), 1092114127913526 candidates (MITM path)
  MITM b1=201: s=4 t=3 j=3 je=3 Q=8120601 table=20570824 yh=53090442
stage b2=275 vs b1={202}: values [51442849850551784038543701171875, 188329855096852039605697108393984), 1150888804719466 candidates (MITM path)
  MITM b1=202: s=4 t=3 j=3 je=3 Q=8242408 table=20796875 yh=55339507
stage b2=276 vs b1={203}: values [53928465991188723477113078808576, 201810858916898431719789378127369), 1212140312535718 candidates (MITM path)
  MITM b1=203: s=4 t=3 j=3 je=3 Q=8365427 table=21024576 yh=57653497
stage b2=277 vs b1={204}: values [56524534939649204771410253244517, 216183400540220972918552087494656), 1275952936596059 candidates (MITM path)
  MITM b1=204: s=4 t=3 j=3 je=3 Q=8489664 table=21253933 yh=60033733
stage b2=278 vs b1={205}: values [59235539322332634167063814299648, 231501630828342033704595947265625), 1342413246008375 candidates (MITM path)
  MITM b1=205: s=4 t=3 j=3 je=3 Q=8615125 table=21484952 yh=62481557
stage b2=279 vs b1={206}: values [62066126545116850201926899360439, 247822700520261426090084682448896), 1411610140738463 candidates (MITM path)
  MITM b1=206: s=4 t=3 j=3 je=3 Q=8741816 table=21717639 yh=64998325
stage b2=280 vs b1={207}: values [65021114224979476480000000000000, 265206910560805882369006879852449), 1483634899256972 candidates (MITM path)
  MITM b1=207: s=4 t=3 j=3 je=3 Q=8869743 table=21952000 yh=67585410
stage b2=281 vs b1={208}: values [68105495780189759071206220390841, 283717869175243332415379948437504), 1558581226854462 candidates (MITM path)
  MITM b1=208: s=4 t=3 j=3 je=3 Q=8998912 table=22188041 yh=70244202
stage b2=282 vs b1={209}: values [71324446183106859278545015775232, 303422655957947177630796910616161), 1636545304629542 candidates (MITM path)
  MITM b1=209: s=4 t=3 j=3 je=3 Q=9129329 table=22425768 yh=72976110
stage b2=283 vs b1={210}: values [74683327879708304362769257501963, 324391993252150868100000000000000), 1717625839155069 candidates (MITM path)
  MITM b1=210: s=4 t=3 j=3 je=3 Q=9261000 table=22665187 yh=75782558
stage b2=284 vs b1={211}: values [78187696880061614175280015867904, 346700425107361035262655933030041), 1801924112827368 candidates (MITM path)
  MITM b1=211: s=4 t=3 j=3 je=3 Q=9393931 table=22906304 yh=78664988
stage b2=285 vs b1={212}: values [81843309024043043305733642578125, 370426504110804885524407033790464), 1889544034903456 candidates (MITM path)
  MITM b1=212: s=4 t=3 j=3 je=3 Q=9528128 table=23149125 yh=81624858
stage b2=286 vs b1={213}: values [85656126426699929330201121120256, 395652986399381320581034818847689), 1980592193231250 candidates (MITM path)
  MITM b1=213: s=4 t=3 j=3 je=3 Q=9663597 table=23393656 yh=84663646
stage b2=287 vs b1={214}: values [89632324107747341323629209343647, 422467035168972249391801182601216), 2075177906677723 candidates (MITM path)
  MITM b1=214: s=4 t=3 j=3 je=3 Q=9800344 table=23639903 yh=87782844
stage b2=288 vs b1={215}: values [93778296809785602500326041059328, 450960433008657859896539306640625), 2173413278259998 candidates (MITM path)
  MITM b1=215: s=4 t=3 j=3 je=3 Q=9938375 table=23887872 yh=90983964
stage b2=289 vs b1={216}: values [98100666009922840441972689847969, 481229803398374426442198455156736), 2275413248984361 candidates (MITM path)
  MITM b1=216: s=4 t=3 j=3 je=3 Q=10077696 table=24137569 yh=94268535
stage b2=290 vs b1={217}: values [102606287129586021890000000000000, 513376841719862879656860722064529), 2381295652398159 candidates (MITM path)
  MITM b1=217: s=4 t=3 j=3 je=3 Q=10218313 table=24389000 yh=97638102
stage b2=291 vs b1={218}: values [107302256947404980797605893267571, 547508556142388336802624725991424), 2491181269859589 candidates (MITM path)
  MITM b1=218: s=4 t=3 j=3 je=3 Q=10360232 table=24642171 yh=101094229

*** MATCH: 363739309193483049283767844770204 is an 14-digit palindrome in bases 218 and 291
stage b2=292 vs b1={219}: values [112195921220156772791328295616512, 583737518756672701482036256689321), 2605193886530343 candidates (MITM path)
  MITM b1=219: s=4 t=3 j=3 je=3 Q=10503459 table=24897088 yh=104638498
stage b2=293 vs b1={220}: values [117294882516862311175392673213493, 622182127342782054400000000000000), 2723460348096102 candidates (MITM path)
  MITM b1=220: s=4 t=3 j=3 je=3 Q=10648000 table=25153757 yh=108272508
stage b2=294 vs b1={221}: values [122607008271233684175628129296384, 662966878170355779548558581239481), 2846110618219865 candidates (MITM path)
  MITM b1=221: s=4 t=3 j=3 je=3 Q=10793861 table=25412184 yh=111997876
stage b2=295 vs b1={222}: values [128140439057778845576146240234375, 706222650242563257993710741766144), 2973277836733095 candidates (MITM path)
  MITM b1=222: s=4 t=3 j=3 je=3 Q=10941048 table=25672375 yh=115816236
stage b2=296 vs b1={223}: values [133903597096980536826509221953536, 752087001408534719216214439862209), 3105098378569686 candidates (MITM path)
  MITM b1=223: s=4 t=3 j=3 je=3 Q=11089567 table=25934336 yh=119729242
stage b2=297 vs b1={224}: values [139905194995078363929650377085577, 800704476782743824084831595134976), 3241711913447718 candidates (MITM path)
  MITM b1=224: s=4 t=3 j=3 je=3 Q=11239424 table=26198073 yh=123738564
stage b2=298 vs b1={225}: values [146154244724096943067604967006208, 852226929923929274082183837890625), 3383261466304009 candidates (MITM path)
  MITM b1=225: s=4 t=3 j=3 je=3 Q=11390625 table=26463592 yh=127845890
stage b2=299 vs b1={226}: values [152660066847878971357626214983899, 906813857240639864200242192203776), 3529893478486448 candidates (MITM path)
  MITM b1=226: s=4 t=3 j=3 je=3 Q=11543176 table=26730899 yh=132052928

*** MATCH: 210434440231228140291796237194000 is an 14-digit palindrome in bases 226 and 299
stage b2=300 vs b1={227}: values [159432300000000000000000000000000, 964632746105380745721862822346809), 3681757869709103 candidates (MITM path)
  MITM b1=227: s=4 t=3 j=3 je=3 Q=11697083 table=27000000 yh=136361403
stage b2=301 vs b1={228}: values [166480910619561613297209229023901, 1025859437174637223709847054188544), 3839008100775102 candidates (MITM path)
  MITM b1=228: s=4 t=3 j=3 je=3 Q=11852352 table=27270901 yh=140773057
stage b2=302 vs b1={229}: values [173816202950981675782129720942592, 1090678501427765328462322842832681), 4001801237072269 candidates (MITM path)
  MITM b1=229: s=4 t=3 j=3 je=3 Q=12008989 table=27543608 yh=145289653
stage b2=303 vs b1={230}: values [181448829314024328456326524154223, 1159283632453874980900000000000000), 4170298012846531 candidates (MITM path)
  MITM b1=230: s=4 t=3 j=3 je=3 Q=12167000 table=27818127 yh=149912970
stage b2=304 vs b1={231}: values [189389800650438521651349384331264, 1231878054532401295881577517615121), 4344662896258070 candidates (MITM path)
  MITM b1=231: s=4 t=3 j=3 je=3 Q=12326391 table=28094464 yh=154644805
stage b2=305 vs b1={232}: values [197650497353702094308570556640625, 1308674947070072080696567108993024), 4525064155225239 candidates (MITM path)
  MITM b1=232: s=4 t=3 j=3 je=3 Q=12487168 table=28372625 yh=159486976
stage b2=306 vs b1={233}: values [206242680388498775830092916924416, 1389897885974444705448234373058929), 4711673924061226 candidates (MITM path)
  MITM b1=233: s=4 t=3 j=3 je=3 Q=12649337 table=28652616 yh=164441318
done: 866.75s, 2575749725 candidates tested
