A171740 search: n=14, threads=1, limit=none
stage b2=265 vs b1={178}: values [31783107819343855219693603515625, 32053837605116992116231206354944), 2949951814007 candidates (MITM path)
  MITM b1=178: s=4 t=3 j=3 je=3 Q=5639752 table=18609625 yh=158518
stage b2=266 vs b1={179}: values [33378074233405629080864465002496, 34669089309147060571644408257881), 13701239480710 candidates (MITM path)
  MITM b1=179: s=4 t=3 j=3 je=3 Q=5735339 table=18821096 yh=727973
stage b2=267 vs b1={180}: values [35046640825320769387046615504187, 37481336758208102400000000000000), 25168996520383 candidates (MITM path)
  MITM b1=180: s=4 t=3 j=3 je=3 Q=5832000 table=19034163 yh=1322307
stage b2=268 vs b1={181}: values [36791908998122770463066756743168, 40504199006061377874300161158921), 37385082055521 candidates (MITM path)
  MITM b1=181: s=4 t=3 j=3 je=3 Q=5929741 table=19248832 yh=1942201
stage b2=269 vs b1={182}: values [38617098511242473591174807405309, 43752153272681450786889799450624), 50382431066431 candidates (MITM path)
  MITM b1=182: s=4 t=3 j=3 je=3 Q=6028568 table=19465109 yh=2588346
stage b2=270 vs b1={183}: values [40525551530189762670000000000000, 47240583825258650248061856817329), 64195081798415 candidates (MITM path)
  MITM b1=183: s=4 t=3 j=3 je=3 Q=6128487 table=19683000 yh=3261449
stage b2=271 vs b1={184}: values [42520736798938724454382073077711, 50985833350937367259526396379136), 78858203655124 candidates (MITM path)
  MITM b1=184: s=4 t=3 j=3 je=3 Q=6229504 table=19902511 yh=3962224
stage b2=272 vs b1={185}: values [44606253938257178142165017034752, 55005256933563283079156494140625), 94408125582866 candidates (MITM path)
  MITM b1=185: s=4 t=3 j=3 je=3 Q=6331625 table=20123648 yh=4691403
stage b2=273 vs b1={186}: values [46785837873294576230164584135633, 59317278751114476837427823394816), 110882364950654 candidates (MITM path)
  MITM b1=186: s=4 t=3 j=3 je=3 Q=6434856 table=20346417 yh=5449725
stage b2=274 vs b1={187}: values [49063363393816744489478641229824, 63941451615040319308126414230889), 128319656930826 candidates (MITM path)
  MITM b1=187: s=4 t=3 j=3 je=3 Q=6539203 table=20570824 yh=6237945
stage b2=275 vs b1={188}: values [51442849850551784038543701171875, 68898519477432202601009998987264), 146759984385014 candidates (MITM path)
  MITM b1=188: s=4 t=3 j=3 je=3 Q=6644672 table=20796875 yh=7056829
stage b2=276 vs b1={189}: values [53928465991188723477113078808576, 74210483036805646041349463016441), 166244608260290 candidates (MITM path)
  MITM b1=189: s=4 t=3 j=3 je=3 Q=6751269 table=21024576 yh=7907157
stage b2=277 vs b1={190}: values [56524534939649204771410253244517, 79900668578288412100000000000000), 186816098500307 candidates (MITM path)
  MITM b1=190: s=4 t=3 j=3 je=3 Q=6859000 table=21253933 yh=8789719
stage b2=278 vs b1={191}: values [59235539322332634167063814299648, 85993800189188311159265455973761), 208518365476247 candidates (MITM path)
  MITM b1=191: s=4 t=3 j=3 je=3 Q=6967871 table=21484952 yh=9705322
stage b2=279 vs b1={192}: values [62066126545116850201926899360439, 92516075496261812625843582664704), 231396691942414 candidates (MITM path)
  MITM b1=192: s=4 t=3 j=3 je=3 Q=7077888 table=21717639 yh=10654782
stage b2=280 vs b1={193}: values [65021114224979476480000000000000, 99495245076524950698517189573249), 255497765521294 candidates (MITM path)
  MITM b1=193: s=4 t=3 j=3 je=3 Q=7189057 table=21952000 yh=11638929
stage b2=281 vs b1={194}: values [68105495780189759071206220390841, 106960695699145951556010651959296), 280869711722915 candidates (MITM path)
  MITM b1=194: s=4 t=3 j=3 je=3 Q=7301384 table=22188041 yh=12658608
stage b2=282 vs b1={195}: values [71324446183106859278545015775232, 114943537561839249322760009765625), 307562127503362 candidates (MITM path)
  MITM b1=195: s=4 t=3 j=3 je=3 Q=7414875 table=22425768 yh=13714676
stage b2=283 vs b1={196}: values [74683327879708304362769257501963, 123476695691247935826229781856256), 335626115367267 candidates (MITM path)
  MITM b1=196: s=4 t=3 j=3 je=3 Q=7529536 table=22665187 yh=14808002
stage b2=284 vs b1={197}: values [78187696880061614175280015867904, 132595005683061140853836321918569), 365114318019142 candidates (MITM path)
  MITM b1=197: s=4 t=3 j=3 je=3 Q=7645373 table=22906304 yh=15939469
stage b2=285 vs b1={198}: values [81843309024043043305733642578125, 142335313964069405978409510518784), 396080953568390 candidates (MITM path)
  MITM b1=198: s=4 t=3 j=3 je=3 Q=7762392 table=23149125 yh=17109976
stage b2=286 vs b1={199}: values [85656126426699929330201121120256, 152736582765019941952958691637201), 428581851292864 candidates (MITM path)
  MITM b1=199: s=4 t=3 j=3 je=3 Q=7880599 table=23393656 yh=18320431
stage b2=287 vs b1={200}: values [89632324107747341323629209343647, 163840000000000000000000000000000), 462674487965820 candidates (MITM path)
  MITM b1=200: s=4 t=3 j=3 je=3 Q=8000000 table=23639903 yh=19571760
stage b2=288 vs b1={201}: values [93778296809785602500326041059328, 175689094255155802434244515642801), 498418024751135 candidates (MITM path)
  MITM b1=201: s=4 t=3 j=3 je=3 Q=8120601 table=23887872 yh=20864899
stage b2=289 vs b1={202}: values [98100666009922840441972689847969, 188329855096852039605697108393984), 535873344671651 candidates (MITM path)
  MITM b1=202: s=4 t=3 j=3 je=3 Q=8242408 table=24137569 yh=22200801

*** MATCH: 121419632671767972139488126613440 is an 14-digit palindrome in bases 202 and 289
stage b2=290 vs b1={203}: values [102606287129586021890000000000000, 201810858916898431719789378127369), 575103090655515 candidates (MITM path)
  MITM b1=203: s=4 t=3 j=3 je=3 Q=8365427 table=24389000 yh=23580430
stage b2=291 vs b1={204}: values [107302256947404980797605893267571, 216183400540220972918552087494656), 616171704165397 candidates (MITM path)
  MITM b1=204: s=4 t=3 j=3 je=3 Q=8489664 table=24642171 yh=25004766
stage b2=292 vs b1={205}: values [112195921220156772791328295616512, 231501630828342033704595947265625), 659145464415448 candidates (MITM path)
  MITM b1=205: s=4 t=3 j=3 je=3 Q=8615125 table=24897088 yh=26474802
stage b2=293 vs b1={206}: values [117294882516862311175392673213493, 247822700520261426090084682448896), 704092528180883 candidates (MITM path)
  MITM b1=206: s=4 t=3 j=3 je=3 Q=8741816 table=25153757 yh=27991546
done: 101.58s, 235465538 candidates tested
