A171740 search: n=14, threads=1, limit=none
stage b2=127 vs b1={90}: values [2235879388560037062539773567, 2287679245496100000000000000), 97208113200 candidates (MITM path)
  MITM b1=90: s=4 t=3 j=3 je=3 Q=729000 table=2048383 yh=47457
stage b2=128 vs b1={91}: values [2475880078570760549798248448, 2670419511272061205254504361), 345571451813 candidates (MITM path)
  MITM b1=91: s=4 t=3 j=3 je=3 Q=753571 table=2097152 yh=164782
stage b2=129 vs b1={92}: values [2739468013418114691600975489, 3111928305110923294648827904), 626544622610 candidates (MITM path)
  MITM b1=92: s=4 t=3 j=3 je=3 Q=778688 table=2146689 yh=291866
stage b2=130 vs b1={93}: values [3028751065922530000000000000, 3620439376899076955409413049), 942951864467 candidates (MITM path)
  MITM b1=93: s=4 t=3 j=3 je=3 Q=804357 table=2197000 yh=429200
stage b2=131 vs b1={94}: values [3346006987161650573913911891, 4205231901698742834534301696), 1297800066209 candidates (MITM path)
  MITM b1=94: s=4 t=3 j=3 je=3 Q=830584 table=2248091 yh=577290
stage b2=132 vs b1={95}: values [3693695630658192526679212032, 4876749791155298590087890625), 1694287507808 candidates (MITM path)
  MITM b1=95: s=4 t=3 j=3 je=3 Q=857375 table=2299968 yh=736657
stage b2=133 vs b1={96}: values [4074471952320023081160213013, 5646733123551136024526585856), 2135812885898 candidates (MITM path)
  MITM b1=96: s=4 t=3 j=3 je=3 Q=884736 table=2352637 yh=907838
stage b2=134 vs b1={97}: values [4491199828872408503792328704, 6528362774606076144776040769), 2625984628533 candidates (MITM path)
  MITM b1=97: s=4 t=3 j=3 je=3 Q=912673 table=2406104 yh=1091385
stage b2=135 vs b1={98}: values [4946966739525117513427734375, 7536419414749019520643907584), 3168630504118 candidates (MITM path)
  MITM b1=98: s=4 t=3 j=3 je=3 Q=941192 table=2460375 yh=1287865
stage b2=136 vs b1={99}: values [5445099357697409441182253056, 8687458127689783079736908601), 3767807529461 candidates (MITM path)
  MITM b1=99: s=4 t=3 j=3 je=3 Q=970299 table=2515456 yh=1497863
stage b2=137 vs b1={100}: values [5989180101784270567563310697, 10000000000000000000000000000), 4427812181869 candidates (MITM path)
  MITM b1=100: s=4 t=3 j=3 je=3 Q=1000000 table=2571353 yh=1721978
stage b2=138 vs b1={101}: values [6583064696190029721327280128, 11494742132376223120464911401), 5153190920249 candidates (MITM path)
  MITM b1=101: s=4 t=3 j=3 je=3 Q=1030301 table=2628072 yh=1960826
stage b2=139 vs b1={102}: values [7230900796183182881721657019, 13194787630628721491610845184), 5948751020156 candidates (MITM path)
  MITM b1=102: s=4 t=3 j=3 je=3 Q=1061208 table=2685619 yh=2215040
stage b2=140 vs b1={103}: values [7937147732541440000000000000, 15125897248551112432256145169), 6819571727746 candidates (MITM path)
  MITM b1=103: s=4 t=3 j=3 je=3 Q=1092727 table=2744000 yh=2485267
stage b2=141 vs b1={104}: values [8706597434461286533025514621, 17316764476028035425743405056), 7771015737587 candidates (MITM path)
  MITM b1=104: s=4 t=3 j=3 je=3 Q=1124864 table=2803221 yh=2772174
stage b2=142 vs b1={105}: values [9544396591804396261630861312, 19799315994393973883056640625), 8808740999295 candidates (MITM path)
  MITM b1=105: s=4 t=3 j=3 je=3 Q=1157625 table=2863288 yh=3076443
stage b2=143 vs b1={106}: values [10456070120446768717065566543, 22609039557544243501245546496), 9938712857957 candidates (MITM path)
  MITM b1=106: s=4 t=3 j=3 je=3 Q=1191016 table=2924207 yh=3398772
stage b2=144 vs b1={107}: values [11447545997288281555215581184, 25785341502012466393542552649), 11167216533304 candidates (MITM path)
  MITM b1=107: s=4 t=3 j=3 je=3 Q=1225043 table=2985984 yh=3739879
stage b2=145 vs b1={108}: values [12525181534373293687744140625, 29371936242576564113903714304), 12500869942615 candidates (MITM path)
  MITM b1=108: s=4 t=3 j=3 je=3 Q=1259712 table=3048625 yh=4100495
stage b2=146 vs b1={109}: values [13695791164569918553628942336, 33417270272362569384925825561), 13946636872319 candidates (MITM path)
  MITM b1=109: s=4 t=3 j=3 je=3 Q=1295029 table=3112136 yh=4481372
stage b2=147 vs b1={110}: values [14966675814359580587845230627, 37974983358324100000000000000), 15511840503270 candidates (MITM path)
  MITM b1=110: s=4 t=3 j=3 je=3 Q=1331000 table=3176523 yh=4883277
stage b2=148 vs b1={111}: values [16345653942502506936829739008, 43104409804843948852155196641), 17204177294688 candidates (MITM path)
  MITM b1=111: s=4 t=3 j=3 je=3 Q=1367631 table=3241792 yh=5306997
stage b2=149 vs b1={112}: values [17841094326671990120557246949, 48871122850509266606740209664), 19031731231726 candidates (MITM path)
  MITM b1=112: s=4 t=3 j=3 je=3 Q=1404928 table=3307949 yh=5753333
stage b2=150 vs b1={113}: values [19461950683593750000000000000, 55347525466347647961440563489), 21002988441667 candidates (MITM path)
  MITM b1=113: s=4 t=3 j=3 je=3 Q=1442897 table=3375000 yh=6223108
stage b2=151 vs b1={114}: values [21217798211789755344498256951, 62613491038491041486196719616), 23126852183733 candidates (MITM path)
  MITM b1=114: s=4 t=3 j=3 je=3 Q=1481544 table=3442951 yh=6717160
stage b2=152 vs b1={115}: values [23118872149711733600018235392, 70757057644889830377197265625), 25412658217483 candidates (MITM path)
  MITM b1=115: s=4 t=3 j=3 je=3 Q=1520875 table=3511808 yh=7236347
stage b2=153 vs b1={116}: values [25176108445861666971446889273, 79875179874882329144077582336), 27870190554814 candidates (MITM path)
  MITM b1=116: s=4 t=3 j=3 je=3 Q=1560896 table=3581577 yh=7781542
stage b2=154 vs b1={117}: values [27401186641438277147770200064, 90074542392707106815022222729), 30509697600533 candidates (MITM path)
  MITM b1=117: s=4 t=3 j=3 je=3 Q=1601613 table=3652264 yh=8353640
stage b2=155 vs b1={118}: values [29806575070123343006591796875, 101472439712019470540189876224), 33341908686515 candidates (MITM path)
  MITM b1=118: s=4 t=3 j=3 je=3 Q=1643032 table=3723875 yh=8953553
stage b2=156 vs b1={119}: values [32405578483833249047003529216, 114197726928752863294965276721), 36378051004437 candidates (MITM path)
  MITM b1=119: s=4 t=3 j=3 je=3 Q=1685159 table=3796416 yh=9582209
stage b2=157 vs b1={120}: values [35212388217613072195274017357, 128391846454886400000000000000), 39629866942082 candidates (MITM path)
  MITM b1=120: s=4 t=3 j=3 je=3 Q=1728000 table=3869893 yh=10240559
stage b2=158 vs b1={121}: values [38242135011346498495560409088, 144209936106499234037676064081), 43109631828216 candidates (MITM path)
  MITM b1=121: s=4 t=3 j=3 je=3 Q=1771561 table=3944312 yh=10929570
stage b2=159 vs b1={122}: values [41510944610598709891422261279, 161822024226591835670322233344), 46830172091055 candidates (MITM path)
  MITM b1=122: s=4 t=3 j=3 je=3 Q=1815848 table=4019679 yh=11650227
stage b2=160 vs b1={123}: values [45035996273704960000000000000, 181414317867238075368413196009), 50804883835291 candidates (MITM path)
  MITM b1=123: s=4 t=3 j=3 je=3 Q=1860867 table=4096000 yh=12403537
stage b2=161 vs b1={124}: values [48835584317168806944303054881, 203190590417428920928489701376), 55047751842727 candidates (MITM path)
  MITM b1=124: s=4 t=3 j=3 je=3 Q=1906624 table=4173281 yh=13190522
stage b2=162 vs b1={125}: values [52929182836544907664852918272, 227373675443232059478759765625), 59573369001484 candidates (MITM path)
  MITM b1=125: s=4 t=3 j=3 je=3 Q=1953125 table=4251528 yh=14012226
stage b2=163 vs b1={126}: values [57337513745255995642033865203, 254207073906400753327372517376), 64396956168820 candidates (MITM path)
  MITM b1=126: s=4 t=3 j=3 je=3 Q=2000376 table=4330747 yh=14869711
stage b2=164 vs b1={127}: values [62082618279236334808249401344, 283956682347124706942551243009), 69534382472555 candidates (MITM path)
  MITM b1=127: s=4 t=3 j=3 je=3 Q=2048383 table=4410944 yh=15764060
stage b2=165 vs b1={128}: values [67187932120908818009033203125, 316912650057057350374175801344), 75002186056111 candidates (MITM path)
  MITM b1=128: s=4 t=3 j=3 je=3 Q=2097152 table=4492125 yh=16696372
stage b2=166 vs b1={129}: values [72678364301794290286947229696, 353391373730936795216525838081), 80817595272190 candidates (MITM path)
  MITM b1=129: s=4 t=3 j=3 je=3 Q=2146689 table=4574296 yh=17667767
stage b2=167 vs b1={130}: values [78580380049024038323955354887, 393737638569928900000000000000), 86998550330088 candidates (MITM path)
  MITM b1=130: s=4 t=3 j=3 je=3 Q=2197000 table=4657463 yh=18679387

*** MATCH: 90936998107537664276514274920 is an 14-digit palindrome in bases 130 and 167
stage b2=168 vs b1={131}: values [84922087747184192618514874368, 438326915318176225182722457721), 93563725401670 candidates (MITM path)
  MITM b1=131: s=4 t=3 j=3 je=3 Q=2248091 table=4741632 yh=19732389
done: 68.44s, 246268388 candidates tested
