A171740 search: n=14, threads=1, limit=none
stage b2=542 vs b1={346}: values [348329875856906030730297942652608512, 352423924523059044388546203674361856), 297960020215726 candidates (MITM path)
  MITM b1=346: s=4 t=3 j=3 je=3 Q=41421736 table=159220088 yh=1871373
stage b2=543 vs b1={347}: values [356777768353264056114297546073891743, 366954862655997403768050803331897769), 731181158406856 candidates (MITM path)
  MITM b1=347: s=4 t=3 j=3 je=3 Q=41781923 table=160103007 yh=4566943
stage b2=544 vs b1={348}: values [365414432262202803340615819548688384, 382040509210986058943919609908035584), 1179227200644567 candidates (MITM path)
  MITM b1=348: s=4 t=3 j=3 je=3 Q=42144192 table=160989184 yh=7324885
stage b2=545 vs b1={349}: values [374243727068280638359709019775390625, 397700353880309848525885235660892601), 1642442001240309 candidates (MITM path)
  MITM b1=349: s=4 t=3 j=3 je=3 Q=42508549 table=161878625 yh=10146133
stage b2=546 vs b1={350}: values [383269583858029168477508273239105536, 413954512236938476562500000000000000), 2121175562137103 candidates (MITM path)
  MITM b1=350: s=4 t=3 j=3 je=3 Q=42875000 table=162771336 yh=13031629
stage b2=547 vs b1={351}: values [392496006513281583932595840500243827, 430823743953503917975940025623902401), 2615784117132444 candidates (MITM path)
  MITM b1=351: s=4 t=3 j=3 je=3 Q=43243551 table=163667323 yh=15982324
stage b2=548 vs b1={352}: values [401927072922146770857809028954718208, 448329471497205720126420014212317184), 3126630216920873 candidates (MITM path)
  MITM b1=352: s=4 t=3 j=3 je=3 Q=43614208 table=164566592 yh=18999180
stage b2=549 vs b1={353}: values [411566936207857087647217069653412149, 466493799311663440167496584517263169), 3654082814960818 candidates (MITM path)
  MITM b1=353: s=4 t=3 j=3 je=3 Q=43986977 table=165469149 yh=22083167
stage b2=550 vs b1={354}: values [421419825975720214843750000000000000, 485339533496958054990141432093229056), 4198517354170313 candidates (MITM path)
  MITM b1=354: s=4 t=3 j=3 je=3 Q=44361864 table=166375000 yh=25235266
stage b2=551 vs b1={355}: values [431490049578408029900978423638102151, 504890201999330620896660650634765625), 4760315854456201 candidates (MITM path)
  MITM b1=355: s=4 t=3 j=3 je=3 Q=44738875 table=167284151 yh=28456467
stage b2=552 vs b1={356}: values [441781993399818022724510341599854592, 525170075322236798832332084919402496), 5339867001081454 candidates (MITM path)
  MITM b1=356: s=4 t=3 j=3 je=3 Q=45118016 table=168196608 yh=31747769
stage b2=553 vs b1={357}: values [452300124157745355934980751882862473, 546204187770690153801056774632964649), 5937566233875199 candidates (MITM path)
  MITM b1=357: s=4 t=3 j=3 je=3 Q=45499293 table=169112377 yh=35110182
stage b2=554 vs b1={358}: values [463048990225606285487392794579083264, 568018359241065440405821984897122304), 6553815837290107 candidates (MITM path)
  MITM b1=358: s=4 t=3 j=3 je=3 Q=45882712 table=170031464 yh=38544724
stage b2=555 vs b1={359}: values [474033222973456292803297401123046875, 590639217568775457331652612637964561), 7189025031311749 candidates (MITM path)
  MITM b1=359: s=4 t=3 j=3 je=3 Q=46268279 table=170953875 yh=42052426
stage b2=556 vs b1={360}: values [485257538128548939096586766742716416, 614094221446481549721600000000000000), 7843610063224558 candidates (MITM path)
  MITM b1=360: s=4 t=3 j=3 je=3 Q=46656000 table=171879616 yh=45634324
stage b2=557 vs b1={361}: values [496726737155684136275087566416582557, 638411683925748518131605316913942641), 8517994300239038 candidates (MITM path)
  MITM b1=361: s=4 t=3 j=3 je=3 Q=47045881 table=172808693 yh=49291469
stage b2=558 vs b1={362}: values [508445708657597236854185159560716288, 663620796515309615092533840427761664), 9212608322984850 candidates (MITM path)
  MITM b1=362: s=4 t=3 j=3 je=3 Q=47437928 table=173741112 yh=53024919
stage b2=559 vs b1={363}: values [520419429795643077901856425190522479, 689751653889366534925949446541436489), 9927890019874426 candidates (MITM path)
  MITM b1=363: s=4 t=3 j=3 je=3 Q=47832147 table=174676879 yh=56835742
stage b2=560 vs b1={364}: values [532652967731031871324160000000000000, 716835279219612889692402474199023616), 10664284682341755 candidates (MITM path)
  MITM b1=364: s=4 t=3 j=3 je=3 Q=48228544 table=175616000 yh=60725018
stage b2=561 vs b1={365}: values [545151481086876614974812989924244081, 744903650144937675010347955322265625), 11422245100960986 candidates (MITM path)
  MITM b1=365: s=4 t=3 j=3 je=3 Q=48627125 table=176558481 yh=64693835
stage b2=562 vs b1={366}: values [557920221431314506311321357441769472, 773989725393037725664245462095118336), 12202231662449521 candidates (MITM path)
  MITM b1=366: s=4 t=3 j=3 je=3 Q=49027896 table=177504328 yh=68743291
stage b2=563 vs b1={367}: values [570964534781967672803543519620846403, 804127472068445204802288858779989729), 13004712447560229 candidates (MITM path)
  MITM b1=367: s=4 t=3 j=3 je=3 Q=49430863 table=178453547 yh=72874497
stage b2=564 vs b1={368}: values [584289863132011391209840769230700544, 835351893621757825180080478275764224), 13830163329867476 candidates (MITM path)
  MITM b1=368: s=4 t=3 j=3 je=3 Q=49836032 table=179406144 yh=77088572
stage b2=565 vs b1={369}: values [597901745998120851353366153564453125, 867699058515145830106783895701970721), 14679068075451597 candidates (MITM path)
  MITM b1=369: s=4 t=3 j=3 je=3 Q=50243409 table=180362125 yh=81386645
stage b2=566 vs b1={370}: values [611805821990570429339805757456080896, 901206129599500829968900000000000000), 15551918443486525 candidates (MITM path)
  MITM b1=370: s=4 t=3 j=3 je=3 Q=50653000 table=181321496 yh=85769856
stage b2=567 vs b1={371}: values [626007830405762370442234920236832087, 935911394218887462627310370080165081), 16449214287735208 candidates (MITM path)
  MITM b1=371: s=4 t=3 j=3 je=3 Q=51064811 table=182284263 yh=90239355
stage b2=568 vs b1={372}: values [640513612841464743323893889989869568, 971854295058259588504417458500665344), 17371463658957515 candidates (MITM path)
  MITM b1=372: s=4 t=3 j=3 je=3 Q=51478848 table=183250432 yh=94796304
stage b2=569 vs b1={373}: values [655329114835041515061818544164613209, 1009075461750708410420050723039024009), 18319182908235310 candidates (MITM path)
  MITM b1=373: s=4 t=3 j=3 je=3 Q=51895117 table=184220009 yh=99441874
stage b2=570 vs b1={374}: values [670460387524960610760570000000000000, 1047616743260820591544343170758885376), 19292896791219359 candidates (MITM path)
  MITM b1=374: s=4 t=3 j=3 je=3 Q=52313624 table=185193000 yh=104177247
stage b2=571 vs b1={375}: values [685913589335868862593975790997597611, 1087521241061040200293064117431640625), 20293138573302785 candidates (MITM path)
  MITM b1=375: s=4 t=3 j=3 je=3 Q=52734375 table=186169411 yh=109003614
stage b2=572 vs b1={376}: values [701694987687525821073007584217137152, 1128833343118249207414947823407333376), 21320450135725730 candidates (MITM path)
  MITM b1=376: s=4 t=3 j=3 je=3 Q=53157376 table=187149248 yh=113922180
stage b2=573 vs b1={377}: values [717810960727891496399861673112327533, 1171598758708107367475386427203165009), 22375382082615947 candidates (MITM path)
  MITM b1=377: s=4 t=3 j=3 je=3 Q=53582633 table=188132517 yh=118934156
stage b2=574 vs b1={378}: values [734267999090666220123170482943156224, 1215864554075023704741469602061369344), 23458493848969995 candidates (MITM path)
  MITM b1=378: s=4 t=3 j=3 je=3 Q=54010152 table=189119224 yh=124040769
stage b2=575 vs b1={379}: values [751072707677583967149257659912109375, 1261679188955968563191835468129487081), 24570353809579753 candidates (MITM path)
  MITM b1=379: s=4 t=3 j=3 je=3 Q=54439939 table=190109375 yh=129243252
stage b2=576 vs b1={380}: values [768231807465763655682670928358014976, 1309092553986677343846400000000000000), 25711539388908946 candidates (MITM path)
  MITM b1=380: s=4 t=3 j=3 je=3 Q=54872000 table=191102976 yh=134542852
stage b2=577 vs b1={381}: values [785752137340426148060117653375876417, 1358156009009144712440307376223513721), 26882637171924402 candidates (MITM path)
  MITM b1=381: s=4 t=3 j=3 je=3 Q=55306341 table=192100033 yh=139940826
stage b2=578 vs b1={382}: values [803640655953287908900640275234562048, 1408922422299661290033405230674100224), 28084243015886727 candidates (MITM path)
  MITM b1=382: s=4 t=3 j=3 je=3 Q=55742968 table=193100552 yh=145438440
stage b2=579 vs b1={383}: values [821904443606945538717678866487000339, 1461446210737003712612867623638313729), 29316962163105141 candidates (MITM path)
  MITM b1=383: s=4 t=3 j=3 je=3 Q=56181887 table=194104539 yh=151036974
stage b2=580 vs b1={384}: values [840550704165568691322880000000000000, 1515783380930753538061821258378510336), 30581409354661169 candidates (MITM path)
  MITM b1=384: s=4 t=3 j=3 je=3 Q=56623104 table=195112000 yh=156737717
stage b2=581 vs b1={385}: values [859586766992222202195460101840278741, 1571991571330090865774680230712890625), 31878208945105906 candidates (MITM path)
  MITM b1=385: s=4 t=3 j=3 je=3 Q=57066625 table=196122941 yh=162541969
stage b2=582 vs b1={386}: values [879020088913141602693987477647941632, 1630130095333784792244505633968111616), 33207995018135601 candidates (MITM path)
  MITM b1=386: s=4 t=3 j=3 je=3 Q=57512456 table=197137368 yh=168451042
stage b2=583 vs b1={387}: values [898858256209289571750018603448589863, 1690259985422485032479991371240442489), 34571411503250249 candidates (MITM path)
  MITM b1=387: s=4 t=3 j=3 je=3 Q=57960603 table=198155287 yh=174466259

*** MATCH: 1384135914195792357867700696986532624 is an 14-digit palindrome in bases 387 and 583
stage b2=584 vs b1={388}: values [919108986635524282706561397690466304, 1752444038334807270293678521701105664), 35969112293399955 candidates (MITM path)
  MITM b1=388: s=4 t=3 j=3 je=3 Q=58411072 table=199176704 yh=180588953
stage b2=585 vs b1={389}: values [939780131467714038451336959228515625, 1816746861309099139322282878629329641), 37401761363623777 candidates (MITM path)
  MITM b1=389: s=4 t=3 j=3 je=3 Q=58863869 table=200201625 yh=186820469
stage b2=586 vs b1={390}: values [960879677578136053148816778964934656, 1883234919413174260904100000000000000), 38870032890685792 candidates (MITM path)
  MITM b1=390: s=4 t=3 j=3 je=3 Q=59319000 table=201230056 yh=193162164
stage b2=587 vs b1={391}: values [982415749539500733900622636113799547, 1951976583984708555289257373653172561), 40374611373713120 candidates (MITM path)
  MITM b1=391: s=4 t=3 j=3 je=3 Q=59776471 table=202262003 yh=199615404

*** MATCH: 1231039014286636718259488356391552496 is an 14-digit palindrome in bases 391 and 587
stage b2=588 vs b1={392}: values [1004396611757946340766745635195977728, 2023042182205406180576948745932898304), 41916191755840645 candidates (MITM path)
  MITM b1=392: s=4 t=3 j=3 je=3 Q=60236288 table=203297472 yh=206181570
stage b2=589 vs b1={393}: values [1026830670635352458966883555245399869, 2096504047832462021585980850883353649), 43495479546867178 candidates (MITM path)
  MITM b1=393: s=4 t=3 j=3 je=3 Q=60698457 table=204336469 yh=212862050
stage b2=590 vs b1={394}: values [1049726476761324302959790000000000000, 2172436573111273731749254298313834496), 45113190946927802 candidates (MITM path)
  MITM b1=394: s=4 t=3 j=3 je=3 Q=61162984 table=205379000 yh=219658247
stage b2=591 vs b1={395}: values [1073092727135203488677720234874003471, 2250916261893789009116047857666015625), 46770052971187160 candidates (MITM path)
  MITM b1=395: s=4 t=3 j=3 je=3 Q=61629875 table=206425071 yh=226571573
stage b2=592 vs b1={396}: values [1096938267418464557682763546243366912, 2332021783987313147550261420339757056), 48466803575558414 candidates (MITM path)
  MITM b1=396: s=4 t=3 j=3 je=3 Q=62099136 table=207474688 yh=233603454
stage b2=593 vs b1={397}: values [1121272094217860215623061584431717393, 2415834030759048032002067126745534169), 50204191783452654 candidates (MITM path)
  MITM b1=397: s=4 t=3 j=3 je=3 Q=62570773 table=208527857 yh=240755325
stage b2=594 vs b1={398}: values [1146103357399681957311695889085046784, 2502436172022086728957275203783901184), 51982977813563503 candidates (MITM path)
  MITM b1=398: s=4 t=3 j=3 je=3 Q=63044792 table=209584584 yh=248028633
stage b2=595 vs b1={399}: values [1171441362435506492242537059326171875, 2591913714229047747371013122318554401), 53803933208691663 candidates (MITM path)
  MITM b1=399: s=4 t=3 j=3 je=3 Q=63521199 table=210644875 yh=255424839
stage b2=596 vs b1={400}: values [1197295572779802157609819889714855936, 2684354560000000000000000000000000000), 55667840965614193 candidates (MITM path)
  MITM b1=400: s=4 t=3 j=3 je=3 Q=64000000 table=211708736 yh=262945413
stage b2=597 vs b1={401}: values [1223675612279773311126969648879885477, 2779849069011803569389614128910565601), 57575495666003257 candidates (MITM path)
  MITM b1=401: s=4 t=3 j=3 je=3 Q=64481201 table=212776173 yh=270591838
done: 3695.70s, 3727593149 candidates tested
