A171740 search: n=14, threads=1, limit=none
stage b2=374 vs b1={245}: values [2801114286793637945305730403098624, 2807535013090453863383795166015625), 6273110559619 candidates (MITM path)
  MITM b1=245: s=4 t=3 j=3 je=3 Q=14706125 table=52313624 yh=119914
stage b2=375 vs b1={246}: values [2900056642829440534114837646484375, 2972292183936828626836081803411456), 69267905580449 candidates (MITM path)
  MITM b1=246: s=4 t=3 j=3 je=3 Q=14886936 table=52734375 yh=1313525
stage b2=376 vs b1={247}: values [3002216338080450019720605913317376, 3145990056617379761511309839089969), 135320810682292 candidates (MITM path)
  MITM b1=247: s=4 t=3 j=3 je=3 Q=15069223 table=53157376 yh=2545664
stage b2=377 vs b1={248}: values [3107689015140868348741078056241817, 3329074633399155440492375267344384), 204531382166941 candidates (MITM path)
  MITM b1=248: s=4 t=3 j=3 je=3 Q=15252992 table=53582633 yh=3817121
stage b2=378 vs b1={249}: values [3216572894378369589263147095400448, 3522012227096394652101560724434001), 277001654715772 candidates (MITM path)
  MITM b1=249: s=4 t=3 j=3 je=3 Q=15438249 table=54010152 yh=5128697
stage b2=379 vs b1={250}: values [3328968836295431565149961657333739, 3725290298461914062500000000000000), 352836188296356 candidates (MITM path)
  MITM b1=250: s=4 t=3 j=3 je=3 Q=15625000 table=54439939 yh=6481202
stage b2=380 vs b1={251}: values [3444980405228098273280000000000000, 3939418324524181765386728349441001), 432142115693475 candidates (MITM path)
  MITM b1=251: s=4 t=3 j=3 je=3 Q=15813251 table=54872000 yh=7875458
stage b2=381 vs b1={252}: values [3564713934407203969659599412660141, 4164928698882469942515671324688384), 515029190669276 candidates (MITM path)
  MITM b1=252: s=4 t=3 j=3 je=3 Q=16003008 table=55306341 yh=9312300
stage b2=382 vs b1={253}: values [3688278592407490288045563431084032, 4402377665001341492756836874350969), 601609836757264 candidates (MITM path)
  MITM b1=253: s=4 t=3 j=3 je=3 Q=16194277 table=55742968 yh=10792570
stage b2=383 vs b1={254}: values [3815786451010453557735946798011263, 4652346283575291198546759565459456), 691999196694841 candidates (MITM path)
  MITM b1=254: s=4 t=3 j=3 je=3 Q=16387064 table=56181887 yh=12317123
stage b2=384 vs b1={255}: values [3947352554507170672035992860360704, 4915441435064644177113043212890625), 786315182499132 candidates (MITM path)
  MITM b1=255: s=4 t=3 j=3 je=3 Q=16581375 table=56623104 yh=13886826
stage b2=385 vs b1={256}: values [4083094990467768482531636962890625, 5192296858534827628530496329220096), 884678526190806 candidates (MITM path)
  MITM b1=256: s=4 t=3 j=3 je=3 Q=16777216 table=57066625 yh=15502556
stage b2=386 vs b1={257}: values [4223134962004623814104936875565056, 5483574227962890893331590433934849), 987212831170627 candidates (MITM path)
  MITM b1=257: s=4 t=3 j=3 je=3 Q=16974593 table=57512456 yh=17165201
stage b2=387 vs b1={258}: values [4367596861556808869457342044548947, 5789964267207668452827559331119104), 1094044624253480 candidates (MITM path)
  MITM b1=258: s=4 t=3 j=3 je=3 Q=17173512 table=57960603 yh=18875660
stage b2=388 vs b1={259}: values [4516608346223730078076491035312128, 6112187904873275865980332271043961), 1205303408364587 candidates (MITM path)
  MITM b1=259: s=4 t=3 j=3 je=3 Q=17373979 table=58411072 yh=20634845
stage b2=389 vs b1={260}: values [4670300414676347401856768325525269, 6450997470329715097600000000000000), 1321121715902690 candidates (MITM path)
  MITM b1=260: s=4 t=3 j=3 je=3 Q=17576000 table=58863869 yh=22443678
stage b2=390 vs b1={261}: values [4828807485674805797190000000000000, 6807177932189258856180832656779241), 1441635162774913 candidates (MITM path)
  MITM b1=261: s=4 t=3 j=3 je=3 Q=17779581 table=59319000 yh=24303093
stage b2=391 vs b1={262}: values [4992267478221761010969967707552871, 7181548180572999273393724747300864), 1566982503108082 candidates (MITM path)
  MITM b1=262: s=4 t=3 j=3 je=3 Q=17984728 table=59776471 yh=26214036
stage b2=392 vs b1={263}: values [5160821893381138215757522311053312, 7574962354538500616775660413022289), 1697305684641242 candidates (MITM path)
  MITM b1=263: s=4 t=3 j=3 je=3 Q=18191447 table=60236288 yh=28177462
stage b2=393 vs b1={264}: values [5334615897792524227954149747794793, 7988311216076905079138811711062016), 1832749904804142 candidates (MITM path)
  MITM b1=264: s=4 t=3 j=3 je=3 Q=18399744 table=60698457 yh=30194341
stage b2=394 vs b1={265}: values [5513798408911862263322980452573184, 8422523572126121633218804931640625), 1973463667486443 candidates (MITM path)
  MITM b1=265: s=4 t=3 j=3 je=3 Q=18609625 table=61162984 yh=32265654
stage b2=395 vs b1={266}: values [5698522182009592428141893310546875, 8878567746085897335509947690663936), 2119598840502425 candidates (MITM path)
  MITM b1=266: s=4 t=3 j=3 je=3 Q=18821096 table=61629875 yh=34392393
stage b2=396 vs b1={267}: values [5888943898957861483712781364494336, 9357453100360645426341446339617929), 2271310713755954 candidates (MITM path)
  MITM b1=267: s=4 t=3 j=3 je=3 Q=19034163 table=62099136 yh=36575561
stage b2=397 vs b1={268}: values [6085224258838911919400672863338877, 9860231611496902484101890807169024), 2428758058110497 candidates (MITM path)
  MITM b1=268: s=4 t=3 j=3 je=3 Q=19248832 table=62570773 yh=38816175
stage b2=398 vs b1={269}: values [6287528070407253087832349758251008, 10387999499524225396026023192028121), 2592103184968958 candidates (MITM path)
  MITM b1=269: s=4 t=3 j=3 je=3 Q=19465109 table=63044792 yh=41115263
stage b2=399 vs b1={270}: values [6496024346438716158824594291525199, 10941898913151235920900000000000000), 2761512006568110 candidates (MITM path)
  MITM b1=270: s=4 t=3 j=3 je=3 Q=19683000 table=63521199 yh=43473865
stage b2=400 vs b1={271}: values [6710886400000000000000000000000000, 11523119672512394327137541804059681), 2937154096992429 candidates (MITM path)
  MITM b1=271: s=4 t=3 j=3 je=3 Q=19902511 table=64000000 yh=45893033
stage b2=401 vs b1={272}: values [6932291942672826856333202316485201, 12132901071205952454668884633452544), 3119202753912101 candidates (MITM path)
  MITM b1=272: s=4 t=3 j=3 je=3 Q=20123648 table=64481201 yh=48373832
stage b2=402 vs b1={273}: values [7160423184767344942991696876347392, 12772533739409419310834931469027809), 3307835061050008 candidates (MITM path)
  MITM b1=273: s=4 t=3 j=3 je=3 Q=20346417 table=64964808 yh=50917338
stage b2=403 vs b1={274}: values [7395466937559939851224358455647523, 13443361569905787990117147696971776), 3503231951382480 candidates (MITM path)
  MITM b1=274: s=4 t=3 j=3 je=3 Q=20570824 table=65450827 yh=53524640
stage b2=404 vs b1={275}: values [7637614717591148061633023326552064, 14146783708901740610599517822265625), 3705578271078627 candidates (MITM path)
  MITM b1=275: s=4 t=3 j=3 je=3 Q=20796875 table=65939264 yh=56196841
stage b2=405 vs b1={276}: values [7887062853059903929360645751953125, 14884256613568087679683209751166976), 3915062844183042 candidates (MITM path)
  MITM b1=276: s=4 t=3 j=3 je=3 Q=21024576 table=66430125 yh=58935052
stage b2=406 vs b1={277}: values [8144012592350896318465589091721216, 15657296178282829721680640148731209), 4131878538046686 candidates (MITM path)
  MITM b1=277: s=4 t=3 j=3 je=3 Q=21253933 table=66923416 yh=61740401
stage b2=407 vs b1={278}: values [8408670214732362685449475031095607, 16467479931608472298443740375302144), 4356222329510775 candidates (MITM path)
  MITM b1=278: s=4 t=3 j=3 je=3 Q=21484952 table=67419143 yh=64614028
stage b2=408 vs b1={279}: values [8681247143262206912494013239001088, 17316449306087601206337604921562481), 4588295371848468 candidates (MITM path)
  MITM b1=279: s=4 t=3 j=3 je=3 Q=21717639 table=67917312 yh=67557082
stage b2=409 vs b1={280}: values [8961960059940892637875611279849529, 18205911982994253414400000000000000), 4828303062469182 candidates (MITM path)
  MITM b1=280: s=4 t=3 j=3 je=3 Q=21952000 table=68417929 yh=70570729
stage b2=410 vs b1={281}: values [9251031023150136293210000000000000, 19137644314233322299008947929826321), 5076455111390351 candidates (MITM path)
  MITM b1=281: s=4 t=3 j=3 je=3 Q=22188041 table=68921000 yh=73656145
stage b2=411 vs b1={282}: values [9548687587417003604089240200373131, 20113493823636134316549694448615424), 5332965610481456 candidates (MITM path)
  MITM b1=282: s=4 t=3 j=3 je=3 Q=22425768 table=69426531 yh=76814520
stage b2=412 vs b1={283}: values [9855162925543600012281425818550272, 21135381789957450134663699873055529), 5598053103485149 candidates (MITM path)
  MITM b1=283: s=4 t=3 j=3 je=3 Q=22665187 table=69934528 yh=80047057
stage b2=413 vs b1={284}: values [10170695953143139404457311421253453, 22205305913937498425779524506484736), 5871940656820296 candidates (MITM path)
  MITM b1=284: s=4 t=3 j=3 je=3 Q=22906304 table=70444997 yh=83354971
stage b2=414 vs b1={285}: values [10495531455623776755395673235513344, 23325343071852267342134088134765625), 6154855931171784 candidates (MITM path)
  MITM b1=285: s=4 t=3 j=3 je=3 Q=23149125 table=70957944 yh=86739491
stage b2=415 vs b1={286}: values [10829920217662198884330277099609375, 24497652158036179788437520640393216), 6447031253871907 candidates (MITM path)
  MITM b1=286: s=4 t=3 j=3 je=3 Q=23393656 table=71473375 yh=90201859
stage b2=416 vs b1={287}: values [11174119155209583553590348738461696, 25724477018923486959881583081626689), 6748703692078197 candidates (MITM path)
  MITM b1=287: s=4 t=3 j=3 je=3 Q=23639903 table=71991296 yh=93743329
stage b2=417 vs b1={288}: values [11528391450073160681535117383503137, 27008149481218253520093899825086464), 7060115126752504 candidates (MITM path)
  MITM b1=288: s=4 t=3 j=3 je=3 Q=23887872 table=72511713 yh=97365169
stage b2=418 vs b1={289}: values [11893006687117240570102814793146368, 28351092476867700887730107366063041), 7381512327446212 candidates (MITM path)
  MITM b1=289: s=4 t=3 j=3 je=3 Q=24137569 table=73034632 yh=101068660
stage b2=419 vs b1={290}: values [12268240994128212834729297883414259, 29755823267579946348100000000000000), 7713147027896390 candidates (MITM path)
  MITM b1=290: s=4 t=3 j=3 je=3 Q=24389000 table=73560059 yh=104855096
stage b2=420 vs b1={291}: values [12654377184388666245120000000000000, 31224956771694849412103314940863161), 8055276002437770 candidates (MITM path)
  MITM b1=291: s=4 t=3 j=3 je=3 Q=24642171 table=74088000 yh=108725786
stage b2=421 vs b1={292}: values [13051704902006434014097498971732661, 32761208996285777655067862320021504), 8408161143235376 candidates (MITM path)
  MITM b1=292: s=4 t=3 j=3 je=3 Q=24897088 table=74618461 yh=112682050
stage b2=422 vs b1={293}: values [13460520770045031283752025608445952, 34367400577440657174390053251553449), 8772069538342664 candidates (MITM path)
  MITM b1=293: s=4 t=3 j=3 je=3 Q=25153757 table=75151448 yh=116725224
stage b2=423 vs b1={294}: values [13881128541502621729192837547096583, 36046460431742703147634670013136896), 9147273550590039 candidates (MITM path)
  MITM b1=294: s=4 t=3 j=3 je=3 Q=25412184 table=75686967 yh=120856654
stage b2=424 vs b1={295}: values [14313839253187328406678973683073024, 37801429522044759444963140869140625), 9534050897308594 candidates (MITM path)
  MITM b1=295: s=4 t=3 j=3 je=3 Q=25672375 table=76225024 yh=125077703
stage b2=425 vs b1={296}: values [14758971382537390291690826416015625, 39635464740706238900646729698246656), 9932684730893947 candidates (MITM path)
  MITM b1=296: s=4 t=3 j=3 je=3 Q=25934336 table=76765625 yh=129389747
stage b2=426 vs b1={297}: values [15216851007435360461032099699531776, 41551842913538274087106161994416369), 10343463720215030 candidates (MITM path)
  MITM b1=297: s=4 t=3 j=3 je=3 Q=26198073 table=77308776 yh=133794173
stage b2=427 vs b1={298}: values [15687811969066244649321093637445467, 43553964927780889034146280167849984), 10766682132872694 candidates (MITM path)
  MITM b1=298: s=4 t=3 j=3 je=3 Q=26463592 table=77854483 yh=138292385
stage b2=428 vs b1={299}: values [16172196037870190032792688261070848, 45645359987515812435930238280185801), 11202639918313019 candidates (MITM path)
  MITM b1=299: s=4 t=3 j=3 je=3 Q=26730899 table=78402752 yh=142885800
stage b2=429 vs b1={300}: values [16670353082641053641298125247535389, 47829690000000000000000000000000000), 11651642791800167 candidates (MITM path)
  MITM b1=300: s=4 t=3 j=3 je=3 Q=27000000 table=78953589 yh=147575848

*** MATCH: 36825888769979255239163732983978430 is an 14-digit palindrome in bases 300 and 429
stage b2=430 vs b1={301}: values [17182641242822907852430000000000000, 50110754096488045602459977936194201), 12114002319253687 candidates (MITM path)
  MITM b1=301: s=4 t=3 j=3 je=3 Q=27270901 table=79507000 yh=152363972
stage b2=431 vs b1={302}: values [17709427104057277060049775698679791, 52492493291196466086203175724662784), 12590036002955122 candidates (MITM path)
  MITM b1=302: s=4 t=3 j=3 je=3 Q=27543608 table=80062991 yh=157251633
stage b2=432 vs b1={303}: values [18251085877034644913955971040018432, 54978995282149371522266936818729569), 13080067368128811 candidates (MITM path)
  MITM b1=303: s=4 t=3 j=3 je=3 Q=27818127 table=80621568 yh=162240300
stage b2=433 vs b1={304}: values [18808001579704525579373326142460913, 57574499397733310582010212836704256), 13584426050401751 candidates (MITM path)
  MITM b1=304: s=4 t=3 j=3 je=3 Q=28094464 table=81182737 yh=167331462
stage b2=434 vs b1={305}: values [19380567222899155346308769747247104, 60283401692879138764114019775390625), 14103447884147424 candidates (MITM path)
  MITM b1=305: s=4 t=3 j=3 je=3 Q=28372625 table=81746504 yh=172526619
stage b2=435 vs b1={306}: values [19969184999426632712125301513671875, 63110260198880625404008432578871296), 14637474991718453 candidates (MITM path)
  MITM b1=306: s=4 t=3 j=3 je=3 Q=28652616 table=82312875 yh=177827284
stage b2=436 vs b1={307}: values [20574266476690115849023402547347456, 66059800330953223881038421346972249), 15186855873572981 candidates (MITM path)
  MITM b1=307: s=4 t=3 j=3 je=3 Q=28934443 table=82881856 yh=183234988
stage b2=437 vs b1={308}: values [21196232792890476235164446315006597, 69136920457732008849516311508680704), 15751945499299666 candidates (MITM path)
  MITM b1=308: s=4 t=3 j=3 je=3 Q=29218112 table=83453453 yh=188751274

*** MATCH: 31008695478673768505137227600505398 is an 14-digit palindrome in bases 308 and 437
stage b2=438 vs b1={309}: values [21835514856870606258177356231958528, 72346697637005265678995742402826761), 16333105399546178 candidates (MITM path)
  MITM b1=309: s=4 t=3 j=3 je=3 Q=29503629 table=84027672 yh=194377698
stage b2=439 vs b1={310}: values [22492553551660386877599101633928919, 75694393522079632032100000000000000), 16930703758856090 candidates (MITM path)
  MITM b1=310: s=4 t=3 j=3 je=3 Q=29791000 table=84604519 yh=200115833
stage b2=440 vs b1={311}: values [23167799941782139043840000000000000, 79185460443274071484794939191083441), 17545115509419061 candidates (MITM path)
  MITM b1=311: s=4 t=3 j=3 je=3 Q=30080231 table=85184000 yh=205967266
stage b2=441 vs b1={312}: values [23861715484377209601555171628930521, 82825547669143336572232508337291264), 18176722425739209 candidates (MITM path)
  MITM b1=312: s=4 t=3 j=3 je=3 Q=30371328 table=85766121 yh=211933596
stage b2=442 vs b1={313}: values [24574772244215178941456071934451712, 86620507852136986313803229728551889), 18825913220226566 candidates (MITM path)
  MITM b1=313: s=4 t=3 j=3 je=3 Q=30664297 table=86350888 yh=218016441
stage b2=443 vs b1={314}: values [25307453112648023793818952767430443, 90576403663507494251037011559202816), 19493083639716525 candidates (MITM path)
  MITM b1=314: s=4 t=3 j=3 je=3 Q=30959144 table=86938307 yh=224217429
stage b2=444 vs b1={315}: values [26060252030572424367047199984451584, 94699514622390550869469537353515625), 20178636562922171 candidates (MITM path)
  MITM b1=315: s=4 t=3 j=3 je=3 Q=31255875 table=87528384 yh=230538206
stage b2=445 vs b1={316}: values [26833674215464270614029991455078125, 98996344124092362953499355314651136), 20882982098824411 candidates (MITM path)
  MITM b1=316: s=4 t=3 j=3 je=3 Q=31554496 table=88121125 yh=236980431
stage b2=446 vs b1={317}: values [27628236392550297846722998615924736, 103473626672732616363732850530926329), 21606537686004802 candidates (MITM path)
  MITM b1=317: s=4 t=3 j=3 je=3 Q=31855013 table=88716536 yh=243545777
stage b2=447 vs b1={318}: values [28444467030182667304977191627470527, 108138335323507832794908910278426624), 22349728192925986 candidates (MITM path)
  MITM b1=318: s=4 t=3 j=3 je=3 Q=32157432 table=89314623 yh=250235935
stage b2=448 vs b1={319}: values [29282906579483202709388126907793408, 112997689339958150582465303553121921), 23112986019164645 candidates (MITM path)
  MITM b1=319: s=4 t=3 j=3 je=3 Q=32461759 table=89915392 yh=257052609
stage b2=449 vs b1={320}: values [30144107718324899380671726264710849, 118059162071741130342400000000000000), 23896751197601885 candidates (MITM path)
  MITM b1=320: s=4 t=3 j=3 je=3 Q=32768000 table=90518849 yh=263997516
done: 1399.82s, 3999285546 candidates tested
