A171740 search: n=14, threads=1, limit=none
stage b2=328 vs b1={217}: values [508580808943504054749179095810048, 513376841719862879656860722064529), 11742626203548 candidates (MITM path)
  MITM b1=217: s=4 t=3 j=3 je=3 Q=10218313 table=35287552 yh=332770
stage b2=329 vs b1={218}: values [529110857358941125064944829442089, 547508556142388336802624725991424), 44095291551442 candidates (MITM path)
  MITM b1=218: s=4 t=3 j=3 je=3 Q=10360232 table=35611289 yh=1238240
stage b2=330 vs b1={219}: values [550403539934485037130000000000000, 583737518756672701482036256689321), 78214914702955 candidates (MITM path)
  MITM b1=219: s=4 t=3 j=3 je=3 Q=10503459 table=35937000 yh=2176446
stage b2=331 vs b1={220}: values [572484745741528457369486524730491, 622182127342782054400000000000000), 114166201421841 candidates (MITM path)
  MITM b1=220: s=4 t=3 j=3 je=3 Q=10648000 table=36264691 yh=3148137
stage b2=332 vs b1={221}: values [595381160360298826030671705669632, 662966878170355779548558581239481), 152015665373790 candidates (MITM path)
  MITM b1=221: s=4 t=3 j=3 je=3 Q=10793861 table=36594368 yh=4154073
stage b2=333 vs b1={222}: values [619120287867461433025357023191613, 706222650242563257993710741766144), 191831666421704 candidates (MITM path)
  MITM b1=222: s=4 t=3 j=3 je=3 Q=10941048 table=36926037 yh=5195025
stage b2=334 vs b1={223}: values [643730473361604921949842267234304, 752087001408534719216214439862209), 233684449489362 candidates (MITM path)
  MITM b1=223: s=4 t=3 j=3 je=3 Q=11089567 table=37259704 yh=6271775
stage b2=335 vs b1={224}: values [669240926038087681500960693359375, 800704476782743824084831595134976), 277646183998211 candidates (MITM path)
  MITM b1=224: s=4 t=3 j=3 je=3 Q=11239424 table=37595375 yh=7385116
stage b2=336 vs b1={225}: values [695681742824932905930873850822656, 852226929923929274082183837890625), 323791003882023 candidates (MITM path)
  MITM b1=225: s=4 t=3 j=3 je=3 Q=11390625 table=37933056 yh=8535854
stage b2=337 vs b1={226}: values [723083932591672600024489796161297, 906813857240639864200242192203776), 372195048184173 candidates (MITM path)
  MITM b1=226: s=4 t=3 j=3 je=3 Q=11543176 table=38272753 yh=9724805
stage b2=338 vs b1={227}: values [751479440943256507665609654345728, 964632746105380745721862822346809), 422936502242303 candidates (MITM path)
  MITM b1=227: s=4 t=3 j=3 je=3 Q=11697083 table=38614472 yh=10952798
stage b2=339 vs b1={228}: values [780901175611360895051573482331619, 1025859437174637223709847054188544), 476095639465122 candidates (MITM path)
  MITM b1=228: s=4 t=3 j=3 je=3 Q=11852352 table=38958219 yh=12220673
stage b2=340 vs b1={229}: values [811383032455654359040000000000000, 1090678501427765328462322842832681), 531754863706112 candidates (MITM path)
  MITM b1=229: s=4 t=3 j=3 je=3 Q=12008989 table=39304000 yh=13529282
stage b2=341 vs b1={230}: values [842959922087803397334389217165221, 1159283632453874980900000000000000), 589998752238918 candidates (MITM path)
  MITM b1=230: s=4 t=3 j=3 je=3 Q=12167000 table=39651821 yh=14879487
stage b2=342 vs b1={231}: values [875667797131229409959628180774912, 1231878054532401295881577517615121), 650914099339183 candidates (MITM path)
  MITM b1=231: s=4 t=3 j=3 je=3 Q=12326391 table=40001688 yh=16272166
stage b2=343 vs b1={232}: values [909543680129861140820205019889143, 1308674947070072080696567108993024), 714589960477619 candidates (MITM path)
  MITM b1=232: s=4 t=3 j=3 je=3 Q=12487168 table=40353607 yh=17708206
stage b2=344 vs b1={233}: values [944625692119362354506348084854784, 1389897885974444705448234373058929), 781117697129094 candidates (MITM path)
  MITM b1=233: s=4 t=3 j=3 je=3 Q=12649337 table=40707584 yh=19188506
stage b2=345 vs b1={234}: values [980953081874553817708385009765625, 1475781302562113238057324097191936), 850591022202524 candidates (MITM path)
  MITM b1=234: s=4 t=3 j=3 je=3 Q=12812904 table=41063625 yh=20713978
stage b2=346 vs b1={235}: values [1018566255846991457770364750503936, 1566570960618087215175592041015625), 923106046096355 candidates (MITM path)
  MITM b1=235: s=4 t=3 j=3 je=3 Q=12977875 table=41421736 yh=22285548
stage b2=347 vs b1={236}: values [1057506808806908944576515283377227, 1662524452241727005330470932054016), 998761323384445 candidates (MITM path)
  MITM b1=236: s=4 t=3 j=3 je=3 Q=13144256 table=41781923 yh=23904150
stage b2=348 vs b1={237}: values [1097817555203982927999768993988608, 1763911713133997936335712142251289), 1077657900137132 candidates (MITM path)
  MITM b1=237: s=4 t=3 j=3 je=3 Q=13312053 table=42144192 yh=25570734
stage b2=349 vs b1={238}: values [1139542561261632803799098096449549, 1871015558000686912224711093796864), 1159899361882300 candidates (MITM path)
  MITM b1=238: s=4 t=3 j=3 je=3 Q=13481272 table=42508549 yh=27286261
stage b2=350 vs b1={239}: values [1182727177819824218750000000000000, 1984132236766622027506928774262241), 1245591882211253 candidates (MITM path)
  MITM b1=239: s=4 t=3 j=3 je=3 Q=13651919 table=42875000 yh=29051706
stage b2=351 vs b1={240}: values [1227418073941606603920057053059551, 2103572012316858777600000000000000), 1334844272034196 candidates (MITM path)
  MITM b1=240: s=4 t=3 j=3 je=3 Q=13824000 table=43243551 yh=30868055
stage b2=352 vs b1={241}: values [1273663271298879886722784131284992, 2229659760502257132817812847740961), 1427768029490158 candidates (MITM path)
  MITM b1=241: s=4 t=3 j=3 je=3 Q=13997521 table=43614208 yh=32736306
stage b2=353 vs b1={242}: values [1321512179353154221437667378235873, 2362735593168883450473284633903104), 1524477390516158 candidates (MITM path)
  MITM b1=242: s=4 t=3 j=3 je=3 Q=14172488 table=43986977 yh=34657472
stage b2=354 vs b1={243}: values [1371015631347339138390230034161664, 2503155504993241601315571986085849), 1625089380080444 candidates (MITM path)
  MITM b1=243: s=4 t=3 j=3 je=3 Q=14348907 table=44361864 yh=36632577
stage b2=355 vs b1={244}: values [1422225921124874988441297607421875, 2651292044928480635622559471108096), 1729723864084637 candidates (MITM path)
  MITM b1=244: s=4 t=3 j=3 je=3 Q=14526784 table=44738875 yh=38662659
stage b2=356 vs b1={245}: values [1475196840792799996720033946402816, 2807535013090453863383795166015625), 1838503601939599 candidates (MITM path)
  MITM b1=245: s=4 t=3 j=3 je=3 Q=14706125 table=45118016 yh=40748769
stage b2=357 vs b1={246}: values [1529983719245630682916125419139957, 2972292183936828626836081803411456), 1951554299819863 candidates (MITM path)
  MITM b1=246: s=4 t=3 j=3 je=3 Q=14886936 table=45499293 yh=42891970
stage b2=358 vs b1={247}: values [1586643461567221900574921745522688, 3145990056617379761511309839089969), 2069004664601464 candidates (MITM path)
  MITM b1=247: s=4 t=3 j=3 je=3 Q=15069223 table=45882712 yh=45093339
stage b2=359 vs b1={248}: values [1645234589328065340756692514311879, 3329074633399155440492375267344384), 2190986458488007 candidates (MITM path)
  MITM b1=248: s=4 t=3 j=3 je=3 Q=15252992 table=46268279 yh=47353965
stage b2=360 vs b1={249}: values [1705817281795782082560000000000000, 3522012227096394652101560724434001), 2317634554329813 candidates (MITM path)
  MITM b1=249: s=4 t=3 j=3 je=3 Q=15438249 table=46656000 yh=49674952
stage b2=361 vs b1={250}: values [1768453418076865701195582595329481, 3725290298461914062500000000000000), 2449086991640999 candidates (MITM path)
  MITM b1=250: s=4 t=3 j=3 je=3 Q=15625000 table=47045881 yh=52057416
stage b2=362 vs b1={251}: values [1833206620208037610752855912783872, 3939418324524181765386728349441001), 2585485033319327 candidates (MITM path)
  MITM b1=251: s=4 t=3 j=3 je=3 Q=15813251 table=47437928 yh=54502487
stage b2=363 vs b1={252}: values [1900142297215885771145866243915803, 4164928698882469942515671324688384), 2726973223073687 candidates (MITM path)
  MITM b1=252: s=4 t=3 j=3 je=3 Q=16003008 table=47832147 yh=57011308
stage b2=364 vs b1={253}: values [1969327690163771674979127676370944, 4402377665001341492756836874350969), 2873699443564057 candidates (MITM path)
  MITM b1=253: s=4 t=3 j=3 je=3 Q=16194277 table=48228544 yh=59585035
stage b2=365 vs b1={254}: values [2040831918205308698658487548828125, 4652346283575291198546759565459456), 3025814975258817 candidates (MITM path)
  MITM b1=254: s=4 t=3 j=3 je=3 Q=16387064 table=48627125 yh=62224838
stage b2=366 vs b1={255}: values [2114726025664037501814878311735296, 4915441435064644177113043212890625), 3183474556014253 candidates (MITM path)
  MITM b1=255: s=4 t=3 j=3 je=3 Q=16581375 table=49027896 yh=64931903
stage b2=367 vs b1={256}: values [2191083030159251239243293893133487, 5192296858534827628530496329220096), 3346836441381136 candidates (MITM path)
  MITM b1=256: s=4 t=3 j=3 je=3 Q=16777216 table=49430863 yh=67707425
stage b2=368 vs b1={257}: values [2269977971798254959728479560531968, 5483574227962890893331590433934849), 3516062465643234 candidates (MITM path)
  MITM b1=257: s=4 t=3 j=3 je=3 Q=16974593 table=49836032 yh=70552617
stage b2=369 vs b1={258}: values [2351487963455679756386948226834609, 5789964267207668452827559331119104), 3691318103592628 candidates (MITM path)
  MITM b1=258: s=4 t=3 j=3 je=3 Q=17173512 table=50243409 yh=73468704

*** MATCH: 2917551783793739176069768808318440 is an 14-digit palindrome in bases 258 and 369
stage b2=370 vs b1={259}: values [2435692242160813053970000000000000, 6112187904873275865980332271043961), 3872772533046698 candidates (MITM path)
  MITM b1=259: s=4 t=3 j=3 je=3 Q=17373979 table=50653000 yh=76456924
stage b2=371 vs b1={260}: values [2522672221614251920828329838491011, 6450997470329715097600000000000000), 4060598698111671 candidates (MITM path)
  MITM b1=260: s=4 t=3 j=3 je=3 Q=17576000 table=51064811 yh=79518530
stage b2=372 vs b1={261}: values [2612511545855536528237681340055552, 6807177932189258856180832656779241), 4254973373197586 candidates (MITM path)
  MITM b1=261: s=4 t=3 j=3 je=3 Q=17779581 table=51478848 yh=82654791
stage b2=373 vs b1={262}: values [2705296144103775899249465745412933, 7181548180572999273393724747300864), 4456077227789576 candidates (MITM path)
  MITM b1=262: s=4 t=3 j=3 je=3 Q=17984728 table=51895117 yh=85866985
stage b2=374 vs b1={263}: values [2801114286793637945305730403098624, 7574962354538500616775660413022289), 4664094891980334 candidates (MITM path)
  MITM b1=263: s=4 t=3 j=3 je=3 Q=18191447 table=52313624 yh=89156410
stage b2=375 vs b1={264}: values [2900056642829440534114837646484375, 7988311216076905079138811711062016), 4879215022768664 candidates (MITM path)
  MITM b1=264: s=4 t=3 j=3 je=3 Q=18399744 table=52734375 yh=92524374
done: 515.19s, 1232302936 candidates tested
