A171740 search: n=14, threads=1, limit=none
stage b2=195 vs b1={134}: values [589454038778662817039794921875, 601820777068902739508172046336), 1153487494888 candidates (MITM path)
  MITM b1=134: s=4 t=3 j=3 je=3 Q=2406104 table=7414875 yh=155564
stage b2=196 vs b1={135}: values [629983141281877223603213172736, 667840509835890864312744140625), 3406888525927 candidates (MITM path)
  MITM b1=135: s=4 t=3 j=3 je=3 Q=2460375 table=7529536 yh=452470
stage b2=197 vs b1={136}: values [673071094837873811440793512277, 740533512646847684000786415616), 5858660321459 candidates (MITM path)
  MITM b1=136: s=4 t=3 j=3 je=3 Q=2515456 table=7645373 yh=766302
stage b2=198 vs b1={137}: values [718865222040754575648532881408, 820517673944445067756173565489), 8520430271128 candidates (MITM path)
  MITM b1=137: s=4 t=3 j=3 je=3 Q=2571353 table=7762392 yh=1097656
stage b2=199 vs b1={138}: values [767520516407135386698284882599, 908462928074224101543164657664), 11404340184622 candidates (MITM path)
  MITM b1=138: s=4 t=3 j=3 je=3 Q=2628072 table=7880599 yh=1447142
stage b2=200 vs b1={139}: values [819200000000000000000000000000, 1005095210669462420559310325641), 14523063333552 candidates (MITM path)
  MITM b1=139: s=4 t=3 j=3 je=3 Q=2685619 table=8000000 yh=1815383
stage b2=201 vs b1={140}: values [874075095796795036986291122601, 1111200682555801600000000000000), 17889821882679 candidates (MITM path)
  MITM b1=140: s=4 t=3 j=3 je=3 Q=2744000 table=8120601 yh=2203017
stage b2=202 vs b1={141}: values [932326015330950691117312417792, 1227630238259041401156597561561), 21518404715336 candidates (MITM path)
  MITM b1=141: s=4 t=3 j=3 je=3 Q=2803221 table=8242408 yh=2610694
stage b2=203 vs b1={142}: values [994142162152209023250193980923, 1355304316036224269151582306304), 25423185657910 candidates (MITM path)
  MITM b1=142: s=4 t=3 j=3 je=3 Q=2863288 table=8365427 yh=3039079
stage b2=204 vs b1={143}: values [1059722551667749867247804350464, 1495218027223887926540376015649), 29619142108259 candidates (MITM path)
  MITM b1=143: s=4 t=3 j=3 je=3 Q=2924207 table=8489664 yh=3488848
stage b2=205 vs b1={144}: values [1129276247943131871729736328125, 1648446623609512543951043690496), 34121874072916 candidates (MITM path)
  MITM b1=144: s=4 t=3 j=3 je=3 Q=2985984 table=8615125 yh=3960695
stage b2=206 vs b1={145}: values [1203022818059521485874197487616, 1816151322484127584722900390625), 38947623617992 candidates (MITM path)
  MITM b1=145: s=4 t=3 j=3 je=3 Q=3048625 table=8741816 yh=4455325
stage b2=207 vs b1={146}: values [1281192804641574310961385893007, 1999585510027208108829825581056), 44113294738618 candidates (MITM path)
  MITM b1=146: s=4 t=3 j=3 je=3 Q=3112136 table=8869743 yh=4973459
stage b2=208 vs b1={147}: values [1364028217188669867381634367488, 2200101344710858346413248902169), 49636473651850 candidates (MITM path)
  MITM b1=147: s=4 t=3 j=3 je=3 Q=3176523 table=8998912 yh=5515831
stage b2=209 vs b1={148}: values [1451783042860991280530128758929, 2419156783490371026650801373184), 55535449517906 candidates (MITM path)
  MITM b1=148: s=4 t=3 j=3 je=3 Q=3241792 table=9129329 yh=6083191
stage b2=210 vs b1={149}: values [1544723777391194610000000000000, 2658323054674126527963029795401), 61829235594639 candidates (MITM path)
  MITM b1=149: s=4 t=3 j=3 je=3 Q=3307949 table=9261000 yh=6676303
stage b2=211 vs b1={150}: values [1643129976812137607879885938531, 2919292602539062500000000000000), 68537590830138 candidates (MITM path)
  MITM b1=150: s=4 t=3 j=3 je=3 Q=3375000 table=9393931 yh=7295944
stage b2=212 vs b1={151}: values [1747294830711343799643429404672, 3203887529980253057019236799601), 75681041898371 candidates (MITM path)
  MITM b1=151: s=4 t=3 j=3 je=3 Q=3442951 table=9528128 yh=7942908
stage b2=213 vs b1={152}: values [1857525757743574275028332482853, 3514068566756183507202771779584), 83280905682770 candidates (MITM path)
  MITM b1=152: s=4 t=3 j=3 je=3 Q=3511808 table=9663597 yh=8618003
stage b2=214 vs b1={153}: values [1974145024154075931737388703744, 3851944592216835046631374058769), 91359312212663 candidates (MITM path)
  MITM b1=153: s=4 t=3 j=3 je=3 Q=3581577 table=9800344 yh=9322052
stage b2=215 vs b1={154}: values [2097490386086780743704833984375, 4219782742781494680756610809856), 99939228057489 candidates (MITM path)
  MITM b1=154: s=4 t=3 j=3 je=3 Q=3652264 table=9938375 yh=10055893
stage b2=216 vs b1={155}: values [2227915756473955677973140996096, 4620019135869118166021728515625), 109044480183686 candidates (MITM path)
  MITM b1=155: s=4 t=3 j=3 je=3 Q=3723875 table=10077696 yh=10820379
stage b2=217 vs b1={156}: values [2365791897326557049109957244537, 5055270243477986851332550557696), 118699780279190 candidates (MITM path)
  MITM b1=156: s=4 t=3 j=3 je=3 Q=3796416 table=10218313 yh=11616378
stage b2=218 vs b1={157}: values [2511507138267836407351489568768, 5528344950165252334658020725049), 128930749550475 candidates (MITM path)
  MITM b1=157: s=4 t=3 j=3 je=3 Q=3869893 table=10360232 yh=12444775
stage b2=219 vs b1={158}: values [2665468122176587678000165555659, 6042257331792746762298544635904), 139763943997041 candidates (MITM path)
  MITM b1=158: s=4 t=3 j=3 je=3 Q=3944312 table=10503459 yh=13306469
stage b2=220 vs b1={159}: values [2828100578830827520000000000000, 6600240193085194872736139543361), 151226880168303 candidates (MITM path)
  MITM b1=159: s=4 t=3 j=3 je=3 Q=4019679 table=10648000 yh=14202375
stage b2=221 vs b1={160}: values [2999850127467673210626961906061, 7205759403792793600000000000000), 163348061407802 candidates (MITM path)
  MITM b1=160: s=4 t=3 j=3 je=3 Q=4096000 table=10793861 yh=15133423
stage b2=222 vs b1={161}: values [3181183109200735396368066404352, 7862529075064177918032791835841), 176157004589677 candidates (MITM path)
  MITM b1=161: s=4 t=3 j=3 je=3 Q=4173281 table=10941048 yh=16100561
stage b2=223 vs b1={162}: values [3372587450262487530117553541983, 8574527619520275041706172760064), 189684267352339 candidates (MITM path)
  MITM b1=162: s=4 t=3 j=3 je=3 Q=4251528 table=11089567 yh=17104750

*** MATCH: 7640302063825701930442428870336 is an 14-digit palindrome in bases 162 and 223
stage b2=224 vs b1={163}: values [3574573557065820643235855335424, 9346014740476727289651520028089), 203961475834294 candidates (MITM path)
  MITM b1=163: s=4 t=3 j=3 je=3 Q=4330747 table=11239424 yh=18146969
stage b2=225 vs b1={164}: values [3787675244106352329254150390625, 10181549397794758908552901820416), 219021352917050 candidates (MITM path)
  MITM b1=164: s=4 t=3 j=3 je=3 Q=4410944 table=11390625 yh=19228213
stage b2=226 vs b1={165}: values [4012450695755043646903726514176, 11086008799949954971490478515625), 234897746980065 candidates (MITM path)
  MITM b1=165: s=4 t=3 j=3 je=3 Q=4492125 table=11543176 yh=20349491
stage b2=227 vs b1={166}: values [4249483463019298439303360450867, 12064608474097852187633240129536), 251625661172679 candidates (MITM path)
  MITM b1=166: s=4 t=3 j=3 je=3 Q=4574296 table=11697083 yh=21511831
stage b2=228 vs b1={167}: values [4499383496379987823288802869248, 13122923468187014400100544266129), 269241283207989 candidates (MITM path)
  MITM b1=167: s=4 t=3 j=3 je=3 Q=4657463 table=11852352 yh=22716275
stage b2=229 vs b1={168}: values [4762788215841769993285252588789, 14266910741526944359910498893824), 287782015683618 candidates (MITM path)
  MITM b1=168: s=4 t=3 j=3 je=3 Q=4741632 table=12008989 yh=23963884
stage b2=230 vs b1={169}: values [5040363619364673830000000000000, 15502932802662396215269535105521), 307286506934337 candidates (MITM path)
  MITM b1=169: s=4 t=3 j=3 je=3 Q=4826809 table=12167000 yh=25255734
stage b2=231 vs b1={170}: values [5332805430876196086067435141191, 16837782655940092900000000000000), 327794682421498 candidates (MITM path)
  MITM b1=170: s=4 t=3 j=3 je=3 Q=4913000 table=12326391 yh=26592917
stage b2=232 vs b1={171}: values [5640840289095138278864513400832, 18278710120781277966686574574281), 349347776664236 candidates (MITM path)
  MITM b1=171: s=4 t=3 j=3 je=3 Q=5000211 table=12487168 yh=27976542
stage b2=233 vs b1={172}: values [5965226978431093156430190442313, 19833449590396768185436019359744), 371988365717421 candidates (MITM path)
  MITM b1=172: s=4 t=3 j=3 je=3 Q=5088448 table=12649337 yh=29407737
stage b2=234 vs b1={173}: values [6306757703256894179732154261504, 21510249299503115502230603251609), 395760400201295 candidates (MITM path)
  MITM b1=173: s=4 t=3 j=3 je=3 Q=5177717 table=12812904 yh=30887643
stage b2=235 vs b1={174}: values [6666259406885477511385498046875, 23317902173522098324213843378176), 420709238887796 candidates (MITM path)
  MITM b1=174: s=4 t=3 j=3 je=3 Q=5268024 table=12977875 yh=32417422
stage b2=236 vs b1={175}: values [7044595136617487310722334457856, 25265778334774076938629150390625), 446881682848512 candidates (MITM path)
  MITM b1=175: s=4 t=3 j=3 je=3 Q=5359375 table=13144256 yh=33998249
stage b2=237 vs b1={176}: values [7442665456261594668083173595997, 27363859344311872566309815320576), 474326010169250 candidates (MITM path)
  MITM b1=176: s=4 t=3 j=3 je=3 Q=5451776 table=13312053 yh=35631320
done: 111.31s, 284960658 candidates tested
