A171740 search: n=14, threads=1, limit=none
stage b2=430 vs b1={279}: values [17182641242822907852430000000000000, 17316449306087601206337604921562481), 49226968940704 candidates (MITM path)
  MITM b1=279: s=4 t=3 j=3 je=3 Q=21717639 table=79507000 yh=619153
stage b2=431 vs b1={280}: values [17709427104057277060049775698679791, 18205911982994253414400000000000000), 179707058230839 candidates (MITM path)
  MITM b1=280: s=4 t=3 j=3 je=3 Q=21952000 table=80062991 yh=2244571
stage b2=432 vs b1={281}: values [18251085877034644913955971040018432, 19137644314233322299008947929826321), 315733845791038 candidates (MITM path)
  MITM b1=281: s=4 t=3 j=3 je=3 Q=22188041 table=80621568 yh=3916246
stage b2=433 vs b1={282}: values [18808001579704525579373326142460913, 20113493823636134316549694448615424), 457466210394028 candidates (MITM path)
  MITM b1=282: s=4 t=3 j=3 je=3 Q=22425768 table=81182737 yh=5635019
stage b2=434 vs b1={283}: values [19380567222899155346308769747247104, 21135381789957450134663699873055529), 605066522003836 candidates (MITM path)
  MITM b1=283: s=4 t=3 j=3 je=3 Q=22665187 table=81746504 yh=7401742
stage b2=435 vs b1={284}: values [19969184999426632712125301513671875, 22205305913937498425779524506484736), 758700700278923 candidates (MITM path)
  MITM b1=284: s=4 t=3 j=3 je=3 Q=22906304 table=82312875 yh=9217279
stage b2=436 vs b1={285}: values [20574266476690115849023402547347456, 23325343071852267342134088134765625), 918538273767489 candidates (MITM path)
  MITM b1=285: s=4 t=3 j=3 je=3 Q=23149125 table=82881856 yh=11082502
stage b2=437 vs b1={286}: values [21196232792890476235164446315006597, 24497652158036179788437520640393216), 1084752439799604 candidates (MITM path)
  MITM b1=286: s=4 t=3 j=3 je=3 Q=23393656 table=83453453 yh=12998294
stage b2=438 vs b1={287}: values [21835514856870606258177356231958528, 25724477018923486959881583081626689), 1257520125080852 candidates (MITM path)
  MITM b1=287: s=4 t=3 j=3 je=3 Q=23639903 table=84027672 yh=14965548
stage b2=439 vs b1={288}: values [22492553551660386877599101633928919, 27008149481218253520093899825086464), 1437022046992150 candidates (MITM path)
  MITM b1=288: s=4 t=3 j=3 je=3 Q=23887872 table=84604519 yh=16985169
stage b2=440 vs b1={289}: values [23167799941782139043840000000000000, 28351092476867700887730107366063041), 1623442775600450 candidates (MITM path)
  MITM b1=289: s=4 t=3 j=3 je=3 Q=24137569 table=85184000 yh=19058072
stage b2=441 vs b1={290}: values [23861715484377209601555171628930521, 29755823267579946348100000000000000), 1816970796384987 candidates (MITM path)
  MITM b1=290: s=4 t=3 j=3 je=3 Q=24389000 table=85766121 yh=21185181
stage b2=442 vs b1={291}: values [24574772244215178941456071934451712, 31224956771694849412103314940863161), 2017798573683783 candidates (MITM path)
  MITM b1=291: s=4 t=3 j=3 je=3 Q=24642171 table=86350888 yh=23367433
stage b2=443 vs b1={292}: values [25307453112648023793818952767430443, 32761208996285777655067862320021504), 2226122614865096 candidates (MITM path)
  MITM b1=292: s=4 t=3 j=3 je=3 Q=24897088 table=86938307 yh=25605774
stage b2=444 vs b1={293}: values [26060252030572424367047199984451584, 34367400577440657174390053251553449), 2442143535228516 candidates (MITM path)
  MITM b1=293: s=4 t=3 j=3 je=3 Q=25153757 table=87528384 yh=27901162
stage b2=445 vs b1={294}: values [26833674215464270614029991455078125, 36046460431742703147634670013136896), 2666066123640414 candidates (MITM path)
  MITM b1=294: s=4 t=3 j=3 je=3 Q=25412184 table=88121125 yh=30254563
stage b2=446 vs b1={295}: values [27628236392550297846722998615924736, 37801429522044759444963140869140625), 2898099408908452 candidates (MITM path)
  MITM b1=295: s=4 t=3 j=3 je=3 Q=25672375 table=88716536 yh=32666959
stage b2=447 vs b1={296}: values [28444467030182667304977191627470527, 39635464740706238900646729698246656), 3138456726899873 candidates (MITM path)
  MITM b1=296: s=4 t=3 j=3 je=3 Q=25934336 table=89314623 yh=35139339
stage b2=448 vs b1={297}: values [29282906579483202709388126907793408, 41551842913538274087106161994416369), 3387355788408274 candidates (MITM path)
  MITM b1=297: s=4 t=3 j=3 je=3 Q=26198073 table=89915392 yh=37672703
stage b2=449 vs b1={298}: values [30144107718324899380671726264710849, 43553964927780889034146280167849984), 3645018747773606 candidates (MITM path)
  MITM b1=298: s=4 t=3 j=3 je=3 Q=26463592 table=90518849 yh=40268064
stage b2=450 vs b1={299}: values [31028635599719238281250000000000000, 45645359987515812435930238280185801), 3911672272260100 candidates (MITM path)
  MITM b1=299: s=4 t=3 j=3 je=3 Q=26730899 table=91125000 yh=42926445
stage b2=451 vs b1={300}: values [31937068104678763420425865233800851, 47829690000000000000000000000000000), 4187547612196874 candidates (MITM path)
  MITM b1=300: s=4 t=3 j=3 je=3 Q=27000000 table=91733851 yh=45648881
stage b2=452 vs b1={301}: values [32869996099625317555435327604129792, 50110754096488045602459977936194201), 4472880671885932 candidates (MITM path)
  MITM b1=301: s=4 t=3 j=3 je=3 Q=27270901 table=92345408 yh=48436417
stage b2=453 vs b1={302}: values [33828023698415278110106494516889173, 52492493291196466086203175724662784), 4767912081282311 candidates (MITM path)
  MITM b1=302: s=4 t=3 j=3 je=3 Q=27543608 table=92959677 yh=51290111
stage b2=454 vs b1={303}: values [34811768529054092814773128813502464, 54978995282149371522266936818729569), 5072887268451093 candidates (MITM path)
  MITM b1=303: s=4 t=3 j=3 je=3 Q=27818127 table=93576664 yh=54211030
stage b2=455 vs b1={304}: values [35821862005173382840059779052734375, 57574499397733310582010212836704256), 5388056532806056 candidates (MITM path)
  MITM b1=304: s=4 t=3 j=3 je=3 Q=28094464 table=94196375 yh=57200254
stage b2=456 vs b1={305}: values [36858949602344860248381873104879616, 60283401692879138764114019775390625), 5713675119134688 candidates (MITM path)
  MITM b1=305: s=4 t=3 j=3 je=3 Q=28372625 table=94818816 yh=60258875
stage b2=457 vs b1={306}: values [37923691139306296516328170919321257, 63110260198880625404008432578871296), 6050003292414319 candidates (MITM path)
  MITM b1=306: s=4 t=3 j=3 je=3 Q=28652616 table=95443993 yh=63387995
stage b2=458 vs b1={307}: values [39016761064175779784992789207359488, 66059800330953223881038421346972249), 6397306413424141 candidates (MITM path)
  MITM b1=307: s=4 t=3 j=3 je=3 Q=28934443 table=96071912 yh=66588728
stage b2=459 vs b1={308}: values [40138848745731510470918118846397179, 69136920457732008849516311508680704), 6755855015157853 candidates (MITM path)
  MITM b1=308: s=4 t=3 j=3 je=3 Q=29218112 table=96702579 yh=69862202
stage b2=460 vs b1={309}: values [41290658769835408015360000000000000, 72346697637005265678995742402826761), 7125924880041715 candidates (MITM path)
  MITM b1=309: s=4 t=3 j=3 je=3 Q=29503629 table=97336000 yh=73209552
stage b2=461 vs b1={310}: values [42472911241079835962500139972206781, 75694393522079632032100000000000000), 7507797117962750 candidates (MITM path)
  MITM b1=310: s=4 t=3 j=3 je=3 Q=29791000 table=97972181 yh=76631928
stage b2=462 vs b1={311}: values [43686342089737798337064428676636672, 79185460443274071484794939191083441), 7901758245111891 candidates (MITM path)
  MITM b1=311: s=4 t=3 j=3 je=3 Q=30080231 table=98611128 yh=80130493
stage b2=463 vs b1={312}: values [44931703384098017538267680344521103, 82825547669143336572232508337291264), 8308100263646826 candidates (MITM path)
  MITM b1=312: s=4 t=3 j=3 je=3 Q=30371328 table=99252847 yh=83706418
stage b2=464 vs b1={313}: values [46209763648267372780458093779615744, 86620507852136986313803229728551889), 8727120742179317 candidates (MITM path)
  MITM b1=313: s=4 t=3 j=3 je=3 Q=30664297 table=99897344 yh=87360889
stage b2=465 vs b1={314}: values [47521308185524258592298453369140625, 90576403663507494251037011559202816), 9159122897091783 candidates (MITM path)
  MITM b1=314: s=4 t=3 j=3 je=3 Q=30959144 table=100544625 yh=91095103
stage b2=466 vs b1={315}: values [48867139407307515137476120103428096, 94699514622390550869469537353515625), 9604415674687914 candidates (MITM path)
  MITM b1=315: s=4 t=3 j=3 je=3 Q=31255875 table=101194696 yh=94910268
stage b2=467 vs b1={316}: values [50248077167926686243123642272242787, 98996344124092362953499355314651136), 10063313834182118 candidates (MITM path)
  MITM b1=316: s=4 t=3 j=3 je=3 Q=31554496 table=101847563 yh=98807606
stage b2=468 vs b1={317}: values [51664959105080477120365807710240768, 103473626672732616363732850530926329), 10536138031532566 candidates (MITM path)
  MITM b1=317: s=4 t=3 j=3 je=3 Q=31855013 table=102503232 yh=102788350
stage b2=469 vs b1={318}: values [53118640986271411938365507173903909, 108138335323507832794908910278426624), 11023214904122648 candidates (MITM path)
  MITM b1=318: s=4 t=3 j=3 je=3 Q=32157432 table=103161709 yh=106853745
stage b2=470 vs b1={319}: values [54609997061205831773270000000000000, 112997689339958150582465303553121921), 11524877156295619 candidates (MITM path)
  MITM b1=319: s=4 t=3 j=3 je=3 Q=32461759 table=103823000 yh=111005049
stage b2=471 vs b1={320}: values [56139920420269526101585857174664311, 118059162071741130342400000000000000), 12041463645747241 candidates (MITM path)
  MITM b1=320: s=4 t=3 j=3 je=3 Q=32768000 table=104487111 yh=115243532
stage b2=472 vs b1={321}: values [57709323359170456049437363878756352, 123330489058539064373855829501034881), 12573319470781213 candidates (MITM path)
  MITM b1=321: s=4 t=3 j=3 je=3 Q=33076161 table=105154048 yh=119570476
stage b2=473 vs b1={322}: values [59319137749841205151272334026810233, 128819676365851491009049261438418944), 13120796058432201 candidates (MITM path)
  MITM b1=322: s=4 t=3 j=3 je=3 Q=33386248 table=105823817 yh=123987175
stage b2=474 vs b1={323}: values [60970315417694983520937358098407424, 134535009158552218608057415586748409), 13684251253461256 candidates (MITM path)
  MITM b1=323: s=4 t=3 j=3 je=3 Q=33698267 table=106496424 yh=128494937
stage b2=475 vs b1={324}: values [62663828525330214202404022216796875, 140485060518220186283313934500888576), 14264049408228459 candidates (MITM path)
  MITM b1=324: s=4 t=3 j=3 je=3 Q=34012224 table=107171875 yh=133095082
stage b2=476 vs b1={325}: values [64400669962779946155230391934386176, 146678700510385967791080474853515625), 14860561473447565 candidates (MITM path)
  MITM b1=325: s=4 t=3 j=3 je=3 Q=34328125 table=107850176 yh=137788941
stage b2=477 vs b1={326}: values [66181853744403566950222013869119117, 153125105507970699913650504140210176), 15474165089827495 candidates (MITM path)
  MITM b1=326: s=4 t=3 j=3 je=3 Q=34645976 table=108531333 yh=142577859
stage b2=478 vs b1={327}: values [68008415412519529913542931040821248, 159833767777331726128449290957670609), 16105244680605474 candidates (MITM path)
  MITM b1=327: s=4 t=3 j=3 je=3 Q=34965783 table=109215352 yh=147463195
stage b2=479 vs b1={328}: values [69881412447879065273246871214547039, 166814505333469329957730743425695744), 16754191544976629 candidates (MITM path)
  MITM b1=328: s=4 t=3 j=3 je=3 Q=35287552 table=109902239 yh=152446317
stage b2=480 vs b1={329}: values [71801924687082112942080000000000000, 174077472071091630146366848886447281), 17421403952424895 candidates (MITM path)
  MITM b1=329: s=4 t=3 j=3 je=3 Q=35611289 table=110592000 yh=157528610
stage b2=481 vs b1={330}: values [73771054747037996026381548447289441, 181633168178380062252900000000000000), 18107287237960019 candidates (MITM path)
  MITM b1=330: s=4 t=3 j=3 je=3 Q=35937000 table=111284641 yh=162711468
stage b2=482 vs b1={331}: values [75789928456574649095616277380472832, 189492450840445919389300039685792521), 18812253898265516 candidates (MITM path)
  MITM b1=331: s=4 t=3 j=3 je=3 Q=36264691 table=111980168 yh=167996301
stage b2=483 vs b1={332}: values [77859695295301523793862079367040563, 197666545239619210242183006282317824), 19536723688762398 candidates (MITM path)
  MITM b1=332: s=4 t=3 j=3 je=3 Q=36594368 table=112678587 yh=173384529
stage b2=484 vs b1={333}: values [79981528839832616637508874879893504, 206167055859864657197443888722807129), 20281123721593499 candidates (MITM path)
  MITM b1=333: s=4 t=3 j=3 je=3 Q=36926037 table=113379904 yh=178877588
stage b2=485 vs b1={334}: values [82156627217477399937279024658203125, 215005978102776043931247317256257536), 21045888564533249 candidates (MITM path)
  MITM b1=334: s=4 t=3 j=3 je=3 Q=37259704 table=114084125 yh=184476925
stage b2=486 vs b1={335}: values [84386213567508786822951299218169856, 224195710222759373302821832275390625), 21831460340827713 candidates (MITM path)
  MITM b1=335: s=4 t=3 j=3 je=3 Q=37595375 table=114791256 yh=190184001
stage b2=487 vs b1={336}: values [86671536510118625452078408718034247, 233749065589177456392773613876412416), 22638288829969755 candidates (MITM path)
  MITM b1=336: s=4 t=3 j=3 je=3 Q=37933056 table=115501303 yh=196000290
stage b2=488 vs b1={337}: values [89013870623172595766475439292284928, 243679285283393666208253061306357089), 23466831569414151 candidates (MITM path)
  MITM b1=337: s=4 t=3 j=3 je=3 Q=38272753 table=116214272 yh=201927278
stage b2=489 vs b1={338}: values [91414516926877774739994358072042569, 254000051038820699590976063168856064), 24317553957237512 candidates (MITM path)
  MITM b1=338: s=4 t=3 j=3 je=3 Q=38614472 table=116930169 yh=207966466
stage b2=490 vs b1={339}: values [93874803376477543056490000000000000, 264725498532251343422483410510418841), 25190929355747841 candidates (MITM path)
  MITM b1=339: s=4 t=3 j=3 je=3 Q=38958219 table=117649000 yh=214119367
stage b2=491 vs b1={340}: values [96396085363089927687061485995798171, 275870231034922482073600000000000000), 26087439196048602 candidates (MITM path)
  MITM b1=340: s=4 t=3 j=3 je=3 Q=39304000 table=118370771 yh=220387508
stage b2=492 vs b1={341}: values [98979746222806911020492610298970112, 287449333431940958491026723053340361), 27007573083562129 candidates (MITM path)
  MITM b1=341: s=4 t=3 j=3 je=3 Q=39651821 table=119095488 yh=226772429
stage b2=493 vs b1={342}: values [101627197754173688160928089239296093, 299478386618880458206192837825019904), 27951828904517230 candidates (MITM path)
  MITM b1=342: s=4 t=3 j=3 je=3 Q=40001688 table=119823157 yh=233275684
stage b2=494 vs b1={343}: values [104339880744168319863565385432489984, 311973482284542371301330321821976049), 28920712933405860 candidates (MITM path)
  MITM b1=343: s=4 t=3 j=3 je=3 Q=40353607 table=120553784 yh=239898840
stage b2=495 vs b1={344}: values [107119265502803709454615843505859375, 324951238089060649950183741190045696), 29914739941413699 candidates (MITM path)
  MITM b1=344: s=4 t=3 j=3 je=3 Q=40707584 table=121287375 yh=246643478
stage b2=496 vs b1={345}: values [109966852406475328098844912056795136, 338428813246721067109392828369140625), 30934433305829504 candidates (MITM path)
  MITM b1=345: s=4 t=3 j=3 je=3 Q=41063625 table=122023936 yh=253511191
stage b2=497 vs b1={346}: values [112884172450179624060242238336272177, 352423924523059044388546203674361856), 31980325120438102 candidates (MITM path)
  MITM b1=346: s=4 t=3 j=3 je=3 Q=41421736 table=122763473 yh=260503588
stage b2=498 vs b1={347}: values [115872787808729578273156568090615808, 366954862655997403768050803331897769), 33052956306901878 candidates (MITM path)
  MITM b1=347: s=4 t=3 j=3 je=3 Q=41781923 table=123505992 yh=267622290
stage b2=499 vs b1={348}: values [118934292407095410727674098230506499, 382040509210986058943919609908035584), 34152876727135631 candidates (MITM path)
  MITM b1=348: s=4 t=3 j=3 je=3 Q=42144192 table=124251499 yh=274868932
stage b2=500 vs b1={349}: values [122070312500000000000000000000000000, 397700353880309848525885235660892601), 35280645296679661 candidates (MITM path)
  MITM b1=349: s=4 t=3 j=3 je=3 Q=42508549 table=125000000 yh=282245163
stage b2=501 vs b1={350}: values [125282507260900151852763473269506501, 413954512236938476562500000000000000), 36436830099075966 candidates (MITM path)
  MITM b1=350: s=4 t=3 j=3 je=3 Q=42875000 table=125751501 yh=289752646
stage b2=502 vs b1={351}: values [128572569380486442318916647962632192, 430823743953503917975940025623902401), 37622008501252407 candidates (MITM path)
  MITM b1=351: s=4 t=3 j=3 je=3 Q=43243551 table=126506008 yh=297393058
stage b2=503 vs b1={352}: values [131942225674835966194417272072460823, 448329471497205720126420014212317184), 38836767269919734 candidates (MITM path)
  MITM b1=352: s=4 t=3 j=3 je=3 Q=43614208 table=127263527 yh=305168089
stage b2=504 vs b1={353}: values [135393237703353943528128490047012864, 466493799311663440167496584517263169), 40081702688986324 candidates (MITM path)
  MITM b1=353: s=4 t=3 j=3 je=3 Q=43986977 table=128024064 yh=313079444
stage b2=505 vs b1={354}: values [138927402396641774642067017822265625, 485339533496958054990141432093229056), 41357420677995540 candidates (MITM path)
  MITM b1=354: s=4 t=3 j=3 je=3 Q=44361864 table=128787625 yh=321128841
stage b2=506 vs b1={355}: values [142546552694430788571794496737878016, 504890201999330620896660650634765625), 42664536911590559 candidates (MITM path)
  MITM b1=355: s=4 t=3 j=3 je=3 Q=44738875 table=129554216 yh=329318013
stage b2=507 vs b1={356}: values [146252558193722600716669650994316907, 525170075322236798832332084919402496), 44003676940011577 candidates (MITM path)
  MITM b1=356: s=4 t=3 j=3 je=3 Q=45118016 table=130323843 yh=337648706
stage b2=508 vs b1={357}: values [150047325807278683064941158898597888, 546204187770690153801056774632964649), 45375476310630254 candidates (MITM path)
  MITM b1=357: s=4 t=3 j=3 je=3 Q=45499293 table=131096512 yh=346122682
stage b2=509 vs b1={358}: values [153932800432603454742132269478454829, 568018359241065440405821984897122304), 46780580690526304 candidates (MITM path)
  MITM b1=358: s=4 t=3 j=3 je=3 Q=45882712 table=131872229 yh=354741716
stage b2=510 vs b1={359}: values [157910965631566921956510000000000000, 590639217568775457331652612637964561), 48219645990111097 candidates (MITM path)
  MITM b1=359: s=4 t=3 j=3 je=3 Q=46268279 table=132651000 yh=363507596
stage b2=511 vs b1={360}: values [161983844320814634817101682325330431, 614094221446481549721600000000000000), 49693338487803180 candidates (MITM path)
  MITM b1=360: s=4 t=3 j=3 je=3 Q=46656000 table=133432831 yh=372422126
stage b2=512 vs b1={361}: values [166153499473114484112975882535043072, 638411683925748518131605316913942641), 51202334955760590 candidates (MITM path)
  MITM b1=361: s=4 t=3 j=3 je=3 Q=47045881 table=134217728 yh=381487124
stage b2=513 vs b1={362}: values [170422034829791634103401401374218753, 663620796515309615092533840427761664), 52747322786674873 candidates (MITM path)
  MITM b1=362: s=4 t=3 j=3 je=3 Q=47437928 table=135005697 yh=390704422
stage b2=514 vs b1={363}: values [174791595624404677813900345660678144, 689751653889366534925949446541436489), 54329000121631682 candidates (MITM path)
  MITM b1=363: s=4 t=3 j=3 je=3 Q=47832147 table=135796744 yh=400075868
stage b2=515 vs b1={364}: values [179264369317817909400790555419921875, 716835279219612889692402474199023616), 55948075979042858 candidates (MITM path)
  MITM b1=364: s=4 t=3 j=3 je=3 Q=48228544 table=136590875 yh=409603321
stage b2=516 vs b1={365}: values [183842586344826433975051806358634496, 744903650144937675010347955322265625), 57605270384654903 candidates (MITM path)
  MITM b1=365: s=4 t=3 j=3 je=3 Q=48627125 table=137388096 yh=419288658
stage b2=517 vs b1={366}: values [188528520872492679004546608119852437, 773989725393037725664245462095118336), 59301314502638719 candidates (MITM path)
  MITM b1=366: s=4 t=3 j=3 je=3 Q=49027896 table=138188413 yh=429133769
stage b2=518 vs b1={367}: values [193324491570354733181895297159815168, 804127472068445204802288858779989729), 61036950767765538 candidates (MITM path)
  MITM b1=367: s=4 t=3 j=3 je=3 Q=49430863 table=138991832 yh=439140559
stage b2=519 vs b1={368}: values [198232862392668818594582670912803559, 835351893621757825180080478275764224), 62812933018673934 candidates (MITM path)
  MITM b1=368: s=4 t=3 j=3 je=3 Q=49836032 table=139798359 yh=449310947
stage b2=520 vs b1={369}: values [203256043372850100305920000000000000, 867699058515145830106783895701970721), 64630026632232816 candidates (MITM path)
  MITM b1=369: s=4 t=3 j=3 je=3 Q=50243409 table=140608000 yh=459646867
stage b2=521 vs b1={370}: values [208396491430277954192889648311785961, 901206129599500829968900000000000000), 66489008659005326 candidates (MITM path)
  MITM b1=370: s=4 t=3 j=3 je=3 Q=50653000 table=141420761 yh=470150268
stage b2=522 vs b1={371}: values [213656711189633749233078088598986752, 935911394218887462627310370080165081), 68390667959818520 candidates (MITM path)
  MITM b1=371: s=4 t=3 j=3 je=3 Q=51064811 table=142236648 yh=480823114
stage b2=523 vs b1={372}: values [219039255812941154532109005895053883, 971854295058259588504417458500665344), 70335805343443775 candidates (MITM path)
  MITM b1=372: s=4 t=3 j=3 je=3 Q=51478848 table=143055667 yh=491667383
stage b2=524 vs b1={373}: values [224546727844480954380310660801101824, 1009075461750708410420050723039024009), 72325233705392801 candidates (MITM path)
  MITM b1=373: s=4 t=3 j=3 je=3 Q=51895117 table=143877824 yh=502685068
stage b2=525 vs b1={374}: values [230181780068754346668720245361328125, 1047616743260820591544343170758885376), 74359778167834190 candidates (MITM path)
  MITM b1=374: s=4 t=3 j=3 je=3 Q=52313624 table=144703125 yh=513878178
stage b2=526 vs b1={375}: values [235947116381670711226715627769880576, 1087521241061040200293064117431640625), 76440276220635403 candidates (MITM path)
  MITM b1=375: s=4 t=3 j=3 je=3 Q=52734375 table=145531576 yh=525248736
stage b2=527 vs b1={376}: values [241845492675137865214191430461762767, 1128833343118249207414947823407333376), 78567577863535121 candidates (MITM path)
  MITM b1=376: s=4 t=3 j=3 je=3 Q=53157376 table=146363183 yh=536798779
stage b2=528 vs b1={377}: values [247879717735234872758731611882651648, 1171598758708107367475386427203165009), 80742545749450860 candidates (MITM path)
  MITM b1=377: s=4 t=3 j=3 je=3 Q=53582633 table=147197952 yh=548530362
stage b2=529 vs b1={378}: values [254052654154149545721997685422868689, 1215864554075023704741469602061369344), 82966055328926786 candidates (MITM path)
  MITM b1=378: s=4 t=3 j=3 je=3 Q=54010152 table=148035889 yh=560445551
stage b2=530 vs b1={379}: values [260367219256064861959730000000000000, 1261679188955968563191835468129487081), 85238994995726632 candidates (MITM path)
  MITM b1=379: s=4 t=3 j=3 je=3 Q=54439939 table=148877000 yh=572546431
stage b2=531 vs b1={380}: values [266826386037180636857388515472989091, 1309092553986677343846400000000000000), 87562266233576645 candidates (MITM path)
  MITM b1=380: s=4 t=3 j=3 je=3 Q=54872000 table=149721291 yh=584835101
stage b2=532 vs b1={381}: values [273433184120058913430441697300447232, 1358156009009144712440307376223513721), 89936783764063489 candidates (MITM path)
  MITM b1=381: s=4 t=3 j=3 je=3 Q=55306341 table=150568768 yh=597313673
stage b2=533 vs b1={382}: values [280190700722483686027416350032250213, 1408922422299661290033405230674100224), 92363475695692013 candidates (MITM path)
  MITM b1=382: s=4 t=3 j=3 je=3 Q=55742968 table=151419437 yh=609984277
stage b2=534 vs b1={383}: values [287102081641027742818685874210299904, 1461446210737003712612867623638313729), 94843283674107824 candidates (MITM path)
  MITM b1=383: s=4 t=3 j=3 je=3 Q=56181887 table=152273304 yh=622849057
stage b2=535 vs b1={384}: values [294170532249521602949110970458984375, 1515783380930753538061821258378510336), 97377163033489578 candidates (MITM path)
  MITM b1=384: s=4 t=3 j=3 je=3 Q=56623104 table=153130375 yh=635910172
stage b2=536 vs b1={385}: values [301399318512621735633442871240032256, 1571991571330090865774680230712890625), 99966082949115920 candidates (MITM path)
  MITM b1=385: s=4 t=3 j=3 je=3 Q=57066625 table=153990656 yh=649169798
stage b2=537 vs b1={386}: values [308791768014677480736121943614131897, 1630130095333784792244505633968111616), 102611026591112005 candidates (MITM path)
  MITM b1=386: s=4 t=3 j=3 je=3 Q=57512456 table=154854153 yh=662630124
stage b2=538 vs b1={387}: values [316351271004098343658904022264291328, 1690259985422485032479991371240442489), 105312991279380522 candidates (MITM path)
  MITM b1=387: s=4 t=3 j=3 je=3 Q=57960603 table=155720872 yh=676293357
stage b2=539 vs b1={388}: values [324081281453425611818659325054366219, 1752444038334807270293678521701105664), 108072988639722157 candidates (MITM path)
  MITM b1=388: s=4 t=3 j=3 je=3 Q=58411072 table=156590819 yh=690161718
stage b2=540 vs b1={389}: values [331985318135314535792640000000000000, 1816746861309099139322282878629329641), 110892044761150426 candidates (MITM path)
  MITM b1=389: s=4 t=3 j=3 je=3 Q=58863869 table=157464000 yh=704237444
stage b2=541 vs b1={390}: values [340066965714635635499320813072655821, 1883234919413174260904100000000000000), 113771200354405802 candidates (MITM path)
  MITM b1=390: s=4 t=3 j=3 je=3 Q=59319000 table=158340421 yh=718522786
stage b2=542 vs b1={391}: values [348329875856906030730297942652608512, 1951976583984708555289257373653172561), 116711510911674091 candidates (MITM path)
  MITM b1=391: s=4 t=3 j=3 je=3 Q=59776471 table=159220088 yh=733020013
stage b2=543 vs b1={392}: values [356777768353264056114297546073891743, 2023042182205406180576948745932898304), 119714046867513964 candidates (MITM path)
  MITM b1=392: s=4 t=3 j=3 je=3 Q=60236288 table=160103007 yh=747731409
stage b2=544 vs b1={393}: values [365414432262202803340615819548688384, 2096504047832462021585980850883353649), 122779893760998610 candidates (MITM path)
  MITM b1=393: s=4 t=3 j=3 je=3 Q=60698457 table=160989184 yh=762659272
stage b2=545 vs b1={394}: values [374243727068280638359709019775390625, 2172436573111273731749254298313834496), 125910152399076424 candidates (MITM path)
  MITM b1=394: s=4 t=3 j=3 je=3 Q=61162984 table=161878625 yh=777805918
stage b2=546 vs b1={395}: values [383269583858029168477508273239105536, 2250916261893789009116047857666015625), 129105939021155682 candidates (MITM path)
  MITM b1=395: s=4 t=3 j=3 je=3 Q=61629875 table=162771336 yh=793173677
stage b2=547 vs b1={396}: values [392496006513281583932595840500243827, 2332021783987313147550261420339757056), 132368385464918144 candidates (MITM path)
  MITM b1=396: s=4 t=3 j=3 je=3 Q=62099136 table=163667323 yh=808764897
stage b2=548 vs b1={397}: values [401927072922146770857809028954718208, 2415834030759048032002067126745534169), 135698639333366515 candidates (MITM path)
  MITM b1=397: s=4 t=3 j=3 je=3 Q=62570773 table=164566592 yh=824581938
stage b2=549 vs b1={398}: values [411566936207857087647217069653412149, 2502436172022086728957275203783901184), 139097864163110719 candidates (MITM path)
  MITM b1=398: s=4 t=3 j=3 je=3 Q=63044792 table=165469149 yh=840627181
stage b2=550 vs b1={399}: values [421419825975720214843750000000000000, 2591913714229047747371013122318554401), 142567239593897916 candidates (MITM path)
  MITM b1=399: s=4 t=3 j=3 je=3 Q=63521199 table=166375000 yh=856903018
stage b2=551 vs b1={400}: values [431490049578408029900978423638102151, 2684354560000000000000000000000000000), 146107961539391220 candidates (MITM path)
  MITM b1=400: s=4 t=3 j=3 je=3 Q=64000000 table=167284151 yh=873411861
stage b2=552 vs b1={401}: values [441781993399818022724510341599854592, 2779849069011803569389614128910565601), 149721242359202054 candidates (MITM path)
  MITM b1=401: s=4 t=3 j=3 je=3 Q=64481201 table=168196608 yh=890156135
stage b2=553 vs b1={402}: values [452300124157745355934980751882862473, 2878490120276472667082662144291651584), 153408311032181089 candidates (MITM path)
  MITM b1=402: s=4 t=3 j=3 je=3 Q=64964808 table=169112377 yh=907138282
stage b2=554 vs b1={403}: values [463048990225606285487392794579083264, 2980373175836655760043416457625951769), 157170413330972720 candidates (MITM path)
  MITM b1=403: s=4 t=3 j=3 je=3 Q=65450827 table=170031464 yh=924360761
stage b2=555 vs b1={404}: values [474033222973456292803297401123046875, 3085596345906823816899741423927033856), 161008811997838024 candidates (MITM path)
  MITM b1=404: s=4 t=3 j=3 je=3 Q=65939264 table=170953875 yh=941826046
stage b2=556 vs b1={405}: values [485257538128548939096586766742716416, 3194260455489261091391061529541015625), 164924786921751142 candidates (MITM path)
  MITM b1=405: s=4 t=3 j=3 je=3 Q=66430125 table=171879616 yh=959536627
stage b2=557 vs b1={406}: values [496726737155684136275087566416582557, 3306469112494463905297029171238813696), 168919635316774056 candidates (MITM path)
  MITM b1=406: s=4 t=3 j=3 je=3 Q=66923416 table=172808693 yh=977495012
stage b2=558 vs b1={407}: values [508445708657597236854185159560716288, 3422328777396071612977936337655912049), 172994671901714684 candidates (MITM path)
  MITM b1=407: s=4 t=3 j=3 je=3 Q=67419143 table=173741112 yh=995703723
stage b2=559 vs b1={408}: values [520419429795643077901856425190522479, 3541948834450980420297557401512443904), 177151229081073274 candidates (MITM path)
  MITM b1=408: s=4 t=3 j=3 je=3 Q=67917312 table=174676879 yh=1014165299
stage b2=560 vs b1={409}: values [532652967731031871324160000000000000, 3665441664515825088891125013458457361), 181390657127282029 candidates (MITM path)
  MITM b1=409: s=4 t=3 j=3 je=3 Q=68417929 table=175616000 yh=1032882296
stage b2=561 vs b1={410}: values [545151481086876614974812989924244081, 3792922719491555880216100000000000000), 185714324364242928 candidates (MITM path)
  MITM b1=410: s=4 t=3 j=3 je=3 Q=68921000 table=176558481 yh=1051857285
stage b2=562 vs b1={411}: values [557920221431314506311321357441769472, 3924510598428388481280677722353356841), 190123617352168693 candidates (MITM path)
  MITM b1=411: s=4 t=3 j=3 je=3 Q=69426531 table=177504328 yh=1071092855
stage b2=563 vs b1={412}: values [570964534781967672803543519620846403, 4060327125323963205059947437242712064), 194619941073731867 candidates (MITM path)
  MITM b1=412: s=4 t=3 j=3 je=3 Q=69934528 table=178453547 yh=1090591610
stage b2=564 vs b1={413}: values [584289863132011391209840769230700544, 4200497428648116574040869616977676089), 199204719121526947 candidates (MITM path)
  MITM b1=413: s=4 t=3 j=3 je=3 Q=70444997 table=179406144 yh=1110356172
stage b2=565 vs b1={414}: values [597901745998120851353366153564453125, 4345150022628243576733808719502524416), 203879393886850541 candidates (MITM path)
  MITM b1=414: s=4 t=3 j=3 je=3 Q=70957944 table=180362125 yh=1130389177
stage b2=566 vs b1={415}: values [611805821990570429339805757456080896, 4494416890329812536997064996337890625), 208645426749804502 candidates (MITM path)
  MITM b1=415: s=4 t=3 j=3 je=3 Q=71473375 table=181321496 yh=1150693279
stage b2=567 vs b1={416}: values [626007830405762370442234920236832087, 4648433568567186758293585075200065536), 213504298270727003 candidates (MITM path)
  MITM b1=416: s=4 t=3 j=3 je=3 Q=71991296 table=182284263 yh=1171271150
stage b2=568 vs b1={417}: values [640513612841464743323893889989869568, 4807339234680508004200143948920808129), 218457508382956505 candidates (MITM path)
  MITM b1=417: s=4 t=3 j=3 je=3 Q=72511713 table=183250432 yh=1192125476
stage b2=569 vs b1={418}: values [655329114835041515061818544164613209, 4971276795215006558302976583535181824), 223506576586933598 candidates (MITM path)
  MITM b1=418: s=4 t=3 j=3 je=3 Q=73034632 table=184220009 yh=1213258961
stage b2=570 vs b1={419}: values [670460387524960610760570000000000000, 5140392976539721177751575813150574521), 228653042145645649 candidates (MITM path)
  MITM b1=419: s=4 t=3 j=3 je=3 Q=73560059 table=185193000 yh=1234674325
stage b2=571 vs b1={420}: values [685913589335868862593975790997597611, 5314838417443239822950400000000000000), 233898464281419253 candidates (MITM path)
  MITM b1=420: s=4 t=3 j=3 je=3 Q=74088000 table=186169411 yh=1256374305
stage b2=572 vs b1={421}: values [701694987687525821073007584217137152, 5494767763744708719935047067099450281), 239244422374065419 candidates (MITM path)
  MITM b1=421: s=4 t=3 j=3 je=3 Q=74618461 table=187149248 yh=1278361655
stage b2=573 vs b1={422}: values [717810960727891496399861673112327533, 5680339764959003201743354806764191744), 244692516160382487 candidates (MITM path)
  MITM b1=422: s=4 t=3 j=3 je=3 Q=75151448 table=188132517 yh=1300639146
stage b2=574 vs b1={423}: values [734267999090666220123170482943156224, 5871717373055608991448570282421854609), 250244365935021712 candidates (MITM path)
  MITM b1=423: s=4 t=3 j=3 je=3 Q=75686967 table=189119224 yh=1323209565
stage b2=575 vs b1={424}: values [751072707677583967149257659912109375, 6069067843351427244431884841622962176), 255901612752720502 candidates (MITM path)
  MITM b1=424: s=4 t=3 j=3 je=3 Q=76225024 table=190109375 yh=1346075715
stage b2=576 vs b1={425}: values [768231807465763655682670928358014976, 6272562837578390873968601226806640625), 261665918631908276 candidates (MITM path)
  MITM b1=425: s=4 t=3 j=3 je=3 Q=76765625 table=191102976 yh=1369240418
stage b2=577 vs b1={426}: values [785752137340426148060117653375876417, 6482378529167463556399674472000536576), 267538966759689893 candidates (MITM path)
  MITM b1=426: s=4 t=3 j=3 je=3 Q=77308776 table=192100033 yh=1392706512
stage b2=578 vs b1={427}: values [803640655953287908900640275234562048, 6698695710791286465260106983189214409), 273522461698211644 candidates (MITM path)
  MITM b1=427: s=4 t=3 j=3 je=3 Q=77854483 table=193100552 yh=1416476851
stage b2=579 vs b1={428}: values [821904443606945538717678866487000339, 6921699904208441334035270575738322944), 279618129592414756 candidates (MITM path)
  MITM b1=428: s=4 t=3 j=3 je=3 Q=78402752 table=194104539 yh=1440554307
stage b2=580 vs b1={429}: values [840550704165568691322880000000000000, 7151581472453012012116895731192681881), 285827718379181400 candidates (MITM path)
  MITM b1=429: s=4 t=3 j=3 je=3 Q=78953589 table=195112000 yh=1464941769
stage b2=581 vs b1={430}: values [859586766992222202195460101840278741, 7388535734413850376544900000000000000), 292152997997878146 candidates (MITM path)
  MITM b1=430: s=4 t=3 j=3 je=3 Q=79507000 table=196122941 yh=1489642143
stage b2=582 vs b1={431}: values [879020088913141602693987477647941632, 7632763081848686412881453326130989921), 298595760602301868 candidates (MITM path)
  MITM b1=431: s=4 t=3 j=3 je=3 Q=80062991 table=197137368 yh=1514658351
stage b2=583 vs b1={432}: values [898858256209289571750018603448589863, 7884469098878966602828979489287962624), 305157820774033047 candidates (MITM path)
  MITM b1=432: s=4 t=3 j=3 je=3 Q=80621568 table=198155287 yh=1539993333
stage b2=584 vs b1={433}: values [919108986635524282706561397690466304, 8143864684012059575868650219685575329), 311841015737201457 candidates (MITM path)
  MITM b1=433: s=4 t=3 j=3 je=3 Q=81182737 table=199176704 yh=1565650046
stage b2=585 vs b1={434}: values [939780131467714038451336959228515625, 8411166174738233420298006070305243136), 318647205574669209 candidates (MITM path)
  MITM b1=434: s=4 t=3 j=3 je=3 Q=81746504 table=200201625 yh=1591631465
stage b2=586 vs b1={435}: values [960879677578136053148816778964934656, 8686595474750585229774506158447265625), 325578273445636117 candidates (MITM path)
  MITM b1=435: s=4 t=3 j=3 je=3 Q=82312875 table=201230056 yh=1617940580
stage b2=587 vs b1={436}: values [982415749539500733900622636113799547, 8970380183836890510174203510643490816), 332636125804672379 candidates (MITM path)
  MITM b1=436: s=4 t=3 j=3 je=3 Q=82881856 table=202262003 yh=1644580401
stage b2=588 vs b1={437}: values [1004396611757946340766745635195977728, 9262753730493138114766863039657882889), 339822692622183530 candidates (MITM path)
  MITM b1=437: s=4 t=3 j=3 je=3 Q=83453453 table=203297472 yh=1671553952
stage b2=589 vs b1={438}: values [1026830670635352458966883555245399869, 9563955507309325541081682029597835264), 347139927606312658 candidates (MITM path)
  MITM b1=438: s=4 t=3 j=3 je=3 Q=84027672 table=204336469 yh=1698864277
stage b2=590 vs b1={439}: values [1049726476761324302959790000000000000, 9874231009178909839266005617294795441), 354589808426284852 candidates (MITM path)
  MITM b1=439: s=4 t=3 j=3 je=3 Q=84604519 table=205379000 yh=1726514437
stage b2=591 vs b1={440}: values [1073092727135203488677720234874003471, 10193831974384141179289600000000000000), 362174336937198869 candidates (MITM path)
  MITM b1=440: s=4 t=3 j=3 je=3 Q=85184000 table=206425071 yh=1754507509
stage b2=592 vs b1={441}: values [1096938267418464557682763546243366912, 10523016528610349434285830688358359761), 369895539406270984 candidates (MITM path)
  MITM b1=441: s=4 t=3 j=3 je=3 Q=85766121 table=207474688 yh=1782846588
stage b2=593 vs b1={442}: values [1121272094217860215623061584431717393, 10862049331943109092123583795027656704), 377755466740536022 candidates (MITM path)
  MITM b1=442: s=4 t=3 j=3 je=3 Q=86350888 table=208527857 yh=1811534786
stage b2=594 vs b1={443}: values [1146103357399681957311695889085046784, 11211201728903074540661796075971686249), 385756194716010535 candidates (MITM path)
  MITM b1=443: s=4 t=3 j=3 je=3 Q=86938307 table=209584584 yh=1840575234
stage b2=595 vs b1={444}: values [1171441362435506492242537059326171875, 11570751901574156418968956793096503296), 393899824208323111 candidates (MITM path)
  MITM b1=444: s=4 t=3 j=3 je=3 Q=87528384 table=210644875 yh=1869971080
stage b2=596 vs b1={445}: values [1197295572779802157609819889714855936, 11940985025881600423243346197509765625), 402188481424816803 candidates (MITM path)
  MITM b1=445: s=4 t=3 j=3 je=3 Q=88121125 table=211708736 yh=1899725487
stage b2=597 vs b1={446}: values [1223675612279773311126969648879885477, 12322193431077432839638457382702432256), 410624318138128646 candidates (MITM path)
  MITM b1=446: s=4 t=3 j=3 je=3 Q=88716536 table=212776173 yh=1929841638
stage b2=598 vs b1={447}: values [1250591267617824533361673953148100608, 12714676762491652285324804657479325569), 419209511921251258 candidates (MITM path)
  MITM b1=447: s=4 t=3 j=3 je=3 Q=89314623 table=213847192 yh=1960322734
stage b2=599 vs b1={448}: values [1278052490787030339135888517747927799, 13118742147608474813805880854691446784), 427946266384081501 candidates (MITM path)
  MITM b1=448: s=4 t=3 j=3 je=3 Q=89915392 table=214921799 yh=1991171991
stage b2=600 vs b1={449}: values [1306069401600000000000000000000000000, 13534704365527879821921605092855171201), 436836811411461185 candidates (MITM path)
  MITM b1=449: s=4 t=3 j=3 je=3 Q=90518849 table=216000000 yh=2022392646
stage b2=601 vs b1={450}: values [1334652290231531015099465845804087801, 13962886019873657226562500000000000000), 445883403402714805 candidates (MITM path)
  MITM b1=450: s=4 t=3 j=3 je=3 Q=91125000 table=217081801 yh=2053987950
stage b2=602 vs b1={451}: values [1363811619795448736130738004163796992, 14403617715210122302612065220444183801), 455088325512689291 candidates (MITM path)
  MITM b1=451: s=4 t=3 j=3 je=3 Q=91733851 table=218167208 yh=2085961175
stage b2=603 vs b1={452}: values [1393558028956033653753094621458594123, 14857238237030643535056768077066665984), 464453887894300754 candidates (MITM path)
  MITM b1=452: s=4 t=3 j=3 je=3 Q=92345408 table=219256227 yh=2118315609

*** MATCH: 4223422652501737028246540482311366000 is an 14-digit palindrome in bases 452 and 603
stage b2=604 vs b1={453}: values [1423902334574441888007206673961713664, 15324094735382120983878242016150795369), 473982427942593228 candidates (MITM path)
  MITM b1=453: s=4 t=3 j=3 je=3 Q=92959677 table=220348864 yh=2151054557
stage b2=605 vs b1={454}: values [1454855534390528494214029249267578125, 15804542912190558137907000481330118656), 483676310540314377 candidates (MITM path)
  MITM b1=454: s=4 t=3 j=3 je=3 Q=93576664 table=221445125 yh=2184181344
stage b2=606 vs b1={455}: values [1486428809740487298714226885871394816, 16298947212353889192227199468994140625), 493537928305013163 candidates (MITM path)
  MITM b1=455: s=4 t=3 j=3 je=3 Q=94196375 table=222545016 yh=2217699310
stage b2=607 vs b1={456}: values [1518633528310725115885242544096618207, 16807681018669256273262134135825104896), 503569701837664462 candidates (MITM path)
  MITM b1=456: s=4 t=3 j=3 je=3 Q=94818816 table=223648543 yh=2251611816
stage b2=608 vs b1={457}: values [1551481246928392369367854156441714688, 17331126850662977507961974110129814449), 513774079972825620 candidates (MITM path)
  MITM b1=457: s=4 t=3 j=3 je=3 Q=95443993 table=224755712 yh=2285922238
stage b2=609 vs b1={458}: values [1584983714388996346575319018247100129, 17869676567392507141526697456970645504), 524153540030329929 candidates (MITM path)
  MITM b1=458: s=4 t=3 j=3 je=3 Q=96071912 table=225866529 yh=2320633971
stage b2=610 vs b1={459}: values [1619152874321527556575810000000000000, 18423731574290763306151416550496305161), 534710588068522020 candidates (MITM path)
  MITM b1=459: s=4 t=3 j=3 je=3 Q=96702579 table=226981000 yh=2355750429
stage b2=611 vs b1={460}: values [1654000868091533937563765670183447731, 18993703034124287687065600000000000000), 545447759139040158 candidates (MITM path)
  MITM b1=460: s=4 t=3 j=3 je=3 Q=97336000 table=228099131 yh=2391275043
stage b2=612 vs b1={461}: values [1689540037742581971600121175444815872, 19580012082137804378712564527187326041), 556367617543150437 candidates (MITM path)
  MITM b1=461: s=4 t=3 j=3 je=3 Q=97972181 table=229220928 yh=2427211261
stage b2=613 vs b1={462}: values [1725782928976548111338419459444904053, 20183090045458862831723766048606142464), 567472757089637853 candidates (MITM path)
  MITM b1=462: s=4 t=3 j=3 je=3 Q=98611128 table=230346397 yh=2463562550
stage b2=614 vs b1={463}: values [1762742294173188306297937288841682944, 20803378666837382120217935999513270689), 578765801354259260 candidates (MITM path)
  MITM b1=463: s=4 t=3 j=3 je=3 Q=99252847 table=231475544 yh=2500332396
stage b2=615 vs b1={464}: values [1800431095449437835131768411865234375, 21441330332796060970132555513741705216), 590249403940763191 candidates (MITM path)
  MITM b1=464: s=4 t=3 j=3 je=3 Q=99897344 table=232608375 yh=2537524300
stage b2=616 vs b1={465}: values [1838862507758898105504018259347767296, 22097408306268780245418780816650390625), 601926248743481547 candidates (MITM path)
  MITM b1=465: s=4 t=3 j=3 je=3 Q=100544625 table=233744896 yh=2575141786
stage b2=617 vs b1={466}: values [1878049922031971574873776412183681737, 22772086963805302054063871968197492736), 613799050211498129 candidates (MITM path)
  MITM b1=466: s=4 t=3 j=3 je=3 Q=101194696 table=234885113 yh=2613188390
stage b2=618 vs b1={467}: values [1918006948357110473923408161048403968, 23465852037421762475538740941137381529), 625870553614399032 candidates (MITM path)
  MITM b1=467: s=4 t=3 j=3 je=3 Q=101847563 table=236029032 yh=2651667672
stage b2=619 vs b1={468}: values [1958747419203649579805180304743832859, 24179200861177663292331198008392679424), 638143535309609867 candidates (MITM path)
  MITM b1=468: s=4 t=3 j=3 je=3 Q=102503232 table=237176659 yh=2690583205
stage b2=620 vs b1={469}: values [2000285392686697889054720000000000000, 24912642622561292199093422864560933321), 650620803011324830 candidates (MITM path)
  MITM b1=469: s=4 t=3 j=3 je=3 Q=103161709 table=238328000 yh=2729938585
stage b2=621 vs b1={470}: values [2042635155874568680174889641096599261, 25666698618766740933436900000000000000), 663305196061032595 candidates (MITM path)
  MITM b1=470: s=4 t=3 j=3 je=3 Q=103823000 table=239483061 yh=2769737423
stage b2=622 vs b1={471}: values [2085811228139232133773119427181207552, 26441902517946946793846938729266890481), 676199585699644036 candidates (MITM path)
  MITM b1=471: s=4 t=3 j=3 je=3 Q=104487111 table=240641848 yh=2809983348
stage b2=623 vs b1={472}: values [2129828364550279393984033687389131183, 27238800625528455255334435750772998144), 689306875341226772 candidates (MITM path)
  MITM b1=472: s=4 t=3 j=3 je=3 Q=105154048 table=241804367 yh=2850680011
stage b2=624 vs b1={473}: values [2174701559312891708973489449676570624, 28057952155674890036551813994681240209), 702630000848351526 candidates (MITM path)
  MITM b1=473: s=4 t=3 j=3 je=3 Q=105823817 table=242970624 yh=2891831076
stage b2=625 vs b1={474}: values [2220446049250313080847263336181640625, 28899929507987422188924307738645118976), 716171930809055307 candidates (MITM path)
  MITM b1=474: s=4 t=3 j=3 je=3 Q=106496424 table=244140625 yh=2933440229
stage b2=626 vs b1={475}: values [2267077317331329686526121590850789376, 29765318549531851746141910552978515625), 729935666815426393 candidates (MITM path)
  MITM b1=475: s=4 t=3 j=3 je=3 Q=107171875 table=245314376 yh=2975511174
stage b2=627 vs b1={476}: values [2314611096243264201348636473321960067, 30654718902283254369889666560767819776), 743924243743816133 candidates (MITM path)
  MITM b1=476: s=4 t=3 j=3 je=3 Q=107850176 table=246491883 yh=3018047632
stage b2=628 vs b1={477}: values [2363063372010998066574825473544552448, 31568744236080501435255900615569818809), 758140730036682552 candidates (MITM path)
  MITM b1=477: s=4 t=3 j=3 je=3 Q=108531333 table=247673152 yh=3061053344
stage b2=629 vs b1={478}: values [2412450387662539690839653288271441989, 32508022567184335298673521037512556544), 772588227986070763 candidates (MITM path)
  MITM b1=478: s=4 t=3 j=3 je=3 Q=109215352 table=248858189 yh=3104532068
stage b2=630 vs b1={479}: values [2462788646941661564199030000000000000, 33473196562534072265885251311768031681), 787269874018735181 candidates (MITM path)
  MITM b1=479: s=4 t=3 j=3 je=3 Q=109902239 table=250047000 yh=3148487581
stage b2=631 vs b1={480}: values [2514094918068134291976760322363658391, 34464923849799414212198400000000000000), 802188838982908551 candidates (MITM path)
  MITM b1=480: s=4 t=3 j=3 je=3 Q=110592000 table=251239591 yh=3192923679
stage b2=632 vs b1={481}: values [2566386237546090624414768097270956032, 35483877333325276088689524803146221121), 817348328436722763 candidates (MITM path)
  MITM b1=481: s=4 t=3 j=3 je=3 Q=111284641 table=252435968 yh=3237844175
stage b2=633 vs b1={482}: values [2619679914021057667407883389176559513, 36530745516068980864087045697387905024), 832751582938286486 candidates (MITM path)
  MITM b1=482: s=4 t=3 j=3 je=3 Q=111980168 table=253636137 yh=3283252903
stage b2=634 vs b1={483}: values [2673993532186200609626812339272392704, 37606232827630635992435384334280591929), 848401878337424601 candidates (MITM path)
  MITM b1=483: s=4 t=3 j=3 je=3 Q=112678587 table=254840104 yh=3329153713
stage b2=635 vs b1={484}: values [2729344956738326492358122030029296875, 38711059958478986452554295441868455936), 864302526069084433 candidates (MITM path)
  MITM b1=484: s=4 t=3 j=3 je=3 Q=113379904 table=256047875 yh=3375550475
stage b2=636 vs b1={485}: values [2785752336384201780678911298744877056, 39845964200476538969580326959228515625), 880456873448413802 candidates (MITM path)
  MITM b1=485: s=4 t=3 j=3 je=3 Q=114084125 table=257259456 yh=3422447078
stage b2=637 vs b1={486}: values [2843234107897742768398292704577537197, 41011699793809270395954331420030550016), 896868303967515867 candidates (MITM path)
  MITM b1=486: s=4 t=3 j=3 je=3 Q=114791256 table=258474853 yh=3469847429
