A171740 search: n=14, threads=1, limit=none
stage b2=40 vs b1={31}: values [671088640000000000000, 756943935220796320321), 524019136 candidates (MITM path)
  MITM b1=31: s=4 t=3 j=3 je=3 Q=29791 table=64000 yh=8188
stage b2=41 vs b1={32}: values [925103102315013629321, 1180591620717411303424), 1311850638 candidates (MITM path)
  MITM b1=32: s=4 t=3 j=3 je=3 Q=32768 table=68921 yh=19035
stage b2=42 vs b1={33}: values [1265437718438866624512, 1816331681783800622529), 2389587736 candidates (MITM path)
  MITM b1=33: s=4 t=3 j=3 je=3 Q=35937 table=74088 yh=32254
stage b2=43 vs b1={34}: values [1718264124282290785243, 2758702310349224820736), 3827692968 candidates (MITM path)
  MITM b1=34: s=4 t=3 j=3 je=3 Q=39304 table=79507 yh=48143
stage b2=44 vs b1={35}: values [2316779994178213904384, 4139545122369384765625), 5709025410 candidates (MITM path)
  MITM b1=35: s=4 t=3 j=3 je=3 Q=42875 table=85184 yh=67020
stage b2=45 vs b1={36}: values [3102863559971923828125, 6140942214464815497216), 8130390722 candidates (MITM path)
  MITM b1=36: s=4 t=3 j=3 je=3 Q=46656 table=91125 yh=89223
stage b2=46 vs b1={37}: values [4129065876983540801536, 9012061295995008299689), 11204216576 candidates (MITM path)
  MITM b1=37: s=4 t=3 j=3 je=4 Q=50653 table=97336 yh=115109
stage b2=47 vs b1={38}: values [5460999706120583177327, 13090925539866773438464), 15060358530 candidates (MITM path)
  MITM b1=38: s=4 t=3 j=3 je=4 Q=54872 table=103823 yh=145059
stage b2=48 vs b1={39}: values [7180192468708211294208, 18832349194131742609041), 19848041338 candidates (MITM path)
  MITM b1=39: s=4 t=3 j=3 je=4 Q=59319 table=110592 yh=179471
stage b2=49 vs b1={40}: values [9387480337647754305649, 26843545600000000000000), 25737940748 candidates (MITM path)
  MITM b1=40: s=4 t=3 j=3 je=4 Q=64000 table=117649 yh=218769
stage b2=50 vs b1={41}: values [12207031250000000000000, 37929227194915558802161), 32924410810 candidates (MITM path)
  MITM b1=41: s=4 t=3 j=3 je=4 Q=68921 table=125000 yh=263396
stage b2=51 vs b1={42}: values [15791096563156692195651, 53148384174432398229504), 41627861729 candidates (MITM path)
  MITM b1=42: s=4 t=3 j=3 je=4 Q=74088 table=132651 yh=313815
stage b2=52 vs b1={43}: values [20325604337285010030592, 73885357344138503765449), 52097293288 candidates (MITM path)
  MITM b1=43: s=4 t=3 j=3 je=4 Q=79507 table=140608 yh=370515
stage b2=53 vs b1={44}: values [26036721925606486195973, 101938319743841411792896), 64612988883 candidates (MITM path)
  MITM b1=44: s=4 t=3 j=3 je=4 Q=85184 table=148877 yh=434003

*** MATCH: 30043763040522880983060 is an 14-digit palindrome in bases 44 and 53
done: 0.17s, 1892910 candidates tested
