A171740 search: n=14, threads=1, limit=none
stage b2=150 vs b1={105}: values [19461950683593750000000000000, 19799315994393973883056640625), 197452033756 candidates (MITM path)
  MITM b1=105: s=4 t=3 j=3 je=3 Q=1157625 table=3375000 yh=58505
stage b2=151 vs b1={106}: values [21217798211789755344498256951, 22609039557544243501245546496), 777255573180 candidates (MITM path)
  MITM b1=106: s=4 t=3 j=3 je=3 Q=1191016 table=3442951 yh=225753
stage b2=152 vs b1={107}: values [23118872149711733600018235392, 25785341502012466393542552649), 1422431891414 candidates (MITM path)
  MITM b1=107: s=4 t=3 j=3 je=3 Q=1225043 table=3511808 yh=405043
stage b2=153 vs b1={108}: values [25176108445861666971446889273, 29371936242576564113903714304), 2137852017861 candidates (MITM path)
  MITM b1=108: s=4 t=3 j=3 je=3 Q=1259712 table=3581577 yh=596903
stage b2=154 vs b1={109}: values [27401186641438277147770200064, 33417270272362569384925825561), 2928659078788 candidates (MITM path)
  MITM b1=109: s=4 t=3 j=3 je=3 Q=1295029 table=3652264 yh=801875
stage b2=155 vs b1={110}: values [29806575070123343006591796875, 37974983358324100000000000000), 3800279597829 candidates (MITM path)
  MITM b1=110: s=4 t=3 j=3 je=3 Q=1331000 table=3723875 yh=1020518
stage b2=156 vs b1={111}: values [32405578483833249047003529216, 43104409804843948852155196641), 4758435117348 candidates (MITM path)
  MITM b1=111: s=4 t=3 j=3 je=3 Q=1367631 table=3796416 yh=1253402
stage b2=157 vs b1={112}: values [35212388217613072195274017357, 48871122850509266606740209664), 5809154145547 candidates (MITM path)
  MITM b1=112: s=4 t=3 j=3 je=3 Q=1404928 table=3869893 yh=1501115
stage b2=158 vs b1={113}: values [38242135011346498495560409088, 55347525466347647961440563489), 6958784434254 candidates (MITM path)
  MITM b1=113: s=4 t=3 j=3 je=3 Q=1442897 table=3944312 yh=1764259
stage b2=159 vs b1={114}: values [41510944610598709891422261279, 62613491038491041486196719616), 8214005592269 candidates (MITM path)
  MITM b1=114: s=4 t=3 j=3 je=3 Q=1481544 table=4019679 yh=2043449
stage b2=160 vs b1={115}: values [45035996273704960000000000000, 70757057644889830377197265625), 9581842039222 candidates (MITM path)
  MITM b1=115: s=4 t=3 j=3 je=3 Q=1520875 table=4096000 yh=2339317
stage b2=161 vs b1={116}: values [48835584317168806944303054881, 79875179874882329144077582336), 11069676304828 candidates (MITM path)
  MITM b1=116: s=4 t=3 j=3 je=3 Q=1560896 table=4173281 yh=2652512
stage b2=162 vs b1={117}: values [52929182836544907664852918272, 90074542392707106815022222729), 12685262678492 candidates (MITM path)
  MITM b1=117: s=4 t=3 j=3 je=3 Q=1601613 table=4251528 yh=2983695
stage b2=163 vs b1={118}: values [57337513745255995642033865203, 101472439712019470540189876224), 14436741214180 candidates (MITM path)
  MITM b1=118: s=4 t=3 j=3 je=3 Q=1643032 table=4330747 yh=3333546

*** MATCH: 79771487028596774423212321688 is an 14-digit palindrome in bases 118 and 163
stage b2=164 vs b1={119}: values [62082618279236334808249401344, 114197726928752863294965276721), 16332652095495 candidates (MITM path)
  MITM b1=119: s=4 t=3 j=3 je=3 Q=1685159 table=4410944 yh=3702757
stage b2=165 vs b1={120}: values [67187932120908818009033203125, 128391846454886400000000000000), 18381950365895 candidates (MITM path)
  MITM b1=120: s=4 t=3 j=3 je=3 Q=1728000 table=4492125 yh=4092039
stage b2=166 vs b1={121}: values [72678364301794290286947229696, 144209936106499234037676064081), 20594021028995 candidates (MITM path)
  MITM b1=121: s=4 t=3 j=3 je=3 Q=1771561 table=4574296 yh=4502119
stage b2=167 vs b1={122}: values [78580380049024038323955354887, 161822024226591835670322233344), 22978694523900 candidates (MITM path)
  MITM b1=122: s=4 t=3 j=3 je=3 Q=1815848 table=4657463 yh=4933737
done: 6.95s, 21955946 candidates tested
