A171740 search: n=14, threads=1, limit=none
stage b2=440 vs b1={285}: values [23167799941782139043840000000000000, 23325343071852267342134088134765625), 49343588969094 candidates (MITM path)
  MITM b1=285: s=4 t=3 j=3 je=3 Q=23149125 table=85184000 yh=579259
stage b2=441 vs b1={286}: values [23861715484377209601555171628930521, 24497652158036179788437520640393216), 196039571533030 candidates (MITM path)
  MITM b1=286: s=4 t=3 j=3 je=3 Q=23393656 table=85766121 yh=2285747
stage b2=442 vs b1={287}: values [24574772244215178941456071934451712, 25724477018923486959881583081626689), 348843350884139 candidates (MITM path)
  MITM b1=287: s=4 t=3 j=3 je=3 Q=23639903 table=86350888 yh=4039836
stage b2=443 vs b1={288}: values [25307453112648023793818952767430443, 27008149481218253520093899825086464), 507926300001849 candidates (MITM path)
  MITM b1=288: s=4 t=3 j=3 je=3 Q=23887872 table=86938307 yh=5842377
stage b2=444 vs b1={289}: values [26060252030572424367047199984451584, 28351092476867700887730107366063041), 673463482035500 candidates (MITM path)
  MITM b1=289: s=4 t=3 j=3 je=3 Q=24137569 table=87528384 yh=7694230
stage b2=445 vs b1={290}: values [26833674215464270614029991455078125, 29755823267579946348100000000000000), 845633710929703 candidates (MITM path)
  MITM b1=290: s=4 t=3 j=3 je=3 Q=24389000 table=88121125 yh=9596266
stage b2=446 vs b1={291}: values [27628236392550297846722998615924736, 31224956771694849412103314940863161), 1024619612753365 candidates (MITM path)
  MITM b1=291: s=4 t=3 j=3 je=3 Q=24642171 table=88716536 yh=11549365
stage b2=447 vs b1={292}: values [28444467030182667304977191627470527, 32761208996285777655067862320021504), 1210607687737026 candidates (MITM path)
  MITM b1=292: s=4 t=3 j=3 je=3 Q=24897088 table=89314623 yh=13554418
stage b2=448 vs b1={293}: values [29282906579483202709388126907793408, 34367400577440657174390053251553449), 1403788373023194 candidates (MITM path)
  MITM b1=293: s=4 t=3 j=3 je=3 Q=25153757 table=89915392 yh=15612326
stage b2=449 vs b1={294}: values [30144107718324899380671726264710849, 36046460431742703147634670013136896), 1604356106134340 candidates (MITM path)
  MITM b1=294: s=4 t=3 j=3 je=3 Q=25412184 table=90518849 yh=17724001
stage b2=450 vs b1={295}: values [31028635599719238281250000000000000, 37801429522044759444963140869140625), 1812509389163231 candidates (MITM path)
  MITM b1=295: s=4 t=3 j=3 je=3 Q=25672375 table=91125000 yh=19890364
stage b2=451 vs b1={296}: values [31937068104678763420425865233800851, 39635464740706238900646729698246656), 2028450853690287 candidates (MITM path)
  MITM b1=296: s=4 t=3 j=3 je=3 Q=25934336 table=91733851 yh=22112349
stage b2=452 vs b1={297}: values [32869996099625317555435327604129792, 41551842913538274087106161994416369), 2252387326432636 candidates (MITM path)
  MITM b1=297: s=4 t=3 j=3 je=3 Q=26198073 table=92345408 yh=24390897
stage b2=453 vs b1={298}: values [33828023698415278110106494516889173, 43553964927780889034146280167849984), 2484529895629575 candidates (MITM path)
  MITM b1=298: s=4 t=3 j=3 je=3 Q=26463592 table=92959677 yh=26726964
stage b2=454 vs b1={299}: values [34811768529054092814773128813502464, 45645359987515812435930238280185801), 2725093978169112 candidates (MITM path)
  MITM b1=299: s=4 t=3 j=3 je=3 Q=26730899 table=93576664 yh=29121513
stage b2=455 vs b1={300}: values [35821862005173382840059779052734375, 47829690000000000000000000000000000), 2974299387460300 candidates (MITM path)
  MITM b1=300: s=4 t=3 j=3 je=3 Q=27000000 table=94196375 yh=31575519
stage b2=456 vs b1={301}: values [36858949602344860248381873104879616, 50110754096488045602459977936194201), 3232370402056058 candidates (MITM path)
  MITM b1=301: s=4 t=3 j=3 je=3 Q=27270901 table=94818816 yh=34089968
stage b2=457 vs b1={302}: values [37923691139306296516328170919321257, 52492493291196466086203175724662784), 3499535835031196 candidates (MITM path)
  MITM b1=302: s=4 t=3 j=3 je=3 Q=27543608 table=95443993 yh=36665858
stage b2=458 vs b1={303}: values [39016761064175779784992789207359488, 54978995282149371522266936818729569), 3776029104120337 candidates (MITM path)
  MITM b1=303: s=4 t=3 j=3 je=3 Q=27818127 table=96071912 yh=39304195
stage b2=459 vs b1={304}: values [40138848745731510470918118846397179, 57574499397733310582010212836704256), 4062088302620466 candidates (MITM path)
  MITM b1=304: s=4 t=3 j=3 je=3 Q=28094464 table=96702579 yh=42005998
stage b2=460 vs b1={305}: values [41290658769835408015360000000000000, 60283401692879138764114019775390625), 4357956271062819 candidates (MITM path)
  MITM b1=305: s=4 t=3 j=3 je=3 Q=28372625 table=97336000 yh=44772297
stage b2=461 vs b1={306}: values [42472911241079835962500139972206781, 63110260198880625404008432578871296), 4663880669658831 candidates (MITM path)
  MITM b1=306: s=4 t=3 j=3 je=3 Q=28652616 table=97972181 yh=47604133
stage b2=462 vs b1={307}: values [43686342089737798337064428676636672, 66059800330953223881038421346972249), 4980114051524875 candidates (MITM path)
  MITM b1=307: s=4 t=3 j=3 je=3 Q=28934443 table=98611128 yh=50502557
stage b2=463 vs b1={308}: values [44931703384098017538267680344521103, 69136920457732008849516311508680704), 5306913936690515 candidates (MITM path)
  MITM b1=308: s=4 t=3 j=3 je=3 Q=29218112 table=99252847 yh=53468632
stage b2=464 vs b1={309}: values [46209763648267372780458093779615744, 72346697637005265678995742402826761), 5644542886895012 candidates (MITM path)
  MITM b1=309: s=4 t=3 j=3 je=3 Q=29503629 table=99897344 yh=56503434
stage b2=465 vs b1={310}: values [47521308185524258592298453369140625, 75694393522079632032100000000000000), 5993268581176819 candidates (MITM path)
  MITM b1=310: s=4 t=3 j=3 je=3 Q=29791000 table=100544625 yh=59608046
stage b2=466 vs b1={311}: values [48867139407307515137476120103428096, 79185460443274071484794939191083441), 6353363892260803 candidates (MITM path)
  MITM b1=311: s=4 t=3 j=3 je=3 Q=30080231 table=101194696 yh=62783567
stage b2=467 vs b1={312}: values [50248077167926686243123642272242787, 82825547669143336572232508337291264), 6725106963747940 candidates (MITM path)
  MITM b1=312: s=4 t=3 j=3 je=3 Q=30371328 table=101847563 yh=66031104
stage b2=468 vs b1={313}: values [51664959105080477120365807710240768, 86620507852136986313803229728551889), 7108781288112233 candidates (MITM path)
  MITM b1=313: s=4 t=3 j=3 je=3 Q=30664297 table=102503232 yh=69351778
stage b2=469 vs b1={314}: values [53118640986271411938365507173903909, 90576403663507494251037011559202816), 7504675785509600 candidates (MITM path)
  MITM b1=314: s=4 t=3 j=3 je=3 Q=30959144 table=103161709 yh=72746719
stage b2=470 vs b1={315}: values [54609997061205831773270000000000000, 94699514622390550869469537353515625), 7913084883403493 candidates (MITM path)
  MITM b1=315: s=4 t=3 j=3 je=3 Q=31255875 table=103823000 yh=76217071
stage b2=471 vs b1={316}: values [56139920420269526101585857174664311, 98996344124092362953499355314651136), 8334308597011995 candidates (MITM path)
  MITM b1=316: s=4 t=3 j=3 je=3 Q=31554496 table=104487111 yh=79763988
stage b2=472 vs b1={317}: values [57709323359170456049437363878756352, 103473626672732616363732850530926329), 8768652610581174 candidates (MITM path)
  MITM b1=317: s=4 t=3 j=3 je=3 Q=31855013 table=105154048 yh=83388636
stage b2=473 vs b1={318}: values [59319137749841205151272334026810233, 108138335323507832794908910278426624), 9216428359489437 candidates (MITM path)
  MITM b1=318: s=4 t=3 j=3 je=3 Q=32157432 table=105823817 yh=87092194
stage b2=474 vs b1={319}: values [60970315417694983520937358098407424, 112997689339958150582465303553121921), 9677953113187676 candidates (MITM path)
  MITM b1=319: s=4 t=3 j=3 je=3 Q=32461759 table=106496424 yh=90875851
stage b2=475 vs b1={320}: values [62663828525330214202404022216796875, 118059162071741130342400000000000000), 10153550058979955 candidates (MITM path)
  MITM b1=320: s=4 t=3 j=3 je=3 Q=32768000 table=107171875 yh=94740809
stage b2=476 vs b1={321}: values [64400669962779946155230391934386176, 123330489058539064373855829501034881), 10643548386649527 candidates (MITM path)
  MITM b1=321: s=4 t=3 j=3 je=3 Q=33076161 table=107850176 yh=98688281
stage b2=477 vs b1={322}: values [66181853744403566950222013869119117, 128819676365851491009049261438418944), 11148283373934955 candidates (MITM path)
  MITM b1=322: s=4 t=3 j=3 je=3 Q=33386248 table=108531333 yh=102719492
stage b2=478 vs b1={323}: values [68008415412519529913542931040821248, 134535009158552218608057415586748409), 11668096472861116 candidates (MITM path)
  MITM b1=323: s=4 t=3 j=3 je=3 Q=33698267 table=109215352 yh=106835681
stage b2=479 vs b1={324}: values [69881412447879065273246871214547039, 140485060518220186283313934500888576), 12203335396929871 candidates (MITM path)
  MITM b1=324: s=4 t=3 j=3 je=3 Q=34012224 table=109902239 yh=111038097
stage b2=480 vs b1={325}: values [71801924687082112942080000000000000, 146678700510385967791080474853515625), 12754354209175192 candidates (MITM path)
  MITM b1=325: s=4 t=3 j=3 je=3 Q=34328125 table=110592000 yh=115328001
stage b2=481 vs b1={326}: values [73771054747037996026381548447289441, 153125105507970699913650504140210176), 13321513411087535 candidates (MITM path)
  MITM b1=326: s=4 t=3 j=3 je=3 Q=34645976 table=111284641 yh=119706667
stage b2=482 vs b1={327}: values [75789928456574649095616277380472832, 159833767777331726128449290957670609), 13905180032412244 candidates (MITM path)
  MITM b1=327: s=4 t=3 j=3 je=3 Q=34965783 table=111980168 yh=124175382
stage b2=483 vs b1={328}: values [77859695295301523793862079367040563, 166814505333469329957730743425695744), 14505727721826795 candidates (MITM path)
  MITM b1=328: s=4 t=3 j=3 je=3 Q=35287552 table=112678587 yh=128735443
stage b2=484 vs b1={329}: values [79981528839832616637508874879893504, 174077472071091630146366848886447281), 15123536838501670 candidates (MITM path)
  MITM b1=329: s=4 t=3 j=3 je=3 Q=35611289 table=113379904 yh=133388161
stage b2=485 vs b1={330}: values [82156627217477399937279024658203125, 181633168178380062252900000000000000), 15758994544549658 candidates (MITM path)
  MITM b1=330: s=4 t=3 j=3 je=3 Q=35937000 table=114084125 yh=138134860
stage b2=486 vs b1={331}: values [84386213567508786822951299218169856, 189492450840445919389300039685792521), 16412494898368403 candidates (MITM path)
  MITM b1=331: s=4 t=3 j=3 je=3 Q=36264691 table=114791256 yh=142976874
stage b2=487 vs b1={332}: values [86671536510118625452078408718034247, 197666545239619210242183006282317824), 17084438948880986 candidates (MITM path)
  MITM b1=332: s=4 t=3 j=3 je=3 Q=36594368 table=115501303 yh=147915552
stage b2=488 vs b1={333}: values [89013870623172595766475439292284928, 206167055859864657197443888722807129), 17775234830679370 candidates (MITM path)
  MITM b1=333: s=4 t=3 j=3 je=3 Q=36926037 table=116214272 yh=152952254
stage b2=489 vs b1={334}: values [91414516926877774739994358072042569, 215005978102776043931247317256257536), 18485297860075503 candidates (MITM path)
  MITM b1=334: s=4 t=3 j=3 je=3 Q=37259704 table=116930169 yh=158088354
stage b2=490 vs b1={335}: values [93874803376477543056490000000000000, 224195710222759373302821832275390625), 19215050632064911 candidates (MITM path)
  MITM b1=335: s=4 t=3 j=3 je=3 Q=37595375 table=117649000 yh=163325236
stage b2=491 vs b1={336}: values [96396085363089927687061485995798171, 233749065589177456392773613876412416), 19964923118207579 candidates (MITM path)
  MITM b1=336: s=4 t=3 j=3 je=3 Q=37933056 table=118370771 yh=168664300
stage b2=492 vs b1={337}: values [98979746222806911020492610298970112, 243679285283393666208253061306357089), 20735352765430963 candidates (MITM path)
  MITM b1=337: s=4 t=3 j=3 je=3 Q=38272753 table=119095488 yh=174106955
stage b2=493 vs b1={338}: values [101627197754173688160928089239296093, 254000051038820699590976063168856064), 21526784595759936 candidates (MITM path)
  MITM b1=338: s=4 t=3 j=3 je=3 Q=38614472 table=119823157 yh=179654628
stage b2=494 vs b1={339}: values [104339880744168319863565385432489984, 264725498532251343422483410510418841), 22339671306978503 candidates (MITM path)
  MITM b1=339: s=4 t=3 j=3 je=3 Q=38958219 table=120553784 yh=185308753
stage b2=495 vs b1={340}: values [107119265502803709454615843505859375, 275870231034922482073600000000000000), 23174473374228114 candidates (MITM path)
  MITM b1=340: s=4 t=3 j=3 je=3 Q=39304000 table=121287375 yh=191070781
stage b2=496 vs b1={341}: values [109966852406475328098844912056795136, 287449333431940958491026723053340361), 24031659152547399 candidates (MITM path)
  MITM b1=341: s=4 t=3 j=3 je=3 Q=39651821 table=122023936 yh=196942174
stage b2=497 vs b1={342}: values [112884172450179624060242238336272177, 299478386618880458206192837825019904), 24911704980358166 candidates (MITM path)
  MITM b1=342: s=4 t=3 j=3 je=3 Q=40001688 table=122763473 yh=202924408
stage b2=498 vs b1={343}: values [115872787808729578273156568090615808, 311973482284542371301330321821976049), 25815095283902487 candidates (MITM path)
  MITM b1=343: s=4 t=3 j=3 je=3 Q=40353607 table=123505992 yh=209018971
stage b2=499 vs b1={344}: values [118934292407095410727674098230506499, 324951238089060649950183741190045696), 26742322682635719 candidates (MITM path)
  MITM b1=344: s=4 t=3 j=3 je=3 Q=40707584 table=124251499 yh=215227365
stage b2=500 vs b1={345}: values [122070312500000000000000000000000000, 338428813246721067109392828369140625), 27693888095580297 candidates (MITM path)
  MITM b1=345: s=4 t=3 j=3 je=3 Q=41063625 table=125000000 yh=221551105
stage b2=501 vs b1={346}: values [125282507260900151852763473269506501, 352423924523059044388546203674361856), 28670300848645135 candidates (MITM path)
  MITM b1=346: s=4 t=3 j=3 je=3 Q=41421736 table=125751501 yh=227991719

*** MATCH: 332108561069658744387616183598599568 is an 14-digit palindrome in bases 346 and 501
stage b2=502 vs b1={347}: values [128572569380486442318916647962632192, 366954862655997403768050803331897769), 29672078782915491 candidates (MITM path)
  MITM b1=347: s=4 t=3 j=3 je=3 Q=41781923 table=126506008 yh=234550748
stage b2=503 vs b1={348}: values [131942225674835966194417272072460823, 382040509210986058943919609908035584), 30699748363918131 candidates (MITM path)
  MITM b1=348: s=4 t=3 j=3 je=3 Q=42144192 table=127263527 yh=241229747
stage b2=504 vs b1={349}: values [135393237703353943528128490047012864, 397700353880309848525885235660892601), 31753844791866651 candidates (MITM path)
  MITM b1=349: s=4 t=3 j=3 je=3 Q=42508549 table=128024064 yh=248030283
stage b2=505 vs b1={350}: values [138927402396641774642067017822265625, 413954512236938476562500000000000000), 32834912112891801 candidates (MITM path)
  MITM b1=350: s=4 t=3 j=3 je=3 Q=42875000 table=128787625 yh=254953938
stage b2=506 vs b1={351}: values [142546552694430788571794496737878016, 430823743953503917975940025623902401), 33943503331261668 candidates (MITM path)
  MITM b1=351: s=4 t=3 j=3 je=3 Q=43243551 table=129554216 yh=262002306
stage b2=507 vs b1={352}: values [146252558193722600716669650994316907, 448329471497205720126420014212317184), 35080180522596571 candidates (MITM path)
  MITM b1=352: s=4 t=3 j=3 je=3 Q=43614208 table=130323843 yh=269176996
stage b2=508 vs b1={353}: values [150047325807278683064941158898597888, 466493799311663440167496584517263169), 36245514948083532 candidates (MITM path)
  MITM b1=353: s=4 t=3 j=3 je=3 Q=43986977 table=131096512 yh=276479629
stage b2=509 vs b1={354}: values [153932800432603454742132269478454829, 485339533496958054990141432093229056), 37440087169695169 candidates (MITM path)
  MITM b1=354: s=4 t=3 j=3 je=3 Q=44361864 table=131872229 yh=283911840
stage b2=510 vs b1={355}: values [157910965631566921956510000000000000, 504890201999330620896660650634765625), 38664487166417892 candidates (MITM path)
  MITM b1=355: s=4 t=3 j=3 je=3 Q=44738875 table=132651000 yh=291475279
stage b2=511 vs b1={356}: values [161983844320814634817101682325330431, 525170075322236798832332084919402496), 39919314451494245 candidates (MITM path)
  MITM b1=356: s=4 t=3 j=3 je=3 Q=45118016 table=133432831 yh=299171607
stage b2=512 vs b1={357}: values [166153499473114484112975882535043072, 546204187770690153801056774632964649), 41205178190684282 candidates (MITM path)
  MITM b1=357: s=4 t=3 j=3 je=3 Q=45499293 table=134217728 yh=307002502
stage b2=513 vs b1={358}: values [170422034829791634103401401374218753, 568018359241065440405821984897122304), 42522697321550823 candidates (MITM path)
  MITM b1=358: s=4 t=3 j=3 je=3 Q=45882712 table=135005697 yh=314969652
stage b2=514 vs b1={359}: values [174791595624404677813900345660678144, 590639217568775457331652612637964561), 43872500673773472 candidates (MITM path)
  MITM b1=359: s=4 t=3 j=3 je=3 Q=46268279 table=135796744 yh=323074762
stage b2=515 vs b1={360}: values [179264369317817909400790555419921875, 614094221446481549721600000000000000), 45255227090496275 candidates (MITM path)
  MITM b1=360: s=4 t=3 j=3 je=3 Q=46656000 table=136590875 yh=331319549
stage b2=516 vs b1={361}: values [183842586344826433975051806358634496, 638411683925748518131605316913942641), 46671525550713869 candidates (MITM path)
  MITM b1=361: s=4 t=3 j=3 je=3 Q=47045881 table=137388096 yh=339705746
stage b2=517 vs b1={362}: values [188528520872492679004546608119852437, 663620796515309615092533840427761664), 48122055292701025 candidates (MITM path)
  MITM b1=362: s=4 t=3 j=3 je=3 Q=47437928 table=138188413 yh=348235097
stage b2=518 vs b1={363}: values [193324491570354733181895297159815168, 689751653889366534925949446541436489), 49607485938490442 candidates (MITM path)
  MITM b1=363: s=4 t=3 j=3 je=3 Q=47832147 table=138991832 yh=356909361
stage b2=519 vs b1={364}: values [198232862392668818594582670912803559, 716835279219612889692402474199023616), 51128497619403682 candidates (MITM path)
  MITM b1=364: s=4 t=3 j=3 je=3 Q=48228544 table=139798359 yh=365730314

*** MATCH: 307851316810104802376063092622122600 is an 14-digit palindrome in bases 364 and 519
stage b2=520 vs b1={365}: values [203256043372850100305920000000000000, 744903650144937675010347955322265625), 52685781102640121 candidates (MITM path)
  MITM b1=365: s=4 t=3 j=3 je=3 Q=48627125 table=140608000 yh=374699741
stage b2=521 vs b1={366}: values [208396491430277954192889648311785961, 773989725393037725664245462095118336), 54280037918928800 candidates (MITM path)
  MITM b1=366: s=4 t=3 j=3 je=3 Q=49027896 table=141420761 yh=383819445
stage b2=522 vs b1={367}: values [213656711189633749233078088598986752, 804127472068445204802288858779989729), 55911980491248072 candidates (MITM path)
  MITM b1=367: s=4 t=3 j=3 je=3 Q=49430863 table=142236648 yh=393091242
stage b2=523 vs b1={368}: values [219039255812941154532109005895053883, 835351893621757825180080478275764224), 57582332264617907 candidates (MITM path)
  MITM b1=368: s=4 t=3 j=3 je=3 Q=49836032 table=143055667 yh=402516961
stage b2=524 vs b1={369}: values [224546727844480954380310660801101824, 867699058515145830106783895701970721), 59291827836969771 candidates (MITM path)
  MITM b1=369: s=4 t=3 j=3 je=3 Q=50243409 table=143877824 yh=412098448
stage b2=525 vs b1={370}: values [230181780068754346668720245361328125, 901206129599500829968900000000000000), 61041213091098948 candidates (MITM path)
  MITM b1=370: s=4 t=3 j=3 je=3 Q=50653000 table=144703125 yh=421837560
stage b2=526 vs b1={371}: values [235947116381670711226715627769880576, 935911394218887462627310370080165081), 62831245327704205 candidates (MITM path)
  MITM b1=371: s=4 t=3 j=3 je=3 Q=51064811 table=145531576 yh=431736171
stage b2=527 vs b1={372}: values [241845492675137865214191430461762767, 971854295058259588504417458500665344), 64662693399519696 candidates (MITM path)
  MITM b1=372: s=4 t=3 j=3 je=3 Q=51478848 table=146363183 yh=441796169
stage b2=528 vs b1={373}: values [247879717735234872758731611882651648, 1009075461750708410420050723039024009), 66536337846543994 candidates (MITM path)
  MITM b1=373: s=4 t=3 j=3 je=3 Q=51895117 table=147197952 yh=452019454
stage b2=529 vs b1={374}: values [254052654154149545721997685422868689, 1047616743260820591544343170758885376), 68452971032371148 candidates (MITM path)
  MITM b1=374: s=4 t=3 j=3 je=3 Q=52313624 table=148035889 yh=462407944
stage b2=530 vs b1={375}: values [260367219256064861959730000000000000, 1087521241061040200293064117431640625), 70413397281628672 candidates (MITM path)
  MITM b1=375: s=4 t=3 j=3 je=3 Q=52734375 table=148877000 yh=472963570
stage b2=531 vs b1={376}: values [266826386037180636857388515472989091, 1128833343118249207414947823407333376), 72418433018527348 candidates (MITM path)
  MITM b1=376: s=4 t=3 j=3 je=3 Q=53157376 table=149721291 yh=483688276
stage b2=532 vs b1={377}: values [273433184120058913430441697300447232, 1171598758708107367475386427203165009), 74468906906527766 candidates (MITM path)
  MITM b1=377: s=4 t=3 j=3 je=3 Q=53582633 table=150568768 yh=494584023
stage b2=533 vs b1={378}: values [280190700722483686027416350032250213, 1215864554075023704741469602061369344), 76565659989128487 candidates (MITM path)
  MITM b1=378: s=4 t=3 j=3 je=3 Q=54010152 table=151419437 yh=505652785
stage b2=534 vs b1={379}: values [287102081641027742818685874210299904, 1261679188955968563191835468129487081), 78709545831780738 candidates (MITM path)
  MITM b1=379: s=4 t=3 j=3 je=3 Q=54439939 table=152273304 yh=516896553
stage b2=535 vs b1={380}: values [294170532249521602949110970458984375, 1309092553986677343846400000000000000), 80901430664934551 candidates (MITM path)
  MITM b1=380: s=4 t=3 j=3 je=3 Q=54872000 table=153130375 yh=528317329
stage b2=536 vs b1={381}: values [301399318512621735633442871240032256, 1358156009009144712440307376223513721), 83142193528221246 candidates (MITM path)
  MITM b1=381: s=4 t=3 j=3 je=3 Q=55306341 table=153990656 yh=539917134
done: 3507.94s, 8793858895 candidates tested
