A171740 search: n=14, threads=1, limit=none
stage b2=276 vs b1={185}: values [53928465991188723477113078808576, 55005256933563283079156494140625), 8826079180916 candidates (MITM path)
  MITM b1=185: s=4 t=3 j=3 je=3 Q=6331625 table=21024576 yh=419799
stage b2=277 vs b1={186}: values [56524534939649204771410253244517, 59317278751114476837427823394816), 22318896316816 candidates (MITM path)
  MITM b1=186: s=4 t=3 j=3 je=3 Q=6434856 table=21253933 yh=1050107
stage b2=278 vs b1={187}: values [59235539322332634167063814299648, 63941451615040319308126414230889), 36671633639892 candidates (MITM path)
  MITM b1=187: s=4 t=3 j=3 je=3 Q=6539203 table=21484952 yh=1706853
stage b2=279 vs b1={188}: values [62066126545116850201926899360439, 68898519477432202601009998987264), 51921043451505 candidates (MITM path)
  MITM b1=188: s=4 t=3 j=3 je=3 Q=6644672 table=21717639 yh=2390732
stage b2=280 vs b1={189}: values [65021114224979476480000000000000, 74210483036805646041349463016441), 68105072991780 candidates (MITM path)
  MITM b1=189: s=4 t=3 j=3 je=3 Q=6751269 table=21952000 yh=3102455
stage b2=281 vs b1={190}: values [68105495780189759071206220390841, 79900668578288412100000000000000), 85262893780858 candidates (MITM path)
  MITM b1=190: s=4 t=3 j=3 je=3 Q=6859000 table=22188041 yh=3842741
stage b2=282 vs b1={191}: values [71324446183106859278545015775232, 85993800189188311159265455973761), 103434931462378 candidates (MITM path)
  MITM b1=191: s=4 t=3 j=3 je=3 Q=6967871 table=22425768 yh=4612326
stage b2=283 vs b1={192}: values [74683327879708304362769257501963, 92516075496261812625843582664704), 122662896153958 candidates (MITM path)
  MITM b1=192: s=4 t=3 j=3 je=3 Q=7077888 table=22665187 yh=5411952
stage b2=284 vs b1={193}: values [78187696880061614175280015867904, 99495245076524950698517189573249), 142989813309473 candidates (MITM path)
  MITM b1=193: s=4 t=3 j=3 je=3 Q=7189057 table=22906304 yh=6242379
stage b2=285 vs b1={194}: values [81843309024043043305733642578125, 106960695699145951556010651959296), 164460055097926 candidates (MITM path)
  MITM b1=194: s=4 t=3 j=3 je=3 Q=7301384 table=23149125 yh=7104375
stage b2=286 vs b1={195}: values [85656126426699929330201121120256, 114943537561839249322760009765625), 187119372303716 candidates (MITM path)
  MITM b1=195: s=4 t=3 j=3 je=3 Q=7414875 table=23393656 yh=7998723
stage b2=287 vs b1={196}: values [89632324107747341323629209343647, 123476695691247935826229781856256), 211014926753095 candidates (MITM path)
  MITM b1=196: s=4 t=3 j=3 je=3 Q=7529536 table=23639903 yh=8926218
stage b2=288 vs b1={197}: values [93778296809785602500326041059328, 132595005683061140853836321918569), 236195324271641 candidates (MITM path)
  MITM b1=197: s=4 t=3 j=3 je=3 Q=7645373 table=23887872 yh=9887668
stage b2=289 vs b1={198}: values [98100666009922840441972689847969, 142335313964069405978409510518784), 262710648177546 candidates (MITM path)
  MITM b1=198: s=4 t=3 j=3 je=3 Q=7762392 table=24137569 yh=10883891
stage b2=290 vs b1={199}: values [102606287129586021890000000000000, 152736582765019941952958691637201), 290612493315554 candidates (MITM path)
  MITM b1=199: s=4 t=3 j=3 je=3 Q=7880599 table=24389000 yh=11915720
stage b2=291 vs b1={200}: values [107302256947404980797605893267571, 163840000000000000000000000000000), 319954000636355 candidates (MITM path)
  MITM b1=200: s=4 t=3 j=3 je=3 Q=8000000 table=24642171 yh=12984003
stage b2=292 vs b1={201}: values [112195921220156772791328295616512, 175689094255155802434244515642801), 350789892326272 candidates (MITM path)
  MITM b1=201: s=4 t=3 j=3 je=3 Q=8120601 table=24897088 yh=14089596
stage b2=293 vs b1={202}: values [117294882516862311175392673213493, 188329855096852039605697108393984), 383176507492083 candidates (MITM path)
  MITM b1=202: s=4 t=3 j=3 je=3 Q=8242408 table=25153757 yh=15233371
stage b2=294 vs b1={203}: values [122607008271233684175628129296384, 201810858916898431719789378127369), 417171838405784 candidates (MITM path)
  MITM b1=203: s=4 t=3 j=3 je=3 Q=8365427 table=25412184 yh=16416214
stage b2=295 vs b1={204}: values [128140439057778845576146240234375, 216183400540220972918552087494656), 452835567314169 candidates (MITM path)
  MITM b1=204: s=4 t=3 j=3 je=3 Q=8489664 table=25672375 yh=17639022
stage b2=296 vs b1={205}: values [133903597096980536826509221953536, 231501630828342033704595947265625), 490229103818043 candidates (MITM path)
  MITM b1=205: s=4 t=3 j=3 je=3 Q=8615125 table=25934336 yh=18902706
stage b2=297 vs b1={206}: values [139905194995078363929650377085577, 247822700520261426090084682448896), 529415622825933 candidates (MITM path)
  MITM b1=206: s=4 t=3 j=3 je=3 Q=8741816 table=26198073 yh=20208190
stage b2=298 vs b1={207}: values [146154244724096943067604967006208, 265206910560805882369006879852449), 570460103087133 candidates (MITM path)
  MITM b1=207: s=4 t=3 j=3 je=3 Q=8869743 table=26463592 yh=21556413
stage b2=299 vs b1={208}: values [152660066847878971357626214983899, 283717869175243332415379948437504), 613429366308958 candidates (MITM path)
  MITM b1=208: s=4 t=3 j=3 je=3 Q=8998912 table=26730899 yh=22948326
stage b2=300 vs b1={209}: values [159432300000000000000000000000000, 303422655957947177630796910616161), 658392116863042 candidates (MITM path)
  MITM b1=209: s=4 t=3 j=3 je=3 Q=9129329 table=27000000 yh=24384894
stage b2=301 vs b1={210}: values [166480910619561613297209229023901, 324391993252150868100000000000000), 705418982085568 candidates (MITM path)
  MITM b1=210: s=4 t=3 j=3 je=3 Q=9261000 table=27270901 yh=25867095
stage b2=302 vs b1={211}: values [173816202950981675782129720942592, 346700425107361035262655933030041), 754582553176272 candidates (MITM path)
  MITM b1=211: s=4 t=3 j=3 je=3 Q=9393931 table=27543608 yh=27395923
stage b2=303 vs b1={212}: values [181448829314024328456326524154223, 370426504110804885524407033790464), 805957426701102 candidates (MITM path)
  MITM b1=212: s=4 t=3 j=3 je=3 Q=9528128 table=27818127 yh=28972383
stage b2=304 vs b1={213}: values [189389800650438521651349384331264, 395652986399381320581034818847689), 859620246703409 candidates (MITM path)
  MITM b1=213: s=4 t=3 j=3 je=3 Q=9663597 table=28094464 yh=30597496
stage b2=305 vs b1={214}: values [197650497353702094308570556640625, 422467035168972249391801182601216), 915649747428533 candidates (MITM path)
  MITM b1=214: s=4 t=3 j=3 je=3 Q=9800344 table=28372625 yh=32272296
stage b2=306 vs b1={215}: values [206242680388498775830092916924416, 450960433008657859896539306640625), 974126796666673 candidates (MITM path)
  MITM b1=215: s=4 t=3 j=3 je=3 Q=9938375 table=28652616 yh=33997832
stage b2=307 vs b1={216}: values [215178502706688025671134922954307, 481229803398374426442198455156736), 1035134439718916 candidates (MITM path)
  MITM b1=216: s=4 t=3 j=3 je=3 Q=10077696 table=28934443 yh=35775164
stage b2=308 vs b1={217}: values [224470520966662366394533478924288, 513376841719862879656860722064529), 1098757943991317 candidates (MITM path)
  MITM b1=217: s=4 t=3 j=3 je=3 Q=10218313 table=29218112 yh=37605372
stage b2=309 vs b1={218}: values [234131707563123837148853535284229, 547508556142388336802624725991424), 1165084844221909 candidates (MITM path)
  MITM b1=218: s=4 t=3 j=3 je=3 Q=10360232 table=29503629 yh=39489544
stage b2=310 vs b1={219}: values [244175462974450425910000000000000, 583737518756672701482036256689321), 1234204988345545 candidates (MITM path)
  MITM b1=219: s=4 t=3 j=3 je=3 Q=10503459 table=29791000 yh=41428787
stage b2=311 vs b1={220}: values [254615628434964860079726492575831, 622182127342782054400000000000000), 1306210584001453 candidates (MITM path)
  MITM b1=220: s=4 t=3 j=3 je=3 Q=10648000 table=30080231 yh=43424221

*** MATCH: 375127569059700037522992515102352 is an 14-digit palindrome in bases 220 and 311
stage b2=312 vs b1={221}: values [265466498939561976193052911337472, 662966878170355779548558581239481), 1381196245688413 candidates (MITM path)
  MITM b1=221: s=4 t=3 j=3 je=3 Q=10793861 table=30371328 yh=45476980
stage b2=313 vs b1={222}: values [276742836588297080874770702008153, 706222650242563257993710741766144), 1459259042572442 candidates (MITM path)
  MITM b1=222: s=4 t=3 j=3 je=3 Q=10941048 table=30664297 yh=47588212
stage b2=314 vs b1={223}: values [288459884278686287423684750188544, 752087001408534719216214439862209), 1540498546951905 candidates (MITM path)
  MITM b1=223: s=4 t=3 j=3 je=3 Q=11089567 table=30959144 yh=49759081
stage b2=315 vs b1={224}: values [300633379753620796411014404296875, 800704476782743824084831595134976), 1625016883384940 candidates (MITM path)
  MITM b1=224: s=4 t=3 j=3 je=3 Q=11239424 table=31255875 yh=51990767
stage b2=316 vs b1={225}: values [313279570012950515675630871248896, 852226929923929274082183837890625), 1712918778484115 candidates (MITM path)
  MITM b1=225: s=4 t=3 j=3 je=3 Q=11390625 table=31554496 yh=54284461
stage b2=317 vs b1={226}: values [326415226096948316604835490633837, 906813857240639864200242192203776), 1804311611383220 candidates (MITM path)
  MITM b1=226: s=4 t=3 j=3 je=3 Q=11543176 table=31855013 yh=56641372
stage b2=318 vs b1={227}: values [340057658250024631430531164397568, 964632746105380745721862822346809), 1899305464881118 candidates (MITM path)
  MITM b1=227: s=4 t=3 j=3 je=3 Q=11697083 table=32157432 yh=59062722
stage b2=319 vs b1={228}: values [354224731473223042578261139664959, 1025859437174637223709847054188544), 1998013177267544 candidates (MITM path)
  MITM b1=228: s=4 t=3 j=3 je=3 Q=11852352 table=32461759 yh=61549751
stage b2=320 vs b1={229}: values [368934881474191032320000000000000, 1090678501427765328462322842832681), 2100550394835808 candidates (MITM path)
  MITM b1=229: s=4 t=3 j=3 je=3 Q=12008989 table=32768000 yh=64103711
done: 275.08s, 674757246 candidates tested
