A171740 search: n=14, threads=1, limit=none
stage b2=520 vs b1={333}: values [203256043372850100305920000000000000, 206167055859864657197443888722807129), 283152671147009 candidates (MITM path)
  MITM b1=333: s=4 t=3 j=3 je=3 Q=36926037 table=140608000 yh=2013774
stage b2=521 vs b1={334}: values [208396491430277954192889648311785961, 215005978102776043931247317256257536), 634313081672178 candidates (MITM path)
  MITM b1=334: s=4 t=3 j=3 je=3 Q=37259704 table=141420761 yh=4485290
stage b2=522 vs b1={335}: values [213656711189633749233078088598986752, 224195710222759373302821832275390625), 997943246944859 candidates (MITM path)
  MITM b1=335: s=4 t=3 j=3 je=3 Q=37595375 table=142236648 yh=7016077
stage b2=523 vs b1={336}: values [219039255812941154532109005895053883, 233749065589177456392773613876412416), 1374343315587365 candidates (MITM path)
  MITM b1=336: s=4 t=3 j=3 je=3 Q=37933056 table=143055667 yh=9607053
stage b2=524 vs b1={337}: values [224546727844480954380310660801101824, 243679285283393666208253061306357089), 1763819001582435 candidates (MITM path)
  MITM b1=337: s=4 t=3 j=3 je=3 Q=38272753 table=143877824 yh=12259145
stage b2=525 vs b1={338}: values [230181780068754346668720245361328125, 254000051038820699590976063168856064), 2166681663284022 candidates (MITM path)
  MITM b1=338: s=4 t=3 j=3 je=3 Q=38614472 table=144703125 yh=14973289
stage b2=526 vs b1={339}: values [235947116381670711226715627769880576, 264725498532251343422483410510418841), 2583248383224016 candidates (MITM path)
  MITM b1=339: s=4 t=3 j=3 je=3 Q=38958219 table=145531576 yh=17750433
stage b2=527 vs b1={340}: values [241845492675137865214191430461762767, 275870231034922482073600000000000000), 3013842048719519 candidates (MITM path)
  MITM b1=340: s=4 t=3 j=3 je=3 Q=39304000 table=146363183 yh=20591532
stage b2=528 vs b1={341}: values [247879717735234872758731611882651648, 287449333431940958491026723053340361), 3458791433285296 candidates (MITM path)
  MITM b1=341: s=4 t=3 j=3 je=3 Q=39651821 table=147197952 yh=23497552
stage b2=529 vs b1={342}: values [254052654154149545721997685422868689, 299478386618880458206192837825019904), 3918431278856022 candidates (MITM path)
  MITM b1=342: s=4 t=3 j=3 je=3 Q=40001688 table=148035889 yh=26469469
stage b2=530 vs b1={343}: values [260367219256064861959730000000000000, 311973482284542371301330321821976049), 4393102378822957 candidates (MITM path)
  MITM b1=343: s=4 t=3 j=3 je=3 Q=40353607 table=148877000 yh=29508268
stage b2=531 vs b1={344}: values [266826386037180636857388515472989091, 324951238089060649950183741190045696), 4883151661889679 candidates (MITM path)
  MITM b1=344: s=4 t=3 j=3 je=3 Q=40707584 table=149721291 yh=32614945
stage b2=532 vs b1={345}: values [273433184120058913430441697300447232, 338428813246721067109392828369140625), 5388932276751520 candidates (MITM path)
  MITM b1=345: s=4 t=3 j=3 je=3 Q=41063625 table=150568768 yh=35790506
stage b2=533 vs b1={346}: values [280190700722483686027416350032250213, 352423924523059044388546203674361856), 5910803677603335 candidates (MITM path)
  MITM b1=346: s=4 t=3 j=3 je=3 Q=41421736 table=151419437 yh=39035964
stage b2=534 vs b1={347}: values [287102081641027742818685874210299904, 366954862655997403768050803331897769), 6449131710480257 candidates (MITM path)
  MITM b1=347: s=4 t=3 j=3 je=3 Q=41781923 table=152273304 yh=42352347
stage b2=535 vs b1={348}: values [294170532249521602949110970458984375, 382040509210986058943919609908035584), 7004288700436092 candidates (MITM path)
  MITM b1=348: s=4 t=3 j=3 je=3 Q=42144192 table=153130375 yh=45740688
stage b2=536 vs b1={349}: values [301399318512621735633442871240032256, 397700353880309848525885235660892601), 7576653539563986 candidates (MITM path)
  MITM b1=349: s=4 t=3 j=3 je=3 Q=42508549 table=153990656 yh=49202035
stage b2=537 vs b1={350}: values [308791768014677480736121943614131897, 413954512236938476562500000000000000), 8166611775864054 candidates (MITM path)
  MITM b1=350: s=4 t=3 j=3 je=3 Q=42875000 table=154854153 yh=52737442
stage b2=538 vs b1={351}: values [316351271004098343658904022264291328, 430823743953503917975940025623902401), 8774555702962603 candidates (MITM path)
  MITM b1=351: s=4 t=3 j=3 je=3 Q=43243551 table=155720872 yh=56347975
stage b2=539 vs b1={352}: values [324081281453425611818659325054366219, 448329471497205720126420014212317184), 9400884450687624 candidates (MITM path)
  MITM b1=352: s=4 t=3 j=3 je=3 Q=43614208 table=156590819 yh=60034711
stage b2=540 vs b1={353}: values [331985318135314535792640000000000000, 466493799311663440167496584517263169), 10046004076505235 candidates (MITM path)
  MITM b1=353: s=4 t=3 j=3 je=3 Q=43986977 table=157464000 yh=63798736
stage b2=541 vs b1={354}: values [340066965714635635499320813072655821, 485339533496958054990141432093229056), 10710327657821718 candidates (MITM path)
  MITM b1=354: s=4 t=3 j=3 je=3 Q=44361864 table=158340421 yh=67641147
stage b2=542 vs b1={355}: values [348329875856906030730297942652608512, 504890201999330620896660650634765625), 11394275385155859 candidates (MITM path)
  MITM b1=355: s=4 t=3 j=3 je=3 Q=44738875 table=159220088 yh=71563052
stage b2=543 vs b1={356}: values [356777768353264056114297546073891743, 525170075322236798832332084919402496), 12098274656186246 candidates (MITM path)
  MITM b1=356: s=4 t=3 j=3 je=3 Q=45118016 table=160103007 yh=75565568
stage b2=544 vs b1={357}: values [365414432262202803340615819548688384, 546204187770690153801056774632964649), 12822760170678220 candidates (MITM path)
  MITM b1=357: s=4 t=3 j=3 je=3 Q=45499293 table=160989184 yh=79649824
stage b2=545 vs b1={358}: values [374243727068280638359709019775390625, 568018359241065440405821984897122304), 13568174026295161 candidates (MITM path)
  MITM b1=358: s=4 t=3 j=3 je=3 Q=45882712 table=161878625 yh=83816959
stage b2=546 vs b1={359}: values [383269583858029168477508273239105536, 590639217568775457331652612637964561), 14334965815298810 candidates (MITM path)
  MITM b1=359: s=4 t=3 j=3 je=3 Q=46268279 table=162771336 yh=88068122
stage b2=547 vs b1={360}: values [392496006513281583932595840500243827, 614094221446481549721600000000000000), 15123592722143302 candidates (MITM path)
  MITM b1=360: s=4 t=3 j=3 je=3 Q=46656000 table=163667323 yh=92404473
stage b2=548 vs b1={361}: values [401927072922146770857809028954718208, 638411683925748518131605316913942641), 15934519621967627 candidates (MITM path)
  MITM b1=361: s=4 t=3 j=3 je=3 Q=47045881 table=164566592 yh=96827184
stage b2=549 vs b1={362}: values [411566936207857087647217069653412149, 663620796515309615092533840427761664), 16768219179991204 candidates (MITM path)
  MITM b1=362: s=4 t=3 j=3 je=3 Q=47437928 table=165469149 yh=101337436
stage b2=550 vs b1={363}: values [421419825975720214843750000000000000, 689751653889366534925949446541436489), 17625171951817290 candidates (MITM path)
  MITM b1=363: s=4 t=3 j=3 je=3 Q=47832147 table=166375000 yh=105936421
stage b2=551 vs b1={364}: values [431490049578408029900978423638102151, 716835279219612889692402474199023616), 18505866484648911 candidates (MITM path)
  MITM b1=364: s=4 t=3 j=3 je=3 Q=48228544 table=167284151 yh=110625343
stage b2=552 vs b1={365}: values [441781993399818022724510341599854592, 744903650144937675010347955322265625), 19410799419422039 candidates (MITM path)
  MITM b1=365: s=4 t=3 j=3 je=3 Q=48627125 table=168196608 yh=115405416
stage b2=553 vs b1={366}: values [452300124157745355934980751882862473, 773989725393037725664245462095118336), 20340475593860733 candidates (MITM path)
  MITM b1=366: s=4 t=3 j=3 je=3 Q=49027896 table=169112377 yh=120277865
stage b2=554 vs b1={367}: values [463048990225606285487392794579083264, 804127472068445204802288858779989729), 21295408146458943 candidates (MITM path)
  MITM b1=367: s=4 t=3 j=3 je=3 Q=49430863 table=170031464 yh=125243927
stage b2=555 vs b1={368}: values [474033222973456292803297401123046875, 835351893621757825180080478275764224), 22276118621393725 candidates (MITM path)
  MITM b1=368: s=4 t=3 j=3 je=3 Q=49836032 table=170953875 yh=130304848
stage b2=556 vs b1={369}: values [485257538128548939096586766742716416, 867699058515145830106783895701970721), 23283137074374560 candidates (MITM path)
  MITM b1=369: s=4 t=3 j=3 je=3 Q=50243409 table=171879616 yh=135461887
stage b2=557 vs b1={370}: values [496726737155684136275087566416582557, 901206129599500829968900000000000000), 24317002179433531 candidates (MITM path)
  MITM b1=370: s=4 t=3 j=3 je=3 Q=50653000 table=172808693 yh=140716314
stage b2=558 vs b1={371}: values [508445708657597236854185159560716288, 935911394218887462627310370080165081), 25378261336661072 candidates (MITM path)
  MITM b1=371: s=4 t=3 j=3 je=3 Q=51064811 table=173741112 yh=146069408
stage b2=559 vs b1={372}: values [520419429795643077901856425190522479, 971854295058259588504417458500665344), 26467470780892028 candidates (MITM path)
  MITM b1=372: s=4 t=3 j=3 je=3 Q=51478848 table=174676879 yh=151522463
stage b2=560 vs b1={373}: values [532652967731031871324160000000000000, 1009075461750708410420050723039024009), 27585195691346764 candidates (MITM path)
  MITM b1=373: s=4 t=3 j=3 je=3 Q=51895117 table=175616000 yh=157076780
stage b2=561 vs b1={374}: values [545151481086876614974812989924244081, 1047616743260820591544343170758885376), 28732010302232052 candidates (MITM path)
  MITM b1=374: s=4 t=3 j=3 je=3 Q=52313624 table=176558481 yh=162733675
stage b2=562 vs b1={375}: values [557920221431314506311321357441769472, 1087521241061040200293064117431640625), 29908498014306498 candidates (MITM path)
  MITM b1=375: s=4 t=3 j=3 je=3 Q=52734375 table=177504328 yh=168494472
stage b2=563 vs b1={376}: values [570964534781967672803543519620846403, 1128833343118249207414947823407333376), 31115251507415228 candidates (MITM path)
  MITM b1=376: s=4 t=3 j=3 je=3 Q=53157376 table=178453547 yh=174360511
stage b2=564 vs b1={377}: values [584289863132011391209840769230700544, 1171598758708107367475386427203165009), 32352872853998610 candidates (MITM path)
  MITM b1=377: s=4 t=3 j=3 je=3 Q=53582633 table=179406144 yh=180333138
stage b2=565 vs b1={378}: values [597901745998120851353366153564453125, 1215864554075023704741469602061369344), 33621973633579739 candidates (MITM path)
  MITM b1=378: s=4 t=3 j=3 je=3 Q=54010152 table=180362125 yh=186413715
stage b2=566 vs b1={379}: values [611805821990570429339805757456080896, 1261679188955968563191835468129487081), 34923175048235449 candidates (MITM path)
  MITM b1=379: s=4 t=3 j=3 je=3 Q=54439939 table=181321496 yh=192603612
stage b2=567 vs b1={380}: values [626007830405762370442234920236832087, 1309092553986677343846400000000000000), 36257108039055611 candidates (MITM path)
  MITM b1=380: s=4 t=3 j=3 je=3 Q=54872000 table=182284263 yh=198904214
stage b2=568 vs b1={381}: values [640513612841464743323893889989869568, 1358156009009144712440307376223513721), 37624413403595473 candidates (MITM path)
  MITM b1=381: s=4 t=3 j=3 je=3 Q=55306341 table=183250432 yh=205316916
stage b2=569 vs b1={382}: values [655329114835041515061818544164613209, 1408922422299661290033405230674100224), 39025741914325806 candidates (MITM path)
  MITM b1=382: s=4 t=3 j=3 je=3 Q=55742968 table=184220009 yh=211843123
stage b2=570 vs b1={383}: values [670460387524960610760570000000000000, 1461446210737003712612867623638313729), 40461754438085615 candidates (MITM path)
  MITM b1=383: s=4 t=3 j=3 je=3 Q=56181887 table=185193000 yh=218484254
stage b2=571 vs b1={384}: values [685913589335868862593975790997597611, 1515783380930753538061821258378510336), 41933122056542192 candidates (MITM path)
  MITM b1=384: s=4 t=3 j=3 je=3 Q=56623104 table=186169411 yh=225241740
stage b2=572 vs b1={385}: values [701694987687525821073007584217137152, 1571991571330090865774680230712890625), 43440526187663279 candidates (MITM path)
  MITM b1=385: s=4 t=3 j=3 je=3 Q=57066625 table=187149248 yh=232117023
stage b2=573 vs b1={386}: values [717810960727891496399861673112327533, 1630130095333784792244505633968111616), 44984658708206106 candidates (MITM path)
  MITM b1=386: s=4 t=3 j=3 je=3 Q=57512456 table=188132517 yh=239111556
stage b2=574 vs b1={387}: values [734267999090666220123170482943156224, 1690259985422485032479991371240442489), 46566222077228089 candidates (MITM path)
  MITM b1=387: s=4 t=3 j=3 je=3 Q=57960603 table=189119224 yh=246226804
stage b2=575 vs b1={388}: values [751072707677583967149257659912109375, 1752444038334807270293678521701105664), 48185929460623967 candidates (MITM path)
  MITM b1=388: s=4 t=3 j=3 je=3 Q=58411072 table=190109375 yh=253464247
stage b2=576 vs b1={389}: values [768231807465763655682670928358014976, 1816746861309099139322282878629329641), 49844504856694148 candidates (MITM path)
  MITM b1=389: s=4 t=3 j=3 je=3 Q=58863869 table=191102976 yh=260825373
stage b2=577 vs b1={390}: values [785752137340426148060117653375876417, 1883234919413174260904100000000000000), 51542683222749059 candidates (MITM path)
  MITM b1=390: s=4 t=3 j=3 je=3 Q=59319000 table=192100033 yh=268311684

*** MATCH: 1709450933857403588010310418682903114 is an 14-digit palindrome in bases 390 and 577
stage b2=578 vs b1={391}: values [803640655953287908900640275234562048, 1951976583984708555289257373653172561), 53281210602754279 candidates (MITM path)
  MITM b1=391: s=4 t=3 j=3 je=3 Q=59776471 table=193100552 yh=275924694

*** MATCH: 1709196591780242336284566810809502744 is an 14-digit palindrome in bases 391 and 578
stage b2=579 vs b1={392}: values [821904443606945538717678866487000339, 2023042182205406180576948745932898304), 55060844256021251 candidates (MITM path)
  MITM b1=392: s=4 t=3 j=3 je=3 Q=60236288 table=194104539 yh=283665929
stage b2=580 vs b1={393}: values [840550704165568691322880000000000000, 2096504047832462021585980850883353649), 56882352786948347 candidates (MITM path)
  MITM b1=393: s=4 t=3 j=3 je=3 Q=60698457 table=195112000 yh=291536927
stage b2=581 vs b1={394}: values [859586766992222202195460101840278741, 2172436573111273731749254298313834496), 58746516275817107 candidates (MITM path)
  MITM b1=394: s=4 t=3 j=3 je=3 Q=61162984 table=196122941 yh=299539238
stage b2=582 vs b1={395}: values [879020088913141602693987477647941632, 2250916261893789009116047857666015625), 60654126410648416 candidates (MITM path)
  MITM b1=395: s=4 t=3 j=3 je=3 Q=61629875 table=197137368 yh=307674426
stage b2=583 vs b1={396}: values [898858256209289571750018603448589863, 2332021783987313147550261420339757056), 62605986620123443 candidates (MITM path)
  MITM b1=396: s=4 t=3 j=3 je=3 Q=62099136 table=198155287 yh=315944064
stage b2=584 vs b1={397}: values [919108986635524282706561397690466304, 2415834030759048032002067126745534169), 64602912207574130 candidates (MITM path)
  MITM b1=397: s=4 t=3 j=3 je=3 Q=62570773 table=199176704 yh=324349741
stage b2=585 vs b1={398}: values [939780131467714038451336959228515625, 2502436172022086728957275203783901184), 66645730486048030 candidates (MITM path)
  MITM b1=398: s=4 t=3 j=3 je=3 Q=63044792 table=200201625 yh=332893055
stage b2=586 vs b1={399}: values [960879677578136053148816778964934656, 2591913714229047747371013122318554401), 68735280914452317 candidates (MITM path)
  MITM b1=399: s=4 t=3 j=3 je=3 Q=63521199 table=201230056 yh=341575619
stage b2=587 vs b1={400}: values [982415749539500733900622636113799547, 2684354560000000000000000000000000000), 70872415234781748 candidates (MITM path)
  MITM b1=400: s=4 t=3 j=3 je=3 Q=64000000 table=202262003 yh=350399058
stage b2=588 vs b1={401}: values [1004396611757946340766745635195977728, 2779849069011803569389614128910565601), 73057997610435419 candidates (MITM path)
  MITM b1=401: s=4 t=3 j=3 je=3 Q=64481201 table=203297472 yh=359365008
stage b2=589 vs b1={402}: values [1026830670635352458966883555245399869, 2878490120276472667082662144291651584), 75292904765627094 candidates (MITM path)
  MITM b1=402: s=4 t=3 j=3 je=3 Q=64964808 table=204336469 yh=368475120
stage b2=590 vs b1={403}: values [1049726476761324302959790000000000000, 2980373175836655760043416457625951769), 77578026125893948 candidates (MITM path)
  MITM b1=403: s=4 t=3 j=3 je=3 Q=65450827 table=205379000 yh=377731054
stage b2=591 vs b1={404}: values [1073092727135203488677720234874003471, 3085596345906823816899741423927033856), 79914263959708525 candidates (MITM path)
  MITM b1=404: s=4 t=3 j=3 je=3 Q=65939264 table=206425071 yh=387134487
stage b2=592 vs b1={405}: values [1096938267418464557682763546243366912, 3194260455489261091391061529541015625), 82302533521198737 candidates (MITM path)
  MITM b1=405: s=4 t=3 j=3 je=3 Q=66430125 table=207474688 yh=396687106
stage b2=593 vs b1={406}: values [1121272094217860215623061584431717393, 3306469112494463905297029171238813696), 84743763193980712 candidates (MITM path)
  MITM b1=406: s=4 t=3 j=3 je=3 Q=66923416 table=208527857 yh=406390611
stage b2=594 vs b1={407}: values [1146103357399681957311695889085046784, 3422328777396071612977936337655912049), 87238894636109338 candidates (MITM path)
  MITM b1=407: s=4 t=3 j=3 je=3 Q=67419143 table=209584584 yh=416246716
stage b2=595 vs b1={408}: values [1171441362435506492242537059326171875, 3541948834450980420297557401512443904), 89788882926151301 candidates (MITM path)
  MITM b1=408: s=4 t=3 j=3 je=3 Q=67917312 table=210644875 yh=426257145
stage b2=596 vs b1={409}: values [1197295572779802157609819889714855936, 3665441664515825088891125013458457361), 92394696710385457 candidates (MITM path)
  MITM b1=409: s=4 t=3 j=3 je=3 Q=68417929 table=211708736 yh=436423638
stage b2=597 vs b1={410}: values [1223675612279773311126969648879885477, 3792922719491555880216100000000000000), 95057318351135376 candidates (MITM path)
  MITM b1=410: s=4 t=3 j=3 je=3 Q=68921000 table=212776173 yh=446747947
stage b2=598 vs b1={411}: values [1250591267617824533361673953148100608, 3924510598428388481280677722353356841), 97777744076238864 candidates (MITM path)
  MITM b1=411: s=4 t=3 j=3 je=3 Q=69426531 table=213847192 yh=457231836
stage b2=599 vs b1={412}: values [1278052490787030339135888517747927799, 4060327125323963205059947437242712064), 100556984129659322 candidates (MITM path)
  MITM b1=412: s=4 t=3 j=3 je=3 Q=69934528 table=214921799 yh=467877082
stage b2=600 vs b1={413}: values [1306069401600000000000000000000000000, 4200497428648116574040869616977676089), 103396062923243762 candidates (MITM path)
  MITM b1=413: s=4 t=3 j=3 je=3 Q=70444997 table=216000000 yh=478685477
stage b2=601 vs b1={414}: values [1334652290231531015099465845804087801, 4345150022628243576733808719502524416), 106296019189632319 candidates (MITM path)
  MITM b1=414: s=4 t=3 j=3 je=3 Q=70957944 table=217081801 yh=489658824
stage b2=602 vs b1={415}: values [1363811619795448736130738004163796992, 4494416890329812536997064996337890625), 109257906136324101 candidates (MITM path)
  MITM b1=415: s=4 t=3 j=3 je=3 Q=71473375 table=218167208 yh=500798939
stage b2=603 vs b1={416}: values [1393558028956033653753094621458594123, 4648433568567186758293585075200065536), 112282791600904220 candidates (MITM path)
  MITM b1=416: s=4 t=3 j=3 je=3 Q=71991296 table=219256227 yh=512107653
stage b2=604 vs b1={417}: values [1423902334574441888007206673961713664, 4807339234680508004200143948920808129), 115371758207436836 candidates (MITM path)
  MITM b1=417: s=4 t=3 j=3 je=3 Q=72511713 table=220348864 yh=523586808
stage b2=605 vs b1={418}: values [1454855534390528494214029249267578125, 4971276795215006558302976583535181824), 118525903524029076 candidates (MITM path)
  MITM b1=418: s=4 t=3 j=3 je=3 Q=73034632 table=221445125 yh=535238261
stage b2=606 vs b1={419}: values [1486428809740487298714226885871394816, 5140392976539721177751575813150574521), 121746340221570651 candidates (MITM path)
  MITM b1=419: s=4 t=3 j=3 je=3 Q=73560059 table=222545016 yh=547063882
stage b2=607 vs b1={420}: values [1518633528310725115885242544096618207, 5314838417443239822950400000000000000), 125034196233654047 candidates (MITM path)
  MITM b1=420: s=4 t=3 j=3 je=3 Q=74088000 table=223648543 yh=559065553

*** MATCH: 1632057700941767586205106163381685088 is an 14-digit palindrome in bases 420 and 607
stage b2=608 vs b1={421}: values [1551481246928392369367854156441714688, 5494767763744708719935047067099450281), 128390614917680117 candidates (MITM path)
  MITM b1=421: s=4 t=3 j=3 je=3 Q=74618461 table=224755712 yh=571245171
stage b2=609 vs b1={422}: values [1584983714388996346575319018247100129, 5680339764959003201743354806764191744), 131816755217153938 candidates (MITM path)
  MITM b1=422: s=4 t=3 j=3 je=3 Q=75151448 table=225866529 yh=583604644
stage b2=610 vs b1={423}: values [1619152874321527556575810000000000000, 5871717373055608991448570282421854609), 135313791825175783 candidates (MITM path)
  MITM b1=423: s=4 t=3 j=3 je=3 Q=75686967 table=226981000 yh=596145897
done: 10879.96s, 9918670887 candidates tested
