A171740 search: n=14, threads=1, limit=none
stage b2=443 vs b1={287}: values [25307453112648023793818952767430443, 25724477018923486959881583081626689), 124547458112637 candidates (MITM path)
  MITM b1=287: s=4 t=3 j=3 je=3 Q=23639903 table=86938307 yh=1432596
stage b2=444 vs b1={288}: values [26060252030572424367047199984451584, 27008149481218253520093899825086464), 278663806009225 candidates (MITM path)
  MITM b1=288: s=4 t=3 j=3 je=3 Q=23887872 table=87528384 yh=3183697
stage b2=445 vs b1={289}: values [26833674215464270614029991455078125, 28351092476867700887730107366063041), 439122034002353 candidates (MITM path)
  MITM b1=289: s=4 t=3 j=3 je=3 Q=24137569 table=88121125 yh=4983165
stage b2=446 vs b1={290}: values [27628236392550297846722998615924736, 29755823267579946348100000000000000), 606098614902754 candidates (MITM path)
  MITM b1=290: s=4 t=3 j=3 je=3 Q=24389000 table=88716536 yh=6831857
stage b2=447 vs b1={291}: values [28444467030182667304977191627470527, 31224956771694849412103314940863161), 779773793101485 candidates (MITM path)
  MITM b1=291: s=4 t=3 j=3 je=3 Q=24642171 table=89314623 yh=8730640
stage b2=448 vs b1={292}: values [29282906579483202709388126907793408, 32761208996285777655067862320021504), 960331646084635 candidates (MITM path)
  MITM b1=292: s=4 t=3 j=3 je=3 Q=24897088 table=89915392 yh=10680393
stage b2=449 vs b1={293}: values [30144107718324899380671726264710849, 34367400577440657174390053251553449), 1147960146656911 candidates (MITM path)
  MITM b1=293: s=4 t=3 j=3 je=3 Q=25153757 table=90518849 yh=12682002
stage b2=450 vs b1={294}: values [31028635599719238281250000000000000, 36046460431742703147634670013136896), 1342851225878745 candidates (MITM path)
  MITM b1=294: s=4 t=3 j=3 je=3 Q=25412184 table=91125000 yh=14736365
stage b2=451 vs b1={295}: values [31937068104678763420425865233800851, 37801429522044759444963140869140625), 1545200836721604 candidates (MITM path)
  MITM b1=295: s=4 t=3 j=3 je=3 Q=25672375 table=91733851 yh=16844391
stage b2=452 vs b1={296}: values [32869996099625317555435327604129792, 39635464740706238900646729698246656), 1755209018446162 candidates (MITM path)
  MITM b1=296: s=4 t=3 j=3 je=3 Q=25934336 table=92345408 yh=19006999
stage b2=453 vs b1={297}: values [33828023698415278110106494516889173, 41551842913538274087106161994416369), 1973079961708030 candidates (MITM path)
  MITM b1=297: s=4 t=3 j=3 je=3 Q=26198073 table=92959677 yh=21225117
stage b2=454 vs b1={298}: values [34811768529054092814773128813502464, 43553964927780889034146280167849984), 2199022074395706 candidates (MITM path)
  MITM b1=298: s=4 t=3 j=3 je=3 Q=26463592 table=93576664 yh=23499685
stage b2=455 vs b1={299}: values [35821862005173382840059779052734375, 45645359987515812435930238280185801), 2433248048205446 candidates (MITM path)
  MITM b1=299: s=4 t=3 j=3 je=3 Q=26730899 table=94196375 yh=25831653
stage b2=456 vs b1={300}: values [36858949602344860248381873104879616, 47829690000000000000000000000000000), 2675974925957735 candidates (MITM path)
  MITM b1=300: s=4 t=3 j=3 je=3 Q=27000000 table=94818816 yh=28221983
stage b2=457 vs b1={301}: values [37923691139306296516328170919321257, 50110754096488045602459977936194201), 2927424169660061 candidates (MITM path)
  MITM b1=301: s=4 t=3 j=3 je=3 Q=27270901 table=95443993 yh=30671644
stage b2=458 vs b1={302}: values [39016761064175779784992789207359488, 52492493291196466086203175724662784), 3187821729320691 candidates (MITM path)
  MITM b1=302: s=4 t=3 j=3 je=3 Q=27543608 table=96071912 yh=33181621
stage b2=459 vs b1={303}: values [40138848745731510470918118846397179, 54978995282149371522266936818729569), 3457398112518135 candidates (MITM path)
  MITM b1=303: s=4 t=3 j=3 je=3 Q=27818127 table=96702579 yh=35752905

*** MATCH: 42717837080516282266822514160481360 is an 14-digit palindrome in bases 303 and 459
stage b2=460 vs b1={304}: values [41290658769835408015360000000000000, 57574499397733310582010212836704256), 3736388454731036 candidates (MITM path)
  MITM b1=304: s=4 t=3 j=3 je=3 Q=28094464 table=97336000 yh=38386501
stage b2=461 vs b1={305}: values [42472911241079835962500139972206781, 60283401692879138764114019775390625), 4025032590433159 candidates (MITM path)
  MITM b1=305: s=4 t=3 j=3 je=3 Q=28372625 table=97972181 yh=41083424
done: 188.96s, 271886422 candidates tested
