A171740 search: n=14, threads=1, limit=none
stage b2=76 vs b1={56}: values [2822127947962858105470976, 2982856619293778479415296), 10974840283 candidates (MITM path)
  MITM b1=56: s=4 t=3 j=3 je=3 Q=175616 table=438976 yh=25002
stage b2=77 vs b1={57}: values [3344871416191195940889917, 3821624208892275481335249), 29706957131 candidates (MITM path)
  MITM b1=57: s=4 t=3 j=3 je=3 Q=185193 table=456533 yh=65071
stage b2=78 vs b1={58}: values [3955759092264800909058048, 4875194084160298409672704), 52343023986 candidates (MITM path)
  MITM b1=58: s=4 t=3 j=3 je=3 Q=195112 table=474552 yh=110300
stage b2=79 vs b1={59}: values [4668229371502258117133839, 6193386212891813387462761), 79419082985 candidates (MITM path)
  MITM b1=59: s=4 t=3 j=3 je=3 Q=205379 table=493039 yh=161081
stage b2=80 vs b1={60}: values [5497558138880000000000000, 7836416409600000000000000), 111525453126 candidates (MITM path)
  MITM b1=60: s=4 t=3 j=3 je=3 Q=216000 table=512000 yh=217824
stage b2=81 vs b1={61}: values [6461081889226673298932241, 9876832533361318095112441), 149310732738 candidates (MITM path)
  MITM b1=61: s=4 t=3 j=3 je=3 Q=226981 table=531441 yh=280955
stage b2=82 vs b1={62}: values [7578444614164591651397632, 12401769434657526912139264), 193485998583 candidates (MITM path)
  MITM b1=62: s=4 t=3 j=3 je=3 Q=238328 table=551368 yh=350920
stage b2=83 vs b1={63}: values [8871870642308873326043363, 15515568475732467854453889), 244829206578 candidates (MITM path)
  MITM b1=63: s=4 t=3 j=3 je=3 Q=250047 table=571787 yh=428183
stage b2=84 vs b1={64}: values [10366465789451195388002304, 19342813113834066795298816), 304189799128 candidates (MITM path)
  MITM b1=64: s=4 t=3 j=3 je=3 Q=262144 table=592704 yh=513224

*** MATCH: 12624306686711921192811625 is an 14-digit palindrome in bases 64 and 84
stage b2=85 vs b1={65}: values [12090549356574630126953125, 24031838291621636962890625), 372493524072 candidates (MITM path)
  MITM b1=65: s=4 t=3 j=3 je=3 Q=274625 table=614125 yh=606544
done: 0.31s, 1795541 candidates tested
