A171740 search: n=14, threads=1, limit=none
stage b2=159 vs b1={111}: values [41510944610598709891422261279, 43104409804843948852155196641), 620244199502 candidates (MITM path)
  MITM b1=111: s=4 t=3 j=3 je=3 Q=1367631 table=4019679 yh=154302
stage b2=160 vs b1={112}: values [45035996273704960000000000000, 48871122850509266606740209664), 1428695982995 candidates (MITM path)
  MITM b1=112: s=4 t=3 j=3 je=3 Q=1404928 table=4096000 yh=348803
stage b2=161 vs b1={113}: values [48835584317168806944303054881, 55347525466347647961440563489), 2322358888455 candidates (MITM path)
  MITM b1=113: s=4 t=3 j=3 je=3 Q=1442897 table=4173281 yh=556483
stage b2=162 vs b1={114}: values [52929182836544907664852918272, 62613491038491041486196719616), 3307223159745 candidates (MITM path)
  MITM b1=114: s=4 t=3 j=3 je=3 Q=1481544 table=4251528 yh=777891
stage b2=163 vs b1={115}: values [57337513745255995642033865203, 70757057644889830377197265625), 4389595728273 candidates (MITM path)
  MITM b1=115: s=4 t=3 j=3 je=3 Q=1520875 table=4330747 yh=1013589
stage b2=164 vs b1={116}: values [62082618279236334808249401344, 79875179874882329144077582336), 5576112685166 candidates (MITM path)
  MITM b1=116: s=4 t=3 j=3 je=3 Q=1560896 table=4410944 yh=1264155
stage b2=165 vs b1={117}: values [67187932120908818009033203125, 90074542392707106815022222729), 6873752089844 candidates (MITM path)
  MITM b1=117: s=4 t=3 j=3 je=3 Q=1601613 table=4492125 yh=1530179
stage b2=166 vs b1={118}: values [72678364301794290286947229696, 101472439712019470540189876224), 8289847119921 candidates (MITM path)
  MITM b1=118: s=4 t=3 j=3 je=3 Q=1643032 table=4574296 yh=1812268
stage b2=167 vs b1={119}: values [78580380049024038323955354887, 114197726928752863294965276721), 9832099567318 candidates (MITM path)
  MITM b1=119: s=4 t=3 j=3 je=3 Q=1685159 table=4657463 yh=2111042
stage b2=168 vs b1={120}: values [84922087747184192618514874368, 128391846454886400000000000000), 11508593685488 candidates (MITM path)
  MITM b1=120: s=4 t=3 j=3 je=3 Q=1728000 table=4741632 yh=2427138
stage b2=169 vs b1={121}: values [91733330193268616658399616009, 144209936106499234037676064081), 13327810392684 candidates (MITM path)
  MITM b1=121: s=4 t=3 j=3 je=3 Q=1771561 table=4826809 yh=2761206
stage b2=170 vs b1={122}: values [99045780329059370000000000000, 161822024226591835670322233344), 15298641836163 candidates (MITM path)
  MITM b1=122: s=4 t=3 j=3 je=3 Q=1815848 table=4913000 yh=3113911
stage b2=171 vs b1={123}: values [106893041641995777582962424411, 181414317867238075368413196009), 17430406322255 candidates (MITM path)
  MITM b1=123: s=4 t=3 j=3 je=3 Q=1860867 table=5000211 yh=3485935
stage b2=172 vs b1={124}: values [115310753432539349915325693952, 203190590417428920928489701376), 19732863617223 candidates (MITM path)
  MITM b1=124: s=4 t=3 j=3 je=3 Q=1906624 table=5088448 yh=3877973
stage b2=173 vs b1={125}: values [124336701153197199434858978333, 227373675443232059478759765625), 22216230623836 candidates (MITM path)
  MITM b1=125: s=4 t=3 j=3 je=3 Q=1953125 table=5177717 yh=4290739
stage b2=174 vs b1={126}: values [134010932031736197265596801024, 254207073906400753327372517376), 24891197438589 candidates (MITM path)
  MITM b1=126: s=4 t=3 j=3 je=3 Q=2000376 table=5268024 yh=4724960
stage b2=175 vs b1={127}: values [144375876198709011077880859375, 283956682347124706942551243009), 27768943794504 candidates (MITM path)
  MITM b1=127: s=4 t=3 j=3 je=3 Q=2048383 table=5359375 yh=5181378
stage b2=176 vs b1={128}: values [155476473547226548672214859776, 316912650057057350374175801344), 30861155894453 candidates (MITM path)
  MITM b1=128: s=4 t=3 j=3 je=3 Q=2097152 table=5451776 yh=5660753
stage b2=177 vs b1={129}: values [167360306560954484666776127217, 353391373730936795216525838081), 34180043639947 candidates (MITM path)
  MITM b1=129: s=4 t=3 j=3 je=3 Q=2146689 table=5545233 yh=6163861
stage b2=178 vs b1={130}: values [180077739354589843349613518848, 393737638569928900000000000000), 37738358260324 candidates (MITM path)
  MITM b1=130: s=4 t=3 j=3 je=3 Q=2197000 table=5639752 yh=6691493
stage b2=179 vs b1={131}: values [193682063179592517160024627139, 438326915318176225182722457721), 41549410347310 candidates (MITM path)
  MITM b1=131: s=4 t=3 j=3 je=3 Q=2248091 table=5735339 yh=7244456

*** MATCH: 265983441899263534288919829060 is an 14-digit palindrome in bases 131 and 179
stage b2=180 vs b1={132}: values [208229648656711680000000000000, 487567823246881413521655988224), 45627088299877 candidates (MITM path)
  MITM b1=132: s=4 t=3 j=3 je=3 Q=2299968 table=5832000 yh=7823575
stage b2=181 vs b1={133}: values [223780105005863966156354481541, 541904769658563069794308330729), 49985877184370 candidates (MITM path)
  MITM b1=133: s=4 t=3 j=3 je=3 Q=2352637 table=5929741 yh=8429690
stage b2=182 vs b1={134}: values [240396446553194784543350546432, 601820777068902739508172046336), 54640878014865 candidates (MITM path)
  MITM b1=134: s=4 t=3 j=3 je=3 Q=2406104 table=6028568 yh=9063658
stage b2=183 vs b1={135}: values [258145266804692077858261512663, 667840509835890864312744140625), 59607827458698 candidates (MITM path)
  MITM b1=135: s=4 t=3 j=3 je=3 Q=2460375 table=6128487 yh=9726353
done: 18.10s, 63652650 candidates tested
