A171740 search: n=14, threads=1, limit=none
stage b2=364 vs b1={239}: values [1969327690163771674979127676370944, 1984132236766622027506928774262241), 17485796746806 candidates (MITM path)
  MITM b1=239: s=4 t=3 j=3 je=3 Q=13651919 table=48228544 yh=362562
stage b2=365 vs b1={240}: values [2040831918205308698658487548828125, 2103572012316858777600000000000000), 72693422188004 candidates (MITM path)
  MITM b1=240: s=4 t=3 j=3 je=3 Q=13824000 table=48627125 yh=1494916
stage b2=366 vs b1={241}: values [2114726025664037501814878311735296, 2229659760502257132817812847740961), 130641128069299 candidates (MITM path)
  MITM b1=241: s=4 t=3 j=3 je=3 Q=13997521 table=49027896 yh=2664629
stage b2=367 vs b1={242}: values [2191083030159251239243293893133487, 2362735593168883450473284633903104), 191420233941831 candidates (MITM path)
  MITM b1=242: s=4 t=3 j=3 je=3 Q=14172488 table=49430863 yh=3872485
stage b2=368 vs b1={243}: values [2269977971798254959728479560531968, 2503155504993241601315571986085849), 255124386184302 candidates (MITM path)
  MITM b1=243: s=4 t=3 j=3 je=3 Q=14348907 table=49836032 yh=5119276
stage b2=369 vs b1={244}: values [2351487963455679756386948226834609, 2651292044928480635622559471108096), 321849603053520 candidates (MITM path)
  MITM b1=244: s=4 t=3 j=3 je=3 Q=14526784 table=50243409 yh=6405808
stage b2=370 vs b1={245}: values [2435692242160813053970000000000000, 2807535013090453863383795166015625), 391694320347935 candidates (MITM path)
  MITM b1=245: s=4 t=3 j=3 je=3 Q=14706125 table=50653000 yh=7732895
stage b2=371 vs b1={246}: values [2522672221614251920828329838491011, 2972292183936828626836081803411456), 464759437688892 candidates (MITM path)
  MITM b1=246: s=4 t=3 j=3 je=3 Q=14886936 table=51064811 yh=9101365
stage b2=372 vs b1={247}: values [2612511545855536528237681340055552, 3145990056617379761511309839089969), 541148365424299 candidates (MITM path)
  MITM b1=247: s=4 t=3 j=3 je=3 Q=15069223 table=51478848 yh=10512053
stage b2=373 vs b1={248}: values [2705296144103775899249465745412933, 3329074633399155440492375267344384), 620967072159463 candidates (MITM path)
  MITM b1=248: s=4 t=3 j=3 je=3 Q=15252992 table=51895117 yh=11965810
stage b2=374 vs b1={249}: values [2801114286793637945305730403098624, 3522012227096394652101560724434001), 704324132919794 candidates (MITM path)
  MITM b1=249: s=4 t=3 j=3 je=3 Q=15438249 table=52313624 yh=13463494
stage b2=375 vs b1={250}: values [2900056642829440534114837646484375, 3725290298461914062500000000000000), 791330777950139 candidates (MITM path)
  MITM b1=250: s=4 t=3 j=3 je=3 Q=15625000 table=52734375 yh=15005977
stage b2=376 vs b1={251}: values [3002216338080450019720605913317376, 3939418324524181765386728349441001), 882100942155463 candidates (MITM path)
  MITM b1=251: s=4 t=3 j=3 je=3 Q=15813251 table=53157376 yh=16594141
stage b2=377 vs b1={252}: values [3107689015140868348741078056241817, 4164928698882469942515671324688384), 976751315187630 candidates (MITM path)
  MITM b1=252: s=4 t=3 j=3 je=3 Q=16003008 table=53582633 yh=18228879
stage b2=378 vs b1={253}: values [3216572894378369589263147095400448, 4402377665001341492756836874350969), 1075401392183030 candidates (MITM path)
  MITM b1=253: s=4 t=3 j=3 je=3 Q=16194277 table=54010152 yh=19911098
stage b2=379 vs b1={254}: values [3328968836295431565149961657333739, 4652346283575291198546759565459456), 1178173525155805 candidates (MITM path)
  MITM b1=254: s=4 t=3 j=3 je=3 Q=16387064 table=54439939 yh=21641713
stage b2=380 vs b1={255}: values [3444980405228098273280000000000000, 4915441435064644177113043212890625), 1285192975051426 candidates (MITM path)
  MITM b1=255: s=4 t=3 j=3 je=3 Q=16581375 table=54872000 yh=23421654
stage b2=381 vs b1={256}: values [3564713934407203969659599412660141, 5192296858534827628530496329220096), 1396587964465387 candidates (MITM path)
  MITM b1=256: s=4 t=3 j=3 je=3 Q=16777216 table=55306341 yh=25251860
stage b2=382 vs b1={257}: values [3688278592407490288045563431084032, 5483574227962890893331590433934849), 1512489731031772 candidates (MITM path)
  MITM b1=257: s=4 t=3 j=3 je=3 Q=16974593 table=55742968 yh=27133284
stage b2=383 vs b1={258}: values [3815786451010453557735946798011263, 5789964267207668452827559331119104), 1633032581486471 candidates (MITM path)
  MITM b1=258: s=4 t=3 j=3 je=3 Q=17173512 table=56181887 yh=29066888
stage b2=384 vs b1={259}: values [3947352554507170672035992860360704, 6112187904873275865980332271043961), 1758353946409817 candidates (MITM path)
  MITM b1=259: s=4 t=3 j=3 je=3 Q=17373979 table=56623104 yh=31053649
stage b2=385 vs b1={260}: values [4083094990467768482531636962890625, 6450997470329715097600000000000000), 1888594435653414 candidates (MITM path)
  MITM b1=260: s=4 t=3 j=3 je=3 Q=17576000 table=57066625 yh=33094553
stage b2=386 vs b1={261}: values [4223134962004623814104936875565056, 6807177932189258856180832656779241), 2023897894455942 candidates (MITM path)
  MITM b1=261: s=4 t=3 j=3 je=3 Q=17779581 table=57512456 yh=35190602
stage b2=387 vs b1={262}: values [4367596861556808869457342044548947, 7181548180572999273393724747300864), 2164411460252720 candidates (MITM path)
  MITM b1=262: s=4 t=3 j=3 je=3 Q=17984728 table=57960603 yh=37342805
stage b2=388 vs b1={263}: values [4516608346223730078076491035312128, 7574962354538500616775660413022289), 2310285620183818 candidates (MITM path)
  MITM b1=263: s=4 t=3 j=3 je=3 Q=18191447 table=58411072 yh=39552187
stage b2=389 vs b1={264}: values [4670300414676347401856768325525269, 7988311216076905079138811711062016), 2461674269305503 candidates (MITM path)
  MITM b1=264: s=4 t=3 j=3 je=3 Q=18399744 table=58863869 yh=41819784
stage b2=390 vs b1={265}: values [4828807485674805797190000000000000, 8422523572126121633218804931640625), 2618734769509820 candidates (MITM path)
  MITM b1=265: s=4 t=3 j=3 je=3 Q=18609625 table=59319000 yh=44146644
stage b2=391 vs b1={266}: values [4992267478221761010969967707552871, 8878567746085897335509947690663936), 2781628009157109 candidates (MITM path)
  MITM b1=266: s=4 t=3 j=3 je=3 Q=18821096 table=59776471 yh=46533828
stage b2=392 vs b1={267}: values [5160821893381138215757522311053312, 9357453100360645426341446339617929), 2950518463426247 candidates (MITM path)
  MITM b1=267: s=4 t=3 j=3 je=3 Q=19034163 table=60236288 yh=48982409
stage b2=393 vs b1={268}: values [5334615897792524227954149747794793, 9860231611496902484101890807169024), 3125574255387435 candidates (MITM path)
  MITM b1=268: s=4 t=3 j=3 je=3 Q=19248832 table=60698457 yh=51493472
stage b2=394 vs b1={269}: values [5513798408911862263322980452573184, 10387999499524225396026023192028121), 3306967217802332 candidates (MITM path)
  MITM b1=269: s=4 t=3 j=3 je=3 Q=19465109 table=61162984 yh=54068115
stage b2=395 vs b1={270}: values [5698522182009592428141893310546875, 10941898913151235920900000000000000), 3494872955656350 candidates (MITM path)
  MITM b1=270: s=4 t=3 j=3 je=3 Q=19683000 table=61629875 yh=56707449
stage b2=396 vs b1={271}: values [5888943898957861483712781364494336, 11523119672512394327137541804059681), 3689470909427923 candidates (MITM path)
  MITM b1=271: s=4 t=3 j=3 je=3 Q=19902511 table=62099136 yh=59412597
stage b2=397 vs b1={272}: values [6085224258838911919400672863338877, 12132901071205952454668884633452544), 3890944419099571 candidates (MITM path)
  MITM b1=272: s=4 t=3 j=3 je=3 Q=20123648 table=62570773 yh=62184695
stage b2=398 vs b1={273}: values [6287528070407253087832349758251008, 12772533739409419310834931469027809), 4099480788915585 candidates (MITM path)
  MITM b1=273: s=4 t=3 j=3 je=3 Q=20346417 table=63044792 yh=65024892
stage b2=399 vs b1={274}: values [6496024346438716158824594291525199, 13443361569905787990117147696971776), 4315271352891146 candidates (MITM path)
  MITM b1=274: s=4 t=3 j=3 je=3 Q=20570824 table=63521199 yh=67934350

*** MATCH: 9559673441018351101686537881695600 is an 14-digit palindrome in bases 274 and 399
stage b2=400 vs b1={275}: values [6710886400000000000000000000000000, 14146783708901740610599517822265625), 4538511541077723 candidates (MITM path)
  MITM b1=275: s=4 t=3 j=3 je=3 Q=20796875 table=64000000 yh=70914243
stage b2=401 vs b1={276}: values [6932291942672826856333202316485201, 14884256613568087679683209751166976), 4769400946589567 candidates (MITM path)
  MITM b1=276: s=4 t=3 j=3 je=3 Q=21024576 table=64481201 yh=73965759
stage b2=402 vs b1={277}: values [7160423184767344942991696876347392, 15657296178282829721680640148731209), 5008143393396141 candidates (MITM path)
  MITM b1=277: s=4 t=3 j=3 je=3 Q=21253933 table=64964808 yh=77090098
stage b2=403 vs b1={278}: values [7395466937559939851224358455647523, 16467479931608472298443740375302144), 5254947004885326 candidates (MITM path)
  MITM b1=278: s=4 t=3 j=3 je=3 Q=21484952 table=65450827 yh=80288474
stage b2=404 vs b1={279}: values [7637614717591148061633023326552064, 17316449306087601206337604921562481), 5510024273202240 candidates (MITM path)
  MITM b1=279: s=4 t=3 j=3 je=3 Q=21717639 table=65939264 yh=83562114
stage b2=405 vs b1={280}: values [7887062853059903929360645751953125, 18205911982994253414400000000000000), 5773592129368507 candidates (MITM path)
  MITM b1=280: s=4 t=3 j=3 je=3 Q=21952000 table=66430125 yh=86912258
stage b2=406 vs b1={281}: values [8144012592350896318465589091721216, 19137644314233322299008947929826321), 6045872014186841 candidates (MITM path)
  MITM b1=281: s=4 t=3 j=3 je=3 Q=22188041 table=66923416 yh=90340159
stage b2=407 vs b1={282}: values [8408670214732362685449475031095607, 20113493823636134316549694448615424), 6327089949935763 candidates (MITM path)
  MITM b1=282: s=4 t=3 j=3 je=3 Q=22425768 table=67419143 yh=93847084
stage b2=408 vs b1={283}: values [8681247143262206912494013239001088, 21135381789957450134663699873055529), 6617476612859341 candidates (MITM path)
  MITM b1=283: s=4 t=3 j=3 je=3 Q=22665187 table=67917312 yh=97434313
stage b2=409 vs b1={284}: values [8961960059940892637875611279849529, 22205305913937498425779524506484736), 6917267406456766 candidates (MITM path)
  MITM b1=284: s=4 t=3 j=3 je=3 Q=22906304 table=68417929 yh=101103140
stage b2=410 vs b1={285}: values [9251031023150136293210000000000000, 23325343071852267342134088134765625), 7226702535576656 candidates (MITM path)
  MITM b1=285: s=4 t=3 j=3 je=3 Q=23149125 table=68921000 yh=104854871
stage b2=411 vs b1={286}: values [9548687587417003604089240200373131, 24497652158036179788437520640393216), 7546027081320924 candidates (MITM path)
  MITM b1=286: s=4 t=3 j=3 je=3 Q=23393656 table=69426531 yh=108690828
done: 509.10s, 1163402891 candidates tested
