A171740 search: n=14, threads=1, limit=none
stage b2=255 vs b1={172}: values [19276240921822134027894287109375, 19833449590396768185436019359744), 7947610981001 candidates (MITM path)
  MITM b1=172: s=4 t=3 j=3 je=3 Q=5088448 table=16581375 yh=479310
stage b2=256 vs b1={173}: values [20282409603651670423947251286016, 21510249299503115502230603251609), 17039698761038 candidates (MITM path)
  MITM b1=173: s=4 t=3 j=3 je=3 Q=5177717 table=16777216 yh=1015646
stage b2=257 vs b1={174}: values [21336864700244711647204632038657, 23317902173522098324213843378176), 26752281609232 candidates (MITM path)
  MITM b1=174: s=4 t=3 j=3 je=3 Q=5268024 table=16974593 yh=1576020
stage b2=258 vs b1={175}: values [22441721965921195553595191205888, 25265778334774076938629150390625), 37113799681181 candidates (MITM path)
  MITM b1=175: s=4 t=3 j=3 je=3 Q=5359375 table=17173512 yh=2161108
stage b2=259 vs b1={176}: values [23599181099896818015368078266579, 27363859344311872566309815320576), 48153683697815 candidates (MITM path)
  MITM b1=176: s=4 t=3 j=3 je=3 Q=5451776 table=17373979 yh=2771598
stage b2=260 vs b1={177}: values [24811528732037365760000000000000, 29622774261288943786019374517409), 59902380955518 candidates (MITM path)
  MITM b1=177: s=4 t=3 j=3 je=3 Q=5545233 table=17576000 yh=3408192
stage b2=261 vs b1={178}: values [26081141502640838529428477612181, 32053837605116992116231206354944), 72391381811171 candidates (MITM path)
  MITM b1=178: s=4 t=3 j=3 je=3 Q=5639752 table=17779581 yh=4071603
stage b2=262 vs b1={179}: values [27410489238828241501502766211072, 34669089309147060571644408257881), 85653246646904 candidates (MITM path)
  MITM b1=179: s=4 t=3 j=3 je=3 Q=5735339 table=17984728 yh=4762555
stage b2=263 vs b1={180}: values [28802138230184412991542435030503, 37481336758208102400000000000000), 99721633319383 candidates (MITM path)
  MITM b1=180: s=4 t=3 j=3 je=3 Q=5832000 table=18191447 yh=5481787
stage b2=264 vs b1={181}: values [30258754606351913178556104966144, 40504199006061377874300161158921), 114631325098435 candidates (MITM path)
  MITM b1=181: s=4 t=3 j=3 je=3 Q=5929741 table=18399744 yh=6230050
stage b2=265 vs b1={182}: values [31783107819343855219693603515625, 43752153272681450786889799450624), 130418259099833 candidates (MITM path)
  MITM b1=182: s=4 t=3 j=3 je=3 Q=6028568 table=18609625 yh=7008108
stage b2=266 vs b1={183}: values [33378074233405629080864465002496, 47240583825258650248061856817329), 147119555217071 candidates (MITM path)
  MITM b1=183: s=4 t=3 j=3 je=3 Q=6128487 table=18821096 yh=7816737
stage b2=267 vs b1={184}: values [35046640825320769387046615504187, 50985833350937367259526396379136), 164773545556956 candidates (MITM path)
  MITM b1=184: s=4 t=3 j=3 je=3 Q=6229504 table=19034163 yh=8656727
stage b2=268 vs b1={185}: values [36791908998122770463066756743168, 55005256933563283079156494140625), 183419804383843 candidates (MITM path)
  MITM b1=185: s=4 t=3 j=3 je=3 Q=6331625 table=19248832 yh=9528880
stage b2=269 vs b1={186}: values [38617098511242473591174807405309, 59317278751114476837427823394816), 203099178577364 candidates (MITM path)
  MITM b1=186: s=4 t=3 j=3 je=3 Q=6434856 table=19465109 yh=10434012
stage b2=270 vs b1={187}: values [40525551530189762670000000000000, 63941451615040319308126414230889), 223853818608486 candidates (MITM path)
  MITM b1=187: s=4 t=3 j=3 je=3 Q=6539203 table=19683000 yh=11372953
stage b2=271 vs b1={188}: values [42520736798938724454382073077711, 68898519477432202601009998987264), 245727210038747 candidates (MITM path)
  MITM b1=188: s=4 t=3 j=3 je=3 Q=6644672 table=19902511 yh=12346544
stage b2=272 vs b1={189}: values [44606253938257178142165017034752, 74210483036805646041349463016441), 268764205547515 candidates (MITM path)
  MITM b1=189: s=4 t=3 j=3 je=3 Q=6751269 table=20123648 yh=13355641
stage b2=273 vs b1={190}: values [46785837873294576230164584135633, 79900668578288412100000000000000), 293011057492139 candidates (MITM path)
  MITM b1=190: s=4 t=3 j=3 je=3 Q=6859000 table=20346417 yh=14401114
stage b2=274 vs b1={191}: values [49063363393816744489478641229824, 85993800189188311159265455973761), 318515451005835 candidates (MITM path)
  MITM b1=191: s=4 t=3 j=3 je=3 Q=6967871 table=20570824 yh=15483846
stage b2=275 vs b1={192}: values [51442849850551784038543701171875, 92516075496261812625843582664704), 345326537638180 candidates (MITM path)
  MITM b1=192: s=4 t=3 j=3 je=3 Q=7077888 table=20796875 yh=16604733
stage b2=276 vs b1={193}: values [53928465991188723477113078808576, 99495245076524950698517189573249), 373494969543079 candidates (MITM path)
  MITM b1=193: s=4 t=3 j=3 je=3 Q=7189057 table=21024576 yh=17764685
stage b2=277 vs b1={194}: values [56524534939649204771410253244517, 106960695699145951556010651959296), 403072934219071 candidates (MITM path)
  MITM b1=194: s=4 t=3 j=3 je=3 Q=7301384 table=21253933 yh=18964629
stage b2=278 vs b1={195}: values [59235539322332634167063814299648, 114943537561839249322760009765625), 434114189806856 candidates (MITM path)
  MITM b1=195: s=4 t=3 j=3 je=3 Q=7414875 table=21484952 yh=20205500
stage b2=279 vs b1={196}: values [62066126545116850201926899360439, 123476695691247935826229781856256), 466674100948905 candidates (MITM path)
  MITM b1=196: s=4 t=3 j=3 je=3 Q=7529536 table=21717639 yh=21488253
stage b2=280 vs b1={197}: values [65021114224979476480000000000000, 132595005683061140853836321918569), 500809675216055 candidates (MITM path)
  MITM b1=197: s=4 t=3 j=3 je=3 Q=7645373 table=21952000 yh=22813852
stage b2=281 vs b1={198}: values [68105495780189759071206220390841, 142335313964069405978409510518784), 536579600105960 candidates (MITM path)
  MITM b1=198: s=4 t=3 j=3 je=3 Q=7762392 table=22188041 yh=24183280
stage b2=282 vs b1={199}: values [71324446183106859278545015775232, 152736582765019941952958691637201), 574044280618280 candidates (MITM path)
  MITM b1=199: s=4 t=3 j=3 je=3 Q=7880599 table=22425768 yh=25597531
stage b2=283 vs b1={200}: values [74683327879708304362769257501963, 163840000000000000000000000000000), 613265877411515 candidates (MITM path)
  MITM b1=200: s=4 t=3 j=3 je=3 Q=8000000 table=22665187 yh=27057614
stage b2=284 vs b1={201}: values [78187696880061614175280015867904, 175689094255155802434244515642801), 654308345546366 candidates (MITM path)
  MITM b1=201: s=4 t=3 j=3 je=3 Q=8120601 table=22906304 yh=28564554
stage b2=285 vs b1={202}: values [81843309024043043305733642578125, 188329855096852039605697108393984), 697237473820521 candidates (MITM path)
  MITM b1=202: s=4 t=3 j=3 je=3 Q=8242408 table=23149125 yh=30119388
stage b2=286 vs b1={203}: values [85656126426699929330201121120256, 201810858916898431719789378127369), 742120924699770 candidates (MITM path)
  MITM b1=203: s=4 t=3 j=3 je=3 Q=8365427 table=23393656 yh=31723170
stage b2=287 vs b1={204}: values [89632324107747341323629209343647, 216183400540220972918552087494656), 789028274850351 candidates (MITM path)
  MITM b1=204: s=4 t=3 j=3 je=3 Q=8489664 table=23639903 yh=33376968
stage b2=288 vs b1={205}: values [93778296809785602500326041059328, 231501630828342033704595947265625), 838031056277424 candidates (MITM path)
  MITM b1=205: s=4 t=3 j=3 je=3 Q=8615125 table=23887872 yh=35081864
stage b2=289 vs b1={206}: values [98100666009922840441972689847969, 247822700520261426090084682448896), 889202798074598 candidates (MITM path)
  MITM b1=206: s=4 t=3 j=3 je=3 Q=8741816 table=24137569 yh=36838955
stage b2=290 vs b1={207}: values [102606287129586021890000000000000, 265206910560805882369006879852449), 942619068789405 candidates (MITM path)
  MITM b1=207: s=4 t=3 j=3 je=3 Q=8869743 table=24389000 yh=38649353
stage b2=291 vs b1={208}: values [107302256947404980797605893267571, 283717869175243332415379948437504), 998357519409644 candidates (MITM path)
  MITM b1=208: s=4 t=3 j=3 je=3 Q=8998912 table=24642171 yh=40514187
stage b2=292 vs b1={209}: values [112195921220156772791328295616512, 303422655957947177630796910616161), 1056497926975514 candidates (MITM path)
  MITM b1=209: s=4 t=3 j=3 je=3 Q=9129329 table=24897088 yh=42434599
stage b2=293 vs b1={210}: values [117294882516862311175392673213493, 324391993252150868100000000000000), 1117122238822443 candidates (MITM path)
  MITM b1=210: s=4 t=3 j=3 je=3 Q=9261000 table=25153757 yh=44411745
stage b2=294 vs b1={211}: values [122607008271233684175628129296384, 346700425107361035262655933030041), 1180314617459546 candidates (MITM path)
  MITM b1=211: s=4 t=3 j=3 je=3 Q=9393931 table=25412184 yh=46446800
stage b2=295 vs b1={212}: values [128140439057778845576146240234375, 370426504110804885524407033790464), 1246161486088636 candidates (MITM path)
  MITM b1=212: s=4 t=3 j=3 je=3 Q=9528128 table=25672375 yh=48540951
stage b2=296 vs b1={213}: values [133903597096980536826509221953536, 395652986399381320581034818847689), 1314751574768698 candidates (MITM path)
  MITM b1=213: s=4 t=3 j=3 je=3 Q=9663597 table=25934336 yh=50695402
stage b2=297 vs b1={214}: values [139905194995078363929650377085577, 422467035168972249391801182601216), 1386175967230780 candidates (MITM path)
  MITM b1=214: s=4 t=3 j=3 je=3 Q=9800344 table=26198073 yh=52911372
stage b2=298 vs b1={215}: values [146154244724096943067604967006208, 450960433008657859896539306640625), 1460528148348210 candidates (MITM path)
  MITM b1=215: s=4 t=3 j=3 je=3 Q=9938375 table=26463592 yh=55190095
stage b2=299 vs b1={216}: values [152660066847878971357626214983899, 481229803398374426442198455156736), 1537904052267079 candidates (MITM path)
  MITM b1=216: s=4 t=3 j=3 je=3 Q=10077696 table=26730899 yh=57532822
stage b2=300 vs b1={217}: values [159432300000000000000000000000000, 513376841719862879656860722064529), 1618402111201934 candidates (MITM path)
  MITM b1=217: s=4 t=3 j=3 je=3 Q=10218313 table=27000000 yh=59940819
stage b2=301 vs b1={218}: values [166480910619561613297209229023901, 547508556142388336802624725991424), 1702123304901604 candidates (MITM path)
  MITM b1=218: s=4 t=3 j=3 je=3 Q=10360232 table=27270901 yh=62415368
stage b2=302 vs b1={219}: values [173816202950981675782129720942592, 583737518756672701482036256689321), 1789171210790106 candidates (MITM path)
  MITM b1=219: s=4 t=3 j=3 je=3 Q=10503459 table=27543608 yh=64957765
stage b2=303 vs b1={220}: values [181448829314024328456326524154223, 622182127342782054400000000000000), 1879652054787577 candidates (MITM path)
  MITM b1=220: s=4 t=3 j=3 je=3 Q=10648000 table=27818127 yh=67569325
stage b2=304 vs b1={221}: values [189389800650438521651349384331264, 662966878170355779548558581239481), 1973674762816161 candidates (MITM path)
  MITM b1=221: s=4 t=3 j=3 je=3 Q=10793861 table=28094464 yh=70251377
stage b2=305 vs b1={222}: values [197650497353702094308570556640625, 706222650242563257993710741766144), 2071351012995810 candidates (MITM path)
  MITM b1=222: s=4 t=3 j=3 je=3 Q=10941048 table=28372625 yh=73005266
stage b2=306 vs b1={223}: values [206242680388498775830092916924416, 752087001408534719216214439862209), 2172795288534948 candidates (MITM path)
  MITM b1=223: s=4 t=3 j=3 je=3 Q=11089567 table=28652616 yh=75832353

*** MATCH: 587156556667411341148366435740896 is an 14-digit palindrome in bases 223 and 306
stage b2=307 vs b1={224}: values [215178502706688025671134922954307, 800704476782743824084831595134976), 2278124931320924 candidates (MITM path)
  MITM b1=224: s=4 t=3 j=3 je=3 Q=11239424 table=28934443 yh=78734018
stage b2=308 vs b1={225}: values [224470520966662366394533478924288, 852226929923929274082183837890625), 2387460196215239 candidates (MITM path)
  MITM b1=225: s=4 t=3 j=3 je=3 Q=11390625 table=29218112 yh=81711652
stage b2=309 vs b1={226}: values [234131707563123837148853535284229, 906813857240639864200242192203776), 2500924306058471 candidates (MITM path)
  MITM b1=226: s=4 t=3 j=3 je=3 Q=11543176 table=29503629 yh=84766668
stage b2=310 vs b1={227}: values [244175462974450425910000000000000, 964632746105380745721862822346809), 2618643507389869 candidates (MITM path)
  MITM b1=227: s=4 t=3 j=3 je=3 Q=11697083 table=29791000 yh=87900491
stage b2=311 vs b1={228}: values [254615628434964860079726492575831, 1025859437174637223709847054188544), 2740747126886562 candidates (MITM path)
  MITM b1=228: s=4 t=3 j=3 je=3 Q=11852352 table=30080231 yh=91114564

*** MATCH: 272407580107490279178717365846328 is an 14-digit palindrome in bases 228 and 311
stage b2=312 vs b1={229}: values [265466498939561976193052911337472, 1090678501427765328462322842832681), 2867367628527349 candidates (MITM path)
  MITM b1=229: s=4 t=3 j=3 je=3 Q=12008989 table=30371328 yh=94410348
done: 542.59s, 1647589161 candidates tested
