A171740 search: n=14, threads=1, limit=none
stage b2=428 vs b1={278}: values [16172196037870190032792688261070848, 16467479931608472298443740375302144), 112236308964962 candidates (MITM path)
  MITM b1=278: s=4 t=3 j=3 je=3 Q=21484952 table=78402752 yh=1431536
stage b2=429 vs b1={279}: values [16670353082641053641298125247535389, 17316449306087601206337604921562481), 241599570128733 candidates (MITM path)
  MITM b1=279: s=4 t=3 j=3 je=3 Q=21717639 table=78953589 yh=3060021
stage b2=430 vs b1={280}: values [17182641242822907852430000000000000, 18205911982994253414400000000000000), 376453523915823 candidates (MITM path)
  MITM b1=280: s=4 t=3 j=3 je=3 Q=21952000 table=79507000 yh=4734848
stage b2=431 vs b1={281}: values [17709427104057277060049775698679791, 19137644314233322299008947929826321), 516955750807415 candidates (MITM path)
  MITM b1=281: s=4 t=3 j=3 je=3 Q=22188041 table=80062991 yh=6456863
stage b2=432 vs b1={282}: values [18251085877034644913955971040018432, 20113493823636134316549694448615424), 663267302796535 candidates (MITM path)
  MITM b1=282: s=4 t=3 j=3 je=3 Q=22425768 table=80621568 yh=8226922
stage b2=433 vs b1={283}: values [18808001579704525579373326142460913, 21135381789957450134663699873055529), 815552761710807 candidates (MITM path)
  MITM b1=283: s=4 t=3 j=3 je=3 Q=22665187 table=81182737 yh=10045889
stage b2=434 vs b1={284}: values [19380567222899155346308769747247104, 22205305913937498425779524506484736), 973980298226838 candidates (MITM path)
  MITM b1=284: s=4 t=3 j=3 je=3 Q=22906304 table=81746504 yh=11914642
stage b2=435 vs b1={285}: values [19969184999426632712125301513671875, 23325343071852267342134088134765625), 1138721731580904 candidates (MITM path)
  MITM b1=285: s=4 t=3 j=3 je=3 Q=23149125 table=82312875 yh=13834066
stage b2=436 vs b1={286}: values [20574266476690115849023402547347456, 24497652158036179788437520640393216), 1309952589980609 candidates (MITM path)
  MITM b1=286: s=4 t=3 j=3 je=3 Q=23393656 table=82881856 yh=15805059
stage b2=437 vs b1={287}: values [21196232792890476235164446315006597, 25724477018923486959881583081626689), 1487852171722205 candidates (MITM path)
  MITM b1=287: s=4 t=3 j=3 je=3 Q=23639903 table=83453453 yh=17828528
stage b2=438 vs b1={288}: values [21835514856870606258177356231958528, 27008149481218253520093899825086464), 1672603607018265 candidates (MITM path)
  MITM b1=288: s=4 t=3 j=3 je=3 Q=23887872 table=84027672 yh=19905391
stage b2=439 vs b1={289}: values [22492553551660386877599101633928919, 28351092476867700887730107366063041), 1864393920540387 candidates (MITM path)
  MITM b1=289: s=4 t=3 j=3 je=3 Q=24137569 table=84604519 yh=22036577
stage b2=440 vs b1={290}: values [23167799941782139043840000000000000, 29755823267579946348100000000000000), 2063414094681644 candidates (MITM path)
  MITM b1=290: s=4 t=3 j=3 je=3 Q=24389000 table=85184000 yh=24223025
stage b2=441 vs b1={291}: values [23861715484377209601555171628930521, 31224956771694849412103314940863161), 2269859133543463 candidates (MITM path)
  MITM b1=291: s=4 t=3 j=3 je=3 Q=24642171 table=85766121 yh=26465685
stage b2=442 vs b1={292}: values [24574772244215178941456071934451712, 32761208996285777655067862320021504), 2483928127651650 candidates (MITM path)
  MITM b1=292: s=4 t=3 j=3 je=3 Q=24897088 table=86350888 yh=28765520
stage b2=443 vs b1={293}: values [25307453112648023793818952767430443, 34367400577440657174390053251553449), 2705824319406265 candidates (MITM path)
  MITM b1=293: s=4 t=3 j=3 je=3 Q=25153757 table=86938307 yh=31123500
stage b2=444 vs b1={294}: values [26060252030572424367047199984451584, 36046460431742703147634670013136896), 2935755169270061 candidates (MITM path)
  MITM b1=294: s=4 t=3 j=3 je=3 Q=25412184 table=87528384 yh=33540608
stage b2=445 vs b1={295}: values [26833674215464270614029991455078125, 37801429522044759444963140869140625), 3173932422700201 candidates (MITM path)
  MITM b1=295: s=4 t=3 j=3 je=3 Q=25672375 table=88121125 yh=36017839
stage b2=446 vs b1={296}: values [27628236392550297846722998615924736, 39635464740706238900646729698246656), 3420572177827983 candidates (MITM path)
  MITM b1=296: s=4 t=3 j=3 je=3 Q=25934336 table=88716536 yh=38556197
stage b2=447 vs b1={297}: values [28444467030182667304977191627470527, 41551842913538274087106161994416369), 3675894953891289 candidates (MITM path)
  MITM b1=297: s=4 t=3 j=3 je=3 Q=26198073 table=89314623 yh=41156698
stage b2=448 vs b1={298}: values [29282906579483202709388126907793408, 43553964927780889034146280167849984), 3940125760424490 candidates (MITM path)
  MITM b1=298: s=4 t=3 j=3 je=3 Q=26463592 table=89915392 yh=43820371

*** MATCH: 33792917175053934718498888792237825 is an 14-digit palindrome in bases 298 and 448
stage b2=449 vs b1={299}: values [30144107718324899380671726264710849, 45645359987515812435930238280185801), 4213494167210540 candidates (MITM path)
  MITM b1=299: s=4 t=3 j=3 je=3 Q=26730899 table=90518849 yh=46548252
stage b2=450 vs b1={300}: values [31028635599719238281250000000000000, 47829690000000000000000000000000000), 4496234375000001 candidates (MITM path)
  MITM b1=300: s=4 t=3 j=3 je=3 Q=27000000 table=91125000 yh=49341393
stage b2=451 vs b1={301}: values [31937068104678763420425865233800851, 50110754096488045602459977936194201), 4788585287001724 candidates (MITM path)
  MITM b1=301: s=4 t=3 j=3 je=3 Q=27270901 table=91733851 yh=52200854
stage b2=452 vs b1={302}: values [32869996099625317555435327604129792, 52492493291196466086203175724662784), 5090790581149957 candidates (MITM path)
  MITM b1=302: s=4 t=3 j=3 je=3 Q=27543608 table=92345408 yh=55127707
done: 240.93s, 435976280 candidates tested
