A171740 search: n=14, threads=1, limit=none
stage b2=53 vs b1={40}: values [26036721925606486195973, 26843545600000000000000), 686827295 candidates (MITM path)
  MITM b1=40: s=4 t=3 j=3 je=3 Q=64000 table=148877 yh=4614
stage b2=54 vs b1={41}: values [33198531813531453579264, 37929227194915558802161), 3533203607 candidates (MITM path)
  MITM b1=41: s=4 t=3 j=3 je=3 Q=68921 table=157464 yh=22439
stage b2=55 vs b1={42}: values [42141982597572021484375, 53148384174432398229504), 7229471132 candidates (MITM path)
  MITM b1=42: s=4 t=3 j=3 je=3 Q=74088 table=166375 yh=43453
stage b2=56 vs b1={43}: values [53265296773103187132416, 73885357344138503765449), 11939159321 candidates (MITM path)
  MITM b1=43: s=4 t=3 j=3 je=3 Q=79507 table=175616 yh=67985
stage b2=57 vs b1={44}: values [67046038752496061076057, 101938319743841411792896), 17848649923 candidates (MITM path)
  MITM b1=44: s=4 t=3 j=3 je=3 Q=85184 table=185193 yh=96379
stage b2=58 vs b1={45}: values [84055070416556869132288, 139628860198736572265625), 25169469329 candidates (MITM path)
  MITM b1=45: s=4 t=3 j=3 je=3 Q=91125 table=195112 yh=129001
stage b2=59 vs b1={46}: values [104972647676132430295979, 189937030341242876870656), 34140731711 candidates (MITM path)
  MITM b1=46: s=4 t=3 j=3 je=3 Q=97336 table=205379 yh=166233
stage b2=60 vs b1={47}: values [130606940160000000000000, 256666986187667409334369), 45031737979 candidates (MITM path)
  MITM b1=47: s=4 t=3 j=3 je=3 Q=103823 table=216000 yh=208481
stage b2=61 vs b1={48}: values [161915287432152755657581, 344649238497994142121984), 58144735539 candidates (MITM path)
  MITM b1=48: s=4 t=3 j=3 je=3 Q=110592 table=226981 yh=256166

*** MATCH: 275409453041791364041046 is an 14-digit palindrome in bases 48 and 61
stage b2=62 vs b1={49}: values [200028539268669788905472, 459986536544739960976801), 73817843900 candidates (MITM path)
  MITM b1=49: s=4 t=3 j=3 je=3 Q=117649 table=238328 yh=309733
stage b2=63 vs b1={50}: values [246278864694166156419903, 610351562500000000000000), 92428151128 candidates (MITM path)
  MITM b1=50: s=4 t=3 j=3 je=3 Q=125000 table=250047 yh=369644
done: 0.18s, 1017079 candidates tested
