A171740 search: n=14, threads=1, limit=none
stage b2=331 vs b1={219}: values [572484745741528457369486524730491, 583737518756672701482036256689321), 25850181824646 candidates (MITM path)
  MITM b1=219: s=4 t=3 j=3 je=3 Q=10503459 table=36264691 yh=712820
stage b2=332 vs b1={220}: values [595381160360298826030671705669632, 622182127342782054400000000000000), 60281476035414 candidates (MITM path)
  MITM b1=220: s=4 t=3 j=3 je=3 Q=10648000 table=36594368 yh=1647289
stage b2=333 vs b1={221}: values [619120287867461433025357023191613, 662966878170355779548558581239481), 96566433508332 candidates (MITM path)
  MITM b1=221: s=4 t=3 j=3 je=3 Q=10793861 table=36926037 yh=2615132
stage b2=334 vs b1={222}: values [643730473361604921949842267234304, 706222650242563257993710741766144), 134772221065387 candidates (MITM path)
  MITM b1=222: s=4 t=3 j=3 je=3 Q=10941048 table=37259704 yh=3617104
stage b2=335 vs b1={223}: values [669240926038087681500960693359375, 752087001408534719216214439862209), 174967864138325 candidates (MITM path)
  MITM b1=223: s=4 t=3 j=3 je=3 Q=11089567 table=37595375 yh=4653974
stage b2=336 vs b1={224}: values [695681742824932905930873850822656, 800704476782743824084831595134976), 217224285772068 candidates (MITM path)
  MITM b1=224: s=4 t=3 j=3 je=3 Q=11239424 table=37933056 yh=5726517
stage b2=337 vs b1={225}: values [723083932591672600024489796161297, 852226929923929274082183837890625), 261614346201703 candidates (MITM path)
  MITM b1=225: s=4 t=3 j=3 je=3 Q=11390625 table=38272753 yh=6835525
stage b2=338 vs b1={226}: values [751479440943256507665609654345728, 906813857240639864200242192203776), 308212883007825 candidates (MITM path)
  MITM b1=226: s=4 t=3 j=3 je=3 Q=11543176 table=38614472 yh=7981798
stage b2=339 vs b1={227}: values [780901175611360895051573482331619, 964632746105380745721862822346809), 357096751854951 candidates (MITM path)
  MITM b1=227: s=4 t=3 j=3 je=3 Q=11697083 table=38958219 yh=9166147
stage b2=340 vs b1={228}: values [811383032455654359040000000000000, 1025859437174637223709847054188544), 408344867817773 candidates (MITM path)
  MITM b1=228: s=4 t=3 j=3 je=3 Q=11852352 table=39304000 yh=10389398
stage b2=341 vs b1={229}: values [842959922087803397334389217165221, 1090678501427765328462322842832681), 462038247300008 candidates (MITM path)
  MITM b1=229: s=4 t=3 j=3 je=3 Q=12008989 table=39651821 yh=11652385
stage b2=342 vs b1={230}: values [875667797131229409959628180774912, 1159283632453874980900000000000000), 518260050550590 candidates (MITM path)
  MITM b1=230: s=4 t=3 j=3 je=3 Q=12167000 table=40001688 yh=12955955
stage b2=343 vs b1={231}: values [909543680129861140820205019889143, 1231878054532401295881577517615121), 577095624781992 candidates (MITM path)
  MITM b1=231: s=4 t=3 j=3 je=3 Q=12326391 table=40353607 yh=14300968
stage b2=344 vs b1={232}: values [944625692119362354506348084854784, 1308674947070072080696567108993024), 638632547895434 candidates (MITM path)
  MITM b1=232: s=4 t=3 j=3 je=3 Q=12487168 table=40707584 yh=15688295
stage b2=345 vs b1={233}: values [980953081874553817708385009765625, 1389897885974444705448234373058929), 702960672817750 candidates (MITM path)
  MITM b1=233: s=4 t=3 j=3 je=3 Q=12649337 table=41063625 yh=17118817
stage b2=346 vs b1={234}: values [1018566255846991457770364750503936, 1475781302562113238057324097191936), 770172172454709 candidates (MITM path)
  MITM b1=234: s=4 t=3 j=3 je=3 Q=12812904 table=41421736 yh=18593431
stage b2=347 vs b1={235}: values [1057506808806908944576515283377227, 1566570960618087215175592041015625), 840361585265552 candidates (MITM path)
  MITM b1=235: s=4 t=3 j=3 je=3 Q=12977875 table=41781923 yh=20113043
stage b2=348 vs b1={236}: values [1097817555203982927999768993988608, 1662524452241727005330470932054016), 913625861463554 candidates (MITM path)
  MITM b1=236: s=4 t=3 j=3 je=3 Q=13144256 table=42144192 yh=21678572
stage b2=349 vs b1={237}: values [1139542561261632803799098096449549, 1763911713133997936335712142251289), 990064409847384 candidates (MITM path)
  MITM b1=237: s=4 t=3 j=3 je=3 Q=13312053 table=42508549 yh=23290949
stage b2=350 vs b1={238}: values [1182727177819824218750000000000000, 1871015558000686912224711093796864), 1069779145268073 candidates (MITM path)
  MITM b1=238: s=4 t=3 j=3 je=3 Q=13481272 table=42875000 yh=24951118
stage b2=351 vs b1={239}: values [1227418073941606603920057053059551, 1984132236766622027506928774262241), 1152874536736380 candidates (MITM path)
  MITM b1=239: s=4 t=3 j=3 je=3 Q=13651919 table=43243551 yh=26660034
stage b2=352 vs b1={240}: values [1273663271298879886722784131284992, 2103572012316858777600000000000000), 1239457656175367 candidates (MITM path)
  MITM b1=240: s=4 t=3 j=3 je=3 Q=13824000 table=43614208 yh=28418668
stage b2=353 vs b1={241}: values [1321512179353154221437667378235873, 2229659760502257132817812847740961), 1329638227822985 candidates (MITM path)
  MITM b1=241: s=4 t=3 j=3 je=3 Q=13997521 table=43986977 yh=30227998
stage b2=354 vs b1={242}: values [1371015631347339138390230034161664, 2362735593168883450473284633903104), 1423528678289484 candidates (MITM path)
  MITM b1=242: s=4 t=3 j=3 je=3 Q=14172488 table=44361864 yh=32089019
stage b2=355 vs b1={243}: values [1422225921124874988441297607421875, 2503155504993241601315571986085849), 1521244187274462 candidates (MITM path)
  MITM b1=243: s=4 t=3 j=3 je=3 Q=14348907 table=44738875 yh=34002737

*** MATCH: 1951419903588789496232707549687536 is an 14-digit palindrome in bases 243 and 355
stage b2=356 vs b1={244}: values [1475196840792799996720033946402816, 2651292044928480635622559471108096), 1622902738948377 candidates (MITM path)
  MITM b1=244: s=4 t=3 j=3 je=3 Q=14526784 table=45118016 yh=35970171
stage b2=357 vs b1={245}: values [1529983719245630682916125419139957, 2807535013090453863383795166015625), 1728625174003328 candidates (MITM path)
  MITM b1=245: s=4 t=3 j=3 je=3 Q=14706125 table=45499293 yh=37992353
stage b2=358 vs b1={246}: values [1586643461567221900574921745522688, 2972292183936828626836081803411456), 1838535242377952 candidates (MITM path)
  MITM b1=246: s=4 t=3 j=3 je=3 Q=14886936 table=45882712 yh=40070327
stage b2=359 vs b1={247}: values [1645234589328065340756692514311879, 3145990056617379761511309839089969), 1952759656661252 candidates (MITM path)
  MITM b1=247: s=4 t=3 j=3 je=3 Q=15069223 table=46268279 yh=42205151
stage b2=360 vs b1={248}: values [1705817281795782082560000000000000, 3329074633399155440492375267344384), 2071428146180189 candidates (MITM path)
  MITM b1=248: s=4 t=3 j=3 je=3 Q=15252992 table=46656000 yh=44397895
stage b2=361 vs b1={249}: values [1768453418076865701195582595329481, 3522012227096394652101560724434001), 2194673511775880 candidates (MITM path)
  MITM b1=249: s=4 t=3 j=3 je=3 Q=15438249 table=47045881 yh=46649643
stage b2=362 vs b1={250}: values [1833206620208037610752855912783872, 3725290298461914062500000000000000), 2322631681273239 candidates (MITM path)
  MITM b1=250: s=4 t=3 j=3 je=3 Q=15625000 table=47437928 yh=48961491
stage b2=363 vs b1={251}: values [1900142297215885771145866243915803, 3939418324524181765386728349441001), 2455441765648896 candidates (MITM path)
  MITM b1=251: s=4 t=3 j=3 je=3 Q=15813251 table=47832147 yh=51334551
done: 208.22s, 429923744 candidates tested
