A171740 search: n=14, threads=1, limit=none
stage b2=475 vs b1={306}: values [62663828525330214202404022216796875, 63110260198880625404008432578871296), 81827584655856 candidates (MITM path)
  MITM b1=306: s=4 t=3 j=3 je=3 Q=28652616 table=107171875 yh=763518
stage b2=476 vs b1={307}: values [64400669962779946155230391934386176, 66059800330953223881038421346972249), 299662117148477 candidates (MITM path)
  MITM b1=307: s=4 t=3 j=3 je=3 Q=28934443 table=107850176 yh=2778504
stage b2=477 vs b1={308}: values [66181853744403566950222013869119117, 69136920457732008849516311508680704), 525942948371065 candidates (MITM path)
  MITM b1=308: s=4 t=3 j=3 je=3 Q=29218112 table=108531333 yh=4846002
stage b2=478 vs b1={309}: values [68008415412519529913542931040821248, 72346697637005265678995742402826761), 760891136483548 candidates (MITM path)
  MITM b1=309: s=4 t=3 j=3 je=3 Q=29503629 table=109215352 yh=6966889
stage b2=479 vs b1={310}: values [69881412447879065273246871214547039, 75694393522079632032100000000000000), 1004732186555024 candidates (MITM path)
  MITM b1=310: s=4 t=3 j=3 je=3 Q=29791000 table=109902239 yh=9142054
stage b2=480 vs b1={311}: values [71801924687082112942080000000000000, 79185460443274071484794939191083441), 1257696118924946 candidates (MITM path)
  MITM b1=311: s=4 t=3 j=3 je=3 Q=30080231 table=110592000 yh=11372397
stage b2=481 vs b1={312}: values [73771054747037996026381548447289441, 82825547669143336572232508337291264), 1520017538308283 candidates (MITM path)
  MITM b1=312: s=4 t=3 j=3 je=3 Q=30371328 table=111284641 yh=13658826
stage b2=482 vs b1={313}: values [75789928456574649095616277380472832, 86620507852136986313803229728551889), 1791935703649293 candidates (MITM path)
  MITM b1=313: s=4 t=3 j=3 je=3 Q=30664297 table=111980168 yh=16002260
stage b2=483 vs b1={314}: values [77859695295301523793862079367040563, 90576403663507494251037011559202816), 2073694598728543 candidates (MITM path)
  MITM b1=314: s=4 t=3 j=3 je=3 Q=30959144 table=112678587 yh=18403627
stage b2=484 vs b1={315}: values [79981528839832616637508874879893504, 94699514622390550869469537353515625), 2365543003527853 candidates (MITM path)
  MITM b1=315: s=4 t=3 j=3 je=3 Q=31255875 table=113379904 yh=20863865
stage b2=485 vs b1={316}: values [82156627217477399937279024658203125, 98996344124092362953499355314651136), 2667734566357783 candidates (MITM path)
  MITM b1=316: s=4 t=3 j=3 je=3 Q=31554496 table=114084125 yh=23383925
stage b2=486 vs b1={317}: values [84386213567508786822951299218169856, 103473626672732616363732850530926329), 2980527876752353 candidates (MITM path)
  MITM b1=317: s=4 t=3 j=3 je=3 Q=31855013 table=114791256 yh=25964765
stage b2=487 vs b1={318}: values [86671536510118625452078408718034247, 108138335323507832794908910278426624), 3304186539135641 candidates (MITM path)
  MITM b1=318: s=4 t=3 j=3 je=3 Q=32157432 table=115501303 yh=28607353
stage b2=488 vs b1={319}: values [89013870623172595766475439292284928, 112997689339958150582465303553121921), 3638979247264929 candidates (MITM path)
  MITM b1=319: s=4 t=3 j=3 je=3 Q=32461759 table=116214272 yh=31312671
stage b2=489 vs b1={320}: values [91414516926877774739994358072042569, 118059162071741130342400000000000000), 3985179859455076 candidates (MITM path)
  MITM b1=320: s=4 t=3 j=3 je=3 Q=32768000 table=116930169 yh=34081708
stage b2=490 vs b1={321}: values [93874803376477543056490000000000000, 123330489058539064373855829501034881), 4343067474588786 candidates (MITM path)
  MITM b1=321: s=4 t=3 j=3 je=3 Q=33076161 table=117649000 yh=36915465
stage b2=491 vs b1={322}: values [96396085363089927687061485995798171, 128819676365851491009049261438418944), 4712926508917446 candidates (MITM path)
  MITM b1=322: s=4 t=3 j=3 je=3 Q=33386248 table=118370771 yh=39814952
stage b2=492 vs b1={323}: values [98979746222806911020492610298970112, 134535009158552218608057415586748409), 5095046773657235 candidates (MITM path)
  MITM b1=323: s=4 t=3 j=3 je=3 Q=33698267 table=119095488 yh=42781191
stage b2=493 vs b1={324}: values [101627197754173688160928089239296093, 140485060518220186283313934500888576), 5489723553385172 candidates (MITM path)
  MITM b1=324: s=4 t=3 j=3 je=3 Q=34012224 table=119823157 yh=45815214
stage b2=494 vs b1={325}: values [104339880744168319863565385432489984, 146678700510385967791080474853515625), 5897257685239806 candidates (MITM path)
  MITM b1=325: s=4 t=3 j=3 je=3 Q=34328125 table=120553784 yh=48918064
stage b2=495 vs b1={326}: values [107119265502803709454615843505859375, 153125105507970699913650504140210176), 6317955638931240 candidates (MITM path)
  MITM b1=326: s=4 t=3 j=3 je=3 Q=34645976 table=121287375 yh=52090794
stage b2=496 vs b1={327}: values [109966852406475328098844912056795136, 159833767777331726128449290957670609), 6752129597565185 candidates (MITM path)
  MITM b1=327: s=4 t=3 j=3 je=3 Q=34965783 table=122023936 yh=55334469
stage b2=497 vs b1={328}: values [112884172450179624060242238336272177, 166814505333469329957730743425695744), 7200097539285755 candidates (MITM path)
  MITM b1=328: s=4 t=3 j=3 je=3 Q=35287552 table=122763473 yh=58650162
stage b2=498 vs b1={329}: values [115872787808729578273156568090615808, 174077472071091630146366848886447281), 7662183319741699 candidates (MITM path)
  MITM b1=329: s=4 t=3 j=3 je=3 Q=35611289 table=123505992 yh=62038961
stage b2=499 vs b1={330}: values [118934292407095410727674098230506499, 181633168178380062252900000000000000), 8138716755380791 candidates (MITM path)
  MITM b1=330: s=4 t=3 j=3 je=3 Q=35937000 table=124251499 yh=65501961
stage b2=500 vs b1={331}: values [122070312500000000000000000000000000, 189492450840445919389300039685792521), 8630033707577078 candidates (MITM path)
  MITM b1=331: s=4 t=3 j=3 je=3 Q=36264691 table=125000000 yh=69040270
stage b2=501 vs b1={332}: values [125282507260900151852763473269506501, 197666545239619210242183006282317824), 9136476167595724 candidates (MITM path)
  MITM b1=332: s=4 t=3 j=3 je=3 Q=36594368 table=125751501 yh=72655007
stage b2=502 vs b1={333}: values [128572569380486442318916647962632192, 206167055859864657197443888722807129), 9658392342400148 candidates (MITM path)
  MITM b1=333: s=4 t=3 j=3 je=3 Q=36926037 table=126506008 yh=76347302
stage b2=503 vs b1={334}: values [131942225674835966194417272072460823, 215005978102776043931247317256257536), 10196136741306195 candidates (MITM path)
  MITM b1=334: s=4 t=3 j=3 je=3 Q=37259704 table=127263527 yh=80118295
stage b2=504 vs b1={335}: values [135393237703353943528128490047012864, 224195710222759373302821832275390625), 10750070263488068 candidates (MITM path)
  MITM b1=335: s=4 t=3 j=3 je=3 Q=37595375 table=128024064 yh=83969138
stage b2=505 vs b1={336}: values [138927402396641774642067017822265625, 233749065589177456392773613876412416), 11320560286340744 candidates (MITM path)
  MITM b1=336: s=4 t=3 j=3 je=3 Q=37933056 table=128787625 yh=87900995
stage b2=506 vs b1={337}: values [142546552694430788571794496737878016, 243679285283393666208253061306357089), 11907980754703618 candidates (MITM path)
  MITM b1=337: s=4 t=3 j=3 je=3 Q=38272753 table=129554216 yh=91915039
stage b2=507 vs b1={338}: values [146252558193722600716669650994316907, 254000051038820699590976063168856064), 12512712270950104 candidates (MITM path)
  MITM b1=338: s=4 t=3 j=3 je=3 Q=38614472 table=130323843 yh=96012457
stage b2=508 vs b1={339}: values [150047325807278683064941158898597888, 264725498532251343422483410510418841), 13135142185947942 candidates (MITM path)
  MITM b1=339: s=4 t=3 j=3 je=3 Q=38958219 table=131096512 yh=100194445
stage b2=509 vs b1={340}: values [153932800432603454742132269478454829, 275870231034922482073600000000000000), 13775664690894957 candidates (MITM path)
  MITM b1=340: s=4 t=3 j=3 je=3 Q=39304000 table=131872229 yh=104462212
stage b2=510 vs b1={341}: values [157910965631566921956510000000000000, 287449333431940958491026723053340361), 14434680910035006 candidates (MITM path)
  MITM b1=341: s=4 t=3 j=3 je=3 Q=39651821 table=132651000 yh=108816978
stage b2=511 vs b1={342}: values [161983844320814634817101682325330431, 299478386618880458206192837825019904), 15112598994258880 candidates (MITM path)
  MITM b1=342: s=4 t=3 j=3 je=3 Q=40001688 table=133432831 yh=113259975
stage b2=512 vs b1={343}: values [166153499473114484112975882535043072, 311973482284542371301330321821976049), 15809834215594903 candidates (MITM path)
  MITM b1=343: s=4 t=3 j=3 je=3 Q=40353607 table=134217728 yh=117792445
stage b2=513 vs b1={344}: values [170422034829791634103401401374218753, 324951238089060649950183741190045696), 16526809062593993 candidates (MITM path)
  MITM b1=344: s=4 t=3 j=3 je=3 Q=40707584 table=135005697 yh=122415642
stage b2=514 vs b1={345}: values [174791595624404677813900345660678144, 338428813246721067109392828369140625), 17263953336613940 candidates (MITM path)
  MITM b1=345: s=4 t=3 j=3 je=3 Q=41063625 table=135796744 yh=127130835
stage b2=515 vs b1={346}: values [179264369317817909400790555419921875, 352423924523059044388546203674361856), 18021704249007669 candidates (MITM path)
  MITM b1=346: s=4 t=3 j=3 je=3 Q=41421736 table=136590875 yh=131939299
stage b2=516 vs b1={347}: values [183842586344826433975051806358634496, 366954862655997403768050803331897769), 18800506519220255 candidates (MITM path)
  MITM b1=347: s=4 t=3 j=3 je=3 Q=41781923 table=137388096 yh=136842326
stage b2=517 vs b1={348}: values [188528520872492679004546608119852437, 382040509210986058943919609908035584), 19600812473799453 candidates (MITM path)
  MITM b1=348: s=4 t=3 j=3 je=3 Q=42144192 table=138188413 yh=141841216
stage b2=518 vs b1={349}: values [193324491570354733181895297159815168, 397700353880309848525885235660892601), 20423082146324526 candidates (MITM path)
  MITM b1=349: s=4 t=3 j=3 je=3 Q=42508549 table=138991832 yh=146937283
stage b2=519 vs b1={350}: values [198232862392668818594582670912803559, 413954512236938476562500000000000000), 21267783378258131 candidates (MITM path)
  MITM b1=350: s=4 t=3 j=3 je=3 Q=42875000 table=139798359 yh=152131853
stage b2=520 vs b1={351}: values [203256043372850100305920000000000000, 430823743953503917975940025623902401), 22135391920726066 candidates (MITM path)
  MITM b1=351: s=4 t=3 j=3 je=3 Q=43243551 table=140608000 yh=157426263
stage b2=521 vs b1={352}: values [208396491430277954192889648311785961, 448329471497205720126420014212317184), 23026391537229626 candidates (MITM path)
  MITM b1=352: s=4 t=3 j=3 je=3 Q=43614208 table=141420761 yh=162821862
stage b2=522 vs b1={353}: values [213656711189633749233078088598986752, 466493799311663440167496584517263169), 23941274107295386 candidates (MITM path)
  MITM b1=353: s=4 t=3 j=3 je=3 Q=43986977 table=142236648 yh=168320011
stage b2=523 vs b1={354}: values [219039255812941154532109005895053883, 485339533496958054990141432093229056), 24880539731067171 candidates (MITM path)
  MITM b1=354: s=4 t=3 j=3 je=3 Q=44361864 table=143055667 yh=173922084
stage b2=524 vs b1={355}: values [224546727844480954380310660801101824, 504890201999330620896660650634765625), 25844696834845022 candidates (MITM path)
  MITM b1=355: s=4 t=3 j=3 je=3 Q=44738875 table=143877824 yh=179629467
stage b2=525 vs b1={356}: values [230181780068754346668720245361328125, 525170075322236798832332084919402496), 26834262277575928 candidates (MITM path)
  MITM b1=356: s=4 t=3 j=3 je=3 Q=45118016 table=144703125 yh=185443558
stage b2=526 vs b1={357}: values [235947116381670711226715627769880576, 546204187770690153801056774632964649), 27849761458301152 candidates (MITM path)
  MITM b1=357: s=4 t=3 j=3 je=3 Q=45499293 table=145531576 yh=191365766
stage b2=527 vs b1={358}: values [241845492675137865214191430461762767, 568018359241065440405821984897122304), 28891728424564907 candidates (MITM path)
  MITM b1=358: s=4 t=3 j=3 je=3 Q=45882712 table=146363183 yh=197397514
stage b2=528 vs b1={359}: values [247879717735234872758731611882651648, 590639217568775457331652612637964561), 29960705981789223 candidates (MITM path)
  MITM b1=359: s=4 t=3 j=3 je=3 Q=46268279 table=147197952 yh=203540237
stage b2=529 vs b1={360}: values [254052654154149545721997685422868689, 614094221446481549721600000000000000), 31057245803619777 candidates (MITM path)
  MITM b1=360: s=4 t=3 j=3 je=3 Q=46656000 table=148035889 yh=209795382
stage b2=530 vs b1={361}: values [260367219256064861959730000000000000, 638411683925748518131605316913942641), 32181908543247506 candidates (MITM path)
  MITM b1=361: s=4 t=3 j=3 je=3 Q=47045881 table=148877000 yh=216164408
stage b2=531 vs b1={362}: values [266826386037180636857388515472989091, 663620796515309615092533840427761664), 33335263945710809 candidates (MITM path)
  MITM b1=362: s=4 t=3 j=3 je=3 Q=47437928 table=149721291 yh=222648788
stage b2=532 vs b1={363}: values [273433184120058913430441697300447232, 689751653889366534925949446541436489), 34517890961183145 candidates (MITM path)
  MITM b1=363: s=4 t=3 j=3 je=3 Q=47832147 table=150568768 yh=229250006
stage b2=533 vs b1={364}: values [280190700722483686027416350032250213, 716835279219612889692402474199023616), 35730377859250846 candidates (MITM path)
  MITM b1=364: s=4 t=3 j=3 je=3 Q=48228544 table=151419437 yh=235969560
stage b2=534 vs b1={365}: values [287102081641027742818685874210299904, 744903650144937675010347955322265625), 36973322344185948 candidates (MITM path)
  MITM b1=365: s=4 t=3 j=3 je=3 Q=48627125 table=152273304 yh=242808959
stage b2=535 vs b1={366}: values [294170532249521602949110970458984375, 773989725393037725664245462095118336), 38247331671218876 candidates (MITM path)
  MITM b1=366: s=4 t=3 j=3 je=3 Q=49027896 table=153130375 yh=249769726
stage b2=536 vs b1={367}: values [301399318512621735633442871240032256, 804127472068445204802288858779989729), 39553022763815783 candidates (MITM path)
  MITM b1=367: s=4 t=3 j=3 je=3 Q=49430863 table=153990656 yh=256853395
stage b2=537 vs b1={368}: values [308791768014677480736121943614131897, 835351893621757825180080478275764224), 40891022331965381 candidates (MITM path)
  MITM b1=368: s=4 t=3 j=3 je=3 Q=49836032 table=154854153 yh=264061516
stage b2=538 vs b1={369}: values [316351271004098343658904022264291328, 867699058515145830106783895701970721), 42261966991480080 candidates (MITM path)
  MITM b1=369: s=4 t=3 j=3 je=3 Q=50243409 table=155720872 yh=271395649
stage b2=539 vs b1={370}: values [324081281453425611818659325054366219, 901206129599500829968900000000000000), 43666503384316265 candidates (MITM path)
  MITM b1=370: s=4 t=3 j=3 je=3 Q=50653000 table=156590819 yh=278857367
stage b2=540 vs b1={371}: values [331985318135314535792640000000000000, 935911394218887462627310370080165081), 45105288299918543 candidates (MITM path)
  MITM b1=371: s=4 t=3 j=3 je=3 Q=51064811 table=157464000 yh=286448257
stage b2=541 vs b1={372}: values [340066965714635635499320813072655821, 971854295058259588504417458500665344), 46578988797592781 candidates (MITM path)
  MITM b1=372: s=4 t=3 j=3 je=3 Q=51478848 table=158340421 yh=294169919
stage b2=542 vs b1={373}: values [348329875856906030730297942652608512, 1009075461750708410420050723039024009), 48088282329912782 candidates (MITM path)
  MITM b1=373: s=4 t=3 j=3 je=3 Q=51895117 table=159220088 yh=302023966

*** MATCH: 914096789377951130768622411722253258 is an 14-digit palindrome in bases 373 and 542
stage b2=543 vs b1={374}: values [356777768353264056114297546073891743, 1047616743260820591544343170758885376), 49633856867165432 candidates (MITM path)
  MITM b1=374: s=4 t=3 j=3 je=3 Q=52313624 table=160103007 yh=310012022
stage b2=544 vs b1={375}: values [365414432262202803340615819548688384, 1087521241061040200293064117431640625), 51216411022839139 candidates (MITM path)
  MITM b1=375: s=4 t=3 j=3 je=3 Q=52734375 table=160989184 yh=318135727
stage b2=545 vs b1={376}: values [374243727068280638359709019775390625, 1128833343118249207414947823407333376), 52836654180160439 candidates (MITM path)
  MITM b1=376: s=4 t=3 j=3 je=3 Q=53157376 table=161878625 yh=326396732
stage b2=546 vs b1={377}: values [383269583858029168477508273239105536, 1171598758708107367475386427203165009), 54495306619683570 candidates (MITM path)
  MITM b1=377: s=4 t=3 j=3 je=3 Q=53582633 table=162771336 yh=334796703
stage b2=547 vs b1={378}: values [392496006513281583932595840500243827, 1215864554075023704741469602061369344), 56193099647937892 candidates (MITM path)
  MITM b1=378: s=4 t=3 j=3 je=3 Q=54010152 table=163667323 yh=343337318
stage b2=548 vs b1={379}: values [401927072922146770857809028954718208, 1261679188955968563191835468129487081), 57930775727137986 candidates (MITM path)
  MITM b1=379: s=4 t=3 j=3 je=3 Q=54439939 table=164566592 yh=352020268
stage b2=549 vs b1={380}: values [411566936207857087647217069653412149, 1309092553986677343846400000000000000), 59709088605961272 candidates (MITM path)
  MITM b1=380: s=4 t=3 j=3 je=3 Q=54872000 table=165469149 yh=360847258
stage b2=550 vs b1={381}: values [421419825975720214843750000000000000, 1358156009009144712440307376223513721), 61528803451398018 candidates (MITM path)
  MITM b1=381: s=4 t=3 j=3 je=3 Q=55306341 table=166375000 yh=369820006
stage b2=551 vs b1={382}: values [431490049578408029900978423638102151, 1408922422299661290033405230674100224), 63390696981678569 candidates (MITM path)
  MITM b1=382: s=4 t=3 j=3 je=3 Q=55742968 table=167284151 yh=378940244

*** MATCH: 554300906280707756391196460228888856 is an 14-digit palindrome in bases 382 and 551
stage b2=552 vs b1={383}: values [441781993399818022724510341599854592, 1461446210737003712612867623638313729), 65295557600282669 candidates (MITM path)
  MITM b1=383: s=4 t=3 j=3 je=3 Q=56181887 table=168196608 yh=388209718
stage b2=553 vs b1={384}: values [452300124157745355934980751882862473, 1515783380930753538061821258378510336), 67244185531035725 candidates (MITM path)
  MITM b1=384: s=4 t=3 j=3 je=3 Q=56623104 table=169112377 yh=397630184
stage b2=554 vs b1={385}: values [463048990225606285487392794579083264, 1571991571330090865774680230712890625), 69237392954296869 candidates (MITM path)
  MITM b1=385: s=4 t=3 j=3 je=3 Q=57066625 table=170031464 yh=407203416
stage b2=555 vs b1={386}: values [474033222973456292803297401123046875, 1630130095333784792244505633968111616), 71276004144243681 candidates (MITM path)
  MITM b1=386: s=4 t=3 j=3 je=3 Q=57512456 table=170953875 yh=416931200
stage b2=556 vs b1={387}: values [485257538128548939096586766742716416, 1690259985422485032479991371240442489), 73360855607258440 candidates (MITM path)
  MITM b1=387: s=4 t=3 j=3 je=3 Q=57960603 table=171879616 yh=426815334
stage b2=557 vs b1={388}: values [496726737155684136275087566416582557, 1752444038334807270293678521701105664), 75492796221420756 candidates (MITM path)
  MITM b1=388: s=4 t=3 j=3 je=3 Q=58411072 table=172808693 yh=436857631
stage b2=558 vs b1={389}: values [508445708657597236854185159560716288, 1816746861309099139322282878629329641), 77672687377111462 candidates (MITM path)
  MITM b1=389: s=4 t=3 j=3 je=3 Q=58863869 table=173741112 yh=447059919
stage b2=559 vs b1={390}: values [520419429795643077901856425190522479, 1883234919413174260904100000000000000), 79901403118732625 candidates (MITM path)
  MITM b1=390: s=4 t=3 j=3 je=3 Q=59319000 table=174676879 yh=457424037
stage b2=560 vs b1={391}: values [532652967731031871324160000000000000, 1951976583984708555289257373653172561), 82179830287548545 candidates (MITM path)
  MITM b1=391: s=4 t=3 j=3 je=3 Q=59776471 table=175616000 yh=467951840
stage b2=561 vs b1={392}: values [545151481086876614974812989924244081, 2023042182205406180576948745932898304), 84508868665652618 candidates (MITM path)
  MITM b1=392: s=4 t=3 j=3 je=3 Q=60236288 table=176558481 yh=478645196
done: 8893.30s, 10101604532 candidates tested
