A171740 search: n=14, threads=1, limit=none
stage b2=142 vs b1={100}: values [9544396591804396261630861312, 10000000000000000000000000000), 391352897438 candidates (MITM path)
  MITM b1=100: s=4 t=3 j=3 je=3 Q=1000000 table=2863288 yh=136680
stage b2=143 vs b1={101}: values [10456070120446768717065566543, 11494742132376223120464911401), 849427206544 candidates (MITM path)
  MITM b1=101: s=4 t=3 j=3 je=3 Q=1030301 table=2924207 yh=290482
stage b2=144 vs b1={102}: values [11447545997288281555215581184, 13194787630628721491610845184), 1360866504833 candidates (MITM path)
  MITM b1=102: s=4 t=3 j=3 je=3 Q=1061208 table=2985984 yh=455752
stage b2=145 vs b1={103}: values [12525181534373293687744140625, 15125897248551112432256145169), 1929820280747 candidates (MITM path)
  MITM b1=103: s=4 t=3 j=3 je=3 Q=1092727 table=3048625 yh=633014
stage b2=146 vs b1={104}: values [13695791164569918553628942336, 17316764476028035425743405056), 2560680140838 candidates (MITM path)
  MITM b1=104: s=4 t=3 j=3 je=3 Q=1124864 table=3112136 yh=822805
stage b2=147 vs b1={105}: values [14966675814359580587845230627, 19799315994393973883056640625), 3258090302347 candidates (MITM path)
  MITM b1=105: s=4 t=3 j=3 je=3 Q=1157625 table=3176523 yh=1025679
stage b2=148 vs b1={106}: values [16345653942502506936829739008, 22609039557544243501245546496), 4026958395993 candidates (MITM path)
  MITM b1=106: s=4 t=3 j=3 je=3 Q=1191016 table=3241792 yh=1242202
stage b2=149 vs b1={107}: values [17841094326671990120557246949, 25785341502012466393542552649), 4872466583888 candidates (MITM path)
  MITM b1=107: s=4 t=3 j=3 je=3 Q=1225043 table=3307949 yh=1472957
stage b2=150 vs b1={108}: values [19461950683593750000000000000, 29371936242576564113903714304), 5800082997485 candidates (MITM path)
  MITM b1=108: s=4 t=3 j=3 je=3 Q=1259712 table=3375000 yh=1718544
stage b2=151 vs b1={109}: values [21217798211789755344498256951, 33417270272362569384925825561), 6815573500499 candidates (MITM path)
  MITM b1=109: s=4 t=3 j=3 je=3 Q=1295029 table=3442951 yh=1979574

*** MATCH: 33309330768548506775904924640 is an 14-digit palindrome in bases 109 and 151
stage b2=152 vs b1={110}: values [23118872149711733600018235392, 37974983358324100000000000000), 7925013781720 candidates (MITM path)
  MITM b1=110: s=4 t=3 j=3 je=3 Q=1331000 table=3511808 yh=2256677
stage b2=153 vs b1={111}: values [25176108445861666971446889273, 43104409804843948852155196641), 9134801782648 candidates (MITM path)
  MITM b1=111: s=4 t=3 j=3 je=3 Q=1367631 table=3581577 yh=2550498

*** MATCH: 26246664621453925577812357936 is an 14-digit palindrome in bases 111 and 153
done: 3.58s, 11460427 candidates tested
