A171740 search: n=14, threads=1, limit=none
stage b2=465 vs b1={300}: values [47521308185524258592298453369140625, 47829690000000000000000000000000000), 65602152466619 candidates (MITM path)
  MITM b1=300: s=4 t=3 j=3 je=3 Q=27000000 table=100544625 yh=652469
stage b2=466 vs b1={301}: values [48867139407307515137476120103428096, 50110754096488045602459977936194201), 260606009572616 candidates (MITM path)
  MITM b1=301: s=4 t=3 j=3 je=3 Q=27270901 table=101194696 yh=2575294
stage b2=467 vs b1={302}: values [50248077167926686243123642272242787, 52492493291196466086203175724662784), 463324446862320 candidates (MITM path)
  MITM b1=302: s=4 t=3 j=3 je=3 Q=27543608 table=101847563 yh=4549196
stage b2=468 vs b1={303}: values [51664959105080477120365807710240768, 54978995282149371522266936818729569), 673963339387089 candidates (MITM path)
  MITM b1=303: s=4 t=3 j=3 je=3 Q=27818127 table=102503232 yh=6575045
stage b2=469 vs b1={304}: values [53118640986271411938365507173903909, 57574499397733310582010212836704256), 892732783116262 candidates (MITM path)
  MITM b1=304: s=4 t=3 j=3 je=3 Q=28094464 table=103161709 yh=8653723
stage b2=470 vs b1={305}: values [54609997061205831773270000000000000, 60283401692879138764114019775390625), 1119847161039239 candidates (MITM path)
  MITM b1=305: s=4 t=3 j=3 je=3 Q=28372625 table=103823000 yh=10786119
stage b2=471 vs b1={306}: values [56139920420269526101585857174664311, 63110260198880625404008432578871296), 1355525209999994 candidates (MITM path)
  MITM b1=306: s=4 t=3 j=3 je=3 Q=28652616 table=104487111 yh=12973134
stage b2=472 vs b1={307}: values [57709323359170456049437363878756352, 66059800330953223881038421346972249), 1599990088268680 candidates (MITM path)
  MITM b1=307: s=4 t=3 j=3 je=3 Q=28934443 table=105154048 yh=15215678
stage b2=473 vs b1={308}: values [59319137749841205151272334026810233, 69136920457732008849516311508680704), 1853469443854971 candidates (MITM path)
  MITM b1=308: s=4 t=3 j=3 je=3 Q=29218112 table=105823817 yh=17514672
stage b2=474 vs b1={309}: values [60970315417694983520937358098407424, 72346697637005265678995742402826761), 2116195483567808 candidates (MITM path)
  MITM b1=309: s=4 t=3 j=3 je=3 Q=29503629 table=106496424 yh=19871048
stage b2=475 vs b1={310}: values [62663828525330214202404022216796875, 75694393522079632032100000000000000), 2388405042826200 candidates (MITM path)
  MITM b1=310: s=4 t=3 j=3 je=3 Q=29791000 table=107171875 yh=22285745
stage b2=476 vs b1={311}: values [64400669962779946155230391934386176, 79185460443274071484794939191083441), 2670339656225742 candidates (MITM path)
  MITM b1=311: s=4 t=3 j=3 je=3 Q=30080231 table=107850176 yh=24759716
stage b2=477 vs b1={312}: values [66181853744403566950222013869119117, 82825547669143336572232508337291264), 2962245628865532 candidates (MITM path)
  MITM b1=312: s=4 t=3 j=3 je=3 Q=30371328 table=108531333 yh=27293921
stage b2=478 vs b1={313}: values [68008415412519529913542931040821248, 86620507852136986313803229728551889), 3264374108440150 candidates (MITM path)
  MITM b1=313: s=4 t=3 j=3 je=3 Q=30664297 table=109215352 yh=29889334
stage b2=479 vs b1={314}: values [69881412447879065273246871214547039, 90576403663507494251037011559202816), 3576981158101382 candidates (MITM path)
  MITM b1=314: s=4 t=3 j=3 je=3 Q=30959144 table=109902239 yh=32546937
stage b2=480 vs b1={315}: values [71801924687082112942080000000000000, 94699514622390550869469537353515625), 3900327830094362 candidates (MITM path)
  MITM b1=315: s=4 t=3 j=3 je=3 Q=31255875 table=110592000 yh=35267722
stage b2=481 vs b1={316}: values [73771054747037996026381548447289441, 98996344124092362953499355314651136), 4234680240172833 candidates (MITM path)
  MITM b1=316: s=4 t=3 j=3 je=3 Q=31554496 table=111284641 yh=38052693
stage b2=482 vs b1={317}: values [75789928456574649095616277380472832, 103473626672732616363732850530926329), 4580309642798201 candidates (MITM path)
  MITM b1=317: s=4 t=3 j=3 je=3 Q=31855013 table=111980168 yh=40902865
stage b2=483 vs b1={318}: values [77859695295301523793862079367040563, 108138335323507832794908910278426624), 4937492507127085 candidates (MITM path)
  MITM b1=318: s=4 t=3 j=3 je=3 Q=32157432 table=112678587 yh=43819262
stage b2=484 vs b1={319}: values [79981528839832616637508874879893504, 112997689339958150582465303553121921), 5306510593792060 candidates (MITM path)
  MITM b1=319: s=4 t=3 j=3 je=3 Q=32461759 table=113379904 yh=46802921
stage b2=485 vs b1={320}: values [82156627217477399937279024658203125, 118059162071741130342400000000000000), 5687651032480292 candidates (MITM path)
  MITM b1=320: s=4 t=3 j=3 je=3 Q=32768000 table=114084125 yh=49854886
stage b2=486 vs b1={321}: values [84386213567508786822951299218169856, 123330489058539064373855829501034881), 6081206400314770 candidates (MITM path)
  MITM b1=321: s=4 t=3 j=3 je=3 Q=33076161 table=114791256 yh=52976217
stage b2=487 vs b1={322}: values [86671536510118625452078408718034247, 128819676365851491009049261438418944), 6487474801042845 candidates (MITM path)
  MITM b1=322: s=4 t=3 j=3 je=3 Q=33386248 table=115501303 yh=56167980
stage b2=488 vs b1={323}: values [89013870623172595766475439292284928, 134535009158552218608057415586748409), 6906759945036795 candidates (MITM path)
  MITM b1=323: s=4 t=3 j=3 je=3 Q=33698267 table=116214272 yh=59431255
stage b2=489 vs b1={324}: values [91414516926877774739994358072042569, 140485060518220186283313934500888576), 7339371230111123 candidates (MITM path)
  MITM b1=324: s=4 t=3 j=3 je=3 Q=34012224 table=116930169 yh=62767131
stage b2=490 vs b1={325}: values [93874803376477543056490000000000000, 146678700510385967791080474853515625), 7785623823161310 candidates (MITM path)
  MITM b1=325: s=4 t=3 j=3 je=3 Q=34328125 table=117649000 yh=66176711
stage b2=491 vs b1={326}: values [96396085363089927687061485995798171, 153125105507970699913650504140210176), 8245838742628753 candidates (MITM path)
  MITM b1=326: s=4 t=3 j=3 je=3 Q=34645976 table=118370771 yh=69661106
stage b2=492 vs b1={327}: values [98979746222806911020492610298970112, 159833767777331726128449290957670609), 8720342941796617 candidates (MITM path)
  MITM b1=327: s=4 t=3 j=3 je=3 Q=34965783 table=119095488 yh=73221439
stage b2=493 vs b1={328}: values [101627197754173688160928089239296093, 166814505333469329957730743425695744), 9209469392921313 candidates (MITM path)
  MITM b1=328: s=4 t=3 j=3 je=3 Q=35287552 table=119823157 yh=76858845
stage b2=494 vs b1={329}: values [104339880744168319863565385432489984, 174077472071091630146366848886447281), 9713557172204364 candidates (MITM path)
  MITM b1=329: s=4 t=3 j=3 je=3 Q=35611289 table=120553784 yh=80574470
stage b2=495 vs b1={330}: values [107119265502803709454615843505859375, 181633168178380062252900000000000000), 10232951545609376 candidates (MITM path)
  MITM b1=330: s=4 t=3 j=3 je=3 Q=35937000 table=121287375 yh=84369470
stage b2=496 vs b1={331}: values [109966852406475328098844912056795136, 189492450840445919389300039685792521), 10768004055528864 candidates (MITM path)
  MITM b1=331: s=4 t=3 j=3 je=3 Q=36264691 table=122023936 yh=88245015
stage b2=497 vs b1={332}: values [112884172450179624060242238336272177, 197666545239619210242183006282317824), 11319072608305678 candidates (MITM path)
  MITM b1=332: s=4 t=3 j=3 je=3 Q=36594368 table=122763473 yh=92202285
stage b2=498 vs b1={333}: values [115872787808729578273156568090615808, 206167055859864657197443888722807129), 11886521562613772 candidates (MITM path)
  MITM b1=333: s=4 t=3 j=3 je=3 Q=36926037 table=123505992 yh=96242469
stage b2=499 vs b1={334}: values [118934292407095410727674098230506499, 215005978102776043931247317256257536), 12470721818703073 candidates (MITM path)
  MITM b1=334: s=4 t=3 j=3 je=3 Q=37259704 table=124251499 yh=100366772

*** MATCH: 145808813918399586825163969395826500 is an 14-digit palindrome in bases 334 and 499
stage b2=500 vs b1={335}: values [122070312500000000000000000000000000, 224195710222759373302821832275390625), 13072050908513200 candidates (MITM path)
  MITM b1=335: s=4 t=3 j=3 je=3 Q=37595375 table=125000000 yh=104576408
stage b2=501 vs b1={336}: values [125282507260900151852763473269506501, 233749065589177456392773613876412416), 13690893086660794 candidates (MITM path)
  MITM b1=336: s=4 t=3 j=3 je=3 Q=37933056 table=125751501 yh=108872602
stage b2=502 vs b1={337}: values [128572569380486442318916647962632192, 243679285283393666208253061306357089), 14327639422305217 candidates (MITM path)
  MITM b1=337: s=4 t=3 j=3 je=3 Q=38272753 table=126506008 yh=113256593
stage b2=503 vs b1={338}: values [131942225674835966194417272072460823, 254000051038820699590976063168856064), 14982687891897386 candidates (MITM path)
  MITM b1=338: s=4 t=3 j=3 je=3 Q=38614472 table=127263527 yh=117729630
stage b2=504 vs b1={339}: values [135393237703353943528128490047012864, 264725498532251343422483410510418841), 15656443472816509 candidates (MITM path)
  MITM b1=339: s=4 t=3 j=3 je=3 Q=38958219 table=128024064 yh=122292974
stage b2=505 vs b1={340}: values [138927402396641774642067017822265625, 275870231034922482073600000000000000), 16349318237899491 candidates (MITM path)
  MITM b1=340: s=4 t=3 j=3 je=3 Q=39304000 table=128787625 yh=126947898
stage b2=506 vs b1={341}: values [142546552694430788571794496737878016, 287449333431940958491026723053340361), 17061731450867784 candidates (MITM path)
  MITM b1=341: s=4 t=3 j=3 je=3 Q=39651821 table=129554216 yh=131695687
done: 755.18s, 1572250999 candidates tested
