A171740 search: n=14, threads=1, limit=none
stage b2=333 vs b1={220}: values [619120287867461433025357023191613, 622182127342782054400000000000000), 6743304691750 candidates (MITM path)
  MITM b1=220: s=4 t=3 j=3 je=3 Q=10648000 table=36926037 yh=182617
stage b2=334 vs b1={221}: values [643730473361604921949842267234304, 662966878170355779548558581239481), 41485720785928 candidates (MITM path)
  MITM b1=221: s=4 t=3 j=3 je=3 Q=10793861 table=37259704 yh=1113421
stage b2=335 vs b1={222}: values [669240926038087681500960693359375, 706222650242563257993710741766144), 78104041347479 candidates (MITM path)
  MITM b1=222: s=4 t=3 j=3 je=3 Q=10941048 table=37595375 yh=2077491
stage b2=336 vs b1={223}: values [695681742824932905930873850822656, 752087001408534719216214439862209), 116666092643653 candidates (MITM path)
  MITM b1=223: s=4 t=3 j=3 je=3 Q=11089567 table=37933056 yh=3075579
stage b2=337 vs b1={224}: values [723083932591672600024489796161297, 800704476782743824084831595134976), 157241572054604 candidates (MITM path)
  MITM b1=224: s=4 t=3 j=3 je=3 Q=11239424 table=38272753 yh=4108447
stage b2=338 vs b1={225}: values [751479440943256507665609654345728, 852226929923929274082183837890625), 199902087217328 candidates (MITM path)
  MITM b1=225: s=4 t=3 j=3 je=3 Q=11390625 table=38614472 yh=5176870
stage b2=339 vs b1={226}: values [780901175611360895051573482331619, 906813857240639864200242192203776), 244721195743687 candidates (MITM path)
  MITM b1=226: s=4 t=3 j=3 je=3 Q=11543176 table=38958219 yh=6281633
stage b2=340 vs b1={227}: values [811383032455654359040000000000000, 964632746105380745721862822346809), 291774445517225 candidates (MITM path)
  MITM b1=227: s=4 t=3 j=3 je=3 Q=11697083 table=39304000 yh=7423531
stage b2=341 vs b1={228}: values [842959922087803397334389217165221, 1025859437174637223709847054188544), 341139415573539 candidates (MITM path)
  MITM b1=228: s=4 t=3 j=3 je=3 Q=11852352 table=39651821 yh=8603374
stage b2=342 vs b1={229}: values [875667797131229409959628180774912, 1090678501427765328462322842832681), 392895757568947 candidates (MITM path)
  MITM b1=229: s=4 t=3 j=3 je=3 Q=12008989 table=40001688 yh=9821980
stage b2=343 vs b1={230}: values [909543680129861140820205019889143, 1159283632453874980900000000000000), 447125237842198 candidates (MITM path)
  MITM b1=230: s=4 t=3 j=3 je=3 Q=12167000 table=40353607 yh=11080181
stage b2=344 vs b1={231}: values [944625692119362354506348084854784, 1231878054532401295881577517615121), 503911780073989 candidates (MITM path)
  MITM b1=231: s=4 t=3 j=3 je=3 Q=12326391 table=40707584 yh=12378819
stage b2=345 vs b1={232}: values [980953081874553817708385009765625, 1308674947070072080696567108993024), 563341508549053 candidates (MITM path)
  MITM b1=232: s=4 t=3 j=3 je=3 Q=12487168 table=41063625 yh=13718748
stage b2=346 vs b1={233}: values [1018566255846991457770364750503936, 1389897885974444705448234373058929), 625502792025568 candidates (MITM path)
  MITM b1=233: s=4 t=3 j=3 je=3 Q=12649337 table=41421736 yh=15100835
stage b2=347 vs b1={234}: values [1057506808806908944576515283377227, 1475781302562113238057324097191936), 690486288216674 candidates (MITM path)
  MITM b1=234: s=4 t=3 j=3 je=3 Q=12812904 table=41781923 yh=16525958
stage b2=348 vs b1={235}: values [1097817555203982927999768993988608, 1566570960618087215175592041015625), 758384988888866 candidates (MITM path)
  MITM b1=235: s=4 t=3 j=3 je=3 Q=12977875 table=42144192 yh=17995007
stage b2=349 vs b1={236}: values [1139542561261632803799098096449549, 1662524452241727005330470932054016), 829294265582043 candidates (MITM path)
  MITM b1=236: s=4 t=3 j=3 je=3 Q=13144256 table=42508549 yh=19508882

*** MATCH: 1454747700762535456998826798279650 is an 14-digit palindrome in bases 236 and 349
stage b2=350 vs b1={237}: values [1182727177819824218750000000000000, 1763911713133997936335712142251289), 903311915955989 candidates (MITM path)
  MITM b1=237: s=4 t=3 j=3 je=3 Q=13312053 table=42875000 yh=21068500
stage b2=351 vs b1={238}: values [1227418073941606603920057053059551, 1871015558000686912224711093796864), 980538210768088 candidates (MITM path)
  MITM b1=238: s=4 t=3 j=3 je=3 Q=13481272 table=43243551 yh=22674785
stage b2=352 vs b1={239}: values [1273663271298879886722784131284992, 1984132236766622027506928774262241), 1061075941487052 candidates (MITM path)
  MITM b1=239: s=4 t=3 j=3 je=3 Q=13651919 table=43614208 yh=24328677
stage b2=353 vs b1={240}: values [1321512179353154221437667378235873, 2103572012316858777600000000000000), 1145030468547460 candidates (MITM path)
  MITM b1=240: s=4 t=3 j=3 je=3 Q=13824000 table=43986977 yh=26031125
stage b2=354 vs b1={241}: values [1371015631347339138390230034161664, 2229659760502257132817812847740961), 1232509770249914 candidates (MITM path)
  MITM b1=241: s=4 t=3 j=3 je=3 Q=13997521 table=44361864 yh=27783093
stage b2=355 vs b1={242}: values [1422225921124874988441297607421875, 2362735593168883450473284633903104), 1323624492311603 candidates (MITM path)
  MITM b1=242: s=4 t=3 j=3 je=3 Q=14172488 table=44738875 yh=29585557
done: 113.85s, 178660808 candidates tested
