A171740 search: n=14, threads=1, limit=none
stage b2=377 vs b1={247}: values [3107689015140868348741078056241817, 3145990056617379761511309839089969), 35385157415622 candidates (MITM path)
  MITM b1=247: s=4 t=3 j=3 je=3 Q=15069223 table=53582633 yh=660385
stage b2=378 vs b1={248}: values [3216572894378369589263147095400448, 3329074633399155440492375267344384), 102027357085438 candidates (MITM path)
  MITM b1=248: s=4 t=3 j=3 je=3 Q=15252992 table=54010152 yh=1889041
stage b2=379 vs b1={249}: values [3328968836295431565149961657333739, 3522012227096394652101560724434001), 171862239843584 candidates (MITM path)
  MITM b1=249: s=4 t=3 j=3 je=3 Q=15438249 table=54439939 yh=3156915
stage b2=380 vs b1={250}: values [3444980405228098273280000000000000, 3725290298461914062500000000000000), 244992759625572 candidates (MITM path)
  MITM b1=250: s=4 t=3 j=3 je=3 Q=15625000 table=54872000 yh=4464805
stage b2=381 vs b1={251}: values [3564713934407203969659599412660141, 3939418324524181765386728349441001), 321524411267835 candidates (MITM path)
  MITM b1=251: s=4 t=3 j=3 je=3 Q=15813251 table=55306341 yh=5813519
stage b2=382 vs b1={252}: values [3688278592407490288045563431084032, 4164928698882469942515671324688384), 401565278197526 candidates (MITM path)
  MITM b1=252: s=4 t=3 j=3 je=3 Q=16003008 table=55742968 yh=7203874
stage b2=383 vs b1={253}: values [3815786451010453557735946798011263, 4402377665001341492756836874350969), 485226080751953 candidates (MITM path)
  MITM b1=253: s=4 t=3 j=3 je=3 Q=16194277 table=56181887 yh=8636700
stage b2=384 vs b1={254}: values [3947352554507170672035992860360704, 4652346283575291198546759565459456), 572620225132348 candidates (MITM path)
  MITM b1=254: s=4 t=3 j=3 je=3 Q=16387064 table=56623104 yh=10112838
stage b2=385 vs b1={255}: values [4083094990467768482531636962890625, 4915441435064644177113043212890625), 663863852996687 candidates (MITM path)
  MITM b1=255: s=4 t=3 j=3 je=3 Q=16581375 table=57066625 yh=11633137
stage b2=386 vs b1={256}: values [4223134962004623814104936875565056, 5192296858534827628530496329220096), 759075891696281 candidates (MITM path)
  MITM b1=256: s=4 t=3 j=3 je=3 Q=16777216 table=57512456 yh=13198461
stage b2=387 vs b1={257}: values [4367596861556808869457342044548947, 5483574227962890893331590433934849), 858378105160844 candidates (MITM path)
  MITM b1=257: s=4 t=3 j=3 je=3 Q=16974593 table=57960603 yh=14809683
stage b2=388 vs b1={258}: values [4516608346223730078076491035312128, 5789964267207668452827559331119104), 961895145436787 candidates (MITM path)
  MITM b1=258: s=4 t=3 j=3 je=3 Q=17173512 table=58411072 yh=16467686
stage b2=389 vs b1={259}: values [4670300414676347401856768325525269, 6112187904873275865980332271043961), 1069754604883449 candidates (MITM path)
  MITM b1=259: s=4 t=3 j=3 je=3 Q=17373979 table=58863869 yh=18173366

*** MATCH: 4763687140484752045612052830363020 is an 14-digit palindrome in bases 259 and 389
done: 69.66s, 99224079 candidates tested
