A171740 search: n=14, threads=1, limit=none
stage b2=189 vs b1={130}: values [392648058395797069001849010669, 393737638569928900000000000000), 126481370580 candidates (MITM path)
  MITM b1=130: s=4 t=3 j=3 je=3 Q=2197000 table=6751269 yh=18735
stage b2=190 vs b1={131}: values [420529834622570590000000000000, 438326915318176225182722457721), 1991010557680 candidates (MITM path)
  MITM b1=131: s=4 t=3 j=3 je=3 Q=2248091 table=6859000 yh=290278
stage b2=191 vs b1={132}: values [450229320362242466802436942271, 487567823246881413521655988224), 4026459451320 candidates (MITM path)
  MITM b1=132: s=4 t=3 j=3 je=3 Q=2299968 table=6967871 yh=577861
stage b2=192 vs b1={133}: values [481854559876363607426268659712, 541904769658563069794308330729), 6243181028494 candidates (MITM path)
  MITM b1=133: s=4 t=3 j=3 je=3 Q=2352637 table=7077888 yh=882069
stage b2=193 vs b1={134}: values [515519404541580055432731552193, 601820777068902739508172046336), 8652000576129 candidates (MITM path)
  MITM b1=134: s=4 t=3 j=3 je=3 Q=2406104 table=7189057 yh=1203496
stage b2=194 vs b1={135}: values [551343792263638925546446659584, 667840509835890864312744140625), 11264231807790 candidates (MITM path)
  MITM b1=135: s=4 t=3 j=3 je=3 Q=2460375 table=7301384 yh=1542753
stage b2=195 vs b1={136}: values [589454038778662817039794921875, 740533512646847684000786415616), 14091693359331 candidates (MITM path)
  MITM b1=136: s=4 t=3 j=3 je=3 Q=2515456 table=7414875 yh=1900463
stage b2=196 vs b1={137}: values [629983141281877223603213172736, 820517673944445067756173565489), 17146725668341 candidates (MITM path)
  MITM b1=137: s=4 t=3 j=3 je=3 Q=2571353 table=7529536 yh=2277262
stage b2=197 vs b1={138}: values [673071094837873811440793512277, 908462928074224101543164657664), 20442208242256 candidates (MITM path)
  MITM b1=138: s=4 t=3 j=3 je=3 Q=2628072 table=7645373 yh=2673802
stage b2=198 vs b1={139}: values [718865222040754575648532881408, 1005095210669462420559310325641), 23991577320016 candidates (MITM path)
  MITM b1=139: s=4 t=3 j=3 je=3 Q=2685619 table=7762392 yh=3090746
stage b2=199 vs b1={140}: values [767520516407135386698284882599, 1111200682555801600000000000000), 27808843932121 candidates (MITM path)
  MITM b1=140: s=4 t=3 j=3 je=3 Q=2744000 table=7880599 yh=3528773
stage b2=200 vs b1={141}: values [819200000000000000000000000000, 1227630238259041401156597561561), 31908612363988 candidates (MITM path)
  MITM b1=141: s=4 t=3 j=3 je=3 Q=2803221 table=8000000 yh=3988577
stage b2=201 vs b1={142}: values [874075095796795036986291122601, 1355304316036224269151582306304), 36306099027489 candidates (MITM path)
  MITM b1=142: s=4 t=3 j=3 je=3 Q=2863288 table=8120601 yh=4470864
stage b2=202 vs b1={143}: values [932326015330950691117312417792, 1495218027223887926540376015649), 41017151745545 candidates (MITM path)
  MITM b1=143: s=4 t=3 j=3 je=3 Q=2924207 table=8242408 yh=4976356
stage b2=203 vs b1={144}: values [994142162152209023250193980923, 1648446623609512543951043690496), 46058269454695 candidates (MITM path)
  MITM b1=144: s=4 t=3 j=3 je=3 Q=2985984 table=8365427 yh=5505789
stage b2=204 vs b1={145}: values [1059722551667749867247804350464, 1816151322484127584722900390625), 51446622330517 candidates (MITM path)
  MITM b1=145: s=4 t=3 j=3 je=3 Q=3048625 table=8489664 yh=6059913
stage b2=205 vs b1={146}: values [1129276247943131871729736328125, 1999585510027208108829825581056), 57200072340816 candidates (MITM path)
  MITM b1=146: s=4 t=3 j=3 je=3 Q=3112136 table=8615125 yh=6639495
stage b2=206 vs b1={147}: values [1203022818059521485874197487616, 2200101344710858346413248902169), 63337194231480 candidates (MITM path)
  MITM b1=147: s=4 t=3 j=3 je=3 Q=3176523 table=8741816 yh=7245314
stage b2=207 vs b1={148}: values [1281192804641574310961385893007, 2419156783490371026650801373184), 69877296949918 candidates (MITM path)
  MITM b1=148: s=4 t=3 j=3 je=3 Q=3241792 table=8869743 yh=7878165
stage b2=208 vs b1={149}: values [1364028217188669867381634367488, 2658323054674126527963029795401), 76840445510990 candidates (MITM path)
  MITM b1=149: s=4 t=3 j=3 je=3 Q=3307949 table=8998912 yh=8538860
stage b2=209 vs b1={150}: values [1451783042860991280530128758929, 2919292602539062500000000000000), 84247483310352 candidates (MITM path)
  MITM b1=150: s=4 t=3 j=3 je=3 Q=3375000 table=9129329 yh=9228223
stage b2=210 vs b1={151}: values [1544723777391194610000000000000, 3203887529980253057019236799601), 92120054890131 candidates (MITM path)
  MITM b1=151: s=4 t=3 j=3 je=3 Q=3442951 table=9261000 yh=9947096
stage b2=211 vs b1={152}: values [1643129976812137607879885938531, 3514068566756183507202771779584), 100480629161866 candidates (MITM path)
  MITM b1=152: s=4 t=3 j=3 je=3 Q=3511808 table=9393931 yh=10696335
stage b2=212 vs b1={153}: values [1747294830711343799643429404672, 3851944592216835046631374058769), 109352523091624 candidates (MITM path)
  MITM b1=153: s=4 t=3 j=3 je=3 Q=3581577 table=9528128 yh=11476811
stage b2=213 vs b1={154}: values [1857525757743574275028332482853, 4219782742781494680756610809856), 118759925852244 candidates (MITM path)
  MITM b1=154: s=4 t=3 j=3 je=3 Q=3652264 table=9663597 yh=12289413
stage b2=214 vs b1={155}: values [1974145024154075931737388703744, 4620019135869118166021728515625), 128727923447631 candidates (MITM path)
  MITM b1=155: s=4 t=3 j=3 je=3 Q=3723875 table=9800344 yh=13135042
stage b2=215 vs b1={156}: values [2097490386086780743704833984375, 5055270243477986851332550557696), 139282523814031 candidates (MITM path)
  MITM b1=156: s=4 t=3 j=3 je=3 Q=3796416 table=9938375 yh=14014618
stage b2=216 vs b1={157}: values [2227915756473955677973140996096, 5528344950165252334658020725049), 150450682403252 candidates (MITM path)
  MITM b1=157: s=4 t=3 j=3 je=3 Q=3869893 table=10077696 yh=14929076
stage b2=217 vs b1={158}: values [2365791897326557049109957244537, 6042257331792746762298544635904), 162260328252742 candidates (MITM path)
  MITM b1=158: s=4 t=3 j=3 je=3 Q=3944312 table=10218313 yh=15879366
stage b2=218 vs b1={159}: values [2511507138267836407351489568768, 6600240193085194872736139543361), 174740390547495 candidates (MITM path)
  MITM b1=159: s=4 t=3 j=3 je=3 Q=4019679 table=10360232 yh=16866456
stage b2=219 vs b1={160}: values [2665468122176587678000165555659, 7205759403792793600000000000000), 187920825678719 candidates (MITM path)
  MITM b1=160: s=4 t=3 j=3 je=3 Q=4096000 table=10503459 yh=17891328
stage b2=220 vs b1={161}: values [2828100578830827520000000000000, 7862529075064177918032791835841), 201832644804231 candidates (MITM path)
  MITM b1=161: s=4 t=3 j=3 je=3 Q=4173281 table=10648000 yh=18954982
stage b2=221 vs b1={162}: values [2999850127467673210626961906061, 8574527619520275041706172760064), 216507941915510 candidates (MITM path)
  MITM b1=162: s=4 t=3 j=3 je=3 Q=4251528 table=10793861 yh=20058434
stage b2=222 vs b1={163}: values [3181183109200735396368066404352, 9346014740476727289651520028089), 231979922416387 candidates (MITM path)
  MITM b1=163: s=4 t=3 j=3 je=3 Q=4330747 table=10941048 yh=21202715
stage b2=223 vs b1={164}: values [3372587450262487530117553541983, 10181549397794758908552901820416), 248282932218325 candidates (MITM path)
  MITM b1=164: s=4 t=3 j=3 je=3 Q=4410944 table=11089567 yh=22388876
stage b2=224 vs b1={165}: values [3574573557065820643235855335424, 11086008799949954971490478515625), 265452487357229 candidates (MITM path)
  MITM b1=165: s=4 t=3 j=3 je=3 Q=4492125 table=11239424 yh=23617980
stage b2=225 vs b1={166}: values [3787675244106352329254150390625, 12064608474097852187633240129536), 283525304136784 candidates (MITM path)
  MITM b1=166: s=4 t=3 j=3 je=3 Q=4574296 table=11390625 yh=24891111
stage b2=226 vs b1={167}: values [4012450695755043646903726514176, 13122923468187014400100544266129), 302539329803253 candidates (MITM path)
  MITM b1=167: s=4 t=3 j=3 je=3 Q=4657463 table=11543176 yh=26209367
stage b2=227 vs b1={168}: values [4249483463019298439303360450867, 14266910741526944359910498893824), 322533773756722 candidates (MITM path)
  MITM b1=168: s=4 t=3 j=3 je=3 Q=4741632 table=11697083 yh=27573864
stage b2=228 vs b1={169}: values [4499383496379987823288802869248, 15502932802662396215269535105521), 343549139303757 candidates (MITM path)
  MITM b1=169: s=4 t=3 j=3 je=3 Q=4826809 table=11852352 yh=28985736
stage b2=229 vs b1={170}: values [4762788215841769993285252588789, 16837782655940092900000000000000), 365627255956431 candidates (MITM path)
  MITM b1=170: s=4 t=3 j=3 je=3 Q=4913000 table=12008989 yh=30446132
stage b2=230 vs b1={171}: values [5040363619364673830000000000000, 18278710120781277966686574574281), 388811312282718 candidates (MITM path)
  MITM b1=171: s=4 t=3 j=3 je=3 Q=5000211 table=12167000 yh=31956219
stage b2=231 vs b1={172}: values [5332805430876196086067435141191, 19833449590396768185436019359744), 413145889313205 candidates (MITM path)
  MITM b1=172: s=4 t=3 j=3 je=3 Q=5088448 table=12326391 yh=33517182
stage b2=232 vs b1={173}: values [5640840289095138278864513400832, 21510249299503115502230603251609), 438676994509110 candidates (MITM path)
  MITM b1=173: s=4 t=3 j=3 je=3 Q=5177717 table=12487168 yh=35130223
stage b2=233 vs b1={174}: values [5965226978431093156430190442313, 23317902173522098324213843378176), 465452096296585 candidates (MITM path)
  MITM b1=174: s=4 t=3 j=3 je=3 Q=5268024 table=12649337 yh=36796561
stage b2=234 vs b1={175}: values [6306757703256894179732154261504, 25265778334774076938629150390625), 493520159172279 candidates (MITM path)
  MITM b1=175: s=4 t=3 j=3 je=3 Q=5359375 table=12812904 yh=38517433
stage b2=235 vs b1={176}: values [6666259406885477511385498046875, 27363859344311872566309815320576), 522931679385143 candidates (MITM path)
  MITM b1=176: s=4 t=3 j=3 je=3 Q=5451776 table=12977875 yh=40294092

*** MATCH: 8738473479716012437748205821256 is an 14-digit palindrome in bases 176 and 235
stage b2=236 vs b1={177}: values [7044595136617487310722334457856, 29622774261288943786019374517409), 553738721199461 candidates (MITM path)
  MITM b1=177: s=4 t=3 j=3 je=3 Q=5545233 table=13144256 yh=42127811
stage b2=237 vs b1={178}: values [7442665456261594668083173595997, 32053837605116992116231206354944), 585994953744094 candidates (MITM path)
  MITM b1=178: s=4 t=3 j=3 je=3 Q=5639752 table=13312053 yh=44019879
stage b2=238 vs b1={179}: values [7861409907565911395902147452928, 34669089309147060571644408257881), 619755688452919 candidates (MITM path)
  MITM b1=179: s=4 t=3 j=3 je=3 Q=5735339 table=13481272 yh=45971604
stage b2=239 vs b1={180}: values [8301808522036075428899283574319, 37481336758208102400000000000000), 655077917101451 candidates (MITM path)
  MITM b1=180: s=4 t=3 j=3 je=3 Q=5832000 table=13651919 yh=47984311
done: 190.55s, 651624707 candidates tested
