A171740 search: n=14, threads=1, limit=none
stage b2=100 vs b1={72}: values [100000000000000000000000000, 100613197241791537106386944), 6131972418 candidates (MITM path)
  MITM b1=72: s=4 t=3 j=3 je=3 Q=373248 table=1000000 yh=6132
stage b2=101 vs b1={73}: values [113809328043328941786781301, 122045014039746588673695409), 76815730218 candidates (MITM path)
  MITM b1=73: s=4 t=3 j=3 je=3 Q=389017 table=1030301 yh=74557
stage b2=102 vs b1={74}: values [129360663045379622466772992, 147653612273582215982104576), 159251131475 candidates (MITM path)
  MITM b1=74: s=4 t=3 j=3 je=3 Q=405224 table=1061208 yh=150066
stage b2=103 vs b1={75}: values [146853371345156431381127623, 178179480135440826416015625), 254709931408 candidates (MITM path)
  MITM b1=75: s=4 t=3 j=3 je=3 Q=421875 table=1092727 yh=233096
stage b2=104 vs b1={76}: values [166507350731038802170609664, 214481724045177216015794176), 364565808587 candidates (MITM path)
  MITM b1=76: s=4 t=3 j=3 je=3 Q=438976 table=1124864 yh=324098
stage b2=105 vs b1={77}: values [188564914232323560791015625, 257555099046722087448523609), 490300363099 candidates (MITM path)
  MITM b1=77: s=4 t=3 j=3 je=3 Q=456533 table=1157625 yh=423540
stage b2=106 vs b1={78}: values [213292826014568334917410816, 308549209196654470906527744), 633509352532 candidates (MITM path)
  MITM b1=78: s=4 t=3 j=3 je=3 Q=474552 table=1191016 yh=531907
stage b2=107 vs b1={79}: values [240984500018808097135911707, 368790120348678391253573281), 795909170719 candidates (MITM path)
  MITM b1=79: s=4 t=3 j=3 je=3 Q=493039 table=1225043 yh=649699
stage b2=108 vs b1={80}: values [271962372616449667721330688, 439804651110400000000000000), 979343574202 candidates (MITM path)
  MITM b1=80: s=4 t=3 j=3 je=3 Q=512000 table=1259712 yh=777435
stage b2=109 vs b1={81}: values [306580461214335498944273629, 523347633027360537213511521), 1185790661396 candidates (MITM path)
  MITM b1=81: s=4 t=3 j=3 je=3 Q=531441 table=1295029 yh=915648

*** MATCH: 327330110604735893213041010 is an 14-digit palindrome in bases 81 and 109
done: 0.90s, 3258179 candidates tested
