A171740 search: n=14, threads=1, limit=none
stage b2=488 vs b1={314}: values [89013870623172595766475439292284928, 90576403663507494251037011559202816), 237077563589363 candidates (MITM path)
  MITM b1=314: s=4 t=3 j=3 je=3 Q=30959144 table=116214272 yh=2040004
stage b2=489 vs b1={315}: values [91414516926877774739994358072042569, 94699514622390550869469537353515625), 491329743118671 candidates (MITM path)
  MITM b1=315: s=4 t=3 j=3 je=3 Q=31255875 table=116930169 yh=4201908
stage b2=490 vs b1={316}: values [93874803376477543056490000000000000, 98996344124092362953499355314651136), 755141037314000 candidates (MITM path)
  MITM b1=316: s=4 t=3 j=3 je=3 Q=31554496 table=117649000 yh=6418593
stage b2=491 vs b1={317}: values [96396085363089927687061485995798171, 103473626672732616363732850530926329), 1028755021408096 candidates (MITM path)
  MITM b1=317: s=4 t=3 j=3 je=3 Q=31855013 table=118370771 yh=8690955
stage b2=492 vs b1={318}: values [98979746222806911020492610298970112, 108138335323507832794908910278426624), 1312420046874852 candidates (MITM path)
  MITM b1=318: s=4 t=3 j=3 je=3 Q=32157432 table=119095488 yh=11019898
stage b2=493 vs b1={319}: values [101627197754173688160928089239296093, 112997689339958150582465303553121921), 1606389313047969 candidates (MITM path)
  MITM b1=319: s=4 t=3 j=3 je=3 Q=32461759 table=119823157 yh=13406335
stage b2=494 vs b1={320}: values [104339880744168319863565385432489984, 118059162071741130342400000000000000), 1910920939500329 candidates (MITM path)
  MITM b1=320: s=4 t=3 j=3 je=3 Q=32768000 table=120553784 yh=15851191
stage b2=495 vs b1={321}: values [107119265502803709454615843505859375, 123330489058539064373855829501034881), 2226278039188720 candidates (MITM path)
  MITM b1=321: s=4 t=3 j=3 je=3 Q=33076161 table=121287375 yh=18355398
stage b2=496 vs b1={322}: values [109966852406475328098844912056795136, 128819676365851491009049261438418944), 2552728792368528 candidates (MITM path)
  MITM b1=322: s=4 t=3 j=3 je=3 Q=33386248 table=122023936 yh=20919903
stage b2=497 vs b1={323}: values [112884172450179624060242238336272177, 134535009158552218608057415586748409), 2890546521283074 candidates (MITM path)
  MITM b1=323: s=4 t=3 j=3 je=3 Q=33698267 table=122763473 yh=23545657
stage b2=498 vs b1={324}: values [115872787808729578273156568090615808, 140485060518220186283313934500888576), 3240009765632216 candidates (MITM path)
  MITM b1=324: s=4 t=3 j=3 je=3 Q=34012224 table=123505992 yh=26233625
stage b2=499 vs b1={325}: values [118934292407095410727674098230506499, 146678700510385967791080474853515625), 3601402358824893 candidates (MITM path)
  MITM b1=325: s=4 t=3 j=3 je=3 Q=34328125 table=124251499 yh=28984780
stage b2=500 vs b1={326}: values [122070312500000000000000000000000000, 153125105507970699913650504140210176), 3975013505020250 candidates (MITM path)
  MITM b1=326: s=4 t=3 j=3 je=3 Q=34645976 table=125000000 yh=31800109
stage b2=501 vs b1={327}: values [125282507260900151852763473269506501, 159833767777331726128449290957670609), 4361137856962019 candidates (MITM path)
  MITM b1=327: s=4 t=3 j=3 je=3 Q=34965783 table=125751501 yh=34680603
stage b2=502 vs b1={328}: values [128572569380486442318916647962632192, 166814505333469329957730743425695744), 4760075594610812 candidates (MITM path)
  MITM b1=328: s=4 t=3 j=3 je=3 Q=35287552 table=126506008 yh=37627270
stage b2=503 vs b1={329}: values [131942225674835966194417272072460823, 174077472071091630146366848886447281), 5172132504579002 candidates (MITM path)
  MITM b1=329: s=4 t=3 j=3 je=3 Q=35611289 table=127263527 yh=40641122
stage b2=504 vs b1={330}: values [135393237703353943528128490047012864, 181633168178380062252900000000000000), 5597620060372866 candidates (MITM path)
  MITM b1=330: s=4 t=3 j=3 je=3 Q=35937000 table=128024064 yh=43723187
stage b2=505 vs b1={331}: values [138927402396641774642067017822265625, 189492450840445919389300039685792521), 6036855503446665 candidates (MITM path)
  MITM b1=331: s=4 t=3 j=3 je=3 Q=36264691 table=128787625 yh=46874500
stage b2=506 vs b1={332}: values [142546552694430788571794496737878016, 197666545239619210242183006282317824), 6490161925073340 candidates (MITM path)
  MITM b1=332: s=4 t=3 j=3 je=3 Q=36594368 table=129554216 yh=50096108
stage b2=507 vs b1={333}: values [146252558193722600716669650994316907, 206167055859864657197443888722807129), 6957868349036521 candidates (MITM path)
  MITM b1=333: s=4 t=3 j=3 je=3 Q=36926037 table=130323843 yh=53389067
stage b2=508 vs b1={334}: values [150047325807278683064941158898597888, 215005978102776043931247317256257536), 7440309815148521 candidates (MITM path)
  MITM b1=334: s=4 t=3 j=3 je=3 Q=37259704 table=131096512 yh=56754446
stage b2=509 vs b1={335}: values [153932800432603454742132269478454829, 224195710222759373302821832275390625), 7937827463599027 candidates (MITM path)
  MITM b1=335: s=4 t=3 j=3 je=3 Q=37595375 table=131872229 yh=60193322
stage b2=510 vs b1={336}: values [157910965631566921956510000000000000, 233749065589177456392773613876412416), 8450768620139172 candidates (MITM path)
  MITM b1=336: s=4 t=3 j=3 je=3 Q=37933056 table=132651000 yh=63706785
stage b2=511 vs b1={337}: values [161983844320814634817101682325330431, 243679285283393666208253061306357089), 8979486882105687 candidates (MITM path)
  MITM b1=337: s=4 t=3 j=3 je=3 Q=38272753 table=133432831 yh=67295934
stage b2=512 vs b1={338}: values [166153499473114484112975882535043072, 254000051038820699590976063168856064), 9524342205289857 candidates (MITM path)
  MITM b1=338: s=4 t=3 j=3 je=3 Q=38614472 table=134217728 yh=70961880
stage b2=513 vs b1={339}: values [170422034829791634103401401374218753, 264725498532251343422483410510418841), 10085700991655960 candidates (MITM path)
  MITM b1=339: s=4 t=3 j=3 je=3 Q=38958219 table=135005697 yh=74705744
stage b2=514 vs b1={340}: values [174791595624404677813900345660678144, 275870231034922482073600000000000000), 10663936177913919 candidates (MITM path)
  MITM b1=340: s=4 t=3 j=3 je=3 Q=39304000 table=135796744 yh=78528659
stage b2=515 vs b1={341}: values [179264369317817909400790555419921875, 287449333431940958491026723053340361), 11259427324950887 candidates (MITM path)
  MITM b1=341: s=4 t=3 j=3 je=3 Q=39651821 table=136590875 yh=82431769
stage b2=516 vs b1={342}: values [183842586344826433975051806358634496, 299478386618880458206192837825019904), 11872560708126460 candidates (MITM path)
  MITM b1=342: s=4 t=3 j=3 je=3 Q=40001688 table=137388096 yh=86416226
stage b2=517 vs b1={343}: values [188528520872492679004546608119852437, 311973482284542371301330321821976049), 12503729408436268 candidates (MITM path)
  MITM b1=343: s=4 t=3 j=3 je=3 Q=40353607 table=138188413 yh=90483198
stage b2=518 vs b1={344}: values [193324491570354733181895297159815168, 324951238089060649950183741190045696), 13153333404548644 candidates (MITM path)
  MITM b1=344: s=4 t=3 j=3 je=3 Q=40707584 table=138991832 yh=94633859
stage b2=519 vs b1={345}: values [198232862392668818594582670912803559, 338428813246721067109392828369140625), 13821779665719119 candidates (MITM path)
  MITM b1=345: s=4 t=3 j=3 je=3 Q=41063625 table=139798359 yh=98869399
stage b2=520 vs b1={346}: values [203256043372850100305920000000000000, 352423924523059044388546203674361856), 14509482245587466 candidates (MITM path)
  MITM b1=346: s=4 t=3 j=3 je=3 Q=41421736 table=140608000 yh=103191016
stage b2=521 vs b1={347}: values [208396491430277954192889648311785961, 366954862655997403768050803331897769), 15216862376862027 candidates (MITM path)
  MITM b1=347: s=4 t=3 j=3 je=3 Q=41781923 table=141420761 yh=107599919

*** MATCH: 217790610652259321733525312100327104 is an 14-digit palindrome in bases 347 and 521
stage b2=522 vs b1={348}: values [213656711189633749233078088598986752, 382040509210986058943919609908035584), 15944348566896065 candidates (MITM path)
  MITM b1=348: s=4 t=3 j=3 je=3 Q=42144192 table=142236648 yh=112097331
done: 789.80s, 1555799472 candidates tested
