A171740 search: n=14, threads=1, limit=none
stage b2=450 vs b1={291}: values [31028635599719238281250000000000000, 31224956771694849412103314940863161), 52538726495778 candidates (MITM path)
  MITM b1=291: s=4 t=3 j=3 je=3 Q=24642171 table=91125000 yh=576557
stage b2=451 vs b1={292}: values [31937068104678763420425865233800851, 32761208996285777655067862320021504), 217152918221679 candidates (MITM path)
  MITM b1=292: s=4 t=3 j=3 je=3 Q=24897088 table=91733851 yh=2367206
stage b2=452 vs b1={293}: values [32869996099625317555435327604129792, 34367400577440657174390053251553449), 388481269097012 candidates (MITM path)
  MITM b1=293: s=4 t=3 j=3 je=3 Q=25153757 table=92345408 yh=4206829
stage b2=453 vs b1={294}: values [33828023698415278110106494516889173, 36046460431742703147634670013136896), 566708378709206 candidates (MITM path)
  MITM b1=294: s=4 t=3 j=3 je=3 Q=25412184 table=92959677 yh=6096282
stage b2=454 vs b1={295}: values [34811768529054092814773128813502464, 37801429522044759444963140869140625), 752022743335273 candidates (MITM path)
  MITM b1=295: s=4 t=3 j=3 je=3 Q=25672375 table=93576664 yh=8036435
stage b2=455 vs b1={296}: values [35821862005173382840059779052734375, 39635464740706238900646729698246656), 944616818728513 candidates (MITM path)
  MITM b1=296: s=4 t=3 j=3 je=3 Q=25934336 table=94196375 yh=10028166
stage b2=456 vs b1={297}: values [36858949602344860248381873104879616, 41551842913538274087106161994416369), 1144687083620398 candidates (MITM path)
  MITM b1=297: s=4 t=3 j=3 je=3 Q=26198073 table=94818816 yh=12072363
stage b2=457 vs b1={298}: values [37923691139306296516328170919321257, 43553964927780889034146280167849984), 1352434103942263 candidates (MITM path)
  MITM b1=298: s=4 t=3 j=3 je=3 Q=26463592 table=95443993 yh=14169924
stage b2=458 vs b1={299}: values [39016761064175779784992789207359488, 45645359987515812435930238280185801), 1568062597771494 candidates (MITM path)
  MITM b1=299: s=4 t=3 j=3 je=3 Q=26730899 table=96071912 yh=16321760
stage b2=459 vs b1={300}: values [40138848745731510470918118846397179, 47829690000000000000000000000000000), 1791781501006856 candidates (MITM path)
  MITM b1=300: s=4 t=3 j=3 je=3 Q=27000000 table=96702579 yh=18528788
stage b2=460 vs b1={301}: values [41290658769835408015360000000000000, 50110754096488045602459977936194201), 2023804033777645 candidates (MITM path)
  MITM b1=301: s=4 t=3 j=3 je=3 Q=27270901 table=97336000 yh=20791938
stage b2=461 vs b1={302}: values [42472911241079835962500139972206781, 52492493291196466086203175724662784), 2264347767591334 candidates (MITM path)
  MITM b1=302: s=4 t=3 j=3 je=3 Q=27543608 table=97972181 yh=23112151
stage b2=462 vs b1={303}: values [43686342089737798337064428676636672, 54978995282149371522266936818729569), 2513634693224385 candidates (MITM path)
  MITM b1=303: s=4 t=3 j=3 je=3 Q=27818127 table=98611128 yh=25490376
stage b2=463 vs b1={304}: values [44931703384098017538267680344521103, 57574499397733310582010212836704256), 2771891289360926 candidates (MITM path)
  MITM b1=304: s=4 t=3 j=3 je=3 Q=28094464 table=99252847 yh=27927575
stage b2=464 vs b1={305}: values [46209763648267372780458093779615744, 60283401692879138764114019775390625), 3039348591983966 candidates (MITM path)
  MITM b1=305: s=4 t=3 j=3 je=3 Q=28372625 table=99897344 yh=30424719
stage b2=465 vs b1={306}: values [47521308185524258592298453369140625, 63110260198880625404008432578871296), 3316242264523842 candidates (MITM path)
  MITM b1=306: s=4 t=3 j=3 je=3 Q=28652616 table=100544625 yh=32982791
stage b2=466 vs b1={307}: values [48867139407307515137476120103428096, 66059800330953223881038421346972249), 3602812668768602 candidates (MITM path)
  MITM b1=307: s=4 t=3 j=3 je=3 Q=28934443 table=101194696 yh=35602782
stage b2=467 vs b1={308}: values [50248077167926686243123642272242787, 69136920457732008849516311508680704), 3899304936541014 candidates (MITM path)
  MITM b1=308: s=4 t=3 j=3 je=3 Q=29218112 table=101847563 yh=38285697
stage b2=468 vs b1={309}: values [51664959105080477120365807710240768, 72346697637005265678995742402826761), 4205969042146905 candidates (MITM path)
  MITM b1=309: s=4 t=3 j=3 je=3 Q=29503629 table=102503232 yh=41032551
stage b2=469 vs b1={310}: values [53118640986271411938365507173903909, 75694393522079632032100000000000000), 4523059875599550 candidates (MITM path)
  MITM b1=310: s=4 t=3 j=3 je=3 Q=29791000 table=103161709 yh=43844368
stage b2=470 vs b1={311}: values [54609997061205831773270000000000000, 79185460443274071484794939191083441), 4850837316624805 candidates (MITM path)
  MITM b1=311: s=4 t=3 j=3 je=3 Q=30080231 table=103823000 yh=46722185
stage b2=471 vs b1={312}: values [56139920420269526101585857174664311, 82825547669143336572232508337291264), 5189566309451708 candidates (MITM path)
  MITM b1=312: s=4 t=3 j=3 je=3 Q=30371328 table=104487111 yh=49667048
stage b2=472 vs b1={313}: values [57709323359170456049437363878756352, 86620507852136986313803229728551889), 5539516938393272 candidates (MITM path)
  MITM b1=313: s=4 t=3 j=3 je=3 Q=30664297 table=105154048 yh=52680017
stage b2=473 vs b1={314}: values [59319137749841205151272334026810233, 90576403663507494251037011559202816), 5900964504222183 candidates (MITM path)
  MITM b1=314: s=4 t=3 j=3 je=3 Q=30959144 table=105823817 yh=55762159
stage b2=474 vs b1={315}: values [60970315417694983520937358098407424, 94699514622390550869469537353515625), 6274189601346137 candidates (MITM path)
  MITM b1=315: s=4 t=3 j=3 je=3 Q=31255875 table=106496424 yh=58914557
stage b2=475 vs b1={316}: values [62663828525330214202404022216796875, 98996344124092362953499355314651136), 6659478195787540 candidates (MITM path)
  MITM b1=316: s=4 t=3 j=3 je=3 Q=31554496 table=107171875 yh=62138301
stage b2=476 vs b1={317}: values [64400669962779946155230391934386176, 103473626672732616363732850530926329), 7057121703972310 candidates (MITM path)
  MITM b1=317: s=4 t=3 j=3 je=3 Q=31855013 table=107850176 yh=65434495
stage b2=477 vs b1={318}: values [66181853744403566950222013869119117, 108138335323507832794908910278426624), 7467417072332520 candidates (MITM path)
  MITM b1=318: s=4 t=3 j=3 je=3 Q=32157432 table=108531333 yh=68804251
stage b2=478 vs b1={319}: values [68008415412519529913542931040821248, 112997689339958150582465303553121921), 7890666857727612 candidates (MITM path)
  MITM b1=319: s=4 t=3 j=3 je=3 Q=32461759 table=109215352 yh=72248697
stage b2=479 vs b1={320}: values [69881412447879065273246871214547039, 118059162071741130342400000000000000), 8327179308688945 candidates (MITM path)
  MITM b1=320: s=4 t=3 j=3 je=3 Q=32768000 table=109902239 yh=75768969
stage b2=480 vs b1={321}: values [71801924687082112942080000000000000, 123330489058539064373855829501034881), 8777268447492402 candidates (MITM path)
  MITM b1=321: s=4 t=3 j=3 je=3 Q=33076161 table=110592000 yh=79366215
stage b2=481 vs b1={322}: values [73771054747037996026381548447289441, 128819676365851491009049261438418944), 9241254153063828 candidates (MITM path)
  MITM b1=322: s=4 t=3 j=3 je=3 Q=33386248 table=111284641 yh=83041596
stage b2=482 vs b1={323}: values [75789928456574649095616277380472832, 134535009158552218608057415586748409), 9719462244722044 candidates (MITM path)
  MITM b1=323: s=4 t=3 j=3 je=3 Q=33698267 table=111980168 yh=86796283
stage b2=483 vs b1={324}: values [77859695295301523793862079367040563, 140485060518220186283313934500888576), 10212224566764189 candidates (MITM path)
  MITM b1=324: s=4 t=3 j=3 je=3 Q=34012224 table=112678587 yh=90631458
stage b2=484 vs b1={325}: values [79981528839832616637508874879893504, 146678700510385967791080474853515625), 10719879073898169 candidates (MITM path)
  MITM b1=325: s=4 t=3 j=3 je=3 Q=34328125 table=113379904 yh=94548317
stage b2=485 vs b1={326}: values [82156627217477399937279024658203125, 153125105507970699913650504140210176), 11242769917526959 candidates (MITM path)
  MITM b1=326: s=4 t=3 j=3 je=3 Q=34645976 table=114084125 yh=98548067
stage b2=486 vs b1={327}: values [84386213567508786822951299218169856, 159833767777331726128449290957670609), 11781247532889534 candidates (MITM path)
  MITM b1=327: s=4 t=3 j=3 je=3 Q=34965783 table=114791256 yh=102631925
stage b2=487 vs b1={328}: values [86671536510118625452078408718034247, 166814505333469329957730743425695744), 12335668727063201 candidates (MITM path)
  MITM b1=328: s=4 t=3 j=3 je=3 Q=35287552 table=115501303 yh=106801122
stage b2=488 vs b1={329}: values [89013870623172595766475439292284928, 174077472071091630146366848886447281), 12906396767832107 candidates (MITM path)
  MITM b1=329: s=4 t=3 j=3 je=3 Q=35611289 table=116214272 yh=111056900
stage b2=489 vs b1={330}: values [91414516926877774739994358072042569, 181633168178380062252900000000000000), 13493801473426688 candidates (MITM path)
  MITM b1=330: s=4 t=3 j=3 je=3 Q=35937000 table=116930169 yh=115400513
stage b2=490 vs b1={331}: values [93874803376477543056490000000000000, 189492450840445919389300039685792521), 14098259303138858 candidates (MITM path)
  MITM b1=331: s=4 t=3 j=3 je=3 Q=36264691 table=117649000 yh=119833227
stage b2=491 vs b1={332}: values [96396085363089927687061485995798171, 197666545239619210242183006282317824), 14720153448817706 candidates (MITM path)
  MITM b1=332: s=4 t=3 j=3 je=3 Q=36594368 table=118370771 yh=124356320
stage b2=492 vs b1={333}: values [98979746222806911020492610298970112, 206167055859864657197443888722807129), 15359873927250490 candidates (MITM path)
  MITM b1=333: s=4 t=3 j=3 je=3 Q=36926037 table=119095488 yh=128971082
stage b2=493 vs b1={334}: values [101627197754173688160928089239296093, 215005978102776043931247317256257536), 16017817673433723 candidates (MITM path)
  MITM b1=334: s=4 t=3 j=3 je=3 Q=37259704 table=119823157 yh=133678816
stage b2=494 vs b1={335}: values [104339880744168319863565385432489984, 224195710222759373302821832275390625), 16694388634739140 candidates (MITM path)
  MITM b1=335: s=4 t=3 j=3 je=3 Q=37595375 table=120553784 yh=138480835
stage b2=495 vs b1={336}: values [107119265502803709454615843505859375, 233749065589177456392773613876412416), 17389997865979332 candidates (MITM path)
  MITM b1=336: s=4 t=3 j=3 je=3 Q=37933056 table=121287375 yh=143378467
stage b2=496 vs b1={337}: values [109966852406475328098844912056795136, 243679285283393666208253061306357089), 18105063625377862 candidates (MITM path)
  MITM b1=337: s=4 t=3 j=3 je=3 Q=38272753 table=122023936 yh=148373051
stage b2=497 vs b1={338}: values [112884172450179624060242238336272177, 254000051038820699590976063168856064), 18840011471448640 candidates (MITM path)
  MITM b1=338: s=4 t=3 j=3 je=3 Q=38614472 table=122763473 yh=153465938
stage b2=498 vs b1={339}: values [115872787808729578273156568090615808, 264725498532251343422483410510418841), 19595274360789389 candidates (MITM path)
  MITM b1=339: s=4 t=3 j=3 je=3 Q=38958219 table=123505992 yh=158658492
stage b2=499 vs b1={340}: values [118934292407095410727674098230506499, 275870231034922482073600000000000000), 20371292746793976 candidates (MITM path)
  MITM b1=340: s=4 t=3 j=3 je=3 Q=39304000 table=124251499 yh=163952089
stage b2=500 vs b1={341}: values [122070312500000000000000000000000000, 287449333431940958491026723053340361), 21168514679288443 candidates (MITM path)
  MITM b1=341: s=4 t=3 j=3 je=3 Q=39651821 table=125000000 yh=169348118
stage b2=501 vs b1={342}: values [125282507260900151852763473269506501, 299478386618880458206192837825019904), 21987395905095534 candidates (MITM path)
  MITM b1=342: s=4 t=3 j=3 je=3 Q=40001688 table=125751501 yh=174847980
stage b2=502 vs b1={343}: values [128572569380486442318916647962632192, 311973482284542371301330321821976049), 22828399969532533 candidates (MITM path)
  MITM b1=343: s=4 t=3 j=3 je=3 Q=40353607 table=126506008 yh=180453090
stage b2=503 vs b1={344}: values [131942225674835966194417272072460823, 324951238089060649950183741190045696), 23691998318847240 candidates (MITM path)
  MITM b1=344: s=4 t=3 j=3 je=3 Q=40707584 table=127263527 yh=186164873
stage b2=504 vs b1={345}: values [135393237703353943528128490047012864, 338428813246721067109392828369140625), 24578670403596886 candidates (MITM path)
  MITM b1=345: s=4 t=3 j=3 je=3 Q=41063625 table=128024064 yh=191984770
stage b2=505 vs b1={346}: values [138927402396641774642067017822265625, 352423924523059044388546203674361856), 25488903782974823 candidates (MITM path)
  MITM b1=346: s=4 t=3 j=3 je=3 Q=41421736 table=128787625 yh=197914232
stage b2=506 vs b1={347}: values [142546552694430788571794496737878016, 366954862655997403768050803331897769), 26423194230089808 candidates (MITM path)
  MITM b1=347: s=4 t=3 j=3 je=3 Q=41781923 table=129554216 yh=203954723
stage b2=507 vs b1={348}: values [146252558193722600716669650994316907, 382040509210986058943919609908035584), 27382045838202707 candidates (MITM path)
  MITM b1=348: s=4 t=3 j=3 je=3 Q=42144192 table=130323843 yh=210107723
stage b2=508 vs b1={349}: values [150047325807278683064941158898597888, 397700353880309848525885235660892601), 28365971127925443 candidates (MITM path)
  MITM b1=349: s=4 t=3 j=3 je=3 Q=42508549 table=131096512 yh=216374721
stage b2=509 vs b1={350}: values [153932800432603454742132269478454829, 413954512236938476562500000000000000), 29375491155387029 candidates (MITM path)
  MITM b1=350: s=4 t=3 j=3 je=3 Q=42875000 table=131872229 yh=222757221
stage b2=510 vs b1={351}: values [157910965631566921956510000000000000, 430823743953503917975940025623902401), 30411135621371511 candidates (MITM path)
  MITM b1=351: s=4 t=3 j=3 je=3 Q=43243551 table=132651000 yh=229256739
stage b2=511 vs b1={352}: values [161983844320814634817101682325330431, 448329471497205720126420014212317184), 31473442981432662 candidates (MITM path)
  MITM b1=352: s=4 t=3 j=3 je=3 Q=43614208 table=133432831 yh=235874805
stage b2=512 vs b1={353}: values [166153499473114484112975882535043072, 466493799311663440167496584517263169), 32562960556990258 candidates (MITM path)
  MITM b1=353: s=4 t=3 j=3 je=3 Q=43986977 table=134217728 yh=242612963
stage b2=513 vs b1={354}: values [170422034829791634103401401374218753, 485339533496958054990141432093229056), 33680244647412786 candidates (MITM path)
  MITM b1=354: s=4 t=3 j=3 je=3 Q=44361864 table=135005697 yh=249472766
stage b2=514 vs b1={355}: values [174791595624404677813900345660678144, 504890201999330620896660650634765625), 34825860643091421 candidates (MITM path)
  MITM b1=355: s=4 t=3 j=3 je=3 Q=44738875 table=135796744 yh=256455786
stage b2=515 vs b1={356}: values [179264369317817909400790555419921875, 525170075322236798832332084919402496), 36000383139510112 candidates (MITM path)
  MITM b1=356: s=4 t=3 j=3 je=3 Q=45118016 table=136590875 yh=263563603
stage b2=516 vs b1={357}: values [183842586344826433975051806358634496, 546204187770690153801056774632964649), 37204396052316637 candidates (MITM path)
  MITM b1=357: s=4 t=3 j=3 je=3 Q=45499293 table=137388096 yh=270797814
stage b2=517 vs b1={358}: values [188528520872492679004546608119852437, 568018359241065440405821984897122304), 38438492733399463 candidates (MITM path)
  MITM b1=358: s=4 t=3 j=3 je=3 Q=45882712 table=138188413 yh=278160028
stage b2=518 vs b1={359}: values [193324491570354733181895297159815168, 590639217568775457331652612637964561), 39703276087975270 candidates (MITM path)
  MITM b1=359: s=4 t=3 j=3 je=3 Q=46268279 table=138991832 yh=285651866

*** MATCH: 473669869454314906510074538981493640 is an 14-digit palindrome in bases 359 and 518
stage b2=519 vs b1={360}: values [198232862392668818594582670912803559, 614094221446481549721600000000000000), 40999358692691990 candidates (MITM path)
  MITM b1=360: s=4 t=3 j=3 je=3 Q=46656000 table=139798359 yh=293274964
stage b2=520 vs b1={361}: values [203256043372850100305920000000000000, 638411683925748518131605316913942641), 42327362914752219 candidates (MITM path)
  MITM b1=361: s=4 t=3 j=3 je=3 Q=47045881 table=140608000 yh=301030973
stage b2=521 vs b1={362}: values [208396491430277954192889648311785961, 663620796515309615092533840427761664), 43687921032061850 candidates (MITM path)
  MITM b1=362: s=4 t=3 j=3 je=3 Q=47437928 table=141420761 yh=308921553
stage b2=522 vs b1={363}: values [213656711189633749233078088598986752, 689751653889366534925949446541436489), 45081675354408803 candidates (MITM path)
  MITM b1=363: s=4 t=3 j=3 je=3 Q=47832147 table=142236648 yh=316948382
stage b2=523 vs b1={364}: values [219039255812941154532109005895053883, 716835279219612889692402474199023616), 46509278345676701 candidates (MITM path)
  MITM b1=364: s=4 t=3 j=3 je=3 Q=48228544 table=143055667 yh=325113149
stage b2=524 vs b1={365}: values [224546727844480954380310660801101824, 744903650144937675010347955322265625), 47971392747098356 candidates (MITM path)
  MITM b1=365: s=4 t=3 j=3 je=3 Q=48627125 table=143877824 yh=333417559
stage b2=525 vs b1={366}: values [230181780068754346668720245361328125, 773989725393037725664245462095118336), 49468691701553938 candidates (MITM path)
  MITM b1=366: s=4 t=3 j=3 je=3 Q=49027896 table=144703125 yh=341863327
stage b2=526 vs b1={367}: values [235947116381670711226715627769880576, 804127472068445204802288858779989729), 51001858878918692 candidates (MITM path)
  MITM b1=367: s=4 t=3 j=3 je=3 Q=49430863 table=145531576 yh=350452186
stage b2=527 vs b1={368}: values [241845492675137865214191430461762767, 835351893621757825180080478275764224), 52571588602465063 candidates (MITM path)
  MITM b1=368: s=4 t=3 j=3 je=3 Q=49836032 table=146363183 yh=359185880
stage b2=528 vs b1={369}: values [247879717735234872758731611882651648, 867699058515145830106783895701970721), 54178585976324119 candidates (MITM path)
  MITM b1=369: s=4 t=3 j=3 je=3 Q=50243409 table=147197952 yh=368066167
stage b2=529 vs b1={370}: values [254052654154149545721997685422868689, 901206129599500829968900000000000000), 55823567014011122 candidates (MITM path)
  MITM b1=370: s=4 t=3 j=3 je=3 Q=50653000 table=148035889 yh=377094821
stage b2=530 vs b1={371}: values [260367219256064861959730000000000000, 935911394218887462627310370080165081), 57507258768020148 candidates (MITM path)
  MITM b1=371: s=4 t=3 j=3 je=3 Q=51064811 table=148877000 yh=386273628
stage b2=531 vs b1={372}: values [266826386037180636857388515472989091, 971854295058259588504417458500665344), 59230399460492609 candidates (MITM path)
  MITM b1=372: s=4 t=3 j=3 je=3 Q=51478848 table=149721291 yh=395604387
stage b2=532 vs b1={373}: values [273433184120058913430441697300447232, 1009075461750708410420050723039024009), 60993738614964569 candidates (MITM path)
  MITM b1=373: s=4 t=3 j=3 je=3 Q=51895117 table=150568768 yh=405088914
stage b2=533 vs b1={374}: values [280190700722483686027416350032250213, 1047616743260820591544343170758885376), 62798037189197738 candidates (MITM path)
  MITM b1=374: s=4 t=3 j=3 je=3 Q=52313624 table=151419437 yh=414729037
stage b2=534 vs b1={375}: values [287102081641027742818685874210299904, 1087521241061040200293064117431640625), 64644067709099007 candidates (MITM path)
  MITM b1=375: s=4 t=3 j=3 je=3 Q=52734375 table=152273304 yh=424526598
stage b2=535 vs b1={376}: values [294170532249521602949110970458984375, 1128833343118249207414947823407333376), 66532614403733435 candidates (MITM path)
  MITM b1=376: s=4 t=3 j=3 je=3 Q=53157376 table=153130375 yh=434483456
stage b2=536 vs b1={377}: values [301399318512621735633442871240032256, 1171598758708107367475386427203165009), 68464473341435551 candidates (MITM path)
  MITM b1=377: s=4 t=3 j=3 je=3 Q=53582633 table=153990656 yh=444601479
stage b2=537 vs b1={378}: values [308791768014677480736121943614131897, 1215864554075023704741469602061369344), 70440452567023869 candidates (MITM path)
  MITM b1=378: s=4 t=3 j=3 je=3 Q=54010152 table=154854153 yh=454882554
stage b2=538 vs b1={379}: values [316351271004098343658904022264291328, 1261679188955968563191835468129487081), 72461372240123503 candidates (MITM path)
  MITM b1=379: s=4 t=3 j=3 je=3 Q=54439939 table=155720872 yh=465328580
stage b2=539 vs b1={380}: values [324081281453425611818659325054366219, 1309092553986677343846400000000000000), 74528064774601776 candidates (MITM path)
  MITM b1=380: s=4 t=3 j=3 je=3 Q=54872000 table=156590819 yh=475941472
stage b2=540 vs b1={381}: values [331985318135314535792640000000000000, 1358156009009144712440307376223513721), 76641374979121709 candidates (MITM path)
  MITM b1=381: s=4 t=3 j=3 je=3 Q=55306341 table=157464000 yh=486723156
stage b2=541 vs b1={382}: values [340066965714635635499320813072655821, 1408922422299661290033405230674100224), 78802160198818290 candidates (MITM path)
  MITM b1=382: s=4 t=3 j=3 je=3 Q=55742968 table=158340421 yh=497675576
stage b2=542 vs b1={383}: values [348329875856906030730297942652608512, 1461446210737003712612867623638313729), 81011290458102412 candidates (MITM path)
  MITM b1=383: s=4 t=3 j=3 je=3 Q=56181887 table=159220088 yh=508800689
stage b2=543 vs b1={384}: values [356777768353264056114297546073891743, 1515783380930753538061821258378510336), 83269648604597386 candidates (MITM path)
  MITM b1=384: s=4 t=3 j=3 je=3 Q=56623104 table=160103007 yh=520100467
stage b2=544 vs b1={385}: values [365414432262202803340615819548688384, 1571991571330090865774680230712890625), 85578130454212923 candidates (MITM path)
  MITM b1=385: s=4 t=3 j=3 je=3 Q=57066625 table=160989184 yh=531576895
stage b2=545 vs b1={386}: values [374243727068280638359709019775390625, 1630130095333784792244505633968111616), 87937644937361481 candidates (MITM path)
  MITM b1=386: s=4 t=3 j=3 je=3 Q=57512456 table=161878625 yh=543231974
stage b2=546 vs b1={387}: values [383269583858029168477508273239105536, 1690259985422485032479991371240442489), 90349114246321887 candidates (MITM path)
  MITM b1=387: s=4 t=3 j=3 je=3 Q=57960603 table=162771336 yh=555067720
stage b2=547 vs b1={388}: values [392496006513281583932595840500243827, 1752444038334807270293678521701105664), 92813473983755134 candidates (MITM path)
  MITM b1=388: s=4 t=3 j=3 je=3 Q=58411072 table=163667323 yh=567086162
stage b2=548 vs b1={389}: values [401927072922146770857809028954718208, 1816746861309099139322282878629329641), 95331673312377255 candidates (MITM path)
  MITM b1=389: s=4 t=3 j=3 je=3 Q=58863869 table=164566592 yh=579289346
stage b2=549 vs b1={390}: values [411566936207857087647217069653412149, 1883234919413174260904100000000000000), 97904675105794183 candidates (MITM path)
  MITM b1=390: s=4 t=3 j=3 je=3 Q=59319000 table=165469149 yh=591679330
stage b2=550 vs b1={391}: values [421419825975720214843750000000000000, 1951976583984708555289257373653172561), 100533456100503510 candidates (MITM path)
  MITM b1=391: s=4 t=3 j=3 je=3 Q=59776471 table=166375000 yh=604258189
stage b2=551 vs b1={392}: values [431490049578408029900978423638102151, 2023042182205406180576948745932898304), 103219007049068040 candidates (MITM path)
  MITM b1=392: s=4 t=3 j=3 je=3 Q=60236288 table=167284151 yh=617028012
stage b2=552 vs b1={393}: values [441781993399818022724510341599854592, 2096504047832462021585980850883353649), 105962332874466063 candidates (MITM path)
  MITM b1=393: s=4 t=3 j=3 je=3 Q=60698457 table=168196608 yh=629990903
stage b2=553 vs b1={394}: values [452300124157745355934980751882862473, 2172436573111273731749254298313834496), 108764452825623249 candidates (MITM path)
  MITM b1=394: s=4 t=3 j=3 je=3 Q=61162984 table=169112377 yh=643148981
stage b2=554 vs b1={395}: values [463048990225606285487392794579083264, 2250916261893789009116047857666015625), 111626400634131086 candidates (MITM path)
  MITM b1=395: s=4 t=3 j=3 je=3 Q=61629875 table=170031464 yh=656504379
done: 4489.60s, 10829176364 candidates tested
