A171740 search: n=14, threads=1, limit=none
stage b2=124 vs b1={88}: values [1638633793688942910713626624, 1670157430683097690814808064), 69933380440 candidates (MITM path)
  MITM b1=88: s=4 t=3 j=3 je=3 Q=681472 table=1906624 yh=36680
stage b2=125 vs b1={89}: values [1818989403545856475830078125, 1956410986640441413344189841), 288193947830 candidates (MITM path)
  MITM b1=89: s=4 t=3 j=3 je=3 Q=704969 table=1953125 yh=147556
stage b2=126 vs b1={90}: values [2017516459574609153391845376, 2287679245496100000000000000), 535835780462 candidates (MITM path)
  MITM b1=90: s=4 t=3 j=3 je=3 Q=729000 table=2000376 yh=267868
stage b2=127 vs b1={91}: values [2235879388560037062539773567, 2670419511272061205254504361), 815462202730 candidates (MITM path)
  MITM b1=91: s=4 t=3 j=3 je=3 Q=753571 table=2048383 yh=398101
stage b2=128 vs b1={92}: values [2475880078570760549798248448, 3111928305110923294648827904), 1129848617404 candidates (MITM path)
  MITM b1=92: s=4 t=3 j=3 je=3 Q=778688 table=2097152 yh=538754
stage b2=129 vs b1={93}: values [2739468013418114691600975489, 3620439376899076955409413049), 1481950916038 candidates (MITM path)
  MITM b1=93: s=4 t=3 j=3 je=3 Q=804357 table=2146689 yh=690343
stage b2=130 vs b1={94}: values [3028751065922530000000000000, 4205231901698742834534301696), 1874914168532 candidates (MITM path)
  MITM b1=94: s=4 t=3 j=3 je=3 Q=830584 table=2197000 yh=853398
stage b2=131 vs b1={95}: values [3346006987161650573913911891, 4876749791155298590087890625), 2312081596752 candidates (MITM path)
  MITM b1=95: s=4 t=3 j=3 je=3 Q=857375 table=2248091 yh=1028465
stage b2=132 vs b1={96}: values [3693695630658192526679212032, 5646733123551136024526585856), 2797003837169 candidates (MITM path)
  MITM b1=96: s=4 t=3 j=3 je=3 Q=884736 table=2299968 yh=1216106
stage b2=133 vs b1={97}: values [4074471952320023081160213013, 6528362774606076144776040769), 3333448497442 candidates (MITM path)
  MITM b1=97: s=4 t=3 j=3 je=3 Q=912673 table=2352637 yh=1416899
stage b2=134 vs b1={98}: values [4491199828872408503792328704, 7536419414749019520643907584), 3925410011882 candidates (MITM path)
  MITM b1=98: s=4 t=3 j=3 je=3 Q=941192 table=2406104 yh=1631439
stage b2=135 vs b1={99}: values [4946966739525117513427734375, 8687458127689783079736908601), 4577119800771 candidates (MITM path)
  MITM b1=99: s=4 t=3 j=3 je=3 Q=970299 table=2460375 yh=1860335
stage b2=136 vs b1={100}: values [5445099357697409441182253056, 10000000000000000000000000000), 5293056738460 candidates (MITM path)
  MITM b1=100: s=4 t=3 j=3 je=3 Q=1000000 table=2515456 yh=2104214
stage b2=137 vs b1={101}: values [5989180101784270567563310697, 11494742132376223120464911401), 6077957935218 candidates (MITM path)
  MITM b1=101: s=4 t=3 j=3 je=3 Q=1030301 table=2571353 yh=2363720
stage b2=138 vs b1={102}: values [6583064696190029721327280128, 13194787630628721491610845184), 6936829837793 candidates (MITM path)
  MITM b1=102: s=4 t=3 j=3 je=3 Q=1061208 table=2628072 yh=2639513
stage b2=139 vs b1={103}: values [7230900796183182881721657019, 15125897248551112432256145169), 7874959653643 candidates (MITM path)
  MITM b1=103: s=4 t=3 j=3 je=3 Q=1092727 table=2685619 yh=2932270
stage b2=140 vs b1={104}: values [7937147732541440000000000000, 17316764476028035425743405056), 8897927103806 candidates (MITM path)
  MITM b1=104: s=4 t=3 j=3 je=3 Q=1124864 table=2744000 yh=3242685
stage b2=141 vs b1={105}: values [8706597434461286533025514621, 19799315994393973883056640625), 10011616509378 candidates (MITM path)
  MITM b1=105: s=4 t=3 j=3 je=3 Q=1157625 table=2803221 yh=3571469
stage b2=142 vs b1={106}: values [9544396591804396261630861312, 22609039557544243501245546496), 11222229216585 candidates (MITM path)
  MITM b1=106: s=4 t=3 j=3 je=3 Q=1191016 table=2863288 yh=3919351
stage b2=143 vs b1={107}: values [10456070120446768717065566543, 25785341502012466393542552649), 12536296365398 candidates (MITM path)
  MITM b1=107: s=4 t=3 j=3 je=3 Q=1225043 table=2924207 yh=4287076

*** MATCH: 11302443793515062380770843552 is an 14-digit palindrome in bases 107 and 143
done: 7.59s, 31095868 candidates tested
