A171740 search: n=14, threads=1, limit=none
stage b2=537 vs b1={343}: values [308791768014677480736121943614131897, 311973482284542371301330321821976049), 247082038566782 candidates (MITM path)
  MITM b1=343: s=4 t=3 j=3 je=3 Q=40353607 table=154854153 yh=1595580
stage b2=538 vs b1={344}: values [316351271004098343658904022264291328, 324951238089060649950183741190045696), 659205556465954 candidates (MITM path)
  MITM b1=344: s=4 t=3 j=3 je=3 Q=40707584 table=155720872 yh=4233252
stage b2=539 vs b1={345}: values [324081281453425611818659325054366219, 338428813246721067109392828369140625), 1085565017034143 candidates (MITM path)
  MITM b1=345: s=4 t=3 j=3 je=3 Q=41063625 table=156590819 yh=6932495
stage b2=540 vs b1={346}: values [331985318135314535792640000000000000, 352423924523059044388546203674361856), 1526493506533405 candidates (MITM path)
  MITM b1=346: s=4 t=3 j=3 je=3 Q=41421736 table=157464000 yh=9694239
stage b2=541 vs b1={347}: values [340066965714635635499320813072655821, 366954862655997403768050803331897769), 1982330116882327 candidates (MITM path)
  MITM b1=347: s=4 t=3 j=3 je=3 Q=41781923 table=158340421 yh=12519420
stage b2=542 vs b1={348}: values [348329875856906030730297942652608512, 382040509210986058943919609908035584), 2453420028615557 candidates (MITM path)
  MITM b1=348: s=4 t=3 j=3 je=3 Q=42144192 table=159220088 yh=15408986
stage b2=543 vs b1={349}: values [356777768353264056114297546073891743, 397700353880309848525885235660892601), 2940114594657201 candidates (MITM path)
  MITM b1=349: s=4 t=3 j=3 je=3 Q=42508549 table=160103007 yh=18363894
stage b2=544 vs b1={350}: values [365414432262202803340615819548688384, 413954512236938476562500000000000000), 3442771424912714 candidates (MITM path)
  MITM b1=350: s=4 t=3 j=3 je=3 Q=42875000 table=160989184 yh=21385111
stage b2=545 vs b1={351}: values [374243727068280638359709019775390625, 430823743953503917975940025623902401), 3961754471683875 candidates (MITM path)
  MITM b1=351: s=4 t=3 j=3 je=3 Q=43243551 table=161878625 yh=24473611
stage b2=546 vs b1={352}: values [383269583858029168477508273239105536, 448329471497205720126420014212317184), 4497434115911479 candidates (MITM path)
  MITM b1=352: s=4 t=3 j=3 je=3 Q=43614208 table=162771336 yh=27630382
stage b2=547 vs b1={353}: values [392496006513281583932595840500243827, 466493799311663440167496584517263169), 5050187254250350 candidates (MITM path)
  MITM b1=353: s=4 t=3 j=3 je=3 Q=43986977 table=163667323 yh=30856418
stage b2=548 vs b1={354}: values [401927072922146770857809028954718208, 485339533496958054990141432093229056), 5620397386981296 candidates (MITM path)
  MITM b1=354: s=4 t=3 j=3 je=3 Q=44361864 table=164566592 yh=34152724
stage b2=549 vs b1={355}: values [411566936207857087647217069653412149, 504890201999330620896660650634765625), 6208454706764651 candidates (MITM path)
  MITM b1=355: s=4 t=3 j=3 je=3 Q=44738875 table=165469149 yh=37520316
stage b2=550 vs b1={356}: values [421419825975720214843750000000000000, 525170075322236798832332084919402496), 6814756188240009 candidates (MITM path)
  MITM b1=356: s=4 t=3 j=3 je=3 Q=45118016 table=166375000 yh=40960218
stage b2=551 vs b1={357}: values [431490049578408029900978423638102151, 546204187770690153801056774632964649), 7439705678476797 candidates (MITM path)
  MITM b1=357: s=4 t=3 j=3 je=3 Q=45499293 table=167284151 yh=44473465
stage b2=552 vs b1={358}: values [441781993399818022724510341599854592, 568018359241065440405821984897122304), 8083713988280334 candidates (MITM path)
  MITM b1=358: s=4 t=3 j=3 je=3 Q=45882712 table=168196608 yh=48061100
stage b2=553 vs b1={359}: values [452300124157745355934980751882862473, 590639217568775457331652612637964561), 8747198984357995 candidates (MITM path)
  MITM b1=359: s=4 t=3 j=3 je=3 Q=46268279 table=169112377 yh=51724180
stage b2=554 vs b1={360}: values [463048990225606285487392794579083264, 614094221446481549721600000000000000), 9430585682350149 candidates (MITM path)
  MITM b1=360: s=4 t=3 j=3 je=3 Q=46656000 table=170031464 yh=55463769
stage b2=555 vs b1={361}: values [474033222973456292803297401123046875, 638411683925748518131605316913942641), 10134306340730502 candidates (MITM path)
  MITM b1=361: s=4 t=3 j=3 je=3 Q=47045881 table=170953875 yh=59280940
stage b2=556 vs b1={362}: values [485257538128548939096586766742716416, 663620796515309615092533840427761664), 10858800555580519 candidates (MITM path)
  MITM b1=362: s=4 t=3 j=3 je=3 Q=47437928 table=171879616 yh=63176780
stage b2=557 vs b1={363}: values [496726737155684136275087566416582557, 689751653889366534925949446541436489), 11604515356242558 candidates (MITM path)
  MITM b1=363: s=4 t=3 j=3 je=3 Q=47832147 table=172808693 yh=67152382
stage b2=558 vs b1={364}: values [508445708657597236854185159560716288, 716835279219612889692402474199023616), 12371905301856397 candidates (MITM path)
  MITM b1=364: s=4 t=3 j=3 je=3 Q=48228544 table=173741112 yh=71208853
stage b2=559 vs b1={365}: values [520419429795643077901856425190522479, 744903650144937675010347955322265625), 13161432578783814 candidates (MITM path)
  MITM b1=365: s=4 t=3 j=3 je=3 Q=48627125 table=174676879 yh=75347308
stage b2=560 vs b1={366}: values [532652967731031871324160000000000000, 773989725393037725664245462095118336), 13973567098925876 candidates (MITM path)
  MITM b1=366: s=4 t=3 j=3 je=3 Q=49027896 table=175616000 yh=79568873
stage b2=561 vs b1={367}: values [545151481086876614974812989924244081, 804127472068445204802288858779989729), 14808786598937629 candidates (MITM path)
  MITM b1=367: s=4 t=3 j=3 je=3 Q=49430863 table=176558481 yh=83874683
stage b2=562 vs b1={368}: values [557920221431314506311321357441769472, 835351893621757825180080478275764224), 15667576740344847 candidates (MITM path)
  MITM b1=368: s=4 t=3 j=3 je=3 Q=49836032 table=177504328 yh=88265886
stage b2=563 vs b1={369}: values [570964534781967672803543519620846403, 867699058515145830106783895701970721), 16550431210567534 candidates (MITM path)
  MITM b1=369: s=4 t=3 j=3 je=3 Q=50243409 table=178453547 yh=92743639
stage b2=564 vs b1={370}: values [584289863132011391209840769230700544, 901206129599500829968900000000000000), 17457851824854842 candidates (MITM path)
  MITM b1=370: s=4 t=3 j=3 je=3 Q=50653000 table=179406144 yh=97309108
stage b2=565 vs b1={371}: values [597901745998120851353366153564453125, 935911394218887462627310370080165081), 18390348629136121 candidates (MITM path)
  MITM b1=371: s=4 t=3 j=3 je=3 Q=51064811 table=180362125 yh=101963473
stage b2=566 vs b1={372}: values [611805821990570429339805757456080896, 971854295058259588504417458500665344), 19348440003792750 candidates (MITM path)
  MITM b1=372: s=4 t=3 j=3 je=3 Q=51478848 table=181321496 yh=106707922
stage b2=567 vs b1={373}: values [626007830405762370442234920236832087, 1009075461750708410420050723039024009), 20332652768355488 candidates (MITM path)
  MITM b1=373: s=4 t=3 j=3 je=3 Q=51895117 table=182284263 yh=111543655
stage b2=568 vs b1={374}: values [640513612841464743323893889989869568, 1047616743260820591544343170758885376), 21343522287131998 candidates (MITM path)
  MITM b1=374: s=4 t=3 j=3 je=3 Q=52313624 table=183250432 yh=116471880

*** MATCH: 990412589082280098743680458240044625 is an 14-digit palindrome in bases 374 and 568
stage b2=569 vs b1={375}: values [655329114835041515061818544164613209, 1087521241061040200293064117431640625), 22381592575769275 candidates (MITM path)
  MITM b1=375: s=4 t=3 j=3 je=3 Q=52734375 table=184220009 yh=121493820
stage b2=570 vs b1={376}: values [670460387524960610760570000000000000, 1128833343118249207414947823407333376), 23447416408755663 candidates (MITM path)
  MITM b1=376: s=4 t=3 j=3 je=3 Q=53157376 table=185193000 yh=126610706
stage b2=571 vs b1={377}: values [685913589335868862593975790997597611, 1171598758708107367475386427203165009), 24541555427867177 candidates (MITM path)
  MITM b1=377: s=4 t=3 j=3 je=3 Q=53582633 table=186169411 yh=131823780
stage b2=572 vs b1={378}: values [701694987687525821073007584217137152, 1215864554075023704741469602061369344), 25664580251562832 candidates (MITM path)
  MITM b1=378: s=4 t=3 j=3 je=3 Q=54010152 table=187149248 yh=137134296
stage b2=573 vs b1={379}: values [717810960727891496399861673112327533, 1261679188955968563191835468129487081), 26817070585333695 candidates (MITM path)
  MITM b1=379: s=4 t=3 j=3 je=3 Q=54439939 table=188132517 yh=142543517
stage b2=574 vs b1={380}: values [734267999090666220123170482943156224, 1309092553986677343846400000000000000), 27999615333010379 candidates (MITM path)
  MITM b1=380: s=4 t=3 j=3 je=3 Q=54872000 table=189119224 yh=148052720
stage b2=575 vs b1={381}: values [751072707677583967149257659912109375, 1358156009009144712440307376223513721), 29212812709033690 candidates (MITM path)
  MITM b1=381: s=4 t=3 j=3 je=3 Q=55306341 table=190109375 yh=153663189
stage b2=576 vs b1={382}: values [768231807465763655682670928358014976, 1408922422299661290033405230674100224), 30457270351693152 candidates (MITM path)
  MITM b1=382: s=4 t=3 j=3 je=3 Q=55742968 table=191102976 yh=159376223
stage b2=577 vs b1={383}: values [785752137340426148060117653375876417, 1461446210737003712612867623638313729), 31733605437338141 candidates (MITM path)
  MITM b1=383: s=4 t=3 j=3 je=3 Q=56181887 table=192100033 yh=165193129
stage b2=578 vs b1={384}: values [803640655953287908900640275234562048, 1515783380930753538061821258378510336), 33042444795566347 candidates (MITM path)
  MITM b1=384: s=4 t=3 j=3 je=3 Q=56623104 table=193100552 yh=171115228
stage b2=579 vs b1={385}: values [821904443606945538717678866487000339, 1571991571330090865774680230712890625), 34384425025394298 candidates (MITM path)
  MITM b1=385: s=4 t=3 j=3 je=3 Q=57066625 table=194104539 yh=177143849
stage b2=580 vs b1={386}: values [840550704165568691322880000000000000, 1630130095333784792244505633968111616), 35760192612414682 candidates (MITM path)
  MITM b1=386: s=4 t=3 j=3 je=3 Q=57512456 table=195112000 yh=183280335
stage b2=581 vs b1={387}: values [859586766992222202195460101840278741, 1690259985422485032479991371240442489), 37170404046945200 candidates (MITM path)
  MITM b1=387: s=4 t=3 j=3 je=3 Q=57960603 table=196122941 yh=189526039

*** MATCH: 904127275140175136732031217545156900 is an 14-digit palindrome in bases 387 and 581
stage b2=582 vs b1={388}: values [879020088913141602693987477647941632, 1752444038334807270293678521701105664), 38615725943173699 candidates (MITM path)
  MITM b1=388: s=4 t=3 j=3 je=3 Q=58411072 table=197137368 yh=195882325
stage b2=583 vs b1={389}: values [898858256209289571750018603448589863, 1816746861309099139322282878629329641), 40096835159304306 candidates (MITM path)
  MITM b1=389: s=4 t=3 j=3 je=3 Q=58863869 table=198155287 yh=202350570
done: 2390.72s, 2465640765 candidates tested
