A171740 search: n=14, threads=1, limit=none
stage b2=547 vs b1={349}: values [392496006513281583932595840500243827, 397700353880309848525885235660892601), 355185306827588 candidates (MITM path)
  MITM b1=349: s=4 t=3 j=3 je=3 Q=42508549 table=163667323 yh=2170167
stage b2=548 vs b1={350}: values [401927072922146770857809028954718208, 413954512236938476562500000000000000), 810418347943387 candidates (MITM path)
  MITM b1=350: s=4 t=3 j=3 je=3 Q=42875000 table=164566592 yh=4924562
stage b2=549 vs b1={351}: values [411566936207857087647217069653412149, 430823743953503917975940025623902401), 1281084814936322 candidates (MITM path)
  MITM b1=351: s=4 t=3 j=3 je=3 Q=43243551 table=165469149 yh=7742137
stage b2=550 vs b1={352}: values [421419825975720214843750000000000000, 448329471497205720126420014212317184), 1767539591431792 candidates (MITM path)
  MITM b1=352: s=4 t=3 j=3 je=3 Q=43614208 table=166375000 yh=10623830
stage b2=551 vs b1={353}: values [431490049578408029900978423638102151, 466493799311663440167496584517263169), 2270143852904800 candidates (MITM path)
  MITM b1=353: s=4 t=3 j=3 je=3 Q=43986977 table=167284151 yh=13570586
stage b2=552 vs b1={354}: values [441781993399818022724510341599854592, 485339533496958054990141432093229056), 2789265152176002 candidates (MITM path)
  MITM b1=354: s=4 t=3 j=3 je=3 Q=44361864 table=168196608 yh=16583362
stage b2=553 vs b1={355}: values [452300124157745355934980751882862473, 504890201999330620896660650634765625), 3325277505733202 candidates (MITM path)
  MITM b1=355: s=4 t=3 j=3 je=3 Q=44738875 table=169112377 yh=19663124
stage b2=554 vs b1={356}: values [463048990225606285487392794579083264, 525170075322236798832332084919402496), 3878561480882906 candidates (MITM path)
  MITM b1=356: s=4 t=3 j=3 je=3 Q=45118016 table=170031464 yh=22810846
stage b2=555 vs b1={357}: values [474033222973456292803297401123046875, 546204187770690153801056774632964649), 4449504283736547 candidates (MITM path)
  MITM b1=357: s=4 t=3 j=3 je=3 Q=45499293 table=170953875 yh=26027514
stage b2=556 vs b1={358}: values [485257538128548939096586766742716416, 568018359241065440405821984897122304), 5038499848035970 candidates (MITM path)
  MITM b1=358: s=4 t=3 j=3 je=3 Q=45882712 table=171879616 yh=29314121
stage b2=557 vs b1={359}: values [496726737155684136275087566416582557, 590639217568775457331652612637964561), 5645948924822811 candidates (MITM path)
  MITM b1=359: s=4 t=3 j=3 je=3 Q=46268279 table=172808693 yh=32671672
stage b2=558 vs b1={360}: values [508445708657597236854185159560716288, 614094221446481549721600000000000000), 6272259172956369 candidates (MITM path)
  MITM b1=360: s=4 t=3 j=3 je=3 Q=46656000 table=173741112 yh=36101181
stage b2=559 vs b1={361}: values [520419429795643077901856425190522479, 638411683925748518131605316913942641), 6917845250484613 candidates (MITM path)
  MITM b1=361: s=4 t=3 j=3 je=3 Q=47045881 table=174676879 yh=39603669
stage b2=560 vs b1={362}: values [532652967731031871324160000000000000, 663620796515309615092533840427761664), 7583128906872918 candidates (MITM path)
  MITM b1=362: s=4 t=3 j=3 je=3 Q=47437928 table=175616000 yh=43180171
stage b2=561 vs b1={363}: values [545151481086876614974812989924244081, 689751653889366534925949446541436489), 8268539076095201 candidates (MITM path)
  MITM b1=363: s=4 t=3 j=3 je=3 Q=47832147 table=176558481 yh=46831730
stage b2=562 vs b1={364}: values [557920221431314506311321357441769472, 716835279219612889692402474199023616), 8974511970592043 candidates (MITM path)
  MITM b1=364: s=4 t=3 j=3 je=3 Q=48228544 table=177504328 yh=50559399
stage b2=563 vs b1={365}: values [570964534781967672803543519620846403, 744903650144937675010347955322265625), 9701491176100477 candidates (MITM path)
  MITM b1=365: s=4 t=3 j=3 je=3 Q=48627125 table=178453547 yh=54364239
stage b2=564 vs b1={366}: values [584289863132011391209840769230700544, 773989725393037725664245462095118336), 10449927747360055 candidates (MITM path)
  MITM b1=366: s=4 t=3 j=3 je=3 Q=49027896 table=179406144 yh=58247324
stage b2=565 vs b1={367}: values [597901745998120851353366153564453125, 804127472068445204802288858779989729), 11220280304699845 candidates (MITM path)
  MITM b1=367: s=4 t=3 j=3 je=3 Q=49430863 table=180362125 yh=62209737
stage b2=566 vs b1={368}: values [611805821990570429339805757456080896, 835351893621757825180080478275764224), 12013015131511015 candidates (MITM path)
  MITM b1=368: s=4 t=3 j=3 je=3 Q=49836032 table=181321496 yh=66252571

*** MATCH: 621442977024727793087788058002327041 is an 14-digit palindrome in bases 368 and 566
done: 910.45s, 580055545 candidates tested
