A171740 search: n=14, threads=1, limit=none
stage b2=379 vs b1={248}: values [3328968836295431565149961657333739, 3329074633399155440492375267344384), 94188809778 candidates (MITM path)
  MITM b1=248: s=5 t=2 j=2 je=4 Q=61504 table=143641 yh=655724
stage b2=380 vs b1={249}: values [3444980405228098273280000000000000, 3522012227096394652101560724434001), 67326338006763 candidates (MITM path)
  MITM b1=249: s=4 t=3 j=3 je=3 Q=15438249 table=54872000 yh=1226971
stage b2=381 vs b1={250}: values [3564713934407203969659599412660141, 3725290298461914062500000000000000), 137786538610082 candidates (MITM path)
  MITM b1=250: s=4 t=3 j=3 je=3 Q=15625000 table=55306341 yh=2491334
stage b2=382 vs b1={251}: values [3688278592407490288045563431084032, 3939418324524181765386728349441001), 211578671700528 candidates (MITM path)
  MITM b1=251: s=4 t=3 j=3 je=3 Q=15813251 table=55742968 yh=3795612
stage b2=383 vs b1={252}: values [3815786451010453557735946798011263, 4164928698882469942515671324688384), 288809174974273 candidates (MITM path)
  MITM b1=252: s=4 t=3 j=3 je=3 Q=16003008 table=56181887 yh=5140611
stage b2=384 vs b1={253}: values [3947352554507170672035992860360704, 4402377665001341492756836874350969), 369587090592216 candidates (MITM path)
  MITM b1=253: s=4 t=3 j=3 je=3 Q=16194277 table=56623104 yh=6527143
stage b2=385 vs b1={254}: values [4083094990467768482531636962890625, 4652346283575291198546759565459456), 454024113659469 candidates (MITM path)
  MITM b1=254: s=4 t=3 j=3 je=3 Q=16387064 table=57066625 yh=7956036
stage b2=386 vs b1={255}: values [4223134962004623814104936875565056, 4915441435064644177113043212890625), 542234641339683 candidates (MITM path)
  MITM b1=255: s=4 t=3 j=3 je=3 Q=16581375 table=57512456 yh=9428126
stage b2=387 vs b1={256}: values [4367596861556808869457342044548947, 5192296858534827628530496329220096), 634335822608926 candidates (MITM path)
  MITM b1=256: s=4 t=3 j=3 je=3 Q=16777216 table=57960603 yh=10944259
stage b2=388 vs b1={257}: values [4516608346223730078076491035312128, 5483574227962890893331590433934849), 730447608653820 candidates (MITM path)
  MITM b1=257: s=4 t=3 j=3 je=3 Q=16974593 table=58411072 yh=12505294
stage b2=389 vs b1={258}: values [4670300414676347401856768325525269, 5789964267207668452827559331119104), 830692803918659 candidates (MITM path)
  MITM b1=258: s=4 t=3 j=3 je=3 Q=17173512 table=58863869 yh=14112100
stage b2=390 vs b1={259}: values [4828807485674805797190000000000000, 6112187904873275865980332271043961), 935197117806221 candidates (MITM path)
  MITM b1=259: s=4 t=3 j=3 je=3 Q=17373979 table=59319000 yh=15765558
stage b2=391 vs b1={260}: values [4992267478221761010969967707552871, 6450997470329715097600000000000000), 1044089217037017 candidates (MITM path)
  MITM b1=260: s=4 t=3 j=3 je=3 Q=17576000 table=59776471 yh=17466559
stage b2=392 vs b1={261}: values [5160821893381138215757522311053312, 6807177932189258856180832656779241), 1157500778671682 candidates (MITM path)
  MITM b1=261: s=4 t=3 j=3 je=3 Q=17779581 table=60236288 yh=19216005
stage b2=393 vs b1={262}: values [5334615897792524227954149747794793, 7181548180572999273393724747300864), 1275566543801267 candidates (MITM path)
  MITM b1=262: s=4 t=3 j=3 je=3 Q=17984728 table=60698457 yh=21014811
stage b2=394 vs b1={263}: values [5513798408911862263322980452573184, 7574962354538500616775660413022289), 1398424371910158 candidates (MITM path)
  MITM b1=263: s=4 t=3 j=3 je=3 Q=18191447 table=61162984 yh=22863901
stage b2=395 vs b1={264}: values [5698522182009592428141893310546875, 7988311216076905079138811711062016), 1526215295916366 candidates (MITM path)
  MITM b1=264: s=4 t=3 j=3 je=3 Q=18399744 table=61629875 yh=24764213
stage b2=396 vs b1={265}: values [5888943898957861483712781364494336, 8422523572126121633218804931640625), 1659083577893938 candidates (MITM path)
  MITM b1=265: s=4 t=3 j=3 je=3 Q=18609625 table=62099136 yh=26716694
stage b2=397 vs b1={266}: values [6085224258838911919400672863338877, 8878567746085897335509947690663936), 1797176765482249 candidates (MITM path)
  MITM b1=266: s=4 t=3 j=3 je=3 Q=18821096 table=62570773 yh=28722305
stage b2=398 vs b1={267}: values [6287528070407253087832349758251008, 9357453100360645426341446339617929), 1940645748986905 candidates (MITM path)
  MITM b1=267: s=4 t=3 j=3 je=3 Q=19034163 table=63044792 yh=30782016
stage b2=399 vs b1={268}: values [6496024346438716158824594291525199, 9860231611496902484101890807169024), 2089644819177054 candidates (MITM path)
  MITM b1=268: s=4 t=3 j=3 je=3 Q=19248832 table=63521199 yh=32896811
stage b2=400 vs b1={269}: values [6710886400000000000000000000000000, 10387999499524225396026023192028121), 2244331725783829 candidates (MITM path)
  MITM b1=269: s=4 t=3 j=3 je=3 Q=19465109 table=64000000 yh=35067684
stage b2=401 vs b1={270}: values [6932291942672826856333202316485201, 10941898913151235920900000000000000), 2404867736704729 candidates (MITM path)
  MITM b1=270: s=4 t=3 j=3 je=3 Q=19683000 table=64481201 yh=37295642
stage b2=402 vs b1={271}: values [7160423184767344942991696876347392, 11523119672512394327137541804059681), 2571417697918671 candidates (MITM path)
  MITM b1=271: s=4 t=3 j=3 je=3 Q=19902511 table=64964808 yh=39581703
stage b2=403 vs b1={272}: values [7395466937559939851224358455647523, 12132901071205952454668884633452544), 2744150094116526 candidates (MITM path)
  MITM b1=272: s=4 t=3 j=3 je=3 Q=20123648 table=65450827 yh=41926898
stage b2=404 vs b1={273}: values [7637614717591148061633023326552064, 12772533739409419310834931469027809), 2923237110051883 candidates (MITM path)
  MITM b1=273: s=4 t=3 j=3 je=3 Q=20346417 table=65939264 yh=44332268
stage b2=405 vs b1={274}: values [7887062853059903929360645751953125, 13443361569905787990117147696971776), 3108854692616853 candidates (MITM path)
  MITM b1=274: s=4 t=3 j=3 je=3 Q=20570824 table=66430125 yh=46798869
stage b2=406 vs b1={275}: values [8144012592350896318465589091721216, 14146783708901740610599517822265625), 3301182613647678 candidates (MITM path)
  MITM b1=275: s=4 t=3 j=3 je=3 Q=20796875 table=66923416 yh=49327767
stage b2=407 vs b1={276}: values [8408670214732362685449475031095607, 14884256613568087679683209751166976), 3500404533464941 candidates (MITM path)
  MITM b1=276: s=4 t=3 j=3 je=3 Q=21024576 table=67419143 yh=51920039
stage b2=408 vs b1={277}: values [8681247143262206912494013239001088, 15657296178282829721680640148731209), 3706708065153183 candidates (MITM path)
  MITM b1=277: s=4 t=3 j=3 je=3 Q=21253933 table=67917312 yh=54576779
stage b2=409 vs b1={278}: values [8961960059940892637875611279849529, 16467479931608472298443740375302144), 3920284839584695 candidates (MITM path)
  MITM b1=278: s=4 t=3 j=3 je=3 Q=21484952 table=68417929 yh=57299087
stage b2=410 vs b1={279}: values [9251031023150136293210000000000000, 17316449306087601206337604921562481), 4141330571192317 candidates (MITM path)
  MITM b1=279: s=4 t=3 j=3 je=3 Q=21717639 table=68921000 yh=60088081
stage b2=411 vs b1={280}: values [9548687587417003604089240200373131, 18205911982994253414400000000000000), 4370045124496022 candidates (MITM path)
  MITM b1=280: s=4 t=3 j=3 je=3 Q=21952000 table=69426531 yh=62944887
stage b2=412 vs b1={281}: values [9855162925543600012281425818550272, 19137644314233322299008947929826321), 4606632581388110 candidates (MITM path)
  MITM b1=281: s=4 t=3 j=3 je=3 Q=22188041 table=69934528 yh=65870647
stage b2=413 vs b1={282}: values [10170695953143139404457311421253453, 20113493823636134316549694448615424), 4851301309181806 candidates (MITM path)
  MITM b1=282: s=4 t=3 j=3 je=3 Q=22425768 table=70444997 yh=68866514
stage b2=414 vs b1={283}: values [10495531455623776755395673235513344, 21135381789957450134663699873055529), 5104264029428086 candidates (MITM path)
  MITM b1=283: s=4 t=3 j=3 je=3 Q=22665187 table=70957944 yh=71933652
stage b2=415 vs b1={284}: values [10829920217662198884330277099609375, 22205305913937498425779524506484736), 5365737887505542 candidates (MITM path)
  MITM b1=284: s=4 t=3 j=3 je=3 Q=22906304 table=71473375 yh=75073241
stage b2=416 vs b1={285}: values [11174119155209583553590348738461696, 23325343071852267342134088134765625), 5635944522988111 candidates (MITM path)
  MITM b1=285: s=4 t=3 j=3 je=3 Q=23149125 table=71991296 yh=78286472
stage b2=417 vs b1={286}: values [11528391450073160681535117383503137, 24497652158036179788437520640393216), 5915110140795480 candidates (MITM path)
  MITM b1=286: s=4 t=3 j=3 je=3 Q=23393656 table=72511713 yh=81574548

*** MATCH: 15130162761531285721607710118801500 is an 14-digit palindrome in bases 286 and 417
stage b2=418 vs b1={287}: values [11893006687117240570102814793146368, 25724477018923486959881583081626689), 6203465583131000 candidates (MITM path)
  MITM b1=287: s=4 t=3 j=3 je=3 Q=23639903 table=73034632 yh=84938685
stage b2=419 vs b1={288}: values [12268240994128212834729297883414259, 27008149481218253520093899825086464), 6501246402211937 candidates (MITM path)
  MITM b1=288: s=4 t=3 j=3 je=3 Q=23887872 table=73560059 yh=88380115
stage b2=420 vs b1={289}: values [12654377184388666245120000000000000, 28351092476867700887730107366063041), 6808692933796888 candidates (MITM path)
  MITM b1=289: s=4 t=3 j=3 je=3 Q=24137569 table=74088000 yh=91900078
stage b2=421 vs b1={290}: values [13051704902006434014097498971732661, 29755823267579946348100000000000000), 7126050371515198 candidates (MITM path)
  MITM b1=290: s=4 t=3 j=3 je=3 Q=24389000 table=74618461 yh=95499831
stage b2=422 vs b1={291}: values [13460520770045031283752025608445952, 31224956771694849412103314940863161), 7453568842003211 candidates (MITM path)
  MITM b1=291: s=4 t=3 j=3 je=3 Q=24642171 table=75151448 yh=99180642
stage b2=423 vs b1={292}: values [13881128541502621729192837547096583, 32761208996285777655067862320021504), 7791503480852202 candidates (MITM path)
  MITM b1=292: s=4 t=3 j=3 je=3 Q=24897088 table=75686967 yh=102943794
stage b2=424 vs b1={293}: values [14313839253187328406678973683073024, 34367400577440657174390053251553449), 8140114509372826 candidates (MITM path)
  MITM b1=293: s=4 t=3 j=3 je=3 Q=25153757 table=76225024 yh=106790580
stage b2=425 vs b1={294}: values [14758971382537390291690826416015625, 36046460431742703147634670013136896), 8499667312180928 candidates (MITM path)
  MITM b1=294: s=4 t=3 j=3 je=3 Q=25412184 table=76765625 yh=110722310
done: 619.15s, 1364664039 candidates tested
