A171740 search: n=14, threads=1, limit=none
stage b2=390 vs b1={255}: values [4828807485674805797190000000000000, 4915441435064644177113043212890625), 63130010838211 candidates (MITM path)
  MITM b1=255: s=4 t=3 j=3 je=3 Q=16581375 table=59319000 yh=1064247
stage b2=391 vs b1={256}: values [4992267478221761010969967707552871, 5192296858534827628530496329220096), 143171471214951 candidates (MITM path)
  MITM b1=256: s=4 t=3 j=3 je=3 Q=16777216 table=59776471 yh=2395115
stage b2=392 vs b1={257}: values [5160821893381138215757522311053312, 5483574227962890893331590433934849), 226916942502267 candidates (MITM path)
  MITM b1=257: s=4 t=3 j=3 je=3 Q=16974593 table=60236288 yh=3767114
stage b2=393 vs b1={258}: values [5334615897792524227954149747794793, 5789964267207668452827559331119104), 314482101599312 candidates (MITM path)
  MITM b1=258: s=4 t=3 j=3 je=3 Q=17173512 table=60698457 yh=5181056
stage b2=394 vs b1={259}: values [5513798408911862263322980452573184, 6112187904873275865980332271043961), 405985393264324 candidates (MITM path)
  MITM b1=259: s=4 t=3 j=3 je=3 Q=17373979 table=61162984 yh=6637764
stage b2=395 vs b1={260}: values [5698522182009592428141893310546875, 6450997470329715097600000000000000), 501548080520456 candidates (MITM path)
  MITM b1=260: s=4 t=3 j=3 je=3 Q=17576000 table=61629875 yh=8138068
stage b2=396 vs b1={261}: values [5888943898957861483712781364494336, 6807177932189258856180832656779241), 601294295707888 candidates (MITM path)
  MITM b1=261: s=4 t=3 j=3 je=3 Q=17779581 table=62099136 yh=9682813
stage b2=397 vs b1={262}: values [6085224258838911919400672863338877, 7181548180572999273393724747300864), 705351092186920 candidates (MITM path)
  MITM b1=262: s=4 t=3 j=3 je=3 Q=17984728 table=62570773 yh=11272853
stage b2=398 vs b1={263}: values [6287528070407253087832349758251008, 7574962354538500616775660413022289), 813848496696754 candidates (MITM path)
  MITM b1=263: s=4 t=3 j=3 je=3 Q=18191447 table=63044792 yh=12909052
stage b2=399 vs b1={264}: values [6496024346438716158824594291525199, 7988311216076905079138811711062016), 926919562374660 candidates (MITM path)
  MITM b1=264: s=4 t=3 j=3 je=3 Q=18399744 table=63521199 yh=14592287
stage b2=400 vs b1={265}: values [6710886400000000000000000000000000, 8422523572126121633218804931640625), 1044700422440260 candidates (MITM path)
  MITM b1=265: s=4 t=3 j=3 je=3 Q=18609625 table=64000000 yh=16323445
stage b2=401 vs b1={266}: values [6932291942672826856333202316485201, 8878567746085897335509947690663936), 1167330344549633 candidates (MITM path)
  MITM b1=266: s=4 t=3 j=3 je=3 Q=18821096 table=64481201 yh=18103422
stage b2=402 vs b1={267}: values [7160423184767344942991696876347392, 9357453100360645426341446339617929), 1294951785823962 candidates (MITM path)
  MITM b1=267: s=4 t=3 j=3 je=3 Q=19034163 table=64964808 yh=19933128
stage b2=403 vs b1={268}: values [7395466937559939851224358455647523, 9860231611496902484101890807169024), 1427710448557467 candidates (MITM path)
  MITM b1=268: s=4 t=3 j=3 je=3 Q=19248832 table=65450827 yh=21813483
stage b2=404 vs b1={269}: values [7637614717591148061633023326552064, 10387999499524225396026023192028121), 1565755336609332 candidates (MITM path)
  MITM b1=269: s=4 t=3 j=3 je=3 Q=19465109 table=65939264 yh=23745418
stage b2=405 vs b1={270}: values [7887062853059903929360645751953125, 10941898913151235920900000000000000), 1709238812484376 candidates (MITM path)
  MITM b1=270: s=4 t=3 j=3 je=3 Q=19683000 table=66430125 yh=25729876
stage b2=406 vs b1={271}: values [8144012592350896318465589091721216, 11523119672512394327137541804059681), 1858316655107205 candidates (MITM path)
  MITM b1=271: s=4 t=3 j=3 je=3 Q=19902511 table=66923416 yh=27767810
stage b2=407 vs b1={272}: values [8408670214732362685449475031095607, 12132901071205952454668884633452544), 2013148118294589 candidates (MITM path)
  MITM b1=272: s=4 t=3 j=3 je=3 Q=20123648 table=67419143 yh=29860186
stage b2=408 vs b1={273}: values [8681247143262206912494013239001088, 12772533739409419310834931469027809), 2173895989930804 candidates (MITM path)
  MITM b1=273: s=4 t=3 j=3 je=3 Q=20346417 table=67917312 yh=32007981
stage b2=409 vs b1={274}: values [8961960059940892637875611279849529, 13443361569905787990117147696971776), 2340726651850699 candidates (MITM path)
  MITM b1=274: s=4 t=3 j=3 je=3 Q=20570824 table=68417929 yh=34212183
stage b2=410 vs b1={275}: values [9251031023150136293210000000000000, 14146783708901740610599517822265625), 2513810140435244 candidates (MITM path)
  MITM b1=275: s=4 t=3 j=3 je=3 Q=20796875 table=68921000 yh=36473791
stage b2=411 vs b1={276}: values [9548687587417003604089240200373131, 14884256613568087679683209751166976), 2693320207924311 candidates (MITM path)
  MITM b1=276: s=4 t=3 j=3 je=3 Q=21024576 table=69426531 yh=38793818
stage b2=412 vs b1={277}: values [9855162925543600012281425818550272, 15657296178282829721680640148731209), 2879434384451459 candidates (MITM path)
  MITM b1=277: s=4 t=3 j=3 je=3 Q=21253933 table=69934528 yh=41173287
stage b2=413 vs b1={278}: values [10170695953143139404457311421253453, 16467479931608472298443740375302144), 3072334040805483 candidates (MITM path)
  MITM b1=278: s=4 t=3 j=3 je=3 Q=21484952 table=70444997 yh=43613233

*** MATCH: 15815388856601927514309183824000400 is an 14-digit palindrome in bases 278 and 413
stage b2=414 vs b1={279}: values [10495531455623776755395673235513344, 17316449306087601206337604921562481), 3272204451923505 candidates (MITM path)
  MITM b1=279: s=4 t=3 j=3 je=3 Q=21717639 table=70957944 yh=46114703
stage b2=415 vs b1={280}: values [10829920217662198884330277099609375, 18205911982994253414400000000000000), 3479234861120375 candidates (MITM path)
  MITM b1=280: s=4 t=3 j=3 je=3 Q=21952000 table=71473375 yh=48678755
stage b2=416 vs b1={281}: values [11174119155209583553590348738461696, 19137644314233322299008947929826321), 3693618545059164 candidates (MITM path)
  MITM b1=281: s=4 t=3 j=3 je=3 Q=22188041 table=71991296 yh=51306460
stage b2=417 vs b1={282}: values [11528391450073160681535117383503137, 20113493823636134316549694448615424), 3915552879467530 candidates (MITM path)
  MITM b1=282: s=4 t=3 j=3 je=3 Q=22425768 table=72511713 yh=53998902
stage b2=418 vs b1={283}: values [11893006687117240570102814793146368, 21135381789957450134663699873055529), 4145239405604737 candidates (MITM path)
  MITM b1=283: s=4 t=3 j=3 je=3 Q=22665187 table=73034632 yh=56757176
stage b2=419 vs b1={284}: values [12268240994128212834729297883414259, 22205305913937498425779524506484736), 4382883897484128 candidates (MITM path)
  MITM b1=284: s=4 t=3 j=3 je=3 Q=22906304 table=73560059 yh=59582387
stage b2=420 vs b1={285}: values [12654377184388666245120000000000000, 23325343071852267342134088134765625), 4628696429855826 candidates (MITM path)
  MITM b1=285: s=4 t=3 j=3 je=3 Q=23149125 table=74088000 yh=62475657
stage b2=421 vs b1={286}: values [13051704902006434014097498971732661, 24497652158036179788437520640393216), 4882891446954479 candidates (MITM path)
  MITM b1=286: s=4 t=3 j=3 je=3 Q=23393656 table=74618461 yh=65438116
stage b2=422 vs b1={287}: values [13460520770045031283752025608445952, 25724477018923486959881583081626689), 5145687832016822 candidates (MITM path)
  MITM b1=287: s=4 t=3 j=3 je=3 Q=23639903 table=75151448 yh=68470908
stage b2=423 vs b1={288}: values [13881128541502621729192837547096583, 27008149481218253520093899825086464), 5417308977573888 candidates (MITM path)
  MITM b1=288: s=4 t=3 j=3 je=3 Q=23887872 table=75686967 yh=71575190
stage b2=424 vs b1={289}: values [14313839253187328406678973683073024, 28351092476867700887730107366063041), 5697982856522648 candidates (MITM path)
  MITM b1=289: s=4 t=3 j=3 je=3 Q=24137569 table=76225024 yh=74752130
stage b2=425 vs b1={290}: values [14758971382537390291690826416015625, 29755823267579946348100000000000000), 5987942093981896 candidates (MITM path)
  MITM b1=290: s=4 t=3 j=3 je=3 Q=24389000 table=76765625 yh=78002910
stage b2=426 vs b1={291}: values [15216851007435360461032099699531776, 31224956771694849412103314940863161), 6287424039937203 candidates (MITM path)
  MITM b1=291: s=4 t=3 j=3 je=3 Q=24642171 table=77308776 yh=81328724
stage b2=427 vs b1={292}: values [15687811969066244649321093637445467, 32761208996285777655067862320021504), 6596670842679728 candidates (MITM path)
  MITM b1=292: s=4 t=3 j=3 je=3 Q=24897088 table=77854483 yh=84730778
done: 350.76s, 726932203 candidates tested
