A171740 search: n=14, threads=1, limit=none
stage b2=453 vs b1={293}: values [33828023698415278110106494516889173, 34367400577440657174390053251553449), 137785942701748 candidates (MITM path)
  MITM b1=293: s=4 t=3 j=3 je=3 Q=25153757 table=92959677 yh=1482212
stage b2=454 vs b1={294}: values [34811768529054092814773128813502464, 36046460431742703147634670013136896), 310575812445179 candidates (MITM path)
  MITM b1=294: s=4 t=3 j=3 je=3 Q=25412184 table=93576664 yh=3318946
stage b2=455 vs b1={295}: values [35821862005173382840059779052734375, 37801429522044759444963140869140625), 490332344484242 candidates (MITM path)
  MITM b1=295: s=4 t=3 j=3 je=3 Q=25672375 table=94196375 yh=5205427
stage b2=456 vs b1={296}: values [36858949602344860248381873104879616, 39635464740706238900646729698246656), 677245529698722 candidates (MITM path)
  MITM b1=296: s=4 t=3 j=3 je=3 Q=25934336 table=94818816 yh=7142523
stage b2=457 vs b1={297}: values [37923691139306296516328170919321257, 41551842913538274087106161994416369), 871509340059884 candidates (MITM path)
  MITM b1=297: s=4 t=3 j=3 je=3 Q=26198073 table=95443993 yh=9131108
stage b2=458 vs b1={298}: values [39016761064175779784992789207359488, 43553964927780889034146280167849984), 1073321792322073 candidates (MITM path)
  MITM b1=298: s=4 t=3 j=3 je=3 Q=26463592 table=96071912 yh=11172067
stage b2=459 vs b1={299}: values [40138848745731510470918118846397179, 45645359987515812435930238280185801), 1282885012434683 candidates (MITM path)
  MITM b1=299: s=4 t=3 j=3 je=3 Q=26730899 table=96702579 yh=13266296
stage b2=460 vs b1={300}: values [41290658769835408015360000000000000, 47829690000000000000000000000000000), 1500405300679160 candidates (MITM path)
  MITM b1=300: s=4 t=3 j=3 je=3 Q=27000000 table=97336000 yh=15414701
stage b2=461 vs b1={301}: values [42472911241079835962500139972206781, 50110754096488045602459977936194201), 1726093197535688 candidates (MITM path)
  MITM b1=301: s=4 t=3 j=3 je=3 Q=27270901 table=97972181 yh=17618198
stage b2=462 vs b1={302}: values [43686342089737798337064428676636672, 52492493291196466086203175724662784), 1960163550284238 candidates (MITM path)
  MITM b1=302: s=4 t=3 j=3 je=3 Q=27543608 table=98611128 yh=19877712
stage b2=463 vs b1={303}: values [44931703384098017538267680344521103, 54978995282149371522266936818729569), 2202835580344636 candidates (MITM path)
  MITM b1=303: s=4 t=3 j=3 je=3 Q=27818127 table=99252847 yh=22194181
stage b2=464 vs b1={304}: values [46209763648267372780458093779615744, 57574499397733310582010212836704256), 2454332951360339 candidates (MITM path)
  MITM b1=304: s=4 t=3 j=3 je=3 Q=28094464 table=99897344 yh=24568551
stage b2=465 vs b1={305}: values [47521308185524258592298453369140625, 60283401692879138764114019775390625), 2714883838030587 candidates (MITM path)
  MITM b1=305: s=4 t=3 j=3 je=3 Q=28372625 table=100544625 yh=27001780
stage b2=466 vs b1={306}: values [48867139407307515137476120103428096, 63110260198880625404008432578871296), 2984720995695625 candidates (MITM path)
  MITM b1=306: s=4 t=3 j=3 je=3 Q=28652616 table=101194696 yh=29494837
stage b2=467 vs b1={307}: values [50248077167926686243123642272242787, 66059800330953223881038421346972249), 3264081830679676 candidates (MITM path)
  MITM b1=307: s=4 t=3 j=3 je=3 Q=28934443 table=101847563 yh=32048699
stage b2=468 vs b1={308}: values [51664959105080477120365807710240768, 69136920457732008849516311508680704), 3553208471396352 candidates (MITM path)
  MITM b1=308: s=4 t=3 j=3 je=3 Q=29218112 table=102503232 yh=34664356
stage b2=469 vs b1={309}: values [53118640986271411938365507173903909, 72346697637005265678995742402826761), 3852347840221213 candidates (MITM path)
  MITM b1=309: s=4 t=3 j=3 je=3 Q=29503629 table=103161709 yh=37342808
stage b2=470 vs b1={310}: values [54609997061205831773270000000000000, 75694393522079632032100000000000000), 4161751726136165 candidates (MITM path)
  MITM b1=310: s=4 t=3 j=3 je=3 Q=29791000 table=103823000 yh=40085066
stage b2=471 vs b1={311}: values [56139920420269526101585857174664311, 79185460443274071484794939191083441), 4481676858150394 candidates (MITM path)
  MITM b1=311: s=4 t=3 j=3 je=3 Q=30080231 table=104487111 yh=42892151
stage b2=472 vs b1={312}: values [57709323359170456049437363878756352, 82825547669143336572232508337291264), 4812384979502566 candidates (MITM path)
  MITM b1=312: s=4 t=3 j=3 je=3 Q=30371328 table=105154048 yh=45765095
stage b2=473 vs b1={313}: values [59319137749841205151272334026810233, 86620507852136986313803229728551889), 5154142922648975 candidates (MITM path)
  MITM b1=313: s=4 t=3 j=3 je=3 Q=30664297 table=105823817 yh=48704943
stage b2=474 vs b1={314}: values [60970315417694983520937358098407424, 90576403663507494251037011559202816), 5507222685042384 candidates (MITM path)
  MITM b1=314: s=4 t=3 j=3 je=3 Q=30959144 table=106496424 yh=51712748
stage b2=475 vs b1={315}: values [62663828525330214202404022216796875, 94699514622390550869469537353515625), 5871901505706252 candidates (MITM path)
  MITM b1=315: s=4 t=3 j=3 je=3 Q=31255875 table=107171875 yh=54789576
stage b2=476 vs b1={316}: values [64400669962779946155230391934386176, 98996344124092362953499355314651136), 6248461942609094 candidates (MITM path)
  MITM b1=316: s=4 t=3 j=3 je=3 Q=31554496 table=107850176 yh=57936503
stage b2=477 vs b1={317}: values [66181853744403566950222013869119117, 103473626672732616363732850530926329), 6637191950843681 candidates (MITM path)
  MITM b1=317: s=4 t=3 j=3 je=3 Q=31855013 table=108531333 yh=61154616
stage b2=478 vs b1={318}: values [68008415412519529913542931040821248, 108138335323507832794908910278426624), 7038384961615823 candidates (MITM path)
  MITM b1=318: s=4 t=3 j=3 je=3 Q=32157432 table=109215352 yh=64445015
stage b2=479 vs b1={319}: values [69881412447879065273246871214547039, 112997689339958150582465303553121921), 7452339962047460 candidates (MITM path)
  MITM b1=319: s=4 t=3 j=3 je=3 Q=32461759 table=109902239 yh=67808810

*** MATCH: 71920337699974602529556755367193600 is an 14-digit palindrome in bases 319 and 479
stage b2=480 vs b1={320}: values [71801924687082112942080000000000000, 118059162071741130342400000000000000), 7879361575798812 candidates (MITM path)
  MITM b1=320: s=4 t=3 j=3 je=3 Q=32768000 table=110592000 yh=71247121
done: 423.18s, 781819111 candidates tested
