A171740 search: n=14, threads=1, limit=none
stage b2=497 vs b1={319}: values [112884172450179624060242238336272177, 112997689339958150582465303553121921), 15155342736907 candidates (MITM path)
  MITM b1=319: s=4 t=3 j=3 je=3 Q=32461759 table=122763473 yh=123452
stage b2=498 vs b1={320}: values [115872787808729578273156568090615808, 118059162071741130342400000000000000), 287818766153717 candidates (MITM path)
  MITM b1=320: s=4 t=3 j=3 je=3 Q=32768000 table=123505992 yh=2330404
stage b2=499 vs b1={321}: values [118934292407095410727674098230506499, 123330489058539064373855829501034881), 570654559701690 candidates (MITM path)
  MITM b1=321: s=4 t=3 j=3 je=3 Q=33076161 table=124251499 yh=4592738
stage b2=500 vs b1={322}: values [122070312500000000000000000000000000, 128819676365851491009049261438418944), 863918574828991 candidates (MITM path)
  MITM b1=322: s=4 t=3 j=3 je=3 Q=33386248 table=125000000 yh=6911349
stage b2=501 vs b1={323}: values [125282507260900151852763473269506501, 134535009158552218608057415586748409), 1167871611464751 candidates (MITM path)
  MITM b1=323: s=4 t=3 j=3 je=3 Q=33698267 table=125751501 yh=9287139
stage b2=502 vs b1={324}: values [128572569380486442318916647962632192, 140485060518220186283313934500888576), 1482779491222934 candidates (MITM path)
  MITM b1=324: s=4 t=3 j=3 je=3 Q=34012224 table=126506008 yh=11721021
stage b2=503 vs b1={325}: values [131942225674835966194417272072460823, 146678700510385967791080474853515625), 1808913131373829 candidates (MITM path)
  MITM b1=325: s=4 t=3 j=3 je=3 Q=34328125 table=127263527 yh=14213917
stage b2=504 vs b1={326}: values [135393237703353943528128490047012864, 153125105507970699913650504140210176), 2146548619587787 candidates (MITM path)
  MITM b1=326: s=4 t=3 j=3 je=3 Q=34645976 table=128024064 yh=16766759
stage b2=505 vs b1={327}: values [138927402396641774642067017822265625, 159833767777331726128449290957670609), 2495967289455838 candidates (MITM path)
  MITM b1=327: s=4 t=3 j=3 je=3 Q=34965783 table=128787625 yh=19380491
stage b2=506 vs b1={328}: values [142546552694430788571794496737878016, 166814505333469329957730743425695744), 2857455796791829 candidates (MITM path)
  MITM b1=328: s=4 t=3 j=3 je=3 Q=35287552 table=129554216 yh=22056062
stage b2=507 vs b1={329}: values [146252558193722600716669650994316907, 174077472071091630146366848886447281), 3231306196720705 candidates (MITM path)
  MITM b1=329: s=4 t=3 j=3 je=3 Q=35611289 table=130323843 yh=24794437
stage b2=508 vs b1={330}: values [150047325807278683064941158898597888, 181633168178380062252900000000000000), 3617816021557599 candidates (MITM path)
  MITM b1=330: s=4 t=3 j=3 je=3 Q=35937000 table=131096512 yh=27596585
stage b2=509 vs b1={331}: values [153932800432603454742132269478454829, 189492450840445919389300039685792521), 4017288359482357 candidates (MITM path)
  MITM b1=331: s=4 t=3 j=3 je=3 Q=36264691 table=131872229 yh=30463491
stage b2=510 vs b1={332}: values [157910965631566921956510000000000000, 197666545239619210242183006282317824), 4430031934014166 candidates (MITM path)
  MITM b1=332: s=4 t=3 j=3 je=3 Q=36594368 table=132651000 yh=33396145
stage b2=511 vs b1={333}: values [161983844320814634817101682325330431, 206167055859864657197443888722807129), 4856361184290933 candidates (MITM path)
  MITM b1=333: s=4 t=3 j=3 je=3 Q=36926037 table=133432831 yh=36395550
stage b2=512 vs b1={334}: values [166153499473114484112975882535043072, 215005978102776043931247317256257536), 5296596346158075 candidates (MITM path)
  MITM b1=334: s=4 t=3 j=3 je=3 Q=37259704 table=134217728 yh=39462718
stage b2=513 vs b1={335}: values [170422034829791634103401401374218753, 224195710222759373302821832275390625), 5751063534071384 candidates (MITM path)
  MITM b1=335: s=4 t=3 j=3 je=3 Q=37595375 table=135005697 yh=42598673
stage b2=514 vs b1={336}: values [174791595624404677813900345660678144, 233749065589177456392773613876412416), 6220094823818644 candidates (MITM path)
  MITM b1=336: s=4 t=3 j=3 je=3 Q=37933056 table=135796744 yh=45804448
stage b2=515 vs b1={337}: values [179264369317817909400790555419921875, 243679285283393666208253061306357089), 6704028336064656 candidates (MITM path)
  MITM b1=337: s=4 t=3 j=3 je=3 Q=38272753 table=136590875 yh=49081085
stage b2=516 vs b1={338}: values [183842586344826433975051806358634496, 254000051038820699590976063168856064), 7203208320724356 candidates (MITM path)
  MITM b1=338: s=4 t=3 j=3 je=3 Q=38614472 table=137388096 yh=52429640
stage b2=517 vs b1={339}: values [188528520872492679004546608119852437, 264725498532251343422483410510418841), 7717985242168713 candidates (MITM path)
  MITM b1=339: s=4 t=3 j=3 je=3 Q=38958219 table=138188413 yh=55851176
stage b2=518 vs b1={340}: values [193324491570354733181895297159815168, 275870231034922482073600000000000000), 8248715865268071 candidates (MITM path)
  MITM b1=340: s=4 t=3 j=3 je=3 Q=39304000 table=138991832 yh=59346767
stage b2=519 vs b1={341}: values [198232862392668818594582670912803559, 287449333431940958491026723053340361), 8795763342277640 candidates (MITM path)
  MITM b1=341: s=4 t=3 j=3 je=3 Q=39651821 table=139798359 yh=62917501
stage b2=520 vs b1={342}: values [203256043372850100305920000000000000, 299478386618880458206192837825019904), 9359497300569821 candidates (MITM path)
  MITM b1=342: s=4 t=3 j=3 je=3 Q=40001688 table=140608000 yh=66564473
stage b2=521 vs b1={343}: values [208396491430277954192889648311785961, 311973482284542371301330321821976049), 9940293931218055 candidates (MITM path)
  MITM b1=343: s=4 t=3 j=3 je=3 Q=40353607 table=141420761 yh=70288789
stage b2=522 vs b1={344}: values [213656711189633749233078088598986752, 324951238089060649950183741190045696), 10538536078436898 candidates (MITM path)
  MITM b1=344: s=4 t=3 j=3 je=3 Q=40707584 table=142236648 yh=74091567
stage b2=523 vs b1={345}: values [219039255812941154532109005895053883, 338428813246721067109392828369140625), 11154613329883029 candidates (MITM path)
  MITM b1=345: s=4 t=3 j=3 je=3 Q=41063625 table=143055667 yh=77973936
stage b2=524 vs b1={346}: values [224546727844480954380310660801101824, 352423924523059044388546203674361856), 11788922107821889 candidates (MITM path)
  MITM b1=346: s=4 t=3 j=3 je=3 Q=41421736 table=143877824 yh=81937034
stage b2=525 vs b1={347}: values [230181780068754346668720245361328125, 366954862655997403768050803331897769), 12441865761164655 candidates (MITM path)
  MITM b1=347: s=4 t=3 j=3 je=3 Q=41781923 table=144703125 yh=85982012
stage b2=526 vs b1={348}: values [235947116381670711226715627769880576, 382040509210986058943919609908035584), 13113854658380283 candidates (MITM path)
  MITM b1=348: s=4 t=3 j=3 je=3 Q=42144192 table=145531576 yh=90110030
stage b2=527 vs b1={349}: values [241845492675137865214191430461762767, 397700353880309848525885235660892601), 13805306281287305 candidates (MITM path)
  MITM b1=349: s=4 t=3 j=3 je=3 Q=42508549 table=146363183 yh=94322261
stage b2=528 vs b1={350}: values [247879717735234872758731611882651648, 413954512236938476562500000000000000), 14516645319730130 candidates (MITM path)
  MITM b1=350: s=4 t=3 j=3 je=3 Q=42875000 table=147197952 yh=98619887
stage b2=529 vs b1={351}: values [254052654154149545721997685422868689, 430823743953503917975940025623902401), 15248303767144548 candidates (MITM path)
  MITM b1=351: s=4 t=3 j=3 je=3 Q=43243551 table=148035889 yh=103004102
stage b2=530 vs b1={352}: values [260367219256064861959730000000000000, 448329471497205720126420014212317184), 16000721017017174 candidates (MITM path)
  MITM b1=352: s=4 t=3 j=3 je=3 Q=43614208 table=148877000 yh=107476112
stage b2=531 vs b1={353}: values [266826386037180636857388515472989091, 466493799311663440167496584517263169), 16774343960243559 candidates (MITM path)
  MITM b1=353: s=4 t=3 j=3 je=3 Q=43986977 table=149721291 yh=112037132
stage b2=532 vs b1={354}: values [273433184120058913430441697300447232, 485339533496958054990141432093229056), 17569627083389703 candidates (MITM path)
  MITM b1=354: s=4 t=3 j=3 je=3 Q=44361864 table=150568768 yh=116688390
stage b2=533 vs b1={355}: values [280190700722483686027416350032250213, 504890201999330620896660650634765625), 18387032567861699 candidates (MITM path)
  MITM b1=355: s=4 t=3 j=3 je=3 Q=44738875 table=151419437 yh=121431125

*** MATCH: 323576106413492980575472910847149412 is an 14-digit palindrome in bases 355 and 533
stage b2=534 vs b1={356}: values [287102081641027742818685874210299904, 525170075322236798832332084919402496), 19227030389988255 candidates (MITM path)
  MITM b1=356: s=4 t=3 j=3 je=3 Q=45118016 table=152273304 yh=126266588
stage b2=535 vs b1={357}: values [294170532249521602949110970458984375, 546204187770690153801056774632964649), 20090098422020824 candidates (MITM path)
  MITM b1=357: s=4 t=3 j=3 je=3 Q=45499293 table=153130375 yh=131196038
stage b2=536 vs b1={358}: values [301399318512621735633442871240032256, 568018359241065440405821984897122304), 20976722534056108 candidates (MITM path)
  MITM b1=358: s=4 t=3 j=3 je=3 Q=45882712 table=153990656 yh=136220750
stage b2=537 vs b1={359}: values [308791768014677480736121943614131897, 590639217568775457331652612637964561), 21887396696885656 candidates (MITM path)
  MITM b1=359: s=4 t=3 j=3 je=3 Q=46268279 table=154854153 yh=141342007
stage b2=538 vs b1={360}: values [316351271004098343658904022264291328, 614094221446481549721600000000000000), 22822623085777334 candidates (MITM path)
  MITM b1=360: s=4 t=3 j=3 je=3 Q=46656000 table=155720872 yh=146561106
done: 1286.61s, 1927016606 candidates tested
