A171740 search: n=14, threads=1, limit=none
stage b2=238 vs b1={161}: values [7861409907565911395902147452928, 7862529075064177918032791835841), 25873572009 candidates (MITM path)
  MITM b1=161: s=5 t=2 j=2 je=4 Q=25921 table=56644 yh=456776
stage b2=239 vs b1={162}: values [8301808522036075428899283574319, 8574527619520275041706172760064), 6122520449535 candidates (MITM path)
  MITM b1=162: s=4 t=3 j=3 je=3 Q=4251528 table=13651919 yh=448474
stage b2=240 vs b1={163}: values [8764883384653578240000000000000, 9346014740476727289651520028089), 12670554378301 candidates (MITM path)
  MITM b1=163: s=4 t=3 j=3 je=3 Q=4330747 table=13824000 yh=916563
stage b2=241 vs b1={164}: values [9251700251046710094679721359921, 10181549397794758908552901820416), 19692152884803 candidates (MITM path)
  MITM b1=164: s=4 t=3 j=3 je=3 Q=4410944 table=13997521 yh=1406832
stage b2=242 vs b1={165}: values [9763370219706129960633407578112, 11086008799949954971490478515625), 27210318463221 candidates (MITM path)
  MITM b1=165: s=4 t=3 j=3 je=3 Q=4492125 table=14172488 yh=1919940
stage b2=243 vs b1={166}: values [10301051460877537453973547267843, 12064608474097852187633240129536), 35248901662555 candidates (MITM path)
  MITM b1=166: s=4 t=3 j=3 je=3 Q=4574296 table=14348907 yh=2456557
stage b2=244 vs b1={167}: values [10865951003805248506649833897984, 13122923468187014400100544266129), 43832624622223 candidates (MITM path)
  MITM b1=167: s=4 t=3 j=3 je=3 Q=4657463 table=14526784 yh=3017367
stage b2=245 vs b1={168}: values [11459326584042668830137939453125, 14266910741526944359910498893824), 52987105060933 candidates (MITM path)
  MITM b1=168: s=4 t=3 j=3 je=3 Q=4741632 table=14706125 yh=3603064
stage b2=246 vs b1={169}: values [12082488552588734255431226843136, 15502932802662396215269535105521), 62738880723657 candidates (MITM path)
  MITM b1=169: s=4 t=3 j=3 je=3 Q=4826809 table=14886936 yh=4214359
stage b2=247 vs b1={170}: values [12736801848653359358345383963927, 16837782655940092900000000000000), 73115434291522 candidates (MITM path)
  MITM b1=170: s=4 t=3 j=3 je=3 Q=4913000 table=15069223 yh=4851972
stage b2=248 vs b1={171}: values [13423688037899820324566029303808, 18278710120781277966686574574281), 84145218759457 candidates (MITM path)
  MITM b1=171: s=4 t=3 j=3 je=3 Q=5000211 table=15252992 yh=5516637
stage b2=249 vs b1={172}: values [14144627418057809847797432628249, 19833449590396768185436019359744), 95857683286422 candidates (MITM path)
  MITM b1=172: s=4 t=3 j=3 je=3 Q=5088448 table=15438249 yh=6209104
stage b2=250 vs b1={173}: values [14901161193847656250000000000000, 21510249299503115502230603251609), 108283299523060 candidates (MITM path)
  MITM b1=173: s=4 t=3 j=3 je=3 Q=5177717 table=15625000 yh=6930132
stage b2=251 vs b1={174}: values [15694893723203911415883379878251, 23317902173522098324213843378176), 121453588421621 candidates (MITM path)
  MITM b1=174: s=4 t=3 j=3 je=3 Q=5268024 table=15813251 yh=7680495
stage b2=252 vs b1={175}: values [16527494836835198184585997320192, 25265778334774076938629150390625), 135401147533004 candidates (MITM path)
  MITM b1=175: s=4 t=3 j=3 je=3 Q=5359375 table=16003008 yh=8460982
stage b2=253 vs b1={176}: values [17400702233206883370580382902573, 27363859344311872566309815320576), 150159678795761 candidates (MITM path)
  MITM b1=176: s=4 t=3 j=3 je=3 Q=5451776 table=16194277 yh=9272392
stage b2=254 vs b1={177}: values [18316323951083823616325825060864, 29622774261288943786019374517409), 165764016821935 candidates (MITM path)
  MITM b1=177: s=4 t=3 j=3 je=3 Q=5545233 table=16387064 yh=10115541
stage b2=255 vs b1={178}: values [19276240921822134027894287109375, 32053837605116992116231206354944), 182250157684585 candidates (MITM path)
  MITM b1=178: s=4 t=3 j=3 je=3 Q=5639752 table=16581375 yh=10991258
stage b2=256 vs b1={179}: values [20282409603651670423947251286016, 34669089309147060571644408257881), 199655288211856 candidates (MITM path)
  MITM b1=179: s=4 t=3 j=3 je=3 Q=5735339 table=16777216 yh=11900383
stage b2=257 vs b1={180}: values [21336864700244711647204632038657, 37481336758208102400000000000000), 218017815792488 candidates (MITM path)
  MITM b1=180: s=4 t=3 j=3 je=3 Q=5832000 table=16974593 yh=12843773
stage b2=258 vs b1={181}: values [22441721965921195553595191205888, 40504199006061377874300161158921), 237377398697601 candidates (MITM path)
  MITM b1=181: s=4 t=3 j=3 je=3 Q=5929741 table=17173512 yh=13822298
stage b2=259 vs b1={182}: values [23599181099896818015368078266579, 43752153272681450786889799450624), 257774976923670 candidates (MITM path)
  MITM b1=182: s=4 t=3 j=3 je=3 Q=6028568 table=17373979 yh=14836842
stage b2=260 vs b1={183}: values [24811528732037365760000000000000, 47240583825258650248061856817329), 279252803561543 candidates (MITM path)
  MITM b1=183: s=4 t=3 j=3 je=3 Q=6128487 table=17576000 yh=15888303
stage b2=261 vs b1={184}: values [26081141502640838529428477612181, 50985833350937367259526396379136), 301854476696403 candidates (MITM path)
  MITM b1=184: s=4 t=3 j=3 je=3 Q=6229504 table=17779581 yh=16977593
stage b2=262 vs b1={185}: values [27410489238828241501502766211072, 55005256933563283079156494140625), 325624971843549 candidates (MITM path)
  MITM b1=185: s=4 t=3 j=3 je=3 Q=6331625 table=17984728 yh=18105638
stage b2=263 vs b1={186}: values [28802138230184412991542435030503, 59317278751114476837427823394816), 350610674924906 candidates (MITM path)
  MITM b1=186: s=4 t=3 j=3 je=3 Q=6434856 table=18191447 yh=19273381
stage b2=264 vs b1={187}: values [30258754606351913178556104966144, 63941451615040319308126414230889), 376859415791132 candidates (MITM path)
  MITM b1=187: s=4 t=3 j=3 je=3 Q=6539203 table=18399744 yh=20481775
stage b2=265 vs b1={188}: values [31783107819343855219693603515625, 68898519477432202601009998987264), 404420502294251 candidates (MITM path)
  MITM b1=188: s=4 t=3 j=3 je=3 Q=6644672 table=18609625 yh=21731793

*** MATCH: 55709933206114808306242049346336 is an 14-digit palindrome in bases 188 and 265
stage b2=266 vs b1={189}: values [33378074233405629080864465002496, 74210483036805646041349463016441), 433344754915681 candidates (MITM path)
  MITM b1=189: s=4 t=3 j=3 je=3 Q=6751269 table=18821096 yh=23024417
stage b2=267 vs b1={190}: values [35046640825320769387046615504187, 79900668578288412100000000000000), 463684541954591 candidates (MITM path)
  MITM b1=190: s=4 t=3 j=3 je=3 Q=6859000 table=19034163 yh=24360648
stage b2=268 vs b1={191}: values [36791908998122770463066756743168, 85993800189188311159265455973761), 495493815281472 candidates (MITM path)
  MITM b1=191: s=4 t=3 j=3 je=3 Q=6967871 table=19248832 yh=25741501
stage b2=269 vs b1={192}: values [38617098511242473591174807405309, 92516075496261812625843582664704), 528828146661844 candidates (MITM path)
  MITM b1=192: s=4 t=3 j=3 je=3 Q=7077888 table=19465109 yh=27168004
stage b2=270 vs b1={193}: values [40525551530189762670000000000000, 99495245076524950698517189573249), 563744764655011 candidates (MITM path)
  MITM b1=193: s=4 t=3 j=3 je=3 Q=7189057 table=19683000 yh=28641202
stage b2=271 vs b1={194}: values [42520736798938724454382073077711, 106960695699145951556010651959296), 600302592092771 candidates (MITM path)
  MITM b1=194: s=4 t=3 j=3 je=3 Q=7301384 table=19902511 yh=30162154
stage b2=272 vs b1={195}: values [44606253938257178142165017034752, 114943537561839249322760009765625), 638562284143017 candidates (MITM path)
  MITM b1=195: s=4 t=3 j=3 je=3 Q=7414875 table=20123648 yh=31731935
stage b2=273 vs b1={196}: values [46785837873294576230164584135633, 123476695691247935826229781856256), 678586266963130 candidates (MITM path)
  MITM b1=196: s=4 t=3 j=3 je=3 Q=7529536 table=20346417 yh=33351635
stage b2=274 vs b1={197}: values [49063363393816744489478641229824, 132595005683061140853836321918569), 720438776948103 candidates (MITM path)
  MITM b1=197: s=4 t=3 j=3 je=3 Q=7645373 table=20570824 yh=35022359
stage b2=275 vs b1={198}: values [51442849850551784038543701171875, 142335313964069405978409510518784), 764185900578321 candidates (MITM path)
  MITM b1=198: s=4 t=3 j=3 je=3 Q=7762392 table=20796875 yh=36745228
stage b2=276 vs b1={199}: values [53928465991188723477113078808576, 152736582765019941952958691637201), 809895614871913 candidates (MITM path)
  MITM b1=199: s=4 t=3 j=3 je=3 Q=7880599 table=21024576 yh=38521377
done: 116.83s, 316581077 candidates tested
