A171740 search: n=14, threads=1, limit=none
stage b2=233 vs b1={158}: values [5965226978431093156430190442313, 6042257331792746762298544635904), 2066190892618 candidates (MITM path)
  MITM b1=158: s=4 t=3 j=3 je=3 Q=3944312 table=12649337 yh=163344
stage b2=234 vs b1={159}: values [6306757703256894179732154261504, 6600240193085194872736139543361), 7639610078464 candidates (MITM path)
  MITM b1=159: s=4 t=3 j=3 je=3 Q=4019679 table=12812904 yh=596244
stage b2=235 vs b1={160}: values [6666259406885477511385498046875, 7205759403792793600000000000000), 13630645111701 candidates (MITM path)
  MITM b1=160: s=4 t=3 j=3 je=3 Q=4096000 table=12977875 yh=1050299
stage b2=236 vs b1={161}: values [7044595136617487310722334457856, 7862529075064177918032791835841), 20060151467494 candidates (MITM path)
  MITM b1=161: s=4 t=3 j=3 je=3 Q=4173281 table=13144256 yh=1526154
stage b2=237 vs b1={162}: values [7442665456261594668083173595997, 8574527619520275041706172760064), 26949773541538 candidates (MITM path)
  MITM b1=162: s=4 t=3 j=3 je=3 Q=4251528 table=13312053 yh=2024465
stage b2=238 vs b1={163}: values [7861409907565911395902147452928, 9346014740476727289651520028089), 34321967094508 candidates (MITM path)
  MITM b1=163: s=4 t=3 j=3 je=3 Q=4330747 table=13481272 yh=2545900
stage b2=239 vs b1={164}: values [8301808522036075428899283574319, 10181549397794758908552901820416), 42200022139358 candidates (MITM path)
  MITM b1=164: s=4 t=3 j=3 je=3 Q=4410944 table=13651919 yh=3091143
stage b2=240 vs b1={165}: values [8764883384653578240000000000000, 11086008799949954971490478515625), 50608086276314 candidates (MITM path)
  MITM b1=165: s=4 t=3 j=3 je=3 Q=4492125 table=13824000 yh=3660886
stage b2=241 vs b1={166}: values [9251700251046710094679721359921, 12064608474097852187633240129536), 59571188480372 candidates (MITM path)
  MITM b1=166: s=4 t=3 j=3 je=3 Q=4574296 table=13997521 yh=4255839
stage b2=242 vs b1={167}: values [9763370219706129960633407578112, 13122923468187014400100544266129), 69115263346136 candidates (MITM path)
  MITM b1=167: s=4 t=3 j=3 je=3 Q=4657463 table=14172488 yh=4876721
stage b2=243 vs b1={168}: values [10301051460877537453973547267843, 14266910741526944359910498893824), 79267175794831 candidates (MITM path)
  MITM b1=168: s=4 t=3 j=3 je=3 Q=4741632 table=14348907 yh=5524266
stage b2=244 vs b1={169}: values [10865951003805248506649833897984, 15502932802662396215269535105521), 90054746248338 candidates (MITM path)
  MITM b1=169: s=4 t=3 j=3 je=3 Q=4826809 table=14526784 yh=6199222
stage b2=245 vs b1={170}: values [11459326584042668830137939453125, 16837782655940092900000000000000), 101506776275090 candidates (MITM path)
  MITM b1=170: s=4 t=3 j=3 je=3 Q=4913000 table=14706125 yh=6902347
stage b2=246 vs b1={171}: values [12082488552588734255431226843136, 18278710120781277966686574574281), 113653074712681 candidates (MITM path)
  MITM b1=171: s=4 t=3 j=3 je=3 Q=5000211 table=14886936 yh=7634417
stage b2=247 vs b1={172}: values [12736801848653359358345383963927, 19833449590396768185436019359744), 126524484272047 candidates (MITM path)
  MITM b1=172: s=4 t=3 j=3 je=3 Q=5088448 table=15069223 yh=8396219
stage b2=248 vs b1={173}: values [13423688037899820324566029303808, 21510249299503115502230603251609), 140152908628073 candidates (MITM path)
  MITM b1=173: s=4 t=3 j=3 je=3 Q=5177717 table=15252992 yh=9188552
stage b2=249 vs b1={174}: values [14144627418057809847797432628249, 23317902173522098324213843378176), 154571340001490 candidates (MITM path)
  MITM b1=174: s=4 t=3 j=3 je=3 Q=5268024 table=15438249 yh=10012233

*** MATCH: 19159445823085684628430759972250 is an 14-digit palindrome in bases 174 and 249
stage b2=250 vs b1={175}: values [14901161193847656250000000000000, 25265778334774076938629150390625), 169813887236939 candidates (MITM path)
  MITM b1=175: s=4 t=3 j=3 je=3 Q=5359375 table=15625000 yh=10868089
stage b2=251 vs b1={176}: values [15694893723203911415883379878251, 27363859344311872566309815320576), 185915804382053 candidates (MITM path)
  MITM b1=176: s=4 t=3 j=3 je=3 Q=5451776 table=15813251 yh=11756963
stage b2=252 vs b1={177}: values [16527494836835198184585997320192, 29622774261288943786019374517409), 202913519772459 candidates (MITM path)
  MITM b1=177: s=4 t=3 j=3 je=3 Q=5545233 table=16003008 yh=12679712
stage b2=253 vs b1={178}: values [17400702233206883370580382902573, 32053837605116992116231206354944), 220844665627560 candidates (MITM path)
  MITM b1=178: s=4 t=3 j=3 je=3 Q=5639752 table=16194277 yh=13637205
stage b2=254 vs b1={179}: values [18316323951083823616325825060864, 34669089309147060571644408257881), 239748108161984 candidates (MITM path)
  MITM b1=179: s=4 t=3 j=3 je=3 Q=5735339 table=16387064 yh=14630328
done: 38.93s, 86004843 candidates tested
