A171740 search: n=14, threads=1, limit=none
stage b2=500 vs b1={321}: values [122070312500000000000000000000000000, 123330489058539064373855829501034881), 161302599493001 candidates (MITM path)
  MITM b1=321: s=4 t=3 j=3 je=3 Q=33076161 table=125000000 yh=1290421
stage b2=501 vs b1={322}: values [125282507260900151852763473269506501, 128819676365851491009049261438418944), 446469444515449 candidates (MITM path)
  MITM b1=322: s=4 t=3 j=3 je=3 Q=33386248 table=125751501 yh=3550411
stage b2=502 vs b1={323}: values [128572569380486442318916647962632192, 134535009158552218608057415586748409), 742160755323734 candidates (MITM path)
  MITM b1=323: s=4 t=3 j=3 je=3 Q=33698267 table=126506008 yh=5866605
stage b2=503 vs b1={324}: values [131942225674835966194417272072460823, 140485060518220186283313934500888576), 1048639264125534 candidates (MITM path)
  MITM b1=324: s=4 t=3 j=3 je=3 Q=34012224 table=127263527 yh=8239905
stage b2=504 vs b1={325}: values [135393237703353943528128490047012864, 146678700510385967791080474853515625), 1366172750483546 candidates (MITM path)
  MITM b1=325: s=4 t=3 j=3 je=3 Q=34328125 table=128024064 yh=10671219
stage b2=505 vs b1={326}: values [138927402396641774642067017822265625, 153125105507970699913650504140210176), 1695034115495445 candidates (MITM path)
  MITM b1=326: s=4 t=3 j=3 je=3 Q=34645976 table=128787625 yh=13161468
stage b2=506 vs b1={327}: values [142546552694430788571794496737878016, 159833767777331726128449290957670609), 2035501456746681 candidates (MITM path)
  MITM b1=327: s=4 t=3 j=3 je=3 Q=34965783 table=129554216 yh=15711581
stage b2=507 vs b1={328}: values [146252558193722600716669650994316907, 166814505333469329957730743425695744), 2387858144040717 candidates (MITM path)
  MITM b1=328: s=4 t=3 j=3 je=3 Q=35287552 table=130323843 yh=18322497
stage b2=508 vs b1={329}: values [150047325807278683064941158898597888, 174077472071091630146366848886447281), 2752392895911344 candidates (MITM path)
  MITM b1=329: s=4 t=3 j=3 je=3 Q=35611289 table=131096512 yh=20995165
stage b2=509 vs b1={330}: values [153932800432603454742132269478454829, 181633168178380062252900000000000000), 3129399856921729 candidates (MITM path)
  MITM b1=330: s=4 t=3 j=3 je=3 Q=35937000 table=131872229 yh=23730545
stage b2=510 vs b1={331}: values [157910965631566921956510000000000000, 189492450840445919389300039685792521), 3519178675754801 candidates (MITM path)
  MITM b1=331: s=4 t=3 j=3 je=3 Q=36264691 table=132651000 yh=26529606
stage b2=511 vs b1={332}: values [161983844320814634817101682325330431, 197666545239619210242183006282317824), 3922034584099651 candidates (MITM path)
  MITM b1=332: s=4 t=3 j=3 je=3 Q=36594368 table=133432831 yh=29393326
stage b2=512 vs b1={333}: values [166153499473114484112975882535043072, 206167055859864657197443888722807129), 4338278476338577 candidates (MITM path)
  MITM b1=333: s=4 t=3 j=3 je=3 Q=36926037 table=134217728 yh=32322694
stage b2=513 vs b1={334}: values [170422034829791634103401401374218753, 215005978102776043931247317256257536), 4768226990039428 candidates (MITM path)
  MITM b1=334: s=4 t=3 j=3 je=3 Q=37259704 table=135005697 yh=35318710
stage b2=514 vs b1={335}: values [174791595624404677813900345660678144, 224195710222759373302821832275390625), 5212202587257910 candidates (MITM path)
  MITM b1=335: s=4 t=3 j=3 je=3 Q=37595375 table=135796744 yh=38382383
stage b2=515 vs b1={336}: values [179264369317817909400790555419921875, 233749065589177456392773613876412416), 5670533636654506 candidates (MITM path)
  MITM b1=336: s=4 t=3 j=3 je=3 Q=37933056 table=136590875 yh=41514733
stage b2=516 vs b1={337}: values [183842586344826433975051806358634496, 243679285283393666208253061306357089), 6143554496430688 candidates (MITM path)
  MITM b1=337: s=4 t=3 j=3 je=3 Q=38272753 table=137388096 yh=44716789
stage b2=517 vs b1={338}: values [188528520872492679004546608119852437, 254000051038820699590976063168856064), 6631605598089070 candidates (MITM path)
  MITM b1=338: s=4 t=3 j=3 je=3 Q=38614472 table=138188413 yh=47989593
stage b2=518 vs b1={339}: values [193324491570354733181895297159815168, 264725498532251343422483410510418841), 7135033531022190 candidates (MITM path)
  MITM b1=339: s=4 t=3 j=3 je=3 Q=38958219 table=138991832 yh=51334194
stage b2=519 vs b1={340}: values [198232862392668818594582670912803559, 275870231034922482073600000000000000), 7654191127934593 candidates (MITM path)
  MITM b1=340: s=4 t=3 j=3 je=3 Q=39304000 table=139798359 yh=54751653

*** MATCH: 260129831793613163300589216210945280 is an 14-digit palindrome in bases 340 and 519
stage b2=520 vs b1={341}: values [203256043372850100305920000000000000, 287449333431940958491026723053340361), 8189437551102893 candidates (MITM path)
  MITM b1=341: s=4 t=3 j=3 je=3 Q=39651821 table=140608000 yh=58243042
stage b2=521 vs b1={342}: values [208396491430277954192889648311785961, 299478386618880458206192837825019904), 8741138379478501 candidates (MITM path)
  MITM b1=342: s=4 t=3 j=3 je=3 Q=40001688 table=141420761 yh=61809443
stage b2=522 vs b1={343}: values [213656711189633749233078088598986752, 311973482284542371301330321821976049), 9309665696637701 candidates (MITM path)
  MITM b1=343: s=4 t=3 j=3 je=3 Q=40353607 table=142236648 yh=65451949
stage b2=523 vs b1={344}: values [219039255812941154532109005895053883, 324951238089060649950183741190045696), 9895398179583770 candidates (MITM path)
  MITM b1=344: s=4 t=3 j=3 je=3 Q=40707584 table=143055667 yh=69171662
stage b2=524 vs b1={345}: values [224546727844480954380310660801101824, 338428813246721067109392828369140625), 10498721188405841 candidates (MITM path)
  MITM b1=345: s=4 t=3 j=3 je=3 Q=41063625 table=143877824 yh=72969697
stage b2=525 vs b1={346}: values [230181780068754346668720245361328125, 352423924523059044388546203674361856), 11120026856799198 candidates (MITM path)
  MITM b1=346: s=4 t=3 j=3 je=3 Q=41421736 table=144703125 yh=76847179
stage b2=526 vs b1={347}: values [235947116381670711226715627769880576, 366954862655997403768050803331897769), 11759714183451704 candidates (MITM path)
  MITM b1=347: s=4 t=3 j=3 je=3 Q=41781923 table=145531576 yh=80805242
stage b2=527 vs b1={348}: values [241845492675137865214191430461762767, 382040509210986058943919609908035584), 12418189124301090 candidates (MITM path)
  MITM b1=348: s=4 t=3 j=3 je=3 Q=42144192 table=146363183 yh=84845034
stage b2=528 vs b1={349}: values [247879717735234872758731611882651648, 397700353880309848525885235660892601), 13095864685667778 candidates (MITM path)
  MITM b1=349: s=4 t=3 j=3 je=3 Q=42508549 table=147197952 yh=88967710
stage b2=529 vs b1={350}: values [254052654154149545721997685422868689, 413954512236938476562500000000000000), 13793161018267981 candidates (MITM path)
  MITM b1=350: s=4 t=3 j=3 je=3 Q=42875000 table=148035889 yh=93174440
done: 617.67s, 723342352 candidates tested
