A171740 search: n=14, threads=1, limit=none
stage b2=549 vs b1={350}: values [411566936207857087647217069653412149, 413954512236938476562500000000000000), 158836679254566 candidates (MITM path)
  MITM b1=350: s=4 t=3 j=3 je=3 Q=42875000 table=165469149 yh=959918
stage b2=550 vs b1={351}: values [421419825975720214843750000000000000, 430823743953503917975940025623902401), 617689197244851 candidates (MITM path)
  MITM b1=351: s=4 t=3 j=3 je=3 Q=43243551 table=166375000 yh=3712633
stage b2=551 vs b1={352}: values [431490049578408029900978423638102151, 448329471497205720126420014212317184), 1092109001085401 candidates (MITM path)
  MITM b1=352: s=4 t=3 j=3 je=3 Q=43614208 table=167284151 yh=6528467
stage b2=552 vs b1={353}: values [441781993399818022724510341599854592, 466493799311663440167496584517263169), 1582453437993233 candidates (MITM path)
  MITM b1=353: s=4 t=3 j=3 je=3 Q=43986977 table=168196608 yh=9408356
stage b2=553 vs b1={354}: values [452300124157745355934980751882862473, 485339533496958054990141432093229056), 2089086177231711 candidates (MITM path)
  MITM b1=354: s=4 t=3 j=3 je=3 Q=44361864 table=169112377 yh=12353243
stage b2=554 vs b1={355}: values [463048990225606285487392794579083264, 504890201999330620896660650634765625), 2612377295834357 candidates (MITM path)
  MITM b1=355: s=4 t=3 j=3 je=3 Q=44738875 table=170031464 yh=15364082
stage b2=555 vs b1={356}: values [474033222973456292803297401123046875, 525170075322236798832332084919402496), 3152703365154722 candidates (MITM path)
  MITM b1=356: s=4 t=3 j=3 je=3 Q=45118016 table=170953875 yh=18441837
stage b2=556 vs b1={357}: values [485257538128548939096586766742716416, 546204187770690153801056774632964649), 3710447538246914 candidates (MITM path)
  MITM b1=357: s=4 t=3 j=3 je=3 Q=45499293 table=171879616 yh=21587479
stage b2=557 vs b1={358}: values [496726737155684136275087566416582557, 568018359241065440405821984897122304), 4285999638081366 candidates (MITM path)
  MITM b1=358: s=4 t=3 j=3 je=3 Q=45882712 table=172808693 yh=24801991
stage b2=558 vs b1={359}: values [508445708657597236854185159560716288, 590639217568775457331652612637964561), 4879756246600478 candidates (MITM path)
  MITM b1=359: s=4 t=3 j=3 je=3 Q=46268279 table=173741112 yh=28086365
stage b2=559 vs b1={360}: values [520419429795643077901856425190522479, 614094221446481549721600000000000000), 5492120794618719 candidates (MITM path)
  MITM b1=360: s=4 t=3 j=3 je=3 Q=46656000 table=174676879 yh=31441602
stage b2=560 vs b1={361}: values [532652967731031871324160000000000000, 638411683925748518131605316913942641), 6123503652571815 candidates (MITM path)
  MITM b1=361: s=4 t=3 j=3 je=3 Q=47045881 table=175616000 yh=34868712
stage b2=561 vs b1={362}: values [545151481086876614974812989924244081, 663620796515309615092533840427761664), 6774322222119632 candidates (MITM path)
  MITM b1=362: s=4 t=3 j=3 je=3 Q=47437928 table=176558481 yh=38368717
stage b2=562 vs b1={363}: values [557920221431314506311321357441769472, 689751653889366534925949446541436489), 7445001028607390 candidates (MITM path)
  MITM b1=363: s=4 t=3 j=3 je=3 Q=47832147 table=177504328 yh=41942646
stage b2=563 vs b1={364}: values [570964534781967672803543519620846403, 716835279219612889692402474199023616), 8135971814389818 candidates (MITM path)
  MITM b1=364: s=4 t=3 j=3 je=3 Q=48228544 table=178453547 yh=45591539
stage b2=564 vs b1={365}: values [584289863132011391209840769230700544, 744903650144937675010347955322265625), 8847673633022889 candidates (MITM path)
  MITM b1=365: s=4 t=3 j=3 je=3 Q=48627125 table=179406144 yh=49316448
stage b2=565 vs b1={366}: values [597901745998120851353366153564453125, 773989725393037725664245462095118336), 9580552944327769 candidates (MITM path)
  MITM b1=366: s=4 t=3 j=3 je=3 Q=49027896 table=180362125 yh=53118431
stage b2=566 vs b1={367}: values [611805821990570429339805757456080896, 804127472068445204802288858779989729), 10335063710331613 candidates (MITM path)
  MITM b1=367: s=4 t=3 j=3 je=3 Q=49430863 table=181321496 yh=56998558
stage b2=567 vs b1={368}: values [626007830405762370442234920236832087, 835351893621757825180080478275764224), 11111667492089852 candidates (MITM path)
  MITM b1=368: s=4 t=3 j=3 je=3 Q=49836032 table=182284263 yh=60957909
stage b2=568 vs b1={369}: values [640513612841464743323893889989869568, 867699058515145830106783895701970721), 11910833547394613 candidates (MITM path)
  MITM b1=369: s=4 t=3 j=3 je=3 Q=50243409 table=183250432 yh=64997575
stage b2=569 vs b1={370}: values [655329114835041515061818544164613209, 901206129599500829968900000000000000), 12733038929373936 candidates (MITM path)
  MITM b1=370: s=4 t=3 j=3 je=3 Q=50653000 table=184220009 yh=69118654
stage b2=570 vs b1={371}: values [670460387524960610760570000000000000, 935911394218887462627310370080165081), 13578768585986408 candidates (MITM path)
  MITM b1=371: s=4 t=3 j=3 je=3 Q=51064811 table=185193000 yh=73322257
stage b2=571 vs b1={372}: values [685913589335868862593975790997597611, 971854295058259588504417458500665344), 14448515460415913 candidates (MITM path)
  MITM b1=372: s=4 t=3 j=3 je=3 Q=51478848 table=186169411 yh=77609503
stage b2=572 vs b1={373}: values [701694987687525821073007584217137152, 1009075461750708410420050723039024009), 15342780592371121 candidates (MITM path)
  MITM b1=373: s=4 t=3 j=3 je=3 Q=51895117 table=187149248 yh=81981525
stage b2=573 vs b1={374}: values [717810960727891496399861673112327533, 1047616743260820591544343170758885376), 16262073220294399 candidates (MITM path)
  MITM b1=374: s=4 t=3 j=3 je=3 Q=52313624 table=188132517 yh=86439461
stage b2=574 vs b1={375}: values [734267999090666220123170482943156224, 1087521241061040200293064117431640625), 17206910884484808 candidates (MITM path)
  MITM b1=375: s=4 t=3 j=3 je=3 Q=52734375 table=189119224 yh=90984463
stage b2=575 vs b1={376}: values [751072707677583967149257659912109375, 1128833343118249207414947823407333376), 18177819531139857 candidates (MITM path)
  MITM b1=376: s=4 t=3 j=3 je=3 Q=53157376 table=190109375 yh=95617692
stage b2=576 vs b1={377}: values [768231807465763655682670928358014976, 1171598758708107367475386427203165009), 19175333617320679 candidates (MITM path)
  MITM b1=377: s=4 t=3 j=3 je=3 Q=53582633 table=191102976 yh=100340320
stage b2=577 vs b1={378}: values [785752137340426148060117653375876417, 1215864554075023704741469602061369344), 20199996216845324 candidates (MITM path)
  MITM b1=378: s=4 t=3 j=3 je=3 Q=54010152 table=192100033 yh=105153529

*** MATCH: 1018706619874057254193548000636897292 is an 14-digit palindrome in bases 378 and 577
stage b2=578 vs b1={379}: values [803640655953287908900640275234562048, 1261679188955968563191835468129487081), 21252359127114833 candidates (MITM path)
  MITM b1=379: s=4 t=3 j=3 je=3 Q=54439939 table=193100552 yh=110058511
stage b2=579 vs b1={380}: values [821904443606945538717678866487000339, 1309092553986677343846400000000000000), 22332982976876789 candidates (MITM path)
  MITM b1=380: s=4 t=3 j=3 je=3 Q=54872000 table=194104539 yh=115056470
stage b2=580 vs b1={381}: values [840550704165568691322880000000000000, 1358156009009144712440307376223513721), 23442437334931024 candidates (MITM path)
  MITM b1=381: s=4 t=3 j=3 je=3 Q=55306341 table=195112000 yh=120148619
stage b2=581 vs b1={382}: values [859586766992222202195460101840278741, 1408922422299661290033405230674100224), 24581300819782187 candidates (MITM path)
  MITM b1=382: s=4 t=3 j=3 je=3 Q=55742968 table=196122941 yh=125336183
stage b2=582 vs b1={383}: values [879020088913141602693987477647941632, 1461446210737003712612867623638313729), 25750161210243845 candidates (MITM path)
  MITM b1=383: s=4 t=3 j=3 je=3 Q=56181887 table=197137368 yh=130620397
stage b2=583 vs b1={384}: values [898858256209289571750018603448589863, 1515783380930753538061821258378510336), 26949615556998838 candidates (MITM path)
  MITM b1=384: s=4 t=3 j=3 je=3 Q=56623104 table=198155287 yh=136002506
stage b2=584 vs b1={385}: values [919108986635524282706561397690466304, 1571991571330090865774680230712890625), 28180270295120574 candidates (MITM path)
  MITM b1=385: s=4 t=3 j=3 je=3 Q=57066625 table=199176704 yh=141483767
stage b2=585 vs b1={386}: values [939780131467714038451336959228515625, 1630130095333784792244505633968111616), 29442741357559976 candidates (MITM path)
  MITM b1=386: s=4 t=3 j=3 je=3 Q=57512456 table=200201625 yh=147065447
stage b2=586 vs b1={387}: values [960879677578136053148816778964934656, 1690259985422485032479991371240442489), 30737654289602782 candidates (MITM path)
  MITM b1=387: s=4 t=3 j=3 je=3 Q=57960603 table=201230056 yh=152748824
stage b2=587 vs b1={388}: values [982415749539500733900622636113799547, 1752444038334807270293678521701105664), 32065644364301909 candidates (MITM path)
  MITM b1=388: s=4 t=3 j=3 je=3 Q=58411072 table=202262003 yh=158535187
stage b2=588 vs b1={389}: values [1004396611757946340766745635195977728, 1816746861309099139322282878629329641), 33427356698889607 candidates (MITM path)
  MITM b1=389: s=4 t=3 j=3 je=3 Q=58863869 table=203297472 yh=164425836
done: 1354.46s, 1645649880 candidates tested
