A171740 search: n=14, threads=1, limit=none
stage b2=544 vs b1={347}: values [365414432262202803340615819548688384, 366954862655997403768050803331897769), 109257128224416 candidates (MITM path)
  MITM b1=347: s=4 t=3 j=3 je=3 Q=41781923 table=160989184 yh=678662
stage b2=545 vs b1={348}: values [374243727068280638359709019775390625, 382040509210986058943919609908035584), 545933674450269 candidates (MITM path)
  MITM b1=348: s=4 t=3 j=3 je=3 Q=42144192 table=161878625 yh=3372488
stage b2=546 vs b1={349}: values [383269583858029168477508273239105536, 397700353880309848525885235660892601), 997564548174791 candidates (MITM path)
  MITM b1=349: s=4 t=3 j=3 je=3 Q=42508549 table=162771336 yh=6128626
stage b2=547 vs b1={350}: values [392496006513281583932595840500243827, 413954512236938476562500000000000000), 1464496007281450 candidates (MITM path)
  MITM b1=350: s=4 t=3 j=3 je=3 Q=42875000 table=163667323 yh=8948005
stage b2=548 vs b1={351}: values [401927072922146770857809028954718208, 430823743953503917975940025623902401), 1947080486990721 candidates (MITM path)
  MITM b1=351: s=4 t=3 j=3 je=3 Q=43243551 table=164566592 yh=11831566
stage b2=549 vs b1={352}: values [411566936207857087647217069653412149, 448329471497205720126420014212317184), 2445676684308782 candidates (MITM path)
  MITM b1=352: s=4 t=3 j=3 je=3 Q=43614208 table=165469149 yh=14780258
stage b2=550 vs b1={353}: values [421419825975720214843750000000000000, 466493799311663440167496584517263169), 2960649643296471 candidates (MITM path)
  MITM b1=353: s=4 t=3 j=3 je=3 Q=43986977 table=166375000 yh=17795040
stage b2=551 vs b1={354}: values [431490049578408029900978423638102151, 485339533496958054990141432093229056), 3492370841163110 candidates (MITM path)
  MITM b1=354: s=4 t=3 j=3 je=3 Q=44361864 table=167284151 yh=20876879
stage b2=552 vs b1={355}: values [441781993399818022724510341599854592, 504890201999330620896660650634765625), 4041218275189791 candidates (MITM path)
  MITM b1=355: s=4 t=3 j=3 je=3 Q=44738875 table=168196608 yh=24026753
stage b2=553 vs b1={356}: values [452300124157745355934980751882862473, 525170075322236798832332084919402496), 4607576550486735 candidates (MITM path)
  MITM b1=356: s=4 t=3 j=3 je=3 Q=45118016 table=169112377 yh=27245650
stage b2=554 vs b1={357}: values [463048990225606285487392794579083264, 546204187770690153801056774632964649), 5191836968589348 candidates (MITM path)
  MITM b1=357: s=4 t=3 j=3 je=3 Q=45499293 table=170031464 yh=30534567
stage b2=555 vs b1={358}: values [474033222973456292803297401123046875, 568018359241065440405821984897122304), 5794397616897566 candidates (MITM path)
  MITM b1=358: s=4 t=3 j=3 je=3 Q=45882712 table=170953875 yh=33894509
stage b2=556 vs b1={359}: values [485257538128548939096586766742716416, 590639217568775457331652612637964561), 6415663458963132 candidates (MITM path)
  MITM b1=359: s=4 t=3 j=3 je=3 Q=46268279 table=171879616 yh=37326495
stage b2=557 vs b1={360}: values [496726737155684136275087566416582557, 614094221446481549721600000000000000), 7056046425629418 candidates (MITM path)
  MITM b1=360: s=4 t=3 j=3 je=3 Q=46656000 table=172808693 yh=40831548
stage b2=558 vs b1={361}: values [508445708657597236854185159560716288, 638411683925748518131605316913942641), 7715965507028422 candidates (MITM path)
  MITM b1=361: s=4 t=3 j=3 je=3 Q=47045881 table=173741112 yh=44410707
stage b2=559 vs b1={362}: values [520419429795643077901856425190522479, 663620796515309615092533840427761664), 8395846845439575 candidates (MITM path)
  MITM b1=362: s=4 t=3 j=3 je=3 Q=47437928 table=174676879 yh=48065016
stage b2=560 vs b1={363}: values [532652967731031871324160000000000000, 689751653889366534925949446541436489), 9096123829014989 candidates (MITM path)
  MITM b1=363: s=4 t=3 j=3 je=3 Q=47832147 table=175616000 yh=51795531
stage b2=561 vs b1={364}: values [545151481086876614974812989924244081, 716835279219612889692402474199023616), 9817237186375797 candidates (MITM path)
  MITM b1=364: s=4 t=3 j=3 je=3 Q=48228544 table=176558481 yh=55603317
stage b2=562 vs b1={365}: values [557920221431314506311321357441769472, 744903650144937675010347955322265625), 10559635082084209 candidates (MITM path)
  MITM b1=365: s=4 t=3 j=3 je=3 Q=48627125 table=177504328 yh=59489452
stage b2=563 vs b1={366}: values [570964534781967672803543519620846403, 773989725393037725664245462095118336), 11323773212995959 candidates (MITM path)
  MITM b1=366: s=4 t=3 j=3 je=3 Q=49027896 table=178453547 yh=63455019
stage b2=564 vs b1={367}: values [584289863132011391209840769230700544, 804127472068445204802288858779989729), 12110114905497768 candidates (MITM path)
  MITM b1=367: s=4 t=3 j=3 je=3 Q=49430863 table=179406144 yh=67501116
stage b2=565 vs b1={368}: values [597901745998120851353366153564453125, 835351893621757825180080478275764224), 12919131213634496 candidates (MITM path)
  MITM b1=368: s=4 t=3 j=3 je=3 Q=49836032 table=180362125 yh=71628848
stage b2=566 vs b1={369}: values [611805821990570429339805757456080896, 867699058515145830106783895701970721), 13751301018130636 candidates (MITM path)
  MITM b1=369: s=4 t=3 j=3 je=3 Q=50243409 table=181321496 yh=75839332
stage b2=567 vs b1={370}: values [626007830405762370442234920236832087, 901206129599500829968900000000000000), 14607111126310808 candidates (MITM path)
  MITM b1=370: s=4 t=3 j=3 je=3 Q=50653000 table=182284263 yh=80133693
stage b2=568 vs b1={371}: values [640513612841464743323893889989869568, 935911394218887462627310370080165081), 15487056372923931 candidates (MITM path)
  MITM b1=371: s=4 t=3 j=3 je=3 Q=51064811 table=183250432 yh=84513069
stage b2=569 vs b1={372}: values [655329114835041515061818544164613209, 971854295058259588504417458500665344), 16391639721875730 candidates (MITM path)
  MITM b1=372: s=4 t=3 j=3 je=3 Q=51478848 table=184220009 yh=88978607
stage b2=570 vs b1={373}: values [670460387524960610760570000000000000, 1009075461750708410420050723039024009), 17321372368874257 candidates (MITM path)
  MITM b1=373: s=4 t=3 j=3 je=3 Q=51895117 table=185193000 yh=93531464
stage b2=571 vs b1={374}: values [685913589335868862593975790997597611, 1047616743260820591544343170758885376), 18276773844993108 candidates (MITM path)
  MITM b1=374: s=4 t=3 j=3 je=3 Q=52313624 table=186169411 yh=98172809
stage b2=572 vs b1={375}: values [701694987687525821073007584217137152, 1087521241061040200293064117431640625), 19258372121157004 candidates (MITM path)
  MITM b1=375: s=4 t=3 j=3 je=3 Q=52734375 table=187149248 yh=102903818
stage b2=573 vs b1={376}: values [717810960727891496399861673112327533, 1128833343118249207414947823407333376), 20266703713554434 candidates (MITM path)
  MITM b1=376: s=4 t=3 j=3 je=3 Q=53157376 table=188132517 yh=107725683
stage b2=574 vs b1={377}: values [734267999090666220123170482943156224, 1171598758708107367475386427203165009), 21302313789982033 candidates (MITM path)
  MITM b1=377: s=4 t=3 j=3 je=3 Q=53582633 table=189119224 yh=112639601
stage b2=575 vs b1={378}: values [751072707677583967149257659912109375, 1215864554075023704741469602061369344), 22365756277125395 candidates (MITM path)
  MITM b1=378: s=4 t=3 j=3 je=3 Q=54010152 table=190109375 yh=117646783
stage b2=576 vs b1={379}: values [768231807465763655682670928358014976, 1261679188955968563191835468129487081), 23457593968781016 candidates (MITM path)
  MITM b1=379: s=4 t=3 j=3 je=3 Q=54439939 table=191102976 yh=122748450
stage b2=577 vs b1={380}: values [785752137340426148060117653375876417, 1309092553986677343846400000000000000), 24578398635024054 candidates (MITM path)
  MITM b1=380: s=4 t=3 j=3 je=3 Q=54872000 table=192100033 yh=127945833
stage b2=578 vs b1={381}: values [803640655953287908900640275234562048, 1358156009009144712440307376223513721), 25728751132326617 candidates (MITM path)
  MITM b1=381: s=4 t=3 j=3 je=3 Q=55306341 table=193100552 yh=133240174
stage b2=579 vs b1={382}: values [821904443606945538717678866487000339, 1408922422299661290033405230674100224), 26909241514631273 candidates (MITM path)
  MITM b1=382: s=4 t=3 j=3 je=3 Q=55742968 table=194104539 yh=138632727
stage b2=580 vs b1={383}: values [840550704165568691322880000000000000, 1461446210737003712612867623638313729), 28120469145384503 candidates (MITM path)
  MITM b1=383: s=4 t=3 j=3 je=3 Q=56181887 table=195112000 yh=144124755
stage b2=581 vs b1={384}: values [859586766992222202195460101840278741, 1515783380930753538061821258378510336), 29363042810534788 candidates (MITM path)
  MITM b1=384: s=4 t=3 j=3 je=3 Q=56623104 table=196122941 yh=149717533
stage b2=582 vs b1={385}: values [879020088913141602693987477647941632, 1571991571330090865774680230712890625), 30637580832500058 candidates (MITM path)
  MITM b1=385: s=4 t=3 j=3 je=3 Q=57066625 table=197137368 yh=155412346
stage b2=583 vs b1={386}: values [898858256209289571750018603448589863, 1630130095333784792244505633968111616), 31944711185109215 candidates (MITM path)
  MITM b1=386: s=4 t=3 j=3 je=3 Q=57512456 table=198155287 yh=161210492
stage b2=584 vs b1={387}: values [919108986635524282706561397690466304, 1690259985422485032479991371240442489), 33285071609522446 candidates (MITM path)
  MITM b1=387: s=4 t=3 j=3 je=3 Q=57960603 table=199176704 yh=167113277
stage b2=585 vs b1={388}: values [939780131467714038451336959228515625, 1752444038334807270293678521701105664), 34659309731135048 candidates (MITM path)
  MITM b1=388: s=4 t=3 j=3 je=3 Q=58411072 table=200201625 yh=173122021
stage b2=586 vs b1={389}: values [960879677578136053148816778964934656, 1816746861309099139322282878629329641), 36068083177469501 candidates (MITM path)
  MITM b1=389: s=4 t=3 j=3 je=3 Q=58863869 table=201230056 yh=179238052
stage b2=587 vs b1={390}: values [982415749539500733900622636113799547, 1883234919413174260904100000000000000), 37512059697060502 candidates (MITM path)
  MITM b1=390: s=4 t=3 j=3 je=3 Q=59319000 table=202262003 yh=185462713
stage b2=588 vs b1={391}: values [1004396611757946340766745635195977728, 1951976583984708555289257373653172561), 38991917279337700 candidates (MITM path)
  MITM b1=391: s=4 t=3 j=3 je=3 Q=59776471 table=203297472 yh=191797355
stage b2=589 vs b1={392}: values [1026830670635352458966883555245399869, 2023042182205406180576948745932898304), 40508344275510864 candidates (MITM path)
  MITM b1=392: s=4 t=3 j=3 je=3 Q=60236288 table=204336469 yh=198243341
stage b2=590 vs b1={393}: values [1049726476761324302959790000000000000, 2096504047832462021585980850883353649), 42062039520462224 candidates (MITM path)
  MITM b1=393: s=4 t=3 j=3 je=3 Q=60698457 table=205379000 yh=204802047
stage b2=591 vs b1={394}: values [1073092727135203488677720234874003471, 2172436573111273731749254298313834496), 43653712455650720 candidates (MITM path)
  MITM b1=394: s=4 t=3 j=3 je=3 Q=61162984 table=206425071 yh=211474858
stage b2=592 vs b1={395}: values [1096938267418464557682763546243366912, 2250916261893789009116047857666015625), 45284083253032903 candidates (MITM path)
  MITM b1=395: s=4 t=3 j=3 je=3 Q=61629875 table=207474688 yh=218263171
stage b2=593 vs b1={396}: values [1121272094217860215623061584431717393, 2332021783987313147550261420339757056), 46953882940005236 candidates (MITM path)
  MITM b1=396: s=4 t=3 j=3 je=3 Q=62099136 table=208527857 yh=225168396
stage b2=594 vs b1={397}: values [1146103357399681957311695889085046784, 2415834030759048032002067126745534169), 48663853525372541 candidates (MITM path)
  MITM b1=397: s=4 t=3 j=3 je=3 Q=62570773 table=209584584 yh=232191952
stage b2=595 vs b1={398}: values [1171441362435506492242537059326171875, 2502436172022086728957275203783901184), 50414748126347345 candidates (MITM path)
  MITM b1=398: s=4 t=3 j=3 je=3 Q=63044792 table=210644875 yh=239335271
stage b2=596 vs b1={399}: values [1197295572779802157609819889714855936, 2591913714229047747371013122318554401), 52207331096584874 candidates (MITM path)
  MITM b1=399: s=4 t=3 j=3 je=3 Q=63521199 table=211708736 yh=246599796
stage b2=597 vs b1={400}: values [1223675612279773311126969648879885477, 2684354560000000000000000000000000000), 54042378155258455 candidates (MITM path)
  MITM b1=400: s=4 t=3 j=3 je=3 Q=64000000 table=212776173 yh=253986983
stage b2=598 vs b1={401}: values [1250591267617824533361673953148100608, 2779849069011803569389614128910565601), 55920676517180090 candidates (MITM path)
  MITM b1=401: s=4 t=3 j=3 je=3 Q=64481201 table=213847192 yh=261498297
stage b2=599 vs b1={402}: values [1278052490787030339135888517747927799, 2878490120276472667082662144291651584), 57843025023970951 candidates (MITM path)
  MITM b1=402: s=4 t=3 j=3 je=3 Q=64964808 table=214921799 yh=269135218
stage b2=600 vs b1={403}: values [1306069401600000000000000000000000000, 2980373175836655760043416457625951769), 59810234276286572 candidates (MITM path)
  MITM b1=403: s=4 t=3 j=3 je=3 Q=65450827 table=216000000 yh=276899233
stage b2=601 vs b1={404}: values [1334652290231531015099465845804087801, 3085596345906823816899741423927033856), 61823126767101498 candidates (MITM path)
  MITM b1=404: s=4 t=3 j=3 je=3 Q=65939264 table=217081801 yh=284791846

*** MATCH: 1670373770470388072239681722101212890 is an 14-digit palindrome in bases 404 and 601
stage b2=602 vs b1={405}: values [1363811619795448736130738004163796992, 3194260455489261091391061529541015625), 63882537016058167 candidates (MITM path)
  MITM b1=405: s=4 t=3 j=3 je=3 Q=66430125 table=218167208 yh=292814570
stage b2=603 vs b1={406}: values [1393558028956033653753094621458594123, 3306469112494463905297029171238813696), 65989311704884785 candidates (MITM path)
  MITM b1=406: s=4 t=3 j=3 je=3 Q=66923416 table=219256227 yh=300968929
stage b2=604 vs b1={407}: values [1423902334574441888007206673961713664, 3422328777396071612977936337655912049), 68144309813886985 candidates (MITM path)
  MITM b1=407: s=4 t=3 j=3 je=3 Q=67419143 table=220348864 yh=309256461
stage b2=605 vs b1={408}: values [1454855534390528494214029249267578125, 3541948834450980420297557401512443904), 70348402759518033 candidates (MITM path)
  MITM b1=408: s=4 t=3 j=3 je=3 Q=67917312 table=221445125 yh=317678716
stage b2=606 vs b1={409}: values [1486428809740487298714226885871394816, 3665441664515825088891125013458457361), 72602474533032363 candidates (MITM path)
  MITM b1=409: s=4 t=3 j=3 je=3 Q=68417929 table=222545016 yh=326237253
stage b2=607 vs b1={410}: values [1518633528310725115885242544096618207, 3792922719491555880216100000000000000), 74907421840227234 candidates (MITM path)
  MITM b1=410: s=4 t=3 j=3 je=3 Q=68921000 table=223648543 yh=334933646
stage b2=608 vs b1={411}: values [1551481246928392369367854156441714688, 3924510598428388481280677722353356841), 77264154242277277 candidates (MITM path)
  MITM b1=411: s=4 t=3 j=3 je=3 Q=69426531 table=224755712 yh=343769481
stage b2=609 vs b1={412}: values [1584983714388996346575319018247100129, 4060327125323963205059947437242712064), 79673594297666725 candidates (MITM path)
  MITM b1=412: s=4 t=3 j=3 je=3 Q=69934528 table=225866529 yh=352746353
stage b2=610 vs b1={413}: values [1619152874321527556575810000000000000, 4200497428648116574040869616977676089), 82136677705224123 candidates (MITM path)
  MITM b1=413: s=4 t=3 j=3 je=3 Q=70444997 table=226981000 yh=361865873
stage b2=611 vs b1={414}: values [1654000868091533937563765670183447731, 4345150022628243576733808719502524416), 84654353448264298 candidates (MITM path)
  MITM b1=414: s=4 t=3 j=3 je=3 Q=70957944 table=228099131 yh=371129663
done: 4328.35s, 6876530236 candidates tested
