A171740 search: n=14, threads=1, limit=none
stage b2=539 vs b1={344}: values [324081281453425611818659325054366219, 324951238089060649950183741190045696), 65822784266171 candidates (MITM path)
  MITM b1=344: s=4 t=3 j=3 je=3 Q=40707584 table=156590819 yh=420349
stage b2=540 vs b1={345}: values [331985318135314535792640000000000000, 338428813246721067109392828369140625), 481243841206301 candidates (MITM path)
  MITM b1=345: s=4 t=3 j=3 je=3 Q=41063625 table=157464000 yh=3056216
stage b2=541 vs b1={346}: values [340066965714635635499320813072655821, 352423924523059044388546203674361856), 911025940497802 candidates (MITM path)
  MITM b1=346: s=4 t=3 j=3 je=3 Q=41421736 table=158340421 yh=5753591
stage b2=542 vs b1={347}: values [348329875856906030730297942652608512, 366954862655997403768050803331897769), 1355504512942075 candidates (MITM path)
  MITM b1=347: s=4 t=3 j=3 je=3 Q=41781923 table=159220088 yh=8513402
stage b2=543 vs b1={348}: values [356777768353264056114297546073891743, 382040509210986058943919609908035584), 1815021024215163 candidates (MITM path)
  MITM b1=348: s=4 t=3 j=3 je=3 Q=42144192 table=160103007 yh=11336583
stage b2=544 vs b1={349}: values [365414432262202803340615819548688384, 397700353880309848525885235660892601), 2289923058051078 candidates (MITM path)
  MITM b1=349: s=4 t=3 j=3 je=3 Q=42508549 table=160989184 yh=14224081
stage b2=545 vs b1={350}: values [374243727068280638359709019775390625, 413954512236938476562500000000000000), 2780564400239610 candidates (MITM path)
  MITM b1=350: s=4 t=3 j=3 je=3 Q=42875000 table=161878625 yh=17176848

*** MATCH: 397455944077544036823680416330196286 is an 14-digit palindrome in bases 350 and 545
stage b2=546 vs b1={351}: values [383269583858029168477508273239105536, 430823743953503917975940025623902401), 3287305123443207 candidates (MITM path)
  MITM b1=351: s=4 t=3 j=3 je=3 Q=43243551 table=162771336 yh=20195848
stage b2=547 vs b1={352}: values [392496006513281583932595840500243827, 448329471497205720126420014212317184), 3810511672837529 candidates (MITM path)
  MITM b1=352: s=4 t=3 j=3 je=3 Q=43614208 table=163667323 yh=23282056
done: 131.91s, 61437713 candidates tested
