A171740 search: n=14, threads=1, limit=none
stage b2=164 vs b1={114}: values [62082618279236334808249401344, 62613491038491041486196719616), 166373251608 candidates (MITM path)
  MITM b1=114: s=4 t=3 j=3 je=3 Q=1481544 table=4410944 yh=37719
stage b2=165 vs b1={115}: values [67187932120908818009033203125, 70757057644889830377197265625), 1071949220004 candidates (MITM path)
  MITM b1=115: s=4 t=3 j=3 je=3 Q=1520875 table=4492125 yh=238629
stage b2=166 vs b1={116}: values [72678364301794290286947229696, 79875179874882329144077582336), 2071971403881 candidates (MITM path)
  MITM b1=116: s=4 t=3 j=3 je=3 Q=1560896 table=4574296 yh=452960
stage b2=167 vs b1={117}: values [78580380049024038323955354887, 90074542392707106815022222729), 3172941235282 candidates (MITM path)
  MITM b1=117: s=4 t=3 j=3 je=3 Q=1601613 table=4657463 yh=681260
stage b2=168 vs b1={118}: values [84922087747184192618514874368, 101472439712019470540189876224), 4381696190123 candidates (MITM path)
  MITM b1=118: s=4 t=3 j=3 je=3 Q=1643032 table=4741632 yh=924091
stage b2=169 vs b1={119}: values [91733330193268616658399616009, 114197726928752863294965276721), 5705422732020 candidates (MITM path)
  MITM b1=119: s=4 t=3 j=3 je=3 Q=1685159 table=4826809 yh=1182028
stage b2=170 vs b1={120}: values [99045780329059370000000000000, 128391846454886400000000000000), 7151669598013 candidates (MITM path)
  MITM b1=120: s=4 t=3 j=3 je=3 Q=1728000 table=4913000 yh=1455663
stage b2=171 vs b1={121}: values [106893041641995777582962424411, 144209936106499234037676064081), 8728361431104 candidates (MITM path)
  MITM b1=121: s=4 t=3 j=3 je=3 Q=1771561 table=5000211 yh=1745599
stage b2=172 vs b1={122}: values [115310753432539349915325693952, 161822024226591835670322233344), 10443812764475 candidates (MITM path)
  MITM b1=122: s=4 t=3 j=3 je=3 Q=1815848 table=5088448 yh=2052456
stage b2=173 vs b1={123}: values [124336701153197199434858978333, 181414317867238075368413196009), 12306742362297 candidates (MITM path)
  MITM b1=123: s=4 t=3 j=3 je=3 Q=1860867 table=5177717 yh=2376867
stage b2=174 vs b1={124}: values [134010932031736197265596801024, 203190590417428920928489701376), 14326287922020 candidates (MITM path)
  MITM b1=124: s=4 t=3 j=3 je=3 Q=1906624 table=5268024 yh=2719481

*** MATCH: 136559436649979602973045161375 is an 14-digit palindrome in bases 124 and 174
done: 4.28s, 11247455 candidates tested
