A171740 search: n=14, threads=1, limit=none
stage b2=458 vs b1={296}: values [39016761064175779784992789207359488, 39635464740706238900646729698246656), 146360657129981 candidates (MITM path)
  MITM b1=296: s=4 t=3 j=3 je=3 Q=25934336 table=96071912 yh=1523449
stage b2=459 vs b1={297}: values [40138848745731510470918118846397179, 41551842913538274087106161994416369), 329193741907178 candidates (MITM path)
  MITM b1=297: s=4 t=3 j=3 je=3 Q=26198073 table=96702579 yh=3404188
stage b2=460 vs b1={298}: values [41290658769835408015360000000000000, 43553964927780889034146280167849984), 519324107335042 candidates (MITM path)
  MITM b1=298: s=4 t=3 j=3 je=3 Q=26463592 table=97336000 yh=5335376
stage b2=461 vs b1={299}: values [42472911241079835962500139972206781, 45645359987515812435930238280185801), 716948790963453 candidates (MITM path)
  MITM b1=299: s=4 t=3 j=3 je=3 Q=26730899 table=97972181 yh=7317882
stage b2=462 vs b1={300}: values [43686342089737798337064428676636672, 47829690000000000000000000000000000), 922268919082045 candidates (MITM path)
  MITM b1=300: s=4 t=3 j=3 je=3 Q=27000000 table=98611128 yh=9352585
stage b2=463 vs b1={301}: values [44931703384098017538267680344521103, 50110754096488045602459977936194201), 1135489771514915 candidates (MITM path)
  MITM b1=301: s=4 t=3 j=3 je=3 Q=27270901 table=99252847 yh=11440375
stage b2=464 vs b1={302}: values [46209763648267372780458093779615744, 52492493291196466086203175724662784), 1356820847141464 candidates (MITM path)
  MITM b1=302: s=4 t=3 j=3 je=3 Q=27543608 table=99897344 yh=13582152
stage b2=465 vs b1={303}: values [47521308185524258592298453369140625, 54978995282149371522266936818729569), 1586475930148015 candidates (MITM path)
  MITM b1=303: s=4 t=3 j=3 je=3 Q=27818127 table=100544625 yh=15778824
stage b2=466 vs b1={304}: values [48867139407307515137476120103428096, 57574499397733310582010212836704256), 1824673157014876 candidates (MITM path)
  MITM b1=304: s=4 t=3 j=3 je=3 Q=28094464 table=101194696 yh=18031313
stage b2=467 vs b1={305}: values [50248077167926686243123642272242787, 60283401692879138764114019775390625), 2071635084243505 candidates (MITM path)
  MITM b1=305: s=4 t=3 j=3 je=3 Q=28372625 table=101847563 yh=20340547
stage b2=468 vs b1={306}: values [51664959105080477120365807710240768, 63110260198880625404008432578871296), 2327588756828434 candidates (MITM path)
  MITM b1=306: s=4 t=3 j=3 je=3 Q=28652616 table=102503232 yh=22707467
stage b2=469 vs b1={307}: values [53118640986271411938365507173903909, 66059800330953223881038421346972249), 2592765777478653 candidates (MITM path)
  MITM b1=307: s=4 t=3 j=3 je=3 Q=28934443 table=103161709 yh=25133025
stage b2=470 vs b1={308}: values [54609997061205831773270000000000000, 69136920457732008849516311508680704), 2867402376593099 candidates (MITM path)
  MITM b1=308: s=4 t=3 j=3 je=3 Q=29218112 table=103823000 yh=27618181
stage b2=471 vs b1={309}: values [56139920420269526101585857174664311, 72346697637005265678995742402826761), 3151739482994943 candidates (MITM path)
  MITM b1=309: s=4 t=3 j=3 je=3 Q=29503629 table=104487111 yh=30163907
stage b2=472 vs b1={310}: values [57709323359170456049437363878756352, 75694393522079632032100000000000000), 3446022795429372 candidates (MITM path)
  MITM b1=310: s=4 t=3 j=3 je=3 Q=29791000 table=105154048 yh=32771186
stage b2=473 vs b1={311}: values [59319137749841205151272334026810233, 79185460443274071484794939191083441), 3750502854829524 candidates (MITM path)
  MITM b1=311: s=4 t=3 j=3 je=3 Q=30080231 table=105823817 yh=35441010
stage b2=474 vs b1={312}: values [60970315417694983520937358098407424, 82825547669143336572232508337291264), 4065435117355305 candidates (MITM path)
  MITM b1=312: s=4 t=3 j=3 je=3 Q=30371328 table=106496424 yh=38174382
stage b2=475 vs b1={313}: values [62663828525330214202404022216796875, 86620507852136986313803229728551889), 4391080028209754 candidates (MITM path)
  MITM b1=313: s=4 t=3 j=3 je=3 Q=30664297 table=107171875 yh=40972317
stage b2=476 vs b1={314}: values [64400669962779946155230391934386176, 90576403663507494251037011559202816), 4727703096237674 candidates (MITM path)
  MITM b1=314: s=4 t=3 j=3 je=3 Q=30959144 table=107850176 yh=43835841
stage b2=477 vs b1={315}: values [66181853744403566950222013869119117, 94699514622390550869469537353515625), 5075574969311227 candidates (MITM path)
  MITM b1=315: s=4 t=3 j=3 je=3 Q=31255875 table=108531333 yh=46765988
stage b2=478 vs b1={316}: values [68008415412519529913542931040821248, 98996344124092362953499355314651136), 5434971510507209 candidates (MITM path)
  MITM b1=316: s=4 t=3 j=3 je=3 Q=31554496 table=109215352 yh=49763806
stage b2=479 vs b1={317}: values [69881412447879065273246871214547039, 103473626672732616363732850530926329), 5806173875080700 candidates (MITM path)
  MITM b1=317: s=4 t=3 j=3 je=3 Q=31855013 table=109902239 yh=52830352
stage b2=480 vs b1={318}: values [71801924687082112942080000000000000, 108138335323507832794908910278426624), 6189468588239829 candidates (MITM path)
  MITM b1=318: s=4 t=3 j=3 je=3 Q=32157432 table=110592000 yh=55966694
stage b2=481 vs b1={319}: values [73771054747037996026381548447289441, 112997689339958150582465303553121921), 6585147623726349 candidates (MITM path)
  MITM b1=319: s=4 t=3 j=3 je=3 Q=32461759 table=111284641 yh=59173913
stage b2=482 vs b1={320}: values [75789928456574649095616277380472832, 118059162071741130342400000000000000), 6993508483206771 candidates (MITM path)
  MITM b1=320: s=4 t=3 j=3 je=3 Q=32768000 table=111980168 yh=62453099
stage b2=483 vs b1={321}: values [77859695295301523793862079367040563, 123330489058539064373855829501034881), 7414854276478754 candidates (MITM path)
  MITM b1=321: s=4 t=3 j=3 je=3 Q=33076161 table=112678587 yh=65805354
stage b2=484 vs b1={322}: values [79981528839832616637508874879893504, 128819676365851491009049261438418944), 7849493802497516 candidates (MITM path)
  MITM b1=322: s=4 t=3 j=3 je=3 Q=33386248 table=113379904 yh=69231791
stage b2=485 vs b1={323}: values [82156627217477399937279024658203125, 134535009158552218608057415586748409), 8297741631226965 candidates (MITM path)
  MITM b1=323: s=4 t=3 j=3 je=3 Q=33698267 table=114084125 yh=72733535

*** MATCH: 102089281928833388192643819486931896 is an 14-digit palindrome in bases 323 and 485
stage b2=486 vs b1={324}: values [84386213567508786822951299218169856, 140485060518220186283313934500888576), 8759918186320321 candidates (MITM path)
  MITM b1=324: s=4 t=3 j=3 je=3 Q=34012224 table=114791256 yh=76311721
stage b2=487 vs b1={325}: values [86671536510118625452078408718034247, 146678700510385967791080474853515625), 9236349828634940 candidates (MITM path)
  MITM b1=325: s=4 t=3 j=3 je=3 Q=34328125 table=115501303 yh=79967495
stage b2=488 vs b1={326}: values [89013870623172595766475439292284928, 153125105507970699913650504140210176), 9727368940586110 candidates (MITM path)
  MITM b1=326: s=4 t=3 j=3 je=3 Q=34645976 table=116214272 yh=83702017
stage b2=489 vs b1={327}: values [91414516926877774739994358072042569, 159833767777331726128449290957670609), 10233314011344548 candidates (MITM path)
  MITM b1=327: s=4 t=3 j=3 je=3 Q=34965783 table=116930169 yh=87516457
stage b2=490 vs b1={328}: values [93874803376477543056490000000000000, 166814505333469329957730743425695744), 10754529722882361 candidates (MITM path)
  MITM b1=328: s=4 t=3 j=3 je=3 Q=35287552 table=117649000 yh=91411995
stage b2=491 vs b1={329}: values [96396085363089927687061485995798171, 174077472071091630146366848886447281), 11291367036872217 candidates (MITM path)
  MITM b1=329: s=4 t=3 j=3 je=3 Q=35611289 table=118370771 yh=95389825
stage b2=492 vs b1={330}: values [98979746222806911020492610298970112, 181633168178380062252900000000000000), 11844183282444496 candidates (MITM path)
  MITM b1=330: s=4 t=3 j=3 je=3 Q=35937000 table=119095488 yh=99451151
stage b2=493 vs b1={331}: values [101627197754173688160928089239296093, 189492450840445919389300039685792521), 12413342244807167 candidates (MITM path)
  MITM b1=331: s=4 t=3 j=3 je=3 Q=36264691 table=119823157 yh=103597190
done: 551.34s, 989519065 candidates tested
