A171740 search: n=14, threads=1, limit=none
stage b2=241 vs b1={163}: values [9251700251046710094679721359921, 9346014740476727289651520028089), 1997372747616 candidates (MITM path)
  MITM b1=163: s=4 t=3 j=3 je=3 Q=4330747 table=13997521 yh=142695
stage b2=242 vs b1={164}: values [9763370219706129960633407578112, 10181549397794758908552901820416), 8603097460216 candidates (MITM path)
  MITM b1=164: s=4 t=3 j=3 je=3 Q=4410944 table=14172488 yh=607029
stage b2=243 vs b1={165}: values [10301051460877537453973547267843, 11086008799949954971490478515625), 15689248403566 candidates (MITM path)
  MITM b1=165: s=4 t=3 j=3 je=3 Q=4492125 table=14348907 yh=1093411
stage b2=244 vs b1={166}: values [10865951003805248506649833897984, 12064608474097852187633240129536), 23279106757003 candidates (MITM path)
  MITM b1=166: s=4 t=3 j=3 je=3 Q=4574296 table=14526784 yh=1602496
stage b2=245 vs b1={167}: values [11459326584042668830137939453125, 13122923468187014400100544266129), 31396808763227 candidates (MITM path)
  MITM b1=167: s=4 t=3 j=3 je=3 Q=4657463 table=14706125 yh=2134948
stage b2=246 vs b1={168}: values [12082488552588734255431226843136, 14266910741526944359910498893824), 40067369365530 candidates (MITM path)
  MITM b1=168: s=4 t=3 j=3 je=3 Q=4741632 table=14886936 yh=2691445
stage b2=247 vs b1={169}: values [12736801848653359358345383963927, 15502932802662396215269535105521), 49316706298707 candidates (MITM path)
  MITM b1=169: s=4 t=3 j=3 je=3 Q=4826809 table=15069223 yh=3272678
stage b2=248 vs b1={170}: values [13423688037899820324566029303808, 16837782655940092900000000000000), 59171664638441 candidates (MITM path)
  MITM b1=170: s=4 t=3 j=3 je=3 Q=4913000 table=15252992 yh=3879349
stage b2=249 vs b1={171}: values [14144627418057809847797432628249, 18278710120781277966686574574281), 69660041814000 candidates (MITM path)
  MITM b1=171: s=4 t=3 j=3 je=3 Q=5000211 table=15438249 yh=4512173

*** MATCH: 14944856705022372910862138824000 is an 14-digit palindrome in bases 171 and 249
stage b2=250 vs b1={172}: values [14901161193847656250000000000000, 19833449590396768185436019359744), 80810613089061 candidates (MITM path)
  MITM b1=172: s=4 t=3 j=3 je=3 Q=5088448 table=15625000 yh=5171880
done: 10.22s, 16343286 candidates tested
