A171740 search: n=14, threads=1, limit=none
stage b2=82 vs b1={60}: values [7578444614164591651397632, 7836416409600000000000000), 10348448903 candidates (MITM path)
  MITM b1=60: s=4 t=3 j=3 je=3 Q=216000 table=551368 yh=18769
stage b2=83 vs b1={61}: values [8871870642308873326043363, 9876832533361318095112441), 37034198213 candidates (MITM path)
  MITM b1=61: s=4 t=3 j=3 je=3 Q=226981 table=571787 yh=64770
stage b2=84 vs b1={62}: values [10366465789451195388002304, 12401769434657526912139264), 68972220507 candidates (MITM path)
  MITM b1=62: s=4 t=3 j=3 je=3 Q=238328 table=592704 yh=116369
stage b2=85 vs b1={63}: values [12090549356574630126953125, 15515568475732467854453889), 106839173615 candidates (MITM path)
  MITM b1=63: s=4 t=3 j=3 je=3 Q=250047 table=614125 yh=173970
stage b2=86 vs b1={64}: values [14076019706120526112710656, 19342813113834066795298816), 151376034666 candidates (MITM path)
  MITM b1=64: s=4 t=3 j=3 je=3 Q=262144 table=636056 yh=237992
stage b2=87 vs b1={65}: values [16358756351530297517773047, 24031838291621636962890625), 203392562382 candidates (MITM path)
  MITM b1=65: s=4 t=3 j=3 je=3 Q=274625 table=658503 yh=308872
stage b2=88 vs b1={66}: values [18979061712307928304713728, 29758778274345789399515136), 263771966269 candidates (MITM path)
  MITM b1=66: s=4 t=3 j=3 je=3 Q=287496 table=681472 yh=387063
stage b2=89 vs b1={67}: values [21982145917308330487013369, 36732225162896895721934329), 333475787707 candidates (MITM path)
  MITM b1=67: s=4 t=3 j=3 je=3 Q=300763 table=704969 yh=473037
stage b2=90 vs b1={68}: values [25418658283290000000000000, 45198578652761699462938624), 413548997903 candidates (MITM path)
  MITM b1=68: s=4 t=3 j=3 je=3 Q=314432 table=729000 yh=567283
stage b2=91 vs b1={69}: values [29345269354638035222576971, 55448176762342779635202921), 505125317699 candidates (MITM path)
  MITM b1=69: s=4 t=3 j=3 je=3 Q=328509 table=753571 yh=670309
stage b2=92 vs b1={70}: values [33825307664249166246182912, 67822307284900000000000000), 609432764228 candidates (MITM path)
  MITM b1=70: s=4 t=3 j=3 je=3 Q=343000 table=778688 yh=782641
stage b2=93 vs b1={71}: values [38929455665581472638810893, 82721210695570328927708881), 727799429404 candidates (MITM path)
  MITM b1=71: s=4 t=3 j=3 je=3 Q=357911 table=804357 yh=904822
stage b2=94 vs b1={72}: values [44736509592539817388662784, 100613197241791537106386944), 861659495250 candidates (MITM path)
  MITM b1=72: s=4 t=3 j=3 je=3 Q=373248 table=830584 yh=1037415
stage b2=95 vs b1={73}: values [51334208327950511474609375, 122045014039746588673695409), 1012559491056 candidates (MITM path)
  MITM b1=73: s=4 t=3 j=3 je=3 Q=389017 table=857375 yh=1181000

*** MATCH: 60818814320127088044088416 is an 14-digit palindrome in bases 73 and 95
stage b2=96 vs b1={74}: values [58820136703657666922151936, 147653612273582215982104576), 1182164797380 candidates (MITM path)
  MITM b1=74: s=4 t=3 j=3 je=3 Q=405224 table=884736 yh=1336179
done: 1.34s, 5931786 candidates tested
