A171740 search: n=14, threads=1, limit=none
stage b2=392 vs b1={256}: values [5160821893381138215757522311053312, 5192296858534827628530496329220096), 22129050955731 candidates (MITM path)
  MITM b1=256: s=4 t=3 j=3 je=3 Q=16777216 table=60236288 yh=367371
stage b2=393 vs b1={257}: values [5334615897792524227954149747794793, 5483574227962890893331590433934849), 102876680513580 candidates (MITM path)
  MITM b1=257: s=4 t=3 j=3 je=3 Q=16974593 table=60698457 yh=1694882
stage b2=394 vs b1={258}: values [5513798408911862263322980452573184, 5789964267207668452827559331119104), 187368437018207 candidates (MITM path)
  MITM b1=258: s=4 t=3 j=3 je=3 Q=17173512 table=61162984 yh=3063429
stage b2=395 vs b1={259}: values [5698522182009592428141893310546875, 6112187904873275865980332271043961), 275721013699420 candidates (MITM path)
  MITM b1=259: s=4 t=3 j=3 je=3 Q=17373979 table=61629875 yh=4473821
stage b2=396 vs b1={260}: values [5888943898957861483712781364494336, 6450997470329715097600000000000000), 368053888352203 candidates (MITM path)
  MITM b1=260: s=4 t=3 j=3 je=3 Q=17576000 table=62099136 yh=5926877
stage b2=397 vs b1={261}: values [6085224258838911919400672863338877, 6807177932189258856180832656779241), 464489373907450 candidates (MITM path)
  MITM b1=261: s=4 t=3 j=3 je=3 Q=17779581 table=62570773 yh=7423424
stage b2=398 vs b1={262}: values [6287528070407253087832349758251008, 7181548180572999273393724747300864), 565152669649494 candidates (MITM path)
  MITM b1=262: s=4 t=3 j=3 je=3 Q=17984728 table=63044792 yh=8964304
stage b2=399 vs b1={263}: values [6496024346438716158824594291525199, 7574962354538500616775660413022289), 670171913085126 candidates (MITM path)
  MITM b1=263: s=4 t=3 j=3 je=3 Q=18191447 table=63521199 yh=10550367
stage b2=400 vs b1={264}: values [6710886400000000000000000000000000, 7988311216076905079138811711062016), 779678232468815 candidates (MITM path)
  MITM b1=264: s=4 t=3 j=3 je=3 Q=18399744 table=64000000 yh=12182473
stage b2=401 vs b1={265}: values [6932291942672826856333202316485201, 8422523572126121633218804931640625), 893805799988806 candidates (MITM path)
  MITM b1=265: s=4 t=3 j=3 je=3 Q=18609625 table=64481201 yh=13861495
stage b2=402 vs b1={266}: values [7160423184767344942991696876347392, 8878567746085897335509947690663936), 1012691885618843 candidates (MITM path)
  MITM b1=266: s=4 t=3 j=3 je=3 Q=18821096 table=64964808 yh=15588315
stage b2=403 vs b1={267}: values [7395466937559939851224358455647523, 9357453100360645426341446339617929), 1136476911640198 candidates (MITM path)
  MITM b1=267: s=4 t=3 j=3 je=3 Q=19034163 table=65450827 yh=17363829
stage b2=404 vs b1={268}: values [7637614717591148061633023326552064, 9860231611496902484101890807169024), 1265304507838740 candidates (MITM path)
  MITM b1=268: s=4 t=3 j=3 je=3 Q=19248832 table=65939264 yh=19188939
stage b2=405 vs b1={269}: values [7887062853059903929360645751953125, 10387999499524225396026023192028121), 1399321567381763 candidates (MITM path)
  MITM b1=269: s=4 t=3 j=3 je=3 Q=19465109 table=66430125 yh=21064564
stage b2=406 vs b1={270}: values [8144012592350896318465589091721216, 10941898913151235920900000000000000), 1538678303379305 candidates (MITM path)
  MITM b1=270: s=4 t=3 j=3 je=3 Q=19683000 table=66923416 yh=22991629
stage b2=407 vs b1={271}: values [8408670214732362685449475031095607, 11523119672512394327137541804059681), 1683528306134676 candidates (MITM path)
  MITM b1=271: s=4 t=3 j=3 je=3 Q=19902511 table=67419143 yh=24971073

*** MATCH: 11344512469620566675656055637703488 is an 14-digit palindrome in bases 271 and 407
stage b2=408 vs b1={272}: values [8681247143262206912494013239001088, 12132901071205952454668884633452544), 1834028601088943 candidates (MITM path)
  MITM b1=272: s=4 t=3 j=3 je=3 Q=20123648 table=67917312 yh=27003846
stage b2=409 vs b1={273}: values [8961960059940892637875611279849529, 12772533739409419310834931469027809), 1990339707464113 candidates (MITM path)
  MITM b1=273: s=4 t=3 j=3 je=3 Q=20346417 table=68417929 yh=29090909
stage b2=410 vs b1={274}: values [9251031023150136293210000000000000, 13443361569905787990117147696971776), 2152625697609736 candidates (MITM path)
  MITM b1=274: s=4 t=3 j=3 je=3 Q=20570824 table=68921000 yh=31233234
stage b2=411 vs b1={275}: values [9548687587417003604089240200373131, 14146783708901740610599517822265625), 2321054257057711 candidates (MITM path)
  MITM b1=275: s=4 t=3 j=3 je=3 Q=20796875 table=69426531 yh=33431806
stage b2=412 vs b1={276}: values [9855162925543600012281425818550272, 14884256613568087679683209751166976), 2495796745290010 candidates (MITM path)
  MITM b1=276: s=4 t=3 j=3 je=3 Q=21024576 table=69934528 yh=35687619
stage b2=413 vs b1={277}: values [10170695953143139404457311421253453, 15657296178282829721680640148731209), 2677028257224102 candidates (MITM path)
  MITM b1=277: s=4 t=3 j=3 je=3 Q=21253933 table=70444997 yh=38001681
stage b2=414 vs b1={278}: values [10495531455623776755395673235513344, 16467479931608472298443740375302144), 2864927685420825 candidates (MITM path)
  MITM b1=278: s=4 t=3 j=3 je=3 Q=21484952 table=70957944 yh=40375010
stage b2=415 vs b1={279}: values [10829920217662198884330277099609375, 17316449306087601206337604921562481), 3059677783019467 candidates (MITM path)
  MITM b1=279: s=4 t=3 j=3 je=3 Q=21717639 table=71473375 yh=42808638
stage b2=416 vs b1={280}: values [11174119155209583553590348738461696, 18205911982994253414400000000000000), 3261465227404834 candidates (MITM path)
  MITM b1=280: s=4 t=3 j=3 je=3 Q=21952000 table=71991296 yh=45303605
done: 190.91s, 284856018 candidates tested
