A171740 search: n=14, threads=1, limit=none
stage b2=435 vs b1={282}: values [19969184999426632712125301513671875, 20113493823636134316549694448615424), 48963007891784 candidates (MITM path)
  MITM b1=282: s=4 t=3 j=3 je=3 Q=22425768 table=82312875 yh=594841
stage b2=436 vs b1={283}: values [20574266476690115849023402547347456, 21135381789957450134663699873055529), 187346979774914 candidates (MITM path)
  MITM b1=283: s=4 t=3 j=3 je=3 Q=22665187 table=82881856 yh=2260411
stage b2=437 vs b1={284}: values [21196232792890476235164446315006597, 22205305913937498425779524506484736), 331552707768058 candidates (MITM path)
  MITM b1=284: s=4 t=3 j=3 je=3 Q=22906304 table=83453453 yh=3972906
stage b2=438 vs b1={285}: values [21835514856870606258177356231958528, 23325343071852267342134088134765625), 481745227951448 candidates (MITM path)
  MITM b1=285: s=4 t=3 j=3 je=3 Q=23149125 table=84027672 yh=5733174
stage b2=439 vs b1={286}: values [22492553551660386877599101633928919, 24497652158036179788437520640393216), 638093166152130 candidates (MITM path)
  MITM b1=286: s=4 t=3 j=3 je=3 Q=23393656 table=84604519 yh=7542070
stage b2=440 vs b1={287}: values [23167799941782139043840000000000000, 25724477018923486959881583081626689), 800768797503319 candidates (MITM path)
  MITM b1=287: s=4 t=3 j=3 je=3 Q=23639903 table=85184000 yh=9400461
stage b2=441 vs b1={288}: values [23861715484377209601555171628930521, 27008149481218253520093899825086464), 969948106701670 candidates (MITM path)
  MITM b1=288: s=4 t=3 j=3 je=3 Q=23887872 table=85766121 yh=11309223

*** MATCH: 26311027780379770117837256196054136 is an 14-digit palindrome in bases 288 and 441
stage b2=442 vs b1={289}: values [24574772244215178941456071934451712, 28351092476867700887730107366063041), 1145810848967118 candidates (MITM path)
  MITM b1=289: s=4 t=3 j=3 je=3 Q=24137569 table=86350888 yh=13269243
stage b2=443 vs b1={290}: values [25307453112648023793818952767430443, 29755823267579946348100000000000000), 1328540611709972 candidates (MITM path)
  MITM b1=290: s=4 t=3 j=3 je=3 Q=24389000 table=86938307 yh=15281419
stage b2=444 vs b1={291}: values [26060252030572424367047199984451584, 31224956771694849412103314940863161), 1518324876909928 candidates (MITM path)
  MITM b1=291: s=4 t=3 j=3 je=3 Q=24642171 table=87528384 yh=17346658
done: 60.52s, 48698125 candidates tested
