A171740 search: n=14, threads=1, limit=none
stage b2=445 vs b1={288}: values [26833674215464270614029991455078125, 27008149481218253520093899825086464), 50490979006757 candidates (MITM path)
  MITM b1=288: s=4 t=3 j=3 je=3 Q=23887872 table=88121125 yh=572973
stage b2=446 vs b1={289}: values [27628236392550297846722998615924736, 28351092476867700887730107366063041), 205924409771846 candidates (MITM path)
  MITM b1=289: s=4 t=3 j=3 je=3 Q=24137569 table=88716536 yh=2321151
stage b2=447 vs b1={290}: values [28444467030182667304977191627470527, 29755823267579946348100000000000000), 367762992280074 candidates (MITM path)
  MITM b1=290: s=4 t=3 j=3 je=3 Q=24389000 table=89314623 yh=4117613
stage b2=448 vs b1={291}: values [29282906579483202709388126907793408, 31224956771694849412103314940863161), 536184619501833 candidates (MITM path)
  MITM b1=291: s=4 t=3 j=3 je=3 Q=24642171 table=89915392 yh=5963213
stage b2=449 vs b1={292}: values [30144107718324899380671726264710849, 32761208996285777655067862320021504), 711370976885791 candidates (MITM path)
  MITM b1=292: s=4 t=3 j=3 je=3 Q=24897088 table=90518849 yh=7858816
stage b2=450 vs b1={293}: values [31028635599719238281250000000000000, 34367400577440657174390053251553449), 893507604060034 candidates (MITM path)
  MITM b1=293: s=4 t=3 j=3 je=3 Q=25153757 table=91125000 yh=9805297
stage b2=451 vs b1={294}: values [31937068104678763420425865233800851, 36046460431742703147634670013136896), 1082783957242628 candidates (MITM path)
  MITM b1=294: s=4 t=3 j=3 je=3 Q=25412184 table=91733851 yh=11803538
stage b2=452 vs b1={295}: values [32869996099625317555435327604129792, 37801429522044759444963140869140625), 1279393472366240 candidates (MITM path)
  MITM b1=295: s=4 t=3 j=3 je=3 Q=25672375 table=92345408 yh=13854436
stage b2=453 vs b1={296}: values [33828023698415278110106494516889173, 39635464740706238900646729698246656), 1483533628921508 candidates (MITM path)
  MITM b1=296: s=4 t=3 j=3 je=3 Q=25934336 table=92959677 yh=15958894
stage b2=454 vs b1={297}: values [34811768529054092814773128813502464, 41551842913538274087106161994416369), 1695406014523806 candidates (MITM path)
  MITM b1=297: s=4 t=3 j=3 je=3 Q=26198073 table=93576664 yh=18117830
stage b2=455 vs b1={298}: values [35821862005173382840059779052734375, 43553964927780889034146280167849984), 1915216390208092 candidates (MITM path)
  MITM b1=298: s=4 t=3 j=3 je=3 Q=26463592 table=94196375 yh=20332167
stage b2=456 vs b1={299}: values [36858949602344860248381873104879616, 45645359987515812435930238280185801), 2143174756456506 candidates (MITM path)
  MITM b1=299: s=4 t=3 j=3 je=3 Q=26730899 table=94818816 yh=22602843
stage b2=457 vs b1={300}: values [37923691139306296516328170919321257, 47829690000000000000000000000000000), 2379495419963416 candidates (MITM path)
  MITM b1=300: s=4 t=3 j=3 je=3 Q=27000000 table=95443993 yh=24930804
stage b2=458 vs b1={301}: values [39016761064175779784992789207359488, 50110754096488045602459977936194201), 2624397061142576 candidates (MITM path)
  MITM b1=301: s=4 t=3 j=3 je=3 Q=27270901 table=96071912 yh=27317007
stage b2=459 vs b1={302}: values [40138848745731510470918118846397179, 52492493291196466086203175724662784), 2878102802381105 candidates (MITM path)
  MITM b1=302: s=4 t=3 j=3 je=3 Q=27543608 table=96702579 yh=29762421
stage b2=460 vs b1={303}: values [41290658769835408015360000000000000, 54978995282149371522266936818729569), 3140840277044982 candidates (MITM path)
  MITM b1=303: s=4 t=3 j=3 je=3 Q=27818127 table=97336000 yh=32268023
stage b2=461 vs b1={304}: values [42472911241079835962500139972206781, 57574499397733310582010212836704256), 3412841699240736 candidates (MITM path)
  MITM b1=304: s=4 t=3 j=3 je=3 Q=28094464 table=97972181 yh=34834804
stage b2=462 vs b1={305}: values [43686342089737798337064428676636672, 60283401692879138764114019775390625), 3694343934338059 candidates (MITM path)
  MITM b1=305: s=4 t=3 j=3 je=3 Q=28372625 table=98611128 yh=37463764
stage b2=463 vs b1={306}: values [44931703384098017538267680344521103, 63110260198880625404008432578871296), 3985588570258030 candidates (MITM path)
  MITM b1=306: s=4 t=3 j=3 je=3 Q=28652616 table=99252847 yh=40155912
stage b2=464 vs b1={307}: values [46209763648267372780458093779615744, 66059800330953223881038421346972249), 4286821989531677 candidates (MITM path)
  MITM b1=307: s=4 t=3 j=3 je=3 Q=28934443 table=99897344 yh=42912272
stage b2=465 vs b1={308}: values [47521308185524258592298453369140625, 69136920457732008849516311508680704), 4598295442133574 candidates (MITM path)
  MITM b1=308: s=4 t=3 j=3 je=3 Q=29218112 table=100544625 yh=45733877
stage b2=466 vs b1={309}: values [48867139407307515137476120103428096, 72346697637005265678995742402826761), 4920265119095206 candidates (MITM path)
  MITM b1=309: s=4 t=3 j=3 je=3 Q=29503629 table=101194696 yh=48621769
stage b2=467 vs b1={310}: values [50248077167926686243123642272242787, 75694393522079632032100000000000000), 5252992226902823 candidates (MITM path)
  MITM b1=310: s=4 t=3 j=3 je=3 Q=29791000 table=101847563 yh=51577005
stage b2=468 vs b1={311}: values [51664959105080477120365807710240768, 79185460443274071484794939191083441), 5596743062684497 candidates (MITM path)
  MITM b1=311: s=4 t=3 j=3 je=3 Q=30080231 table=102503232 yh=54600650
stage b2=469 vs b1={312}: values [53118640986271411938365507173903909, 82825547669143336572232508337291264), 5951789090191131 candidates (MITM path)
  MITM b1=312: s=4 t=3 j=3 je=3 Q=30371328 table=103161709 yh=57693782
stage b2=470 vs b1={313}: values [54609997061205831773270000000000000, 86620507852136986313803229728551889), 6318407016576135 candidates (MITM path)
  MITM b1=313: s=4 t=3 j=3 je=3 Q=30664297 table=103823000 yh=60857489
stage b2=471 vs b1={314}: values [56139920420269526101585857174664311, 90576403663507494251037011559202816), 6696878869978520 candidates (MITM path)
  MITM b1=314: s=4 t=3 j=3 je=3 Q=30959144 table=104487111 yh=64092871
stage b2=472 vs b1={315}: values [57709323359170456049437363878756352, 94699514622390550869469537353515625), 7087492077914144 candidates (MITM path)
  MITM b1=315: s=4 t=3 j=3 je=3 Q=31255875 table=105154048 yh=67401039
stage b2=473 vs b1={316}: values [59319137749841205151272334026810233, 98996344124092362953499355314651136), 7490539546479859 candidates (MITM path)
  MITM b1=316: s=4 t=3 j=3 je=3 Q=31554496 table=105823817 yh=70783117
stage b2=474 vs b1={317}: values [60970315417694983520937358098407424, 103473626672732616363732850530926329), 7906319740375298 candidates (MITM path)
  MITM b1=317: s=4 t=3 j=3 je=3 Q=31855013 table=106496424 yh=74240237
stage b2=475 vs b1={318}: values [62663828525330214202404022216796875, 108138335323507832794908910278426624), 8335136763747065 candidates (MITM path)
  MITM b1=318: s=4 t=3 j=3 je=3 Q=32157432 table=107171875 yh=77773547
stage b2=476 vs b1={319}: values [64400669962779946155230391934386176, 112997689339958150582465303553121921), 8777300441860077 candidates (MITM path)
  MITM b1=319: s=4 t=3 j=3 je=3 Q=32461759 table=107850176 yh=81384202
stage b2=477 vs b1={320}: values [66181853744403566950222013869119117, 118059162071741130342400000000000000), 9233126403600807 candidates (MITM path)
  MITM b1=320: s=4 t=3 j=3 je=3 Q=32768000 table=108531333 yh=85073372
stage b2=478 vs b1={321}: values [68008415412519529913542931040821248, 123330489058539064373855829501034881), 9702936164817217 candidates (MITM path)
  MITM b1=321: s=4 t=3 j=3 je=3 Q=33076161 table=109215352 yh=88842237
stage b2=479 vs b1={322}: values [69881412447879065273246871214547039, 128819676365851491009049261438418944), 10187057212500104 candidates (MITM path)
  MITM b1=322: s=4 t=3 j=3 je=3 Q=33386248 table=109902239 yh=92691990
stage b2=480 vs b1={323}: values [71801924687082112942080000000000000, 134535009158552218608057415586748409), 10685823089810670 candidates (MITM path)
  MITM b1=323: s=4 t=3 j=3 je=3 Q=33698267 table=110592000 yh=96623835
stage b2=481 vs b1={324}: values [73771054747037996026381548447289441, 140485060518220186283313934500888576), 11199573481959056 candidates (MITM path)
  MITM b1=324: s=4 t=3 j=3 je=3 Q=34012224 table=111284641 yh=100638987
stage b2=482 vs b1={325}: values [75789928456574649095616277380472832, 146678700510385967791080474853515625), 11728654302938629 candidates (MITM path)
  MITM b1=325: s=4 t=3 j=3 je=3 Q=34328125 table=111980168 yh=104738674
stage b2=483 vs b1={326}: values [77859695295301523793862079367040563, 153125105507970699913650504140210176), 12273417783120794 candidates (MITM path)
  MITM b1=326: s=4 t=3 j=3 je=3 Q=34645976 table=112678587 yh=108924137
stage b2=484 vs b1={327}: values [79981528839832616637508874879893504, 159833767777331726128449290957670609), 12834222557715114 candidates (MITM path)
  MITM b1=327: s=4 t=3 j=3 je=3 Q=34965783 table=113379904 yh=113196626
stage b2=485 vs b1={328}: values [82156627217477399937279024658203125, 166814505333469329957730743425695744), 13411433756099522 candidates (MITM path)
  MITM b1=328: s=4 t=3 j=3 je=3 Q=35287552 table=114084125 yh=117557406
stage b2=486 vs b1={329}: values [84386213567508786822951299218169856, 174077472071091630146366848886447281), 14005423092025405 candidates (MITM path)
  MITM b1=329: s=4 t=3 j=3 je=3 Q=35611289 table=114791256 yh=122007752
stage b2=487 vs b1={330}: values [86671536510118625452078408718034247, 181633168178380062252900000000000000), 14616568954702361 candidates (MITM path)
  MITM b1=330: s=4 t=3 j=3 je=3 Q=35937000 table=115501303 yh=126548953
stage b2=488 vs b1={331}: values [89013870623172595766475439292284928, 189492450840445919389300039685792521), 15245256500767407 candidates (MITM path)
  MITM b1=331: s=4 t=3 j=3 je=3 Q=36264691 table=116214272 yh=131182309
stage b2=489 vs b1={332}: values [91414516926877774739994358072042569, 197666545239619210242183006282317824), 15891877747143447 candidates (MITM path)
  MITM b1=332: s=4 t=3 j=3 je=3 Q=36594368 table=116930169 yh=135909132
stage b2=490 vs b1={333}: values [93874803376477543056490000000000000, 206167055859864657197443888722807129), 16556831664791789 candidates (MITM path)
  MITM b1=333: s=4 t=3 j=3 je=3 Q=36926037 table=117649000 yh=140730748
stage b2=491 vs b1={334}: values [96396085363089927687061485995798171, 215005978102776043931247317256257536), 17240524273363513 candidates (MITM path)
  MITM b1=334: s=4 t=3 j=3 je=3 Q=37259704 table=118370771 yh=145648492
stage b2=492 vs b1={335}: values [98979746222806911020492610298970112, 224195710222759373302821832275390625), 17943368736754495 candidates (MITM path)
  MITM b1=335: s=4 t=3 j=3 je=3 Q=37595375 table=119095488 yh=150663716
stage b2=493 vs b1={336}: values [101627197754173688160928089239296093, 233749065589177456392773613876412416), 18665785459568899 candidates (MITM path)
  MITM b1=336: s=4 t=3 j=3 je=3 Q=37933056 table=119823157 yh=155777781
stage b2=494 vs b1={337}: values [104339880744168319863565385432489984, 243679285283393666208253061306357089), 19408202184495933 candidates (MITM path)
  MITM b1=337: s=4 t=3 j=3 je=3 Q=38272753 table=120553784 yh=160992062
stage b2=495 vs b1={338}: values [107119265502803709454615843505859375, 254000051038820699590976063168856064), 20171054090604691 candidates (MITM path)
  MITM b1=338: s=4 t=3 j=3 je=3 Q=38614472 table=121287375 yh=166307945
stage b2=496 vs b1={339}: values [109966852406475328098844912056795136, 264725498532251343422483410510418841), 20954783892561894 candidates (MITM path)
  MITM b1=339: s=4 t=3 j=3 je=3 Q=38958219 table=122023936 yh=171726832
stage b2=497 vs b1={340}: values [112884172450179624060242238336272177, 275870231034922482073600000000000000), 21759841940777344 candidates (MITM path)
  MITM b1=340: s=4 t=3 j=3 je=3 Q=39304000 table=122763473 yh=177250134
stage b2=498 vs b1={341}: values [115872787808729578273156568090615808, 287449333431940958491026723053340361), 22586686322481906 candidates (MITM path)
  MITM b1=341: s=4 t=3 j=3 je=3 Q=39651821 table=123505992 yh=182879276
stage b2=499 vs b1={342}: values [118934292407095410727674098230506499, 299478386618880458206192837825019904), 23435782963742862 candidates (MITM path)
  MITM b1=342: s=4 t=3 j=3 je=3 Q=40001688 table=124251499 yh=188615697
stage b2=500 vs b1={343}: values [122070312500000000000000000000000000, 311973482284542371301330321821976049), 24307605732421424 candidates (MITM path)
  MITM b1=343: s=4 t=3 j=3 je=3 Q=40353607 table=125000000 yh=194460846
stage b2=501 vs b1={344}: values [125282507260900151852763473269506501, 324951238089060649950183741190045696), 25202636542077272 candidates (MITM path)
  MITM b1=344: s=4 t=3 j=3 je=3 Q=40707584 table=125751501 yh=200416189
stage b2=502 vs b1={345}: values [128572569380486442318916647962632192, 338428813246721067109392828369140625), 26121365456824921 candidates (MITM path)
  MITM b1=345: s=4 t=3 j=3 je=3 Q=41063625 table=126506008 yh=206483201
stage b2=503 vs b1={346}: values [131942225674835966194417272072460823, 352423924523059044388546203674361856), 27064290797146754 candidates (MITM path)
  MITM b1=346: s=4 t=3 j=3 je=3 Q=41421736 table=127263527 yh=212663373
stage b2=504 vs b1={347}: values [135393237703353943528128490047012864, 366954862655997403768050803331897769), 28031919246667569 candidates (MITM path)
  MITM b1=347: s=4 t=3 j=3 je=3 Q=41781923 table=128024064 yh=218958205
stage b2=505 vs b1={348}: values [138927402396641774642067017822265625, 382040509210986058943919609908035584), 29024765959895452 candidates (MITM path)
  MITM b1=348: s=4 t=3 j=3 je=3 Q=42144192 table=128787625 yh=225369216
stage b2=506 vs b1={349}: values [142546552694430788571794496737878016, 397700353880309848525885235660892601), 30043354670933842 candidates (MITM path)
  MITM b1=349: s=4 t=3 j=3 je=3 Q=42508549 table=129554216 yh=231897932
stage b2=507 vs b1={350}: values [146252558193722600716669650994316907, 413954512236938476562500000000000000), 31088217803169601 candidates (MITM path)
  MITM b1=350: s=4 t=3 j=3 je=3 Q=42875000 table=130323843 yh=238545896
stage b2=508 vs b1={351}: values [150047325807278683064941158898597888, 430823743953503917975940025623902401), 32159896579941965 candidates (MITM path)
  MITM b1=351: s=4 t=3 j=3 je=3 Q=43243551 table=131096512 yh=245314663
stage b2=509 vs b1={352}: values [153932800432603454742132269478454829, 448329471497205720126420014212317184), 33258941136197189 candidates (MITM path)
  MITM b1=352: s=4 t=3 j=3 je=3 Q=43614208 table=131872229 yh=252205801

*** MATCH: 224328549964322047126989900882034320 is an 14-digit palindrome in bases 352 and 509
stage b2=510 vs b1={353}: values [157910965631566921956510000000000000, 466493799311663440167496584517263169), 34385910631133757 candidates (MITM path)
  MITM b1=353: s=4 t=3 j=3 je=3 Q=43986977 table=132651000 yh=259220893
stage b2=511 vs b1={354}: values [161983844320814634817101682325330431, 485339533496958054990141432093229056), 35541373361842998 candidates (MITM path)
  MITM b1=354: s=4 t=3 j=3 je=3 Q=44361864 table=133432831 yh=266361533
stage b2=512 vs b1={355}: values [166153499473114484112975882535043072, 504890201999330620896660650634765625), 36725906877949960 candidates (MITM path)
  MITM b1=355: s=4 t=3 j=3 je=3 Q=44738875 table=134217728 yh=273629330
stage b2=513 vs b1={356}: values [170422034829791634103401401374218753, 525170075322236798832332084919402496), 37940098097259401 candidates (MITM path)
  MITM b1=356: s=4 t=3 j=3 je=3 Q=45118016 table=135005697 yh=281025905
stage b2=514 vs b1={357}: values [174791595624404677813900345660678144, 546204187770690153801056774632964649), 39184543422411748 candidates (MITM path)
  MITM b1=357: s=4 t=3 j=3 je=3 Q=45499293 table=135796744 yh=288552894
stage b2=515 vs b1={358}: values [179264369317817909400790555419921875, 568018359241065440405821984897122304), 40459848858553888 candidates (MITM path)
  MITM b1=358: s=4 t=3 j=3 je=3 Q=45882712 table=136590875 yh=296211946
stage b2=516 vs b1={359}: values [183842586344826433975051806358634496, 590639217568775457331652612637964561), 41766630132029644 candidates (MITM path)
  MITM b1=359: s=4 t=3 j=3 je=3 Q=46268279 table=137388096 yh=304004724
stage b2=517 vs b1={360}: values [188528520872492679004546608119852437, 614094221446481549721600000000000000), 43105512810094812 candidates (MITM path)
  MITM b1=360: s=4 t=3 j=3 je=3 Q=46656000 table=138188413 yh=311932903
stage b2=518 vs b1={361}: values [193324491570354733181895297159815168, 638411683925748518131605316913942641), 44477132421661605 candidates (MITM path)
  MITM b1=361: s=4 t=3 j=3 je=3 Q=47045881 table=138991832 yh=319998174
stage b2=519 vs b1={362}: values [198232862392668818594582670912803559, 663620796515309615092533840427761664), 45882134579077392 candidates (MITM path)
  MITM b1=362: s=4 t=3 j=3 je=3 Q=47437928 table=139798359 yh=328202241
stage b2=520 vs b1={363}: values [203256043372850100305920000000000000, 689751653889366534925949446541436489), 47321175100942583 candidates (MITM path)
  MITM b1=363: s=4 t=3 j=3 je=3 Q=47832147 table=140608000 yh=336546819
stage b2=521 vs b1={364}: values [208396491430277954192889648311785961, 716835279219612889692402474199023616), 48794920135972538 candidates (MITM path)
  MITM b1=364: s=4 t=3 j=3 je=3 Q=48228544 table=141420761 yh=345033642
stage b2=522 vs b1={365}: values [213656711189633749233078088598986752, 744903650144937675010347955322265625), 50304046287908374 candidates (MITM path)
  MITM b1=365: s=4 t=3 j=3 je=3 Q=48627125 table=142236648 yh=353664453
stage b2=523 vs b1={366}: values [219039255812941154532109005895053883, 773989725393037725664245462095118336), 51849240741481540 candidates (MITM path)
  MITM b1=366: s=4 t=3 j=3 je=3 Q=49027896 table=143055667 yh=362441013
done: 3389.36s, 6659465508 candidates tested
