A171740 search: n=14, threads=1, limit=none
stage b2=292 vs b1={195}: values [112195921220156772791328295616512, 114943537561839249322760009765625), 15180152362545 candidates (MITM path)
  MITM b1=195: s=4 t=3 j=3 je=3 Q=7414875 table=24897088 yh=609716
stage b2=293 vs b1={196}: values [117294882516862311175392673213493, 123476695691247935826229781856256), 33345906897653 candidates (MITM path)
  MITM b1=196: s=4 t=3 j=3 je=3 Q=7529536 table=25153757 yh=1325683
stage b2=294 vs b1={197}: values [122607008271233684175628129296384, 132595005683061140853836321918569), 52607432698253 candidates (MITM path)
  MITM b1=197: s=4 t=3 j=3 je=3 Q=7645373 table=25412184 yh=2070166
stage b2=295 vs b1={198}: values [128140439057778845576146240234375, 142335313964069405978409510518784), 73009177825370 candidates (MITM path)
  MITM b1=198: s=4 t=3 j=3 je=3 Q=7762392 table=25672375 yh=2843881
stage b2=296 vs b1={199}: values [133903597096980536826509221953536, 152736582765019941952958691637201), 94596964029761 candidates (MITM path)
  MITM b1=199: s=4 t=3 j=3 je=3 Q=7880599 table=25934336 yh=3647557
stage b2=297 vs b1={200}: values [139905194995078363929650377085577, 163840000000000000000000000000000), 117418018858312 candidates (MITM path)
  MITM b1=200: s=4 t=3 j=3 je=3 Q=8000000 table=26198073 yh=4481934
stage b2=298 vs b1={201}: values [146154244724096943067604967006208, 175689094255155802434244515642801), 141521008284350 candidates (MITM path)
  MITM b1=201: s=4 t=3 j=3 je=3 Q=8120601 table=26463592 yh=5347763
stage b2=299 vs b1={202}: values [152660066847878971357626214983899, 188329855096852039605697108393984), 166956069866690 candidates (MITM path)
  MITM b1=202: s=4 t=3 j=3 je=3 Q=8242408 table=26730899 yh=6245809
stage b2=300 vs b1={203}: values [159432300000000000000000000000000, 201810858916898431719789378127369), 193774846442152 candidates (MITM path)
  MITM b1=203: s=4 t=3 j=3 je=3 Q=8365427 table=27000000 yh=7176847
stage b2=301 vs b1={204}: values [166480910619561613297209229023901, 216183400540220972918552087494656), 222030520356359 candidates (MITM path)
  MITM b1=204: s=4 t=3 j=3 je=3 Q=8489664 table=27270901 yh=8141665
stage b2=302 vs b1={205}: values [173816202950981675782129720942592, 231501630828342033704595947265625), 251777848237599 candidates (MITM path)
  MITM b1=205: s=4 t=3 j=3 je=3 Q=8615125 table=27543608 yh=9141063
stage b2=303 vs b1={206}: values [181448829314024328456326524154223, 247822700520261426090084682448896), 283073196318535 candidates (MITM path)
  MITM b1=206: s=4 t=3 j=3 je=3 Q=8741816 table=27818127 yh=10175854
stage b2=304 vs b1={207}: values [189389800650438521651349384331264, 265206910560805882369006879852449), 315974576310565 candidates (MITM path)
  MITM b1=207: s=4 t=3 j=3 je=3 Q=8869743 table=28094464 yh=11246863
stage b2=305 vs b1={208}: values [197650497353702094308570556640625, 283717869175243332415379948437504), 350541681835646 candidates (MITM path)
  MITM b1=208: s=4 t=3 j=3 je=3 Q=8998912 table=28372625 yh=12354926
stage b2=306 vs b1={209}: values [206242680388498775830092916924416, 303422655957947177630796910616161), 386835925420370 candidates (MITM path)
  MITM b1=209: s=4 t=3 j=3 je=3 Q=9129329 table=28652616 yh=13500894
stage b2=307 vs b1={210}: values [215178502706688025671134922954307, 324391993252150868100000000000000), 424920476057111 candidates (MITM path)
  MITM b1=210: s=4 t=3 j=3 je=3 Q=9261000 table=28934443 yh=14685629
stage b2=308 vs b1={211}: values [224470520966662366394533478924288, 346700425107361035262655933030041), 464860297337064 candidates (MITM path)
  MITM b1=211: s=4 t=3 j=3 je=3 Q=9393931 table=29218112 yh=15910005
stage b2=309 vs b1={212}: values [234131707563123837148853535284229, 370426504110804885524407033790464), 506722186159986 candidates (MITM path)
  MITM b1=212: s=4 t=3 j=3 je=3 Q=9528128 table=29503629 yh=17174911
stage b2=310 vs b1={213}: values [244175462974450425910000000000000, 395652986399381320581034818847689), 550574812025469 candidates (MITM path)
  MITM b1=213: s=4 t=3 j=3 je=3 Q=9663597 table=29791000 yh=18481247
stage b2=311 vs b1={214}: values [254615628434964860079726492575831, 422467035168972249391801182601216), 596488756910568 candidates (MITM path)
  MITM b1=214: s=4 t=3 j=3 je=3 Q=9800344 table=30080231 yh=19829927
stage b2=312 vs b1={215}: values [265466498939561976193052911337472, 450960433008657859896539306640625), 644536555738615 candidates (MITM path)
  MITM b1=215: s=4 t=3 j=3 je=3 Q=9938375 table=30371328 yh=21221876
stage b2=313 vs b1={216}: values [276742836588297080874770702008153, 481229803398374426442198455156736), 694792737444069 candidates (MITM path)
  MITM b1=216: s=4 t=3 j=3 je=3 Q=10077696 table=30664297 yh=22658036
stage b2=314 vs b1={217}: values [288459884278686287423684750188544, 513376841719862879656860722064529), 747333866638210 candidates (MITM path)
  MITM b1=217: s=4 t=3 j=3 je=3 Q=10218313 table=30959144 yh=24139359
stage b2=315 vs b1={218}: values [300633379753620796411014404296875, 547508556142388336802624725991424), 802238585880557 candidates (MITM path)
  MITM b1=218: s=4 t=3 j=3 je=3 Q=10360232 table=31255875 yh=25666810
stage b2=316 vs b1={219}: values [313279570012950515675630871248896, 583737518756672701482036256689321), 859587658560824 candidates (MITM path)
  MITM b1=219: s=4 t=3 j=3 je=3 Q=10503459 table=31554496 yh=27241369
stage b2=317 vs b1={220}: values [326415226096948316604835490633837, 622182127342782054400000000000000), 919464012396289 candidates (MITM path)
  MITM b1=220: s=4 t=3 j=3 je=3 Q=10648000 table=31855013 yh=28864029
stage b2=318 vs b1={221}: values [340057658250024631430531164397568, 662966878170355779548558581239481), 981952783549409 candidates (MITM path)
  MITM b1=221: s=4 t=3 j=3 je=3 Q=10793861 table=32157432 yh=30535797
stage b2=319 vs b1={222}: values [354224731473223042578261139664959, 706222650242563257993710741766144), 1047141361370558 candidates (MITM path)
  MITM b1=222: s=4 t=3 j=3 je=3 Q=10941048 table=32461759 yh=32257691
stage b2=320 vs b1={223}: values [368934881474191032320000000000000, 752087001408534719216214439862209), 1115119433770724 candidates (MITM path)
  MITM b1=223: s=4 t=3 j=3 je=3 Q=11089567 table=32768000 yh=34030745
stage b2=321 vs b1={224}: values [384207131023486181850018160439361, 800704476782743824084831595134976), 1185979033229059 candidates (MITM path)
  MITM b1=224: s=4 t=3 j=3 je=3 Q=11239424 table=33076161 yh=35856007
stage b2=322 vs b1={225}: values [400061106726246866487730625585152, 852226929923929274082183837890625), 1259814583440114 candidates (MITM path)
  MITM b1=225: s=4 t=3 j=3 je=3 Q=11390625 table=33386248 yh=37734537
stage b2=323 vs b1={226}: values [416517056218427921387174661259283, 906813857240639864200242192203776), 1336722946605662 candidates (MITM path)
  MITM b1=226: s=4 t=3 j=3 je=3 Q=11543176 table=33698267 yh=39667410
stage b2=324 vs b1={227}: values [433595865796975883590475106484224, 964632746105380745721862822346809), 1416803471375957 candidates (MITM path)
  MITM b1=227: s=4 t=3 j=3 je=3 Q=11697083 table=34012224 yh=41655714
stage b2=325 vs b1={228}: values [451319078493495285511016845703125, 1025859437174637223709847054188544), 1500158041445319 candidates (MITM path)
  MITM b1=228: s=4 t=3 j=3 je=3 Q=11852352 table=34328125 yh=43700553
stage b2=326 vs b1={229}: values [469708912601137116299541423742976, 1090678501427765328462322842832681), 1586891124806918 candidates (MITM path)
  MITM b1=229: s=4 t=3 j=3 je=3 Q=12008989 table=34645976 yh=45803043
stage b2=327 vs b1={230}: values [488788280664623015683331165008167, 1159283632453874980900000000000000), 1677109823671642 candidates (MITM path)
  MITM b1=230: s=4 t=3 j=3 je=3 Q=12167000 table=34965783 yh=47964315
stage b2=328 vs b1={231}: values [508580808943504054749179095810048, 1231878054532401295881577517615121), 1770923925055928 candidates (MITM path)
  MITM b1=231: s=4 t=3 j=3 je=3 Q=12326391 table=35287552 yh=50185514
stage b2=329 vs b1={232}: values [529110857358941125064944829442089, 1308674947070072080696567108993024), 1868445952043455 candidates (MITM path)
  MITM b1=232: s=4 t=3 j=3 je=3 Q=12487168 table=35611289 yh=52467799
stage b2=330 vs b1={233}: values [550403539934485037130000000000000, 1389897885974444705448234373058929), 1969791215725577 candidates (MITM path)
  MITM b1=233: s=4 t=3 j=3 je=3 Q=12649337 table=35937000 yh=54812345
stage b2=331 vs b1={234}: values [572484745741528457369486524730491, 1475781302562113238057324097191936), 2075077867825391 candidates (MITM path)
  MITM b1=234: s=4 t=3 j=3 je=3 Q=12812904 table=36264691 yh=57220338
stage b2=332 vs b1={235}: values [595381160360298826030671705669632, 1566570960618087215175592041015625), 2184426954010349 candidates (MITM path)
  MITM b1=235: s=4 t=3 j=3 je=3 Q=12977875 table=36594368 yh=59692983
stage b2=333 vs b1={236}: values [619120287867461433025357023191613, 1662524452241727005330470932054016), 2297962467898287 candidates (MITM path)
  MITM b1=236: s=4 t=3 j=3 je=3 Q=13144256 table=36926037 yh=62231495
stage b2=334 vs b1={237}: values [643730473361604921949842267234304, 1763911713133997936335712142251289), 2415811405761802 candidates (MITM path)
  MITM b1=237: s=4 t=3 j=3 je=3 Q=13312053 table=37259704 yh=64837107
stage b2=335 vs b1={238}: values [669240926038087681500960693359375, 1871015558000686912224711093796864), 2538103821935851 candidates (MITM path)
  MITM b1=238: s=4 t=3 j=3 je=3 Q=13481272 table=37595375 yh=67511066

*** MATCH: 1107740652630081442901840546310816 is an 14-digit palindrome in bases 238 and 335
stage b2=336 vs b1={239}: values [695681742824932905930873850822656, 1984132236766622027506928774262241), 2664972884933499 candidates (MITM path)
  MITM b1=239: s=4 t=3 j=3 je=3 Q=13651919 table=37933056 yh=70254632
stage b2=337 vs b1={240}: values [723083932591672600024489796161297, 2103572012316858777600000000000000), 2796554934274715 candidates (MITM path)
  MITM b1=240: s=4 t=3 j=3 je=3 Q=13824000 table=38272753 yh=73069083
stage b2=338 vs b1={241}: values [751479440943256507665609654345728, 2229659760502257132817812847740961), 2932989538033125 candidates (MITM path)
  MITM b1=241: s=4 t=3 j=3 je=3 Q=13997521 table=38614472 yh=75955708
stage b2=339 vs b1={242}: values [780901175611360895051573482331619, 2362735593168883450473284633903104), 3074419551105641 candidates (MITM path)
  MITM b1=242: s=4 t=3 j=3 je=3 Q=14172488 table=38958219 yh=78915814
stage b2=340 vs b1={243}: values [811383032455654359040000000000000, 2503155504993241601315571986085849), 3220991174209871 candidates (MITM path)
  MITM b1=243: s=4 t=3 j=3 je=3 Q=14348907 table=39304000 yh=81950722
stage b2=341 vs b1={244}: values [842959922087803397334389217165221, 2651292044928480635622559471108096), 3372854013614240 candidates (MITM path)
  MITM b1=244: s=4 t=3 j=3 je=3 Q=14526784 table=39651821 yh=85061769
stage b2=342 vs b1={245}: values [875667797131229409959628180774912, 2807535013090453863383795166015625), 3530161141605732 candidates (MITM path)
  MITM b1=245: s=4 t=3 j=3 je=3 Q=14706125 table=40001688 yh=88250305
stage b2=343 vs b1={246}: values [909543680129861140820205019889143, 2972292183936828626836081803411456), 3693069157700171 candidates (MITM path)
  MITM b1=246: s=4 t=3 j=3 je=3 Q=14886936 table=40353607 yh=91517697
stage b2=344 vs b1={247}: values [944625692119362354506348084854784, 3145990056617379761511309839089969), 3861738250599982 candidates (MITM path)
  MITM b1=247: s=4 t=3 j=3 je=3 Q=15069223 table=40707584 yh=94865327
stage b2=345 vs b1={248}: values [980953081874553817708385009765625, 3329074633399155440492375267344384), 4036332260904335 candidates (MITM path)
  MITM b1=248: s=4 t=3 j=3 je=3 Q=15252992 table=41063625 yh=98294592
stage b2=346 vs b1={249}: values [1018566255846991457770364750503936, 3522012227096394652101560724434001), 4217018744576614 candidates (MITM path)
  MITM b1=249: s=4 t=3 j=3 je=3 Q=15438249 table=41421736 yh=101806906
stage b2=347 vs b1={250}: values [1057506808806908944576515283377227, 3725290298461914062500000000000000), 4403969037174143 candidates (MITM path)
  MITM b1=250: s=4 t=3 j=3 je=3 Q=15625000 table=41781923 yh=105403695
stage b2=348 vs b1={251}: values [1097817555203982927999768993988608, 3939418324524181765386728349441001), 4597358318845079 candidates (MITM path)
  MITM b1=251: s=4 t=3 j=3 je=3 Q=15813251 table=42144192 yh=109086404
done: 560.11s, 1291444695 candidates tested
