A171740 search: n=14, threads=1, limit=none
stage b2=369 vs b1={242}: values [2351487963455679756386948226834609, 2362735593168883450473284633903104), 12074702721538 candidates (MITM path)
  MITM b1=242: s=4 t=3 j=3 je=3 Q=14172488 table=50243409 yh=240325
stage b2=370 vs b1={243}: values [2435692242160813053970000000000000, 2503155504993241601315571986085849), 71064920309026 candidates (MITM path)
  MITM b1=243: s=4 t=3 j=3 je=3 Q=14348907 table=50653000 yh=1402976
stage b2=371 vs b1={244}: values [2522672221614251920828329838491011, 2651292044928480635622559471108096), 132950673387315 candidates (MITM path)
  MITM b1=244: s=4 t=3 j=3 je=3 Q=14526784 table=51064811 yh=2603568
stage b2=372 vs b1={245}: values [2612511545855536528237681340055552, 2807535013090453863383795166015625), 197827332094111 candidates (MITM path)
  MITM b1=245: s=4 t=3 j=3 je=3 Q=14706125 table=51478848 yh=3842886
stage b2=373 vs b1={246}: values [2705296144103775899249465745412933, 2972292183936828626836081803411456), 265792668356655 candidates (MITM path)
  MITM b1=246: s=4 t=3 j=3 je=3 Q=14886936 table=51895117 yh=5121728
stage b2=374 vs b1={247}: values [2801114286793637945305730403098624, 3145990056617379761511309839089969), 336946901865388 candidates (MITM path)
  MITM b1=247: s=4 t=3 j=3 je=3 Q=15069223 table=52313624 yh=6440902
stage b2=375 vs b1={248}: values [2900056642829440534114837646484375, 3329074633399155440492375267344384), 411392746666328 candidates (MITM path)
  MITM b1=248: s=4 t=3 j=3 je=3 Q=15252992 table=52734375 yh=7801226
stage b2=376 vs b1={249}: values [3002216338080450019720605913317376, 3522012227096394652101560724434001), 489235458376859 candidates (MITM path)
  MITM b1=249: s=4 t=3 j=3 je=3 Q=15438249 table=53157376 yh=9203530
stage b2=377 vs b1={250}: values [3107689015140868348741078056241817, 3725290298461914062500000000000000), 570582882029651 candidates (MITM path)
  MITM b1=250: s=4 t=3 j=3 je=3 Q=15625000 table=53582633 yh=10648654
stage b2=378 vs b1={251}: values [3216572894378369589263147095400448, 3939418324524181765386728349441001), 655545500549438 candidates (MITM path)
  MITM b1=251: s=4 t=3 j=3 je=3 Q=15813251 table=54010152 yh=12137450
stage b2=379 vs b1={252}: values [3328968836295431565149961657333739, 4164928698882469942515671324688384), 744236483867366 candidates (MITM path)
  MITM b1=252: s=4 t=3 j=3 je=3 Q=16003008 table=54439939 yh=13670782
stage b2=380 vs b1={253}: values [3444980405228098273280000000000000, 4402377665001341492756836874350969), 836771738677652 candidates (MITM path)
  MITM b1=253: s=4 t=3 j=3 je=3 Q=16194277 table=54872000 yh=15249522
stage b2=381 vs b1={254}: values [3564713934407203969659599412660141, 4652346283575291198546759565459456), 933269958841286 candidates (MITM path)
  MITM b1=254: s=4 t=3 j=3 je=3 Q=16387064 table=55306341 yh=16874557
stage b2=382 vs b1={255}: values [3688278592407490288045563431084032, 4915441435064644177113043212890625), 1033852676441505 candidates (MITM path)
  MITM b1=255: s=4 t=3 j=3 je=3 Q=16581375 table=55742968 yh=18546783
stage b2=383 vs b1={256}: values [3815786451010453557735946798011263, 5192296858534827628530496329220096), 1138644313495804 candidates (MITM path)
  MITM b1=256: s=4 t=3 j=3 je=3 Q=16777216 table=56181887 yh=20267107
stage b2=384 vs b1={257}: values [3947352554507170672035992860360704, 5483574227962890893331590433934849), 1247772234329203 candidates (MITM path)
  MITM b1=257: s=4 t=3 j=3 je=3 Q=16974593 table=56623104 yh=22036451
stage b2=385 vs b1={258}: values [4083094990467768482531636962890625, 5789964267207668452827559331119104), 1361366798613549 candidates (MITM path)
  MITM b1=258: s=4 t=3 j=3 je=3 Q=17173512 table=57066625 yh=23855745
stage b2=386 vs b1={259}: values [4223134962004623814104936875565056, 6112187904873275865980332271043961), 1479561415077586 candidates (MITM path)
  MITM b1=259: s=4 t=3 j=3 je=3 Q=17373979 table=57512456 yh=25725930
stage b2=387 vs b1={260}: values [4367596861556808869457342044548947, 6450997470329715097600000000000000), 1602492595892569 candidates (MITM path)
  MITM b1=260: s=4 t=3 j=3 je=3 Q=17576000 table=57960603 yh=27647963
stage b2=388 vs b1={261}: values [4516608346223730078076491035312128, 6807177932189258856180832656779241), 1730300011738182 candidates (MITM path)
  MITM b1=261: s=4 t=3 j=3 je=3 Q=17779581 table=58411072 yh=29622809
stage b2=389 vs b1={262}: values [4670300414676347401856768325525269, 7181548180572999273393724747300864), 1863126547553522 candidates (MITM path)
  MITM b1=262: s=4 t=3 j=3 je=3 Q=17984728 table=58863869 yh=31651446

*** MATCH: 5105765061995283647456337083909850 is an 14-digit palindrome in bases 262 and 389
stage b2=390 vs b1={263}: values [4828807485674805797190000000000000, 7574962354538500616775660413022289), 2001118358977928 candidates (MITM path)
  MITM b1=263: s=4 t=3 j=3 je=3 Q=18191447 table=59319000 yh=33734864
stage b2=391 vs b1={264}: values [4992267478221761010969967707552871, 7988311216076905079138811711062016), 2144424929486426 candidates (MITM path)
  MITM b1=264: s=4 t=3 j=3 je=3 Q=18399744 table=59776471 yh=35874064
done: 185.31s, 283190692 candidates tested
