A171740 search: n=14, threads=1, limit=none
stage b2=103 vs b1={74}: values [146853371345156431381127623, 147653612273582215982104576), 6506691060 candidates (MITM path)
  MITM b1=74: s=4 t=3 j=3 je=3 Q=405224 table=1092727 yh=5955
stage b2=104 vs b1={75}: values [166507350731038802170609664, 178179480135440826416015625), 88698590525 candidates (MITM path)
  MITM b1=75: s=4 t=3 j=3 je=3 Q=421875 table=1124864 yh=78853
stage b2=105 vs b1={76}: values [188564914232323560791015625, 214481724045177216015794176), 184185928706 candidates (MITM path)
  MITM b1=76: s=4 t=3 j=3 je=3 Q=438976 table=1157625 yh=159107
stage b2=106 vs b1={77}: values [213292826014568334917410816, 257555099046722087448523609), 294369395452 candidates (MITM path)
  MITM b1=77: s=4 t=3 j=3 je=3 Q=456533 table=1191016 yh=247159
stage b2=107 vs b1={78}: values [240984500018808097135911707, 308549209196654470906527744), 420759052011 candidates (MITM path)
  MITM b1=78: s=4 t=3 j=3 je=3 Q=474552 table=1225043 yh=343465
stage b2=108 vs b1={79}: values [271962372616449667721330688, 368790120348678391253573281), 564980607967 candidates (MITM path)
  MITM b1=79: s=4 t=3 j=3 je=3 Q=493039 table=1259712 yh=448500
stage b2=109 vs b1={80}: values [306580461214335498944273629, 439804651110400000000000000), 728781941147 candidates (MITM path)
  MITM b1=80: s=4 t=3 j=3 je=3 Q=512000 table=1295029 yh=562754
stage b2=110 vs b1={81}: values [345227121439310000000000000, 523347633027360537213511521), 914039865449 candidates (MITM path)
  MITM b1=81: s=4 t=3 j=3 je=3 Q=531441 table=1331000 yh=686732
stage b2=111 vs b1={82}: values [388328016259855395064461231, 621432458361496515414605824), 1122767151543 candidates (MITM path)
  MITM b1=82: s=4 t=3 j=3 je=3 Q=551368 table=1367631 yh=820958
stage b2=112 vs b1={83}: values [436349311165261308988751872, 736365263311636486061599129), 1357119805420 candidates (MITM path)
  MITM b1=83: s=4 t=3 j=3 je=3 Q=571787 table=1404928 yh=965972
stage b2=113 vs b1={84}: values [489801110321660601428677553, 870783126313900412592193536), 1619404609734 candidates (MITM path)
  MITM b1=84: s=4 t=3 j=3 je=3 Q=592704 table=1442897 yh=1122329
stage b2=114 vs b1={85}: values [549241149460447732335058944, 1027696695308843560791015625), 1912086932925 candidates (MITM path)
  MITM b1=85: s=4 t=3 j=3 je=3 Q=614125 table=1481544 yh=1290605
stage b2=115 vs b1={86}: values [615278762129476785888671875, 1210537694726365245693116416), 2237798811083 candidates (MITM path)
  MITM b1=86: s=4 t=3 j=3 je=3 Q=636056 table=1520875 yh=1471390

*** MATCH: 650003423442887721549962916 is an 14-digit palindrome in bases 86 and 115
done: 1.82s, 6818224 candidates tested
