A171740 search: n=14, threads=1, limit=none
stage b2=530 vs b1={339}: values [260367219256064861959730000000000000, 264725498532251343422483410510418841), 371008593379921 candidates (MITM path)
  MITM b1=339: s=4 t=3 j=3 je=3 Q=38958219 table=148877000 yh=2492048
stage b2=531 vs b1={340}: values [266826386037180636857388515472989091, 275870231034922482073600000000000000), 759786307777232 candidates (MITM path)
  MITM b1=340: s=4 t=3 j=3 je=3 Q=39304000 table=149721291 yh=5074672
stage b2=532 vs b1={341}: values [273433184120058913430441697300447232, 287449333431940958491026723053340361), 1162110136288925 candidates (MITM path)
  MITM b1=341: s=4 t=3 j=3 je=3 Q=39651821 table=150568768 yh=7718136
stage b2=533 vs b1={342}: values [280190700722483686027416350032250213, 299478386618880458206192837825019904), 1578300382156998 candidates (MITM path)
  MITM b1=342: s=4 t=3 j=3 je=3 Q=40001688 table=151419437 yh=10423368
stage b2=534 vs b1={343}: values [287102081641027742818685874210299904, 311973482284542371301330321821976049), 2008683185925359 candidates (MITM path)
  MITM b1=343: s=4 t=3 j=3 je=3 Q=40353607 table=152273304 yh=13191303
stage b2=535 vs b1={344}: values [294170532249521602949110970458984375, 324951238089060649950183741190045696), 2453590606924605 candidates (MITM path)
  MITM b1=344: s=4 t=3 j=3 je=3 Q=40707584 table=153130375 yh=16022887
stage b2=536 vs b1={345}: values [301399318512621735633442871240032256, 338428813246721067109392828369140625), 2913360705564292 candidates (MITM path)
  MITM b1=345: s=4 t=3 j=3 je=3 Q=41063625 table=153990656 yh=18919075
stage b2=537 vs b1={346}: values [308791768014677480736121943614131897, 352423924523059044388546203674361856), 3388337626437335 candidates (MITM path)
  MITM b1=346: s=4 t=3 j=3 je=3 Q=41421736 table=154854153 yh=21880832
stage b2=538 vs b1={347}: values [316351271004098343658904022264291328, 366954862655997403768050803331897769), 3878871682241118 candidates (MITM path)
  MITM b1=347: s=4 t=3 j=3 je=3 Q=41781923 table=155720872 yh=24909132
stage b2=539 vs b1={348}: values [324081281453425611818659325054366219, 382040509210986058943919609908035584), 4385319438519972 candidates (MITM path)
  MITM b1=348: s=4 t=3 j=3 je=3 Q=42144192 table=156590819 yh=28004959
stage b2=540 vs b1={349}: values [331985318135314535792640000000000000, 397700353880309848525885235660892601), 4908043799233611 candidates (MITM path)
  MITM b1=349: s=4 t=3 j=3 je=3 Q=42508549 table=157464000 yh=31169308
stage b2=541 vs b1={350}: values [340066965714635635499320813072655821, 413954512236938476562500000000000000), 5447414093156176 candidates (MITM path)
  MITM b1=350: s=4 t=3 j=3 je=3 Q=42875000 table=158340421 yh=34403181
stage b2=542 vs b1={351}: values [348329875856906030730297942652608512, 430823743953503917975940025623902401), 6003806161110510 candidates (MITM path)
  MITM b1=351: s=4 t=3 j=3 je=3 Q=43243551 table=159220088 yh=37707593
stage b2=543 vs b1={352}: values [356777768353264056114297546073891743, 448329471497205720126420014212317184), 6577602444042299 candidates (MITM path)
  MITM b1=352: s=4 t=3 j=3 je=3 Q=43614208 table=160103007 yh=41083566
stage b2=544 vs b1={353}: values [365414432262202803340615819548688384, 466493799311663440167496584517263169), 7169192071938727 candidates (MITM path)
  MITM b1=353: s=4 t=3 j=3 je=3 Q=43986977 table=160989184 yh=44532135
stage b2=545 vs b1={354}: values [374243727068280638359709019775390625, 485339533496958054990141432093229056), 7778970953596279 candidates (MITM path)
  MITM b1=354: s=4 t=3 j=3 je=3 Q=44361864 table=161878625 yh=48054343
stage b2=546 vs b1={355}: values [383269583858029168477508273239105536, 504890201999330620896660650634765625), 8407341867242344 candidates (MITM path)
  MITM b1=355: s=4 t=3 j=3 je=3 Q=44738875 table=162771336 yh=51651244
stage b2=547 vs b1={356}: values [392496006513281583932595840500243827, 525170075322236798832332084919402496), 9054714552015277 candidates (MITM path)
  MITM b1=356: s=4 t=3 j=3 je=3 Q=45118016 table=163667323 yh=55323900
stage b2=548 vs b1={357}: values [401927072922146770857809028954718208, 546204187770690153801056774632964649), 9721505800307560 candidates (MITM path)
  MITM b1=357: s=4 t=3 j=3 je=3 Q=45499293 table=164566592 yh=59073386
stage b2=549 vs b1={358}: values [411566936207857087647217069653412149, 568018359241065440405821984897122304), 10408139550976736 candidates (MITM path)
  MITM b1=358: s=4 t=3 j=3 je=3 Q=45882712 table=165469149 yh=62900787
stage b2=550 vs b1={359}: values [421419825975720214843750000000000000, 590639217568775457331652612637964561), 11115046983428776 candidates (MITM path)
  MITM b1=359: s=4 t=3 j=3 je=3 Q=46268279 table=166375000 yh=66807195
stage b2=551 vs b1={360}: values [431490049578408029900978423638102151, 614094221446481549721600000000000000), 11842666612578534 candidates (MITM path)
  MITM b1=360: s=4 t=3 j=3 je=3 Q=46656000 table=167284151 yh=70793716
stage b2=552 vs b1={361}: values [441781993399818022724510341599854592, 638411683925748518131605316913942641), 12591444384691981 candidates (MITM path)
  MITM b1=361: s=4 t=3 j=3 je=3 Q=47045881 table=168196608 yh=74861465
stage b2=553 vs b1={362}: values [452300124157745355934980751882862473, 663620796515309615092533840427761664), 13361833774114876 candidates (MITM path)
  MITM b1=362: s=4 t=3 j=3 je=3 Q=47437928 table=169112377 yh=79011567
stage b2=554 vs b1={363}: values [463048990225606285487392794579083264, 689751653889366534925949446541436489), 14154295880892558 candidates (MITM path)
  MITM b1=363: s=4 t=3 j=3 je=3 Q=47832147 table=170031464 yh=83245157
stage b2=555 vs b1={364}: values [474033222973456292803297401123046875, 716835279219612889692402474199023616), 14969299529285536 candidates (MITM path)
  MITM b1=364: s=4 t=3 j=3 je=3 Q=48228544 table=170953875 yh=87563383
stage b2=556 vs b1={365}: values [485257538128548939096586766742716416, 744903650144937675010347955322265625), 15807321367185574 candidates (MITM path)
  MITM b1=365: s=4 t=3 j=3 je=3 Q=48627125 table=171879616 yh=91967400
stage b2=557 vs b1={366}: values [496726737155684136275087566416582557, 773989725393037725664245462095118336), 16668845966436947 candidates (MITM path)
  MITM b1=366: s=4 t=3 j=3 je=3 Q=49027896 table=172808693 yh=96458377
stage b2=558 vs b1={367}: values [508445708657597236854185159560716288, 804127472068445204802288858779989729), 17554365924067555 candidates (MITM path)
  MITM b1=367: s=4 t=3 j=3 je=3 Q=49430863 table=173741112 yh=101037491
stage b2=559 vs b1={368}: values [520419429795643077901856425190522479, 835351893621757825180080478275764224), 18464381964434617 candidates (MITM path)
  MITM b1=368: s=4 t=3 j=3 je=3 Q=49836032 table=174676879 yh=105705931
stage b2=560 vs b1={369}: values [532652967731031871324160000000000000, 867699058515145830106783895701970721), 19399403042289611 candidates (MITM path)
  MITM b1=369: s=4 t=3 j=3 je=3 Q=50243409 table=175616000 yh=110464896
stage b2=561 vs b1={370}: values [545151481086876614974812989924244081, 901206129599500829968900000000000000), 20359946446767182 candidates (MITM path)
  MITM b1=370: s=4 t=3 j=3 je=3 Q=50653000 table=176558481 yh=115315596
stage b2=562 vs b1={371}: values [557920221431314506311321357441769472, 935911394218887462627310370080165081), 21346537906302719 candidates (MITM path)
  MITM b1=371: s=4 t=3 j=3 je=3 Q=51064811 table=177504328 yh=120259254
stage b2=563 vs b1={372}: values [570964534781967672803543519620846403, 971854295058259588504417458500665344), 22359711694483308 candidates (MITM path)
  MITM b1=372: s=4 t=3 j=3 je=3 Q=51478848 table=178453547 yh=125297099
stage b2=564 vs b1={373}: values [584289863132011391209840769230700544, 1009075461750708410420050723039024009), 23400010736836772 candidates (MITM path)
  MITM b1=373: s=4 t=3 j=3 je=3 Q=51895117 table=179406144 yh=130430376
stage b2=565 vs b1={374}: values [597901745998120851353366153564453125, 1047616743260820591544343170758885376), 24467986718563518 candidates (MITM path)
  MITM b1=374: s=4 t=3 j=3 je=3 Q=52313624 table=180362125 yh=135660338
stage b2=566 vs b1={375}: values [611805821990570429339805757456080896, 1087521241061040200293064117431640625), 25564200193215902 candidates (MITM path)
  MITM b1=375: s=4 t=3 j=3 je=3 Q=52734375 table=181321496 yh=140988249
stage b2=567 vs b1={376}: values [626007830405762370442234920236832087, 1128833343118249207414947823407333376), 26689220692329841 candidates (MITM path)
  MITM b1=376: s=4 t=3 j=3 je=3 Q=53157376 table=182284263 yh=146415386
stage b2=568 vs b1={377}: values [640513612841464743323893889989869568, 1171598758708107367475386427203165009), 27843626836013389 candidates (MITM path)
  MITM b1=377: s=4 t=3 j=3 je=3 Q=53582633 table=183250432 yh=151943036
stage b2=569 vs b1={378}: values [655329114835041515061818544164613209, 1215864554075023704741469602061369344), 29028006444497010 candidates (MITM path)
  MITM b1=378: s=4 t=3 j=3 je=3 Q=54010152 table=184220009 yh=157572495
stage b2=570 vs b1={379}: values [670460387524960610760570000000000000, 1261679188955968563191835468129487081), 30242956650650278 candidates (MITM path)
  MITM b1=379: s=4 t=3 j=3 je=3 Q=54439939 table=185193000 yh=163305075
stage b2=571 vs b1={380}: values [685913589335868862593975790997597611, 1309092553986677343846400000000000000), 31489084013469736 candidates (MITM path)
  MITM b1=380: s=4 t=3 j=3 je=3 Q=54872000 table=186169411 yh=169142094
stage b2=572 vs b1={381}: values [701694987687525821073007584217137152, 1358156009009144712440307376223513721), 32767004632542647 candidates (MITM path)
  MITM b1=381: s=4 t=3 j=3 je=3 Q=55306341 table=187149248 yh=175084886
stage b2=573 vs b1={382}: values [717810960727891496399861673112327533, 1408922422299661290033405230674100224), 34077344263491386 candidates (MITM path)
  MITM b1=382: s=4 t=3 j=3 je=3 Q=55742968 table=188132517 yh=181134792
stage b2=574 vs b1={383}: values [734267999090666220123170482943156224, 1461446210737003712612867623638313729), 35420738434403208 candidates (MITM path)
  MITM b1=383: s=4 t=3 j=3 je=3 Q=56181887 table=189119224 yh=187293168
stage b2=575 vs b1={384}: values [751072707677583967149257659912109375, 1515783380930753538061821258378510336), 36797832563250137 candidates (MITM path)
  MITM b1=384: s=4 t=3 j=3 je=3 Q=56623104 table=190109375 yh=193561378
stage b2=576 vs b1={385}: values [768231807465763655682670928358014976, 1571991571330090865774680230712890625), 38209282076303730 candidates (MITM path)
  MITM b1=385: s=4 t=3 j=3 je=3 Q=57066625 table=191102976 yh=199940801
stage b2=577 vs b1={386}: values [785752137340426148060117653375876417, 1630130095333784792244505633968111616), 39655752527549462 candidates (MITM path)
  MITM b1=386: s=4 t=3 j=3 je=3 Q=57512456 table=192100033 yh=206432826
stage b2=578 vs b1={387}: values [803640655953287908900640275234562048, 1690259985422485032479991371240442489), 41137919719105484 candidates (MITM path)
  MITM b1=387: s=4 t=3 j=3 je=3 Q=57960603 table=193100552 yh=213038851
stage b2=579 vs b1={388}: values [821904443606945538717678866487000339, 1752444038334807270293678521701105664), 42656469822650523 candidates (MITM path)
  MITM b1=388: s=4 t=3 j=3 je=3 Q=58411072 table=194104539 yh=219760291
stage b2=580 vs b1={389}: values [840550704165568691322880000000000000, 1816746861309099139322282878629329641), 44212099501865661 candidates (MITM path)
  MITM b1=389: s=4 t=3 j=3 je=3 Q=58863869 table=195112000 yh=226598567
stage b2=581 vs b1={390}: values [859586766992222202195460101840278741, 1883234919413174260904100000000000000), 45805516035894783 candidates (MITM path)
  MITM b1=390: s=4 t=3 j=3 je=3 Q=59319000 table=196122941 yh=233555115
stage b2=582 vs b1={391}: values [879020088913141602693987477647941632, 1951976583984708555289257373653172561), 47437437443828429 candidates (MITM path)
  MITM b1=391: s=4 t=3 j=3 je=3 Q=59776471 table=197137368 yh=240631383
stage b2=583 vs b1={392}: values [898858256209289571750018603448589863, 2023042182205406180576948745932898304), 49108592610215845 candidates (MITM path)
  MITM b1=392: s=4 t=3 j=3 je=3 Q=60236288 table=198155287 yh=247828829
stage b2=584 vs b1={393}: values [919108986635524282706561397690466304, 2096504047832462021585980850883353649), 50819721411609985 candidates (MITM path)
  MITM b1=393: s=4 t=3 j=3 je=3 Q=60698457 table=199176704 yh=255148923
stage b2=585 vs b1={394}: values [939780131467714038451336959228515625, 2172436573111273731749254298313834496), 52571574844150237 candidates (MITM path)
  MITM b1=394: s=4 t=3 j=3 je=3 Q=61162984 table=200201625 yh=262593148
stage b2=586 vs b1={395}: values [960879677578136053148816778964934656, 2250916261893789009116047857666015625), 54364915152187663 candidates (MITM path)
  MITM b1=395: s=4 t=3 j=3 je=3 Q=61629875 table=201230056 yh=270162998
stage b2=587 vs b1={396}: values [982415749539500733900622636113799547, 2332021783987313147550261420339757056), 56200515957957516 candidates (MITM path)
  MITM b1=396: s=4 t=3 j=3 je=3 Q=62099136 table=202262003 yh=277859980
stage b2=588 vs b1={397}: values [1004396611757946340766745635195977728, 2415834030759048032002067126745534169), 58079162392303816 candidates (MITM path)
  MITM b1=397: s=4 t=3 j=3 je=3 Q=62570773 table=203297472 yh=285685611
stage b2=589 vs b1={398}: values [1026830670635352458966883555245399869, 2502436172022086728957275203783901184), 60001651226460774 candidates (MITM path)
  MITM b1=398: s=4 t=3 j=3 je=3 Q=63044792 table=204336469 yh=293641422
stage b2=590 vs b1={399}: values [1049726476761324302959790000000000000, 2591913714229047747371013122318554401), 61968791004895849 candidates (MITM path)
  MITM b1=399: s=4 t=3 j=3 je=3 Q=63521199 table=205379000 yh=301728955
stage b2=591 vs b1={400}: values [1073092727135203488677720234874003471, 2684354560000000000000000000000000000), 63981402179219217 candidates (MITM path)
  MITM b1=400: s=4 t=3 j=3 je=3 Q=64000000 table=206425071 yh=309949765
stage b2=592 vs b1={401}: values [1096938267418464557682763546243366912, 2779849069011803569389614128910565601), 66040317243164451 candidates (MITM path)
  MITM b1=401: s=4 t=3 j=3 je=3 Q=64481201 table=207474688 yh=318305418
stage b2=593 vs b1={402}: values [1121272094217860215623061584431717393, 2878490120276472667082662144291651584), 68146380868645200 candidates (MITM path)
  MITM b1=402: s=4 t=3 j=3 je=3 Q=64964808 table=208527857 yh=326797493
stage b2=594 vs b1={403}: values [1146103357399681957311695889085046784, 2980373175836655760043416457625951769), 70300450042892664 candidates (MITM path)
  MITM b1=403: s=4 t=3 j=3 je=3 Q=65450827 table=209584584 yh=335427582
stage b2=595 vs b1={404}: values [1171441362435506492242537059326171875, 3085596345906823816899741423927033856), 72503394206678661 candidates (MITM path)
  MITM b1=404: s=4 t=3 j=3 je=3 Q=65939264 table=210644875 yh=344197286
stage b2=596 vs b1={405}: values [1197295572779802157609819889714855936, 3194260455489261091391061529541015625), 74756095393629082 candidates (MITM path)
  MITM b1=405: s=4 t=3 j=3 je=3 Q=66430125 table=211708736 yh=353108223
stage b2=597 vs b1={406}: values [1223675612279773311126969648879885477, 3306469112494463905297029171238813696), 77059448370632550 candidates (MITM path)
  MITM b1=406: s=4 t=3 j=3 je=3 Q=66923416 table=212776173 yh=362162019
stage b2=598 vs b1={407}: values [1250591267617824533361673953148100608, 3422328777396071612977936337655912049), 79414360779349062 candidates (MITM path)
  MITM b1=407: s=4 t=3 j=3 je=3 Q=67419143 table=213847192 yh=371360316
stage b2=599 vs b1={408}: values [1278052490787030339135888517747927799, 3541948834450980420297557401512443904), 81821753278823448 candidates (MITM path)
  MITM b1=408: s=4 t=3 j=3 je=3 Q=67917312 table=214921799 yh=380704767
stage b2=600 vs b1={409}: values [1306069401600000000000000000000000000, 3665441664515825088891125013458457361), 84282559689208430 candidates (MITM path)
  MITM b1=409: s=4 t=3 j=3 je=3 Q=68417929 table=216000000 yh=390197036
stage b2=601 vs b1={410}: values [1334652290231531015099465845804087801, 3792922719491555880216100000000000000), 86797727136602119 candidates (MITM path)
  MITM b1=410: s=4 t=3 j=3 je=3 Q=68921000 table=217081801 yh=399838802
stage b2=602 vs b1={411}: values [1363811619795448736130738004163796992, 3924510598428388481280677722353356841), 89368216199004733 candidates (MITM path)
  MITM b1=411: s=4 t=3 j=3 je=3 Q=69426531 table=218167208 yh=409631755
stage b2=603 vs b1={412}: values [1393558028956033653753094621458594123, 4060327125323963205059947437242712064), 91995001053399377 candidates (MITM path)
  MITM b1=412: s=4 t=3 j=3 je=3 Q=69934528 table=219256227 yh=419577598
stage b2=604 vs b1={413}: values [1423902334574441888007206673961713664, 4200497428648116574040869616977676089), 94679069623961685 candidates (MITM path)
  MITM b1=413: s=4 t=3 j=3 je=3 Q=70444997 table=220348864 yh=429678048
stage b2=605 vs b1={414}: values [1454855534390528494214029249267578125, 4345150022628243576733808719502524416), 97421423731403154 candidates (MITM path)
  MITM b1=414: s=4 t=3 j=3 je=3 Q=70957944 table=221445125 yh=439934832
stage b2=606 vs b1={415}: values [1486428809740487298714226885871394816, 4494416890329812536997064996337890625), 100223079243452982 candidates (MITM path)
  MITM b1=415: s=4 t=3 j=3 je=3 Q=71473375 table=222545016 yh=450349692
stage b2=607 vs b1={416}: values [1518633528310725115885242544096618207, 4648433568567186758293585075200065536), 103085066226483244 candidates (MITM path)
  MITM b1=416: s=4 t=3 j=3 je=3 Q=71991296 table=223648543 yh=460924381
stage b2=608 vs b1={417}: values [1551481246928392369367854156441714688, 4807339234680508004200143948920808129), 106008429098282224 candidates (MITM path)
  MITM b1=417: s=4 t=3 j=3 je=3 Q=72511713 table=224755712 yh=471660668
stage b2=609 vs b1={418}: values [1584983714388996346575319018247100129, 4971276795215006558302976583535181824), 108994226781980728 candidates (MITM path)
  MITM b1=418: s=4 t=3 j=3 je=3 Q=73034632 table=225866529 yh=482560331
stage b2=610 vs b1={419}: values [1619152874321527556575810000000000000, 5140392976539721177751575813150574521), 112043532861136224 candidates (MITM path)
  MITM b1=419: s=4 t=3 j=3 je=3 Q=73560059 table=226981000 yh=493625162
stage b2=611 vs b1={420}: values [1654000868091533937563765670183447731, 5314838417443239822950400000000000000), 115157435735979612 candidates (MITM path)
  MITM b1=420: s=4 t=3 j=3 je=3 Q=74088000 table=228099131 yh=504856969
stage b2=612 vs b1={421}: values [1689540037742581971600121175444815872, 5494767763744708719935047067099450281), 118337038780829491 candidates (MITM path)
  MITM b1=421: s=4 t=3 j=3 je=3 Q=74618461 table=229220928 yh=516257568

*** MATCH: 5012880121078131840415308202680531470 is an 14-digit palindrome in bases 421 and 612
stage b2=613 vs b1={422}: values [1725782928976548111338419459444904053, 5680339764959003201743354806764191744), 121583460502678732 candidates (MITM path)
  MITM b1=422: s=4 t=3 j=3 je=3 Q=75151448 table=230346397 yh=527828793
stage b2=614 vs b1={423}: values [1762742294173188306297937288841682944, 5871717373055608991448570282421854609), 124897834700958203 candidates (MITM path)
  MITM b1=423: s=4 t=3 j=3 je=3 Q=75686967 table=231475544 yh=539572486
stage b2=615 vs b1={424}: values [1800431095449437835131768411865234375, 6069067843351427244431884841622962176), 128281310628482495 candidates (MITM path)
  MITM b1=424: s=4 t=3 j=3 je=3 Q=76225024 table=232608375 yh=551490507
stage b2=616 vs b1={425}: values [1838862507758898105504018259347767296, 6272562837578390873968601226806640625), 131735053153582472 candidates (MITM path)
  MITM b1=425: s=4 t=3 j=3 je=3 Q=76765625 table=233744896 yh=563584726
stage b2=617 vs b1={426}: values [1878049922031971574873776412183681737, 6482378529167463556399674472000536576), 135260242923429506 candidates (MITM path)
  MITM b1=426: s=4 t=3 j=3 je=3 Q=77308776 table=234885113 yh=575857028
stage b2=618 vs b1={427}: values [1918006948357110473923408161048403968, 6698695710791286465260106983189214409), 138858076528556227 candidates (MITM path)
  MITM b1=427: s=4 t=3 j=3 je=3 Q=77854483 table=236029032 yh=588309309
stage b2=619 vs b1={428}: values [1958747419203649579805180304743832859, 6921699904208441334035270575738322944), 142529766668578643 candidates (MITM path)
  MITM b1=428: s=4 t=3 j=3 je=3 Q=78402752 table=237176659 yh=600943480
stage b2=620 vs b1={429}: values [2000285392686697889054720000000000000, 7151581472453012012116895731192681881), 146276542319124483 candidates (MITM path)
  MITM b1=429: s=4 t=3 j=3 je=3 Q=78953589 table=238328000 yh=613761465
stage b2=621 vs b1={430}: values [2042635155874568680174889641096599261, 7388535734413850376544900000000000000), 150099648899972596 candidates (MITM path)
  MITM b1=430: s=4 t=3 j=3 je=3 Q=79507000 table=239483061 yh=626765202
stage b2=622 vs b1={431}: values [2085811228139232133773119427181207552, 7632763081848686412881453326130989921), 154000348444408277 candidates (MITM path)
  MITM b1=431: s=4 t=3 j=3 je=3 Q=80062991 table=240641848 yh=639956640
stage b2=623 vs b1={432}: values [2129828364550279393984033687389131183, 7884469098878966602828979489287962624), 157979919769799369 candidates (MITM path)
  MITM b1=432: s=4 t=3 j=3 je=3 Q=80621568 table=241804367 yh=653337745
stage b2=624 vs b1={433}: values [2174701559312891708973489449676570624, 8143864684012059575868650219685575329), 162039658649397983 candidates (MITM path)
  MITM b1=433: s=4 t=3 j=3 je=3 Q=81182737 table=242970624 yh=666910494
stage b2=625 vs b1={434}: values [2220446049250313080847263336181640625, 8411166174738233420298006070305243136), 166180877985372712 candidates (MITM path)
  MITM b1=434: s=4 t=3 j=3 je=3 Q=81746504 table=244140625 yh=680676877
stage b2=626 vs b1={435}: values [2267077317331329686526121590850789376, 8686595474750585229774506158447265625), 170404907983076193 candidates (MITM path)
  MITM b1=435: s=4 t=3 j=3 je=3 Q=82312875 table=245314376 yh=694638899
stage b2=627 vs b1={436}: values [2314611096243264201348636473321960067, 8970380183836890510174203510643490816), 174713096326552865 candidates (MITM path)
  MITM b1=436: s=4 t=3 j=3 je=3 Q=82881856 table=246491883 yh=708798579
stage b2=628 vs b1={437}: values [2363063372010998066574825473544552448, 9262753730493138114766863039657882889), 179106808355291802 candidates (MITM path)
  MITM b1=437: s=4 t=3 j=3 je=3 Q=83453453 table=247673152 yh=723157948
stage b2=629 vs b1={438}: values [2412450387662539690839653288271441989, 9563955507309325541081682029597835264), 183587427242229477 candidates (MITM path)
  MITM b1=438: s=4 t=3 j=3 je=3 Q=84027672 table=248858189 yh=737719052
stage b2=630 vs b1={439}: values [2462788646941661564199030000000000000, 9874231009178909839266005617294795441), 188156354173007327 candidates (MITM path)
  MITM b1=439: s=4 t=3 j=3 je=3 Q=84604519 table=250047000 yh=752483950
stage b2=631 vs b1={440}: values [2514094918068134291976760322363658391, 10193831974384141179289600000000000000), 192815008526488975 candidates (MITM path)
  MITM b1=440: s=4 t=3 j=3 je=3 Q=85184000 table=251239591 yh=767454715
stage b2=632 vs b1={441}: values [2566386237546090624414768097270956032, 10523016528610349434285830688358359761), 197564828056541993 candidates (MITM path)
  MITM b1=441: s=4 t=3 j=3 je=3 Q=85766121 table=252435968 yh=782633433
stage b2=633 vs b1={442}: values [2619679914021057667407883389176559513, 10862049331943109092123583795027656704), 202407269075089070 candidates (MITM path)
  MITM b1=442: s=4 t=3 j=3 je=3 Q=86350888 table=253636137 yh=798022205
stage b2=634 vs b1={443}: values [2673993532186200609626812339272392704, 11211201728903074540661796075971686249), 207343806636433453 candidates (MITM path)
  MITM b1=443: s=4 t=3 j=3 je=3 Q=86938307 table=254840104 yh=813623145
stage b2=635 vs b1={444}: values [2729344956738326492358122030029296875, 11570751901574156418968956793096503296), 212375934722863537 candidates (MITM path)
  MITM b1=444: s=4 t=3 j=3 je=3 Q=87528384 table=256047875 yh=829438381
stage b2=636 vs b1={445}: values [2785752336384201780678911298744877056, 11940985025881600423243346197509765625), 217505166431541489 candidates (MITM path)
  MITM b1=445: s=4 t=3 j=3 je=3 Q=88121125 table=257259456 yh=845470056
stage b2=637 vs b1={446}: values [2843234107897742768398292704577537197, 12322193431077432839638457382702432256), 222733034162680764 candidates (MITM path)
  MITM b1=446: s=4 t=3 j=3 je=3 Q=88716536 table=258474853 yh=861720325
stage b2=638 vs b1={447}: values [2901809000228643164801115256135344128, 12714676762491652285324804657479325569), 228061089809017406 candidates (MITM path)
  MITM b1=447: s=4 t=3 j=3 je=3 Q=89314623 table=259694072 yh=878191359
stage b2=639 vs b1={448}: values [2961496038663008568885996129059643519, 13118742147608474813805880854691446784), 233490904946580010 candidates (MITM path)
  MITM b1=448: s=4 t=3 j=3 je=3 Q=89915392 table=260917119 yh=894885341
stage b2=640 vs b1={449}: values [3022314549036572936765440000000000000, 13534704365527879821921605092855171201), 239024071026763225 candidates (MITM path)
  MITM b1=449: s=4 t=3 j=3 je=3 Q=90518849 table=262144000 yh=911804471
stage b2=641 vs b1={450}: values [3084284162001077590457601775664341121, 13962886019873657226562500000000000000), 244662199569709673 candidates (MITM path)
  MITM b1=450: s=4 t=3 j=3 je=3 Q=91125000 table=263374721 yh=928950959
stage b2=642 vs b1={451}: values [3147424817344398801715348770319245312, 14403617715210122302612065220444183801), 250406922359005190 candidates (MITM path)
  MITM b1=451: s=4 t=3 j=3 je=3 Q=91733851 table=264609288 yh=946327033
stage b2=643 vs b1={452}: values [3211756768365015513078223502223273043, 14857238237030643535056768077066665984), 256259891637692249 candidates (MITM path)
  MITM b1=452: s=4 t=3 j=3 je=3 Q=92345408 table=265847707 yh=963934934
stage b2=644 vs b1={453}: values [3277300586301414330267489284793565184, 15324094735382120983878242016150795369), 262222780305606465 candidates (MITM path)
  MITM b1=453: s=4 t=3 j=3 je=3 Q=92959677 table=267089984 yh=981776915
stage b2=645 vs b1={454}: values [3344077164817034535645722032470703125, 15804542912190558137907000481330118656), 268297282118041073 candidates (MITM path)
  MITM b1=454: s=4 t=3 j=3 je=3 Q=93576664 table=268336125 yh=999855246
stage b2=646 vs b1={455}: values [3412107724541361532003734825036046336, 16298947212353889192227199468994140625), 274485111885744259 candidates (MITM path)
  MITM b1=455: s=4 t=3 j=3 je=3 Q=94196375 table=269586136 yh=1018172211
stage b2=647 vs b1={456}: values [3481413817667782829693609699985697127, 16807681018669256273262134135825104896), 280788005676254244 candidates (MITM path)
  MITM b1=456: s=4 t=3 j=3 je=3 Q=94818816 table=270840023 yh=1036730106
stage b2=648 vs b1={457}: values [3552017332608826438373172072318763008, 17331126850662977507961974110129814449), 287207721016577008 candidates (MITM path)
  MITM b1=457: s=4 t=3 j=3 je=3 Q=95443993 table=272097792 yh=1055531245
stage b2=649 vs b1={458}: values [3623940498709407317641574599978553449, 17869676567392507141526697456970645504), 293746037097211550 candidates (MITM path)
  MITM b1=458: s=4 t=3 j=3 je=3 Q=96071912 table=273359449 yh=1074577953
stage b2=650 vs b1={459}: values [3697205891018713378906250000000000000, 18423731574290763306151416550496305161), 300404754977527579 candidates (MITM path)
  MITM b1=459: s=4 t=3 j=3 je=3 Q=96702579 table=274625000 yh=1093872572
stage b2=651 vs b1={460}: values [3771836435121368414208134363981963451, 18993703034124287687065600000000000000), 307185697792500532 candidates (MITM path)
  MITM b1=460: s=4 t=3 j=3 je=3 Q=97336000 table=275894451 yh=1113417457
stage b2=652 vs b1={461}: values [3847855412028515256725843343302459392, 19580012082137804378712564527187326041), 314090710960808813 candidates (MITM path)
  MITM b1=461: s=4 t=3 j=3 je=3 Q=97972181 table=277167808 yh=1133214977
stage b2=653 vs b1={462}: values [3925286463129468452562797957560155773, 20183090045458862831723766048606142464), 321121662394298166 candidates (MITM path)
  MITM b1=462: s=4 t=3 j=3 je=3 Q=98611128 table=278445077 yh=1153267517
stage b2=654 vs b1={463}: values [4004153595204591744477848903746904064, 20803378666837382120217935999513270689), 328280442708818062 candidates (MITM path)
  MITM b1=463: s=4 t=3 j=3 je=3 Q=99252847 table=279726264 yh=1173577476
stage b2=655 vs b1={464}: values [4084481185500061735734755726318359375, 21441330332796060970132555513741705216), 335568965436435015 candidates (MITM path)
  MITM b1=464: s=4 t=3 j=3 je=3 Q=99897344 table=281011375 yh=1194147267
stage b2=656 vs b1={465}: values [4166293986865185216505275152875913216, 22097408306268780245418780816650390625), 342989167239027733 candidates (MITM path)
  MITM b1=465: s=4 t=3 j=3 je=3 Q=100544625 table=282300416 yh=1214979320
stage b2=657 vs b1={466}: values [4249617132952943796552257949194923857, 22772086963805302054063871968197492736), 350543008123268990 candidates (MITM path)
  MITM b1=466: s=4 t=3 j=3 je=3 Q=101194696 table=283593393 yh=1236076076
stage b2=658 vs b1={467}: values [4334476143484445696532028042789593088, 23465852037421762475538740941137381529), 358232471656999148 candidates (MITM path)
  MITM b1=467: s=4 t=3 j=3 je=3 Q=101847563 table=284890312 yh=1257439993
stage b2=659 vs b1={468}: values [4420896929577970806479733313662687779, 24179200861177663292331198008392679424), 366059565186996219 candidates (MITM path)
  MITM b1=468: s=4 t=3 j=3 je=3 Q=102503232 table=286191179 yh=1279073543
stage b2=660 vs b1={469}: values [4508905799143301424168960000000000000, 24912642622561292199093422864560933321), 374026320058147377 candidates (MITM path)
  MITM b1=469: s=4 t=3 j=3 je=3 Q=103161709 table=287496000 yh=1300979214
stage b2=661 vs b1={470}: values [4598529462342037438360675577767441381, 25666698618766740933436900000000000000), 382134791834026837 candidates (MITM path)
  MITM b1=470: s=4 t=3 j=3 je=3 Q=103823000 table=288804781 yh=1323159508
stage b2=662 vs b1={471}: values [4689795037114601122770833610592182272, 26441902517946946793846938729266890481), 390387060518885000 candidates (MITM path)
  MITM b1=471: s=4 t=3 j=3 je=3 Q=104487111 table=290117528 yh=1345616941
stage b2=663 vs b1={472}: values [4782730054774643156186409786956891703, 27238800625528455255334435750772998144), 398785230781053791 candidates (MITM path)
  MITM b1=472: s=4 t=3 j=3 je=3 Q=105154048 table=291434247 yh=1368354046
stage b2=664 vs b1={473}: values [4877362465671567982843262612845625344, 28057952155674890036551813994681240209), 407331432177773079 candidates (MITM path)
  MITM b1=473: s=4 t=3 j=3 je=3 Q=105823817 table=292754944 yh=1391373368
stage b2=665 vs b1={474}: values [4973720644921903175244400650634765625, 28899929507987422188924307738645118976), 416027819381443118 candidates (MITM path)
  MITM b1=474: s=4 t=3 j=3 je=3 Q=106496424 table=294079625 yh=1414677469
done: 12953.32s, 26819048543 candidates tested
