A171740 search: n=14, threads=1, limit=none
stage b2=351 vs b1={231}: values [1227418073941606603920057053059551, 1231878054532401295881577517615121), 6794901311574 candidates (MITM path)
  MITM b1=231: s=4 t=3 j=3 je=3 Q=12326391 table=43243551 yh=157131
stage b2=352 vs b1={232}: values [1273663271298879886722784131284992, 1308674947070072080696567108993024), 52289471655528 candidates (MITM path)
  MITM b1=232: s=4 t=3 j=3 je=3 Q=12487168 table=43614208 yh=1198910
stage b2=353 vs b1={233}: values [1321512179353154221437667378235873, 1389897885974444705448234373058929), 100124970486957 candidates (MITM path)
  MITM b1=233: s=4 t=3 j=3 je=3 Q=12649337 table=43986977 yh=2276242
stage b2=354 vs b1={234}: values [1371015631347339138390230034161664, 1475781302562113238057324097191936), 150382107062311 candidates (MITM path)
  MITM b1=234: s=4 t=3 j=3 je=3 Q=12812904 table=44361864 yh=3389897
stage b2=355 vs b1={235}: values [1422225921124874988441297607421875, 1566570960618087215175592041015625), 203143715897864 candidates (MITM path)
  MITM b1=235: s=4 t=3 j=3 je=3 Q=12977875 table=44738875 yh=4540654
stage b2=356 vs b1={236}: values [1475196840792799996720033946402816, 1662524452241727005330470932054016), 258494799257806 candidates (MITM path)
  MITM b1=236: s=4 t=3 j=3 je=3 Q=13144256 table=45118016 yh=5729304
stage b2=357 vs b1={237}: values [1529983719245630682916125419139957, 1763911713133997936335712142251289), 316522570238691 candidates (MITM path)
  MITM b1=237: s=4 t=3 j=3 je=3 Q=13312053 table=45499293 yh=6956649
stage b2=358 vs b1={238}: values [1586643461567221900574921745522688, 1871015558000686912224711093796864), 377316496454986 candidates (MITM path)
  MITM b1=238: s=4 t=3 j=3 je=3 Q=13481272 table=45882712 yh=8223501
stage b2=359 vs b1={239}: values [1645234589328065340756692514311879, 1984132236766622027506928774262241), 440968344330438 candidates (MITM path)
  MITM b1=239: s=4 t=3 j=3 je=3 Q=13651919 table=46268279 yh=9530684

*** MATCH: 1797668699112475617534561995356800 is an 14-digit palindrome in bases 239 and 359
stage b2=360 vs b1={240}: values [1705817281795782082560000000000000, 2103572012316858777600000000000000), 507572224000001 candidates (MITM path)
  MITM b1=240: s=4 t=3 j=3 je=3 Q=13824000 table=46656000 yh=10879035
stage b2=361 vs b1={241}: values [1768453418076865701195582595329481, 2229659760502257132817812847740961), 577224634827044 candidates (MITM path)
  MITM b1=241: s=4 t=3 j=3 je=3 Q=13997521 table=47045881 yh=12269398
done: 33.46s, 40048581 candidates tested
