A171740 search: n=14, threads=1, limit=none
stage b2=412 vs b1={268}: values [9855162925543600012281425818550272, 9860231611496902484101890807169024), 2515445265073 candidates (MITM path)
  MITM b1=268: s=5 t=2 j=2 je=4 Q=71824 table=169744 yh=14819053
stage b2=413 vs b1={269}: values [10170695953143139404457311421253453, 10387999499524225396026023192028121), 106026994894159 candidates (MITM path)
  MITM b1=269: s=4 t=3 j=3 je=3 Q=19465109 table=70444997 yh=1505104
stage b2=414 vs b1={270}: values [10495531455623776755395673235513344, 10941898913151235920900000000000000), 214136222387697 candidates (MITM path)
  MITM b1=270: s=4 t=3 j=3 je=3 Q=19683000 table=70957944 yh=3017791
stage b2=415 vs b1={271}: values [10829920217662198884330277099609375, 11523119672512394327137541804059681), 326980260520379 candidates (MITM path)
  MITM b1=271: s=4 t=3 j=3 je=3 Q=19902511 table=71473375 yh=4574855
stage b2=416 vs b1={272}: values [11174119155209583553590348738461696, 12132901071205952454668884633452544), 444699375574735 candidates (MITM path)
  MITM b1=272: s=4 t=3 j=3 je=3 Q=20123648 table=71991296 yh=6177127
stage b2=417 vs b1={273}: values [11528391450073160681535117383503137, 12772533739409419310834931469027809), 567437021890300 candidates (MITM path)
  MITM b1=273: s=4 t=3 j=3 je=3 Q=20346417 table=72511713 yh=7825454
stage b2=418 vs b1={274}: values [11893006687117240570102814793146368, 13443361569905787990117147696971776), 695339897082503 candidates (MITM path)
  MITM b1=274: s=4 t=3 j=3 je=3 Q=20570824 table=73034632 yh=9520688
stage b2=419 vs b1={275}: values [12268240994128212834729297883414259, 14146783708901740610599517822265625), 828557997935978 candidates (MITM path)
  MITM b1=275: s=4 t=3 j=3 je=3 Q=20796875 table=73560059 yh=11263695
stage b2=420 vs b1={276}: values [12654377184388666245120000000000000, 14884256613568087679683209751166976), 967244676976946 candidates (MITM path)
  MITM b1=276: s=4 t=3 j=3 je=3 Q=21024576 table=74088000 yh=13055349
stage b2=421 vs b1={277}: values [13051704902006434014097498971732661, 15657296178282829721680640148731209), 1111556699729401 candidates (MITM path)
  MITM b1=277: s=4 t=3 j=3 je=3 Q=21253933 table=74618461 yh=14896538
stage b2=422 vs b1={278}: values [13460520770045031283752025608445952, 16467479931608472298443740375302144), 1261654302659756 candidates (MITM path)
  MITM b1=278: s=4 t=3 j=3 je=3 Q=21484952 table=75151448 yh=16788157
stage b2=423 vs b1={279}: values [13881128541502621729192837547096583, 17316449306087601206337604921562481), 1417701251814668 candidates (MITM path)
  MITM b1=279: s=4 t=3 j=3 je=3 Q=21717639 table=75686967 yh=18731115
stage b2=424 vs b1={280}: values [14313839253187328406678973683073024, 18205911982994253414400000000000000), 1579864902156739 candidates (MITM path)
  MITM b1=280: s=4 t=3 j=3 je=3 Q=21952000 table=76225024 yh=20726329
stage b2=425 vs b1={281}: values [14758971382537390291690826416015625, 19137644314233322299008947929826321), 1748316257602806 candidates (MITM path)
  MITM b1=281: s=4 t=3 j=3 je=3 Q=22188041 table=76765625 yh=22774729
stage b2=426 vs b1={282}: values [15216851007435360461032099699531776, 20113493823636134316549694448615424), 1923230031769516 candidates (MITM path)
  MITM b1=282: s=4 t=3 j=3 je=3 Q=22425768 table=77308776 yh=24877254
stage b2=427 vs b1={283}: values [15687811969066244649321093637445467, 21135381789957450134663699873055529), 2104784709430923 candidates (MITM path)
  MITM b1=283: s=4 t=3 j=3 je=3 Q=22665187 table=77854483 yh=27034856
stage b2=428 vs b1={284}: values [16172196037870190032792688261070848, 22205305913937498425779524506484736), 2293162608692807 candidates (MITM path)
  MITM b1=284: s=4 t=3 j=3 je=3 Q=22906304 table=78402752 yh=29248497
stage b2=429 vs b1={285}: values [16670353082641053641298125247535389, 23325343071852267342134088134765625), 2488549943888457 candidates (MITM path)
  MITM b1=285: s=4 t=3 j=3 je=3 Q=23149125 table=78953589 yh=31519150
stage b2=430 vs b1={286}: values [17182641242822907852430000000000000, 24497652158036179788437520640393216), 2691136889200628 candidates (MITM path)
  MITM b1=286: s=4 t=3 j=3 je=3 Q=23393656 table=79507000 yh=33847799
stage b2=431 vs b1={287}: values [17709427104057277060049775698679791, 25724477018923486959881583081626689), 2901117643014425 candidates (MITM path)
  MITM b1=287: s=4 t=3 j=3 je=3 Q=23639903 table=80062991 yh=36235440

*** MATCH: 18046122120891703552851563279966208 is an 14-digit palindrome in bases 287 and 431
done: 167.10s, 313725713 candidates tested
