A171740 search: n=14, threads=1, limit=none
stage b2=507 vs b1={325}: values [146252558193722600716669650994316907, 146678700510385967791080474853515625), 49487891124767 candidates (MITM path)
  MITM b1=325: s=4 t=3 j=3 je=3 Q=34328125 table=130323843 yh=379731
stage b2=508 vs b1={326}: values [150047325807278683064941158898597888, 153125105507970699913650504140210176), 352526317999227 candidates (MITM path)
  MITM b1=326: s=4 t=3 j=3 je=3 Q=34645976 table=131096512 yh=2689060
stage b2=509 vs b1={327}: values [153932800432603454742132269478454829, 159833767777331726128449290957670609), 666651307079054 candidates (MITM path)
  MITM b1=327: s=4 t=3 j=3 je=3 Q=34965783 table=131872229 yh=5055283
stage b2=510 vs b1={328}: values [157910965631566921956510000000000000, 166814505333469329957730743425695744), 992136590487582 candidates (MITM path)
  MITM b1=328: s=4 t=3 j=3 je=3 Q=35287552 table=132651000 yh=7479300
stage b2=511 vs b1={329}: values [161983844320814634817101682325330431, 174077472071091630146366848886447281), 1329261100266585 candidates (MITM path)
  MITM b1=329: s=4 t=3 j=3 je=3 Q=35611289 table=133432831 yh=9962025
stage b2=512 vs b1={330}: values [166153499473114484112975882535043072, 181633168178380062252900000000000000), 1678309043960482 candidates (MITM path)
  MITM b1=330: s=4 t=3 j=3 je=3 Q=35937000 table=134217728 yh=12504377
stage b2=513 vs b1={331}: values [170422034829791634103401401374218753, 189492450840445919389300039685792521), 2039569980979722 candidates (MITM path)
  MITM b1=331: s=4 t=3 j=3 je=3 Q=36264691 table=135005697 yh=15107289
stage b2=514 vs b1={332}: values [174791595624404677813900345660678144, 197666545239619210242183006282317824), 2413338899747961 candidates (MITM path)
  MITM b1=332: s=4 t=3 j=3 je=3 Q=36594368 table=135796744 yh=17771700
stage b2=515 vs b1={333}: values [179264369317817909400790555419921875, 206167055859864657197443888722807129), 2799916295637670 candidates (MITM path)
  MITM b1=333: s=4 t=3 j=3 je=3 Q=36926037 table=136590875 yh=20498561
stage b2=516 vs b1={334}: values [183842586344826433975051806358634496, 215005978102776043931247317256257536), 3199608249698787 candidates (MITM path)
  MITM b1=334: s=4 t=3 j=3 je=3 Q=37259704 table=137388096 yh=23288832
stage b2=517 vs b1={335}: values [188528520872492679004546608119852437, 224195710222759373302821832275390625), 3612726508185067 candidates (MITM path)
  MITM b1=335: s=4 t=3 j=3 je=3 Q=37595375 table=138188413 yh=26143484
stage b2=518 vs b1={336}: values [193324491570354733181895297159815168, 233749065589177456392773613876412416), 4039588562882742 candidates (MITM path)
  MITM b1=336: s=4 t=3 j=3 je=3 Q=37933056 table=138991832 yh=29063497
stage b2=519 vs b1={337}: values [198232862392668818594582670912803559, 243679285283393666208253061306357089), 4480517732246163 candidates (MITM path)
  MITM b1=337: s=4 t=3 j=3 je=3 Q=38272753 table=139798359 yh=32049860
stage b2=520 vs b1={338}: values [203256043372850100305920000000000000, 254000051038820699590976063168856064), 4935843243345040 candidates (MITM path)
  MITM b1=338: s=4 t=3 j=3 je=3 Q=38614472 table=140608000 yh=35103574
stage b2=521 vs b1={339}: values [208396491430277954192889648311785961, 264725498532251343422483410510418841), 5405900314627955 candidates (MITM path)
  MITM b1=339: s=4 t=3 j=3 je=3 Q=38958219 table=141420761 yh=38225649
stage b2=522 vs b1={340}: values [213656711189633749233078088598986752, 275870231034922482073600000000000000), 5891030239506786 candidates (MITM path)
  MITM b1=340: s=4 t=3 j=3 je=3 Q=39304000 table=142236648 yh=41417106
stage b2=523 vs b1={341}: values [219039255812941154532109005895053883, 287449333431940958491026723053340361), 6391580470766708 candidates (MITM path)
  MITM b1=341: s=4 t=3 j=3 je=3 Q=39651821 table=143055667 yh=44678975
stage b2=524 vs b1={342}: values [224546727844480954380310660801101824, 299478386618880458206192837825019904), 6907904705806433 candidates (MITM path)
  MITM b1=342: s=4 t=3 j=3 je=3 Q=40001688 table=143877824 yh=48012297
stage b2=525 vs b1={343}: values [230181780068754346668720245361328125, 311973482284542371301330321821976049), 7440362972713350 candidates (MITM path)
  MITM b1=343: s=4 t=3 j=3 je=3 Q=40353607 table=144703125 yh=51418123
stage b2=526 vs b1={344}: values [235947116381670711226715627769880576, 324951238089060649950183741190045696), 7989321717178242 candidates (MITM path)
  MITM b1=344: s=4 t=3 j=3 je=3 Q=40707584 table=145531576 yh=54897514
stage b2=527 vs b1={345}: values [241845492675137865214191430461762767, 338428813246721067109392828369140625), 8555153890254248 candidates (MITM path)
  MITM b1=345: s=4 t=3 j=3 je=3 Q=41063625 table=146363183 yh=58451544
stage b2=528 vs b1={346}: values [247879717735234872758731611882651648, 352423924523059044388546203674361856), 9138239036964750 candidates (MITM path)
  MITM b1=346: s=4 t=3 j=3 je=3 Q=41421736 table=147197952 yh=62081292
stage b2=529 vs b1={347}: values [254052654154149545721997685422868689, 366954862655997403768050803331897769), 9738963385764869 candidates (MITM path)
  MITM b1=347: s=4 t=3 j=3 je=3 Q=41781923 table=148035889 yh=65787854

*** MATCH: 312979022591000811375181936999758840 is an 14-digit palindrome in bases 347 and 529
stage b2=530 vs b1={348}: values [260367219256064861959730000000000000, 382040509210986058943919609908035584), 10357719938861249 candidates (MITM path)
  MITM b1=348: s=4 t=3 j=3 je=3 Q=42144192 table=148877000 yh=69572332
stage b2=531 vs b1={349}: values [266826386037180636857388515472989091, 397700353880309848525885235660892601), 10994908563394824 candidates (MITM path)
  MITM b1=349: s=4 t=3 j=3 je=3 Q=42508549 table=149721291 yh=73435839
stage b2=532 vs b1={350}: values [273433184120058913430441697300447232, 413954512236938476562500000000000000), 11650936083491252 candidates (MITM path)
  MITM b1=350: s=4 t=3 j=3 je=3 Q=42875000 table=150568768 yh=77379501
stage b2=533 vs b1={351}: values [280190700722483686027416350032250213, 430823743953503917975940025623902401), 12326216373183727 candidates (MITM path)
  MITM b1=351: s=4 t=3 j=3 je=3 Q=43243551 table=151419437 yh=81404453
stage b2=534 vs b1={352}: values [287102081641027742818685874210299904, 448329471497205720126420014212317184), 13021170450212847 candidates (MITM path)
  MITM b1=352: s=4 t=3 j=3 je=3 Q=43614208 table=152273304 yh=85511841
stage b2=535 vs b1={353}: values [294170532249521602949110970458984375, 466493799311663440167496584517263169), 13736226570708263 candidates (MITM path)
  MITM b1=353: s=4 t=3 j=3 je=3 Q=43986977 table=153130375 yh=89702821
stage b2=536 vs b1={354}: values [301399318512621735633442871240032256, 485339533496958054990141432093229056), 14471820324756800 candidates (MITM path)
  MITM b1=354: s=4 t=3 j=3 je=3 Q=44361864 table=153990656 yh=93978562
stage b2=537 vs b1={355}: values [308791768014677480736121943614131897, 504890201999330620896660650634765625), 15228394732861763 candidates (MITM path)
  MITM b1=355: s=4 t=3 j=3 je=3 Q=44738875 table=154854153 yh=98340242
done: 561.21s, 797622825 candidates tested
