A171740 search: n=14, threads=1, limit=none
stage b2=214 vs b1={146}: values [1974145024154075931737388703744, 1999585510027208108829825581056), 1237738750853 candidates (MITM path)
  MITM b1=146: s=4 t=3 j=3 je=3 Q=3112136 table=9800344 yh=126296
stage b2=215 vs b1={147}: values [2097490386086780743704833984375, 2200101344710858346413248902169), 4831973296601 candidates (MITM path)
  MITM b1=147: s=4 t=3 j=3 je=3 Q=3176523 table=9938375 yh=486194
stage b2=216 vs b1={148}: values [2227915756473955677973140996096, 2419156783490371026650801373184), 8717758003449 candidates (MITM path)
  MITM b1=148: s=4 t=3 j=3 je=3 Q=3241792 table=10077696 yh=865055
stage b2=217 vs b1={149}: values [2365791897326557049109957244537, 2658323054674126527963029795401), 12910824938101 candidates (MITM path)
  MITM b1=149: s=4 t=3 j=3 je=3 Q=3307949 table=10218313 yh=1263499
stage b2=218 vs b1={150}: values [2511507138267836407351489568768, 2919292602539062500000000000000), 17427547930133 candidates (MITM path)
  MITM b1=150: s=4 t=3 j=3 je=3 Q=3375000 table=10360232 yh=1682159
stage b2=219 vs b1={151}: values [2665468122176587678000165555659, 3203887529980253057019236799601), 22284962219406 candidates (MITM path)
  MITM b1=151: s=4 t=3 j=3 je=3 Q=3442951 table=10503459 yh=2121679
stage b2=220 vs b1={152}: values [2828100578830827520000000000000, 3514068566756183507202771779584), 27500784519554 candidates (MITM path)
  MITM b1=152: s=4 t=3 j=3 je=3 Q=3511808 table=10648000 yh=2582719
stage b2=221 vs b1={153}: values [2999850127467673210626961906061, 3851944592216835046631374058769), 33093433502377 candidates (MITM path)
  MITM b1=153: s=4 t=3 j=3 je=3 Q=3581577 table=10793861 yh=3065950
stage b2=222 vs b1={154}: values [3181183109200735396368066404352, 4219782742781494680756610809856), 39082050707991 candidates (MITM path)
  MITM b1=154: s=4 t=3 j=3 je=3 Q=3652264 table=10941048 yh=3572058
stage b2=223 vs b1={155}: values [3372587450262487530117553541983, 4620019135869118166021728515625), 45486521885574 candidates (MITM path)
  MITM b1=155: s=4 t=3 j=3 je=3 Q=3723875 table=11089567 yh=4101741
stage b2=224 vs b1={156}: values [3574573557065820643235855335424, 5055270243477986851332550557696), 52327498769569 candidates (MITM path)
  MITM b1=156: s=4 t=3 j=3 je=3 Q=3796416 table=11239424 yh=4655711
stage b2=225 vs b1={157}: values [3787675244106352329254150390625, 5528344950165252334658020725049), 59626421296206 candidates (MITM path)
  MITM b1=157: s=4 t=3 j=3 je=3 Q=3869893 table=11390625 yh=5234693
stage b2=226 vs b1={158}: values [4012450695755043646903726514176, 6042257331792746762298544635904), 67405540265186 candidates (MITM path)
  MITM b1=158: s=4 t=3 j=3 je=3 Q=3944312 table=11543176 yh=5839428
stage b2=227 vs b1={159}: values [4249483463019298439303360450867, 6600240193085194872736139543361), 75687940451425 candidates (MITM path)
  MITM b1=159: s=4 t=3 j=3 je=3 Q=4019679 table=11697083 yh=6470668

*** MATCH: 5480669165267883218276806822560 is an 14-digit palindrome in bases 159 and 227
stage b2=228 vs b1={160}: values [4499383496379987823288802869248, 7205759403792793600000000000000), 84497564171703 candidates (MITM path)
  MITM b1=160: s=4 t=3 j=3 je=3 Q=4096000 table=11852352 yh=7129182
stage b2=229 vs b1={161}: values [4762788215841769993285252588789, 7862529075064177918032791835841), 93859235311109 candidates (MITM path)
  MITM b1=161: s=4 t=3 j=3 je=3 Q=4173281 table=12008989 yh=7815749
stage b2=230 vs b1={162}: values [5040363619364673830000000000000, 8574527619520275041706172760064), 103798683814161 candidates (MITM path)
  MITM b1=162: s=4 t=3 j=3 je=3 Q=4251528 table=12167000 yh=8531165
stage b2=231 vs b1={163}: values [5332805430876196086067435141191, 9346014740476727289651520028089), 114342570645480 candidates (MITM path)
  MITM b1=163: s=4 t=3 j=3 je=3 Q=4330747 table=12326391 yh=9276241
done: 21.08s, 44785768 candidates tested
