A171740 search: n=14, threads=1, limit=none
stage b2=492 vs b1={316}: values [98979746222806911020492610298970112, 98996344124092362953499355314651136), 2378468795091 candidates (MITM path)
  MITM b1=316: s=5 t=2 j=2 je=4 Q=99856 table=242064 yh=9825785
stage b2=493 vs b1={317}: values [101627197754173688160928089239296093, 103473626672732616363732850530926329), 260857998943865 candidates (MITM path)
  MITM b1=317: s=4 t=3 j=3 je=3 Q=31855013 table=119823157 yh=2177025
stage b2=494 vs b1={318}: values [104339880744168319863565385432489984, 108138335323507832794908910278426624), 529076284689394 candidates (MITM path)
  MITM b1=318: s=4 t=3 j=3 je=3 Q=32157432 table=120553784 yh=4388716
stage b2=495 vs b1={319}: values [107119265502803709454615843505859375, 112997689339958150582465303553121921), 807280576244375 candidates (MITM path)
  MITM b1=319: s=4 t=3 j=3 je=3 Q=32461759 table=121287375 yh=6655933
stage b2=496 vs b1={320}: values [109966852406475328098844912056795136, 118059162071741130342400000000000000), 1095722949718229 candidates (MITM path)
  MITM b1=320: s=4 t=3 j=3 je=3 Q=32768000 table=122023936 yh=8979574
stage b2=497 vs b1={321}: values [112884172450179624060242238336272177, 123330489058539064373855829501034881), 1394660379145442 candidates (MITM path)
  MITM b1=321: s=4 t=3 j=3 je=3 Q=33076161 table=122763473 yh=11360549
stage b2=498 vs b1={322}: values [115872787808729578273156568090615808, 128819676365851491009049261438418944), 1704354809275765 candidates (MITM path)
  MITM b1=322: s=4 t=3 j=3 je=3 Q=33386248 table=123505992 yh=13799775
stage b2=499 vs b1={323}: values [118934292407095410727674098230506499, 134535009158552218608057415586748409), 2025073229130880 candidates (MITM path)
  MITM b1=323: s=4 t=3 j=3 je=3 Q=33698267 table=124251499 yh=16298180
stage b2=500 vs b1={324}: values [122070312500000000000000000000000000, 140485060518220186283313934500888576), 2357087746332184 candidates (MITM path)
  MITM b1=324: s=4 t=3 j=3 je=3 Q=34012224 table=125000000 yh=18856702
stage b2=501 vs b1={325}: values [125282507260900151852763473269506501, 146678700510385967791080474853515625), 2700675662204319 candidates (MITM path)
  MITM b1=325: s=4 t=3 j=3 je=3 Q=34328125 table=125751501 yh=21476290
stage b2=502 vs b1={326}: values [128572569380486442318916647962632192, 153125105507970699913650504140210176), 3056119547659093 candidates (MITM path)
  MITM b1=326: s=4 t=3 j=3 je=3 Q=34645976 table=126506008 yh=24157901
stage b2=503 vs b1={327}: values [131942225674835966194417272072460823, 159833767777331726128449290957670609), 3423707319864435 candidates (MITM path)
  MITM b1=327: s=4 t=3 j=3 je=3 Q=34965783 table=127263527 yh=26902503
stage b2=504 vs b1={328}: values [135393237703353943528128490047012864, 166814505333469329957730743425695744), 3803732319703042 candidates (MITM path)
  MITM b1=328: s=4 t=3 j=3 je=3 Q=35287552 table=128024064 yh=29711074
stage b2=505 vs b1={329}: values [138927402396641774642067017822265625, 174077472071091630146366848886447281), 4196493390025362 candidates (MITM path)
  MITM b1=329: s=4 t=3 j=3 je=3 Q=35611289 table=128787625 yh=32584602
stage b2=506 vs b1={330}: values [142546552694430788571794496737878016, 181633168178380062252900000000000000), 4602294954701585 candidates (MITM path)
  MITM b1=330: s=4 t=3 j=3 je=3 Q=35937000 table=129554216 yh=35524085
stage b2=507 vs b1={331}: values [146252558193722600716669650994316907, 189492450840445919389300039685792521), 5021447098477287 candidates (MITM path)
  MITM b1=331: s=4 t=3 j=3 je=3 Q=36264691 table=130323843 yh=38530533
stage b2=508 vs b1={332}: values [150047325807278683064941158898597888, 197666545239619210242183006282317824), 5454265647637413 candidates (MITM path)
  MITM b1=332: s=4 t=3 j=3 je=3 Q=36594368 table=131096512 yh=41604964

*** MATCH: 167310464560787181507629302905728121 is an 14-digit palindrome in bases 332 and 508
stage b2=509 vs b1={333}: values [153932800432603454742132269478454829, 206167055859864657197443888722807129), 5901072251483259 candidates (MITM path)
  MITM b1=333: s=4 t=3 j=3 je=3 Q=36926037 table=131872229 yh=44748408
stage b2=510 vs b1={334}: values [157910965631566921956510000000000000, 215005978102776043931247317256257536), 6362194464627130 candidates (MITM path)
  MITM b1=334: s=4 t=3 j=3 je=3 Q=37259704 table=132651000 yh=47961904
stage b2=511 vs b1={335}: values [161983844320814634817101682325330431, 224195710222759373302821832275390625), 6837965830109347 candidates (MITM path)
  MITM b1=335: s=4 t=3 j=3 je=3 Q=37595375 table=133432831 yh=51246502
stage b2=512 vs b1={336}: values [166153499473114484112975882535043072, 233749065589177456392773613876412416), 7328725963342303 candidates (MITM path)
  MITM b1=336: s=4 t=3 j=3 je=3 Q=37933056 table=134217728 yh=54603264
done: 286.94s, 340990794 candidates tested
