A171740 search: n=14, threads=1, limit=none
stage b2=115 vs b1={82}: values [615278762129476785888671875, 621432458361496515414605824), 23134023461 candidates (MITM path)
  MITM b1=82: s=4 t=3 j=3 je=3 Q=551368 table=1520875 yh=15211
stage b2=116 vs b1={83}: values [688579136852433871931703296, 736365263311636486061599129), 169081426602 candidates (MITM path)
  MITM b1=83: s=4 t=3 j=3 je=3 Q=571787 table=1560896 yh=108324
stage b2=117 vs b1={84}: values [769867883698351340299335237, 870783126313900412592193536), 336244923645 candidates (MITM path)
  MITM b1=84: s=4 t=3 j=3 je=3 Q=592704 table=1601613 yh=209942
stage b2=118 vs b1={85}: values [859935929762876868984659968, 1027696695308843560791015625), 526643038941 candidates (MITM path)
  MITM b1=85: s=4 t=3 j=3 je=3 Q=614125 table=1643032 yh=320532
stage b2=119 vs b1={86}: values [959644764107166918445086359, 1210537694726365245693116416), 742437149545 candidates (MITM path)
  MITM b1=86: s=4 t=3 j=3 je=3 Q=636056 table=1685159 yh=440574
stage b2=120 vs b1={87}: values [1069932053790720000000000000, 1423211802583135884046255089), 985938942273 candidates (MITM path)
  MITM b1=87: s=4 t=3 j=3 je=3 Q=658503 table=1728000 yh=570567
stage b2=121 vs b1={88}: values [1191817653772720942460132761, 1670157430683097690814808064), 1259618134384 candidates (MITM path)
  MITM b1=88: s=4 t=3 j=3 je=3 Q=681472 table=1771561 yh=711022
stage b2=122 vs b1={89}: values [1326410034644195374346903552, 1956410986640441413344189841), 1566110462829 candidates (MITM path)
  MITM b1=89: s=4 t=3 j=3 je=3 Q=704969 table=1815848 yh=862468
stage b2=123 vs b1={90}: values [1474913153392179474539944683, 2287679245496100000000000000), 1908225947018 candidates (MITM path)
  MITM b1=90: s=4 t=3 j=3 je=3 Q=729000 table=1860867 yh=1025450
stage b2=124 vs b1={91}: values [1638633793688942910713626624, 2670419511272061205254504361), 2288957430041 candidates (MITM path)
  MITM b1=91: s=4 t=3 j=3 je=3 Q=753571 table=1906624 yh=1200530
stage b2=125 vs b1={92}: values [1818989403545856475830078125, 3111928305110923294648827904), 2711489403295 candidates (MITM path)
  MITM b1=92: s=4 t=3 j=3 je=3 Q=778688 table=1953125 yh=1388283
stage b2=126 vs b1={93}: values [2017516459574609153391845376, 3620439376899076955409413049), 3179207119497 candidates (MITM path)
  MITM b1=93: s=4 t=3 j=3 je=3 Q=804357 table=2000376 yh=1589305
stage b2=127 vs b1={94}: values [2235879388560037062539773567, 4205231901698742834534301696), 3695705999006 candidates (MITM path)
  MITM b1=94: s=4 t=3 j=3 je=3 Q=830584 table=2048383 yh=1804207
stage b2=128 vs b1={95}: values [2475880078570760549798248448, 4876749791155298590087890625), 4264801334459 candidates (MITM path)
  MITM b1=95: s=4 t=3 j=3 je=3 Q=857375 table=2097152 yh=2033616
stage b2=129 vs b1={96}: values [2739468013418114691600975489, 5646733123551136024526585856), 4890538298660 candidates (MITM path)
  MITM b1=96: s=4 t=3 j=3 je=3 Q=884736 table=2146689 yh=2278178
stage b2=130 vs b1={97}: values [3028751065922530000000000000, 6528362774606076144776040769), 5577202260707 candidates (MITM path)
  MITM b1=97: s=4 t=3 j=3 je=3 Q=912673 table=2197000 yh=2538554
stage b2=131 vs b1={98}: values [3346006987161650573913911891, 7536419414749019520643907584), 6329329415331 candidates (MITM path)
  MITM b1=98: s=4 t=3 j=3 je=3 Q=941192 table=2248091 yh=2815425

*** MATCH: 5402824203229185916435523040 is an 14-digit palindrome in bases 98 and 131
stage b2=132 vs b1={99}: values [3693695630658192526679212032, 8687458127689783079736908601), 7151717730425 candidates (MITM path)
  MITM b1=99: s=4 t=3 j=3 je=3 Q=970299 table=2299968 yh=3109486
stage b2=133 vs b1={100}: values [4074471952320023081160213013, 10000000000000000000000000000), 8049438217746 candidates (MITM path)
  MITM b1=100: s=4 t=3 j=3 je=3 Q=1000000 table=2352637 yh=3421454
stage b2=134 vs b1={101}: values [4491199828872408503792328704, 11494742132376223120464911401), 9027846531762 candidates (MITM path)
  MITM b1=101: s=4 t=3 j=3 je=3 Q=1030301 table=2406104 yh=3752060
stage b2=135 vs b1={102}: values [4946966739525117513427734375, 13194787630628721491610845184), 10092594901657 candidates (MITM path)
  MITM b1=102: s=4 t=3 j=3 je=3 Q=1061208 table=2460375 yh=4102056
done: 5.50s, 21025029 candidates tested
