A171740 search: n=14, threads=1, limit=none
stage b2=167 vs b1={116}: values [78580380049024038323955354887, 79875179874882329144077582336), 357426982155 candidates (MITM path)
  MITM b1=116: s=4 t=3 j=3 je=3 Q=1560896 table=4657463 yh=76743
stage b2=168 vs b1={117}: values [84922087747184192618514874368, 90074542392707106815022222729), 1364109412177 candidates (MITM path)
  MITM b1=117: s=4 t=3 j=3 je=3 Q=1601613 table=4741632 yh=287688
stage b2=169 vs b1={118}: values [91733330193268616658399616009, 101472439712019470540189876224), 2473502293082 candidates (MITM path)
  MITM b1=118: s=4 t=3 j=3 je=3 Q=1643032 table=4826809 yh=512451
stage b2=170 vs b1={119}: values [99045780329059370000000000000, 114197726928752863294965276721), 3692546571085 candidates (MITM path)
  MITM b1=119: s=4 t=3 j=3 je=3 Q=1685159 table=4913000 yh=751587
stage b2=171 vs b1={120}: values [106893041641995777582962424411, 128391846454886400000000000000), 5028535772776 candidates (MITM path)
  MITM b1=120: s=4 t=3 j=3 je=3 Q=1728000 table=5000211 yh=1005665
stage b2=172 vs b1={121}: values [115310753432539349915325693952, 144209936106499234037676064081), 6489129360271 candidates (MITM path)
  MITM b1=121: s=4 t=3 j=3 je=3 Q=1771561 table=5088448 yh=1275267
stage b2=173 vs b1={122}: values [124336701153197199434858978333, 161822024226591835670322233344), 8082366433465 candidates (MITM path)
  MITM b1=122: s=4 t=3 j=3 je=3 Q=1815848 table=5177717 yh=1560991
stage b2=174 vs b1={123}: values [134010932031736197265596801024, 181414317867238075368413196009), 9816679784277 candidates (MITM path)
  MITM b1=123: s=4 t=3 j=3 je=3 Q=1860867 table=5268024 yh=1863447
stage b2=175 vs b1={124}: values [144375876198709011077880859375, 203190590417428920928489701376), 11700910307774 candidates (MITM path)
  MITM b1=124: s=4 t=3 j=3 je=3 Q=1906624 table=5359375 yh=2183261
stage b2=176 vs b1={125}: values [155476473547226548672214859776, 227373675443232059478759765625), 13744321775067 candidates (MITM path)
  MITM b1=125: s=4 t=3 j=3 je=3 Q=1953125 table=5451776 yh=2521073
stage b2=177 vs b1={126}: values [167360306560954484666776127217, 254207073906400753327372517376), 15956615972876 candidates (MITM path)
  MITM b1=126: s=4 t=3 j=3 je=3 Q=2000376 table=5545233 yh=2877538
stage b2=178 vs b1={127}: values [180077739354589843349613518848, 283956682347124706942551243009), 18347948214677 candidates (MITM path)
  MITM b1=127: s=4 t=3 j=3 je=3 Q=2048383 table=5639752 yh=3253326
stage b2=179 vs b1={128}: values [193682063179592517160024627139, 316912650057057350374175801344), 20928943228331 candidates (MITM path)
  MITM b1=128: s=4 t=3 j=3 je=3 Q=2097152 table=5735339 yh=3649121
stage b2=180 vs b1={129}: values [208229648656711680000000000000, 353391373730936795216525838081), 23710711425109 candidates (MITM path)
  MITM b1=129: s=4 t=3 j=3 je=3 Q=2146689 table=5832000 yh=4065623
stage b2=181 vs b1={130}: values [223780105005863966156354481541, 393737638569928900000000000000), 26704865555038 candidates (MITM path)
  MITM b1=130: s=4 t=3 j=3 je=3 Q=2197000 table=5929741 yh=4503547
stage b2=182 vs b1={131}: values [240396446553194784543350546432, 438326915318176225182722457721), 29923537753478 candidates (MITM path)
  MITM b1=131: s=4 t=3 j=3 je=3 Q=2248091 table=6028568 yh=4963623
stage b2=183 vs b1={132}: values [258145266804692077858261512663, 487567823246881413521655988224), 33379396983865 candidates (MITM path)
  MITM b1=132: s=4 t=3 j=3 je=3 Q=2299968 table=6128487 yh=5446597
stage b2=184 vs b1={133}: values [277096920385529169888730415104, 541904769658563069794308330729), 37085666881541 candidates (MITM path)
  MITM b1=133: s=4 t=3 j=3 je=3 Q=2352637 table=6229504 yh=5953230
stage b2=185 vs b1={134}: values [297325713154396124752197265625, 601820777068902739508172046336), 41056144003613 candidates (MITM path)
  MITM b1=134: s=4 t=3 j=3 je=3 Q=2406104 table=6331625 yh=6484299
stage b2=186 vs b1={135}: values [318910100812443423857138835456, 667840509835890864312744140625), 45305216489767 candidates (MITM path)
  MITM b1=135: s=4 t=3 j=3 je=3 Q=2460375 table=6434856 yh=7040596
stage b2=187 vs b1={136}: values [341932896337114006995328418347, 740533512646847684000786415616), 49847883138986 candidates (MITM path)
  MITM b1=136: s=4 t=3 j=3 je=3 Q=2515456 table=6539203 yh=7622930
stage b2=188 vs b1={137}: values [366481486582086184047925526528, 820517673944445067756173565489), 54699772907107 candidates (MITM path)
  MITM b1=137: s=4 t=3 j=3 je=3 Q=2571353 table=6644672 yh=8232126
stage b2=189 vs b1={138}: values [392648058395797069001849010669, 908462928074224101543164657664), 59877164830171 candidates (MITM path)
  MITM b1=138: s=4 t=3 j=3 je=3 Q=2628072 table=6751269 yh=8869024
stage b2=190 vs b1={139}: values [420529834622570590000000000000, 1005095210669462420559310325641), 65397008378503 candidates (MITM path)
  MITM b1=139: s=4 t=3 j=3 je=3 Q=2685619 table=6859000 yh=9534482
stage b2=191 vs b1={140}: values [450229320362242466802436942271, 1111200682555801600000000000000), 71276944246492 candidates (MITM path)
  MITM b1=140: s=4 t=3 j=3 je=3 Q=2744000 table=6967871 yh=10229372
stage b2=192 vs b1={141}: values [481854559876363607426268659712, 1227630238259041401156597561561), 77535325583009 candidates (MITM path)
  MITM b1=141: s=4 t=3 j=3 je=3 Q=2803221 table=7077888 yh=10954585
stage b2=193 vs b1={142}: values [515519404541580055432731552193, 1355304316036224269151582306304), 84191239667428 candidates (MITM path)
  MITM b1=142: s=4 t=3 j=3 je=3 Q=2863288 table=7189057 yh=11711027
stage b2=194 vs b1={143}: values [551343792263638925546446659584, 1495218027223887926540376015649), 91264530036210 candidates (MITM path)
  MITM b1=143: s=4 t=3 j=3 je=3 Q=2924207 table=7301384 yh=12499621
stage b2=195 vs b1={144}: values [589454038778662817039794921875, 1648446623609512543951043690496), 98775819065016 candidates (MITM path)
  MITM b1=144: s=4 t=3 j=3 je=3 Q=2985984 table=7414875 yh=13321307
stage b2=196 vs b1={145}: values [629983141281877223603213172736, 1816151322484127584722900390625), 106746531011304 candidates (MITM path)
  MITM b1=145: s=4 t=3 j=3 je=3 Q=3048625 table=7529536 yh=14177040
stage b2=197 vs b1={146}: values [673071094837873811440793512277, 1999585510027208108829825581056), 115198915522390 candidates (MITM path)
  MITM b1=146: s=4 t=3 j=3 je=3 Q=3112136 table=7645373 yh=15067796
stage b2=198 vs b1={147}: values [718865222040754575648532881408, 2200101344710858346413248902169), 124156071613929 candidates (MITM path)
  MITM b1=147: s=4 t=3 j=3 je=3 Q=3176523 table=7762392 yh=15994564
stage b2=199 vs b1={148}: values [767520516407135386698284882599, 2419156783490371026650801373184), 133641972123812 candidates (MITM path)
  MITM b1=148: s=4 t=3 j=3 je=3 Q=3241792 table=7880599 yh=16958353
stage b2=200 vs b1={149}: values [819200000000000000000000000000, 2658323054674126527963029795401), 143681488646417 candidates (MITM path)
  MITM b1=149: s=4 t=3 j=3 je=3 Q=3307949 table=8000000 yh=17960187
stage b2=201 vs b1={150}: values [874075095796795036986291122601, 2919292602539062500000000000000), 154300416952224 candidates (MITM path)
  MITM b1=150: s=4 t=3 j=3 je=3 Q=3375000 table=8120601 yh=19001109
stage b2=202 vs b1={151}: values [932326015330950691117312417792, 3203887529980253057019236799601), 165525502897758 candidates (MITM path)
  MITM b1=151: s=4 t=3 j=3 je=3 Q=3442951 table=8242408 yh=20082178
stage b2=203 vs b1={152}: values [994142162152209023250193980923, 3514068566756183507202771779584), 177384468830834 candidates (MITM path)
  MITM b1=152: s=4 t=3 j=3 je=3 Q=3511808 table=8365427 yh=21204473

*** MATCH: 1019380991443243576153056375228 is an 14-digit palindrome in bases 152 and 203
done: 75.74s, 272703752 candidates tested
