A171740 search: n=14, threads=1, limit=none
stage b2=63 vs b1={47}: values [246278864694166156419903, 256666986187667409334369), 2637261375 candidates (MITM path)
  MITM b1=47: s=4 t=3 j=3 je=3 Q=103823 table=250047 yh=10548
stage b2=64 vs b1={48}: values [302231454903657293676544, 344649238497994142121984), 9644687361 candidates (MITM path)
  MITM b1=48: s=4 t=3 j=3 je=3 Q=110592 table=262144 yh=36792
stage b2=65 vs b1={49}: values [369720589101871337890625, 459986536544739960976801), 18413249947 candidates (MITM path)
  MITM b1=49: s=4 t=3 j=3 je=3 Q=117649 table=274625 yh=67049
stage b2=66 vs b1={50}: values [450890579914330142416896, 610351562500000000000000), 29231216334 candidates (MITM path)
  MITM b1=50: s=4 t=3 j=3 je=3 Q=125000 table=287496 yh=101676
stage b2=67 vs b1={51}: values [548242166610401428685587, 805345924720991301978201), 42421381326 candidates (MITM path)
  MITM b1=51: s=4 t=3 j=3 je=3 Q=132651 table=300763 yh=141046
stage b2=68 vs b1={52}: values [664684980187672050925568, 1056931425538820521590784), 58344057375 candidates (MITM path)
  MITM b1=52: s=4 t=3 j=3 je=3 Q=140608 table=314432 yh=185554
stage b2=69 vs b1={53}: values [803596764671634487466709, 1379946262057143768386569), 77400235772 candidates (MITM path)
  MITM b1=53: s=4 t=3 j=3 je=3 Q=148877 table=328509 yh=235611
stage b2=70 vs b1={54}: values [968890104070000000000000, 1792720717930698493280256), 100034923964 candidates (MITM path)
  MITM b1=54: s=4 t=3 j=3 je=3 Q=157464 table=343000 yh=291648
stage b2=71 vs b1={55}: values [1165087474585497590531111, 2317809042866461181640625), 126740664028 candidates (MITM path)
  MITM b1=55: s=4 t=3 j=3 je=3 Q=166375 table=357911 yh=354113

*** MATCH: 1625527889938235675280168 is an 14-digit palindrome in bases 55 and 71
stage b2=72 vs b1={56}: values [1397405517247104682033152, 2982856619293778479415296), 158061237272 candidates (MITM path)
  MITM b1=56: s=4 t=3 j=3 je=3 Q=175616 table=373248 yh=423476
done: 0.22s, 1272302 candidates tested
