A171740 search: n=14, threads=1, limit=none
stage b2=161 vs b1={112}: values [48835584317168806944303054881, 48871122850509266606740209664), 12674136160 candidates (MITM path)
  MITM b1=112: s=5 t=2 j=2 je=4 Q=12544 table=25921 yh=488953
stage b2=162 vs b1={113}: values [52929182836544907664852918272, 55347525466347647961440563489), 825871976263 candidates (MITM path)
  MITM b1=113: s=4 t=3 j=3 je=3 Q=1442897 table=4251528 yh=194253
stage b2=163 vs b1={114}: values [57337513745255995642033865203, 62613491038491041486196719616), 1725796909498 candidates (MITM path)
  MITM b1=114: s=4 t=3 j=3 je=3 Q=1481544 table=4330747 yh=398499
stage b2=164 vs b1={115}: values [62082618279236334808249401344, 70757057644889830377197265625), 2718532186808 candidates (MITM path)
  MITM b1=115: s=4 t=3 j=3 je=3 Q=1520875 table=4410944 yh=616316
stage b2=165 vs b1={116}: values [67187932120908818009033203125, 79875179874882329144077582336), 3810481094735 candidates (MITM path)
  MITM b1=116: s=4 t=3 j=3 je=3 Q=1560896 table=4492125 yh=848259
stage b2=166 vs b1={117}: values [72678364301794290286947229696, 90074542392707106815022222729), 5008379494394 candidates (MITM path)
  MITM b1=117: s=4 t=3 j=3 je=3 Q=1601613 table=4574296 yh=1094897
stage b2=167 vs b1={118}: values [78580380049024038323955354887, 101472439712019470540189876224), 6319308697180 candidates (MITM path)
  MITM b1=118: s=4 t=3 j=3 je=3 Q=1643032 table=4657463 yh=1356814
stage b2=168 vs b1={119}: values [84922087747184192618514874368, 114197726928752863294965276721), 7750708682078 candidates (MITM path)
  MITM b1=119: s=4 t=3 j=3 je=3 Q=1685159 table=4741632 yh=1634608
stage b2=169 vs b1={120}: values [91733330193268616658399616009, 128391846454886400000000000000), 9310391659473 candidates (MITM path)
  MITM b1=120: s=4 t=3 j=3 je=3 Q=1728000 table=4826809 yh=1928892
stage b2=170 vs b1={121}: values [99045780329059370000000000000, 144209936106499234037676064081), 11006555986362 candidates (MITM path)
  MITM b1=121: s=4 t=3 j=3 je=3 Q=1771561 table=4913000 yh=2240293
stage b2=171 vs b1={122}: values [106893041641995777582962424411, 161822024226591835670322233344), 12847800437874 candidates (MITM path)
  MITM b1=122: s=4 t=3 j=3 je=3 Q=1815848 table=5000211 yh=2569452
stage b2=172 vs b1={123}: values [115310753432539349915325693952, 181414317867238075368413196009), 14843138839988 candidates (MITM path)
  MITM b1=123: s=4 t=3 j=3 je=3 Q=1860867 table=5088448 yh=2917027
stage b2=173 vs b1={124}: values [124336701153197199434858978333, 203190590417428920928489701376), 17002015068391 candidates (MITM path)
  MITM b1=124: s=4 t=3 j=3 je=3 Q=1906624 table=5177717 yh=3283690
stage b2=174 vs b1={125}: values [134010932031736197265596801024, 227373675443232059478759765625), 19334318418366 candidates (MITM path)
  MITM b1=125: s=4 t=3 j=3 je=3 Q=1953125 table=5268024 yh=3670128
stage b2=175 vs b1={126}: values [144375876198709011077880859375, 254207073906400753327372517376), 21850399350645 candidates (MITM path)
  MITM b1=126: s=4 t=3 j=3 je=3 Q=2000376 table=5359375 yh=4077043
stage b2=176 vs b1={127}: values [155476473547226548672214859776, 283956682347124706942551243009), 24561085618155 candidates (MITM path)
  MITM b1=127: s=4 t=3 j=3 je=3 Q=2048383 table=5451776 yh=4505154
stage b2=177 vs b1={128}: values [167360306560954484666776127217, 316912650057057350374175801344), 27477698778572 candidates (MITM path)
  MITM b1=128: s=4 t=3 j=3 je=3 Q=2097152 table=5545233 yh=4955193
stage b2=178 vs b1={129}: values [180077739354589843349613518848, 353391373730936795216525838081), 30612071097635 candidates (MITM path)
  MITM b1=129: s=4 t=3 j=3 je=3 Q=2146689 table=5639752 yh=5427911
stage b2=179 vs b1={130}: values [193682063179592517160024627139, 393737638569928900000000000000), 33976562848140 candidates (MITM path)
  MITM b1=130: s=4 t=3 j=3 je=3 Q=2197000 table=5735339 yh=5924073
stage b2=180 vs b1={131}: values [208229648656711680000000000000, 438326915318176225182722457721), 37584080009566 candidates (MITM path)
  MITM b1=131: s=4 t=3 j=3 je=3 Q=2248091 table=5832000 yh=6444459
stage b2=181 vs b1={132}: values [223780105005863966156354481541, 487567823246881413521655988224), 41448092373270 candidates (MITM path)
  MITM b1=132: s=4 t=3 j=3 je=3 Q=2299968 table=5929741 yh=6989866
stage b2=182 vs b1={133}: values [240396446553194784543350546432, 541904769658563069794308330729), 45582652058204 candidates (MITM path)
  MITM b1=133: s=4 t=3 j=3 je=3 Q=2352637 table=6028568 yh=7561108
stage b2=183 vs b1={134}: values [258145266804692077858261512663, 601820777068902739508172046336), 50002412442092 candidates (MITM path)
  MITM b1=134: s=4 t=3 j=3 je=3 Q=2406104 table=6128487 yh=8159015
stage b2=184 vs b1={135}: values [277096920385529169888730415104, 667840509835890864312744140625), 54722647513037 candidates (MITM path)
  MITM b1=135: s=4 t=3 j=3 je=3 Q=2460375 table=6229504 yh=8784431
stage b2=185 vs b1={136}: values [297325713154396124752197265625, 740533512646847684000786415616), 59759271646503 candidates (MITM path)
  MITM b1=136: s=4 t=3 j=3 je=3 Q=2515456 table=6331625 yh=9438221
stage b2=186 vs b1={137}: values [318910100812443423857138835456, 820517673944445067756173565489), 65128859812630 candidates (MITM path)
  MITM b1=137: s=4 t=3 j=3 je=3 Q=2571353 table=6434856 yh=10121262
stage b2=187 vs b1={138}: values [341932896337114006995328418347, 908462928074224101543164657664), 70848668218850 candidates (MITM path)
  MITM b1=138: s=4 t=3 j=3 je=3 Q=2628072 table=6539203 yh=10834451
stage b2=188 vs b1={139}: values [366481486582086184047925526528, 1005095210669462420559310325641), 76936655392762 candidates (MITM path)
  MITM b1=139: s=4 t=3 j=3 je=3 Q=2685619 table=6644672 yh=11578699
stage b2=189 vs b1={140}: values [392648058395797069001849010669, 1111200682555801600000000000000), 83411503710242 candidates (MITM path)
  MITM b1=140: s=4 t=3 j=3 je=3 Q=2744000 table=6751269 yh=12354938
stage b2=190 vs b1={141}: values [420529834622570590000000000000, 1227630238259041401156597561561), 90292641373739 candidates (MITM path)
  MITM b1=141: s=4 t=3 j=3 je=3 Q=2803221 table=6859000 yh=13164112
stage b2=191 vs b1={142}: values [450229320362242466802436942271, 1355304316036224269151582306304), 97600264845751 candidates (MITM path)
  MITM b1=142: s=4 t=3 j=3 je=3 Q=2863288 table=6967871 yh=14007186
stage b2=192 vs b1={143}: values [481854559876363607426268659712, 1495218027223887926540376015649), 105355361742435 candidates (MITM path)
  MITM b1=143: s=4 t=3 j=3 je=3 Q=2924207 table=7077888 yh=14885142
stage b2=193 vs b1={144}: values [515519404541580055432731552193, 1648446623609512543951043690496), 113579734192341 candidates (MITM path)
  MITM b1=144: s=4 t=3 j=3 je=3 Q=2985984 table=7189057 yh=15798976
stage b2=194 vs b1={145}: values [551343792263638925546446659584, 1816151322484127584722900390625), 122296022665237 candidates (MITM path)
  MITM b1=145: s=4 t=3 j=3 je=3 Q=3048625 table=7301384 yh=16749705
stage b2=195 vs b1={146}: values [589454038778662817039794921875, 1999585510027208108829825581056), 131527730276014 candidates (MITM path)
  MITM b1=146: s=4 t=3 j=3 je=3 Q=3112136 table=7414875 yh=17738362

*** MATCH: 1890878520829604370476366131128 is an 14-digit palindrome in bases 146 and 195
stage b2=196 vs b1={147}: values [629983141281877223603213172736, 2200101344710858346413248902169), 141299247568644 candidates (MITM path)
  MITM b1=147: s=4 t=3 j=3 je=3 Q=3176523 table=7529536 yh=18765997
stage b2=197 vs b1={148}: values [673071094837873811440793512277, 2419156783490371026650801373184), 151635877785182 candidates (MITM path)
  MITM b1=148: s=4 t=3 j=3 je=3 Q=3241792 table=7645373 yh=19833680
stage b2=198 vs b1={149}: values [718865222040754575648532881408, 2658323054674126527963029795401), 162563862624794 candidates (MITM path)
  MITM b1=149: s=4 t=3 j=3 je=3 Q=3307949 table=7762392 yh=20942496
stage b2=199 vs b1={150}: values [767520516407135386698284882599, 2919292602539062500000000000000), 174110408497798 candidates (MITM path)
  MITM b1=150: s=4 t=3 j=3 je=3 Q=3375000 table=7880599 yh=22093551
stage b2=200 vs b1={151}: values [819200000000000000000000000000, 3203887529980253057019236799601), 186303713279708 candidates (MITM path)
  MITM b1=151: s=4 t=3 j=3 je=3 Q=3442951 table=8000000 yh=23287965
stage b2=201 vs b1={152}: values [874075095796795036986291122601, 3514068566756183507202771779584), 199172993570270 candidates (MITM path)
  MITM b1=152: s=4 t=3 j=3 je=3 Q=3511808 table=8120601 yh=24526879
stage b2=202 vs b1={153}: values [932326015330950691117312417792, 3851944592216835046631374058769), 212748512462486 candidates (MITM path)
  MITM b1=153: s=4 t=3 j=3 je=3 Q=3581577 table=8242408 yh=25811452
stage b2=203 vs b1={154}: values [994142162152209023250193980923, 4219782742781494680756610809856), 227061607826611 candidates (MITM path)
  MITM b1=154: s=4 t=3 j=3 je=3 Q=3652264 table=8365427 yh=27142860
stage b2=204 vs b1={155}: values [1059722551667749867247804350464, 4620019135869118166021728515625), 242144721114129 candidates (MITM path)
  MITM b1=155: s=4 t=3 j=3 je=3 Q=3723875 table=8489664 yh=28522298
stage b2=205 vs b1={156}: values [1129276247943131871729736328125, 5055270243477986851332550557696), 258031426686697 candidates (MITM path)
  MITM b1=156: s=4 t=3 j=3 je=3 Q=3796416 table=8615125 yh=29950979
stage b2=206 vs b1={157}: values [1203022818059521485874197487616, 5528344950165252334658020725049), 274756461675056 candidates (MITM path)
  MITM b1=157: s=4 t=3 j=3 je=3 Q=3869893 table=8741816 yh=31430136
stage b2=207 vs b1={158}: values [1281192804641574310961385893007, 6042257331792746762298544635904), 292355756372907 candidates (MITM path)
  MITM b1=158: s=4 t=3 j=3 je=3 Q=3944312 table=8869743 yh=32961018
stage b2=208 vs b1={159}: values [1364028217188669867381634367488, 6600240193085194872736139543361), 310866465170762 candidates (MITM path)
  MITM b1=159: s=4 t=3 j=3 je=3 Q=4019679 table=8998912 yh=34544895
stage b2=209 vs b1={160}: values [1451783042860991280530128758929, 7205759403792793600000000000000), 330326998034753 candidates (MITM path)
  MITM b1=160: s=4 t=3 j=3 je=3 Q=4096000 table=9129329 yh=36183054
stage b2=210 vs b1={161}: values [1544723777391194610000000000000, 7862529075064177918032791835841), 350777052535420 candidates (MITM path)
  MITM b1=161: s=4 t=3 j=3 je=3 Q=4173281 table=9261000 yh=37876801
stage b2=211 vs b1={162}: values [1643129976812137607879885938531, 8574527619520275041706172760064), 372257646431472 candidates (MITM path)
  MITM b1=162: s=4 t=3 j=3 je=3 Q=4251528 table=9393931 yh=39627463
stage b2=212 vs b1={163}: values [1747294830711343799643429404672, 9346014740476727289651520028089), 394811150813528 candidates (MITM path)
  MITM b1=163: s=4 t=3 j=3 je=3 Q=4330747 table=9528128 yh=41436382
stage b2=213 vs b1={164}: values [1857525757743574275028332482853, 10181549397794758908552901820416), 418481323812844 candidates (MITM path)
  MITM b1=164: s=4 t=3 j=3 je=3 Q=4410944 table=9663597 yh=43304923
done: 106.73s, 352772254 candidates tested
