A171740 search: n=14, threads=1, limit=none
stage b2=515 vs b1={330}: values [179264369317817909400790555419921875, 181633168178380062252900000000000000), 246534431437171 candidates (MITM path)
  MITM b1=330: s=4 t=3 j=3 je=3 Q=35937000 table=136590875 yh=1804912
stage b2=516 vs b1={331}: values [183842586344826433975051806358634496, 189492450840445919389300039685792521), 580082976534573 candidates (MITM path)
  MITM b1=331: s=4 t=3 j=3 je=3 Q=36264691 table=137388096 yh=4222222
stage b2=517 vs b1={332}: values [188528520872492679004546608119852437, 197666545239619210242183006282317824), 925589693635679 candidates (MITM path)
  MITM b1=332: s=4 t=3 j=3 je=3 Q=36594368 table=138188413 yh=6698027
stage b2=518 vs b1={333}: values [193324491570354733181895297159815168, 206167055859864657197443888722807129), 1283345021714628 candidates (MITM path)
  MITM b1=333: s=4 t=3 j=3 je=3 Q=36926037 table=138991832 yh=9233241
stage b2=519 vs b1={334}: values [198232862392668818594582670912803559, 215005978102776043931247317256257536), 1653644832396477 candidates (MITM path)
  MITM b1=334: s=4 t=3 j=3 je=3 Q=37259704 table=139798359 yh=11828786
stage b2=520 vs b1={335}: values [203256043372850100305920000000000000, 224195710222759373302821832275390625), 2036790507745638 candidates (MITM path)
  MITM b1=335: s=4 t=3 j=3 je=3 Q=37595375 table=140608000 yh=14485595
stage b2=521 vs b1={336}: values [208396491430277954192889648311785961, 233749065589177456392773613876412416), 2433089018844466 candidates (MITM path)
  MITM b1=336: s=4 t=3 j=3 je=3 Q=37933056 table=141420761 yh=17204610
stage b2=522 vs b1={337}: values [213656711189633749233078088598986752, 243679285283393666208253061306357089), 2842853005166628 candidates (MITM path)
  MITM b1=337: s=4 t=3 j=3 je=3 Q=38272753 table=142236648 yh=19986783
stage b2=523 vs b1={338}: values [219039255812941154532109005895053883, 254000051038820699590976063168856064), 3266400854749867 candidates (MITM path)
  MITM b1=338: s=4 t=3 j=3 je=3 Q=38614472 table=143055667 yh=22833076
stage b2=524 vs b1={339}: values [224546727844480954380310660801101824, 264725498532251343422483410510418841), 3704056785172789 candidates (MITM path)
  MITM b1=339: s=4 t=3 j=3 je=3 Q=38958219 table=143877824 yh=25744460
stage b2=525 vs b1={340}: values [230181780068754346668720245361328125, 275870231034922482073600000000000000), 4156150925340315 candidates (MITM path)
  MITM b1=340: s=4 t=3 j=3 je=3 Q=39304000 table=144703125 yh=28721916
stage b2=526 vs b1={341}: values [235947116381670711226715627769880576, 287449333431940958491026723053340361), 4623019398082413 candidates (MITM path)
  MITM b1=341: s=4 t=3 j=3 je=3 Q=39651821 table=145531576 yh=31766436
stage b2=527 vs b1={342}: values [241845492675137865214191430461762767, 299478386618880458206192837825019904), 5105004403570774 candidates (MITM path)
  MITM b1=342: s=4 t=3 j=3 je=3 Q=40001688 table=146363183 yh=34879021
stage b2=528 vs b1={343}: values [247879717735234872758731611882651648, 311973482284542371301330321821976049), 5602454303558059 candidates (MITM path)
  MITM b1=343: s=4 t=3 j=3 je=3 Q=40353607 table=147197952 yh=38060682
stage b2=529 vs b1={344}: values [254052654154149545721997685422868689, 324951238089060649950183741190045696), 6115723706444375 candidates (MITM path)
  MITM b1=344: s=4 t=3 j=3 je=3 Q=40707584 table=148035889 yh=41312440
stage b2=530 vs b1={345}: values [260367219256064861959730000000000000, 338428813246721067109392828369140625), 6645173553175621 candidates (MITM path)
  MITM b1=345: s=4 t=3 j=3 je=3 Q=41063625 table=148877000 yh=44635327
stage b2=531 vs b1={346}: values [266826386037180636857388515472989091, 352423924523059044388546203674361856), 7191171203978374 candidates (MITM path)
  MITM b1=346: s=4 t=3 j=3 je=3 Q=41421736 table=149721291 yh=48030385
stage b2=532 vs b1={347}: values [273433184120058913430441697300447232, 366954862655997403768050803331897769), 7754090525935966 candidates (MITM path)
  MITM b1=347: s=4 t=3 j=3 je=3 Q=41781923 table=150568768 yh=51498665
stage b2=533 vs b1={348}: values [280190700722483686027416350032250213, 382040509210986058943919609908035584), 8334311981410415 candidates (MITM path)
  MITM b1=348: s=4 t=3 j=3 je=3 Q=42144192 table=151419437 yh=55041230
stage b2=534 vs b1={349}: values [287102081641027742818685874210299904, 397700353880309848525885235660892601), 8932222717314883 candidates (MITM path)
  MITM b1=349: s=4 t=3 j=3 je=3 Q=42508549 table=152273304 yh=58659151
stage b2=535 vs b1={350}: values [294170532249521602949110970458984375, 413954512236938476562500000000000000), 9548216655241331 candidates (MITM path)
  MITM b1=350: s=4 t=3 j=3 je=3 Q=42875000 table=153130375 yh=62353512
stage b2=536 vs b1={351}: values [301399318512621735633442871240032256, 430823743953503917975940025623902401), 10182694582448043 candidates (MITM path)
  MITM b1=351: s=4 t=3 j=3 je=3 Q=43243551 table=153990656 yh=66125406
stage b2=537 vs b1={352}: values [308791768014677480736121943614131897, 448329471497205720126420014212317184), 10836064243711702 candidates (MITM path)
  MITM b1=352: s=4 t=3 j=3 je=3 Q=43614208 table=154854153 yh=69975936
stage b2=538 vs b1={353}: values [316351271004098343658904022264291328, 466493799311663440167496584517263169), 11508740434048694 candidates (MITM path)
  MITM b1=353: s=4 t=3 j=3 je=3 Q=43986977 table=155720872 yh=73906217
stage b2=539 vs b1={354}: values [324081281453425611818659325054366219, 485339533496958054990141432093229056), 12201145092310338 candidates (MITM path)
  MITM b1=354: s=4 t=3 j=3 je=3 Q=44361864 table=156590819 yh=77917372
stage b2=540 vs b1={355}: values [331985318135314535792640000000000000, 504890201999330620896660650634765625), 12913707395656721 candidates (MITM path)
  MITM b1=355: s=4 t=3 j=3 je=3 Q=44738875 table=157464000 yh=82010539
stage b2=541 vs b1={356}: values [340066965714635635499320813072655821, 525170075322236798832332084919402496), 13646863854913833 candidates (MITM path)
  MITM b1=356: s=4 t=3 j=3 je=3 Q=45118016 table=158340421 yh=86186861
stage b2=542 vs b1={357}: values [348329875856906030730297942652608512, 546204187770690153801056774632964649), 14401058410818705 candidates (MITM path)
  MITM b1=357: s=4 t=3 j=3 je=3 Q=45499293 table=159220088 yh=90447497
stage b2=543 vs b1={358}: values [356777768353264056114297546073891743, 568018359241065440405821984897122304), 15176742531157243 candidates (MITM path)
  MITM b1=358: s=4 t=3 j=3 je=3 Q=45882712 table=160103007 yh=94793614
stage b2=544 vs b1={359}: values [365414432262202803340615819548688384, 590639217568775457331652612637964561), 15974375308799468 candidates (MITM path)
  MITM b1=359: s=4 t=3 j=3 je=3 Q=46268279 table=160989184 yh=99226389
stage b2=545 vs b1={360}: values [374243727068280638359709019775390625, 614094221446481549721600000000000000), 16794423560636864 candidates (MITM path)
  MITM b1=360: s=4 t=3 j=3 je=3 Q=46656000 table=161878625 yh=103747012
stage b2=546 vs b1={361}: values [383269583858029168477508273239105536, 638411683925748518131605316913942641), 17637361927426547 candidates (MITM path)
  MITM b1=361: s=4 t=3 j=3 je=3 Q=47045881 table=162771336 yh=108356683
stage b2=547 vs b1={362}: values [392496006513281583932595840500243827, 663620796515309615092533840427761664), 18503672974546967 candidates (MITM path)
  MITM b1=362: s=4 t=3 j=3 je=3 Q=47437928 table=163667323 yh=113056612
stage b2=548 vs b1={363}: values [401927072922146770857809028954718208, 689751653889366534925949446541436489), 19393847293669868 candidates (MITM path)
  MITM b1=363: s=4 t=3 j=3 je=3 Q=47832147 table=164566592 yh=117848022
stage b2=549 vs b1={364}: values [411566936207857087647217069653412149, 716835279219612889692402474199023616), 20308383605353211 candidates (MITM path)
  MITM b1=364: s=4 t=3 j=3 je=3 Q=48228544 table=165469149 yh=122732146
stage b2=550 vs b1={365}: values [421419825975720214843750000000000000, 744903650144937675010347955322265625), 21247788862559802 candidates (MITM path)
  MITM b1=365: s=4 t=3 j=3 je=3 Q=48627125 table=166375000 yh=127710227
stage b2=551 vs b1={366}: values [431490049578408029900978423638102151, 773989725393037725664245462095118336), 22212578355106332 candidates (MITM path)
  MITM b1=366: s=4 t=3 j=3 je=3 Q=49027896 table=167284151 yh=132783520
stage b2=552 vs b1={367}: values [441781993399818022724510341599854592, 804127472068445204802288858779989729), 23203275815047581 candidates (MITM path)
  MITM b1=367: s=4 t=3 j=3 je=3 Q=49430863 table=168196608 yh=137953293
stage b2=553 vs b1={368}: values [452300124157745355934980751882862473, 835351893621757825180080478275764224), 24220413523000499 candidates (MITM path)
  MITM b1=368: s=4 t=3 j=3 je=3 Q=49836032 table=169112377 yh=143220822
stage b2=554 vs b1={369}: values [463048990225606285487392794579083264, 867699058515145830106783895701970721), 25264532415412912 candidates (MITM path)
  MITM b1=369: s=4 t=3 j=3 je=3 Q=50243409 table=170031464 yh=148587396
stage b2=555 vs b1={370}: values [474033222973456292803297401123046875, 901206129599500829968900000000000000), 26336182192781586 candidates (MITM path)
  MITM b1=370: s=4 t=3 j=3 je=3 Q=50653000 table=170953875 yh=154054316
stage b2=556 vs b1={371}: values [485257538128548939096586766742716416, 935911394218887462627310370080165081), 27435921428824403 candidates (MITM path)
  MITM b1=371: s=4 t=3 j=3 je=3 Q=51064811 table=171879616 yh=159622893
stage b2=557 vs b1={372}: values [496726737155684136275087566416582557, 971854295058259588504417458500665344), 28564317680611370 candidates (MITM path)
  MITM b1=372: s=4 t=3 j=3 je=3 Q=51478848 table=172808693 yh=165294449
stage b2=558 vs b1={373}: values [508445708657597236854185159560716288, 1009075461750708410420050723039024009), 29721947599659241 candidates (MITM path)
  MITM b1=373: s=4 t=3 j=3 je=3 Q=51895117 table=173741112 yh=171070320
stage b2=559 vs b1={374}: values [520419429795643077901856425190522479, 1047616743260820591544343170758885376), 30909397043994471 candidates (MITM path)
  MITM b1=374: s=4 t=3 j=3 je=3 Q=52313624 table=174676879 yh=176951851
stage b2=560 vs b1={375}: values [532652967731031871324160000000000000, 1087521241061040200293064117431640625), 32127261191189287 candidates (MITM path)
  MITM b1=375: s=4 t=3 j=3 je=3 Q=52734375 table=175616000 yh=182940400
stage b2=561 vs b1={376}: values [545151481086876614974812989924244081, 1128833343118249207414947823407333376), 33376144652375601 candidates (MITM path)
  MITM b1=376: s=4 t=3 j=3 je=3 Q=53157376 table=176558481 yh=189037335

*** MATCH: 877479096959166574380864809430871972 is an 14-digit palindrome in bases 376 and 561
stage b2=562 vs b1={377}: values [557920221431314506311321357441769472, 1171598758708107367475386427203165009), 34656661587241555 candidates (MITM path)
  MITM b1=377: s=4 t=3 j=3 je=3 Q=53582633 table=177504328 yh=195244038
stage b2=563 vs b1={378}: values [570964534781967672803543519620846403, 1215864554075023704741469602061369344), 35969435820015436 candidates (MITM path)
  MITM b1=378: s=4 t=3 j=3 je=3 Q=54010152 table=178453547 yh=201561900
stage b2=564 vs b1={379}: values [584289863132011391209840769230700544, 1261679188955968563191835468129487081), 37315100956441745 candidates (MITM path)
  MITM b1=379: s=4 t=3 j=3 je=3 Q=54439939 table=179406144 yh=207992325
stage b2=565 vs b1={380}: values [597901745998120851353366153564453125, 1309092553986677343846400000000000000), 38694300501754169 candidates (MITM path)
  MITM b1=380: s=4 t=3 j=3 je=3 Q=54872000 table=180362125 yh=214536730
stage b2=566 vs b1={381}: values [611805821990570429339805757456080896, 1358156009009144712440307376223513721), 40107687979650249 candidates (MITM path)
  MITM b1=381: s=4 t=3 j=3 je=3 Q=55306341 table=181321496 yh=221196543
stage b2=567 vs b1={382}: values [626007830405762370442234920236832087, 1408922422299661290033405230674100224), 41555927052272497 candidates (MITM path)
  MITM b1=382: s=4 t=3 j=3 je=3 Q=55742968 table=182284263 yh=227973202
stage b2=568 vs b1={383}: values [640513612841464743323893889989869568, 1461446210737003712612867623638313729), 43039691641200745 candidates (MITM path)
  MITM b1=383: s=4 t=3 j=3 je=3 Q=56181887 table=183250432 yh=234868160
stage b2=569 vs b1={384}: values [655329114835041515061818544164613209, 1515783380930753538061821258378510336), 44559666049460518 candidates (MITM path)
  MITM b1=384: s=4 t=3 j=3 je=3 Q=56623104 table=184220009 yh=241882879
stage b2=570 vs b1={385}: values [670460387524960610760570000000000000, 1571991571330090865774680230712890625), 46116545084552182 candidates (MITM path)
  MITM b1=385: s=4 t=3 j=3 je=3 Q=57066625 table=185193000 yh=249018835
stage b2=571 vs b1={386}: values [685913589335868862593975790997597611, 1630130095333784792244505633968111616), 47711034182505685 candidates (MITM path)
  MITM b1=386: s=4 t=3 j=3 je=3 Q=57512456 table=186169411 yh=256277516
stage b2=572 vs b1={387}: values [701694987687525821073007584217137152, 1690259985422485032479991371240442489), 49343849532965653 candidates (MITM path)
  MITM b1=387: s=4 t=3 j=3 je=3 Q=57960603 table=187149248 yh=263660422
stage b2=573 vs b1={388}: values [717810960727891496399861673112327533, 1752444038334807270293678521701105664), 51015718205311636 candidates (MITM path)
  MITM b1=388: s=4 t=3 j=3 je=3 Q=58411072 table=188132517 yh=271169063
stage b2=574 vs b1={389}: values [734267999090666220123170482943156224, 1816746861309099139322282878629329641), 52727378275818306 candidates (MITM path)
  MITM b1=389: s=4 t=3 j=3 je=3 Q=58863869 table=189119224 yh=278804964
stage b2=575 vs b1={390}: values [751072707677583967149257659912109375, 1883234919413174260904100000000000000), 54479578955860381 candidates (MITM path)
  MITM b1=390: s=4 t=3 j=3 je=3 Q=59319000 table=190109375 yh=286569660
stage b2=576 vs b1={391}: values [768231807465763655682670928358014976, 1951976583984708555289257373653172561), 56273080721167092 candidates (MITM path)
  MITM b1=391: s=4 t=3 j=3 je=3 Q=59776471 table=191102976 yh=294464702
stage b2=577 vs b1={392}: values [785752137340426148060117653375876417, 2023042182205406180576948745932898304), 58108655442130974 candidates (MITM path)
  MITM b1=392: s=4 t=3 j=3 je=3 Q=60236288 table=192100033 yh=302491648
stage b2=578 vs b1={393}: values [803640655953287908900640275234562048, 2096504047832462021585980850883353649), 59987086515175792 candidates (MITM path)
  MITM b1=393: s=4 t=3 j=3 je=3 Q=60698457 table=193100552 yh=310652072
stage b2=579 vs b1={394}: values [821904443606945538717678866487000339, 2172436573111273731749254298313834496), 61909168995188407 candidates (MITM path)
  MITM b1=394: s=4 t=3 j=3 je=3 Q=61162984 table=194104539 yh=318947560
stage b2=580 vs b1={395}: values [840550704165568691322880000000000000, 2250916261893789009116047857666015625), 63875709729019375 candidates (MITM path)
  MITM b1=395: s=4 t=3 j=3 je=3 Q=61629875 table=195112000 yh=327379709
stage b2=581 vs b1={396}: values [859586766992222202195460101840278741, 2332021783987313147550261420339757056), 65887527490057106 candidates (MITM path)
  MITM b1=396: s=4 t=3 j=3 je=3 Q=62099136 table=196122941 yh=335950130
done: 6508.23s, 4757099601 candidates tested
