A171740 search: n=14, threads=1, limit=none
stage b2=480 vs b1={309}: values [71801924687082112942080000000000000, 72346697637005265678995742402826761), 92795490864802 candidates (MITM path)
  MITM b1=309: s=4 t=3 j=3 je=3 Q=29503629 table=110592000 yh=839080
stage b2=481 vs b1={310}: values [73771054747037996026381548447289441, 75694393522079632032100000000000000), 322879336846606 candidates (MITM path)
  MITM b1=310: s=4 t=3 j=3 je=3 Q=29791000 table=111284641 yh=2901383
stage b2=482 vs b1={311}: values [75789928456574649095616277380472832, 79185460443274071484794939191083441), 561795890840611 candidates (MITM path)
  MITM b1=311: s=4 t=3 j=3 je=3 Q=30080231 table=111980168 yh=5016924
stage b2=483 vs b1={312}: values [77859695295301523793862079367040563, 82825547669143336572232508337291264), 809774113517069 candidates (MITM path)
  MITM b1=312: s=4 t=3 j=3 je=3 Q=30371328 table=112678587 yh=7186584
stage b2=484 vs b1={313}: values [79981528839832616637508874879893504, 86620507852136986313803229728551889), 1067047528455719 candidates (MITM path)
  MITM b1=313: s=4 t=3 j=3 je=3 Q=30664297 table=113379904 yh=9411258
stage b2=485 vs b1={314}: values [82156627217477399937279024658203125, 90576403663507494251037011559202816), 1333854291651196 candidates (MITM path)
  MITM b1=314: s=4 t=3 j=3 je=3 Q=30959144 table=114084125 yh=11691849
stage b2=486 vs b1={315}: values [84386213567508786822951299218169856, 94699514622390550869469537353515625), 1610437261768170 candidates (MITM path)
  MITM b1=315: s=4 t=3 j=3 je=3 Q=31255875 table=114791256 yh=14029268
stage b2=487 vs b1={316}: values [86671536510118625452078408718034247, 98996344124092362953499355314651136), 1897044071150868 candidates (MITM path)
  MITM b1=316: s=4 t=3 j=3 je=3 Q=31554496 table=115501303 yh=16424439
stage b2=488 vs b1={317}: values [89013870623172595766475439292284928, 103473626672732616363732850530926329), 2193927197591605 candidates (MITM path)
  MITM b1=317: s=4 t=3 j=3 je=3 Q=31855013 table=116214272 yh=18878295
stage b2=489 vs b1={318}: values [91414516926877774739994358072042569, 108138335323507832794908910278426624), 2501344036862991 candidates (MITM path)
  MITM b1=318: s=4 t=3 j=3 je=3 Q=32157432 table=116930169 yh=21391777
stage b2=490 vs b1={319}: values [93874803376477543056490000000000000, 112997689339958150582465303553121921), 2819556976018441 candidates (MITM path)
  MITM b1=319: s=4 t=3 j=3 je=3 Q=32461759 table=117649000 yh=23965839
stage b2=491 vs b1={320}: values [96396085363089927687061485995798171, 118059162071741130342400000000000000), 3148833467465669 candidates (MITM path)
  MITM b1=320: s=4 t=3 j=3 je=3 Q=32768000 table=118370771 yh=26601445
stage b2=492 vs b1={321}: values [98979746222806911020492610298970112, 123330489058539064373855829501034881), 3489446103817807 candidates (MITM path)
  MITM b1=321: s=4 t=3 j=3 je=3 Q=33076161 table=119095488 yh=29299566
stage b2=493 vs b1={322}: values [101627197754173688160928089239296093, 128819676365851491009049261438418944), 3841672693526823 candidates (MITM path)
  MITM b1=322: s=4 t=3 j=3 je=3 Q=33386248 table=119823157 yh=32061188
stage b2=494 vs b1={323}: values [104339880744168319863565385432489984, 134535009158552218608057415586748409), 4205796337303903 candidates (MITM path)
  MITM b1=323: s=4 t=3 j=3 je=3 Q=33698267 table=120553784 yh=34887303
stage b2=495 vs b1={324}: values [107119265502803709454615843505859375, 140485060518220186283313934500888576), 4582105505331469 candidates (MITM path)
  MITM b1=324: s=4 t=3 j=3 je=3 Q=34012224 table=121287375 yh=37778916
stage b2=496 vs b1={325}: values [109966852406475328098844912056795136, 146678700510385967791080474853515625), 4970894115271507 candidates (MITM path)
  MITM b1=325: s=4 t=3 j=3 je=3 Q=34328125 table=122023936 yh=40737042
stage b2=497 vs b1={326}: values [112884172450179624060242238336272177, 153125105507970699913650504140210176), 5372461611074901 candidates (MITM path)
  MITM b1=326: s=4 t=3 j=3 je=3 Q=34645976 table=122763473 yh=43762705
stage b2=498 vs b1={327}: values [115872787808729578273156568090615808, 159833767777331726128449290957670609), 5787113042596426 candidates (MITM path)
  MITM b1=327: s=4 t=3 j=3 je=3 Q=34965783 table=123505992 yh=46856942
stage b2=499 vs b1={328}: values [118934292407095410727674098230506499, 166814505333469329957730743425695744), 6215159146020124 candidates (MITM path)
  MITM b1=328: s=4 t=3 j=3 je=3 Q=35287552 table=124251499 yh=50020799
stage b2=500 vs b1={329}: values [122070312500000000000000000000000000, 174077472071091630146366848886447281), 6656916425099729 candidates (MITM path)
  MITM b1=329: s=4 t=3 j=3 je=3 Q=35611289 table=125000000 yh=53255332
stage b2=501 vs b1={330}: values [125282507260900151852763473269506501, 181633168178380062252900000000000000), 7112707233218850 candidates (MITM path)
  MITM b1=330: s=4 t=3 j=3 je=3 Q=35937000 table=125751501 yh=56561610
stage b2=502 vs b1={331}: values [128572569380486442318916647962632192, 189492450840445919389300039685792521), 7582859856275606 candidates (MITM path)
  MITM b1=331: s=4 t=3 j=3 je=3 Q=36264691 table=126506008 yh=59940710
stage b2=503 vs b1={332}: values [131942225674835966194417272072460823, 197666545239619210242183006282317824), 8067708596396418 candidates (MITM path)
  MITM b1=332: s=4 t=3 j=3 je=3 Q=36594368 table=127263527 yh=63393722
stage b2=504 vs b1={333}: values [135393237703353943528128490047012864, 206167055859864657197443888722807129), 8567593856483668 candidates (MITM path)
  MITM b1=333: s=4 t=3 j=3 je=3 Q=36926037 table=128024064 yh=66921746
stage b2=505 vs b1={334}: values [138927402396641774642067017822265625, 215005978102776043931247317256257536), 9082862225601931 candidates (MITM path)
  MITM b1=334: s=4 t=3 j=3 je=3 Q=37259704 table=128787625 yh=70525893
stage b2=506 vs b1={335}: values [142546552694430788571794496737878016, 224195710222759373302821832275390625), 9613866565207497 candidates (MITM path)
  MITM b1=335: s=4 t=3 j=3 je=3 Q=37595375 table=129554216 yh=74207285
stage b2=507 vs b1={336}: values [146252558193722600716669650994316907, 233749065589177456392773613876412416), 10160966096225900 candidates (MITM path)
  MITM b1=336: s=4 t=3 j=3 je=3 Q=37933056 table=130323843 yh=77967054
stage b2=508 vs b1={337}: values [150047325807278683064941158898597888, 243679285283393666208253061306357089), 10724526486982175 candidates (MITM path)
  MITM b1=337: s=4 t=3 j=3 je=3 Q=38272753 table=131096512 yh=81806345
stage b2=509 vs b1={338}: values [153932800432603454742132269478454829, 254000051038820699590976063168856064), 11304919941988571 candidates (MITM path)
  MITM b1=338: s=4 t=3 j=3 je=3 Q=38614472 table=131872229 yh=85726313
stage b2=510 vs b1={339}: values [157910965631566921956510000000000000, 264725498532251343422483410510418841), 11902525291594445 candidates (MITM path)
  MITM b1=339: s=4 t=3 j=3 je=3 Q=38958219 table=132651000 yh=89728124
stage b2=511 vs b1={340}: values [161983844320814634817101682325330431, 275870231034922482073600000000000000), 12517728082503066 candidates (MITM path)
  MITM b1=340: s=4 t=3 j=3 je=3 Q=39304000 table=133432831 yh=93812955
stage b2=512 vs b1={341}: values [166153499473114484112975882535043072, 287449333431940958491026723053340361), 13150920669160069 candidates (MITM path)
  MITM b1=341: s=4 t=3 j=3 je=3 Q=39651821 table=134217728 yh=97981995
stage b2=513 vs b1={342}: values [170422034829791634103401401374218753, 299478386618880458206192837825019904), 13802502306018304 candidates (MITM path)
  MITM b1=342: s=4 t=3 j=3 je=3 Q=40001688 table=135005697 yh=102236444
stage b2=514 vs b1={343}: values [174791595624404677813900345660678144, 311973482284542371301330321821976049), 14472879240683796 candidates (MITM path)
  MITM b1=343: s=4 t=3 j=3 je=3 Q=40353607 table=135796744 yh=106577513
stage b2=515 vs b1={344}: values [179264369317817909400790555419921875, 324951238089060649950183741190045696), 15162464807947598 candidates (MITM path)
  MITM b1=344: s=4 t=3 j=3 je=3 Q=40707584 table=136590875 yh=111006426
stage b2=516 vs b1={345}: values [183842586344826433975051806358634496, 338428813246721067109392828369140625), 15871679524708249 candidates (MITM path)
  MITM b1=345: s=4 t=3 j=3 je=3 Q=41063625 table=137388096 yh=115524416
stage b2=517 vs b1={346}: values [188528520872492679004546608119852437, 352423924523059044388546203674361856), 16600951185789614 candidates (MITM path)
  MITM b1=346: s=4 t=3 j=3 je=3 Q=41421736 table=138188413 yh=120132730
stage b2=518 vs b1={347}: values [193324491570354733181895297159815168, 366954862655997403768050803331897769), 17350714960658848 candidates (MITM path)
  MITM b1=347: s=4 t=3 j=3 je=3 Q=41781923 table=138991832 yh=124832623
stage b2=519 vs b1={348}: values [198232862392668818594582670912803559, 382040509210986058943919609908035584), 18121413491049241 candidates (MITM path)
  MITM b1=348: s=4 t=3 j=3 je=3 Q=42144192 table=139798359 yh=129625367
stage b2=520 vs b1={349}: values [203256043372850100305920000000000000, 397700353880309848525885235660892601), 18913496989492712 candidates (MITM path)
  MITM b1=349: s=4 t=3 j=3 je=3 Q=42508549 table=140608000 yh=134512240
stage b2=521 vs b1={350}: values [208396491430277954192889648311785961, 413954512236938476562500000000000000), 19727423338766712 candidates (MITM path)
  MITM b1=350: s=4 t=3 j=3 je=3 Q=42875000 table=141420761 yh=139494536
stage b2=522 vs b1={351}: values [213656711189633749233078088598986752, 430823743953503917975940025623902401), 20563658192260293 candidates (MITM path)
  MITM b1=351: s=4 t=3 j=3 je=3 Q=43243551 table=142236648 yh=144573558
stage b2=523 vs b1={352}: values [219039255812941154532109005895053883, 448329471497205720126420014212317184), 21422675075264131 candidates (MITM path)
  MITM b1=352: s=4 t=3 j=3 je=3 Q=43614208 table=143055667 yh=149750622
stage b2=524 vs b1={353}: values [224546727844480954380310660801101824, 466493799311663440167496584517263169), 22304955487189256 candidates (MITM path)
  MITM b1=353: s=4 t=3 j=3 je=3 Q=43986977 table=143877824 yh=155027057
stage b2=525 vs b1={354}: values [230181780068754346668720245361328125, 485339533496958054990141432093229056), 23210989004719284 candidates (MITM path)
  MITM b1=354: s=4 t=3 j=3 je=3 Q=44361864 table=144703125 yh=160404201
stage b2=526 vs b1={355}: values [235947116381670711226715627769880576, 504890201999330620896660650634765625), 24141273385900904 candidates (MITM path)
  MITM b1=355: s=4 t=3 j=3 je=3 Q=44738875 table=145531576 yh=165883406
stage b2=527 vs b1={356}: values [241845492675137865214191430461762767, 525170075322236798832332084919402496), 25096314675177429 candidates (MITM path)
  MITM b1=356: s=4 t=3 j=3 je=3 Q=45118016 table=146363183 yh=171466036
stage b2=528 vs b1={357}: values [247879717735234872758731611882651648, 546204187770690153801056774632964649), 26076627309370171 candidates (MITM path)
  MITM b1=357: s=4 t=3 j=3 je=3 Q=45499293 table=147197952 yh=177153466
stage b2=529 vs b1={358}: values [254052654154149545721997685422868689, 568018359241065440405821984897122304), 27082734224612441 candidates (MITM path)
  MITM b1=358: s=4 t=3 j=3 je=3 Q=45882712 table=148035889 yh=182947085
stage b2=530 vs b1={359}: values [260367219256064861959730000000000000, 590639217568775457331652612637964561), 28115166964240956 candidates (MITM path)
  MITM b1=359: s=4 t=3 j=3 je=3 Q=46268279 table=148877000 yh=188848291
stage b2=531 vs b1={360}: values [266826386037180636857388515472989091, 614094221446481549721600000000000000), 29174465787649444 candidates (MITM path)
  MITM b1=360: s=4 t=3 j=3 je=3 Q=46656000 table=149721291 yh=194858498
stage b2=532 vs b1={361}: values [273433184120058913430441697300447232, 638411683925748518131605316913942641), 30261179780109254 candidates (MITM path)
  MITM b1=361: s=4 t=3 j=3 je=3 Q=47045881 table=150568768 yh=200979129
stage b2=533 vs b1={362}: values [280190700722483686027416350032250213, 663620796515309615092533840427761664), 31375866963561743 candidates (MITM path)
  MITM b1=362: s=4 t=3 j=3 je=3 Q=47437928 table=151419437 yh=207211621
stage b2=534 vs b1={363}: values [287102081641027742818685874210299904, 689751653889366534925949446541436489), 32519094408387269 candidates (MITM path)
  MITM b1=363: s=4 t=3 j=3 je=3 Q=47832147 table=152273304 yh=213557424
stage b2=535 vs b1={364}: values [294170532249521602949110970458984375, 716835279219612889692402474199023616), 33691438346155570 candidates (MITM path)
  MITM b1=364: s=4 t=3 j=3 je=3 Q=48228544 table=153130375 yh=220017997
stage b2=536 vs b1={365}: values [301399318512621735633442871240032256, 744903650144937675010347955322265625), 34893484283362343 candidates (MITM path)
  MITM b1=365: s=4 t=3 j=3 je=3 Q=48627125 table=153990656 yh=226594816
stage b2=537 vs b1={366}: values [308791768014677480736121943614131897, 773989725393037725664245462095118336), 36125827116156828 candidates (MITM path)
  MITM b1=366: s=4 t=3 j=3 je=3 Q=49027896 table=154854153 yh=233289366
stage b2=538 vs b1={367}: values [316351271004098343658904022264291328, 804127472068445204802288858779989729), 37389071246065211 candidates (MITM path)
  MITM b1=367: s=4 t=3 j=3 je=3 Q=49430863 table=155720872 yh=240103146
stage b2=539 vs b1={368}: values [324081281453425611818659325054366219, 835351893621757825180080478275764224), 38683830696714653 candidates (MITM path)
  MITM b1=368: s=4 t=3 j=3 je=3 Q=49836032 table=156590819 yh=247037668
stage b2=540 vs b1={369}: values [331985318135314535792640000000000000, 867699058515145830106783895701970721), 40010729231562756 candidates (MITM path)
  MITM b1=369: s=4 t=3 j=3 je=3 Q=50243409 table=157464000 yh=254094455
stage b2=541 vs b1={370}: values [340066965714635635499320813072655821, 901206129599500829968900000000000000), 41370400472637296 candidates (MITM path)
  MITM b1=370: s=4 t=3 j=3 je=3 Q=50653000 table=158340421 yh=261275045
stage b2=542 vs b1={371}: values [348329875856906030730297942652608512, 935911394218887462627310370080165081), 42763488020291028 candidates (MITM path)
  MITM b1=371: s=4 t=3 j=3 je=3 Q=51064811 table=159220088 yh=268580985
stage b2=543 vs b1={372}: values [356777768353264056114297546073891743, 971854295058259588504417458500665344), 44190645573976397 candidates (MITM path)
  MITM b1=372: s=4 t=3 j=3 je=3 Q=51478848 table=160103007 yh=276013839
stage b2=544 vs b1={373}: values [365414432262202803340615819548688384, 1009075461750708410420050723039024009), 45652537054044965 candidates (MITM path)
  MITM b1=373: s=4 t=3 j=3 je=3 Q=51895117 table=160989184 yh=283575182
stage b2=545 vs b1={374}: values [374243727068280638359709019775390625, 1047616743260820591544343170758885376), 47149836724576395 candidates (MITM path)
  MITM b1=374: s=4 t=3 j=3 je=3 Q=52313624 table=161878625 yh=291266601
stage b2=546 vs b1={375}: values [383269583858029168477508273239105536, 1087521241061040200293064117431640625), 48683229317241809 candidates (MITM path)
  MITM b1=375: s=4 t=3 j=3 je=3 Q=52734375 table=162771336 yh=299089696
stage b2=547 vs b1={376}: values [392496006513281583932595840500243827, 1128833343118249207414947823407333376), 50253410156206361 candidates (MITM path)
  MITM b1=376: s=4 t=3 j=3 je=3 Q=53157376 table=163667323 yh=307046082
stage b2=548 vs b1={377}: values [401927072922146770857809028954718208, 1171598758708107367475386427203165009), 51861085284075842 candidates (MITM path)
  MITM b1=377: s=4 t=3 j=3 je=3 Q=53582633 table=164566592 yh=315137384
stage b2=549 vs b1={378}: values [411566936207857087647217069653412149, 1215864554075023704741469602061369344), 53506971588892174 candidates (MITM path)
  MITM b1=378: s=4 t=3 j=3 je=3 Q=54010152 table=165469149 yh=323365244
stage b2=550 vs b1={379}: values [421419825975720214843750000000000000, 1261679188955968563191835468129487081), 55191796932182609 candidates (MITM path)
  MITM b1=379: s=4 t=3 j=3 je=3 Q=54439939 table=166375000 yh=331731312
stage b2=551 vs b1={380}: values [431490049578408029900978423638102151, 1309092553986677343846400000000000000), 56916300278067487 candidates (MITM path)
  MITM b1=380: s=4 t=3 j=3 je=3 Q=54872000 table=167284151 yh=340237255
stage b2=552 vs b1={381}: values [441781993399818022724510341599854592, 1358156009009144712440307376223513721), 58681231823431388 candidates (MITM path)
  MITM b1=381: s=4 t=3 j=3 je=3 Q=55306341 table=168196608 yh=348884752
stage b2=553 vs b1={382}: values [452300124157745355934980751882862473, 1408922422299661290033405230674100224), 60487353129162523 candidates (MITM path)
  MITM b1=382: s=4 t=3 j=3 je=3 Q=55742968 table=169112377 yh=357675495
stage b2=554 vs b1={383}: values [463048990225606285487392794579083264, 1461446210737003712612867623638313729), 62335437252465206 candidates (MITM path)
  MITM b1=383: s=4 t=3 j=3 je=3 Q=56181887 table=170031464 yh=366611190
stage b2=555 vs b1={384}: values [474033222973456292803297401123046875, 1515783380930753538061821258378510336), 64226268880250264 candidates (MITM path)
  MITM b1=384: s=4 t=3 j=3 je=3 Q=56623104 table=170953875 yh=375693555
stage b2=556 vs b1={385}: values [485257538128548939096586766742716416, 1571991571330090865774680230712890625), 66160644463608226 candidates (MITM path)
  MITM b1=385: s=4 t=3 j=3 je=3 Q=57066625 table=171879616 yh=384924321
stage b2=557 vs b1={386}: values [496726737155684136275087566416582557, 1630130095333784792244505633968111616), 68139372353370144 candidates (MITM path)
  MITM b1=386: s=4 t=3 j=3 je=3 Q=57512456 table=172808693 yh=394305236

*** MATCH: 1352434862731295837633546727121682268 is an 14-digit palindrome in bases 386 and 557
stage b2=558 vs b1={387}: values [508445708657597236854185159560716288, 1690259985422485032479991371240442489), 70163272936760899 candidates (MITM path)
  MITM b1=387: s=4 t=3 j=3 je=3 Q=57960603 table=173741112 yh=403838057
stage b2=559 vs b1={388}: values [520419429795643077901856425190522479, 1752444038334807270293678521701105664), 72233178775149858 candidates (MITM path)
  MITM b1=388: s=4 t=3 j=3 je=3 Q=58411072 table=174676879 yh=413524556
stage b2=560 vs b1={389}: values [532652967731031871324160000000000000, 1816746861309099139322282878629329641), 74349934742903725 candidates (MITM path)
  MITM b1=389: s=4 t=3 j=3 je=3 Q=58863869 table=175616000 yh=423366520
stage b2=561 vs b1={390}: values [545151481086876614974812989924244081, 1883234919413174260904100000000000000), 76514398167346446 candidates (MITM path)
  MITM b1=390: s=4 t=3 j=3 je=3 Q=59319000 table=176558481 yh=433365748
stage b2=562 vs b1={391}: values [557920221431314506311321357441769472, 1951976583984708555289257373653172561), 78727438969831048 candidates (MITM path)
  MITM b1=391: s=4 t=3 j=3 je=3 Q=59776471 table=177504328 yh=443524053
stage b2=563 vs b1={392}: values [570964534781967672803543519620846403, 2023042182205406180576948745932898304), 80989939807928248 candidates (MITM path)
  MITM b1=392: s=4 t=3 j=3 je=3 Q=60236288 table=178453547 yh=453843262
stage b2=564 vs b1={393}: values [584289863132011391209840769230700544, 2096504047832462021585980850883353649), 83302796218736724 candidates (MITM path)
  MITM b1=393: s=4 t=3 j=3 je=3 Q=60698457 table=179406144 yh=464325215
stage b2=565 vs b1={394}: values [597901745998120851353366153564453125, 2172436573111273731749254298313834496), 85666916763319886 candidates (MITM path)
  MITM b1=394: s=4 t=3 j=3 je=3 Q=61162984 table=180362125 yh=474971765
stage b2=566 vs b1={395}: values [611805821990570429339805757456080896, 2250916261893789009116047857666015625), 88083223172274048 candidates (MITM path)
  MITM b1=395: s=4 t=3 j=3 je=3 Q=61629875 table=181321496 yh=485784781
stage b2=567 vs b1={396}: values [626007830405762370442234920236832087, 2332021783987313147550261420339757056), 90552650492432838 candidates (MITM path)
  MITM b1=396: s=4 t=3 j=3 je=3 Q=62099136 table=182284263 yh=496766145
stage b2=568 vs b1={397}: values [640513612841464743323893889989869568, 2415834030759048032002067126745534169), 93076147234712749 candidates (MITM path)
  MITM b1=397: s=4 t=3 j=3 je=3 Q=62570773 table=183250432 yh=507917751
stage b2=569 vs b1={398}: values [655329114835041515061818544164613209, 2502436172022086728957275203783901184), 95654675523104679 candidates (MITM path)
  MITM b1=398: s=4 t=3 j=3 je=3 Q=63044792 table=184220009 yh=519241510

*** MATCH: 1087654136674324368189791793766419360 is an 14-digit palindrome in bases 398 and 569
stage b2=570 vs b1={399}: values [670460387524960610760570000000000000, 2591913714229047747371013122318554401), 98289211244816353 candidates (MITM path)
  MITM b1=399: s=4 t=3 j=3 je=3 Q=63521199 table=185193000 yh=530739344
stage b2=571 vs b1={400}: values [685913589335868862593975790997597611, 2684354560000000000000000000000000000), 100980744201570495 candidates (MITM path)
  MITM b1=400: s=4 t=3 j=3 je=3 Q=64000000 table=186169411 yh=542413191
stage b2=572 vs b1={401}: values [701694987687525821073007584217137152, 2779849069011803569389614128910565601), 103730278262063636 candidates (MITM path)
  MITM b1=401: s=4 t=3 j=3 je=3 Q=64481201 table=187149248 yh=554265002
stage b2=573 vs b1={402}: values [717810960727891496399861673112327533, 2878490120276472667082662144291651584), 106538831515590429 candidates (MITM path)
  MITM b1=402: s=4 t=3 j=3 je=3 Q=64964808 table=188132517 yh=566296743
stage b2=574 vs b1={403}: values [734267999090666220123170482943156224, 2980373175836655760043416457625951769), 109407436426838364 candidates (MITM path)
  MITM b1=403: s=4 t=3 j=3 je=3 Q=65450827 table=189119224 yh=578510393
stage b2=575 vs b1={404}: values [751072707677583967149257659912109375, 3085596345906823816899741423927033856), 112337139991857755 candidates (MITM path)
  MITM b1=404: s=4 t=3 j=3 je=3 Q=65939264 table=190109375 yh=590907945
stage b2=576 vs b1={405}: values [768231807465763655682670928358014976, 3194260455489261091391061529541015625), 115329003895211902 candidates (MITM path)
  MITM b1=405: s=4 t=3 j=3 je=3 Q=66430125 table=191102976 yh=603491408
stage b2=577 vs b1={406}: values [785752137340426148060117653375876417, 3306469112494463905297029171238813696), 118384104668312288 candidates (MITM path)
  MITM b1=406: s=4 t=3 j=3 je=3 Q=66923416 table=192100033 yh=616262803
stage b2=578 vs b1={407}: values [803640655953287908900640275234562048, 3422328777396071612977936337655912049), 121503533848943732 candidates (MITM path)
  MITM b1=407: s=4 t=3 j=3 je=3 Q=67419143 table=193100552 yh=629224167
stage b2=579 vs b1={408}: values [821904443606945538717678866487000339, 3541948834450980420297557401512443904), 124688398141984363 candidates (MITM path)
  MITM b1=408: s=4 t=3 j=3 je=3 Q=67917312 table=194104539 yh=642377550
stage b2=580 vs b1={409}: values [840550704165568691322880000000000000, 3665441664515825088891125013458457361), 127939819581325313 candidates (MITM path)
  MITM b1=409: s=4 t=3 j=3 je=3 Q=68417929 table=195112000 yh=655725018
stage b2=581 vs b1={410}: values [859586766992222202195460101840278741, 3792922719491555880216100000000000000), 131258935692995033 candidates (MITM path)
  MITM b1=410: s=4 t=3 j=3 je=3 Q=68921000 table=196122941 yh=669268649
stage b2=582 vs b1={411}: values [879020088913141602693987477647941632, 3924510598428388481280677722353356841), 134646899659493112 candidates (MITM path)
  MITM b1=411: s=4 t=3 j=3 je=3 Q=69426531 table=197137368 yh=683010538
stage b2=583 vs b1={412}: values [898858256209289571750018603448589863, 4060327125323963205059947437242712064), 138104880485338501 candidates (MITM path)
  MITM b1=412: s=4 t=3 j=3 je=3 Q=69934528 table=198155287 yh=696952792
stage b2=584 vs b1={413}: values [919108986635524282706561397690466304, 4200497428648116574040869616977676089), 141634063163837046 candidates (MITM path)
  MITM b1=413: s=4 t=3 j=3 je=3 Q=70444997 table=199176704 yh=711097535
stage b2=585 vs b1={414}: values [939780131467714038451336959228515625, 4345150022628243576733808719502524416), 145235648845073218 candidates (MITM path)
  MITM b1=414: s=4 t=3 j=3 je=3 Q=70957944 table=200201625 yh=725446904
stage b2=586 vs b1={415}: values [960879677578136053148816778964934656, 4494416890329812536997064996337890625), 148910855005130945 candidates (MITM path)
  MITM b1=415: s=4 t=3 j=3 je=3 Q=71473375 table=201230056 yh=740003050
stage b2=587 vs b1={416}: values [982415749539500733900622636113799547, 4648433568567186758293585075200065536), 152660915616548454 candidates (MITM path)
  MITM b1=416: s=4 t=3 j=3 je=3 Q=71991296 table=202262003 yh=754768140
stage b2=588 vs b1={417}: values [1004396611757946340766745635195977728, 4807339234680508004200143948920808129), 156487081320012016 candidates (MITM path)
  MITM b1=417: s=4 t=3 j=3 je=3 Q=72511713 table=203297472 yh=769744355
stage b2=589 vs b1={418}: values [1026830670635352458966883555245399869, 4971276795215006558302976583535181824), 160390619597293503 candidates (MITM path)
  MITM b1=418: s=4 t=3 j=3 je=3 Q=73034632 table=204336469 yh=784933891
stage b2=590 vs b1={419}: values [1049726476761324302959790000000000000, 5140392976539721177751575813150574521), 164372814945436672 candidates (MITM path)
  MITM b1=419: s=4 t=3 j=3 je=3 Q=73560059 table=205379000 yh=800338959
stage b2=591 vs b1={420}: values [1073092727135203488677720234874003471, 5314838417443239822950400000000000000), 168434969052197063 candidates (MITM path)
  MITM b1=420: s=4 t=3 j=3 je=3 Q=74088000 table=206425071 yh=815961784
done: 12984.05s, 15746106009 candidates tested
