A171740 search: n=14, threads=1, limit=none
stage b2=455 vs b1={294}: values [35821862005173382840059779052734375, 36046460431742703147634670013136896), 55632289441312 candidates (MITM path)
  MITM b1=294: s=4 t=3 j=3 je=3 Q=25412184 table=94196375 yh=590600
stage b2=456 vs b1={295}: values [36858949602344860248381873104879616, 37801429522044759444963140869140625), 229889008573628 candidates (MITM path)
  MITM b1=295: s=4 t=3 j=3 je=3 Q=25672375 table=94818816 yh=2424509
stage b2=457 vs b1={296}: values [37923691139306296516328170919321257, 39635464740706238900646729698246656), 411180891682458 candidates (MITM path)
  MITM b1=296: s=4 t=3 j=3 je=3 Q=25934336 table=95443993 yh=4308086
stage b2=458 vs b1={297}: values [39016761064175779784992789207359488, 41551842913538274087106161994416369), 599699435166867 candidates (MITM path)
  MITM b1=297: s=4 t=3 j=3 je=3 Q=26198073 table=96071912 yh=6242194
stage b2=459 vs b1={298}: values [40138848745731510470918118846397179, 43553964927780889034146280167849984), 795640138247433 candidates (MITM path)
  MITM b1=298: s=4 t=3 j=3 je=3 Q=26463592 table=96702579 yh=8227704
stage b2=460 vs b1={299}: values [41290658769835408015360000000000000, 45645359987515812435930238280185801), 999202566848302 candidates (MITM path)
  MITM b1=299: s=4 t=3 j=3 je=3 Q=26730899 table=97336000 yh=10265499
stage b2=461 vs b1={300}: values [42472911241079835962500139972206781, 47829690000000000000000000000000000), 1210590418200164 candidates (MITM path)
  MITM b1=300: s=4 t=3 j=3 je=3 Q=27000000 table=97972181 yh=12356472
stage b2=462 vs b1={301}: values [43686342089737798337064428676636672, 50110754096488045602459977936194201), 1430011586168807 candidates (MITM path)
  MITM b1=301: s=4 t=3 j=3 je=3 Q=27270901 table=98611128 yh=14501524
stage b2=463 vs b1={302}: values [44931703384098017538267680344521103, 52492493291196466086203175724662784), 1657678227313900 candidates (MITM path)
  MITM b1=302: s=4 t=3 j=3 je=3 Q=27543608 table=99252847 yh=16701569
stage b2=464 vs b1={303}: values [46209763648267372780458093779615744, 54978995282149371522266936818729569), 1893806827682682 candidates (MITM path)
  MITM b1=303: s=4 t=3 j=3 je=3 Q=27818127 table=99897344 yh=18957530
stage b2=465 vs b1={304}: values [47521308185524258592298453369140625, 57574499397733310582010212836704256), 2138618270343200 candidates (MITM path)
  MITM b1=304: s=4 t=3 j=3 je=3 Q=28094464 table=100544625 yh=21270340
stage b2=466 vs b1={305}: values [48867139407307515137476120103428096, 60283401692879138764114019775390625), 2392337903661796 candidates (MITM path)
  MITM b1=305: s=4 t=3 j=3 je=3 Q=28372625 table=101194696 yh=23640942
stage b2=467 vs b1={306}: values [50248077167926686243123642272242787, 63110260198880625404008432578871296), 2655195610329491 candidates (MITM path)
  MITM b1=306: s=4 t=3 j=3 je=3 Q=28652616 table=101847563 yh=26070292
stage b2=468 vs b1={307}: values [51664959105080477120365807710240768, 66059800330953223881038421346972249), 2927425877141969 candidates (MITM path)
  MITM b1=307: s=4 t=3 j=3 je=3 Q=28934443 table=102503232 yh=28559352
stage b2=469 vs b1={308}: values [53118640986271411938365507173903909, 69136920457732008849516311508680704), 3209267865537826 candidates (MITM path)
  MITM b1=308: s=4 t=3 j=3 je=3 Q=29218112 table=103161709 yh=31109100
stage b2=470 vs b1={309}: values [54609997061205831773270000000000000, 72346697637005265678995742402826761), 3500965482899787 candidates (MITM path)
  MITM b1=309: s=4 t=3 j=3 je=3 Q=29503629 table=103823000 yh=33720520
stage b2=471 vs b1={310}: values [56139920420269526101585857174664311, 75694393522079632032100000000000000), 3802767454623575 candidates (MITM path)
  MITM b1=310: s=4 t=3 j=3 je=3 Q=29791000 table=104487111 yh=36394609
stage b2=472 vs b1={311}: values [57709323359170456049437363878756352, 79185460443274071484794939191083441), 4114927396959128 candidates (MITM path)
  MITM b1=311: s=4 t=3 j=3 je=3 Q=30080231 table=105154048 yh=39132373
stage b2=473 vs b1={312}: values [59319137749841205151272334026810233, 82825547669143336572232508337291264), 4437703890628872 candidates (MITM path)
  MITM b1=312: s=4 t=3 j=3 je=3 Q=30371328 table=105823817 yh=41934832
stage b2=474 vs b1={313}: values [60970315417694983520937358098407424, 86620507852136986313803229728551889), 4771360555227743 candidates (MITM path)
  MITM b1=313: s=4 t=3 j=3 je=3 Q=30664297 table=106496424 yh=44803012
stage b2=475 vs b1={314}: values [62663828525330214202404022216796875, 90576403663507494251037011559202816), 5116166124409674 candidates (MITM path)
  MITM b1=314: s=4 t=3 j=3 je=3 Q=30959144 table=107171875 yh=47737955
stage b2=476 vs b1={315}: values [64400669962779946155230391934386176, 94699514622390550869469537353515625), 5472394521865262 candidates (MITM path)
  MITM b1=315: s=4 t=3 j=3 je=3 Q=31255875 table=107850176 yh=50740711
stage b2=477 vs b1={316}: values [66181853744403566950222013869119117, 98996344124092362953499355314651136), 5840324938095315 candidates (MITM path)
  MITM b1=316: s=4 t=3 j=3 je=3 Q=31554496 table=108531333 yh=53812340
stage b2=478 vs b1={317}: values [68008415412519529913542931040821248, 103473626672732616363732850530926329), 6220241907985020 candidates (MITM path)
  MITM b1=317: s=4 t=3 j=3 je=3 Q=31855013 table=109215352 yh=56953916
stage b2=479 vs b1={318}: values [69881412447879065273246871214547039, 108138335323507832794908910278426624), 6612435389183439 candidates (MITM path)
  MITM b1=318: s=4 t=3 j=3 je=3 Q=32157432 table=109902239 yh=60166522
stage b2=480 vs b1={319}: values [71801924687082112942080000000000000, 112997689339958150582465303553121921), 7017200841293066 candidates (MITM path)
  MITM b1=319: s=4 t=3 j=3 je=3 Q=32461759 table=110592000 yh=63451252
stage b2=481 vs b1={320}: values [73771054747037996026381548447289441, 118059162071741130342400000000000000), 7434839305874175 candidates (MITM path)
  MITM b1=320: s=4 t=3 j=3 je=3 Q=32768000 table=111284641 yh=66809214
stage b2=482 vs b1={321}: values [75789928456574649095616277380472832, 123330489058539064373855829501034881), 7865657487268692 candidates (MITM path)
  MITM b1=321: s=4 t=3 j=3 je=3 Q=33076161 table=111980168 yh=70241523
stage b2=483 vs b1={322}: values [77859695295301523793862079367040563, 128819676365851491009049261438418944), 8309967834248335 candidates (MITM path)
  MITM b1=322: s=4 t=3 j=3 je=3 Q=33386248 table=112678587 yh=73749309
stage b2=484 vs b1={323}: values [79981528839832616637508874879893504, 134535009158552218608057415586748409), 8768088622491750 candidates (MITM path)
  MITM b1=323: s=4 t=3 j=3 je=3 Q=33698267 table=113379904 yh=77333711
stage b2=485 vs b1={324}: values [82156627217477399937279024658203125, 140485060518220186283313934500888576), 9240344037895398 candidates (MITM path)
  MITM b1=324: s=4 t=3 j=3 je=3 Q=34012224 table=114084125 yh=80995880
stage b2=486 vs b1={325}: values [84386213567508786822951299218169856, 146678700510385967791080474853515625), 9727064260722940 candidates (MITM path)
  MITM b1=325: s=4 t=3 j=3 je=3 Q=34328125 table=114791256 yh=84736980
stage b2=487 vs b1={326}: values [86671536510118625452078408718034247, 153125105507970699913650504140210176), 10228585550597869 candidates (MITM path)
  MITM b1=326: s=4 t=3 j=3 je=3 Q=34645976 table=115501303 yh=88558184
stage b2=488 vs b1={327}: values [89013870623172595766475439292284928, 159833767777331726128449290957670609), 10745250332344142 candidates (MITM path)
  MITM b1=327: s=4 t=3 j=3 je=3 Q=34965783 table=116214272 yh=92460678
stage b2=489 vs b1={328}: values [91414516926877774739994358072042569, 166814505333469329957730743425695744), 11277407282679571 candidates (MITM path)
  MITM b1=328: s=4 t=3 j=3 je=3 Q=35287552 table=116930169 yh=96445660
stage b2=490 vs b1={329}: values [93874803376477543056490000000000000, 174077472071091630146366848886447281), 11825411417766741 candidates (MITM path)
  MITM b1=329: s=4 t=3 j=3 je=3 Q=35611289 table=117649000 yh=100514339
stage b2=491 vs b1={330}: values [96396085363089927687061485995798171, 181633168178380062252900000000000000), 12389624181626205 candidates (MITM path)
  MITM b1=330: s=4 t=3 j=3 je=3 Q=35937000 table=118370771 yh=104667936
stage b2=492 vs b1={331}: values [98979746222806911020492610298970112, 189492450840445919389300039685792521), 12970413535416735 candidates (MITM path)
  MITM b1=331: s=4 t=3 j=3 je=3 Q=36264691 table=119095488 yh=108907683
stage b2=493 vs b1={332}: values [101627197754173688160928089239296093, 197666545239619210242183006282317824), 13568154047587400 candidates (MITM path)
  MITM b1=332: s=4 t=3 j=3 je=3 Q=36594368 table=119823157 yh=113234824
stage b2=494 vs b1={333}: values [104339880744168319863565385432489984, 206167055859864657197443888722807129), 14183226984906237 candidates (MITM path)
  MITM b1=333: s=4 t=3 j=3 je=3 Q=36926037 table=120553784 yh=117650617
stage b2=495 vs b1={334}: values [107119265502803709454615843505859375, 215005978102776043931247317256257536), 14816020404370292 candidates (MITM path)
  MITM b1=334: s=4 t=3 j=3 je=3 Q=37259704 table=121287375 yh=122156329
stage b2=496 vs b1={335}: values [109966852406475328098844912056795136, 224195710222759373302821832275390625), 15466929246001823 candidates (MITM path)
  MITM b1=335: s=4 t=3 j=3 je=3 Q=37595375 table=122023936 yh=126753241
stage b2=497 vs b1={336}: values [112884172450179624060242238336272177, 233749065589177456392773613876412416), 16136355426535430 candidates (MITM path)
  MITM b1=336: s=4 t=3 j=3 je=3 Q=37933056 table=122763473 yh=131442644
stage b2=498 vs b1={337}: values [115872787808729578273156568090615808, 243679285283393666208253061306357089), 16824707934000910 candidates (MITM path)
  MITM b1=337: s=4 t=3 j=3 je=3 Q=38272753 table=123505992 yh=136225844
stage b2=499 vs b1={338}: values [118934292407095410727674098230506499, 254000051038820699590976063168856064), 17532402923206628 candidates (MITM path)
  MITM b1=338: s=4 t=3 j=3 je=3 Q=38614472 table=124251499 yh=141104157
stage b2=500 vs b1={339}: values [122070312500000000000000000000000000, 264725498532251343422483410510418841), 18259863812128172 candidates (MITM path)
  MITM b1=339: s=4 t=3 j=3 je=3 Q=38958219 table=125000000 yh=146078911
stage b2=501 vs b1={340}: values [125282507260900151852763473269506501, 275870231034922482073600000000000000), 19007521379207126 candidates (MITM path)
  MITM b1=340: s=4 t=3 j=3 je=3 Q=39304000 table=125751501 yh=151151448
stage b2=502 vs b1={341}: values [128572569380486442318916647962632192, 287449333431940958491026723053340361), 19775813861564712 candidates (MITM path)
  MITM b1=341: s=4 t=3 j=3 je=3 Q=39651821 table=126506008 yh=156323120
stage b2=503 vs b1={342}: values [131942225674835966194417272072460823, 299478386618880458206192837825019904), 20565187054135144 candidates (MITM path)
  MITM b1=342: s=4 t=3 j=3 je=3 Q=40001688 table=127263527 yh=161595294
stage b2=504 vs b1={343}: values [135393237703353943528128490047012864, 311973482284542371301330321821976049), 21376094409723461 candidates (MITM path)
  MITM b1=343: s=4 t=3 j=3 je=3 Q=40353607 table=128024064 yh=166969348
stage b2=505 vs b1={344}: values [138927402396641774642067017822265625, 324951238089060649950183741190045696), 22208997139992667 candidates (MITM path)
  MITM b1=344: s=4 t=3 j=3 je=3 Q=40707584 table=128787625 yh=172446671
stage b2=506 vs b1={345}: values [142546552694430788571794496737878016, 338428813246721067109392828369140625), 23064364317384978 candidates (MITM path)
  MITM b1=345: s=4 t=3 j=3 je=3 Q=41063625 table=129554216 yh=178028667
stage b2=507 vs b1={346}: values [146252558193722600716669650994316907, 352423924523059044388546203674361856), 23942672977981981 candidates (MITM path)
  MITM b1=346: s=4 t=3 j=3 je=3 Q=41421736 table=130323843 yh=183716751
stage b2=508 vs b1={347}: values [150047325807278683064941158898597888, 366954862655997403768050803331897769), 24844408225308529 candidates (MITM path)
  MITM b1=347: s=4 t=3 j=3 je=3 Q=41781923 table=131096512 yh=189512352
stage b2=509 vs b1={348}: values [153932800432603454742132269478454829, 382040509210986058943919609908035584), 25770063335085176 candidates (MITM path)
  MITM b1=348: s=4 t=3 j=3 je=3 Q=42144192 table=131872229 yh=195416909
stage b2=510 vs b1={349}: values [157910965631566921956510000000000000, 397700353880309848525885235660892601), 26720139860933986 candidates (MITM path)
  MITM b1=349: s=4 t=3 j=3 je=3 Q=42508549 table=132651000 yh=201431877
stage b2=511 vs b1={350}: values [161983844320814634817101682325330431, 413954512236938476562500000000000000), 27695147741042509 candidates (MITM path)
  MITM b1=350: s=4 t=3 j=3 je=3 Q=42875000 table=133432831 yh=207558721
stage b2=512 vs b1={351}: values [166153499473114484112975882535043072, 430823743953503917975940025623902401), 28695605405790782 candidates (MITM path)
  MITM b1=351: s=4 t=3 j=3 je=3 Q=43243551 table=134217728 yh=213798921
stage b2=513 vs b1={352}: values [170422034829791634103401401374218753, 448329471497205720126420014212317184), 29722039886346151 candidates (MITM path)
  MITM b1=352: s=4 t=3 j=3 je=3 Q=43614208 table=135005697 yh=220153968
stage b2=514 vs b1={353}: values [174791595624404677813900345660678144, 466493799311663440167496584517263169), 30774986924230759 candidates (MITM path)
  MITM b1=353: s=4 t=3 j=3 je=3 Q=43986977 table=135796744 yh=226625367
stage b2=515 vs b1={354}: values [179264369317817909400790555419921875, 485339533496958054990141432093229056), 31854991081866521 candidates (MITM path)
  MITM b1=354: s=4 t=3 j=3 je=3 Q=44361864 table=136590875 yh=233214636
stage b2=516 vs b1={355}: values [183842586344826433975051806358634496, 504890201999330620896660650634765625), 32962605854102423 candidates (MITM path)
  MITM b1=355: s=4 t=3 j=3 je=3 Q=44738875 table=137388096 yh=239923304
stage b2=517 vs b1={356}: values [188528520872492679004546608119852437, 525170075322236798832332084919402496), 34098393780728984 candidates (MITM path)
  MITM b1=356: s=4 t=3 j=3 je=3 Q=45118016 table=138188413 yh=246752916
stage b2=518 vs b1={357}: values [193324491570354733181895297159815168, 546204187770690153801056774632964649), 35262926559984703 candidates (MITM path)
  MITM b1=357: s=4 t=3 j=3 je=3 Q=45499293 table=138991832 yh=253705028
stage b2=519 vs b1={358}: values [198232862392668818594582670912803559, 568018359241065440405821984897122304), 36456785163059349 candidates (MITM path)
  MITM b1=358: s=4 t=3 j=3 je=3 Q=45882712 table=139798359 yh=260781210
stage b2=520 vs b1={359}: values [203256043372850100305920000000000000, 590639217568775457331652612637964561), 37680559949598925 candidates (MITM path)
  MITM b1=359: s=4 t=3 j=3 je=3 Q=46268279 table=140608000 yh=267983045
stage b2=521 vs b1={360}: values [208396491430277954192889648311785961, 614094221446481549721600000000000000), 38934850784217148 candidates (MITM path)
  MITM b1=360: s=4 t=3 j=3 je=3 Q=46656000 table=141420761 yh=275312129
stage b2=522 vs b1={361}: values [213656711189633749233078088598986752, 638411683925748518131605316913942641), 40220267154018302 candidates (MITM path)
  MITM b1=361: s=4 t=3 j=3 je=3 Q=47045881 table=142236648 yh=282770072
stage b2=523 vs b1={362}: values [219039255812941154532109005895053883, 663620796515309615092533840427761664), 41537428287136300 candidates (MITM path)
  MITM b1=362: s=4 t=3 j=3 je=3 Q=47437928 table=143055667 yh=290358496
stage b2=524 vs b1={363}: values [224546727844480954380310660801101824, 689751653889366534925949446541436489), 42886963272294809 candidates (MITM path)
  MITM b1=363: s=4 t=3 j=3 je=3 Q=47832147 table=143877824 yh=298079038
stage b2=525 vs b1={364}: values [230181780068754346668720245361328125, 716835279219612889692402474199023616), 44269511179393298 candidates (MITM path)
  MITM b1=364: s=4 t=3 j=3 je=3 Q=48228544 table=144703125 yh=305933346
stage b2=526 vs b1={365}: values [235947116381670711226715627769880576, 744903650144937675010347955322265625), 45685721181123853 candidates (MITM path)
  MITM b1=365: s=4 t=3 j=3 je=3 Q=48627125 table=145531576 yh=313923085
stage b2=527 vs b1={366}: values [241845492675137865214191430461762767, 773989725393037725664245462095118336), 47136252675623621 candidates (MITM path)
  MITM b1=366: s=4 t=3 j=3 je=3 Q=49027896 table=146363183 yh=322049929
stage b2=528 vs b1={367}: values [247879717735234872758731611882651648, 804127472068445204802288858779989729), 48621775410167739 candidates (MITM path)
  MITM b1=367: s=4 t=3 j=3 je=3 Q=49430863 table=147197952 yh=330315570
stage b2=529 vs b1={368}: values [254052654154149545721997685422868689, 835351893621757825180080478275764224), 50142969605907616 candidates (MITM path)
  MITM b1=368: s=4 t=3 j=3 je=3 Q=49836032 table=148035889 yh=338721711
stage b2=530 vs b1={369}: values [260367219256064861959730000000000000, 867699058515145830106783895701970721), 51700526083659412 candidates (MITM path)
  MITM b1=369: s=4 t=3 j=3 je=3 Q=50243409 table=148877000 yh=347270070
stage b2=531 vs b1={370}: values [266826386037180636857388515472989091, 901206129599500829968900000000000000), 53295146390747609 candidates (MITM path)
  MITM b1=370: s=4 t=3 j=3 je=3 Q=50653000 table=149721291 yh=355962376

*** MATCH: 283176119293042268625557594206321036 is an 14-digit palindrome in bases 370 and 531
stage b2=532 vs b1={371}: values [273433184120058913430441697300447232, 935911394218887462627310370080165081), 54927542928908506 candidates (MITM path)
  MITM b1=371: s=4 t=3 j=3 je=3 Q=51064811 table=150568768 yh=364800375
stage b2=533 vs b1={372}: values [280190700722483686027416350032250213, 971854295058259588504417458500665344), 56598439083258533 candidates (MITM path)
  MITM b1=372: s=4 t=3 j=3 je=3 Q=51478848 table=151419437 yh=373785825
done: 4221.12s, 10082116975 candidates tested
