A171740 search: n=14, threads=1, limit=none
stage b2=532 vs b1={340}: values [273433184120058913430441697300447232, 275870231034922482073600000000000000), 202060984037443 candidates (MITM path)
  MITM b1=340: s=4 t=3 j=3 je=3 Q=39304000 table=150568768 yh=1341985
stage b2=533 vs b1={341}: values [280190700722483686027416350032250213, 287449333431940958491026723053340361), 593969791960056 candidates (MITM path)
  MITM b1=341: s=4 t=3 j=3 je=3 Q=39651821 table=151419437 yh=3922679
stage b2=534 vs b1={342}: values [287102081641027742818685874210299904, 299478386618880458206192837825019904), 999544660520737 candidates (MITM path)
  MITM b1=342: s=4 t=3 j=3 je=3 Q=40001688 table=152273304 yh=6564150
stage b2=535 vs b1={343}: values [294170532249521602949110970458984375, 311973482284542371301330321821976049), 1419108165003963 candidates (MITM path)
  MITM b1=343: s=4 t=3 j=3 je=3 Q=40353607 table=153130375 yh=9267320
stage b2=536 vs b1={344}: values [301399318512621735633442871240032256, 324951238089060649950183741190045696), 1852988746601014 candidates (MITM path)
  MITM b1=344: s=4 t=3 j=3 je=3 Q=40707584 table=153990656 yh=12033125
stage b2=537 vs b1={345}: values [308791768014677480736121943614131897, 338428813246721067109392828369140625), 2301520794115875 candidates (MITM path)
  MITM b1=345: s=4 t=3 j=3 je=3 Q=41063625 table=154854153 yh=14862507
stage b2=538 vs b1={346}: values [316351271004098343658904022264291328, 352423924523059044388546203674361856), 2765044726479234 candidates (MITM path)
  MITM b1=346: s=4 t=3 j=3 je=3 Q=41421736 table=155720872 yh=17756417
stage b2=539 vs b1={347}: values [324081281453425611818659325054366219, 366954862655997403768050803331897769), 3243907076075167 candidates (MITM path)
  MITM b1=347: s=4 t=3 j=3 je=3 Q=41781923 table=156590819 yh=20715820
stage b2=540 vs b1={348}: values [331985318135314535792640000000000000, 382040509210986058943919609908035584), 3738460572885149 candidates (MITM path)
  MITM b1=348: s=4 t=3 j=3 je=3 Q=42144192 table=157464000 yh=23741685
stage b2=541 vs b1={349}: values [340066965714635635499320813072655821, 397700353880309848525885235660892601), 4249064229453984 candidates (MITM path)
  MITM b1=349: s=4 t=3 j=3 je=3 Q=42508549 table=158340421 yh=26834994
stage b2=542 vs b1={350}: values [348329875856906030730297942652608512, 413954512236938476562500000000000000), 4776083426682286 candidates (MITM path)
  MITM b1=350: s=4 t=3 j=3 je=3 Q=42875000 table=159220088 yh=29996740
stage b2=543 vs b1={351}: values [356777768353264056114297546073891743, 430823743953503917975940025623902401), 5319890000450132 candidates (MITM path)
  MITM b1=351: s=4 t=3 j=3 je=3 Q=43243551 table=160103007 yh=33227921
stage b2=544 vs b1={352}: values [365414432262202803340615819548688384, 448329471497205720126420014212317184), 5880862329076519 candidates (MITM path)
  MITM b1=352: s=4 t=3 j=3 je=3 Q=43614208 table=160989184 yh=36529550
stage b2=545 vs b1={353}: values [374243727068280638359709019775390625, 466493799311663440167496584517263169), 6459385421619251 candidates (MITM path)
  MITM b1=353: s=4 t=3 j=3 je=3 Q=43986977 table=161878625 yh=39902646

*** MATCH: 451833243144642472457142356171370666 is an 14-digit palindrome in bases 353 and 545
stage b2=546 vs b1={354}: values [383269583858029168477508273239105536, 485339533496958054990141432093229056), 7055851007019899 candidates (MITM path)
  MITM b1=354: s=4 t=3 j=3 je=3 Q=44361864 table=162771336 yh=43348241
stage b2=547 vs b1={355}: values [392496006513281583932595840500243827, 504890201999330620896660650634765625), 7670657624098475 candidates (MITM path)
  MITM b1=355: s=4 t=3 j=3 je=3 Q=44738875 table=163667323 yh=46867374
stage b2=548 vs b1={356}: values [401927072922146770857809028954718208, 525170075322236798832332084919402496), 8304210712402458 candidates (MITM path)
  MITM b1=356: s=4 t=3 j=3 je=3 Q=45118016 table=164566592 yh=50461097
stage b2=549 vs b1={357}: values [411566936207857087647217069653412149, 546204187770690153801056774632964649), 8956922703914829 candidates (MITM path)
  MITM b1=357: s=4 t=3 j=3 je=3 Q=45499293 table=165469149 yh=54130470
stage b2=550 vs b1={358}: values [421419825975720214843750000000000000, 568018359241065440405821984897122304), 9629213115625757 candidates (MITM path)
  MITM b1=358: s=4 t=3 j=3 je=3 Q=45882712 table=166375000 yh=57876563
stage b2=551 vs b1={359}: values [431490049578408029900978423638102151, 590639217568775457331652612637964561), 10321508642972609 candidates (MITM path)
  MITM b1=359: s=4 t=3 j=3 je=3 Q=46268279 table=167284151 yh=61700458
stage b2=552 vs b1={360}: values [441781993399818022724510341599854592, 614094221446481549721600000000000000), 11034243254152923 candidates (MITM path)
  MITM b1=360: s=4 t=3 j=3 je=3 Q=46656000 table=168196608 yh=65603245
done: 470.40s, 384561044 candidates tested
