A171740 search: n=14, threads=1, limit=none
stage b2=318 vs b1={211}: values [340057658250024631430531164397568, 346700425107361035262655933030041), 20200362837706 candidates (MITM path)
  MITM b1=211: s=4 t=3 j=3 je=3 Q=9393931 table=32157432 yh=628171
stage b2=319 vs b1={212}: values [354224731473223042578261139664959, 370426504110804885524407033790464), 48197859565900 candidates (MITM path)
  MITM b1=212: s=4 t=3 j=3 je=3 Q=9528128 table=32461759 yh=1484759
stage b2=320 vs b1={213}: values [368934881474191032320000000000000, 395652986399381320581034818847689), 77759919586796 candidates (MITM path)
  MITM b1=213: s=4 t=3 j=3 je=3 Q=9663597 table=32768000 yh=2373045
stage b2=321 vs b1={214}: values [384207131023486181850018160439361, 422467035168972249391801182601216), 108945338048152 candidates (MITM path)
  MITM b1=214: s=4 t=3 j=3 je=3 Q=9800344 table=33076161 yh=3293773
stage b2=322 vs b1={215}: values [400061106726246866487730625585152, 450960433008657859896539306640625), 141814595991312 candidates (MITM path)
  MITM b1=215: s=4 t=3 j=3 je=3 Q=9938375 table=33386248 yh=4247695
stage b2=323 vs b1={216}: values [416517056218427921387174661259283, 481229803398374426442198455156736), 176429896978681 candidates (MITM path)
  MITM b1=216: s=4 t=3 j=3 je=3 Q=10077696 table=33698267 yh=5235578
stage b2=324 vs b1={217}: values [433595865796975883590475106484224, 513376841719862879656860722064529), 212855204278209 candidates (MITM path)
  MITM b1=217: s=4 t=3 j=3 je=3 Q=10218313 table=34012224 yh=6258198
stage b2=325 vs b1={218}: values [451319078493495285511016845703125, 547508556142388336802624725991424), 251156278609655 candidates (MITM path)
  MITM b1=218: s=4 t=3 j=3 je=3 Q=10360232 table=34328125 yh=7316342
stage b2=326 vs b1={219}: values [469708912601137116299541423742976, 583737518756672701482036256689321), 291400716457379 candidates (MITM path)
  MITM b1=219: s=4 t=3 j=3 je=3 Q=10503459 table=34645976 yh=8410810
stage b2=327 vs b1={220}: values [488788280664623015683331165008167, 622182127342782054400000000000000), 333657988954422 candidates (MITM path)
  MITM b1=220: s=4 t=3 j=3 je=3 Q=10648000 table=34965783 yh=9542415
stage b2=328 vs b1={221}: values [508580808943504054749179095810048, 662966878170355779548558581239481), 377999481342653 candidates (MITM path)
  MITM b1=221: s=4 t=3 j=3 je=3 Q=10793861 table=35287552 yh=10711979
stage b2=329 vs b1={222}: values [529110857358941125064944829442089, 706222650242563257993710741766144), 424498533013735 candidates (MITM path)
  MITM b1=222: s=4 t=3 j=3 je=3 Q=10941048 table=35611289 yh=11920337
stage b2=330 vs b1={223}: values [550403539934485037130000000000000, 752087001408534719216214439862209), 473230478135705 candidates (MITM path)
  MITM b1=223: s=4 t=3 j=3 je=3 Q=11089567 table=35937000 yh=13168336
stage b2=331 vs b1={224}: values [572484745741528457369486524730491, 800704476782743824084831595134976), 524272686869936 candidates (MITM path)
  MITM b1=224: s=4 t=3 j=3 je=3 Q=11239424 table=36264691 yh=14456836
stage b2=332 vs b1={225}: values [595381160360298826030671705669632, 852226929923929274082183837890625), 577704607183272 candidates (MITM path)
  MITM b1=225: s=4 t=3 j=3 je=3 Q=11390625 table=36594368 yh=15786709
stage b2=333 vs b1={226}: values [619120287867461433025357023191613, 906813857240639864200242192203776), 633607807260120 candidates (MITM path)
  MITM b1=226: s=4 t=3 j=3 je=3 Q=11543176 table=36926037 yh=17158836
stage b2=334 vs b1={227}: values [643730473361604921949842267234304, 964632746105380745721862822346809), 692066018519305 candidates (MITM path)
  MITM b1=227: s=4 t=3 j=3 je=3 Q=11697083 table=37259704 yh=18574115
stage b2=335 vs b1={228}: values [669240926038087681500960693359375, 1025859437174637223709847054188544), 753165179240461 candidates (MITM path)
  MITM b1=228: s=4 t=3 j=3 je=3 Q=11852352 table=37595375 yh=20033454
stage b2=336 vs b1={229}: values [695681742824932905930873850822656, 1090678501427765328462322842832681), 816993478804791 candidates (MITM path)
  MITM b1=229: s=4 t=3 j=3 je=3 Q=12008989 table=37933056 yh=21537772
stage b2=337 vs b1={230}: values [723083932591672600024489796161297, 1159283632453874980900000000000000), 883641402554978 candidates (MITM path)
  MITM b1=230: s=4 t=3 j=3 je=3 Q=12167000 table=38272753 yh=23088003
stage b2=338 vs b1={231}: values [751479440943256507665609654345728, 1231878054532401295881577517615121), 953201777279068 candidates (MITM path)
  MITM b1=231: s=4 t=3 j=3 je=3 Q=12326391 table=38614472 yh=24685092
stage b2=339 vs b1={232}: values [780901175611360895051573482331619, 1308674947070072080696567108993024), 1025769817323132 candidates (MITM path)
  MITM b1=232: s=4 t=3 j=3 je=3 Q=12487168 table=38958219 yh=26329998
stage b2=340 vs b1={233}: values [811383032455654359040000000000000, 1389897885974444705448234373058929), 1101443171337534 candidates (MITM path)
  MITM b1=233: s=4 t=3 j=3 je=3 Q=12649337 table=39304000 yh=28023692
stage b2=341 vs b1={234}: values [842959922087803397334389217165221, 1475781302562113238057324097191936), 1180321969661617 candidates (MITM path)
  MITM b1=234: s=4 t=3 j=3 je=3 Q=12812904 table=39651821 yh=29767157

*** MATCH: 1251068668017530641628478601057290 is an 14-digit palindrome in bases 234 and 341
stage b2=342 vs b1={235}: values [875667797131229409959628180774912, 1566570960618087215175592041015625), 1262508872351638 candidates (MITM path)
  MITM b1=235: s=4 t=3 j=3 je=3 Q=12977875 table=40001688 yh=31561390
stage b2=343 vs b1={236}: values [909543680129861140820205019889143, 1662524452241727005330470932054016), 1348109117856775 candidates (MITM path)
  MITM b1=236: s=4 t=3 j=3 je=3 Q=13144256 table=40353607 yh=33407401
stage b2=344 vs b1={237}: values [944625692119362354506348084854784, 1763911713133997936335712142251289), 1437230572348047 candidates (MITM path)
  MITM b1=237: s=4 t=3 j=3 je=3 Q=13312053 table=40707584 yh=35306212
stage b2=345 vs b1={238}: values [980953081874553817708385009765625, 1871015558000686912224711093796864), 1529983779704969 candidates (MITM path)
  MITM b1=238: s=4 t=3 j=3 je=3 Q=13481272 table=41063625 yh=37258859
stage b2=346 vs b1={239}: values [1018566255846991457770364750503936, 1984132236766622027506928774262241), 1626482012164799 candidates (MITM path)
  MITM b1=239: s=4 t=3 j=3 je=3 Q=13651919 table=41421736 yh=39266390
stage b2=347 vs b1={240}: values [1057506808806908944576515283377227, 2103572012316858777600000000000000), 1726841321639201 candidates (MITM path)
  MITM b1=240: s=4 t=3 j=3 je=3 Q=13824000 table=41781923 yh=41329868
stage b2=348 vs b1={241}: values [1097817555203982927999768993988608, 2229659760502257132817812847740961), 1831180591703183 candidates (MITM path)
  MITM b1=241: s=4 t=3 j=3 je=3 Q=13997521 table=42144192 yh=43450367
stage b2=349 vs b1={242}: values [1139542561261632803799098096449549, 2362735593168883450473284633903104), 1939621590261154 candidates (MITM path)
  MITM b1=242: s=4 t=3 j=3 je=3 Q=14172488 table=42508549 yh=45628977
stage b2=350 vs b1={243}: values [1182727177819824218750000000000000, 2503155504993241601315571986085849), 2052289022894949 candidates (MITM path)
  MITM b1=243: s=4 t=3 j=3 je=3 Q=14348907 table=42875000 yh=47866800
stage b2=351 vs b1={244}: values [1227418073941606603920057053059551, 2651292044928480635622559471108096), 2169310586898686 candidates (MITM path)
  MITM b1=244: s=4 t=3 j=3 je=3 Q=14526784 table=43243551 yh=50164951
done: 209.75s, 400734056 candidates tested
