A171740 search: n=14, threads=1, limit=none
stage b2=510 vs b1={327}: values [157910965631566921956510000000000000, 159833767777331726128449290957670609), 214261117370397 candidates (MITM path)
  MITM b1=327: s=4 t=3 j=3 je=3 Q=34965783 table=132651000 yh=1615225
stage b2=511 vs b1={328}: values [161983844320814634817101682325330431, 166814505333469329957730743425695744), 530958113255074 candidates (MITM path)
  MITM b1=328: s=4 t=3 j=3 je=3 Q=35287552 table=133432831 yh=3979217
stage b2=512 vs b1={329}: values [166153499473114484112975882535043072, 174077472071091630146366848886447281), 859118830544243 candidates (MITM path)
  MITM b1=329: s=4 t=3 j=3 je=3 Q=35611289 table=134217728 yh=6400935
stage b2=513 vs b1={330}: values [170422034829791634103401401374218753, 181633168178380062252900000000000000), 1199024238263438 candidates (MITM path)
  MITM b1=330: s=4 t=3 j=3 je=3 Q=35937000 table=135005697 yh=8881287
stage b2=514 vs b1={331}: values [174791595624404677813900345660678144, 189492450840445919389300039685792521), 1550960607530165 candidates (MITM path)
  MITM b1=331: s=4 t=3 j=3 je=3 Q=36264691 table=135796744 yh=11421192
stage b2=515 vs b1={332}: values [179264369317817909400790555419921875, 197666545239619210242183006282317824), 1915219588129753 candidates (MITM path)
  MITM b1=332: s=4 t=3 j=3 je=3 Q=36594368 table=136590875 yh=14021578
stage b2=516 vs b1={333}: values [183842586344826433975051806358634496, 206167055859864657197443888722807129), 2292098285875577 candidates (MITM path)
  MITM b1=333: s=4 t=3 j=3 je=3 Q=36926037 table=137388096 yh=16683384
stage b2=517 vs b1={334}: values [188528520872492679004546608119852437, 215005978102776043931247317256257536), 2681899340758282 candidates (MITM path)
  MITM b1=334: s=4 t=3 j=3 je=3 Q=37259704 table=138188413 yh=19407556
stage b2=518 vs b1={335}: values [193324491570354733181895297159815168, 224195710222759373302821832275390625), 3084931005888630 candidates (MITM path)
  MITM b1=335: s=4 t=3 j=3 je=3 Q=37595375 table=138991832 yh=22195053
stage b2=519 vs b1={336}: values [198232862392668818594582670912803559, 233749065589177456392773613876412416), 3501507227238600 candidates (MITM path)
  MITM b1=336: s=4 t=3 j=3 je=3 Q=37933056 table=139798359 yh=25046841
stage b2=520 vs b1={337}: values [203256043372850100305920000000000000, 243679285283393666208253061306357089), 3931947724185379 candidates (MITM path)
  MITM b1=337: s=4 t=3 j=3 je=3 Q=38272753 table=140608000 yh=27963898
stage b2=521 vs b1={338}: values [208396491430277954192889648311785961, 254000051038820699590976063168856064), 4376578070862876 candidates (MITM path)
  MITM b1=338: s=4 t=3 j=3 je=3 Q=38614472 table=141420761 yh=30947211
stage b2=522 vs b1={339}: values [213656711189633749233078088598986752, 264725498532251343422483410510418841), 4835729778325411 candidates (MITM path)
  MITM b1=339: s=4 t=3 j=3 je=3 Q=38958219 table=142236648 yh=33997777
stage b2=523 vs b1={340}: values [219039255812941154532109005895053883, 275870231034922482073600000000000000), 5309740377528215 candidates (MITM path)
  MITM b1=340: s=4 t=3 j=3 je=3 Q=39304000 table=143055667 yh=37116603
stage b2=524 vs b1={341}: values [224546727844480954380310660801101824, 287449333431940958491026723053340361), 5798953503129402 candidates (MITM path)
  MITM b1=341: s=4 t=3 j=3 je=3 Q=39651821 table=143877824 yh=40304707
stage b2=525 vs b1={342}: values [230181780068754346668720245361328125, 299478386618880458206192837825019904), 6303718978118057 candidates (MITM path)
  MITM b1=342: s=4 t=3 j=3 je=3 Q=40001688 table=144703125 yh=43563116
stage b2=526 vs b1={343}: values [235947116381670711226715627769880576, 311973482284542371301330321821976049), 6824392899273115 candidates (MITM path)
  MITM b1=343: s=4 t=3 j=3 je=3 Q=40353607 table=145531576 yh=46892868
stage b2=527 vs b1={344}: values [241845492675137865214191430461762767, 324951238089060649950183741190045696), 7361337723457670 candidates (MITM path)
  MITM b1=344: s=4 t=3 j=3 je=3 Q=40707584 table=146363183 yh=50295010
stage b2=528 vs b1={345}: values [247879717735234872758731611882651648, 338428813246721067109392828369140625), 7914922354753410 candidates (MITM path)
  MITM b1=345: s=4 t=3 j=3 je=3 Q=41063625 table=147197952 yh=53770602
stage b2=529 vs b1={346}: values [254052654154149545721997685422868689, 352423924523059044388546203674361856), 8485522232439821 candidates (MITM path)
  MITM b1=346: s=4 t=3 j=3 je=3 Q=41421736 table=148035889 yh=57320710
stage b2=530 vs b1={347}: values [260367219256064861959730000000000000, 366954862655997403768050803331897769), 9073519419822850 candidates (MITM path)
  MITM b1=347: s=4 t=3 j=3 je=3 Q=41781923 table=148877000 yh=60946415
stage b2=531 vs b1={348}: values [266826386037180636857388515472989091, 382040509210986058943919609908035584), 9679302693917702 candidates (MITM path)
  MITM b1=348: s=4 t=3 j=3 je=3 Q=42144192 table=149721291 yh=64648806
stage b2=532 vs b1={349}: values [273433184120058913430441697300447232, 397700353880309848525885235660892601), 10303267635990454 candidates (MITM path)
  MITM b1=349: s=4 t=3 j=3 je=3 Q=42508549 table=150568768 yh=68428983
stage b2=533 vs b1={350}: values [280190700722483686027416350032250213, 413954512236938476562500000000000000), 10945816722963164 candidates (MITM path)
  MITM b1=350: s=4 t=3 j=3 je=3 Q=42875000 table=151419437 yh=72288056
stage b2=534 vs b1={351}: values [287102081641027742818685874210299904, 430823743953503917975940025623902401), 11607359419687176 candidates (MITM path)
  MITM b1=351: s=4 t=3 j=3 je=3 Q=43243551 table=152273304 yh=76227147
stage b2=535 vs b1={352}: values [294170532249521602949110970458984375, 448329471497205720126420014212317184), 12288312272089301 candidates (MITM path)
  MITM b1=352: s=4 t=3 j=3 je=3 Q=43614208 table=153130375 yh=80247386
stage b2=536 vs b1={353}: values [301399318512621735633442871240032256, 466493799311663440167496584517263169), 12989099001195579 candidates (MITM path)
  MITM b1=353: s=4 t=3 j=3 je=3 Q=43986977 table=153990656 yh=84349917
stage b2=537 vs b1={354}: values [308791768014677480736121943614131897, 485339533496958054990141432093229056), 13710150598037326 candidates (MITM path)
  MITM b1=354: s=4 t=3 j=3 je=3 Q=44361864 table=154854153 yh=88535893
stage b2=538 vs b1={355}: values [316351271004098343658904022264291328, 504890201999330620896660650634765625), 14451905419444147 candidates (MITM path)
  MITM b1=355: s=4 t=3 j=3 je=3 Q=44738875 table=155720872 yh=92806477
stage b2=539 vs b1={356}: values [324081281453425611818659325054366219, 525170075322236798832332084919402496), 15214809284728654 candidates (MITM path)
  MITM b1=356: s=4 t=3 j=3 je=3 Q=45118016 table=156590819 yh=97162844
stage b2=540 vs b1={357}: values [331985318135314535792640000000000000, 546204187770690153801056774632964649), 15999315573267570 candidates (MITM path)
  MITM b1=357: s=4 t=3 j=3 je=3 Q=45499293 table=157464000 yh=101606181
stage b2=541 vs b1={358}: values [340066965714635635499320813072655821, 568018359241065440405821984897122304), 16805885322983951 candidates (MITM path)
  MITM b1=358: s=4 t=3 j=3 je=3 Q=45882712 table=158340421 yh=106137683
stage b2=542 vs b1={359}: values [348329875856906030730297942652608512, 590639217568775457331652612637964561), 17634987329735234 candidates (MITM path)
  MITM b1=359: s=4 t=3 j=3 je=3 Q=46268279 table=159220088 yh=110758558
stage b2=543 vs b1={360}: values [356777768353264056114297546073891743, 614094221446481549721600000000000000), 18487098247611835 candidates (MITM path)
  MITM b1=360: s=4 t=3 j=3 je=3 Q=46656000 table=160103007 yh=115470026
stage b2=544 vs b1={361}: values [365414432262202803340615819548688384, 638411683925748518131605316913942641), 19362702690151015 candidates (MITM path)
  MITM b1=361: s=4 t=3 j=3 je=3 Q=47045881 table=160989184 yh=120273315
stage b2=545 vs b1={362}: values [374243727068280638359709019775390625, 663620796515309615092533840427761664), 20262293332470750 candidates (MITM path)
  MITM b1=362: s=4 t=3 j=3 je=3 Q=47437928 table=161878625 yh=125169666
stage b2=546 vs b1={363}: values [383269583858029168477508273239105536, 689751653889366534925949446541436489), 21186371014328325 candidates (MITM path)
  MITM b1=363: s=4 t=3 j=3 je=3 Q=47832147 table=162771336 yh=130160332
stage b2=547 vs b1={364}: values [392496006513281583932595840500243827, 716835279219612889692402474199023616), 22135444844108390 candidates (MITM path)
  MITM b1=364: s=4 t=3 j=3 je=3 Q=48228544 table=163667323 yh=135246575
stage b2=548 vs b1={365}: values [401927072922146770857809028954718208, 744903650144937675010347955322265625), 23110032303745211 candidates (MITM path)
  MITM b1=365: s=4 t=3 j=3 je=3 Q=48627125 table=164566592 yh=140429671
stage b2=549 vs b1={366}: values [411566936207857087647217069653412149, 773989725393037725664245462095118336), 24110659354583864 candidates (MITM path)
  MITM b1=366: s=4 t=3 j=3 je=3 Q=49027896 table=165469149 yh=145710905
stage b2=550 vs b1={367}: values [421419825975720214843750000000000000, 804127472068445204802288858779989729), 25137860544185095 candidates (MITM path)
  MITM b1=367: s=4 t=3 j=3 je=3 Q=49430863 table=166375000 yh=151091574
stage b2=551 vs b1={368}: values [431490049578408029900978423638102151, 835351893621757825180080478275764224), 26192179114078616 candidates (MITM path)
  MITM b1=368: s=4 t=3 j=3 je=3 Q=49836032 table=167284151 yh=156572987
stage b2=552 vs b1={369}: values [441781993399818022724510341599854592, 867699058515145830106783895701970721), 27274167108469564 candidates (MITM path)
  MITM b1=369: s=4 t=3 j=3 je=3 Q=50243409 table=168196608 yh=162156464
stage b2=553 vs b1={370}: values [452300124157745355934980751882862473, 901206129599500829968900000000000000), 28384385483902885 candidates (MITM path)
  MITM b1=370: s=4 t=3 j=3 je=3 Q=50653000 table=169112377 yh=167843336
stage b2=554 vs b1={371}: values [463048990225606285487392794579083264, 935911394218887462627310370080165081), 29523404219890395 candidates (MITM path)
  MITM b1=371: s=4 t=3 j=3 je=3 Q=51064811 table=170031464 yh=173634947
stage b2=555 vs b1={372}: values [474033222973456292803297401123046875, 971854295058259588504417458500665344), 30691802430505271 candidates (MITM path)
  MITM b1=372: s=4 t=3 j=3 je=3 Q=51478848 table=170953875 yh=179532652
stage b2=556 vs b1={373}: values [485257538128548939096586766742716416, 1009075461750708410420050723039024009), 31890168476948744 candidates (MITM path)
  MITM b1=373: s=4 t=3 j=3 je=3 Q=51895117 table=171879616 yh=185537816
stage b2=557 vs b1={374}: values [496726737155684136275087566416582557, 1047616743260820591544343170758885376), 33119100081093735 candidates (MITM path)
  MITM b1=374: s=4 t=3 j=3 je=3 Q=52313624 table=172808693 yh=191651818
stage b2=558 vs b1={375}: values [508445708657597236854185159560716288, 1087521241061040200293064117431640625), 34379204440010221 candidates (MITM path)
  MITM b1=375: s=4 t=3 j=3 je=3 Q=52734375 table=173741112 yh=197876047
stage b2=559 vs b1={376}: values [520419429795643077901856425190522479, 1128833343118249207414947823407333376), 35671098341477089 candidates (MITM path)
  MITM b1=376: s=4 t=3 j=3 je=3 Q=53157376 table=174676879 yh=204211906
stage b2=560 vs b1={377}: values [532652967731031871324160000000000000, 1171598758708107367475386427203165009), 36995408280485244 candidates (MITM path)
  MITM b1=377: s=4 t=3 j=3 je=3 Q=53582633 table=175616000 yh=210660807
stage b2=561 vs b1={378}: values [545151481086876614974812989924244081, 1215864554075023704741469602061369344), 38352770576736760 candidates (MITM path)
  MITM b1=378: s=4 t=3 j=3 je=3 Q=54010152 table=176558481 yh=217224177
stage b2=562 vs b1={379}: values [557920221431314506311321357441769472, 1261679188955968563191835468129487081), 39743831493144832 candidates (MITM path)
  MITM b1=379: s=4 t=3 j=3 je=3 Q=54439939 table=177504328 yh=223903451
stage b2=563 vs b1={380}: values [570964534781967672803543519620846403, 1309092553986677343846400000000000000), 41169247355339324 candidates (MITM path)
  MITM b1=380: s=4 t=3 j=3 je=3 Q=54872000 table=178453547 yh=230700079
stage b2=564 vs b1={381}: values [584289863132011391209840769230700544, 1358156009009144712440307376223513721), 42629684672182677 candidates (MITM path)
  MITM b1=381: s=4 t=3 j=3 je=3 Q=55306341 table=179406144 yh=237615523
stage b2=565 vs b1={382}: values [597901745998120851353366153564453125, 1408922422299661290033405230674100224), 44125820257300985 candidates (MITM path)
  MITM b1=382: s=4 t=3 j=3 je=3 Q=55742968 table=180362125 yh=244651256
stage b2=566 vs b1={383}: values [611805821990570429339805757456080896, 1461446210737003712612867623638313729), 45658341351635001 candidates (MITM path)
  MITM b1=383: s=4 t=3 j=3 je=3 Q=56181887 table=181321496 yh=251808762
stage b2=567 vs b1={384}: values [626007830405762370442234920236832087, 1515783380930753538061821258378510336), 47227945747015876 candidates (MITM path)
  MITM b1=384: s=4 t=3 j=3 je=3 Q=56623104 table=182284263 yh=259089540
stage b2=568 vs b1={385}: values [640513612841464743323893889989869568, 1571991571330090865774680230712890625), 48835341910770422 candidates (MITM path)
  MITM b1=385: s=4 t=3 j=3 je=3 Q=57066625 table=183250432 yh=266495099
stage b2=569 vs b1={386}: values [655329114835041515061818544164613209, 1630130095333784792244505633968111616), 50481249111360687 candidates (MITM path)
  MITM b1=386: s=4 t=3 j=3 je=3 Q=57512456 table=184220009 yh=274026961

*** MATCH: 890031591148971914745138710281074690 is an 14-digit palindrome in bases 386 and 569
stage b2=570 vs b1={387}: values [670460387524960610760570000000000000, 1690259985422485032479991371240442489), 52166397545062650 candidates (MITM path)
  MITM b1=387: s=4 t=3 j=3 je=3 Q=57960603 table=185193000 yh=281686660
stage b2=571 vs b1={388}: values [685913589335868862593975790997597611, 1752444038334807270293678521701105664), 53891528463688814 candidates (MITM path)
  MITM b1=388: s=4 t=3 j=3 je=3 Q=58411072 table=186169411 yh=289475743
stage b2=572 vs b1={389}: values [701694987687525821073007584217137152, 1816746861309099139322282878629329641), 55657394303359531 candidates (MITM path)
  MITM b1=389: s=4 t=3 j=3 je=3 Q=58863869 table=187149248 yh=297395768
stage b2=573 vs b1={390}: values [717810960727891496399861673112327533, 1883234919413174260904100000000000000), 57464758814327823 candidates (MITM path)
  MITM b1=390: s=4 t=3 j=3 je=3 Q=59319000 table=188132517 yh=305448308
stage b2=574 vs b1={391}: values [734267999090666220123170482943156224, 1951976583984708555289257373653172561), 59314397191862543 candidates (MITM path)
  MITM b1=391: s=4 t=3 j=3 je=3 Q=59776471 table=189119224 yh=313634944
stage b2=575 vs b1={392}: values [751072707677583967149257659912109375, 2023042182205406180576948745932898304), 61207096208194661 candidates (MITM path)
  MITM b1=392: s=4 t=3 j=3 je=3 Q=60236288 table=190109375 yh=321957275
stage b2=576 vs b1={393}: values [768231807465763655682670928358014976, 2096504047832462021585980850883353649), 63143654345531489 candidates (MITM path)
  MITM b1=393: s=4 t=3 j=3 je=3 Q=60698457 table=191102976 yh=330416908
stage b2=577 vs b1={394}: values [785752137340426148060117653375876417, 2172436573111273731749254298313834496), 65124881930143664 candidates (MITM path)
  MITM b1=394: s=4 t=3 j=3 je=3 Q=61162984 table=192100033 yh=339015465
stage b2=578 vs b1={395}: values [803640655953287908900640275234562048, 2250916261893789009116047857666015625), 67151601267529709 candidates (MITM path)
  MITM b1=395: s=4 t=3 j=3 je=3 Q=61629875 table=193100552 yh=347754580
stage b2=579 vs b1={396}: values [821904443606945538717678866487000339, 2332021783987313147550261420339757056), 69224646778662969 candidates (MITM path)
  MITM b1=396: s=4 t=3 j=3 je=3 Q=62099136 table=194104539 yh=356635900
stage b2=580 vs b1={397}: values [840550704165568691322880000000000000, 2415834030759048032002067126745534169), 71344865137325765 candidates (MITM path)
  MITM b1=397: s=4 t=3 j=3 je=3 Q=62570773 table=195112000 yh=365661083
stage b2=581 vs b1={398}: values [859586766992222202195460101840278741, 2502436172022086728957275203783901184), 73513115408535574 candidates (MITM path)
  MITM b1=398: s=4 t=3 j=3 je=3 Q=63044792 table=196122941 yh=374831803
stage b2=582 vs b1={399}: values [879020088913141602693987477647941632, 2591913714229047747371013122318554401), 75730269188068063 candidates (MITM path)
  MITM b1=399: s=4 t=3 j=3 je=3 Q=63521199 table=197137368 yh=384149743
done: 7971.61s, 6946918176 candidates tested
