A171740 search: n=14, threads=1, limit=none
stage b2=173 vs b1={120}: values [124336701153197199434858978333, 128391846454886400000000000000), 874346746460 candidates (MITM path)
  MITM b1=120: s=4 t=3 j=3 je=3 Q=1728000 table=5177717 yh=168868
stage b2=174 vs b1={121}: values [134010932031736197265596801024, 144209936106499234037676064081), 2112092951924 candidates (MITM path)
  MITM b1=121: s=4 t=3 j=3 je=3 Q=1771561 table=5268024 yh=400927
stage b2=175 vs b1={122}: values [144375876198709011077880859375, 161822024226591835670322233344), 3470828958401 candidates (MITM path)
  MITM b1=122: s=4 t=3 j=3 je=3 Q=1815848 table=5359375 yh=647619
stage b2=176 vs b1={123}: values [155476473547226548672214859776, 181414317867238075368413196009), 4958441623382 candidates (MITM path)
  MITM b1=123: s=4 t=3 j=3 je=3 Q=1860867 table=5451776 yh=909510
stage b2=177 vs b1={124}: values [167360306560954484666776127217, 203190590417428920928489701376), 6583205076854 candidates (MITM path)
  MITM b1=124: s=4 t=3 j=3 je=3 Q=1906624 table=5545233 yh=1187183
stage b2=178 vs b1={125}: values [180077739354589843349613518848, 227373675443232059478759765625), 8353794918586 candidates (MITM path)
  MITM b1=125: s=4 t=3 j=3 je=3 Q=1953125 table=5639752 yh=1481235
stage b2=179 vs b1={126}: values [193682063179592517160024627139, 254207073906400753327372517376), 10279302772899 candidates (MITM path)
  MITM b1=126: s=4 t=3 j=3 je=3 Q=2000376 table=5735339 yh=1792275
stage b2=180 vs b1={127}: values [208229648656711680000000000000, 283956682347124706942551243009), 12369251205817 candidates (MITM path)
  MITM b1=127: s=4 t=3 j=3 je=3 Q=2048383 table=5832000 yh=2120928
stage b2=181 vs b1={128}: values [223780105005863966156354481541, 316912650057057350374175801344), 14633609009472 candidates (MITM path)
  MITM b1=128: s=4 t=3 j=3 je=3 Q=2097152 table=5929741 yh=2467833
stage b2=182 vs b1={129}: values [240396446553194784543350546432, 353391373730936795216525838081), 17082806858653 candidates (MITM path)
  MITM b1=129: s=4 t=3 j=3 je=3 Q=2146689 table=6028568 yh=2833643
stage b2=183 vs b1={130}: values [258145266804692077858261512663, 393737638569928900000000000000), 19727753344411 candidates (MITM path)
  MITM b1=130: s=4 t=3 j=3 je=3 Q=2197000 table=6128487 yh=3219026
stage b2=184 vs b1={131}: values [277096920385529169888730415104, 438326915318176225182722457721), 22579851389600 candidates (MITM path)
  MITM b1=131: s=4 t=3 j=3 je=3 Q=2248091 table=6229504 yh=3624663
stage b2=185 vs b1={132}: values [297325713154396124752197265625, 487567823246881413521655988224), 25651015051270 candidates (MITM path)
  MITM b1=132: s=4 t=3 j=3 je=3 Q=2299968 table=6331625 yh=4051254
stage b2=186 vs b1={133}: values [318910100812443423857138835456, 541904769658563069794308330729), 28953686714816 candidates (MITM path)
  MITM b1=133: s=4 t=3 j=3 je=3 Q=2352637 table=6434856 yh=4499509
stage b2=187 vs b1={134}: values [341932896337114006995328418347, 601820777068902739508172046336), 32500854684806 candidates (MITM path)
  MITM b1=134: s=4 t=3 j=3 je=3 Q=2406104 table=6539203 yh=4970156
stage b2=188 vs b1={135}: values [366481486582086184047925526528, 667840509835890864312744140625), 36306071177395 candidates (MITM path)
  MITM b1=135: s=4 t=3 j=3 je=3 Q=2460375 table=6644672 yh=5463938
stage b2=189 vs b1={136}: values [392648058395797069001849010669, 740533512646847684000786415616), 40383470719243 candidates (MITM path)
  MITM b1=136: s=4 t=3 j=3 je=3 Q=2515456 table=6751269 yh=5981612
stage b2=190 vs b1={137}: values [420529834622570590000000000000, 820517673944445067756173565489), 44747788957883 candidates (MITM path)
  MITM b1=137: s=4 t=3 j=3 je=3 Q=2571353 table=6859000 yh=6523953
stage b2=191 vs b1={138}: values [450229320362242466802436942271, 908462928074224101543164657664), 49414381888441 candidates (MITM path)
  MITM b1=138: s=4 t=3 j=3 je=3 Q=2628072 table=6967871 yh=7091748
stage b2=192 vs b1={139}: values [481854559876363607426268659712, 1005095210669462420559310325641), 54399245501663 candidates (MITM path)
  MITM b1=139: s=4 t=3 j=3 je=3 Q=2685619 table=7077888 yh=7685802
stage b2=193 vs b1={140}: values [515519404541580055432731552193, 1111200682555801600000000000000), 59719035858165 candidates (MITM path)
  MITM b1=140: s=4 t=3 j=3 je=3 Q=2744000 table=7189057 yh=8306936
stage b2=194 vs b1={141}: values [551343792263638925546446659584, 1227630238259041401156597561561), 65391089593868 candidates (MITM path)
  MITM b1=141: s=4 t=3 j=3 je=3 Q=2803221 table=7301384 yh=8955986
stage b2=195 vs b1={142}: values [589454038778662817039794921875, 1355304316036224269151582306304), 71433444861532 candidates (MITM path)
  MITM b1=142: s=4 t=3 j=3 je=3 Q=2863288 table=7414875 yh=9633803
stage b2=196 vs b1={143}: values [629983141281877223603213172736, 1495218027223887926540376015649), 77864862713362 candidates (MITM path)
  MITM b1=143: s=4 t=3 j=3 je=3 Q=2924207 table=7529536 yh=10341257
stage b2=197 vs b1={144}: values [673071094837873811440793512277, 1648446623609512543951043690496), 84704848929616 candidates (MITM path)
  MITM b1=144: s=4 t=3 j=3 je=3 Q=2985984 table=7645373 yh=11079231
stage b2=198 vs b1={145}: values [718865222040754575648532881408, 1816151322484127584722900390625), 91973676298170 candidates (MITM path)
  MITM b1=145: s=4 t=3 j=3 je=3 Q=3048625 table=7762392 yh=11848626
stage b2=199 vs b1={146}: values [767520516407135386698284882599, 1999585510027208108829825581056), 99692407350002 candidates (MITM path)
  MITM b1=146: s=4 t=3 j=3 je=3 Q=3112136 table=7880599 yh=12650360
stage b2=200 vs b1={147}: values [819200000000000000000000000000, 2200101344710858346413248902169), 107882917555536 candidates (MITM path)
  MITM b1=147: s=4 t=3 j=3 je=3 Q=3176523 table=8000000 yh=13485365
stage b2=201 vs b1={148}: values [874075095796795036986291122601, 2419156783490371026650801373184), 116567918986823 candidates (MITM path)
  MITM b1=148: s=4 t=3 j=3 je=3 Q=3241792 table=8120601 yh=14354593
stage b2=202 vs b1={149}: values [932326015330950691117312417792, 2658323054674126527963029795401), 125770984450504 candidates (MITM path)
  MITM b1=149: s=4 t=3 j=3 je=3 Q=3307949 table=8242408 yh=15259010
stage b2=203 vs b1={150}: values [994142162152209023250193980923, 2919292602539062500000000000000), 135516572096532 candidates (MITM path)
  MITM b1=150: s=4 t=3 j=3 je=3 Q=3375000 table=8365427 yh=16199601
stage b2=204 vs b1={151}: values [1059722551667749867247804350464, 3203887529980253057019236799601), 145830050507612 candidates (MITM path)
  MITM b1=151: s=4 t=3 j=3 je=3 Q=3442951 table=8489664 yh=17177365
stage b2=205 vs b1={152}: values [1129276247943131871729736328125, 3514068566756183507202771779584), 156737724274328 candidates (MITM path)
  MITM b1=152: s=4 t=3 j=3 je=3 Q=3511808 table=8615125 yh=18193320

*** MATCH: 1482818636476760701300940659896 is an 14-digit palindrome in bases 152 and 205
stage b2=206 vs b1={153}: values [1203022818059521485874197487616, 3851944592216835046631374058769), 168266860060929 candidates (MITM path)
  MITM b1=153: s=4 t=3 j=3 je=3 Q=3581577 table=8741816 yh=19248502
stage b2=207 vs b1={154}: values [1281192804641574310961385893007, 4219782742781494680756610809856), 180445713166750 candidates (MITM path)
  MITM b1=154: s=4 t=3 j=3 je=3 Q=3652264 table=8869743 yh=20343962
stage b2=208 vs b1={155}: values [1364028217188669867381634367488, 4620019135869118166021728515625), 193303554588237 candidates (MITM path)
  MITM b1=155: s=4 t=3 j=3 je=3 Q=3723875 table=8998912 yh=21480770
stage b2=209 vs b1={156}: values [1451783042860991280530128758929, 5055270243477986851332550557696), 206870698586552 candidates (MITM path)
  MITM b1=156: s=4 t=3 j=3 je=3 Q=3796416 table=9129329 yh=22660012
done: 73.21s, 223518824 candidates tested
