A171740 search: n=14, threads=1, limit=none
stage b2=220 vs b1={150}: values [2828100578830827520000000000000, 2919292602539062500000000000000), 3655931819045 candidates (MITM path)
  MITM b1=150: s=4 t=3 j=3 je=3 Q=3375000 table=10648000 yh=343345
stage b2=221 vs b1={151}: values [2999850127467673210626961906061, 3203887529980253057019236799601), 7924354037479 candidates (MITM path)
  MITM b1=151: s=4 t=3 j=3 je=3 Q=3442951 table=10793861 yh=734154
stage b2=222 vs b1={152}: values [3181183109200735396368066404352, 3514068566756183507202771779584), 12526334413658 candidates (MITM path)
  MITM b1=152: s=4 t=3 j=3 je=3 Q=3511808 table=10941048 yh=1144894
stage b2=223 vs b1={153}: values [3372587450262487530117553541983, 3851944592216835046631374058769), 17479345266037 candidates (MITM path)
  MITM b1=153: s=4 t=3 j=3 je=3 Q=3581577 table=11089567 yh=1576198
stage b2=224 vs b1={154}: values [3574573557065820643235855335424, 4219782742781494680756610809856), 22801552256769 candidates (MITM path)
  MITM b1=154: s=4 t=3 j=3 je=3 Q=3652264 table=11239424 yh=2028712
stage b2=225 vs b1={155}: values [3787675244106352329254150390625, 4620019135869118166021728515625), 28511835060276 candidates (MITM path)
  MITM b1=155: s=4 t=3 j=3 je=3 Q=3723875 table=11390625 yh=2503097
stage b2=226 vs b1={156}: values [4012450695755043646903726514176, 5055270243477986851332550557696), 34629808458295 candidates (MITM path)
  MITM b1=156: s=4 t=3 j=3 je=3 Q=3796416 table=11543176 yh=3000025
stage b2=227 vs b1={157}: values [4249483463019298439303360450867, 5528344950165252334658020725049), 41175843866248 candidates (MITM path)
  MITM b1=157: s=4 t=3 j=3 je=3 Q=3869893 table=11697083 yh=3520181
stage b2=228 vs b1={158}: values [4499383496379987823288802869248, 6042257331792746762298544635904), 48171091295762 candidates (MITM path)
  MITM b1=158: s=4 t=3 j=3 je=3 Q=3944312 table=11852352 yh=4064265
stage b2=229 vs b1={159}: values [4762788215841769993285252588789, 6600240193085194872736139543361), 55637501758201 candidates (MITM path)
  MITM b1=159: s=4 t=3 j=3 je=3 Q=4019679 table=12008989 yh=4632988
stage b2=230 vs b1={160}: values [5040363619364673830000000000000, 7205759403792793600000000000000), 63597850114051 candidates (MITM path)
  MITM b1=160: s=4 t=3 j=3 je=3 Q=4096000 table=12167000 yh=5227078
stage b2=231 vs b1={161}: values [5332805430876196086067435141191, 7862529075064177918032791835841), 72075758373016 candidates (MITM path)
  MITM b1=161: s=4 t=3 j=3 je=3 Q=4173281 table=12326391 yh=5847272
stage b2=232 vs b1={162}: values [5640840289095138278864513400832, 8574527619520275041706172760064), 81095719449686 candidates (MITM path)
  MITM b1=162: s=4 t=3 j=3 je=3 Q=4251528 table=12487168 yh=6494325
stage b2=233 vs b1={163}: values [5965226978431093156430190442313, 9346014740476727289651520028089), 90683121379645 candidates (MITM path)
  MITM b1=163: s=4 t=3 j=3 je=3 Q=4330747 table=12649337 yh=7169002
stage b2=234 vs b1={164}: values [6306757703256894179732154261504, 10181549397794758908552901820416), 100864272000886 candidates (MITM path)
  MITM b1=164: s=4 t=3 j=3 je=3 Q=4410944 table=12812904 yh=7872086
stage b2=235 vs b1={165}: values [6666259406885477511385498046875, 11086008799949954971490478515625), 111666424105406 candidates (MITM path)
  MITM b1=165: s=4 t=3 j=3 je=3 Q=4492125 table=12977875 yh=8604369
stage b2=236 vs b1={166}: values [7044595136617487310722334457856, 12064608474097852187633240129536), 123117801065859 candidates (MITM path)
  MITM b1=166: s=4 t=3 j=3 je=3 Q=4574296 table=13144256 yh=9366662
stage b2=237 vs b1={167}: values [7442665456261594668083173595997, 13122923468187014400100544266129), 135247622942151 candidates (MITM path)
  MITM b1=167: s=4 t=3 j=3 je=3 Q=4657463 table=13312053 yh=10159787
stage b2=238 vs b1={168}: values [7861409907565911395902147452928, 14266910741526944359910498893824), 148086133072866 candidates (MITM path)
  MITM b1=168: s=4 t=3 j=3 je=3 Q=4741632 table=13481272 yh=10984582
stage b2=239 vs b1={169}: values [8301808522036075428899283574319, 15502932802662396215269535105521), 161664625156402 candidates (MITM path)
  MITM b1=169: s=4 t=3 j=3 je=3 Q=4826809 table=13651919 yh=11841898
stage b2=240 vs b1={170}: values [8764883384653578240000000000000, 16837782655940092900000000000000), 176015470826719 candidates (MITM path)
  MITM b1=170: s=4 t=3 j=3 je=3 Q=4913000 table=13824000 yh=12732601
stage b2=241 vs b1={171}: values [9251700251046710094679721359921, 18278710120781277966686574574281), 191172147728603 candidates (MITM path)
  MITM b1=171: s=4 t=3 j=3 je=3 Q=5000211 table=13997521 yh=13657572
stage b2=242 vs b1={172}: values [9763370219706129960633407578112, 19833449590396768185436019359744), 207169268097324 candidates (MITM path)
  MITM b1=172: s=4 t=3 j=3 je=3 Q=5088448 table=14172488 yh=14617707
stage b2=243 vs b1={173}: values [10301051460877537453973547267843, 21510249299503115502230603251609), 224042607847618 candidates (MITM path)
  MITM b1=173: s=4 t=3 j=3 je=3 Q=5177717 table=14348907 yh=15613915
stage b2=244 vs b1={174}: values [10865951003805248506649833897984, 23317902173522098324213843378176), 241829136176881 candidates (MITM path)
  MITM b1=174: s=4 t=3 j=3 je=3 Q=5268024 table=14526784 yh=16647122

*** MATCH: 17570769526003271035654071863225 is an 14-digit palindrome in bases 174 and 244
stage b2=245 vs b1={175}: values [11459326584042668830137939453125, 25265778334774076938629150390625), 260567045687501 candidates (MITM path)
  MITM b1=175: s=4 t=3 j=3 je=3 Q=5359375 table=14706125 yh=17718267

*** MATCH: 15400669906274360059314993387456 is an 14-digit palindrome in bases 175 and 245
stage b2=246 vs b1={176}: values [12082488552588734255431226843136, 27363859344311872566309815320576), 280295783033224 candidates (MITM path)
  MITM b1=176: s=4 t=3 j=3 je=3 Q=5451776 table=14886936 yh=18828306
stage b2=247 vs b1={177}: values [12736801848653359358345383963927, 29622774261288943786019374517409), 301056080094495 candidates (MITM path)
  MITM b1=177: s=4 t=3 j=3 je=3 Q=5545233 table=15069223 yh=19978209
stage b2=248 vs b1={178}: values [13423688037899820324566029303808, 32053837605116992116231206354944), 322889985687665 candidates (MITM path)
  MITM b1=178: s=4 t=3 j=3 je=3 Q=5639752 table=15252992 yh=21168961
stage b2=249 vs b1={179}: values [14144627418057809847797432628249, 34669089309147060571644408257881), 345840897813010 candidates (MITM path)
  MITM b1=179: s=4 t=3 j=3 je=3 Q=5735339 table=15438249 yh=22401563
stage b2=250 vs b1={180}: values [14901161193847656250000000000000, 37481336758208102400000000000000), 369953596446482 candidates (MITM path)
  MITM b1=180: s=4 t=3 j=3 je=3 Q=5832000 table=15625000 yh=23677031
done: 68.43s, 189139631 candidates tested
