A171740 search: n=14, threads=1, limit=none
stage b2=395 vs b1={258}: values [5698522182009592428141893310546875, 5789964267207668452827559331119104), 60948981344318 candidates (MITM path)
  MITM b1=258: s=4 t=3 j=3 je=3 Q=17173512 table=61629875 yh=988952
stage b2=396 vs b1={259}: values [5888943898957861483712781364494336, 6112187904873275865980332271043961), 146188599474497 candidates (MITM path)
  MITM b1=259: s=4 t=3 j=3 je=3 Q=17373979 table=62099136 yh=2354117
stage b2=397 vs b1={260}: values [6085224258838911919400672863338877, 6450997470329715097600000000000000), 235330570740144 candidates (MITM path)
  MITM b1=260: s=4 t=3 j=3 je=3 Q=17576000 table=62570773 yh=3761031
stage b2=398 vs b1={261}: values [6287528070407253087832349758251008, 6807177932189258856180832656779241), 328495414509909 candidates (MITM path)
  MITM b1=261: s=4 t=3 j=3 je=3 Q=17779581 table=63044792 yh=5210509
stage b2=399 vs b1={262}: values [6496024346438716158824594291525199, 7181548180572999273393724747300864), 425806502262672 candidates (MITM path)
  MITM b1=262: s=4 t=3 j=3 je=3 Q=17984728 table=63521199 yh=6703377
stage b2=400 vs b1={263}: values [6710886400000000000000000000000000, 7574962354538500616775660413022289), 527390108971253 candidates (MITM path)
  MITM b1=263: s=4 t=3 j=3 je=3 Q=18191447 table=64000000 yh=8240471
stage b2=401 vs b1={264}: values [6932291942672826856333202316485201, 7988311216076905079138811711062016), 633375465138127 candidates (MITM path)
  MITM b1=264: s=4 t=3 j=3 je=3 Q=18399744 table=64481201 yh=9822638
stage b2=402 vs b1={265}: values [7160423184767344942991696876347392, 8422523572126121633218804931640625), 743894809487840 candidates (MITM path)
  MITM b1=265: s=4 t=3 j=3 je=3 Q=18609625 table=64964808 yh=11450736
stage b2=403 vs b1={266}: values [7395466937559939851224358455647523, 8878567746085897335509947690663936), 859083442320827 candidates (MITM path)
  MITM b1=266: s=4 t=3 j=3 je=3 Q=18821096 table=65450827 yh=13125632
stage b2=404 vs b1={267}: values [7637614717591148061633023326552064, 9357453100360645426341446339617929), 979079779533345 candidates (MITM path)
  MITM b1=267: s=4 t=3 j=3 je=3 Q=19034163 table=65939264 yh=14848207
stage b2=405 vs b1={268}: values [7887062853059903929360645751953125, 9860231611496902484101890807169024), 1104025407308205 candidates (MITM path)
  MITM b1=268: s=4 t=3 j=3 je=3 Q=19248832 table=66430125 yh=16619349
stage b2=406 vs b1={269}: values [8144012592350896318465589091721216, 10387999499524225396026023192028121), 1234065137481055 candidates (MITM path)
  MITM b1=269: s=4 t=3 j=3 je=3 Q=19465109 table=66923416 yh=18439961
stage b2=407 vs b1={270}: values [8408670214732362685449475031095607, 10941898913151235920900000000000000), 1369347063586892 candidates (MITM path)
  MITM b1=270: s=4 t=3 j=3 je=3 Q=19683000 table=67419143 yh=20310954
stage b2=408 vs b1={271}: values [8681247143262206912494013239001088, 11523119672512394327137541804059681), 1510022617591564 candidates (MITM path)
  MITM b1=271: s=4 t=3 j=3 je=3 Q=19902511 table=67917312 yh=22233251
stage b2=409 vs b1={272}: values [8961960059940892637875611279849529, 12132901071205952454668884633452544), 1656246627312953 candidates (MITM path)
  MITM b1=272: s=4 t=3 j=3 je=3 Q=20123648 table=68417929 yh=24207787
stage b2=410 vs b1={273}: values [9251031023150136293210000000000000, 12772533739409419310834931469027809), 1808177374536599 candidates (MITM path)
  MITM b1=273: s=4 t=3 j=3 je=3 Q=20346417 table=68921000 yh=26235507
stage b2=411 vs b1={274}: values [9548687587417003604089240200373131, 13443361569905787990117147696971776), 1965976653830487 candidates (MITM path)
  MITM b1=274: s=4 t=3 j=3 je=3 Q=20570824 table=69426531 yh=28317369
stage b2=412 vs b1={275}: values [9855162925543600012281425818550272, 14146783708901740610599517822265625), 2129809832063732 candidates (MITM path)
  MITM b1=275: s=4 t=3 j=3 je=3 Q=20796875 table=69934528 yh=30454340
stage b2=413 vs b1={276}: values [10170695953143139404457311421253453, 14884256613568087679683209751166976), 2299845908633925 candidates (MITM path)
  MITM b1=276: s=4 t=3 j=3 je=3 Q=21024576 table=70444997 yh=32647399
stage b2=414 vs b1={277}: values [10495531455623776755395673235513344, 15657296178282829721680640148731209), 2476257576407859 candidates (MITM path)
  MITM b1=277: s=4 t=3 j=3 je=3 Q=21253933 table=70957944 yh=34897539
stage b2=415 vs b1={278}: values [10829920217662198884330277099609375, 16467479931608472298443740375302144), 2659221283380416 candidates (MITM path)
  MITM b1=278: s=4 t=3 j=3 je=3 Q=21484952 table=71473375 yh=37205761
stage b2=416 vs b1={279}: values [11174119155209583553590348738461696, 17316449306087601206337604921562481), 2848917295056350 candidates (MITM path)
  MITM b1=279: s=4 t=3 j=3 je=3 Q=21717639 table=71991296 yh=39573080
stage b2=417 vs b1={280}: values [11528391450073160681535117383503137, 18205911982994253414400000000000000), 3045529757559734 candidates (MITM path)
  MITM b1=280: s=4 t=3 j=3 je=3 Q=21952000 table=72511713 yh=42000522
stage b2=418 vs b1={281}: values [11893006687117240570102814793146368, 19137644314233322299008947929826321), 3249246761475828 candidates (MITM path)
  MITM b1=281: s=4 t=3 j=3 je=3 Q=22188041 table=73034632 yh=44489124
stage b2=419 vs b1={282}: values [12268240994128212834729297883414259, 20113493823636134316549694448615424), 3460260406430149 candidates (MITM path)
  MITM b1=282: s=4 t=3 j=3 je=3 Q=22425768 table=73560059 yh=47039936
stage b2=420 vs b1={283}: values [12654377184388666245120000000000000, 21135381789957450134663699873055529), 3678766866409492 candidates (MITM path)
  MITM b1=283: s=4 t=3 j=3 je=3 Q=22665187 table=74088000 yh=49654018
stage b2=421 vs b1={284}: values [13051704902006434014097498971732661, 22205305913937498425779524506484736), 3904966455829691 candidates (MITM path)
  MITM b1=284: s=4 t=3 j=3 je=3 Q=22906304 table=74618461 yh=52332445
stage b2=422 vs b1={285}: values [13460520770045031283752025608445952, 23325343071852267342134088134765625), 4139063696354903 candidates (MITM path)
  MITM b1=285: s=4 t=3 j=3 je=3 Q=23149125 table=75151448 yh=55076301
stage b2=423 vs b1={286}: values [13881128541502621729192837547096583, 24497652158036179788437520640393216), 4381267384473171 candidates (MITM path)
  MITM b1=286: s=4 t=3 j=3 je=3 Q=23393656 table=75686967 yh=57886682
stage b2=424 vs b1={287}: values [14313839253187328406678973683073024, 25724477018923486959881583081626689), 4631790659833079 candidates (MITM path)
  MITM b1=287: s=4 t=3 j=3 je=3 Q=23639903 table=76225024 yh=60764700
stage b2=425 vs b1={288}: values [14758971382537390291690826416015625, 27008149481218253520093899825086464), 4890851074346270 candidates (MITM path)
  MITM b1=288: s=4 t=3 j=3 je=3 Q=23887872 table=76765625 yh=63711474
stage b2=426 vs b1={289}: values [15216851007435360461032099699531776, 28351092476867700887730107366063041), 5158670662060627 candidates (MITM path)
  MITM b1=289: s=4 t=3 j=3 je=3 Q=24137569 table=77308776 yh=66728138
stage b2=427 vs b1={290}: values [15687811969066244649321093637445467, 29755823267579946348100000000000000), 5435476009808897 candidates (MITM path)
  MITM b1=290: s=4 t=3 j=3 je=3 Q=24389000 table=77854483 yh=69815839
stage b2=428 vs b1={291}: values [16172196037870190032792688261070848, 31224956771694849412103314940863161), 5721498328637583 candidates (MITM path)
  MITM b1=291: s=4 t=3 j=3 je=3 Q=24642171 table=78402752 yh=72975734
stage b2=429 vs b1={292}: values [16670353082641053641298125247535389, 32761208996285777655067862320021504), 6016973526020874 candidates (MITM path)
  MITM b1=292: s=4 t=3 j=3 je=3 Q=24897088 table=78953589 yh=76208994
stage b2=430 vs b1={293}: values [17182641242822907852430000000000000, 34367400577440657174390053251553449), 6322142278864437 candidates (MITM path)
  MITM b1=293: s=4 t=3 j=3 je=3 Q=25153757 table=79507000 yh=79516801
stage b2=431 vs b1={294}: values [17709427104057277060049775698679791, 36046460431742703147634670013136896), 6637250107303879 candidates (MITM path)
  MITM b1=294: s=4 t=3 j=3 je=3 Q=25412184 table=80062991 yh=82900352
stage b2=432 vs b1={295}: values [18251085877034644913955971040018432, 37801429522044759444963140869140625), 6962547449302675 candidates (MITM path)
  MITM b1=295: s=4 t=3 j=3 je=3 Q=25672375 table=80621568 yh=86360854
stage b2=433 vs b1={296}: values [18808001579704525579373326142460913, 39635464740706238900646729698246656), 7298289736054392 candidates (MITM path)
  MITM b1=296: s=4 t=3 j=3 je=3 Q=25934336 table=81182737 yh=89899528
stage b2=434 vs b1={297}: values [19380567222899155346308769747247104, 41551842913538274087106161994416369), 7644737468194011 candidates (MITM path)
  MITM b1=297: s=4 t=3 j=3 je=3 Q=26198073 table=81746504 yh=93517608
stage b2=435 vs b1={298}: values [19969184999426632712125301513671875, 43553964927780889034146280167849984), 8002156292823179 candidates (MITM path)
  MITM b1=298: s=4 t=3 j=3 je=3 Q=26463592 table=82312875 yh=97216339
stage b2=436 vs b1={299}: values [20574266476690115849023402547347456, 45645359987515812435930238280185801), 8370817081354207 candidates (MITM path)
  MITM b1=299: s=4 t=3 j=3 je=3 Q=26730899 table=82881856 yh=100996980
stage b2=437 vs b1={300}: values [21196232792890476235164446315006597, 47829690000000000000000000000000000), 8750996008177637 candidates (MITM path)
  MITM b1=300: s=4 t=3 j=3 je=3 Q=27000000 table=83453453 yh=104860802
stage b2=438 vs b1={301}: values [21835514856870606258177356231958528, 50110754096488045602459977936194201), 9142974630158213 candidates (MITM path)
  MITM b1=301: s=4 t=3 j=3 je=3 Q=27270901 table=84027672 yh=108809092
stage b2=439 vs b1={302}: values [22492553551660386877599101633928919, 52492493291196466086203175724662784), 9547039966964081 candidates (MITM path)
  MITM b1=302: s=4 t=3 j=3 je=3 Q=27543608 table=84604519 yh=112843145
stage b2=440 vs b1={303}: values [23167799941782139043840000000000000, 54978995282149371522266936818729569), 9963484582234056 candidates (MITM path)
  MITM b1=303: s=4 t=3 j=3 je=3 Q=27818127 table=85184000 yh=116964273
stage b2=441 vs b1={304}: values [23861715484377209601555171628930521, 57574499397733310582010212836704256), 10392606665587783 candidates (MITM path)
  MITM b1=304: s=4 t=3 j=3 je=3 Q=28094464 table=85766121 yh=121173799
stage b2=442 vs b1={305}: values [24574772244215178941456071934451712, 60283401692879138764114019775390625), 10834710115483651 candidates (MITM path)
  MITM b1=305: s=4 t=3 j=3 je=3 Q=28372625 table=86350888 yh=125473060
stage b2=443 vs b1={306}: values [25307453112648023793818952767430443, 63110260198880625404008432578871296), 11290104622929273 candidates (MITM path)
  MITM b1=306: s=4 t=3 j=3 je=3 Q=28652616 table=86938307 yh=129863406
stage b2=444 vs b1={307}: values [26060252030572424367047199984451584, 66059800330953223881038421346972249), 11759105756049409 candidates (MITM path)
  MITM b1=307: s=4 t=3 j=3 je=3 Q=28934443 table=87528384 yh=134346200
stage b2=445 vs b1={308}: values [26833674215464270614029991455078125, 69136920457732008849516311508680704), 12242035045516142 candidates (MITM path)
  MITM b1=308: s=4 t=3 j=3 je=3 Q=29218112 table=88121125 yh=138922819
stage b2=446 vs b1={309}: values [27628236392550297846722998615924736, 72346697637005265678995742402826761), 12739220070846195 candidates (MITM path)
  MITM b1=309: s=4 t=3 j=3 je=3 Q=29503629 table=88716536 yh=143594652
stage b2=447 vs b1={310}: values [28444467030182667304977191627470527, 75694393522079632032100000000000000), 13250994547570208 candidates (MITM path)
  MITM b1=310: s=4 t=3 j=3 je=3 Q=29791000 table=89314623 yh=148363103
stage b2=448 vs b1={311}: values [29282906579483202709388126907793408, 79185460443274071484794939191083441), 13777698415278852 candidates (MITM path)
  MITM b1=311: s=4 t=3 j=3 je=3 Q=30080231 table=89915392 yh=153229588
stage b2=449 vs b1={312}: values [30144107718324899380671726264710849, 82825547669143336572232508337291264), 14319677926550619 candidates (MITM path)
  MITM b1=312: s=4 t=3 j=3 je=3 Q=30371328 table=90518849 yh=158195538
stage b2=450 vs b1={313}: values [31028635599719238281250000000000000, 86620507852136986313803229728551889), 14877285736766163 candidates (MITM path)
  MITM b1=313: s=4 t=3 j=3 je=3 Q=30664297 table=91125000 yh=163262395
stage b2=451 vs b1={314}: values [31937068104678763420425865233800851, 90576403663507494251037011559202816), 15450880994814045 candidates (MITM path)
  MITM b1=314: s=4 t=3 j=3 je=3 Q=30959144 table=91733851 yh=168431619
stage b2=452 vs b1={315}: values [32869996099625317555435327604129792, 94699514622390550869469537353515625), 16040829434692737 candidates (MITM path)
  MITM b1=315: s=4 t=3 j=3 je=3 Q=31255875 table=92345408 yh=173704679
stage b2=453 vs b1={316}: values [33828023698415278110106494516889173, 98996344124092362953499355314651136), 16647503468013777 candidates (MITM path)
  MITM b1=316: s=4 t=3 j=3 je=3 Q=31554496 table=92959677 yh=179083061

*** MATCH: 67911699993545548838068293856613348 is an 14-digit palindrome in bases 316 and 453
stage b2=454 vs b1={317}: values [34811768529054092814773128813502464, 103473626672732616363732850530926329), 17271282277410913 candidates (MITM path)
  MITM b1=317: s=4 t=3 j=3 je=3 Q=31855013 table=93576664 yh=184568263
stage b2=455 vs b1={318}: values [35821862005173382840059779052734375, 108138335323507832794908910278426624), 17912551910860126 candidates (MITM path)
  MITM b1=318: s=4 t=3 j=3 je=3 Q=32157432 table=94196375 yh=190161797
stage b2=456 vs b1={319}: values [36858949602344860248381873104879616, 112997689339958150582465303553121921), 18571705376915397 candidates (MITM path)
  MITM b1=319: s=4 t=3 j=3 je=3 Q=32461759 table=94818816 yh=195865190
stage b2=457 vs b1={320}: values [37923691139306296516328170919321257, 118059162071741130342400000000000000), 19249142740865098 candidates (MITM path)
  MITM b1=320: s=4 t=3 j=3 je=3 Q=32768000 table=95443993 yh=201679982
stage b2=458 vs b1={321}: values [39016761064175779784992789207359488, 123330489058539064373855829501034881), 19945271221813874 candidates (MITM path)
  MITM b1=321: s=4 t=3 j=3 je=3 Q=33076161 table=96071912 yh=207607727
stage b2=459 vs b1={322}: values [40138848745731510470918118846397179, 128819676365851491009049261438418944), 20660505290694907 candidates (MITM path)
  MITM b1=322: s=4 t=3 j=3 je=3 Q=33386248 table=96702579 yh=213649993
stage b2=460 vs b1={323}: values [41290658769835408015360000000000000, 134535009158552218608057415586748409), 21395266769217438 candidates (MITM path)
  MITM b1=323: s=4 t=3 j=3 je=3 Q=33698267 table=97336000 yh=219808363
stage b2=461 vs b1={324}: values [42472911241079835962500139972206781, 140485060518220186283313934500888576), 22149984929754424 candidates (MITM path)
  MITM b1=324: s=4 t=3 j=3 je=3 Q=34012224 table=97972181 yh=226084433
stage b2=462 vs b1={325}: values [43686342089737798337064428676636672, 146678700510385967791080474853515625), 22925096596175222 candidates (MITM path)
  MITM b1=325: s=4 t=3 j=3 je=3 Q=34328125 table=98611128 yh=232479813
stage b2=463 vs b1={326}: values [44931703384098017538267680344521103, 153125105507970699913650504140210176), 23721046245628195 candidates (MITM path)
  MITM b1=326: s=4 t=3 j=3 je=3 Q=34645976 table=99252847 yh=238996130
stage b2=464 vs b1={327}: values [46209763648267372780458093779615744, 159833767777331726128449290957670609), 24538286111278104 candidates (MITM path)
  MITM b1=327: s=4 t=3 j=3 je=3 Q=34965783 table=99897344 yh=245635021
stage b2=465 vs b1={328}: values [47521308185524258592298453369140625, 166814505333469329957730743425695744), 25377276286003206 candidates (MITM path)
  MITM b1=328: s=4 t=3 j=3 je=3 Q=35287552 table=100544625 yh=252398140
stage b2=466 vs b1={329}: values [48867139407307515137476120103428096, 174077472071091630146366848886447281), 26238484827056929 candidates (MITM path)
  MITM b1=329: s=4 t=3 j=3 je=3 Q=35611289 table=101194696 yh=259287156
stage b2=467 vs b1={330}: values [50248077167926686243123642272242787, 181633168178380062252900000000000000), 27122387861699035 candidates (MITM path)
  MITM b1=330: s=4 t=3 j=3 je=3 Q=35937000 table=101847563 yh=266303750
stage b2=468 vs b1={331}: values [51664959105080477120365807710240768, 189492450840445919389300039685792521), 28029469693801152 candidates (MITM path)
  MITM b1=331: s=4 t=3 j=3 je=3 Q=36264691 table=102503232 yh=273449619
stage b2=469 vs b1={332}: values [53118640986271411938365507173903909, 197666545239619210242183006282317824), 28960222911431586 candidates (MITM path)
  MITM b1=332: s=4 t=3 j=3 je=3 Q=36594368 table=103161709 yh=280726475
stage b2=470 vs b1={333}: values [54609997061205831773270000000000000, 206167055859864657197443888722807129), 29915148495424309 candidates (MITM path)
  MITM b1=333: s=4 t=3 j=3 je=3 Q=36926037 table=103823000 yh=288136044
stage b2=471 vs b1={334}: values [56139920420269526101585857174664311, 215005978102776043931247317256257536), 30894755928937018 candidates (MITM path)
  MITM b1=334: s=4 t=3 j=3 je=3 Q=37259704 table=104487111 yh=295680067
stage b2=472 vs b1={335}: values [57709323359170456049437363878756352, 224195710222759373302821832275390625), 31899563308003187 candidates (MITM path)
  MITM b1=335: s=4 t=3 j=3 je=3 Q=37595375 table=105154048 yh=303360298
stage b2=473 vs b1={336}: values [59319137749841205151272334026810233, 233749065589177456392773613876412416), 32930097453082989 candidates (MITM path)
  MITM b1=336: s=4 t=3 j=3 je=3 Q=37933056 table=105823817 yh=311178508
stage b2=474 vs b1={337}: values [60970315417694983520937358098407424, 243679285283393666208253061306357089), 33986894021618030 candidates (MITM path)
  MITM b1=337: s=4 t=3 j=3 je=3 Q=38272753 table=106496424 yh=319136482
stage b2=475 vs b1={338}: values [62663828525330214202404022216796875, 254000051038820699590976063168856064), 35070497621594771 candidates (MITM path)
  MITM b1=338: s=4 t=3 j=3 je=3 Q=38614472 table=107171875 yh=327236019
stage b2=476 vs b1={339}: values [64400669962779946155230391934386176, 264725498532251343422483410510418841), 36181461926121569 candidates (MITM path)
  MITM b1=339: s=4 t=3 j=3 je=3 Q=38958219 table=107850176 yh=335478933
stage b2=477 vs b1={340}: values [66181853744403566950222013869119117, 275870231034922482073600000000000000), 37320349789024243 candidates (MITM path)
  MITM b1=340: s=4 t=3 j=3 je=3 Q=39304000 table=108531333 yh=343867055
done: 2167.36s, 5123285579 candidates tested
