A171740 search: n=14, threads=1, limit=none
stage b2=66 vs b1={49}: values [450890579914330142416896, 459986536544739960976801), 1667403974 candidates (MITM path)
  MITM b1=49: s=4 t=3 j=3 je=3 Q=117649 table=287496 yh=5800
stage b2=67 vs b1={50}: values [548242166610401428685587, 610351562500000000000000), 10247871857 candidates (MITM path)
  MITM b1=50: s=4 t=3 j=3 je=3 Q=125000 table=300763 yh=34073
stage b2=68 vs b1={51}: values [664684980187672050925568, 805345924720991301978201), 20922382639 candidates (MITM path)
  MITM b1=51: s=4 t=3 j=3 je=3 Q=132651 table=314432 yh=66541
stage b2=69 vs b1={52}: values [803596764671634487466709, 1056931425538820521590784), 34021305769 candidates (MITM path)
  MITM b1=52: s=4 t=3 j=3 je=3 Q=140608 table=328509 yh=103563
stage b2=70 vs b1={53}: values [968890104070000000000000, 1379946262057143768386569), 49913138475 candidates (MITM path)
  MITM b1=53: s=4 t=3 j=3 je=3 Q=148877 table=343000 yh=145520
stage b2=71 vs b1={54}: values [1165087474585497590531111, 1792720717930698493280256), 69007691204 candidates (MITM path)
  MITM b1=54: s=4 t=3 j=3 je=3 Q=157464 table=357911 yh=192807
stage b2=72 vs b1={55}: values [1397405517247104682033152, 2317809042866461181640625), 91759449321 candidates (MITM path)
  MITM b1=55: s=4 t=3 j=3 je=3 Q=166375 table=373248 yh=245841
stage b2=73 vs b1={56}: values [1671849507393788885941033, 2982856619293778479415296), 118671116068 candidates (MITM path)
  MITM b1=56: s=4 t=3 j=3 je=3 Q=175616 table=389017 yh=305054
stage b2=74 vs b1={57}: values [1995319084778138053812224, 3821624208892275481335249), 150297341769 candidates (MITM path)
  MITM b1=57: s=4 t=3 j=3 je=3 Q=185193 table=405224 yh=370900
stage b2=75 vs b1={58}: values [2375726401805877685546875, 4875194084160298409672704), 187248644297 candidates (MITM path)
  MITM b1=58: s=4 t=3 j=3 je=3 Q=195112 table=421875 yh=443849
stage b2=76 vs b1={59}: values [2822127947962858105470976, 6193386212891813387462761), 230195525803 candidates (MITM path)
  MITM b1=59: s=4 t=3 j=3 je=3 Q=205379 table=438976 yh=524393
stage b2=77 vs b1={60}: values [3344871416191195940889917, 7836416409600000000000000), 279872790707 candidates (MITM path)
  MITM b1=60: s=4 t=3 j=3 je=3 Q=216000 table=456533 yh=613040
stage b2=78 vs b1={61}: values [3955759092264800909058048, 9876832533361318095112441), 337084069979 candidates (MITM path)
  MITM b1=61: s=4 t=3 j=3 je=3 Q=226981 table=474552 yh=710321

*** MATCH: 9008181547525940849382224 is an 14-digit palindrome in bases 61 and 78
stage b2=79 vs b1={62}: values [4668229371502258117133839, 12401769434657526912139264), 402706556709 candidates (MITM path)
  MITM b1=62: s=4 t=3 j=3 je=3 Q=238328 table=493039 yh=816785
stage b2=80 vs b1={63}: values [5497558138880000000000000, 15515568475732467854453889), 477695957988 candidates (MITM path)
  MITM b1=63: s=4 t=3 j=3 je=3 Q=250047 table=512000 yh=933000
stage b2=81 vs b1={64}: values [6461081889226673298932241, 19342813113834066795298816), 563091668116 candidates (MITM path)
  MITM b1=64: s=4 t=3 j=3 je=3 Q=262144 table=531441 yh=1059557
stage b2=82 vs b1={65}: values [7578444614164591651397632, 24031838291621636962890625), 660022168159 candidates (MITM path)
  MITM b1=65: s=4 t=3 j=3 je=3 Q=274625 table=551368 yh=1197063
stage b2=83 vs b1={66}: values [8871870642308873326043363, 29758778274345789399515136), 769710656869 candidates (MITM path)
  MITM b1=66: s=4 t=3 j=3 je=3 Q=287496 table=571787 yh=1346150
done: 0.88s, 4765129 candidates tested
