A171740 search: n=14, threads=1, limit=none
stage b2=367 vs b1={241}: values [2191083030159251239243293893133487, 2229659760502257132817812847740961), 43019262966407 candidates (MITM path)
  MITM b1=241: s=4 t=3 j=3 je=3 Q=13997521 table=49430863 yh=870292
stage b2=368 vs b1={242}: values [2269977971798254959728479560531968, 2362735593168883450473284633903104), 101488041715875 candidates (MITM path)
  MITM b1=242: s=4 t=3 j=3 je=3 Q=14172488 table=49836032 yh=2036440
stage b2=369 vs b1={243}: values [2351487963455679756386948226834609, 2503155504993241601315571986085849), 162820125063561 candidates (MITM path)
  MITM b1=243: s=4 t=3 j=3 je=3 Q=14348907 table=50243409 yh=3240627
stage b2=370 vs b1={244}: values [2435692242160813053970000000000000, 2651292044928480635622559471108096), 227110017497718 candidates (MITM path)
  MITM b1=244: s=4 t=3 j=3 je=3 Q=14526784 table=50653000 yh=4483644
stage b2=371 vs b1={245}: values [2522672221614251920828329838491011, 2807535013090453863383795166015625), 294454610291488 candidates (MITM path)
  MITM b1=245: s=4 t=3 j=3 je=3 Q=14706125 table=51064811 yh=5766292
stage b2=372 vs b1={246}: values [2612511545855536528237681340055552, 2972292183936828626836081803411456), 364953227321126 candidates (MITM path)
  MITM b1=246: s=4 t=3 j=3 je=3 Q=14886936 table=51478848 yh=7089383
stage b2=373 vs b1={247}: values [2705296144103775899249465745412933, 3145990056617379761511309839089969), 438707671502417 candidates (MITM path)
  MITM b1=247: s=4 t=3 j=3 je=3 Q=15069223 table=51895117 yh=8453738
stage b2=374 vs b1={248}: values [2801114286793637945305730403098624, 3329074633399155440492375267344384), 515822271850016 candidates (MITM path)
  MITM b1=248: s=4 t=3 j=3 je=3 Q=15252992 table=52313624 yh=9860190
stage b2=375 vs b1={249}: values [2900056642829440534114837646484375, 3522012227096394652101560724434001), 596403931164432 candidates (MITM path)
  MITM b1=249: s=4 t=3 j=3 je=3 Q=15438249 table=52734375 yh=11309586
stage b2=376 vs b1={250}: values [3002216338080450019720605913317376, 3725290298461914062500000000000000), 680562174351372 candidates (MITM path)
  MITM b1=250: s=4 t=3 j=3 je=3 Q=15625000 table=53157376 yh=12802780
stage b2=377 vs b1={251}: values [3107689015140868348741078056241817, 3939418324524181765386728349441001), 768409197378185 candidates (MITM path)
  MITM b1=251: s=4 t=3 j=3 je=3 Q=15813251 table=53582633 yh=14340640

*** MATCH: 3397417946568340460072950654850580 is an 14-digit palindrome in bases 251 and 377
stage b2=378 vs b1={252}: values [3216572894378369589263147095400448, 4164928698882469942515671324688384), 860059916872129 candidates (MITM path)
  MITM b1=252: s=4 t=3 j=3 je=3 Q=16003008 table=54010152 yh=15924042
stage b2=379 vs b1={253}: values [3328968836295431565149961657333739, 4402377665001341492756836874350969), 955632020365209 candidates (MITM path)
  MITM b1=253: s=4 t=3 j=3 je=3 Q=16194277 table=54439939 yh=17553878
done: 54.36s, 75064450 candidates tested
