A171740 search: n=14, threads=1, limit=none
stage b2=106 vs b1={76}: values [213292826014568334917410816, 214481724045177216015794176), 7906850927 candidates (MITM path)
  MITM b1=76: s=4 t=3 j=3 je=3 Q=438976 table=1191016 yh=6639
stage b2=107 vs b1={77}: values [240984500018808097135911707, 257555099046722087448523609), 103193362676 candidates (MITM path)
  MITM b1=77: s=4 t=3 j=3 je=3 Q=456533 table=1225043 yh=84237
stage b2=108 vs b1={78}: values [271962372616449667721330688, 308549209196654470906527744), 213480677376 candidates (MITM path)
  MITM b1=78: s=4 t=3 j=3 je=3 Q=474552 table=1259712 yh=169468
stage b2=109 vs b1={79}: values [306580461214335498944273629, 368790120348678391253573281), 340308139066 candidates (MITM path)
  MITM b1=79: s=4 t=3 j=3 je=3 Q=493039 table=1295029 yh=262781
stage b2=110 vs b1={80}: values [345227121439310000000000000, 439804651110400000000000000), 485332271530 candidates (MITM path)
  MITM b1=80: s=4 t=3 j=3 je=3 Q=512000 table=1331000 yh=364638
stage b2=111 vs b1={81}: values [388328016259855395064461231, 523347633027360537213511521), 650333340514 candidates (MITM path)
  MITM b1=81: s=4 t=3 j=3 je=3 Q=531441 table=1367631 yh=475519
stage b2=112 vs b1={82}: values [436349311165261308988751872, 621432458361496515414605824), 837222164063 candidates (MITM path)
  MITM b1=82: s=4 t=3 j=3 je=3 Q=551368 table=1404928 yh=595919
stage b2=113 vs b1={83}: values [489801110321660601428677553, 736365263311636486061599129), 1048047175947 candidates (MITM path)
  MITM b1=83: s=4 t=3 j=3 je=3 Q=571787 table=1442897 yh=726350
stage b2=114 vs b1={84}: values [549241149460447732335058944, 870783126313900412592193536), 1285001747107 candidates (MITM path)
  MITM b1=84: s=4 t=3 j=3 je=3 Q=592704 table=1481544 yh=867340
stage b2=115 vs b1={85}: values [615278762129476785888671875, 1027696695308843560791015625), 1550431770107 candidates (MITM path)
  MITM b1=85: s=4 t=3 j=3 je=3 Q=614125 table=1520875 yh=1019435
stage b2=116 vs b1={86}: values [688579136852433871931703296, 1210537694726365245693116416), 1846843511524 candidates (MITM path)
  MITM b1=86: s=4 t=3 j=3 je=3 Q=636056 table=1560896 yh=1183195
stage b2=117 vs b1={87}: values [769867883698351340299335237, 1423211802583135884046255089), 2176911737266 candidates (MITM path)
  MITM b1=87: s=4 t=3 j=3 je=3 Q=658503 table=1601613 yh=1359200
stage b2=118 vs b1={88}: values [859935929762876868984659968, 1670157430683097690814808064), 2543488115774 candidates (MITM path)
  MITM b1=88: s=4 t=3 j=3 je=3 Q=681472 table=1643032 yh=1548046
stage b2=119 vs b1={89}: values [959644764107166918445086359, 1956410986640441413344189841), 2949609904088 candidates (MITM path)
  MITM b1=89: s=4 t=3 j=3 je=3 Q=704969 table=1685159 yh=1750346

*** MATCH: 1357081909455509120585078280 is an 14-digit palindrome in bases 89 and 119
stage b2=120 vs b1={90}: values [1069932053790720000000000000, 2287679245496100000000000000), 3398508921753 candidates (MITM path)
  MITM b1=90: s=4 t=3 j=3 je=3 Q=729000 table=1728000 yh=1966730
stage b2=121 vs b1={91}: values [1191817653772720942460132761, 2670419511272061205254504361), 3893620817547 candidates (MITM path)
  MITM b1=91: s=4 t=3 j=3 je=3 Q=753571 table=1771561 yh=2197848
stage b2=122 vs b1={92}: values [1326410034644195374346903552, 3111928305110923294648827904), 4438594634006 candidates (MITM path)
  MITM b1=92: s=4 t=3 j=3 je=3 Q=778688 table=1815848 yh=2444365
done: 2.44s, 10112086 candidates tested
