A171740 search: n=14, threads=1, limit=none
stage b2=198 vs b1={136}: values [718865222040754575648532881408, 740533512646847684000786415616), 1816219439337 candidates (MITM path)
  MITM b1=136: s=4 t=3 j=3 je=3 Q=2515456 table=7762392 yh=233977
stage b2=199 vs b1={137}: values [767520516407135386698284882599, 820517673944445067756173565489), 4288259340993 candidates (MITM path)
  MITM b1=137: s=4 t=3 j=3 je=3 Q=2571353 table=7880599 yh=544154
stage b2=200 vs b1={138}: values [819200000000000000000000000000, 908462928074224101543164657664), 6973666255799 candidates (MITM path)
  MITM b1=138: s=4 t=3 j=3 je=3 Q=2628072 table=8000000 yh=871709
stage b2=201 vs b1={139}: values [874075095796795036986291122601, 1005095210669462420559310325641), 9884747361753 candidates (MITM path)
  MITM b1=139: s=4 t=3 j=3 je=3 Q=2685619 table=8120601 yh=1217244
stage b2=202 vs b1={140}: values [932326015330950691117312417792, 1111200682555801600000000000000), 13034346222684 candidates (MITM path)
  MITM b1=140: s=4 t=3 j=3 je=3 Q=2744000 table=8242408 yh=1581377
stage b2=203 vs b1={141}: values [994142162152209023250193980923, 1227630238259041401156597561561), 16435860302458 candidates (MITM path)
  MITM b1=141: s=4 t=3 j=3 je=3 Q=2803221 table=8365427 yh=1964737
stage b2=204 vs b1={142}: values [1059722551667749867247804350464, 1355304316036224269151582306304), 20103258873722 candidates (MITM path)
  MITM b1=142: s=4 t=3 j=3 je=3 Q=2863288 table=8489664 yh=2367969
stage b2=205 vs b1={143}: values [1129276247943131871729736328125, 1495218027223887926540376015649), 24051101326053 candidates (MITM path)
  MITM b1=143: s=4 t=3 j=3 je=3 Q=2924207 table=8615125 yh=2791730
stage b2=206 vs b1={144}: values [1203022818059521485874197487616, 1648446623609512543951043690496), 28294555878356 candidates (MITM path)
  MITM b1=144: s=4 t=3 j=3 je=3 Q=2985984 table=8741816 yh=3236691
stage b2=207 vs b1={145}: values [1281192804641574310961385893007, 1816151322484127584722900390625), 32849418700396 candidates (MITM path)
  MITM b1=145: s=4 t=3 j=3 je=3 Q=3048625 table=8869743 yh=3703537
stage b2=208 vs b1={146}: values [1364028217188669867381634367488, 1999585510027208108829825581056), 37732133448320 candidates (MITM path)
  MITM b1=146: s=4 t=3 j=3 je=3 Q=3112136 table=8998912 yh=4192967
stage b2=209 vs b1={147}: values [1451783042860991280530128758929, 2200101344710858346413248902169), 42959811219055 candidates (MITM path)
  MITM b1=147: s=4 t=3 j=3 je=3 Q=3176523 table=9129329 yh=4705693
stage b2=210 vs b1={148}: values [1544723777391194610000000000000, 2419156783490371026650801373184), 48550250928457 candidates (MITM path)
  MITM b1=148: s=4 t=3 j=3 je=3 Q=3241792 table=9261000 yh=5242442
stage b2=211 vs b1={149}: values [1643129976812137607879885938531, 2658323054674126527963029795401), 54521960118100 candidates (MITM path)
  MITM b1=149: s=4 t=3 j=3 je=3 Q=3307949 table=9393931 yh=5803956
stage b2=212 vs b1={150}: values [1747294830711343799643429404672, 2919292602539062500000000000000), 60894176195591 candidates (MITM path)
  MITM b1=150: s=4 t=3 j=3 je=3 Q=3375000 table=9528128 yh=6390991
stage b2=213 vs b1={151}: values [1857525757743574275028332482853, 3203887529980253057019236799601), 67686888113301 candidates (MITM path)
  MITM b1=151: s=4 t=3 j=3 je=3 Q=3442951 table=9663597 yh=7004317
stage b2=214 vs b1={152}: values [1974145024154075931737388703744, 3514068566756183507202771779584), 74920858490428 candidates (MITM path)
  MITM b1=152: s=4 t=3 j=3 je=3 Q=3511808 table=9800344 yh=7644718
stage b2=215 vs b1={153}: values [2097490386086780743704833984375, 3851944592216835046631374058769), 82617646183266 candidates (MITM path)
  MITM b1=153: s=4 t=3 j=3 je=3 Q=3581577 table=9938375 yh=8312994
stage b2=216 vs b1={154}: values [2227915756473955677973140996096, 4219782742781494680756610809856), 90799629308608 candidates (MITM path)
  MITM b1=154: s=4 t=3 j=3 je=3 Q=3652264 table=10077696 yh=9009960

*** MATCH: 2886175902391447957670889146665 is an 14-digit palindrome in bases 154 and 216
stage b2=217 vs b1={155}: values [2365791897326557049109957244537, 4620019135869118166021728515625), 99490028725184 candidates (MITM path)
  MITM b1=155: s=4 t=3 j=3 je=3 Q=3723875 table=10218313 yh=9736444
stage b2=218 vs b1={156}: values [2511507138267836407351489568768, 5055270243477986851332550557696), 108712931978042 candidates (MITM path)
  MITM b1=156: s=4 t=3 j=3 je=3 Q=3796416 table=10360232 yh=10493292
stage b2=219 vs b1={157}: values [2665468122176587678000165555659, 5528344950165252334658020725049), 118493317710795 candidates (MITM path)
  MITM b1=157: s=4 t=3 j=3 je=3 Q=3869893 table=10503459 yh=11281362
stage b2=220 vs b1={158}: values [2828100578830827520000000000000, 6042257331792746762298544635904), 128857080550661 candidates (MITM path)
  MITM b1=158: s=4 t=3 j=3 je=3 Q=3944312 table=10648000 yh=12101529
done: 28.73s, 75670322 candidates tested
