A171740 search: n=14, threads=1, limit=none
stage b2=284 vs b1={190}: values [78187696880061614175280015867904, 79900668578288412100000000000000), 11495339636239 candidates (MITM path)
  MITM b1=190: s=4 t=3 j=3 je=3 Q=6859000 table=22906304 yh=501842
stage b2=285 vs b1={191}: values [81843309024043043305733642578125, 85993800189188311159265455973761), 27175996234507 candidates (MITM path)
  MITM b1=191: s=4 t=3 j=3 je=3 Q=6967871 table=23149125 yh=1173954
stage b2=286 vs b1={192}: values [85656126426699929330201121120256, 92516075496261812625843582664704), 43828707085406 candidates (MITM path)
  MITM b1=192: s=4 t=3 j=3 je=3 Q=7077888 table=23393656 yh=1873530
stage b2=287 vs b1={193}: values [89632324107747341323629209343647, 99495245076524950698517189573249), 61493933804131 candidates (MITM path)
  MITM b1=193: s=4 t=3 j=3 je=3 Q=7189057 table=23639903 yh=2601277
stage b2=288 vs b1={194}: values [93778296809785602500326041059328, 106960695699145951556010651959296), 80213420218484 candidates (MITM path)
  MITM b1=194: s=4 t=3 j=3 je=3 Q=7301384 table=23887872 yh=3357915
stage b2=289 vs b1={195}: values [98100666009922840441972689847969, 114943537561839249322760009765625), 100030223076758 candidates (MITM path)
  MITM b1=195: s=4 t=3 j=3 je=3 Q=7414875 table=24137569 yh=4144172
stage b2=290 vs b1={196}: values [102606287129586021890000000000000, 123476695691247935826229781856256), 120988743268687 candidates (MITM path)
  MITM b1=196: s=4 t=3 j=3 je=3 Q=7529536 table=24389000 yh=4960792
stage b2=291 vs b1={197}: values [107302256947404980797605893267571, 132595005683061140853836321918569), 143134757564255 candidates (MITM path)
  MITM b1=197: s=4 t=3 j=3 je=3 Q=7645373 table=24642171 yh=5808529
stage b2=292 vs b1={198}: values [112195921220156772791328295616512, 142335313964069405978409510518784), 166515450875143 candidates (MITM path)
  MITM b1=198: s=4 t=3 j=3 je=3 Q=7762392 table=24897088 yh=6688150
stage b2=293 vs b1={199}: values [117294882516862311175392673213493, 152736582765019941952958691637201), 191179449043610 candidates (MITM path)
  MITM b1=199: s=4 t=3 j=3 je=3 Q=7880599 table=25153757 yh=7600434
stage b2=294 vs b1={200}: values [122607008271233684175628129296384, 163840000000000000000000000000000), 217176852163582 candidates (MITM path)
  MITM b1=200: s=4 t=3 j=3 je=3 Q=8000000 table=25412184 yh=8546171
stage b2=295 vs b1={201}: values [128140439057778845576146240234375, 175689094255155802434244515642801), 244559268438783 candidates (MITM path)
  MITM b1=201: s=4 t=3 j=3 je=3 Q=8120601 table=25672375 yh=9526165
stage b2=296 vs b1={202}: values [133903597096980536826509221953536, 188329855096852039605697108393984), 273379848582677 candidates (MITM path)
  MITM b1=202: s=4 t=3 j=3 je=3 Q=8242408 table=25934336 yh=10541232
stage b2=297 vs b1={203}: values [139905194995078363929650377085577, 201810858916898431719789378127369), 303693320765048 candidates (MITM path)
  MITM b1=203: s=4 t=3 j=3 je=3 Q=8365427 table=26198073 yh=11592201
stage b2=298 vs b1={204}: values [146154244724096943067604967006208, 216183400540220972918552087494656), 335556026110027 candidates (MITM path)
  MITM b1=204: s=4 t=3 j=3 je=3 Q=8489664 table=26463592 yh=12679913
stage b2=299 vs b1={205}: values [152660066847878971357626214983899, 231501630828342033704595947265625), 369025954750383 candidates (MITM path)
  MITM b1=205: s=4 t=3 j=3 je=3 Q=8615125 table=26730899 yh=13805221
stage b2=300 vs b1={206}: values [159432300000000000000000000000000, 247822700520261426090084682448896), 404162782442897 candidates (MITM path)
  MITM b1=206: s=4 t=3 j=3 je=3 Q=8741816 table=27000000 yh=14968992
stage b2=301 vs b1={207}: values [166480910619561613297209229023901, 265206910560805882369006879852449), 441027907749647 candidates (MITM path)
  MITM b1=207: s=4 t=3 j=3 je=3 Q=8869743 table=27270901 yh=16172107
stage b2=302 vs b1={208}: values [173816202950981675782129720942592, 283717869175243332415379948437504), 479684489790035 candidates (MITM path)
  MITM b1=208: s=4 t=3 j=3 je=3 Q=8998912 table=27543608 yh=17415456
stage b2=303 vs b1={209}: values [181448829314024328456326524154223, 303422655957947177630796910616161), 520197486568382 candidates (MITM path)
  MITM b1=209: s=4 t=3 j=3 je=3 Q=9129329 table=27818127 yh=18699947
stage b2=304 vs b1={210}: values [189389800650438521651349384331264, 324391993252150868100000000000000), 562633693881943 candidates (MITM path)
  MITM b1=210: s=4 t=3 j=3 je=3 Q=9261000 table=28094464 yh=20026497
stage b2=305 vs b1={211}: values [197650497353702094308570556640625, 346700425107361035262655933030041), 607061784814164 candidates (MITM path)
  MITM b1=211: s=4 t=3 j=3 je=3 Q=9393931 table=28372625 yh=21396039
stage b2=306 vs b1={212}: values [206242680388498775830092916924416, 370426504110804885524407033790464), 653552349818044 candidates (MITM path)
  MITM b1=212: s=4 t=3 j=3 je=3 Q=9528128 table=28652616 yh=22809518
stage b2=307 vs b1={213}: values [215178502706688025671134922954307, 395652986399381320581034818847689), 702177937394442 candidates (MITM path)
  MITM b1=213: s=4 t=3 j=3 je=3 Q=9663597 table=28934443 yh=24267892
stage b2=308 vs b1={214}: values [224470520966662366394533478924288, 422467035168972249391801182601216), 753013095370180 candidates (MITM path)
  MITM b1=214: s=4 t=3 j=3 je=3 Q=9800344 table=29218112 yh=25772134

*** MATCH: 251631816892702784462231198563365 is an 14-digit palindrome in bases 214 and 308
stage b2=309 vs b1={215}: values [234131707563123837148853535284229, 450960433008657859896539306640625), 806134412780807 candidates (MITM path)
  MITM b1=215: s=4 t=3 j=3 je=3 Q=9938375 table=29503629 yh=27323230
stage b2=310 vs b1={216}: values [244175462974450425910000000000000, 481229803398374426442198455156736), 861620562362869 candidates (MITM path)
  MITM b1=216: s=4 t=3 j=3 je=3 Q=10077696 table=29791000 yh=28922177
done: 125.23s, 267808350 candidates tested
