A171740 search: n=14, threads=1, limit=none
stage b2=420 vs b1={273}: values [12654377184388666245120000000000000, 12772533739409419310834931469027809), 51252232474208 candidates (MITM path)
  MITM b1=273: s=4 t=3 j=3 je=3 Q=20346417 table=74088000 yh=691776
stage b2=421 vs b1={274}: values [13051704902006434014097498971732661, 13443361569905787990117147696971776), 167082457314399 candidates (MITM path)
  MITM b1=274: s=4 t=3 j=3 je=3 Q=20570824 table=74618461 yh=2239158
stage b2=422 vs b1={275}: values [13460520770045031283752025608445952, 14146783708901740610599517822265625), 287940920725481 candidates (MITM path)
  MITM b1=275: s=4 t=3 j=3 je=3 Q=20796875 table=75151448 yh=3831476
stage b2=423 vs b1={276}: values [13881128541502621729192837547096583, 14884256613568087679683209751166976), 413974711811069 candidates (MITM path)
  MITM b1=276: s=4 t=3 j=3 je=3 Q=21024576 table=75686967 yh=5469565
stage b2=424 vs b1={277}: values [14313839253187328406678973683073024, 15657296178282829721680640148731209), 545334219287081 candidates (MITM path)
  MITM b1=277: s=4 t=3 j=3 je=3 Q=21253933 table=76225024 yh=7154268
stage b2=425 vs b1={278}: values [14758971382537390291690826416015625, 16467479931608472298443740375302144), 682173187901805 candidates (MITM path)
  MITM b1=278: s=4 t=3 j=3 je=3 Q=21484952 table=76765625 yh=8886441
stage b2=426 vs b1={279}: values [15216851007435360461032099699531776, 17316449306087601206337604921562481), 824648775536624 candidates (MITM path)
  MITM b1=279: s=4 t=3 j=3 je=3 Q=21717639 table=77308776 yh=10666950
stage b2=427 vs b1={280}: values [15687811969066244649321093637445467, 18205911982994253414400000000000000), 972921610992109 candidates (MITM path)
  MITM b1=280: s=4 t=3 j=3 je=3 Q=21952000 table=77854483 yh=12496668
stage b2=428 vs b1={281}: values [16172196037870190032792688261070848, 19137644314233322299008947929826321), 1127155852464140 candidates (MITM path)
  MITM b1=281: s=4 t=3 j=3 je=3 Q=22188041 table=78402752 yh=14376484
stage b2=429 vs b1={282}: values [16670353082641053641298125247535389, 20113493823636134316549694448615424), 1287519246714742 candidates (MITM path)
  MITM b1=282: s=4 t=3 j=3 je=3 Q=22425768 table=78953589 yh=16307293
stage b2=430 vs b1={283}: values [17182641242822907852430000000000000, 21135381789957450134663699873055529), 1454183188942338 candidates (MITM path)
  MITM b1=283: s=4 t=3 j=3 je=3 Q=22665187 table=79507000 yh=18290002
stage b2=431 vs b1={284}: values [17709427104057277060049775698679791, 22205305913937498425779524506484736), 1627322783356107 candidates (MITM path)
  MITM b1=284: s=4 t=3 j=3 je=3 Q=22906304 table=80062991 yh=20325531
stage b2=432 vs b1={285}: values [18251085877034644913955971040018432, 23325343071852267342134088134765625), 1807116904459145 candidates (MITM path)
  MITM b1=285: s=4 t=3 j=3 je=3 Q=23149125 table=80621568 yh=22414808
stage b2=433 vs b1={286}: values [18808001579704525579373326142460913, 24497652158036179788437520640393216), 1993748259045135 candidates (MITM path)
  MITM b1=286: s=4 t=3 j=3 je=3 Q=23393656 table=81182737 yh=24558772
stage b2=434 vs b1={287}: values [19380567222899155346308769747247104, 25724477018923486959881583081626689), 2187403448913238 candidates (MITM path)
  MITM b1=287: s=4 t=3 j=3 je=3 Q=23639903 table=81746504 yh=26758374
stage b2=435 vs b1={288}: values [19969184999426632712125301513671875, 27008149481218253520093899825086464), 2388273034305907 candidates (MITM path)
  MITM b1=288: s=4 t=3 j=3 je=3 Q=23887872 table=82312875 yh=29014575
stage b2=436 vs b1={289}: values [20574266476690115849023402547347456, 28351092476867700887730107366063041), 2596551598074355 candidates (MITM path)
  MITM b1=289: s=4 t=3 j=3 je=3 Q=24137569 table=82881856 yh=31328348
stage b2=437 vs b1={290}: values [21196232792890476235164446315006597, 29755823267579946348100000000000000), 2812437810576383 candidates (MITM path)
  MITM b1=290: s=4 t=3 j=3 je=3 Q=24389000 table=83453453 yh=33700677

*** MATCH: 21848754041194776170554262841501402 is an 14-digit palindrome in bases 290 and 437
stage b2=438 vs b1={291}: values [21835514856870606258177356231958528, 31224956771694849412103314940863161), 3036134495311302 candidates (MITM path)
  MITM b1=291: s=4 t=3 j=3 je=3 Q=24642171 table=84027672 yh=36132556
done: 175.85s, 257430533 candidates tested
