A171740 search: n=14, threads=1, limit=none
stage b2=405 vs b1={264}: values [7887062853059903929360645751953125, 7988311216076905079138811711062016), 56650382660467 candidates (MITM path)
  MITM b1=264: s=4 t=3 j=3 je=3 Q=18399744 table=66430125 yh=852782
stage b2=406 vs b1={265}: values [8144012592350896318465589091721216, 8422523572126121633218804931640625), 153165194256523 candidates (MITM path)
  MITM b1=265: s=4 t=3 j=3 je=3 Q=18609625 table=66923416 yh=2288664
stage b2=407 vs b1={266}: values [8408670214732362685449475031095607, 8878567746085897335509947690663936), 254005019423358 candidates (MITM path)
  MITM b1=266: s=4 t=3 j=3 je=3 Q=18821096 table=67419143 yh=3767551
stage b2=408 vs b1={267}: values [8681247143262206912494013239001088, 9357453100360645426341446339617929), 359300524164679 candidates (MITM path)
  MITM b1=267: s=4 t=3 j=3 je=3 Q=19034163 table=67917312 yh=5290265
stage b2=409 vs b1={268}: values [8961960059940892637875611279849529, 9860231611496902484101890807169024), 469185400292977 candidates (MITM path)
  MITM b1=268: s=4 t=3 j=3 je=3 Q=19248832 table=68417929 yh=6857639
stage b2=410 vs b1={269}: values [9251031023150136293210000000000000, 10387999499524225396026023192028121), 583796418798392 candidates (MITM path)
  MITM b1=269: s=4 t=3 j=3 je=3 Q=19465109 table=68921000 yh=8470516
stage b2=411 vs b1={270}: values [9548687587417003604089240200373131, 10941898913151235920900000000000000), 703273483881038 candidates (MITM path)
  MITM b1=270: s=4 t=3 j=3 je=3 Q=19683000 table=69426531 yh=10129752
stage b2=412 vs b1={271}: values [9855162925543600012281425818550272, 11523119672512394327137541804059681), 827759687651490 candidates (MITM path)
  MITM b1=271: s=4 t=3 j=3 je=3 Q=19902511 table=69934528 yh=11836209
stage b2=413 vs b1={272}: values [10170695953143139404457311421253453, 12132901071205952454668884633452544), 957401365504112 candidates (MITM path)
  MITM b1=272: s=4 t=3 j=3 je=3 Q=20123648 table=70444997 yh=13590765
stage b2=414 vs b1={273}: values [10495531455623776755395673235513344, 12772533739409419310834931469027809), 1092348152167924 candidates (MITM path)
  MITM b1=273: s=4 t=3 j=3 je=3 Q=20346417 table=70957944 yh=15394304
stage b2=415 vs b1={274}: values [10829920217662198884330277099609375, 13443361569905787990117147696971776), 1232753038439724 candidates (MITM path)
  MITM b1=274: s=4 t=3 j=3 je=3 Q=20570824 table=71473375 yh=17247724
stage b2=416 vs b1={275}: values [11174119155209583553590348738461696, 14146783708901740610599517822265625), 1378772428604146 candidates (MITM path)
  MITM b1=275: s=4 t=3 j=3 je=3 Q=20796875 table=71991296 yh=19151933
stage b2=417 vs b1={276}: values [11528391450073160681535117383503137, 14884256613568087679683209751166976), 1530566198545396 candidates (MITM path)
  MITM b1=276: s=4 t=3 j=3 je=3 Q=21024576 table=72511713 yh=21107848
stage b2=418 vs b1={277}: values [11893006687117240570102814793146368, 15657296178282829721680640148731209), 1688297754555351 candidates (MITM path)
  MITM b1=277: s=4 t=3 j=3 je=3 Q=21253933 table=73034632 yh=23116400
stage b2=419 vs b1={278}: values [12268240994128212834729297883414259, 16467479931608472298443740375302144), 1852134092842760 candidates (MITM path)
  MITM b1=278: s=4 t=3 j=3 je=3 Q=21484952 table=73560059 yh=25178530
stage b2=420 vs b1={279}: values [12654377184388666245120000000000000, 17316449306087601206337604921562481), 2022245859748265 candidates (MITM path)
  MITM b1=279: s=4 t=3 j=3 je=3 Q=21717639 table=74088000 yh=27295188
stage b2=421 vs b1={280}: values [13051704902006434014097498971732661, 18205911982994253414400000000000000), 2198807412669964 candidates (MITM path)
  MITM b1=280: s=4 t=3 j=3 je=3 Q=21952000 table=74618461 yh=29467339
stage b2=422 vs b1={281}: values [13460520770045031283752025608445952, 19137644314233322299008947929826321), 2381996881704256 candidates (MITM path)
  MITM b1=281: s=4 t=3 j=3 je=3 Q=22188041 table=75151448 yh=31695955
stage b2=423 vs b1={282}: values [13881128541502621729192837547096583, 20113493823636134316549694448615424), 2571996232006704 candidates (MITM path)
  MITM b1=282: s=4 t=3 j=3 je=3 Q=22425768 table=75686967 yh=33982023
stage b2=424 vs b1={283}: values [14313839253187328406678973683073024, 21135381789957450134663699873055529), 2768991326877642 candidates (MITM path)
  MITM b1=283: s=4 t=3 j=3 je=3 Q=22665187 table=76225024 yh=36326540
stage b2=425 vs b1={284}: values [14758971382537390291690826416015625, 22205305913937498425779524506484736), 2973171991577294 candidates (MITM path)
  MITM b1=284: s=4 t=3 j=3 je=3 Q=22906304 table=76765625 yh=38730513
stage b2=426 vs b1={285}: values [15216851007435360461032099699531776, 23325343071852267342134088134765625), 3184732077875126 candidates (MITM path)
  MITM b1=285: s=4 t=3 j=3 je=3 Q=23149125 table=77308776 yh=41194962
stage b2=427 vs b1={286}: values [15687811969066244649321093637445467, 24497652158036179788437520640393216), 3403869529338204 candidates (MITM path)
  MITM b1=286: s=4 t=3 j=3 je=3 Q=23393656 table=77854483 yh=43720919
stage b2=428 vs b1={287}: values [16172196037870190032792688261070848, 25724477018923486959881583081626689), 3630786447363300 candidates (MITM path)
  MITM b1=287: s=4 t=3 j=3 je=3 Q=23639903 table=78402752 yh=46309427
stage b2=429 vs b1={288}: values [16670353082641053641298125247535389, 27008149481218253520093899825086464), 3865689157957513 candidates (MITM path)
  MITM b1=288: s=4 t=3 j=3 je=3 Q=23887872 table=78953589 yh=48961539
stage b2=430 vs b1={289}: values [17182641242822907852430000000000000, 28351092476867700887730107366063041), 4108788279272162 candidates (MITM path)
  MITM b1=289: s=4 t=3 j=3 je=3 Q=24137569 table=79507000 yh=51678322
stage b2=431 vs b1={290}: values [17709427104057277060049775698679791, 29755823267579946348100000000000000), 4360298789894718 candidates (MITM path)
  MITM b1=290: s=4 t=3 j=3 je=3 Q=24389000 table=80062991 yh=54460854
stage b2=432 vs b1={291}: values [18251085877034644913955971040018432, 31224956771694849412103314940863161), 4620440097903552 candidates (MITM path)
  MITM b1=291: s=4 t=3 j=3 je=3 Q=24642171 table=80621568 yh=57310224
stage b2=433 vs b1={292}: values [18808001579704525579373326142460913, 32761208996285777655067862320021504), 4889436110690264 candidates (MITM path)
  MITM b1=292: s=4 t=3 j=3 je=3 Q=24897088 table=81182737 yh=60227535
stage b2=434 vs b1={293}: values [19380567222899155346308769747247104, 34367400577440657174390053251553449), 5167515305554369 candidates (MITM path)
  MITM b1=293: s=4 t=3 j=3 je=3 Q=25153757 table=81746504 yh=63213900
stage b2=435 vs b1={294}: values [19969184999426632712125301513671875, 36046460431742703147634670013136896), 5454910801075129 candidates (MITM path)
  MITM b1=294: s=4 t=3 j=3 je=3 Q=25412184 table=82312875 yh=66270445
stage b2=436 vs b1={295}: values [20574266476690115849023402547347456, 37801429522044759444963140869140625), 5751860429265310 candidates (MITM path)
  MITM b1=295: s=4 t=3 j=3 je=3 Q=25672375 table=82881856 yh=69398307
stage b2=437 vs b1={296}: values [21196232792890476235164446315006597, 39635464740706238900646729698246656), 6058606808511645 candidates (MITM path)
  MITM b1=296: s=4 t=3 j=3 je=3 Q=25934336 table=83453453 yh=72598636
stage b2=438 vs b1={297}: values [21835514856870606258177356231958528, 41551842913538274087106161994416369), 6375397417306806 candidates (MITM path)
  MITM b1=297: s=4 t=3 j=3 je=3 Q=26198073 table=84027672 yh=75872594
stage b2=439 vs b1={298}: values [22492553551660386877599101633928919, 43553964927780889034146280167849984), 6702484668777666 candidates (MITM path)
  MITM b1=298: s=4 t=3 j=3 je=3 Q=26463592 table=84604519 yh=79221356
stage b2=440 vs b1={299}: values [23167799941782139043840000000000000, 45645359987515812435930238280185801), 7040125986014655 candidates (MITM path)
  MITM b1=299: s=4 t=3 j=3 je=3 Q=26730899 table=85184000 yh=82646108
stage b2=441 vs b1={300}: values [23861715484377209601555171628930521, 47829690000000000000000000000000000), 7388583878207010 candidates (MITM path)
  MITM b1=300: s=4 t=3 j=3 je=3 Q=27000000 table=85766121 yh=86148048
stage b2=442 vs b1={301}: values [24574772244215178941456071934451712, 50110754096488045602459977936194201), 7748126017588714 candidates (MITM path)
  MITM b1=301: s=4 t=3 j=3 je=3 Q=27270901 table=86350888 yh=89728389
stage b2=443 vs b1={302}: values [25307453112648023793818952767430443, 52492493291196466086203175724662784), 8119025317199941 candidates (MITM path)
  MITM b1=302: s=4 t=3 j=3 je=3 Q=27543608 table=86938307 yh=93388354
stage b2=444 vs b1={303}: values [26060252030572424367047199984451584, 54978995282149371522266936818729569), 8501560009468809 candidates (MITM path)
  MITM b1=303: s=4 t=3 j=3 je=3 Q=27818127 table=87528384 yh=97129179
stage b2=445 vs b1={304}: values [26833674215464270614029991455078125, 57574499397733310582010212836704256), 8896013725618256 candidates (MITM path)
  MITM b1=304: s=4 t=3 j=3 je=3 Q=28094464 table=88121125 yh=100952113
stage b2=446 vs b1={305}: values [27628236392550297846722998615924736, 60283401692879138764114019775390625), 9302675575902850 candidates (MITM path)
  MITM b1=305: s=4 t=3 j=3 je=3 Q=28372625 table=88716536 yh=104858418
stage b2=447 vs b1={306}: values [28444467030182667304977191627470527, 63110260198880625404008432578871296), 9721840230680351 candidates (MITM path)
  MITM b1=306: s=4 t=3 j=3 je=3 Q=28652616 table=89314623 yh=108849368
stage b2=448 vs b1={307}: values [29282906579483202709388126907793408, 66059800330953223881038421346972249), 10153808002322859 candidates (MITM path)
  MITM b1=307: s=4 t=3 j=3 je=3 Q=28934443 table=89915392 yh=112926250
stage b2=449 vs b1={308}: values [30144107718324899380671726264710849, 69136920457732008849516311508680704), 10598884927972346 candidates (MITM path)
  MITM b1=308: s=4 t=3 j=3 je=3 Q=29218112 table=90518849 yh=117090364

*** MATCH: 48691142642059798318497951669985500 is an 14-digit palindrome in bases 308 and 449
stage b2=450 vs b1={309}: values [31028635599719238281250000000000000, 72346697637005265678995742402826761), 11057382853145424 candidates (MITM path)
  MITM b1=309: s=4 t=3 j=3 je=3 Q=29503629 table=91125000 yh=121343022
stage b2=451 vs b1={310}: values [31937068104678763420425865233800851, 75694393522079632032100000000000000), 11529619516192160 candidates (MITM path)
  MITM b1=310: s=4 t=3 j=3 je=3 Q=29791000 table=91733851 yh=125685550
stage b2=452 vs b1={311}: values [32869996099625317555435327604129792, 79185460443274071484794939191083441), 12015918633613776 candidates (MITM path)
  MITM b1=311: s=4 t=3 j=3 je=3 Q=30080231 table=92345408 yh=130119287
stage b2=453 vs b1={312}: values [33828023698415278110106494516889173, 82825547669143336572232508337291264), 12516609986244075 candidates (MITM path)
  MITM b1=312: s=4 t=3 j=3 je=3 Q=30371328 table=92959677 yh=134645584
stage b2=454 vs b1={313}: values [34811768529054092814773128813502464, 86620507852136986313803229728551889), 13032029506299417 candidates (MITM path)
  MITM b1=313: s=4 t=3 j=3 je=3 Q=30664297 table=93576664 yh=139265806
stage b2=455 vs b1={314}: values [35821862005173382840059779052734375, 90576403663507494251037011559202816), 13562519365302093 candidates (MITM path)
  MITM b1=314: s=4 t=3 j=3 je=3 Q=30959144 table=94196375 yh=143981331
stage b2=456 vs b1={315}: values [36858949602344860248381873104879616, 94699514622390550869469537353515625), 14108428062881934 candidates (MITM path)
  MITM b1=315: s=4 t=3 j=3 je=3 Q=31255875 table=94818816 yh=148793549
stage b2=457 vs b1={316}: values [37923691139306296516328170919321257, 98996344124092362953499355314651136), 14670110516461011 candidates (MITM path)
  MITM b1=316: s=4 t=3 j=3 je=3 Q=31554496 table=95443993 yh=153703864
stage b2=458 vs b1={317}: values [39016761064175779784992789207359488, 103473626672732616363732850530926329), 15247928151826252 candidates (MITM path)
  MITM b1=317: s=4 t=3 j=3 je=3 Q=31855013 table=96071912 yh=158713696
stage b2=459 vs b1={318}: values [40138848745731510470918118846397179, 108138335323507832794908910278426624), 15842248994594851 candidates (MITM path)
  MITM b1=318: s=4 t=3 j=3 je=3 Q=32157432 table=96702579 yh=163824473
stage b2=460 vs b1={319}: values [41290658769835408015360000000000000, 112997689339958150582465303553121921), 16453447762577297 candidates (MITM path)
  MITM b1=319: s=4 t=3 j=3 je=3 Q=32461759 table=97336000 yh=169037641
stage b2=461 vs b1={320}: values [42472911241079835962500139972206781, 118059162071741130342400000000000000), 17081905959042894 candidates (MITM path)
  MITM b1=320: s=4 t=3 j=3 je=3 Q=32768000 table=97972181 yh=174354657
stage b2=462 vs b1={321}: values [43686342089737798337064428676636672, 123330489058539064373855829501034881), 17728011966892624 candidates (MITM path)
  MITM b1=321: s=4 t=3 j=3 je=3 Q=33076161 table=98611128 yh=179776992
stage b2=463 vs b1={322}: values [44931703384098017538267680344521103, 128819676365851491009049261438418944), 18392161143744204 candidates (MITM path)
  MITM b1=322: s=4 t=3 j=3 je=3 Q=33386248 table=99252847 yh=185306132
stage b2=464 vs b1={323}: values [46209763648267372780458093779615744, 134535009158552218608057415586748409), 19074755917934210 candidates (MITM path)
  MITM b1=323: s=4 t=3 j=3 je=3 Q=33698267 table=99897344 yh=190943575
stage b2=465 vs b1={324}: values [47521308185524258592298453369140625, 140485060518220186283313934500888576), 19776205885442129 candidates (MITM path)
  MITM b1=324: s=4 t=3 j=3 je=3 Q=34012224 table=100544625 yh=196690832
done: 1179.89s, 2562166892 candidates tested
