A171740 search: n=14, threads=1, limit=none
stage b2=50 vs b1={38}: values [12207031250000000000000, 13090925539866773438464), 1131384692 candidates (MITM path)
  MITM b1=38: s=4 t=3 j=3 je=3 Q=54872 table=125000 yh=9052
stage b2=51 vs b1={39}: values [15791096563156692195651, 18832349194131742609041), 3388919596 candidates (MITM path)
  MITM b1=39: s=4 t=3 j=3 je=3 Q=59319 table=132651 yh=25548
stage b2=52 vs b1={40}: values [20325604337285010030592, 26843545600000000000000), 6339967579 candidates (MITM path)
  MITM b1=40: s=4 t=3 j=3 je=3 Q=64000 table=140608 yh=45090
stage b2=53 vs b1={41}: values [26036721925606486195973, 37929227194915558802161), 10123769893 candidates (MITM path)
  MITM b1=41: s=4 t=3 j=3 je=3 Q=68921 table=148877 yh=68001
stage b2=54 vs b1={42}: values [33198531813531453579264, 53148384174432398229504), 14899900467 candidates (MITM path)
  MITM b1=42: s=4 t=3 j=3 je=3 Q=74088 table=157464 yh=94625
stage b2=55 vs b1={43}: values [42141982597572021484375, 73885357344138503765449), 20850394178 candidates (MITM path)
  MITM b1=43: s=4 t=3 j=3 je=3 Q=79507 table=166375 yh=125322
stage b2=56 vs b1={44}: values [53265296773103187132416, 101938319743841411792896), 28182020799 candidates (MITM path)
  MITM b1=44: s=4 t=3 j=3 je=3 Q=85184 table=175616 yh=160476
stage b2=57 vs b1={45}: values [67046038752496061076057, 139628860198736572265625), 37128709664 candidates (MITM path)
  MITM b1=45: s=4 t=3 j=3 je=3 Q=91125 table=185193 yh=200487
stage b2=58 vs b1={46}: values [84055070416556869132288, 189937030341242876870656), 47954130053 candidates (MITM path)
  MITM b1=46: s=4 t=3 j=3 je=3 Q=97336 table=195112 yh=245778
stage b2=59 vs b1={47}: values [104972647676132430295979, 256666986187667409334369), 60954432325 candidates (MITM path)
  MITM b1=47: s=4 t=3 j=3 je=3 Q=103823 table=205379 yh=296790

*** MATCH: 176430115802608773654240 is an 14-digit palindrome in bases 47 and 59
stage b2=60 vs b1={48}: values [130606940160000000000000, 344649238497994142121984), 76461154814 candidates (MITM path)
  MITM b1=48: s=4 t=3 j=3 je=3 Q=110592 table=216000 yh=353987
stage b2=61 vs b1={49}: values [161915287432152755657581, 459986536544739960976801), 94844301512 candidates (MITM path)
  MITM b1=49: s=4 t=3 j=3 je=4 Q=117649 table=226981 yh=417852
done: 0.17s, 1210318 candidates tested
