A171740 search: n=14, threads=1, limit=none
stage b2=60 vs b1={45}: values [130606940160000000000000, 139628860198736572265625), 3222850952 candidates (MITM path)
  MITM b1=45: s=4 t=3 j=3 je=3 Q=91125 table=216000 yh=14921
stage b2=61 vs b1={46}: values [161915287432152755657581, 189937030341242876870656), 8916333398 candidates (MITM path)
  MITM b1=46: s=4 t=3 j=3 je=3 Q=97336 table=226981 yh=39283
stage b2=62 vs b1={47}: values [200028539268669788905472, 256666986187667409334369), 16083090643 candidates (MITM path)
  MITM b1=47: s=4 t=3 j=3 je=3 Q=103823 table=238328 yh=67484
stage b2=63 vs b1={48}: values [246278864694166156419903, 344649238497994142121984), 24973561136 candidates (MITM path)
  MITM b1=48: s=4 t=3 j=3 je=3 Q=110592 table=250047 yh=99876
stage b2=64 vs b1={49}: values [302231454903657293676544, 459986536544739960976801), 35869352733 candidates (MITM path)
  MITM b1=49: s=4 t=3 j=3 je=3 Q=117649 table=262144 yh=136831
stage b2=65 vs b1={50}: values [369720589101871337890625, 610351562500000000000000), 49086043891 candidates (MITM path)
  MITM b1=50: s=4 t=3 j=3 je=3 Q=125000 table=274625 yh=178739
stage b2=66 vs b1={51}: values [450890579914330142416896, 805345924720991301978201), 64976150884 candidates (MITM path)
  MITM b1=51: s=4 t=3 j=3 je=3 Q=132651 table=287496 yh=226008
stage b2=67 vs b1={52}: values [548242166610401428685587, 1056931425538820521590784), 83932266053 candidates (MITM path)
  MITM b1=52: s=4 t=3 j=3 je=3 Q=140608 table=300763 yh=279065
stage b2=68 vs b1={53}: values [664684980187672050925568, 1379946262057143768386569), 106390372079 candidates (MITM path)
  MITM b1=53: s=4 t=3 j=3 je=3 Q=148877 table=314432 yh=338358
stage b2=69 vs b1={54}: values [803596764671634487466709, 1792720717930698493280256), 132833337301 candidates (MITM path)
  MITM b1=54: s=4 t=3 j=3 je=3 Q=157464 table=328509 yh=404353
stage b2=70 vs b1={55}: values [968890104070000000000000, 2317809042866461181640625), 163794597101 candidates (MITM path)
  MITM b1=55: s=4 t=3 j=3 je=3 Q=166375 table=343000 yh=477536
stage b2=71 vs b1={56}: values [1165087474585497590531111, 2982856619293778479415296), 199862026346 candidates (MITM path)
  MITM b1=56: s=4 t=3 j=3 je=3 Q=175616 table=357911 yh=558413
stage b2=72 vs b1={57}: values [1397405517247104682033152, 3821624208892275481335249), 241682007931 candidates (MITM path)
  MITM b1=57: s=4 t=3 j=3 je=3 Q=185193 table=373248 yh=647511
stage b2=73 vs b1={58}: values [1671849507393788885941033, 4875194084160298409672704), 289963702426 candidates (MITM path)
  MITM b1=58: s=4 t=3 j=3 je=3 Q=195112 table=389017 yh=745376

*** MATCH: 4087184998390242501502792 is an 14-digit palindrome in bases 58 and 73
stage b2=74 vs b1={59}: values [1995319084778138053812224, 6193386212891813387462761), 345483523859 candidates (MITM path)
  MITM b1=59: s=4 t=3 j=3 je=3 Q=205379 table=405224 yh=852575
stage b2=75 vs b1={60}: values [2375726401805877685546875, 7836416409600000000000000), 409089826648 candidates (MITM path)
  MITM b1=60: s=4 t=3 j=3 je=3 Q=216000 table=421875 yh=969695
stage b2=76 vs b1={61}: values [2822127947962858105470976, 9876832533361318095112441), 481707808717 candidates (MITM path)
  MITM b1=61: s=4 t=3 j=3 je=3 Q=226981 table=438976 yh=1097345
stage b2=77 vs b1={62}: values [3344871416191195940889917, 12401769434657526912139264), 564344635820 candidates (MITM path)
  MITM b1=62: s=4 t=3 j=3 je=4 Q=238328 table=456533 yh=1236153
stage b2=78 vs b1={63}: values [3955759092264800909058048, 15515568475732467854453889), 658094792088 candidates (MITM path)
  MITM b1=63: s=4 t=3 j=3 je=4 Q=250047 table=474552 yh=1386771
done: 0.75s, 5073005 candidates tested
