A171740 search: n=15, threads=1, limit=none
stage b2=287 vs b1={197}: values [25724477018923486959881583081626689, 26121216119563044748205755417958093), 2473612844457660 candidates (MITM path)
  MITM b1=197: s=5 t=3 j=3 je=4 Q=7645373 table=23639903 yh=104637183
stage b2=288 vs b1={198}: values [27008149481218253520093899825086464, 28182392164885742383725083082719232), 7145135161971274 candidates (MITM path)
  MITM b1=198: s=5 t=3 j=3 je=4 Q=7762392 table=23887872 yh=299111414
stage b2=289 vs b1={199}: values [28351092476867700887730107366063041, 30394579970238968448638779635802999), 12136321837188930 candidates (MITM path)
  MITM b1=199: s=5 t=3 j=3 je=4 Q=7880599 table=24137569 yh=502798018
stage b2=290 vs b1={200}: values [29755823267579946348100000000000000, 32768000000000000000000000000000000), 17462019312268761 candidates (MITM path)
  MITM b1=200: s=5 t=3 j=3 je=4 Q=8000000 table=24389000 yh=715979307
stage b2=291 vs b1={201}: values [31224956771694849412103314940863161, 35313507945286316289283147644203001), 23137610986348133 candidates (MITM path)
  MITM b1=201: s=5 t=3 j=3 je=4 Q=8120601 table=24642171 yh=938943691
stage b2=292 vs b1={202}: values [32761208996285777655067862320021504, 38042630729564112000350815895584768), 29179032525671721 candidates (MITM path)
  MITM b1=202: s=5 t=3 j=3 je=4 Q=8242408 table=24897088 yh=1171985757
stage b2=293 vs b1={203}: values [34367400577440657174390053251553449, 40967604360130381639117243759855907), 35602787504974717 candidates (MITM path)
  MITM b1=203: s=5 t=3 j=3 je=4 Q=8365427 table=25153757 yh=1415406355

*** MATCH: 38205162340477794182745220343406976 is an 15-digit palindrome in bases 203 and 293
stage b2=294 vs b1={204}: values [36046460431742703147634670013136896, 44101413710205078475384625848909824), 42425963385061359 candidates (MITM path)
  MITM b1=204: s=5 t=3 j=3 je=4 Q=8489664 table=25412184 yh=1669512679

*** MATCH: 37999057700396397077610480060181003 is an 15-digit palindrome in bases 204 and 294
stage b2=295 vs b1={205}: values [37801429522044759444963140869140625, 47457834319810116909442169189453125), 49666247831558531 candidates (MITM path)
  MITM b1=205: s=5 t=3 j=3 je=4 Q=8615125 table=25672375 yh=1934618353
done: 605.28s, 5000758797 candidates tested
