A171740 search: n=8, threads=1, limit=none
stage b2=37 vs b1={24}: values [94931877133, 110075314176), 8081 candidates (MITM path)
  MITM b1=24: s=3 t=1 j=1 je=3 Q=24 table=37 yh=219
stage b2=38 vs b1={25}: values [114415582592, 152587890625), 18307 candidates (MITM path)
  MITM b1=25: s=2 t=2 j=2 je=2 Q=625 table=1444 yh=13
stage b2=39 vs b1={26}: values [137231006679, 208827064576), 30948 candidates (MITM path)
  MITM b1=26: s=2 t=2 j=2 je=2 Q=676 table=1521 yh=21
stage b2=40 vs b1={27}: values [163840000000, 282429536481), 46325 candidates (MITM path)
  MITM b1=27: s=2 t=2 j=2 je=2 Q=729 table=1600 yh=29
stage b2=41 vs b1={28}: values [194754273881, 377801998336), 64779 candidates (MITM path)
  MITM b1=28: s=2 t=2 j=2 je=2 Q=784 table=1681 yh=39
stage b2=42 vs b1={29}: values [230539333248, 500246412961), 86676 candidates (MITM path)
  MITM b1=29: s=2 t=2 j=2 je=2 Q=841 table=1764 yh=50
stage b2=43 vs b1={30}: values [271818611107, 656100000000), 112403 candidates (MITM path)
  MITM b1=30: s=2 t=2 j=2 je=2 Q=900 table=1849 yh=61
stage b2=44 vs b1={31}: values [319277809664, 852891037441), 142370 candidates (MITM path)
  MITM b1=31: s=2 t=2 j=2 je=2 Q=961 table=1936 yh=74
stage b2=45 vs b1={32}: values [373669453125, 1099511627776), 177008 candidates (MITM path)
  MITM b1=32: s=2 t=2 j=2 je=2 Q=1024 table=2025 yh=88
stage b2=46 vs b1={33}: values [435817657216, 1406408618241), 216773 candidates (MITM path)
  MITM b1=33: s=2 t=2 j=2 je=2 Q=1089 table=2116 yh=103
stage b2=47 vs b1={34}: values [506623120463, 1785793904896), 262143 candidates (MITM path)
  MITM b1=34: s=2 t=2 j=2 je=2 Q=1156 table=2209 yh=119
stage b2=48 vs b1={35}: values [587068342272, 2251875390625), 313617 candidates (MITM path)
  MITM b1=35: s=2 t=2 j=2 je=2 Q=1225 table=2304 yh=137
stage b2=49 vs b1={36}: values [678223072849, 2821109907456), 371720 candidates (MITM path)
  MITM b1=36: s=2 t=2 j=2 je=2 Q=1296 table=2401 yh=155

*** MATCH: 2529713006600 is an 8-digit palindrome in bases 36 and 49
stage b2=50 vs b1={37}: values [781250000000, 3512479453921), 436997 candidates (MITM path)
  MITM b1=37: s=2 t=2 j=2 je=2 Q=1369 table=2500 yh=175
stage b2=51 vs b1={38}: values [897410677851, 4347792138496), 510020 candidates (MITM path)
  MITM b1=38: s=2 t=2 j=2 je=2 Q=1444 table=2601 yh=197
stage b2=52 vs b1={39}: values [1028071702528, 5352009260481), 591380 candidates (MITM path)
  MITM b1=39: s=2 t=2 j=2 je=2 Q=1521 table=2704 yh=219
stage b2=53 vs b1={40}: values [1174711139837, 6553600000000), 681694 candidates (MITM path)
  MITM b1=40: s=2 t=2 j=2 je=2 Q=1600 table=2809 yh=243
stage b2=54 vs b1={41}: values [1338925209984, 7984925229121), 781602 candidates (MITM path)
  MITM b1=41: s=2 t=2 j=2 je=2 Q=1681 table=2916 yh=269
stage b2=55 vs b1={42}: values [1522435234375, 9682651996416), 891767 candidates (MITM path)
  MITM b1=42: s=2 t=2 j=2 je=2 Q=1764 table=3025 yh=295
stage b2=56 vs b1={43}: values [1727094849536, 11688200277601), 1012875 candidates (MITM path)
  MITM b1=43: s=2 t=2 j=2 je=2 Q=1849 table=3136 yh=323
stage b2=57 vs b1={44}: values [1954897493193, 14048223625216), 1145636 candidates (MITM path)
  MITM b1=44: s=2 t=2 j=2 je=2 Q=1936 table=3249 yh=353
stage b2=58 vs b1={45}: values [2207984167552, 16815125390625), 1290784 candidates (MITM path)
  MITM b1=45: s=2 t=2 j=2 je=2 Q=2025 table=3364 yh=384
stage b2=59 vs b1={46}: values [2488651484819, 20047612231936), 1449075 candidates (MITM path)
  MITM b1=46: s=2 t=2 j=2 je=2 Q=2116 table=3481 yh=417
done: 0.01s, 1570 candidates tested
