A171740 search: n=8, threads=1, limit=none
stage b2=41 vs b1={26}: values [194754273881, 208827064576), 4981 candidates (MITM path)
  MITM b1=26: s=3 t=1 j=1 je=2 Q=26 table=41 yh=122
stage b2=42 vs b1={27}: values [230539333248, 282429536481), 16676 candidates (MITM path)
  MITM b1=27: s=3 t=1 j=1 je=2 Q=27 table=42 yh=398
stage b2=43 vs b1={28}: values [271818611107, 377801998336), 31001 candidates (MITM path)
  MITM b1=28: s=2 t=2 j=2 je=2 Q=784 table=1849 yh=17
stage b2=44 vs b1={29}: values [319277809664, 500246412961), 48283 candidates (MITM path)
  MITM b1=29: s=2 t=2 j=2 je=2 Q=841 table=1936 yh=25
stage b2=45 vs b1={30}: values [373669453125, 656100000000), 68876 candidates (MITM path)
  MITM b1=30: s=2 t=2 j=2 je=2 Q=900 table=2025 yh=35
stage b2=46 vs b1={31}: values [435817657216, 852891037441), 93150 candidates (MITM path)
  MITM b1=31: s=2 t=2 j=2 je=2 Q=961 table=2116 yh=45
stage b2=47 vs b1={32}: values [506623120463, 1099511627776), 121502 candidates (MITM path)
  MITM b1=32: s=2 t=2 j=2 je=2 Q=1024 table=2209 yh=56
stage b2=48 vs b1={33}: values [587068342272, 1406408618241), 154348 candidates (MITM path)
  MITM b1=33: s=2 t=2 j=2 je=2 Q=1089 table=2304 yh=67
stage b2=49 vs b1={34}: values [678223072849, 1785793904896), 192127 candidates (MITM path)
  MITM b1=34: s=2 t=2 j=2 je=2 Q=1156 table=2401 yh=81
stage b2=50 vs b1={35}: values [781250000000, 2251875390625), 235301 candidates (MITM path)
  MITM b1=35: s=2 t=2 j=2 je=2 Q=1225 table=2500 yh=95
stage b2=51 vs b1={36}: values [897410677851, 2821109907456), 284353 candidates (MITM path)
  MITM b1=36: s=2 t=2 j=2 je=2 Q=1296 table=2601 yh=110

*** MATCH: 1287696341932 is an 8-digit palindrome in bases 36 and 51
stage b2=52 vs b1={37}: values [1028071702528, 3512479453921), 339790 candidates (MITM path)
  MITM b1=37: s=2 t=2 j=2 je=2 Q=1369 table=2704 yh=126
stage b2=53 vs b1={38}: values [1174711139837, 4347792138496), 402141 candidates (MITM path)
  MITM b1=38: s=2 t=2 j=2 je=2 Q=1444 table=2809 yh=144
done: 0.00s, 984 candidates tested
