A359636 level n=9 (CUDA on NVIDIA GB10, 48 SMs): m in [9, 33,955,545,649,252,305] (m = 3 mod 6, 5659257608208717 values), 262144 blocks x 8192 k per launch, 16 CPU verifier threads
sieve primes 5..2000 (882 strided progressions, 66 warp-level), each target needs >= 6 prime factors <= 2000 (threshold 5 after the forced 2/3), 2.38 marks per k
m=9 (0.00%)  0.0 Gm/s  surv=1393 trip=0 sol=0  0s elapsed, ETA ?
m=46,321,222,287,369 (0.14%)  771.7 Gm/s  surv=2946530 trip=0 sol=0  1m00s elapsed, ETA 12h12m18s
m=92,281,667,321,865 (0.27%)  768.8 Gm/s  surv=5627025 trip=0 sol=0  2m00s elapsed, ETA 12h14m06s
m=138,216,342,552,585 (0.41%)  767.7 Gm/s  surv=8346720 trip=0 sol=0  3m00s elapsed, ETA 12h14m12s
m=183,841,780,137,993 (0.54%)  765.8 Gm/s  surv=11096304 trip=0 sol=0  4m00s elapsed, ETA 12h14m59s
m=229,351,253,606,409 (0.68%)  764.3 Gm/s  surv=13886041 trip=0 sol=0  5m00s elapsed, ETA 12h15m26s
m=255,868,381,691,913 (0.75%)  710.6 Gm/s  surv=15532487 trip=0 sol=0  6m00s elapsed, ETA 13h10m27s
m=276,187,871,969,289 (0.81%)  657.4 Gm/s  surv=16802844 trip=0 sol=0  7m00s elapsed, ETA 14h13m48s
m=296,314,088,718,345 (0.87%)  617.2 Gm/s  surv=18068794 trip=0 sol=0  8m00s elapsed, ETA 15h08m58s
m=316,414,535,663,625 (0.93%)  585.8 Gm/s  surv=19336951 trip=0 sol=0  9m00s elapsed, ETA 15h57m02s
m=336,837,105,156,105 (0.99%)  561.3 Gm/s  surv=20631793 trip=0 sol=0  10m00s elapsed, ETA 16h38m19s
m=357,440,063,275,017 (1.05%)  541.4 Gm/s  surv=21944993 trip=0 sol=0  11m00s elapsed, ETA 17h14m13s
m=378,043,021,393,929 (1.11%)  524.9 Gm/s  surv=23264486 trip=0 sol=0  12m00s elapsed, ETA 17h46m06s
m=398,633,094,610,953 (1.17%)  510.9 Gm/s  surv=24587568 trip=0 sol=0  13m00s elapsed, ETA 18h14m36s
m=419,236,052,729,865 (1.23%)  499.0 Gm/s  surv=25917715 trip=0 sol=0  14m00s elapsed, ETA 18h40m10s
m=439,839,010,848,777 (1.30%)  488.6 Gm/s  surv=27251596 trip=0 sol=0  15m00s elapsed, ETA 19h03m16s
m=442,493,300,637,705 (1.30%)  487.6 Gm/s  surv=27422924 trip=0 sol=0  15m07s elapsed, ETA 19h05m31s
scanned m <= 442,493,300,637,699: 27422924 survivors, 0 triples, 0 solutions
resuming from gpu_n9.state: m = 442,493,300,637,705 (1.30%), 0 solution(s) on file
A359636 level n=9 (CUDA on NVIDIA GB10, 48 SMs): m in [9, 33,955,545,649,252,305] (m = 3 mod 6, 5659257608208717 values), 262144 blocks x 8192 k per launch, 16 CPU verifier threads
sieve primes 5..2000 (882 strided progressions, 66 warp-level), each target needs >= 6 prime factors <= 2000 (threshold 5 after the forced 2/3), 2.38 marks per k
m=442,493,300,637,705 (1.30%)  0.0 Gm/s  surv=27423717 trip=0 sol=0  0s elapsed, ETA ?
m=491,120,920,363,017 (1.45%)  810.2 Gm/s  surv=30595159 trip=0 sol=0  1m00s elapsed, ETA 11h28m24s
m=539,568,151,461,897 (1.59%)  808.7 Gm/s  surv=33779223 trip=0 sol=0  2m00s elapsed, ETA 11h28m38s
m=587,976,727,855,113 (1.73%)  808.1 Gm/s  surv=36985623 trip=0 sol=0  3m00s elapsed, ETA 11h28m12s
m=636,488,383,463,433 (1.87%)  808.2 Gm/s  surv=40217120 trip=0 sol=0  4m00s elapsed, ETA 11h27m08s
m=684,948,499,464,201 (2.02%)  808.0 Gm/s  surv=43466982 trip=0 sol=0  5m00s elapsed, ETA 11h26m14s
m=733,563,234,287,625 (2.16%)  808.4 Gm/s  surv=46741783 trip=0 sol=0  6m00s elapsed, ETA 11h24m56s
m=782,177,969,111,049 (2.30%)  808.6 Gm/s  surv=50033010 trip=0 sol=0  7m00s elapsed, ETA 11h23m44s
m=830,792,703,934,473 (2.45%)  808.8 Gm/s  surv=53344364 trip=0 sol=0  8m00s elapsed, ETA 11h22m34s
m=879,407,438,757,897 (2.59%)  809.0 Gm/s  surv=56666773 trip=0 sol=0  9m00s elapsed, ETA 11h21m27s
m=928,022,173,581,321 (2.73%)  809.1 Gm/s  surv=60002268 trip=0 sol=0  10m00s elapsed, ETA 11h20m21s
m=976,636,908,404,745 (2.88%)  809.2 Gm/s  surv=63349600 trip=0 sol=0  11m00s elapsed, ETA 11h19m16s
m=1,025,251,643,228,169 (3.02%)  809.2 Gm/s  surv=66710818 trip=0 sol=0  12m00s elapsed, ETA 11h18m12s
m=1,073,866,378,051,593 (3.16%)  809.3 Gm/s  surv=70084325 trip=0 sol=0  13m00s elapsed, ETA 11h17m09s
m=1,122,481,112,875,017 (3.31%)  809.4 Gm/s  surv=73468600 trip=0 sol=0  14m00s elapsed, ETA 11h16m06s
m=1,171,095,847,698,441 (3.45%)  809.4 Gm/s  surv=76862455 trip=0 sol=0  15m00s elapsed, ETA 11h15m03s
m=1,219,710,582,521,865 (3.59%)  809.5 Gm/s  surv=80263198 trip=0 sol=0  16m00s elapsed, ETA 11h14m01s
m=1,268,325,317,345,289 (3.74%)  809.5 Gm/s  surv=83678232 trip=0 sol=0  17m00s elapsed, ETA 11h12m59s
m=1,316,940,052,168,713 (3.88%)  809.5 Gm/s  surv=87100962 trip=0 sol=0  18m00s elapsed, ETA 11h11m57s
m=1,365,554,786,992,137 (4.02%)  809.6 Gm/s  surv=90534407 trip=0 sol=0  19m00s elapsed, ETA 11h10m56s
m=1,414,169,521,815,561 (4.16%)  809.6 Gm/s  surv=93972148 trip=0 sol=0  20m00s elapsed, ETA 11h09m54s
m=1,462,784,256,638,985 (4.31%)  809.6 Gm/s  surv=97417253 trip=0 sol=0  21m00s elapsed, ETA 11h08m53s
m=1,511,398,991,462,409 (4.45%)  809.6 Gm/s  surv=100870198 trip=0 sol=0  22m00s elapsed, ETA 11h07m52s
m=1,560,013,726,285,833 (4.59%)  809.7 Gm/s  surv=104331718 trip=0 sol=0  23m00s elapsed, ETA 11h06m51s
m=1,608,628,461,109,257 (4.74%)  809.7 Gm/s  surv=107800656 trip=0 sol=0  24m00s elapsed, ETA 11h05m50s
m=1,657,243,195,932,681 (4.88%)  809.7 Gm/s  surv=111278621 trip=0 sol=0  25m00s elapsed, ETA 11h04m49s
m=1,705,857,930,756,105 (5.02%)  809.7 Gm/s  surv=114760105 trip=0 sol=0  26m00s elapsed, ETA 11h03m48s
m=1,754,472,665,579,529 (5.17%)  809.7 Gm/s  surv=118251041 trip=0 sol=0  27m00s elapsed, ETA 11h02m47s
m=1,803,087,400,402,953 (5.31%)  809.7 Gm/s  surv=121746089 trip=0 sol=0  28m00s elapsed, ETA 11h01m47s
m=1,851,702,135,226,377 (5.45%)  809.8 Gm/s  surv=125246938 trip=0 sol=0  29m00s elapsed, ETA 11h00m46s
m=1,900,316,870,049,801 (5.60%)  809.8 Gm/s  surv=128749888 trip=0 sol=0  30m00s elapsed, ETA 10h59m45s
m=1,948,931,604,873,225 (5.74%)  809.8 Gm/s  surv=132260749 trip=0 sol=0  31m00s elapsed, ETA 10h58m45s
m=1,997,546,339,696,649 (5.88%)  809.8 Gm/s  surv=135772932 trip=0 sol=0  32m00s elapsed, ETA 10h57m44s
m=2,046,161,074,520,073 (6.03%)  809.8 Gm/s  surv=139296007 trip=0 sol=0  33m00s elapsed, ETA 10h56m44s
m=2,094,775,809,343,497 (6.17%)  809.8 Gm/s  surv=142820524 trip=0 sol=0  34m00s elapsed, ETA 10h55m43s
m=2,143,390,544,166,921 (6.31%)  809.8 Gm/s  surv=146349724 trip=0 sol=0  35m00s elapsed, ETA 10h54m43s
m=2,192,005,278,990,345 (6.46%)  809.8 Gm/s  surv=149885021 trip=0 sol=0  36m00s elapsed, ETA 10h53m42s
m=2,240,620,013,813,769 (6.60%)  809.8 Gm/s  surv=153425687 trip=0 sol=0  37m00s elapsed, ETA 10h52m42s
m=2,289,234,748,637,193 (6.74%)  809.8 Gm/s  surv=156968456 trip=0 sol=0  38m00s elapsed, ETA 10h51m42s
m=2,337,849,483,460,617 (6.89%)  809.8 Gm/s  surv=160517862 trip=0 sol=0  39m00s elapsed, ETA 10h50m41s
m=2,386,464,218,284,041 (7.03%)  809.9 Gm/s  surv=164068199 trip=0 sol=0  40m00s elapsed, ETA 10h49m41s
m=2,435,078,953,107,465 (7.17%)  809.9 Gm/s  surv=167623699 trip=0 sol=0  41m00s elapsed, ETA 10h48m41s
m=2,483,693,687,930,889 (7.31%)  809.9 Gm/s  surv=171182754 trip=0 sol=0  42m00s elapsed, ETA 10h47m40s
m=2,532,308,422,754,313 (7.46%)  809.9 Gm/s  surv=174745640 trip=0 sol=0  43m00s elapsed, ETA 10h46m40s
m=2,580,923,157,577,737 (7.60%)  809.9 Gm/s  surv=178312349 trip=0 sol=0  44m00s elapsed, ETA 10h45m40s
m=2,629,537,892,401,161 (7.74%)  809.9 Gm/s  surv=181882636 trip=0 sol=0  45m00s elapsed, ETA 10h44m39s
m=2,678,152,627,224,585 (7.89%)  809.9 Gm/s  surv=185456644 trip=0 sol=0  46m00s elapsed, ETA 10h43m39s
m=2,726,767,362,048,009 (8.03%)  809.9 Gm/s  surv=189033807 trip=0 sol=0  47m00s elapsed, ETA 10h42m39s
m=2,775,382,096,871,433 (8.17%)  809.9 Gm/s  surv=192613588 trip=0 sol=0  48m00s elapsed, ETA 10h41m39s
m=2,823,996,831,694,857 (8.32%)  809.9 Gm/s  surv=196196487 trip=0 sol=0  49m00s elapsed, ETA 10h40m38s
m=2,872,611,566,518,281 (8.46%)  809.9 Gm/s  surv=199784614 trip=0 sol=0  50m00s elapsed, ETA 10h39m38s
m=2,921,226,301,341,705 (8.60%)  809.9 Gm/s  surv=203370573 trip=0 sol=0  51m00s elapsed, ETA 10h38m38s
m=2,969,841,036,165,129 (8.75%)  809.9 Gm/s  surv=206958791 trip=0 sol=0  52m00s elapsed, ETA 10h37m38s
m=3,018,455,770,988,553 (8.89%)  809.9 Gm/s  surv=210555760 trip=0 sol=0  53m00s elapsed, ETA 10h36m38s
m=3,067,070,505,811,977 (9.03%)  809.9 Gm/s  surv=214154059 trip=0 sol=0  54m00s elapsed, ETA 10h35m37s
m=3,115,685,240,635,401 (9.18%)  809.9 Gm/s  surv=217751765 trip=0 sol=0  55m00s elapsed, ETA 10h34m37s
m=3,164,145,356,636,169 (9.32%)  809.9 Gm/s  surv=221344637 trip=0 sol=0  56m00s elapsed, ETA 10h33m39s
m=3,212,566,817,931,273 (9.46%)  809.8 Gm/s  surv=224935711 trip=0 sol=0  57m00s elapsed, ETA 10h32m42s
m=3,260,743,466,090,505 (9.60%)  809.7 Gm/s  surv=228511125 trip=0 sol=0  58m00s elapsed, ETA 10h31m48s
m=3,309,293,776,404,489 (9.75%)  809.7 Gm/s  surv=232114603 trip=0 sol=0  59m00s elapsed, ETA 10h30m49s
m=3,357,315,805,741,065 (9.89%)  809.5 Gm/s  surv=235683130 trip=0 sol=0  1h00m00s elapsed, ETA 10h29m57s
m=3,405,440,914,292,745 (10.03%)  809.4 Gm/s  surv=239259734 trip=0 sol=0  1h01m00s elapsed, ETA 10h29m03s
m=3,453,952,569,901,065 (10.17%)  809.4 Gm/s  surv=242870379 trip=0 sol=0  1h02m00s elapsed, ETA 10h28m04s
m=3,502,605,959,430,153 (10.32%)  809.4 Gm/s  surv=246492521 trip=0 sol=0  1h03m00s elapsed, ETA 10h27m03s
m=3,551,336,658,370,569 (10.46%)  809.5 Gm/s  surv=250127031 trip=0 sol=0  1h04m00s elapsed, ETA 10h26m00s
m=3,599,783,889,469,449 (10.60%)  809.4 Gm/s  surv=253740150 trip=0 sol=0  1h05m00s elapsed, ETA 10h25m02s
m=3,648,244,005,470,217 (10.74%)  809.4 Gm/s  surv=257355964 trip=0 sol=0  1h06m00s elapsed, ETA 10h24m04s
m=3,697,193,747,742,729 (10.89%)  809.5 Gm/s  surv=261007813 trip=0 sol=0  1h07m00s elapsed, ETA 10h22m59s
m=3,745,409,050,607,625 (11.03%)  809.4 Gm/s  surv=264608413 trip=0 sol=0  1h08m00s elapsed, ETA 10h22m03s
m=3,793,843,396,804,617 (11.17%)  809.4 Gm/s  surv=268225824 trip=0 sol=0  1h09m00s elapsed, ETA 10h21m05s
m=3,842,393,707,118,601 (11.32%)  809.4 Gm/s  surv=271853866 trip=0 sol=0  1h10m00s elapsed, ETA 10h20m05s
m=3,890,570,355,277,833 (11.46%)  809.3 Gm/s  surv=275456046 trip=0 sol=0  1h11m00s elapsed, ETA 10h19m10s
m=3,938,734,118,535,177 (11.60%)  809.2 Gm/s  surv=279061023 trip=0 sol=0  1h12m00s elapsed, ETA 10h18m14s
m=3,987,220,004,339,721 (11.74%)  809.2 Gm/s  surv=282691674 trip=0 sol=0  1h13m00s elapsed, ETA 10h17m15s
m=4,035,693,005,242,377 (11.89%)  809.2 Gm/s  surv=286322790 trip=0 sol=0  1h14m00s elapsed, ETA 10h16m16s
m=4,083,908,308,107,273 (12.03%)  809.1 Gm/s  surv=289938069 trip=0 sol=0  1h15m00s elapsed, ETA 10h15m20s
m=4,132,329,769,402,377 (12.17%)  809.0 Gm/s  surv=293570995 trip=0 sol=0  1h16m00s elapsed, ETA 10h14m22s
m=4,180,712,575,991,817 (12.31%)  809.0 Gm/s  surv=297202401 trip=0 sol=0  1h17m00s elapsed, ETA 10h13m23s
m=4,228,902,109,052,937 (12.45%)  808.9 Gm/s  surv=300822667 trip=0 sol=0  1h18m00s elapsed, ETA 10h12m27s
m=4,277,297,800,544,265 (12.60%)  808.9 Gm/s  surv=304455655 trip=0 sol=0  1h19m00s elapsed, ETA 10h11m29s
m=4,325,358,484,586,505 (12.74%)  808.8 Gm/s  surv=308065325 trip=0 sol=0  1h20m00s elapsed, ETA 10h10m34s
m=4,373,715,521,372,169 (12.88%)  808.8 Gm/s  surv=311698904 trip=0 sol=0  1h21m00s elapsed, ETA 10h09m36s
m=4,421,969,478,942,729 (13.02%)  808.7 Gm/s  surv=315327172 trip=0 sol=0  1h22m00s elapsed, ETA 10h08m39s
m=4,470,030,162,984,969 (13.16%)  808.6 Gm/s  surv=318940820 trip=0 sol=0  1h23m00s elapsed, ETA 10h07m44s
m=4,518,528,933,691,401 (13.31%)  808.6 Gm/s  surv=322593100 trip=0 sol=0  1h24m00s elapsed, ETA 10h06m44s
m=4,566,924,625,182,729 (13.45%)  808.6 Gm/s  surv=326239044 trip=0 sol=0  1h25m00s elapsed, ETA 10h05m45s
m=4,615,333,201,575,945 (13.59%)  808.6 Gm/s  surv=329883697 trip=0 sol=0  1h26m00s elapsed, ETA 10h04m46s
m=4,663,741,777,969,161 (13.73%)  808.5 Gm/s  surv=333531997 trip=0 sol=0  1h27m00s elapsed, ETA 10h03m47s
m=4,712,150,354,362,377 (13.88%)  808.5 Gm/s  surv=337177573 trip=0 sol=0  1h28m00s elapsed, ETA 10h02m48s
m=4,760,558,930,755,593 (14.02%)  808.5 Gm/s  surv=340824435 trip=0 sol=0  1h29m00s elapsed, ETA 10h01m49s
m=4,808,967,507,148,809 (14.16%)  808.5 Gm/s  surv=344477000 trip=0 sol=0  1h30m00s elapsed, ETA 10h00m50s
m=4,857,376,083,542,025 (14.31%)  808.5 Gm/s  surv=348129855 trip=0 sol=0  1h31m00s elapsed, ETA 9h59m51s
m=4,905,784,659,935,241 (14.45%)  808.4 Gm/s  surv=351785210 trip=0 sol=0  1h32m00s elapsed, ETA 9h58m52s
m=4,954,193,236,328,457 (14.59%)  808.4 Gm/s  surv=355440886 trip=0 sol=0  1h33m00s elapsed, ETA 9h57m53s
m=5,002,601,812,721,673 (14.73%)  808.4 Gm/s  surv=359098258 trip=0 sol=0  1h34m00s elapsed, ETA 9h56m54s
m=5,051,010,389,114,889 (14.88%)  808.4 Gm/s  surv=362756794 trip=0 sol=0  1h35m00s elapsed, ETA 9h55m55s
m=5,099,418,965,508,105 (15.02%)  808.4 Gm/s  surv=366417455 trip=0 sol=0  1h36m00s elapsed, ETA 9h54m56s
m=5,147,827,541,901,321 (15.16%)  808.4 Gm/s  surv=370076989 trip=0 sol=0  1h37m00s elapsed, ETA 9h53m57s
m=5,196,236,118,294,537 (15.30%)  808.3 Gm/s  surv=373738579 trip=0 sol=0  1h38m00s elapsed, ETA 9h52m58s
m=5,244,631,809,785,865 (15.45%)  808.3 Gm/s  surv=377399113 trip=0 sol=0  1h39m00s elapsed, ETA 9h51m59s
m=5,293,040,386,179,081 (15.59%)  808.3 Gm/s  surv=381063411 trip=0 sol=0  1h40m00s elapsed, ETA 9h51m00s
m=5,341,448,962,572,297 (15.73%)  808.3 Gm/s  surv=384728312 trip=0 sol=0  1h41m00s elapsed, ETA 9h50m00s
m=5,389,857,538,965,513 (15.87%)  808.3 Gm/s  surv=388394063 trip=0 sol=0  1h42m00s elapsed, ETA 9h49m01s
m=5,438,266,115,358,729 (16.02%)  808.3 Gm/s  surv=392059282 trip=0 sol=0  1h43m00s elapsed, ETA 9h48m02s
m=5,486,687,576,653,833 (16.16%)  808.2 Gm/s  surv=395727331 trip=0 sol=0  1h44m00s elapsed, ETA 9h47m03s
m=5,535,096,153,047,049 (16.30%)  808.2 Gm/s  surv=399397440 trip=0 sol=0  1h45m00s elapsed, ETA 9h46m03s
m=5,583,504,729,440,265 (16.44%)  808.2 Gm/s  surv=403068893 trip=0 sol=0  1h46m00s elapsed, ETA 9h45m04s
m=5,631,913,305,833,481 (16.59%)  808.2 Gm/s  surv=406738373 trip=0 sol=0  1h47m00s elapsed, ETA 9h44m05s
m=5,680,321,882,226,697 (16.73%)  808.2 Gm/s  surv=410408734 trip=0 sol=0  1h48m00s elapsed, ETA 9h43m05s
m=5,728,730,458,619,913 (16.87%)  808.2 Gm/s  surv=414081302 trip=0 sol=0  1h49m00s elapsed, ETA 9h42m06s
m=5,777,139,035,013,129 (17.01%)  808.2 Gm/s  surv=417760097 trip=0 sol=0  1h50m00s elapsed, ETA 9h41m07s
m=5,825,547,611,406,345 (17.16%)  808.1 Gm/s  surv=421434230 trip=2 sol=0  1h51m00s elapsed, ETA 9h40m07s
m=5,873,956,187,799,561 (17.30%)  808.1 Gm/s  surv=425108418 trip=2 sol=0  1h52m00s elapsed, ETA 9h39m08s
m=5,922,364,764,192,777 (17.44%)  808.1 Gm/s  surv=428783191 trip=2 sol=0  1h53m00s elapsed, ETA 9h38m09s
m=5,970,773,340,585,993 (17.58%)  808.1 Gm/s  surv=432461242 trip=2 sol=0  1h54m01s elapsed, ETA 9h37m09s
m=6,019,169,032,077,321 (17.73%)  808.1 Gm/s  surv=436134640 trip=2 sol=0  1h55m01s elapsed, ETA 9h36m10s
m=6,067,577,608,470,537 (17.87%)  808.1 Gm/s  surv=439814789 trip=2 sol=0  1h56m01s elapsed, ETA 9h35m11s
m=6,115,986,184,863,753 (18.01%)  808.1 Gm/s  surv=443495139 trip=2 sol=0  1h57m01s elapsed, ETA 9h34m11s
m=6,164,394,761,256,969 (18.15%)  808.1 Gm/s  surv=447177533 trip=2 sol=0  1h58m01s elapsed, ETA 9h33m12s
m=6,212,816,222,552,073 (18.30%)  808.0 Gm/s  surv=450862327 trip=2 sol=0  1h59m01s elapsed, ETA 9h32m12s
m=6,260,876,906,594,313 (18.44%)  808.0 Gm/s  surv=454516972 trip=2 sol=0  2h00m01s elapsed, ETA 9h31m16s
m=6,308,937,590,636,553 (18.58%)  807.9 Gm/s  surv=458175512 trip=2 sol=0  2h01m01s elapsed, ETA 9h30m19s
m=6,357,281,742,520,329 (18.72%)  807.9 Gm/s  surv=461856522 trip=2 sol=0  2h02m01s elapsed, ETA 9h29m19s
m=6,405,690,318,913,545 (18.86%)  807.9 Gm/s  surv=465542503 trip=2 sol=0  2h03m01s elapsed, ETA 9h28m20s
m=6,454,098,895,306,761 (19.01%)  807.9 Gm/s  surv=469230477 trip=2 sol=0  2h04m01s elapsed, ETA 9h27m20s
m=6,502,507,471,699,977 (19.15%)  807.9 Gm/s  surv=472917732 trip=2 sol=0  2h05m01s elapsed, ETA 9h26m21s
m=6,550,916,048,093,193 (19.29%)  807.9 Gm/s  surv=476609718 trip=2 sol=0  2h06m01s elapsed, ETA 9h25m21s
m=6,599,324,624,486,409 (19.44%)  807.9 Gm/s  surv=480299484 trip=2 sol=0  2h07m01s elapsed, ETA 9h24m22s
m=6,647,733,200,879,625 (19.58%)  807.9 Gm/s  surv=483988268 trip=2 sol=0  2h08m01s elapsed, ETA 9h23m22s
m=6,696,141,777,272,841 (19.72%)  807.8 Gm/s  surv=487679477 trip=2 sol=0  2h09m01s elapsed, ETA 9h22m23s
m=6,744,550,353,666,057 (19.86%)  807.8 Gm/s  surv=491370066 trip=2 sol=0  2h10m01s elapsed, ETA 9h21m23s
m=6,792,958,930,059,273 (20.01%)  807.8 Gm/s  surv=495061825 trip=2 sol=0  2h11m01s elapsed, ETA 9h20m24s
m=6,841,354,621,550,601 (20.15%)  807.8 Gm/s  surv=498754398 trip=2 sol=0  2h12m01s elapsed, ETA 9h19m24s
m=6,889,763,197,943,817 (20.29%)  807.8 Gm/s  surv=502446608 trip=2 sol=0  2h13m01s elapsed, ETA 9h18m25s
m=6,938,171,774,337,033 (20.43%)  807.8 Gm/s  surv=506142534 trip=2 sol=0  2h14m01s elapsed, ETA 9h17m25s
m=6,986,580,350,730,249 (20.58%)  807.8 Gm/s  surv=509839481 trip=2 sol=0  2h15m01s elapsed, ETA 9h16m26s
m=7,034,988,927,123,465 (20.72%)  807.8 Gm/s  surv=513533004 trip=2 sol=0  2h16m01s elapsed, ETA 9h15m26s
m=7,083,410,388,418,569 (20.86%)  807.8 Gm/s  surv=517231653 trip=2 sol=0  2h17m01s elapsed, ETA 9h14m26s
m=7,131,818,964,811,785 (21.00%)  807.8 Gm/s  surv=520929269 trip=3 sol=0  2h18m01s elapsed, ETA 9h13m27s
m=7,180,227,541,205,001 (21.15%)  807.8 Gm/s  surv=524626696 trip=3 sol=0  2h19m01s elapsed, ETA 9h12m27s
m=7,228,636,117,598,217 (21.29%)  807.8 Gm/s  surv=528322663 trip=3 sol=0  2h20m01s elapsed, ETA 9h11m27s
m=7,277,044,693,991,433 (21.43%)  807.7 Gm/s  surv=532021803 trip=3 sol=0  2h21m01s elapsed, ETA 9h10m28s
m=7,325,453,270,384,649 (21.57%)  807.7 Gm/s  surv=535722749 trip=4 sol=0  2h22m01s elapsed, ETA 9h09m28s
m=7,373,861,846,777,865 (21.72%)  807.7 Gm/s  surv=539420938 trip=4 sol=0  2h23m01s elapsed, ETA 9h08m29s
m=7,422,270,423,171,081 (21.86%)  807.7 Gm/s  surv=543122119 trip=4 sol=0  2h24m01s elapsed, ETA 9h07m29s
m=7,470,678,999,564,297 (22.00%)  807.7 Gm/s  surv=546825093 trip=4 sol=0  2h25m01s elapsed, ETA 9h06m29s
m=7,519,087,575,957,513 (22.14%)  807.7 Gm/s  surv=550528559 trip=4 sol=0  2h26m01s elapsed, ETA 9h05m30s
m=7,567,663,656,075,273 (22.29%)  807.7 Gm/s  surv=554247574 trip=4 sol=0  2h27m01s elapsed, ETA 9h04m29s
m=7,616,626,283,249,673 (22.43%)  807.8 Gm/s  surv=557994291 trip=4 sol=0  2h28m01s elapsed, ETA 9h03m26s
m=7,665,331,212,386,313 (22.57%)  807.8 Gm/s  surv=561720410 trip=4 sol=0  2h29m01s elapsed, ETA 9h02m25s
m=7,714,242,299,953,161 (22.72%)  807.9 Gm/s  surv=565463891 trip=4 sol=0  2h30m01s elapsed, ETA 9h01m22s
m=7,763,204,927,127,561 (22.86%)  807.9 Gm/s  surv=569211216 trip=4 sol=0  2h31m01s elapsed, ETA 9h00m19s
m=7,811,742,352,539,657 (23.01%)  807.9 Gm/s  surv=572929339 trip=4 sol=0  2h32m01s elapsed, ETA 8h59m19s
m=7,860,653,440,106,505 (23.15%)  808.0 Gm/s  surv=576678766 trip=4 sol=0  2h33m01s elapsed, ETA 8h58m17s
m=7,909,616,067,280,905 (23.29%)  808.0 Gm/s  surv=580431142 trip=4 sol=0  2h34m01s elapsed, ETA 8h57m14s
m=7,958,578,694,455,305 (23.44%)  808.1 Gm/s  surv=584181891 trip=4 sol=0  2h35m01s elapsed, ETA 8h56m11s
m=8,007,541,321,629,705 (23.58%)  808.1 Gm/s  surv=587930235 trip=4 sol=0  2h36m01s elapsed, ETA 8h55m09s
m=8,056,503,948,804,105 (23.73%)  808.2 Gm/s  surv=591679348 trip=4 sol=0  2h37m01s elapsed, ETA 8h54m06s
m=8,105,466,575,978,505 (23.87%)  808.2 Gm/s  surv=595429841 trip=4 sol=0  2h38m01s elapsed, ETA 8h53m04s
m=8,154,429,203,152,905 (24.02%)  808.3 Gm/s  surv=599182102 trip=4 sol=0  2h39m01s elapsed, ETA 8h52m01s
m=8,203,391,830,327,305 (24.16%)  808.3 Gm/s  surv=602936411 trip=4 sol=0  2h40m01s elapsed, ETA 8h50m59s
m=8,252,354,457,501,705 (24.30%)  808.4 Gm/s  surv=606689314 trip=4 sol=0  2h41m01s elapsed, ETA 8h49m56s
m=8,301,317,084,676,105 (24.45%)  808.4 Gm/s  surv=610445213 trip=4 sol=0  2h42m01s elapsed, ETA 8h48m54s
m=8,350,279,711,850,505 (24.59%)  808.5 Gm/s  surv=614202612 trip=4 sol=0  2h43m01s elapsed, ETA 8h47m51s
m=8,399,242,339,024,905 (24.74%)  808.5 Gm/s  surv=617957353 trip=5 sol=0  2h44m01s elapsed, ETA 8h46m49s
m=8,448,204,966,199,305 (24.88%)  808.5 Gm/s  surv=621714774 trip=5 sol=0  2h45m01s elapsed, ETA 8h45m47s
m=8,497,167,593,373,705 (25.02%)  808.6 Gm/s  surv=625468199 trip=5 sol=0  2h46m01s elapsed, ETA 8h44m44s
m=8,546,130,220,548,105 (25.17%)  808.6 Gm/s  surv=629225187 trip=5 sol=0  2h47m01s elapsed, ETA 8h43m42s
m=8,595,092,847,722,505 (25.31%)  808.7 Gm/s  surv=632980552 trip=5 sol=0  2h48m01s elapsed, ETA 8h42m40s
m=8,644,055,474,896,905 (25.46%)  808.7 Gm/s  surv=636735073 trip=5 sol=0  2h49m01s elapsed, ETA 8h41m38s
m=8,693,018,102,071,305 (25.60%)  808.8 Gm/s  surv=640492856 trip=5 sol=0  2h50m01s elapsed, ETA 8h40m36s
m=8,741,980,729,245,705 (25.75%)  808.8 Gm/s  surv=644246162 trip=6 sol=0  2h51m01s elapsed, ETA 8h39m33s
m=8,790,943,356,420,105 (25.89%)  808.8 Gm/s  surv=648005868 trip=6 sol=0  2h52m01s elapsed, ETA 8h38m31s
m=8,839,905,983,594,505 (26.03%)  808.9 Gm/s  surv=651766411 trip=7 sol=0  2h53m01s elapsed, ETA 8h37m29s
m=8,888,868,610,768,905 (26.18%)  808.9 Gm/s  surv=655526777 trip=7 sol=0  2h54m01s elapsed, ETA 8h36m27s
m=8,937,831,237,943,305 (26.32%)  809.0 Gm/s  surv=659286448 trip=7 sol=0  2h55m01s elapsed, ETA 8h35m25s
m=8,986,793,865,117,705 (26.47%)  809.0 Gm/s  surv=663045327 trip=7 sol=0  2h56m01s elapsed, ETA 8h34m23s
m=9,035,756,492,292,105 (26.61%)  809.0 Gm/s  surv=666807434 trip=7 sol=0  2h57m01s elapsed, ETA 8h33m21s
m=9,084,719,119,466,505 (26.75%)  809.1 Gm/s  surv=670571354 trip=7 sol=0  2h58m01s elapsed, ETA 8h32m19s
m=9,133,681,746,640,905 (26.90%)  809.1 Gm/s  surv=674330589 trip=7 sol=0  2h59m01s elapsed, ETA 8h31m17s
m=9,181,922,819,309,577 (27.04%)  809.1 Gm/s  surv=678036955 trip=7 sol=0  3h00m01s elapsed, ETA 8h30m18s
m=9,230,537,554,133,001 (27.18%)  809.1 Gm/s  surv=681776428 trip=7 sol=0  3h01m01s elapsed, ETA 8h29m18s
m=9,279,152,288,956,425 (27.33%)  809.1 Gm/s  surv=685512692 trip=7 sol=0  3h02m01s elapsed, ETA 8h28m18s
m=9,327,767,023,779,849 (27.47%)  809.1 Gm/s  surv=689249939 trip=7 sol=0  3h03m01s elapsed, ETA 8h27m18s
m=9,376,381,758,603,273 (27.61%)  809.1 Gm/s  surv=692986395 trip=7 sol=0  3h04m01s elapsed, ETA 8h26m17s
m=9,424,996,493,426,697 (27.76%)  809.1 Gm/s  surv=696724420 trip=7 sol=0  3h05m01s elapsed, ETA 8h25m17s
m=9,473,611,228,250,121 (27.90%)  809.1 Gm/s  surv=700461835 trip=7 sol=0  3h06m01s elapsed, ETA 8h24m17s
m=9,522,251,732,877,321 (28.04%)  809.1 Gm/s  surv=704206516 trip=7 sol=0  3h07m01s elapsed, ETA 8h23m16s
m=9,570,866,467,700,745 (28.19%)  809.1 Gm/s  surv=707945783 trip=7 sol=0  3h08m01s elapsed, ETA 8h22m16s
m=9,619,429,662,916,617 (28.33%)  809.1 Gm/s  surv=711683506 trip=7 sol=0  3h09m01s elapsed, ETA 8h21m16s
m=9,667,683,620,487,177 (28.47%)  809.1 Gm/s  surv=715394831 trip=7 sol=0  3h10m01s elapsed, ETA 8h20m17s
m=9,716,195,276,095,497 (28.61%)  809.1 Gm/s  surv=719128657 trip=7 sol=0  3h11m01s elapsed, ETA 8h19m18s
m=9,764,603,852,488,713 (28.76%)  809.1 Gm/s  surv=722854555 trip=7 sol=0  3h12m01s elapsed, ETA 8h18m18s
m=9,813,012,428,881,929 (28.90%)  809.1 Gm/s  surv=726581522 trip=7 sol=0  3h13m01s elapsed, ETA 8h17m19s
m=9,861,498,314,686,473 (29.04%)  809.1 Gm/s  surv=730311597 trip=7 sol=0  3h14m01s elapsed, ETA 8h16m19s
m=9,909,906,891,079,689 (29.18%)  809.1 Gm/s  surv=734034506 trip=7 sol=0  3h15m01s elapsed, ETA 8h15m20s
m=9,958,315,467,472,905 (29.33%)  809.1 Gm/s  surv=737761210 trip=7 sol=0  3h16m01s elapsed, ETA 8h14m20s
m=10,006,724,043,866,121 (29.47%)  809.0 Gm/s  surv=741488178 trip=7 sol=0  3h17m01s elapsed, ETA 8h13m21s
m=10,055,132,620,259,337 (29.61%)  809.0 Gm/s  surv=745215543 trip=7 sol=0  3h18m01s elapsed, ETA 8h12m22s
m=10,103,541,196,652,553 (29.76%)  809.0 Gm/s  surv=748943601 trip=7 sol=0  3h19m01s elapsed, ETA 8h11m22s
m=10,151,949,773,045,769 (29.90%)  809.0 Gm/s  surv=752671815 trip=7 sol=0  3h20m01s elapsed, ETA 8h10m23s
m=10,200,358,349,438,985 (30.04%)  809.0 Gm/s  surv=756398456 trip=7 sol=0  3h21m01s elapsed, ETA 8h09m23s
m=10,248,766,925,832,201 (30.18%)  809.0 Gm/s  surv=760125738 trip=7 sol=0  3h22m01s elapsed, ETA 8h08m24s
m=10,297,175,502,225,417 (30.33%)  809.0 Gm/s  surv=763854590 trip=7 sol=0  3h23m01s elapsed, ETA 8h07m24s
m=10,345,584,078,618,633 (30.47%)  809.0 Gm/s  surv=767581907 trip=7 sol=0  3h24m01s elapsed, ETA 8h06m25s
m=10,394,057,079,521,289 (30.61%)  809.0 Gm/s  surv=771314961 trip=7 sol=0  3h25m01s elapsed, ETA 8h05m25s
m=10,442,452,771,012,617 (30.75%)  808.9 Gm/s  surv=775044951 trip=7 sol=0  3h26m01s elapsed, ETA 8h04m26s
m=10,490,861,347,405,833 (30.90%)  808.9 Gm/s  surv=778774008 trip=7 sol=0  3h27m01s elapsed, ETA 8h03m27s
m=10,539,269,923,799,049 (31.04%)  808.9 Gm/s  surv=782504660 trip=7 sol=0  3h28m01s elapsed, ETA 8h02m27s
m=10,587,678,500,192,265 (31.18%)  808.9 Gm/s  surv=786232922 trip=7 sol=0  3h29m01s elapsed, ETA 8h01m28s
m=10,636,087,076,585,481 (31.32%)  808.9 Gm/s  surv=789961952 trip=7 sol=0  3h30m01s elapsed, ETA 8h00m28s
m=10,684,495,652,978,697 (31.47%)  808.9 Gm/s  surv=793692293 trip=7 sol=0  3h31m01s elapsed, ETA 7h59m29s
m=10,732,904,229,371,913 (31.61%)  808.9 Gm/s  surv=797424040 trip=7 sol=0  3h32m01s elapsed, ETA 7h58m29s
m=10,781,312,805,765,129 (31.75%)  808.9 Gm/s  surv=801154335 trip=7 sol=0  3h33m01s elapsed, ETA 7h57m30s
m=10,829,721,382,158,345 (31.89%)  808.9 Gm/s  surv=804885432 trip=7 sol=0  3h34m01s elapsed, ETA 7h56m30s
m=10,878,129,958,551,561 (32.04%)  808.8 Gm/s  surv=808617836 trip=7 sol=0  3h35m01s elapsed, ETA 7h55m31s
m=10,926,667,383,963,657 (32.18%)  808.8 Gm/s  surv=812359340 trip=8 sol=0  3h36m01s elapsed, ETA 7h54m31s
m=10,975,075,960,356,873 (32.32%)  808.8 Gm/s  surv=816091053 trip=8 sol=0  3h37m01s elapsed, ETA 7h53m31s
m=11,023,484,536,750,089 (32.46%)  808.8 Gm/s  surv=819824639 trip=8 sol=0  3h38m01s elapsed, ETA 7h52m32s
m=11,071,893,113,143,305 (32.61%)  808.8 Gm/s  surv=823557910 trip=8 sol=0  3h39m01s elapsed, ETA 7h51m32s
m=11,120,301,689,536,521 (32.75%)  808.8 Gm/s  surv=827290048 trip=8 sol=0  3h40m01s elapsed, ETA 7h50m33s
m=11,168,710,265,929,737 (32.89%)  808.8 Gm/s  surv=831023094 trip=8 sol=0  3h41m01s elapsed, ETA 7h49m33s
m=11,217,118,842,322,953 (33.03%)  808.8 Gm/s  surv=834756915 trip=8 sol=0  3h42m01s elapsed, ETA 7h48m34s
m=11,265,527,418,716,169 (33.18%)  808.8 Gm/s  surv=838489168 trip=8 sol=0  3h43m01s elapsed, ETA 7h47m34s
m=11,313,935,995,109,385 (33.32%)  808.8 Gm/s  surv=842225034 trip=8 sol=0  3h44m01s elapsed, ETA 7h46m35s
m=11,362,344,571,502,601 (33.46%)  808.8 Gm/s  surv=845958215 trip=8 sol=0  3h45m01s elapsed, ETA 7h45m35s
m=11,410,753,147,895,817 (33.60%)  808.8 Gm/s  surv=849693975 trip=8 sol=0  3h46m01s elapsed, ETA 7h44m36s
m=11,459,161,724,289,033 (33.75%)  808.7 Gm/s  surv=853433623 trip=8 sol=0  3h47m01s elapsed, ETA 7h43m36s
m=11,507,570,300,682,249 (33.89%)  808.7 Gm/s  surv=857167271 trip=8 sol=0  3h48m01s elapsed, ETA 7h42m36s
m=11,555,978,877,075,465 (34.03%)  808.7 Gm/s  surv=860900895 trip=8 sol=0  3h49m01s elapsed, ETA 7h41m37s
m=11,604,387,453,468,681 (34.18%)  808.7 Gm/s  surv=864639351 trip=8 sol=0  3h50m02s elapsed, ETA 7h40m37s
m=11,652,796,029,861,897 (34.32%)  808.7 Gm/s  surv=868378350 trip=8 sol=0  3h51m02s elapsed, ETA 7h39m38s
m=11,701,204,606,255,113 (34.46%)  808.7 Gm/s  surv=872115113 trip=8 sol=0  3h52m02s elapsed, ETA 7h38m38s
m=11,749,613,182,648,329 (34.60%)  808.7 Gm/s  surv=875848317 trip=8 sol=0  3h53m02s elapsed, ETA 7h37m39s
m=11,798,021,759,041,545 (34.75%)  808.7 Gm/s  surv=879586055 trip=8 sol=0  3h54m02s elapsed, ETA 7h36m39s
m=11,846,443,220,336,649 (34.89%)  808.7 Gm/s  surv=883325217 trip=8 sol=0  3h55m02s elapsed, ETA 7h35m39s
m=11,894,851,796,729,865 (35.03%)  808.7 Gm/s  surv=887064482 trip=8 sol=0  3h56m02s elapsed, ETA 7h34m40s
m=11,943,260,373,123,081 (35.17%)  808.7 Gm/s  surv=890801724 trip=8 sol=0  3h57m02s elapsed, ETA 7h33m40s
m=11,991,668,949,516,297 (35.32%)  808.6 Gm/s  surv=894540505 trip=8 sol=0  3h58m02s elapsed, ETA 7h32m41s
m=12,040,077,525,909,513 (35.46%)  808.6 Gm/s  surv=898279216 trip=8 sol=0  3h59m02s elapsed, ETA 7h31m41s
m=12,088,550,526,812,169 (35.60%)  808.6 Gm/s  surv=902023201 trip=8 sol=0  4h00m02s elapsed, ETA 7h30m41s
m=12,137,513,153,986,569 (35.75%)  808.7 Gm/s  surv=905804393 trip=8 sol=0  4h01m02s elapsed, ETA 7h29m40s
m=12,186,475,781,160,969 (35.89%)  808.7 Gm/s  surv=909584390 trip=8 sol=0  4h02m02s elapsed, ETA 7h28m38s
m=12,235,438,408,335,369 (36.03%)  808.7 Gm/s  surv=913365014 trip=9 sol=0  4h03m02s elapsed, ETA 7h27m37s
m=12,284,401,035,509,769 (36.18%)  808.8 Gm/s  surv=917150589 trip=9 sol=0  4h04m02s elapsed, ETA 7h26m35s
m=12,333,363,662,684,169 (36.32%)  808.8 Gm/s  surv=920934957 trip=9 sol=0  4h05m02s elapsed, ETA 7h25m34s
m=12,382,326,289,858,569 (36.47%)  808.8 Gm/s  surv=924718461 trip=9 sol=0  4h06m02s elapsed, ETA 7h24m32s
m=12,431,288,917,032,969 (36.61%)  808.8 Gm/s  surv=928502620 trip=9 sol=0  4h07m02s elapsed, ETA 7h23m31s
m=12,480,251,544,207,369 (36.75%)  808.9 Gm/s  surv=932288777 trip=9 sol=0  4h08m02s elapsed, ETA 7h22m29s
m=12,529,214,171,381,769 (36.90%)  808.9 Gm/s  surv=936071900 trip=9 sol=0  4h09m02s elapsed, ETA 7h21m28s
m=12,578,176,798,556,169 (37.04%)  808.9 Gm/s  surv=939856861 trip=9 sol=0  4h10m02s elapsed, ETA 7h20m26s
m=12,627,139,425,730,569 (37.19%)  809.0 Gm/s  surv=943640623 trip=9 sol=0  4h11m02s elapsed, ETA 7h19m25s
m=12,676,102,052,904,969 (37.33%)  809.0 Gm/s  surv=947423640 trip=10 sol=0  4h12m02s elapsed, ETA 7h18m23s
m=12,725,064,680,079,369 (37.48%)  809.0 Gm/s  surv=951210046 trip=10 sol=0  4h13m02s elapsed, ETA 7h17m22s
m=12,774,027,307,253,769 (37.62%)  809.0 Gm/s  surv=954995770 trip=10 sol=0  4h14m02s elapsed, ETA 7h16m20s
m=12,822,989,934,428,169 (37.76%)  809.1 Gm/s  surv=958783953 trip=10 sol=0  4h15m02s elapsed, ETA 7h15m19s
m=12,871,952,561,602,569 (37.91%)  809.1 Gm/s  surv=962567953 trip=10 sol=0  4h16m02s elapsed, ETA 7h14m18s
m=12,920,915,188,776,969 (38.05%)  809.1 Gm/s  surv=966352810 trip=10 sol=0  4h17m02s elapsed, ETA 7h13m16s
m=12,969,877,815,951,369 (38.20%)  809.1 Gm/s  surv=970139829 trip=10 sol=0  4h18m02s elapsed, ETA 7h12m15s
m=13,018,840,443,125,769 (38.34%)  809.2 Gm/s  surv=973924575 trip=10 sol=0  4h19m02s elapsed, ETA 7h11m14s
m=13,067,803,070,300,169 (38.49%)  809.2 Gm/s  surv=977713721 trip=11 sol=0  4h20m02s elapsed, ETA 7h10m12s
m=13,116,765,697,474,569 (38.63%)  809.2 Gm/s  surv=981497875 trip=11 sol=0  4h21m02s elapsed, ETA 7h09m11s
m=13,165,728,324,648,969 (38.77%)  809.3 Gm/s  surv=985281815 trip=11 sol=0  4h22m02s elapsed, ETA 7h08m10s
m=13,214,690,951,823,369 (38.92%)  809.3 Gm/s  surv=989067205 trip=11 sol=0  4h23m02s elapsed, ETA 7h07m08s
m=13,263,653,578,997,769 (39.06%)  809.3 Gm/s  surv=992854804 trip=11 sol=0  4h24m02s elapsed, ETA 7h06m07s
m=13,312,616,206,172,169 (39.21%)  809.3 Gm/s  surv=996643862 trip=11 sol=0  4h25m02s elapsed, ETA 7h05m06s
m=13,361,578,833,346,569 (39.35%)  809.4 Gm/s  surv=1000428988 trip=11 sol=0  4h26m02s elapsed, ETA 7h04m04s
m=13,410,541,460,520,969 (39.49%)  809.4 Gm/s  surv=1004216476 trip=11 sol=0  4h27m02s elapsed, ETA 7h03m03s
m=13,459,297,929,265,161 (39.64%)  809.4 Gm/s  surv=1007987110 trip=11 sol=0  4h28m02s elapsed, ETA 7h02m03s
m=13,507,706,505,658,377 (39.78%)  809.4 Gm/s  surv=1011733701 trip=12 sol=0  4h29m02s elapsed, ETA 7h01m03s
m=13,556,115,082,051,593 (39.92%)  809.4 Gm/s  surv=1015478786 trip=12 sol=0  4h30m02s elapsed, ETA 7h00m03s
m=13,604,523,658,444,809 (40.07%)  809.4 Gm/s  surv=1019220746 trip=12 sol=0  4h31m02s elapsed, ETA 6h59m04s
m=13,653,086,853,660,681 (40.21%)  809.4 Gm/s  surv=1022978375 trip=12 sol=0  4h32m02s elapsed, ETA 6h58m04s
m=13,702,049,480,835,081 (40.35%)  809.4 Gm/s  surv=1026771204 trip=12 sol=0  4h33m02s elapsed, ETA 6h57m03s
m=13,750,934,798,598,153 (40.50%)  809.4 Gm/s  surv=1030553994 trip=12 sol=0  4h34m02s elapsed, ETA 6h56m02s
m=13,799,343,374,991,369 (40.64%)  809.4 Gm/s  surv=1034299374 trip=12 sol=0  4h35m02s elapsed, ETA 6h55m02s
m=13,847,751,951,384,585 (40.78%)  809.4 Gm/s  surv=1038045522 trip=12 sol=0  4h36m02s elapsed, ETA 6h54m03s
m=13,896,456,880,521,225 (40.93%)  809.4 Gm/s  surv=1041817190 trip=12 sol=0  4h37m02s elapsed, ETA 6h53m02s
m=13,944,994,305,933,321 (41.07%)  809.4 Gm/s  surv=1045572549 trip=12 sol=0  4h38m02s elapsed, ETA 6h52m02s
m=13,993,402,882,326,537 (41.21%)  809.4 Gm/s  surv=1049316298 trip=12 sol=0  4h39m02s elapsed, ETA 6h51m03s
m=14,042,223,775,580,169 (41.35%)  809.4 Gm/s  surv=1053098040 trip=12 sol=0  4h40m02s elapsed, ETA 6h50m02s
m=14,090,993,129,226,249 (41.50%)  809.4 Gm/s  surv=1056871222 trip=12 sol=0  4h41m02s elapsed, ETA 6h49m01s
m=14,139,401,705,619,465 (41.64%)  809.4 Gm/s  surv=1060617889 trip=12 sol=0  4h42m02s elapsed, ETA 6h48m02s
m=14,187,810,282,012,681 (41.78%)  809.4 Gm/s  surv=1064365562 trip=13 sol=0  4h43m02s elapsed, ETA 6h47m02s
m=14,236,218,858,405,897 (41.93%)  809.4 Gm/s  surv=1068111949 trip=14 sol=0  4h44m02s elapsed, ETA 6h46m03s
m=14,285,117,061,070,857 (42.07%)  809.4 Gm/s  surv=1071896802 trip=14 sol=0  4h45m02s elapsed, ETA 6h45m02s
m=14,334,079,688,245,257 (42.21%)  809.4 Gm/s  surv=1075683953 trip=15 sol=0  4h46m02s elapsed, ETA 6h44m01s
m=14,382,501,149,540,361 (42.36%)  809.4 Gm/s  surv=1079432195 trip=15 sol=0  4h47m02s elapsed, ETA 6h43m01s
m=14,430,909,725,933,577 (42.50%)  809.4 Gm/s  surv=1083180877 trip=15 sol=0  4h48m02s elapsed, ETA 6h42m02s
m=14,479,318,302,326,793 (42.64%)  809.4 Gm/s  surv=1086928725 trip=15 sol=0  4h49m02s elapsed, ETA 6h41m02s
m=14,527,726,878,720,009 (42.78%)  809.4 Gm/s  surv=1090675535 trip=15 sol=0  4h50m02s elapsed, ETA 6h40m03s
m=14,576,637,966,286,857 (42.93%)  809.4 Gm/s  surv=1094462120 trip=15 sol=0  4h51m02s elapsed, ETA 6h39m02s
m=14,625,600,593,461,257 (43.07%)  809.4 Gm/s  surv=1098254150 trip=15 sol=0  4h52m02s elapsed, ETA 6h38m00s
m=14,674,421,486,714,889 (43.22%)  809.4 Gm/s  surv=1102036901 trip=15 sol=0  4h53m02s elapsed, ETA 6h37m00s
m=14,722,830,063,108,105 (43.36%)  809.4 Gm/s  surv=1105788617 trip=15 sol=0  4h54m02s elapsed, ETA 6h36m00s
m=14,771,457,682,833,417 (43.50%)  809.4 Gm/s  surv=1109554904 trip=15 sol=0  4h55m02s elapsed, ETA 6h35m00s
m=14,819,866,259,226,633 (43.64%)  809.4 Gm/s  surv=1113302734 trip=15 sol=0  4h56m02s elapsed, ETA 6h34m00s
m=14,868,274,835,619,849 (43.79%)  809.4 Gm/s  surv=1117053141 trip=15 sol=0  4h57m02s elapsed, ETA 6h33m01s
m=14,916,683,412,013,065 (43.93%)  809.4 Gm/s  surv=1120800582 trip=15 sol=0  4h58m02s elapsed, ETA 6h32m01s
m=14,965,233,722,327,049 (44.07%)  809.4 Gm/s  surv=1124560176 trip=15 sol=0  4h59m02s elapsed, ETA 6h31m01s
m=15,013,371,715,780,617 (44.21%)  809.4 Gm/s  surv=1128290431 trip=15 sol=0  5h00m02s elapsed, ETA 6h30m03s
m=15,061,780,292,173,833 (44.36%)  809.4 Gm/s  surv=1132043270 trip=15 sol=0  5h01m02s elapsed, ETA 6h29m03s
m=15,110,188,868,567,049 (44.50%)  809.4 Gm/s  surv=1135795387 trip=15 sol=0  5h02m02s elapsed, ETA 6h28m04s
m=15,158,597,444,960,265 (44.64%)  809.4 Gm/s  surv=1139547594 trip=15 sol=0  5h03m02s elapsed, ETA 6h27m04s
m=15,207,006,021,353,481 (44.79%)  809.3 Gm/s  surv=1143298201 trip=16 sol=0  5h04m02s elapsed, ETA 6h26m04s
m=15,255,414,597,746,697 (44.93%)  809.3 Gm/s  surv=1147047516 trip=16 sol=0  5h05m02s elapsed, ETA 6h25m05s
m=15,303,823,174,139,913 (45.07%)  809.3 Gm/s  surv=1150798827 trip=16 sol=0  5h06m02s elapsed, ETA 6h24m05s
m=15,352,231,750,533,129 (45.21%)  809.3 Gm/s  surv=1154551441 trip=16 sol=0  5h07m02s elapsed, ETA 6h23m06s
m=15,400,640,326,926,345 (45.36%)  809.3 Gm/s  surv=1158301330 trip=16 sol=0  5h08m02s elapsed, ETA 6h22m06s
m=15,449,036,018,417,673 (45.50%)  809.3 Gm/s  surv=1162052195 trip=16 sol=0  5h09m02s elapsed, ETA 6h21m07s
m=15,497,831,141,867,529 (45.64%)  809.3 Gm/s  surv=1165834245 trip=16 sol=0  5h10m02s elapsed, ETA 6h20m06s
m=15,546,239,718,260,745 (45.78%)  809.3 Gm/s  surv=1169586657 trip=16 sol=0  5h11m02s elapsed, ETA 6h19m06s
m=15,594,648,294,653,961 (45.93%)  809.3 Gm/s  surv=1173338024 trip=16 sol=0  5h12m02s elapsed, ETA 6h18m07s
m=15,643,056,871,047,177 (46.07%)  809.3 Gm/s  surv=1177089946 trip=16 sol=0  5h13m02s elapsed, ETA 6h17m07s
m=15,691,581,411,557,385 (46.21%)  809.3 Gm/s  surv=1180855496 trip=16 sol=0  5h14m02s elapsed, ETA 6h16m07s
m=15,739,989,987,950,601 (46.35%)  809.3 Gm/s  surv=1184609489 trip=16 sol=0  5h15m02s elapsed, ETA 6h15m08s
m=15,788,398,564,343,817 (46.50%)  809.3 Gm/s  surv=1188359979 trip=17 sol=0  5h16m02s elapsed, ETA 6h14m08s
m=15,836,807,140,737,033 (46.64%)  809.3 Gm/s  surv=1192109574 trip=17 sol=0  5h17m02s elapsed, ETA 6h13m09s
m=15,885,215,717,130,249 (46.78%)  809.3 Gm/s  surv=1195859188 trip=17 sol=0  5h18m02s elapsed, ETA 6h12m09s
m=15,933,624,293,523,465 (46.92%)  809.3 Gm/s  surv=1199609441 trip=17 sol=0  5h19m02s elapsed, ETA 6h11m09s
m=15,982,032,869,916,681 (47.07%)  809.2 Gm/s  surv=1203360673 trip=18 sol=0  5h20m02s elapsed, ETA 6h10m10s
m=16,030,621,834,936,329 (47.21%)  809.2 Gm/s  surv=1207129410 trip=18 sol=0  5h21m02s elapsed, ETA 6h09m10s
m=16,079,030,411,329,545 (47.35%)  809.2 Gm/s  surv=1210882979 trip=19 sol=0  5h22m02s elapsed, ETA 6h08m10s
m=16,127,438,987,722,761 (47.50%)  809.2 Gm/s  surv=1214630990 trip=19 sol=0  5h23m02s elapsed, ETA 6h07m11s
m=16,175,834,679,214,089 (47.64%)  809.2 Gm/s  surv=1218382013 trip=20 sol=0  5h24m02s elapsed, ETA 6h06m11s
m=16,224,346,334,822,409 (47.78%)  809.2 Gm/s  surv=1222143487 trip=20 sol=0  5h25m02s elapsed, ETA 6h05m11s
m=16,272,754,911,215,625 (47.92%)  809.2 Gm/s  surv=1225892706 trip=20 sol=0  5h26m02s elapsed, ETA 6h04m11s
m=16,321,163,487,608,841 (48.07%)  809.2 Gm/s  surv=1229646746 trip=20 sol=0  5h27m02s elapsed, ETA 6h03m12s
m=16,369,572,064,002,057 (48.21%)  809.2 Gm/s  surv=1233399316 trip=20 sol=0  5h28m02s elapsed, ETA 6h02m12s
m=16,417,980,640,395,273 (48.35%)  809.2 Gm/s  surv=1237149143 trip=20 sol=0  5h29m02s elapsed, ETA 6h01m13s
m=16,466,389,216,788,489 (48.49%)  809.2 Gm/s  surv=1240903644 trip=20 sol=0  5h30m02s elapsed, ETA 6h00m13s
m=16,514,797,793,181,705 (48.64%)  809.2 Gm/s  surv=1244658297 trip=20 sol=0  5h31m02s elapsed, ETA 5h59m13s
m=16,563,322,333,691,913 (48.78%)  809.2 Gm/s  surv=1248422421 trip=20 sol=0  5h32m02s elapsed, ETA 5h58m13s
m=16,611,730,910,085,129 (48.92%)  809.2 Gm/s  surv=1252174884 trip=20 sol=0  5h33m02s elapsed, ETA 5h57m14s
m=16,660,139,486,478,345 (49.06%)  809.2 Gm/s  surv=1255928235 trip=20 sol=0  5h34m02s elapsed, ETA 5h56m14s
m=16,708,548,062,871,561 (49.21%)  809.1 Gm/s  surv=1259681319 trip=20 sol=0  5h35m02s elapsed, ETA 5h55m15s
m=16,756,956,639,264,777 (49.35%)  809.1 Gm/s  surv=1263435803 trip=20 sol=0  5h36m02s elapsed, ETA 5h54m15s
m=16,805,365,215,657,993 (49.49%)  809.1 Gm/s  surv=1267191977 trip=20 sol=0  5h37m02s elapsed, ETA 5h53m15s
m=16,853,773,792,051,209 (49.63%)  809.1 Gm/s  surv=1270947845 trip=20 sol=0  5h38m02s elapsed, ETA 5h52m16s
m=16,902,182,368,444,425 (49.78%)  809.1 Gm/s  surv=1274700696 trip=20 sol=0  5h39m02s elapsed, ETA 5h51m16s
m=16,950,590,944,837,641 (49.92%)  809.1 Gm/s  surv=1278456545 trip=20 sol=0  5h40m02s elapsed, ETA 5h50m16s
m=16,998,999,521,230,857 (50.06%)  809.1 Gm/s  surv=1282211743 trip=21 sol=0  5h41m02s elapsed, ETA 5h49m17s
m=17,047,408,097,624,073 (50.21%)  809.1 Gm/s  surv=1285967183 trip=22 sol=0  5h42m02s elapsed, ETA 5h48m17s
m=17,095,881,098,526,729 (50.35%)  809.1 Gm/s  surv=1289727045 trip=22 sol=0  5h43m02s elapsed, ETA 5h47m17s
m=17,144,289,674,919,945 (50.49%)  809.1 Gm/s  surv=1293481387 trip=22 sol=0  5h44m02s elapsed, ETA 5h46m18s
m=17,192,698,251,313,161 (50.63%)  809.1 Gm/s  surv=1297238423 trip=22 sol=0  5h45m02s elapsed, ETA 5h45m18s
m=17,241,106,827,706,377 (50.78%)  809.1 Gm/s  surv=1300994038 trip=22 sol=0  5h46m02s elapsed, ETA 5h44m18s
m=17,289,515,404,099,593 (50.92%)  809.1 Gm/s  surv=1304746179 trip=22 sol=0  5h47m02s elapsed, ETA 5h43m19s
m=17,337,923,980,492,809 (51.06%)  809.1 Gm/s  surv=1308501294 trip=22 sol=0  5h48m02s elapsed, ETA 5h42m19s
m=17,386,332,556,886,025 (51.20%)  809.1 Gm/s  surv=1312252986 trip=23 sol=0  5h49m02s elapsed, ETA 5h41m19s
m=17,434,741,133,279,241 (51.35%)  809.0 Gm/s  surv=1316011729 trip=23 sol=0  5h50m02s elapsed, ETA 5h40m20s
m=17,483,149,709,672,457 (51.49%)  809.0 Gm/s  surv=1319766481 trip=23 sol=0  5h51m02s elapsed, ETA 5h39m20s
m=17,531,558,286,065,673 (51.63%)  809.0 Gm/s  surv=1323518539 trip=23 sol=0  5h52m02s elapsed, ETA 5h38m20s
m=17,579,966,862,458,889 (51.77%)  809.0 Gm/s  surv=1327274158 trip=23 sol=0  5h53m02s elapsed, ETA 5h37m21s
m=17,628,375,438,852,105 (51.92%)  809.0 Gm/s  surv=1331027974 trip=23 sol=0  5h54m02s elapsed, ETA 5h36m21s
m=17,676,784,015,245,321 (52.06%)  809.0 Gm/s  surv=1334785855 trip=23 sol=0  5h55m02s elapsed, ETA 5h35m21s
m=17,725,192,591,638,537 (52.20%)  809.0 Gm/s  surv=1338544168 trip=23 sol=0  5h56m02s elapsed, ETA 5h34m22s
m=17,773,601,168,031,753 (52.34%)  809.0 Gm/s  surv=1342298139 trip=24 sol=0  5h57m02s elapsed, ETA 5h33m22s
m=17,822,009,744,424,969 (52.49%)  809.0 Gm/s  surv=1346051198 trip=24 sol=0  5h58m02s elapsed, ETA 5h32m22s
m=17,870,418,320,818,185 (52.63%)  809.0 Gm/s  surv=1349806111 trip=25 sol=0  5h59m02s elapsed, ETA 5h31m23s
m=17,918,646,508,584,969 (52.77%)  809.0 Gm/s  surv=1353546385 trip=25 sol=0  6h00m02s elapsed, ETA 5h30m23s
m=17,967,055,084,978,185 (52.91%)  809.0 Gm/s  surv=1357301920 trip=26 sol=0  6h01m02s elapsed, ETA 5h29m24s
m=18,015,463,661,371,401 (53.06%)  809.0 Gm/s  surv=1361054460 trip=26 sol=0  6h02m02s elapsed, ETA 5h28m24s
m=18,063,872,237,764,617 (53.20%)  809.0 Gm/s  surv=1364810795 trip=26 sol=0  6h03m02s elapsed, ETA 5h27m24s
m=18,112,693,131,018,249 (53.34%)  809.0 Gm/s  surv=1368595718 trip=28 sol=0  6h04m02s elapsed, ETA 5h26m24s
m=18,161,179,016,822,793 (53.49%)  809.0 Gm/s  surv=1372357933 trip=28 sol=0  6h05m02s elapsed, ETA 5h25m24s
m=18,209,587,593,216,009 (53.63%)  809.0 Gm/s  surv=1376114191 trip=28 sol=0  6h06m02s elapsed, ETA 5h24m24s
m=18,257,996,169,609,225 (53.77%)  809.0 Gm/s  surv=1379868409 trip=29 sol=0  6h07m02s elapsed, ETA 5h23m24s
m=18,306,817,062,862,857 (53.91%)  809.0 Gm/s  surv=1383655672 trip=29 sol=0  6h08m02s elapsed, ETA 5h22m24s
m=18,355,496,222,195,721 (54.06%)  809.0 Gm/s  surv=1387432479 trip=29 sol=0  6h09m02s elapsed, ETA 5h21m23s
m=18,403,904,798,588,937 (54.20%)  809.0 Gm/s  surv=1391190051 trip=29 sol=0  6h10m02s elapsed, ETA 5h20m24s
m=18,452,313,374,982,153 (54.34%)  809.0 Gm/s  surv=1394949197 trip=29 sol=0  6h11m02s elapsed, ETA 5h19m24s
m=18,501,134,268,235,785 (54.49%)  809.0 Gm/s  surv=1398736539 trip=29 sol=0  6h12m02s elapsed, ETA 5h18m23s
m=18,549,594,384,236,553 (54.63%)  809.0 Gm/s  surv=1402497758 trip=30 sol=0  6h13m02s elapsed, ETA 5h17m23s
m=18,598,002,960,629,769 (54.77%)  809.0 Gm/s  surv=1406257398 trip=30 sol=0  6h14m02s elapsed, ETA 5h16m24s
m=18,646,823,853,883,401 (54.92%)  809.0 Gm/s  surv=1410044848 trip=31 sol=0  6h15m03s elapsed, ETA 5h15m23s
m=18,695,670,516,940,809 (55.06%)  809.0 Gm/s  surv=1413838247 trip=31 sol=0  6h16m03s elapsed, ETA 5h14m22s
m=18,744,079,093,334,025 (55.20%)  809.0 Gm/s  surv=1417594645 trip=31 sol=0  6h17m03s elapsed, ETA 5h13m23s
m=18,792,487,669,727,241 (55.34%)  809.0 Gm/s  surv=1421353909 trip=31 sol=0  6h18m03s elapsed, ETA 5h12m23s
m=18,840,896,246,120,457 (55.49%)  809.0 Gm/s  surv=1425108619 trip=32 sol=0  6h19m03s elapsed, ETA 5h11m23s
m=18,889,304,822,513,673 (55.63%)  809.0 Gm/s  surv=1428865669 trip=32 sol=0  6h20m03s elapsed, ETA 5h10m24s
m=18,937,713,398,906,889 (55.77%)  809.0 Gm/s  surv=1432623004 trip=32 sol=0  6h21m03s elapsed, ETA 5h09m24s
m=18,986,121,975,300,105 (55.91%)  809.0 Gm/s  surv=1436378005 trip=32 sol=0  6h22m03s elapsed, ETA 5h08m24s
m=19,034,530,551,693,321 (56.06%)  808.9 Gm/s  surv=1440134471 trip=32 sol=0  6h23m03s elapsed, ETA 5h07m25s
m=19,082,939,128,086,537 (56.20%)  808.9 Gm/s  surv=1443893698 trip=32 sol=0  6h24m03s elapsed, ETA 5h06m25s
m=19,131,347,704,479,753 (56.34%)  808.9 Gm/s  surv=1447652115 trip=32 sol=0  6h25m03s elapsed, ETA 5h05m25s
m=19,179,756,280,872,969 (56.48%)  808.9 Gm/s  surv=1451407542 trip=32 sol=0  6h26m03s elapsed, ETA 5h04m25s
m=19,228,164,857,266,185 (56.63%)  808.9 Gm/s  surv=1455165511 trip=32 sol=0  6h27m03s elapsed, ETA 5h03m26s
m=19,276,573,433,659,401 (56.77%)  808.9 Gm/s  surv=1458924871 trip=33 sol=0  6h28m03s elapsed, ETA 5h02m26s
m=19,324,982,010,052,617 (56.91%)  808.9 Gm/s  surv=1462687945 trip=33 sol=0  6h29m03s elapsed, ETA 5h01m26s
m=19,373,390,586,445,833 (57.06%)  808.9 Gm/s  surv=1466446881 trip=33 sol=0  6h30m03s elapsed, ETA 5h00m27s
m=19,421,786,277,937,161 (57.20%)  808.9 Gm/s  surv=1470202738 trip=34 sol=0  6h31m03s elapsed, ETA 4h59m27s
m=19,470,181,969,428,489 (57.34%)  808.9 Gm/s  surv=1473957549 trip=34 sol=0  6h32m03s elapsed, ETA 4h58m27s
m=19,518,577,660,919,817 (57.48%)  808.9 Gm/s  surv=1477714872 trip=34 sol=0  6h33m03s elapsed, ETA 4h57m27s
m=19,566,973,352,411,145 (57.63%)  808.9 Gm/s  surv=1481474582 trip=34 sol=0  6h34m03s elapsed, ETA 4h56m28s
m=19,615,369,043,902,473 (57.77%)  808.9 Gm/s  surv=1485231303 trip=34 sol=0  6h35m03s elapsed, ETA 4h55m28s
m=19,663,764,735,393,801 (57.91%)  808.9 Gm/s  surv=1488989011 trip=34 sol=0  6h36m03s elapsed, ETA 4h54m28s
m=19,712,173,311,787,017 (58.05%)  808.9 Gm/s  surv=1492745773 trip=35 sol=0  6h37m03s elapsed, ETA 4h53m29s
m=19,760,581,888,180,233 (58.20%)  808.9 Gm/s  surv=1496503607 trip=35 sol=0  6h38m03s elapsed, ETA 4h52m29s
m=19,808,977,579,671,561 (58.34%)  808.9 Gm/s  surv=1500263020 trip=35 sol=0  6h39m03s elapsed, ETA 4h51m29s
m=19,857,373,271,162,889 (58.48%)  808.8 Gm/s  surv=1504022719 trip=35 sol=0  6h40m03s elapsed, ETA 4h50m29s
m=19,905,768,962,654,217 (58.62%)  808.8 Gm/s  surv=1507779482 trip=35 sol=0  6h41m03s elapsed, ETA 4h49m30s
m=19,954,164,654,145,545 (58.77%)  808.8 Gm/s  surv=1511536998 trip=35 sol=0  6h42m03s elapsed, ETA 4h48m30s
m=20,002,560,345,636,873 (58.91%)  808.8 Gm/s  surv=1515298186 trip=35 sol=0  6h43m03s elapsed, ETA 4h47m30s
m=20,050,956,037,128,201 (59.05%)  808.8 Gm/s  surv=1519055225 trip=35 sol=0  6h44m03s elapsed, ETA 4h46m31s
m=20,099,351,728,619,529 (59.19%)  808.8 Gm/s  surv=1522810485 trip=36 sol=0  6h45m03s elapsed, ETA 4h45m31s
m=20,147,747,420,110,857 (59.34%)  808.8 Gm/s  surv=1526569635 trip=36 sol=0  6h46m03s elapsed, ETA 4h44m31s
m=20,196,143,111,602,185 (59.48%)  808.8 Gm/s  surv=1530329607 trip=37 sol=0  6h47m03s elapsed, ETA 4h43m31s
m=20,244,538,803,093,513 (59.62%)  808.8 Gm/s  surv=1534086613 trip=38 sol=0  6h48m03s elapsed, ETA 4h42m32s
m=20,292,947,379,486,729 (59.76%)  808.8 Gm/s  surv=1537850014 trip=38 sol=0  6h49m03s elapsed, ETA 4h41m32s
m=20,341,343,070,978,057 (59.91%)  808.8 Gm/s  surv=1541609344 trip=38 sol=0  6h50m03s elapsed, ETA 4h40m32s
m=20,389,738,762,469,385 (60.05%)  808.8 Gm/s  surv=1545368360 trip=38 sol=0  6h51m03s elapsed, ETA 4h39m33s
m=20,438,134,453,960,713 (60.19%)  808.8 Gm/s  surv=1549126252 trip=38 sol=0  6h52m03s elapsed, ETA 4h38m33s
m=20,486,530,145,452,041 (60.33%)  808.8 Gm/s  surv=1552885599 trip=38 sol=0  6h53m03s elapsed, ETA 4h37m33s
m=20,534,925,836,943,369 (60.48%)  808.8 Gm/s  surv=1556645650 trip=38 sol=0  6h54m03s elapsed, ETA 4h36m33s
m=20,583,334,413,336,585 (60.62%)  808.8 Gm/s  surv=1560403921 trip=38 sol=0  6h55m03s elapsed, ETA 4h35m34s
m=20,631,742,989,729,801 (60.76%)  808.8 Gm/s  surv=1564162575 trip=38 sol=0  6h56m03s elapsed, ETA 4h34m34s
m=20,680,138,681,221,129 (60.90%)  808.8 Gm/s  surv=1567918988 trip=38 sol=0  6h57m03s elapsed, ETA 4h33m34s
m=20,728,534,372,712,457 (61.05%)  808.7 Gm/s  surv=1571676030 trip=39 sol=0  6h58m03s elapsed, ETA 4h32m34s
m=20,776,942,949,105,673 (61.19%)  808.7 Gm/s  surv=1575434069 trip=39 sol=0  6h59m03s elapsed, ETA 4h31m35s
m=20,825,287,100,989,449 (61.33%)  808.7 Gm/s  surv=1579189071 trip=39 sol=0  7h00m03s elapsed, ETA 4h30m35s
m=20,873,682,792,480,777 (61.47%)  808.7 Gm/s  surv=1582948089 trip=39 sol=0  7h01m03s elapsed, ETA 4h29m35s
m=20,922,078,483,972,105 (61.62%)  808.7 Gm/s  surv=1586703898 trip=40 sol=0  7h02m03s elapsed, ETA 4h28m36s
m=20,970,474,175,463,433 (61.76%)  808.7 Gm/s  surv=1590466658 trip=40 sol=0  7h03m03s elapsed, ETA 4h27m36s
m=21,018,869,866,954,761 (61.90%)  808.7 Gm/s  surv=1594226613 trip=42 sol=0  7h04m03s elapsed, ETA 4h26m36s
m=21,067,265,558,446,089 (62.04%)  808.7 Gm/s  surv=1597983605 trip=42 sol=0  7h05m03s elapsed, ETA 4h25m36s
m=21,115,661,249,937,417 (62.19%)  808.7 Gm/s  surv=1601741428 trip=43 sol=0  7h06m03s elapsed, ETA 4h24m37s
m=21,164,056,941,428,745 (62.33%)  808.7 Gm/s  surv=1605501652 trip=43 sol=0  7h07m03s elapsed, ETA 4h23m37s
m=21,212,452,632,920,073 (62.47%)  808.7 Gm/s  surv=1609261103 trip=43 sol=0  7h08m03s elapsed, ETA 4h22m37s
m=21,260,848,324,411,401 (62.61%)  808.7 Gm/s  surv=1613019752 trip=43 sol=0  7h09m03s elapsed, ETA 4h21m37s
m=21,309,669,217,665,033 (62.76%)  808.7 Gm/s  surv=1616810404 trip=43 sol=0  7h10m03s elapsed, ETA 4h20m37s
m=21,358,631,844,839,433 (62.90%)  808.7 Gm/s  surv=1620613898 trip=43 sol=0  7h11m03s elapsed, ETA 4h19m36s
m=21,407,594,472,013,833 (63.05%)  808.7 Gm/s  surv=1624419713 trip=43 sol=0  7h12m03s elapsed, ETA 4h18m35s
m=21,456,557,099,188,233 (63.19%)  808.8 Gm/s  surv=1628219537 trip=43 sol=0  7h13m03s elapsed, ETA 4h17m34s
m=21,505,519,726,362,633 (63.33%)  808.8 Gm/s  surv=1632027601 trip=44 sol=0  7h14m03s elapsed, ETA 4h16m33s
m=21,554,482,353,537,033 (63.48%)  808.8 Gm/s  surv=1635832619 trip=44 sol=0  7h15m03s elapsed, ETA 4h15m32s
m=21,603,444,980,711,433 (63.62%)  808.8 Gm/s  surv=1639633837 trip=45 sol=0  7h16m03s elapsed, ETA 4h14m32s
m=21,652,407,607,885,833 (63.77%)  808.8 Gm/s  surv=1643437775 trip=45 sol=0  7h17m03s elapsed, ETA 4h13m31s
m=21,701,370,235,060,233 (63.91%)  808.8 Gm/s  surv=1647241577 trip=45 sol=0  7h18m03s elapsed, ETA 4h12m30s
m=21,750,332,862,234,633 (64.06%)  808.8 Gm/s  surv=1651047447 trip=45 sol=0  7h19m03s elapsed, ETA 4h11m29s
m=21,799,295,489,409,033 (64.20%)  808.9 Gm/s  surv=1654854165 trip=45 sol=0  7h20m03s elapsed, ETA 4h10m28s
m=21,848,258,116,583,433 (64.34%)  808.9 Gm/s  surv=1658656191 trip=45 sol=0  7h21m03s elapsed, ETA 4h09m27s
m=21,897,220,743,757,833 (64.49%)  808.9 Gm/s  surv=1662459933 trip=45 sol=0  7h22m03s elapsed, ETA 4h08m27s
m=21,946,183,370,932,233 (64.63%)  808.9 Gm/s  surv=1666264752 trip=45 sol=0  7h23m03s elapsed, ETA 4h07m26s
m=21,995,145,998,106,633 (64.78%)  808.9 Gm/s  surv=1670069397 trip=45 sol=0  7h24m03s elapsed, ETA 4h06m25s
m=22,044,108,625,281,033 (64.92%)  808.9 Gm/s  surv=1673873764 trip=45 sol=0  7h25m03s elapsed, ETA 4h05m24s
m=22,093,071,252,455,433 (65.06%)  809.0 Gm/s  surv=1677676877 trip=45 sol=0  7h26m03s elapsed, ETA 4h04m23s
m=22,142,033,879,629,833 (65.21%)  809.0 Gm/s  surv=1681481610 trip=45 sol=0  7h27m03s elapsed, ETA 4h03m23s
m=22,190,996,506,804,233 (65.35%)  809.0 Gm/s  surv=1685284024 trip=45 sol=0  7h28m03s elapsed, ETA 4h02m22s
m=22,239,959,133,978,633 (65.50%)  809.0 Gm/s  surv=1689090765 trip=46 sol=0  7h29m03s elapsed, ETA 4h01m21s
m=22,288,921,761,153,033 (65.64%)  809.0 Gm/s  surv=1692894419 trip=46 sol=0  7h30m03s elapsed, ETA 4h00m20s
m=22,337,884,388,327,433 (65.79%)  809.0 Gm/s  surv=1696698198 trip=46 sol=0  7h31m03s elapsed, ETA 3h59m19s
m=22,386,847,015,501,833 (65.93%)  809.1 Gm/s  surv=1700503701 trip=46 sol=0  7h32m03s elapsed, ETA 3h58m19s
m=22,435,809,642,676,233 (66.07%)  809.1 Gm/s  surv=1704307953 trip=46 sol=0  7h33m03s elapsed, ETA 3h57m18s
m=22,484,772,269,850,633 (66.22%)  809.1 Gm/s  surv=1708110318 trip=46 sol=0  7h34m03s elapsed, ETA 3h56m17s
m=22,533,734,897,025,033 (66.36%)  809.1 Gm/s  surv=1711910942 trip=47 sol=0  7h35m03s elapsed, ETA 3h55m16s
m=22,582,697,524,199,433 (66.51%)  809.1 Gm/s  surv=1715716458 trip=47 sol=0  7h36m03s elapsed, ETA 3h54m15s
m=22,631,660,151,373,833 (66.65%)  809.1 Gm/s  surv=1719518903 trip=47 sol=0  7h37m03s elapsed, ETA 3h53m15s
m=22,680,622,778,548,233 (66.80%)  809.1 Gm/s  surv=1723322773 trip=47 sol=0  7h38m03s elapsed, ETA 3h52m14s
m=22,729,585,405,722,633 (66.94%)  809.2 Gm/s  surv=1727124817 trip=48 sol=0  7h39m03s elapsed, ETA 3h51m13s
m=22,778,548,032,897,033 (67.08%)  809.2 Gm/s  surv=1730925423 trip=48 sol=0  7h40m03s elapsed, ETA 3h50m12s
m=22,827,510,660,071,433 (67.23%)  809.2 Gm/s  surv=1734729571 trip=48 sol=0  7h41m03s elapsed, ETA 3h49m12s
m=22,876,473,287,245,833 (67.37%)  809.2 Gm/s  surv=1738534590 trip=48 sol=0  7h42m03s elapsed, ETA 3h48m11s
m=22,925,435,914,420,233 (67.52%)  809.2 Gm/s  surv=1742339273 trip=49 sol=0  7h43m03s elapsed, ETA 3h47m10s
m=22,974,398,541,594,633 (67.66%)  809.2 Gm/s  surv=1746142352 trip=49 sol=0  7h44m03s elapsed, ETA 3h46m09s
m=23,023,361,168,769,033 (67.80%)  809.2 Gm/s  surv=1749950030 trip=50 sol=0  7h45m03s elapsed, ETA 3h45m09s
m=23,072,323,795,943,433 (67.95%)  809.3 Gm/s  surv=1753753089 trip=50 sol=0  7h46m03s elapsed, ETA 3h44m08s
m=23,121,286,423,117,833 (68.09%)  809.3 Gm/s  surv=1757560466 trip=50 sol=0  7h47m03s elapsed, ETA 3h43m07s
m=23,170,249,050,292,233 (68.24%)  809.3 Gm/s  surv=1761368552 trip=50 sol=0  7h48m03s elapsed, ETA 3h42m06s
m=23,219,211,677,466,633 (68.38%)  809.3 Gm/s  surv=1765168862 trip=50 sol=0  7h49m03s elapsed, ETA 3h41m06s
m=23,268,174,304,641,033 (68.53%)  809.3 Gm/s  surv=1768974543 trip=50 sol=0  7h50m03s elapsed, ETA 3h40m05s
m=23,317,136,931,815,433 (68.67%)  809.3 Gm/s  surv=1772780239 trip=50 sol=0  7h51m03s elapsed, ETA 3h39m04s
m=23,366,099,558,989,833 (68.81%)  809.3 Gm/s  surv=1776583901 trip=50 sol=0  7h52m03s elapsed, ETA 3h38m03s
m=23,415,062,186,164,233 (68.96%)  809.4 Gm/s  surv=1780389439 trip=50 sol=0  7h53m03s elapsed, ETA 3h37m03s
m=23,464,024,813,338,633 (69.10%)  809.4 Gm/s  surv=1784194651 trip=50 sol=0  7h54m03s elapsed, ETA 3h36m02s
m=23,512,987,440,513,033 (69.25%)  809.4 Gm/s  surv=1787999890 trip=50 sol=0  7h55m03s elapsed, ETA 3h35m01s
m=23,561,950,067,687,433 (69.39%)  809.4 Gm/s  surv=1791802328 trip=50 sol=0  7h56m03s elapsed, ETA 3h34m01s
m=23,610,912,694,861,833 (69.53%)  809.4 Gm/s  surv=1795607967 trip=50 sol=0  7h57m03s elapsed, ETA 3h33m00s
m=23,659,875,322,036,233 (69.68%)  809.4 Gm/s  surv=1799412781 trip=50 sol=0  7h58m03s elapsed, ETA 3h31m59s
m=23,708,837,949,210,633 (69.82%)  809.4 Gm/s  surv=1803216635 trip=50 sol=0  7h59m03s elapsed, ETA 3h30m58s
m=23,757,401,144,426,505 (69.97%)  809.4 Gm/s  surv=1806990177 trip=51 sol=0  8h00m03s elapsed, ETA 3h29m58s
m=23,806,363,771,600,905 (70.11%)  809.5 Gm/s  surv=1810796725 trip=51 sol=0  8h01m03s elapsed, ETA 3h28m58s
m=23,855,326,398,775,305 (70.25%)  809.5 Gm/s  surv=1814600655 trip=51 sol=0  8h02m03s elapsed, ETA 3h27m57s
m=23,904,289,025,949,705 (70.40%)  809.5 Gm/s  surv=1818407127 trip=51 sol=0  8h03m03s elapsed, ETA 3h26m56s
m=23,953,251,653,124,105 (70.54%)  809.5 Gm/s  surv=1822210135 trip=51 sol=0  8h04m03s elapsed, ETA 3h25m56s
m=24,002,214,280,298,505 (70.69%)  809.5 Gm/s  surv=1826017593 trip=51 sol=0  8h05m03s elapsed, ETA 3h24m55s
m=24,051,176,907,472,905 (70.83%)  809.5 Gm/s  surv=1829820571 trip=52 sol=0  8h06m03s elapsed, ETA 3h23m54s
m=24,100,139,534,647,305 (70.98%)  809.5 Gm/s  surv=1833627457 trip=54 sol=0  8h07m03s elapsed, ETA 3h22m54s
m=24,149,102,161,821,705 (71.12%)  809.6 Gm/s  surv=1837431824 trip=54 sol=0  8h08m03s elapsed, ETA 3h21m53s
m=24,198,064,788,996,105 (71.26%)  809.6 Gm/s  surv=1841235703 trip=54 sol=0  8h09m03s elapsed, ETA 3h20m52s
m=24,247,027,416,170,505 (71.41%)  809.6 Gm/s  surv=1845038362 trip=54 sol=0  8h10m03s elapsed, ETA 3h19m52s
m=24,295,990,043,344,905 (71.55%)  809.6 Gm/s  surv=1848844101 trip=54 sol=0  8h11m03s elapsed, ETA 3h18m51s
m=24,344,952,670,519,305 (71.70%)  809.6 Gm/s  surv=1852648085 trip=54 sol=0  8h12m03s elapsed, ETA 3h17m50s
m=24,393,915,297,693,705 (71.84%)  809.6 Gm/s  surv=1856455243 trip=54 sol=0  8h13m03s elapsed, ETA 3h16m50s
m=24,442,877,924,868,105 (71.98%)  809.6 Gm/s  surv=1860261274 trip=54 sol=0  8h14m03s elapsed, ETA 3h15m49s
m=24,491,840,552,042,505 (72.13%)  809.6 Gm/s  surv=1864066339 trip=55 sol=0  8h15m03s elapsed, ETA 3h14m48s
m=24,540,803,179,216,905 (72.27%)  809.7 Gm/s  surv=1867870313 trip=55 sol=0  8h16m03s elapsed, ETA 3h13m48s
m=24,589,765,806,391,305 (72.42%)  809.7 Gm/s  surv=1871674061 trip=55 sol=0  8h17m03s elapsed, ETA 3h12m47s
m=24,638,728,433,565,705 (72.56%)  809.7 Gm/s  surv=1875478337 trip=55 sol=0  8h18m03s elapsed, ETA 3h11m46s
m=24,687,691,060,740,105 (72.71%)  809.7 Gm/s  surv=1879283802 trip=55 sol=0  8h19m03s elapsed, ETA 3h10m46s
m=24,736,653,687,914,505 (72.85%)  809.7 Gm/s  surv=1883091331 trip=55 sol=0  8h20m03s elapsed, ETA 3h09m45s
m=24,785,616,315,088,905 (72.99%)  809.7 Gm/s  surv=1886895925 trip=55 sol=0  8h21m03s elapsed, ETA 3h08m44s
m=24,834,578,942,263,305 (73.14%)  809.7 Gm/s  surv=1890698621 trip=55 sol=0  8h22m03s elapsed, ETA 3h07m44s
m=24,883,541,569,437,705 (73.28%)  809.7 Gm/s  surv=1894504147 trip=56 sol=0  8h23m03s elapsed, ETA 3h06m43s
m=24,932,504,196,612,105 (73.43%)  809.8 Gm/s  surv=1898304698 trip=56 sol=0  8h24m03s elapsed, ETA 3h05m42s
m=24,981,466,823,786,505 (73.57%)  809.8 Gm/s  surv=1902110908 trip=56 sol=0  8h25m03s elapsed, ETA 3h04m42s
m=25,030,429,450,960,905 (73.72%)  809.8 Gm/s  surv=1905914487 trip=56 sol=0  8h26m03s elapsed, ETA 3h03m41s
m=25,079,392,078,135,305 (73.86%)  809.8 Gm/s  surv=1909718259 trip=56 sol=0  8h27m03s elapsed, ETA 3h02m41s
m=25,128,354,705,309,705 (74.00%)  809.8 Gm/s  surv=1913523927 trip=57 sol=0  8h28m03s elapsed, ETA 3h01m40s
m=25,177,317,332,484,105 (74.15%)  809.8 Gm/s  surv=1917328704 trip=57 sol=0  8h29m03s elapsed, ETA 3h00m39s
m=25,226,279,959,658,505 (74.29%)  809.8 Gm/s  surv=1921133430 trip=57 sol=0  8h30m03s elapsed, ETA 2h59m39s
m=25,275,242,586,832,905 (74.44%)  809.8 Gm/s  surv=1924938242 trip=57 sol=0  8h31m03s elapsed, ETA 2h58m38s
m=25,324,205,214,007,305 (74.58%)  809.9 Gm/s  surv=1928743871 trip=57 sol=0  8h32m03s elapsed, ETA 2h57m37s
m=25,373,167,841,181,705 (74.72%)  809.9 Gm/s  surv=1932549798 trip=57 sol=0  8h33m03s elapsed, ETA 2h56m37s
m=25,422,130,468,356,105 (74.87%)  809.9 Gm/s  surv=1936358935 trip=57 sol=0  8h34m03s elapsed, ETA 2h55m36s
m=25,471,093,095,530,505 (75.01%)  809.9 Gm/s  surv=1940164606 trip=57 sol=0  8h35m03s elapsed, ETA 2h54m36s
m=25,520,055,722,704,905 (75.16%)  809.9 Gm/s  surv=1943972783 trip=57 sol=0  8h36m03s elapsed, ETA 2h53m35s
m=25,569,018,349,879,305 (75.30%)  809.9 Gm/s  surv=1947779959 trip=57 sol=0  8h37m03s elapsed, ETA 2h52m34s
m=25,617,980,977,053,705 (75.45%)  809.9 Gm/s  surv=1951585780 trip=58 sol=0  8h38m03s elapsed, ETA 2h51m34s
m=25,666,943,604,228,105 (75.59%)  809.9 Gm/s  surv=1955390643 trip=58 sol=0  8h39m03s elapsed, ETA 2h50m33s
m=25,715,906,231,402,505 (75.73%)  809.9 Gm/s  surv=1959196673 trip=59 sol=0  8h40m03s elapsed, ETA 2h49m33s
m=25,764,868,858,576,905 (75.88%)  810.0 Gm/s  surv=1963005089 trip=59 sol=0  8h41m03s elapsed, ETA 2h48m32s
m=25,813,831,485,751,305 (76.02%)  810.0 Gm/s  surv=1966812912 trip=59 sol=0  8h42m03s elapsed, ETA 2h47m31s
m=25,862,794,112,925,705 (76.17%)  810.0 Gm/s  surv=1970616558 trip=59 sol=0  8h43m03s elapsed, ETA 2h46m31s
m=25,911,756,740,100,105 (76.31%)  810.0 Gm/s  surv=1974421959 trip=59 sol=0  8h44m03s elapsed, ETA 2h45m30s
m=25,960,719,367,274,505 (76.46%)  810.0 Gm/s  surv=1978229619 trip=59 sol=0  8h45m03s elapsed, ETA 2h44m30s
m=26,009,681,994,448,905 (76.60%)  810.0 Gm/s  surv=1982036600 trip=60 sol=0  8h46m03s elapsed, ETA 2h43m29s
m=26,058,644,621,623,305 (76.74%)  810.0 Gm/s  surv=1985841393 trip=60 sol=0  8h47m03s elapsed, ETA 2h42m28s
m=26,107,607,248,797,705 (76.89%)  810.0 Gm/s  surv=1989644767 trip=60 sol=0  8h48m03s elapsed, ETA 2h41m28s
m=26,156,569,875,972,105 (77.03%)  810.0 Gm/s  surv=1993451305 trip=60 sol=0  8h49m03s elapsed, ETA 2h40m27s
m=26,205,532,503,146,505 (77.18%)  810.1 Gm/s  surv=1997256529 trip=60 sol=0  8h50m03s elapsed, ETA 2h39m27s
m=26,254,495,130,320,905 (77.32%)  810.1 Gm/s  surv=2001063201 trip=60 sol=0  8h51m03s elapsed, ETA 2h38m26s
m=26,303,457,757,495,305 (77.46%)  810.1 Gm/s  surv=2004866889 trip=60 sol=0  8h52m03s elapsed, ETA 2h37m26s
m=26,352,420,384,669,705 (77.61%)  810.1 Gm/s  surv=2008673576 trip=61 sol=0  8h53m03s elapsed, ETA 2h36m25s
m=26,401,383,011,844,105 (77.75%)  810.1 Gm/s  surv=2012481314 trip=61 sol=0  8h54m03s elapsed, ETA 2h35m24s
m=26,450,345,639,018,505 (77.90%)  810.1 Gm/s  surv=2016288222 trip=61 sol=0  8h55m03s elapsed, ETA 2h34m24s
m=26,499,308,266,192,905 (78.04%)  810.1 Gm/s  surv=2020094122 trip=61 sol=0  8h56m03s elapsed, ETA 2h33m23s
m=26,548,270,893,367,305 (78.19%)  810.1 Gm/s  surv=2023900084 trip=61 sol=0  8h57m03s elapsed, ETA 2h32m23s
m=26,597,233,520,541,705 (78.33%)  810.1 Gm/s  surv=2027705063 trip=61 sol=0  8h58m03s elapsed, ETA 2h31m22s
m=26,646,196,147,716,105 (78.47%)  810.2 Gm/s  surv=2031512977 trip=61 sol=0  8h59m03s elapsed, ETA 2h30m22s
m=26,694,540,299,599,881 (78.62%)  810.2 Gm/s  surv=2035273699 trip=61 sol=0  9h00m03s elapsed, ETA 2h29m22s
m=26,742,948,875,993,097 (78.76%)  810.1 Gm/s  surv=2039034943 trip=61 sol=0  9h01m03s elapsed, ETA 2h28m22s
m=26,791,357,452,386,313 (78.90%)  810.1 Gm/s  surv=2042797612 trip=61 sol=0  9h02m03s elapsed, ETA 2h27m23s
m=26,839,766,028,779,529 (79.04%)  810.1 Gm/s  surv=2046559762 trip=61 sol=0  9h03m03s elapsed, ETA 2h26m23s
m=26,888,174,605,172,745 (79.19%)  810.1 Gm/s  surv=2050321856 trip=62 sol=0  9h04m03s elapsed, ETA 2h25m23s
m=26,936,570,296,664,073 (79.33%)  810.1 Gm/s  surv=2054083527 trip=62 sol=0  9h05m03s elapsed, ETA 2h24m24s
m=26,984,965,988,155,401 (79.47%)  810.1 Gm/s  surv=2057844770 trip=63 sol=0  9h06m03s elapsed, ETA 2h23m24s
m=27,033,361,679,646,729 (79.61%)  810.1 Gm/s  surv=2061611726 trip=63 sol=0  9h07m03s elapsed, ETA 2h22m24s
m=27,081,757,371,138,057 (79.76%)  810.1 Gm/s  surv=2065376186 trip=65 sol=0  9h08m03s elapsed, ETA 2h21m25s
m=27,130,153,062,629,385 (79.90%)  810.1 Gm/s  surv=2069138089 trip=65 sol=0  9h09m04s elapsed, ETA 2h20m25s
m=27,178,548,754,120,713 (80.04%)  810.1 Gm/s  surv=2072899053 trip=66 sol=0  9h10m04s elapsed, ETA 2h19m25s
m=27,226,944,445,612,041 (80.18%)  810.1 Gm/s  surv=2076662682 trip=66 sol=0  9h11m04s elapsed, ETA 2h18m26s
m=27,275,340,137,103,369 (80.33%)  810.1 Gm/s  surv=2080425848 trip=67 sol=0  9h12m04s elapsed, ETA 2h17m26s
m=27,323,735,828,594,697 (80.47%)  810.1 Gm/s  surv=2084189107 trip=67 sol=0  9h13m04s elapsed, ETA 2h16m26s
m=27,372,144,404,987,913 (80.61%)  810.1 Gm/s  surv=2087949723 trip=67 sol=0  9h14m04s elapsed, ETA 2h15m27s
m=27,420,540,096,479,241 (80.75%)  810.1 Gm/s  surv=2091710597 trip=68 sol=0  9h15m04s elapsed, ETA 2h14m27s
m=27,468,935,787,970,569 (80.90%)  810.0 Gm/s  surv=2095473027 trip=69 sol=0  9h16m04s elapsed, ETA 2h13m27s
m=27,517,331,479,461,897 (81.04%)  810.0 Gm/s  surv=2099232911 trip=69 sol=0  9h17m04s elapsed, ETA 2h12m28s
m=27,565,727,170,953,225 (81.18%)  810.0 Gm/s  surv=2102997424 trip=70 sol=0  9h18m04s elapsed, ETA 2h11m28s
m=27,614,122,862,444,553 (81.32%)  810.0 Gm/s  surv=2106763828 trip=70 sol=0  9h19m04s elapsed, ETA 2h10m28s
m=27,662,518,553,935,881 (81.47%)  810.0 Gm/s  surv=2110527004 trip=70 sol=0  9h20m04s elapsed, ETA 2h09m28s
m=27,710,914,245,427,209 (81.61%)  810.0 Gm/s  surv=2114290140 trip=70 sol=0  9h21m04s elapsed, ETA 2h08m29s
m=27,759,309,936,918,537 (81.75%)  810.0 Gm/s  surv=2118052620 trip=70 sol=0  9h22m04s elapsed, ETA 2h07m29s
m=27,807,705,628,409,865 (81.89%)  810.0 Gm/s  surv=2121813962 trip=72 sol=0  9h23m04s elapsed, ETA 2h06m29s
m=27,856,101,319,901,193 (82.04%)  810.0 Gm/s  surv=2125575954 trip=72 sol=0  9h24m04s elapsed, ETA 2h05m30s
m=27,904,497,011,392,521 (82.18%)  810.0 Gm/s  surv=2129334972 trip=74 sol=0  9h25m04s elapsed, ETA 2h04m30s
m=27,952,892,702,883,849 (82.32%)  810.0 Gm/s  surv=2133097225 trip=74 sol=0  9h26m04s elapsed, ETA 2h03m30s
m=28,001,288,394,375,177 (82.46%)  810.0 Gm/s  surv=2136857240 trip=74 sol=0  9h27m04s elapsed, ETA 2h02m31s
m=28,049,684,085,866,505 (82.61%)  810.0 Gm/s  surv=2140622654 trip=74 sol=0  9h28m04s elapsed, ETA 2h01m31s
m=28,098,079,777,357,833 (82.75%)  810.0 Gm/s  surv=2144383163 trip=74 sol=0  9h29m04s elapsed, ETA 2h00m31s
m=28,146,475,468,849,161 (82.89%)  810.0 Gm/s  surv=2148146003 trip=74 sol=0  9h30m04s elapsed, ETA 1h59m32s
m=28,194,871,160,340,489 (83.03%)  810.0 Gm/s  surv=2151908490 trip=74 sol=0  9h31m04s elapsed, ETA 1h58m32s
m=28,243,266,851,831,817 (83.18%)  809.9 Gm/s  surv=2155671791 trip=74 sol=0  9h32m04s elapsed, ETA 1h57m32s
m=28,291,662,543,323,145 (83.32%)  809.9 Gm/s  surv=2159436507 trip=75 sol=0  9h33m04s elapsed, ETA 1h56m32s
m=28,340,058,234,814,473 (83.46%)  809.9 Gm/s  surv=2163197904 trip=75 sol=0  9h34m04s elapsed, ETA 1h55m33s
m=28,388,453,926,305,801 (83.60%)  809.9 Gm/s  surv=2166962785 trip=75 sol=0  9h35m04s elapsed, ETA 1h54m33s
m=28,436,849,617,797,129 (83.75%)  809.9 Gm/s  surv=2170724318 trip=75 sol=0  9h36m04s elapsed, ETA 1h53m33s
m=28,485,245,309,288,457 (83.89%)  809.9 Gm/s  surv=2174486622 trip=75 sol=0  9h37m04s elapsed, ETA 1h52m34s
m=28,533,641,000,779,785 (84.03%)  809.9 Gm/s  surv=2178249134 trip=75 sol=0  9h38m04s elapsed, ETA 1h51m34s
m=28,582,036,692,271,113 (84.17%)  809.9 Gm/s  surv=2182012908 trip=76 sol=0  9h39m04s elapsed, ETA 1h50m34s
m=28,630,432,383,762,441 (84.32%)  809.9 Gm/s  surv=2185774240 trip=76 sol=0  9h40m04s elapsed, ETA 1h49m35s
m=28,678,828,075,253,769 (84.46%)  809.9 Gm/s  surv=2189538475 trip=76 sol=0  9h41m04s elapsed, ETA 1h48m35s
m=28,727,223,766,745,097 (84.60%)  809.9 Gm/s  surv=2193296871 trip=76 sol=0  9h42m04s elapsed, ETA 1h47m35s
m=28,775,619,458,236,425 (84.74%)  809.9 Gm/s  surv=2197057880 trip=77 sol=0  9h43m04s elapsed, ETA 1h46m35s
m=28,824,015,149,727,753 (84.89%)  809.9 Gm/s  surv=2200819507 trip=78 sol=0  9h44m04s elapsed, ETA 1h45m36s
m=28,872,410,841,219,081 (85.03%)  809.9 Gm/s  surv=2204583254 trip=78 sol=0  9h45m04s elapsed, ETA 1h44m36s
m=28,920,806,532,710,409 (85.17%)  809.9 Gm/s  surv=2208345766 trip=79 sol=0  9h46m04s elapsed, ETA 1h43m36s
m=28,969,202,224,201,737 (85.32%)  809.9 Gm/s  surv=2212106824 trip=80 sol=0  9h47m04s elapsed, ETA 1h42m37s
m=29,017,597,915,693,065 (85.46%)  809.9 Gm/s  surv=2215869031 trip=80 sol=0  9h48m04s elapsed, ETA 1h41m37s
m=29,065,993,607,184,393 (85.60%)  809.8 Gm/s  surv=2219632123 trip=80 sol=0  9h49m04s elapsed, ETA 1h40m37s
m=29,114,389,298,675,721 (85.74%)  809.8 Gm/s  surv=2223394855 trip=80 sol=0  9h50m04s elapsed, ETA 1h39m37s
m=29,162,784,990,167,049 (85.89%)  809.8 Gm/s  surv=2227155874 trip=81 sol=0  9h51m04s elapsed, ETA 1h38m38s
m=29,211,180,681,658,377 (86.03%)  809.8 Gm/s  surv=2230914656 trip=81 sol=0  9h52m04s elapsed, ETA 1h37m38s
m=29,259,576,373,149,705 (86.17%)  809.8 Gm/s  surv=2234676413 trip=82 sol=0  9h53m04s elapsed, ETA 1h36m38s
m=29,307,972,064,641,033 (86.31%)  809.8 Gm/s  surv=2238437387 trip=82 sol=0  9h54m04s elapsed, ETA 1h35m39s
m=29,356,367,756,132,361 (86.46%)  809.8 Gm/s  surv=2242200240 trip=82 sol=0  9h55m04s elapsed, ETA 1h34m39s
m=29,404,763,447,623,689 (86.60%)  809.8 Gm/s  surv=2245962980 trip=83 sol=0  9h56m04s elapsed, ETA 1h33m39s
m=29,453,159,139,115,017 (86.74%)  809.8 Gm/s  surv=2249725871 trip=84 sol=0  9h57m04s elapsed, ETA 1h32m39s
m=29,501,554,830,606,345 (86.88%)  809.8 Gm/s  surv=2253488731 trip=84 sol=0  9h58m04s elapsed, ETA 1h31m40s
m=29,549,950,522,097,673 (87.03%)  809.8 Gm/s  surv=2257252910 trip=85 sol=0  9h59m04s elapsed, ETA 1h30m40s
m=29,598,075,630,649,353 (87.17%)  809.8 Gm/s  surv=2260993377 trip=85 sol=0  10h00m04s elapsed, ETA 1h29m41s
m=29,646,471,322,140,681 (87.31%)  809.8 Gm/s  surv=2264754971 trip=85 sol=0  10h01m04s elapsed, ETA 1h28m41s
m=29,694,867,013,632,009 (87.45%)  809.8 Gm/s  surv=2268520888 trip=85 sol=0  10h02m04s elapsed, ETA 1h27m41s
m=29,743,262,705,123,337 (87.59%)  809.8 Gm/s  surv=2272281024 trip=85 sol=0  10h03m04s elapsed, ETA 1h26m41s
m=29,791,658,396,614,665 (87.74%)  809.8 Gm/s  surv=2276041537 trip=86 sol=0  10h04m04s elapsed, ETA 1h25m42s
m=29,840,066,973,007,881 (87.88%)  809.8 Gm/s  surv=2279805518 trip=86 sol=0  10h05m04s elapsed, ETA 1h24m42s
m=29,888,475,549,401,097 (88.02%)  809.7 Gm/s  surv=2283571146 trip=86 sol=0  10h06m04s elapsed, ETA 1h23m42s
m=29,936,871,240,892,425 (88.16%)  809.7 Gm/s  surv=2287334299 trip=86 sol=0  10h07m04s elapsed, ETA 1h22m42s
m=29,985,266,932,383,753 (88.31%)  809.7 Gm/s  surv=2291096063 trip=86 sol=0  10h08m04s elapsed, ETA 1h21m43s
m=30,033,662,623,875,081 (88.45%)  809.7 Gm/s  surv=2294858771 trip=86 sol=0  10h09m04s elapsed, ETA 1h20m43s
m=30,082,058,315,366,409 (88.59%)  809.7 Gm/s  surv=2298621113 trip=86 sol=0  10h10m04s elapsed, ETA 1h19m43s
m=30,130,892,093,521,929 (88.74%)  809.7 Gm/s  surv=2302419120 trip=86 sol=0  10h11m04s elapsed, ETA 1h18m43s
m=30,179,300,669,915,145 (88.88%)  809.7 Gm/s  surv=2306183120 trip=88 sol=0  10h12m04s elapsed, ETA 1h17m43s
m=30,227,696,361,406,473 (89.02%)  809.7 Gm/s  surv=2309944194 trip=88 sol=0  10h13m04s elapsed, ETA 1h16m43s
m=30,276,092,052,897,801 (89.16%)  809.7 Gm/s  surv=2313706130 trip=89 sol=0  10h14m04s elapsed, ETA 1h15m44s
m=30,324,487,744,389,129 (89.31%)  809.7 Gm/s  surv=2317471614 trip=89 sol=0  10h15m04s elapsed, ETA 1h14m44s
m=30,372,883,435,880,457 (89.45%)  809.7 Gm/s  surv=2321232665 trip=89 sol=0  10h16m04s elapsed, ETA 1h13m44s
m=30,421,279,127,371,785 (89.59%)  809.7 Gm/s  surv=2324995780 trip=91 sol=0  10h17m04s elapsed, ETA 1h12m44s
m=30,469,674,818,863,113 (89.73%)  809.7 Gm/s  surv=2328756894 trip=91 sol=0  10h18m04s elapsed, ETA 1h11m45s
m=30,518,070,510,354,441 (89.88%)  809.7 Gm/s  surv=2332517112 trip=91 sol=0  10h19m04s elapsed, ETA 1h10m45s
m=30,566,466,201,845,769 (90.02%)  809.7 Gm/s  surv=2336281380 trip=91 sol=0  10h20m04s elapsed, ETA 1h09m45s
m=30,614,861,893,337,097 (90.16%)  809.7 Gm/s  surv=2340046130 trip=91 sol=0  10h21m04s elapsed, ETA 1h08m45s
m=30,663,257,584,828,425 (90.30%)  809.7 Gm/s  surv=2343804717 trip=92 sol=0  10h22m04s elapsed, ETA 1h07m46s
m=30,711,653,276,319,753 (90.45%)  809.7 Gm/s  surv=2347566262 trip=92 sol=0  10h23m04s elapsed, ETA 1h06m46s
m=30,760,048,967,811,081 (90.59%)  809.7 Gm/s  surv=2351329170 trip=93 sol=0  10h24m04s elapsed, ETA 1h05m46s
m=30,808,444,659,302,409 (90.73%)  809.7 Gm/s  surv=2355093777 trip=93 sol=0  10h25m04s elapsed, ETA 1h04m46s
m=30,857,239,782,752,265 (90.88%)  809.7 Gm/s  surv=2358884738 trip=93 sol=0  10h26m04s elapsed, ETA 1h03m46s
m=30,905,635,474,243,593 (91.02%)  809.7 Gm/s  surv=2362645077 trip=93 sol=0  10h27m04s elapsed, ETA 1h02m46s
m=30,954,031,165,734,921 (91.16%)  809.7 Gm/s  surv=2366404084 trip=94 sol=0  10h28m04s elapsed, ETA 1h01m47s
m=31,002,426,857,226,249 (91.30%)  809.7 Gm/s  surv=2370166874 trip=95 sol=0  10h29m04s elapsed, ETA 1h00m47s
m=31,050,822,548,717,577 (91.45%)  809.6 Gm/s  surv=2373927552 trip=95 sol=0  10h30m04s elapsed, ETA 59m47s
m=31,099,218,240,208,905 (91.59%)  809.6 Gm/s  surv=2377687829 trip=95 sol=0  10h31m04s elapsed, ETA 58m47s
m=31,147,858,744,836,105 (91.73%)  809.6 Gm/s  surv=2381467587 trip=95 sol=0  10h32m04s elapsed, ETA 57m47s
m=31,196,821,372,010,505 (91.88%)  809.7 Gm/s  surv=2385276245 trip=95 sol=0  10h33m04s elapsed, ETA 56m47s
m=31,245,242,833,305,609 (92.02%)  809.6 Gm/s  surv=2389041167 trip=95 sol=0  10h34m04s elapsed, ETA 55m47s
m=31,293,638,524,796,937 (92.16%)  809.6 Gm/s  surv=2392804058 trip=96 sol=0  10h35m04s elapsed, ETA 54m47s
m=31,342,034,216,288,265 (92.30%)  809.6 Gm/s  surv=2396562927 trip=96 sol=0  10h36m04s elapsed, ETA 53m47s
m=31,390,494,332,289,033 (92.45%)  809.6 Gm/s  surv=2400327193 trip=96 sol=0  10h37m04s elapsed, ETA 52m48s
m=31,439,456,959,463,433 (92.59%)  809.6 Gm/s  surv=2404131539 trip=96 sol=0  10h38m04s elapsed, ETA 51m47s
m=31,487,865,535,856,649 (92.73%)  809.6 Gm/s  surv=2407891789 trip=96 sol=0  10h39m04s elapsed, ETA 50m47s
m=31,536,261,227,347,977 (92.88%)  809.6 Gm/s  surv=2411652678 trip=96 sol=0  10h40m04s elapsed, ETA 49m48s
m=31,584,656,918,839,305 (93.02%)  809.6 Gm/s  surv=2415411582 trip=97 sol=0  10h41m04s elapsed, ETA 48m48s
m=31,610,555,571,634,185 (93.09%)  809.6 Gm/s  surv=2417423797 trip=98 sol=1 best=31610535900218923  10h41m36s elapsed, ETA 48m16s
scanned m <= 31,610,555,571,634,179: 2417423797 survivors, 98 triples, 1 solutions
