A359636 level n=9: m in [9, 76,340,177,205,657,729] (m = 3 mod 6, 12723362867609621 values), 10 threads, chunk 67108864
sieve primes 5..800 (127 strided), each target needs >= 5 prime factors <= 800 (threshold 4 after the forced 2/3), 1.72 marks per k
m=402,653,193 (0.00%)  6.91 Gm/s  surv=12734 trip=0 sol=0  0s elapsed, ETA 127d19h14m
m=3,610,993,754,121 (0.00%)  60.09 Gm/s  surv=10258051 trip=0 sol=0  1m00s elapsed, ETA 14d16h54m
m=6,909,528,637,449 (0.01%)  57.53 Gm/s  surv=20075681 trip=0 sol=0  2m00s elapsed, ETA 15d08h34m
m=9,506,239,021,065 (0.01%)  52.77 Gm/s  surv=27784827 trip=0 sol=0  3m00s elapsed, ETA 16d17h47m
m=11,839,211,569,161 (0.02%)  49.30 Gm/s  surv=34693091 trip=0 sol=0  4m00s elapsed, ETA 17d22h05m
m=14,184,666,365,961 (0.02%)  47.25 Gm/s  surv=41618710 trip=0 sol=0  5m00s elapsed, ETA 18d16h42m
m=16,547,435,249,673 (0.02%)  45.93 Gm/s  surv=48568897 trip=0 sol=0  6m00s elapsed, ETA 19d05h32m
m=18,890,876,780,553 (0.02%)  44.95 Gm/s  surv=55445363 trip=0 sol=0  7m00s elapsed, ETA 19d15h41m
m=21,233,110,351,881 (0.03%)  44.20 Gm/s  surv=62300949 trip=0 sol=0  8m00s elapsed, ETA 19d23h36m
m=23,584,202,293,257 (0.03%)  43.64 Gm/s  surv=69161833 trip=0 sol=0  9m00s elapsed, ETA 20d05h43m
m=25,969,922,408,457 (0.03%)  43.25 Gm/s  surv=76115279 trip=0 sol=0  10m00s elapsed, ETA 20d10h05m
m=28,376,580,489,225 (0.04%)  42.97 Gm/s  surv=83124210 trip=0 sol=0  11m00s elapsed, ETA 20d13h21m
m=30,763,508,563,977 (0.04%)  42.70 Gm/s  surv=90046267 trip=0 sol=0  12m00s elapsed, ETA 20d16h26m
m=33,123,861,528,585 (0.04%)  42.44 Gm/s  surv=96877441 trip=0 sol=0  13m00s elapsed, ETA 20d19h29m
m=35,510,386,950,153 (0.05%)  42.24 Gm/s  surv=103783223 trip=0 sol=0  14m00s elapsed, ETA 20d21h44m
m=37,859,062,972,425 (0.05%)  42.04 Gm/s  surv=110567162 trip=0 sol=0  15m00s elapsed, ETA 21d00h11m
m=40,244,783,087,625 (0.05%)  41.89 Gm/s  surv=117453345 trip=0 sol=0  16m00s elapsed, ETA 21d01h54m
m=42,579,366,248,457 (0.06%)  41.72 Gm/s  surv=124185134 trip=0 sol=0  17m00s elapsed, ETA 21d04h01m
m=44,913,949,409,289 (0.06%)  41.56 Gm/s  surv=130902401 trip=0 sol=0  18m00s elapsed, ETA 21d05h55m
m=47,189,342,552,073 (0.06%)  41.37 Gm/s  surv=137437881 trip=0 sol=0  19m00s elapsed, ETA 21d08h16m
m=49,503,793,053,705 (0.06%)  41.23 Gm/s  surv=144088120 trip=0 sol=0  20m00s elapsed, ETA 21d10h01m
m=51,826,699,272,201 (0.07%)  41.11 Gm/s  surv=150751323 trip=0 sol=0  21m00s elapsed, ETA 21d11h31m
m=54,169,335,496,713 (0.07%)  41.01 Gm/s  surv=157470842 trip=0 sol=0  22m00s elapsed, ETA 21d12h42m
m=56,528,883,154,953 (0.07%)  40.94 Gm/s  surv=164228501 trip=0 sol=0  23m00s elapsed, ETA 21d13h38m
m=58,931,112,050,697 (0.08%)  40.90 Gm/s  surv=171103371 trip=0 sol=0  24m01s elapsed, ETA 21d14h07m
m=61,282,203,992,073 (0.08%)  40.83 Gm/s  surv=177820468 trip=0 sol=0  25m01s elapsed, ETA 21d14h59m
m=63,698,928,402,441 (0.08%)  40.81 Gm/s  surv=184724552 trip=0 sol=0  26m01s elapsed, ETA 21d15h14m
m=66,095,117,500,425 (0.09%)  40.77 Gm/s  surv=191562863 trip=0 sol=0  27m01s elapsed, ETA 21d15h40m
m=68,511,439,257,609 (0.09%)  40.75 Gm/s  surv=198460823 trip=0 sol=0  28m01s elapsed, ETA 21d15h53m
m=70,877,429,366,793 (0.09%)  40.70 Gm/s  surv=205214654 trip=0 sol=0  29m01s elapsed, ETA 21d16h28m
m=73,250,667,233,289 (0.10%)  40.67 Gm/s  surv=211974949 trip=0 sol=0  30m01s elapsed, ETA 21d16h57m
m=75,623,905,099,785 (0.10%)  40.63 Gm/s  surv=218735679 trip=0 sol=0  31m01s elapsed, ETA 21d17h24m
m=77,946,006,011,913 (0.10%)  40.57 Gm/s  surv=225341902 trip=0 sol=0  32m01s elapsed, ETA 21d18h10m
m=80,296,292,646,921 (0.11%)  40.53 Gm/s  surv=232025726 trip=0 sol=0  33m01s elapsed, ETA 21d18h42m
m=82,653,424,386,057 (0.11%)  40.49 Gm/s  surv=238728022 trip=0 sol=0  34m01s elapsed, ETA 21d19h11m
m=84,982,773,055,497 (0.11%)  40.44 Gm/s  surv=245347442 trip=0 sol=0  35m01s elapsed, ETA 21d19h47m
m=87,308,497,846,281 (0.11%)  40.39 Gm/s  surv=251953797 trip=0 sol=0  36m01s elapsed, ETA 21d20h23m
m=89,647,107,538,953 (0.12%)  40.35 Gm/s  surv=258591345 trip=0 sol=0  37m01s elapsed, ETA 21d20h53m
m=92,010,681,729,033 (0.12%)  40.33 Gm/s  surv=265306132 trip=0 sol=0  38m01s elapsed, ETA 21d21h12m
m=94,356,539,179,017 (0.12%)  40.30 Gm/s  surv=271948974 trip=0 sol=0  39m01s elapsed, ETA 21d21h36m
m=96,719,710,715,913 (0.13%)  40.27 Gm/s  surv=278655465 trip=0 sol=0  40m01s elapsed, ETA 21d21h53m
m=99,084,492,865,545 (0.13%)  40.25 Gm/s  surv=285347951 trip=0 sol=0  41m01s elapsed, ETA 21d22h09m
m=101,438,806,032,393 (0.13%)  40.22 Gm/s  surv=292020224 trip=0 sol=0  42m01s elapsed, ETA 21d22h28m
m=103,796,743,077,897 (0.14%)  40.20 Gm/s  surv=298686105 trip=0 sol=0  43m01s elapsed, ETA 21d22h45m
m=106,147,029,712,905 (0.14%)  40.18 Gm/s  surv=305338117 trip=0 sol=0  44m01s elapsed, ETA 21d23h03m
m=108,511,409,209,353 (0.14%)  40.16 Gm/s  surv=312026675 trip=0 sol=0  45m02s elapsed, ETA 21d23h17m
m=110,882,633,809,929 (0.15%)  40.14 Gm/s  surv=318732623 trip=0 sol=0  46m02s elapsed, ETA 21d23h29m
m=113,238,154,936,329 (0.15%)  40.12 Gm/s  surv=325397871 trip=0 sol=0  47m02s elapsed, ETA 21d23h44m
m=115,596,091,981,833 (0.15%)  40.10 Gm/s  surv=332070906 trip=0 sol=0  48m02s elapsed, ETA 21d23h57m
m=117,942,352,085,001 (0.15%)  40.08 Gm/s  surv=338692606 trip=0 sol=0  49m02s elapsed, ETA 22d00h13m
m=120,305,523,621,897 (0.16%)  40.07 Gm/s  surv=345369523 trip=0 sol=0  50m02s elapsed, ETA 22d00h24m
m=122,756,473,552,905 (0.16%)  40.08 Gm/s  surv=352292119 trip=0 sol=0  51m02s elapsed, ETA 22d00h11m
m=125,219,503,079,433 (0.16%)  40.10 Gm/s  surv=359242113 trip=0 sol=0  52m02s elapsed, ETA 21d23h56m
m=127,678,103,420,937 (0.17%)  40.12 Gm/s  surv=366181891 trip=0 sol=0  53m02s elapsed, ETA 21d23h42m
m=130,134,287,843,337 (0.17%)  40.13 Gm/s  surv=373117309 trip=0 sol=0  54m02s elapsed, ETA 21d23h30m
m=132,602,551,861,257 (0.17%)  40.15 Gm/s  surv=380083171 trip=0 sol=0  55m02s elapsed, ETA 21d23h15m
m=135,065,178,734,601 (0.18%)  40.16 Gm/s  surv=387023851 trip=0 sol=0  56m02s elapsed, ETA 21d23h02m
m=137,525,792,342,025 (0.18%)  40.18 Gm/s  surv=393962592 trip=0 sol=0  57m02s elapsed, ETA 21d22h50m
m=139,994,861,666,313 (0.18%)  40.19 Gm/s  surv=400923063 trip=0 sol=0  58m02s elapsed, ETA 21d22h36m
m=142,442,590,371,849 (0.19%)  40.20 Gm/s  surv=407816705 trip=0 sol=0  59m02s elapsed, ETA 21d22h27m
m=144,911,257,042,953 (0.19%)  40.22 Gm/s  surv=414768954 trip=0 sol=0  1h00m03s elapsed, ETA 21d22h14m
m=147,380,326,367,241 (0.19%)  40.23 Gm/s  surv=421721448 trip=0 sol=0  1h01m03s elapsed, ETA 21d22h02m
m=149,846,577,119,241 (0.20%)  40.25 Gm/s  surv=428667507 trip=0 sol=0  1h02m03s elapsed, ETA 21d21h51m
m=152,317,659,709,449 (0.20%)  40.26 Gm/s  surv=435621995 trip=0 sol=0  1h03m03s elapsed, ETA 21d21h39m
m=154,770,622,906,377 (0.20%)  40.27 Gm/s  surv=442525217 trip=0 sol=0  1h04m03s elapsed, ETA 21d21h30m
m=157,237,678,964,745 (0.21%)  40.28 Gm/s  surv=449467782 trip=0 sol=0  1h05m03s elapsed, ETA 21d21h19m
m=159,714,398,699,529 (0.21%)  40.30 Gm/s  surv=456430328 trip=0 sol=0  1h06m03s elapsed, ETA 21d21h07m
m=162,178,636,185,609 (0.21%)  40.31 Gm/s  surv=463363075 trip=0 sol=0  1h07m03s elapsed, ETA 21d20h58m
m=164,642,471,018,505 (0.22%)  40.32 Gm/s  surv=470288422 trip=0 sol=0  1h08m03s elapsed, ETA 21d20h49m
m=167,089,797,070,857 (0.22%)  40.32 Gm/s  surv=477171775 trip=0 sol=0  1h09m03s elapsed, ETA 21d20h43m
m=169,552,826,597,385 (0.22%)  40.33 Gm/s  surv=484096963 trip=0 sol=0  1h10m03s elapsed, ETA 21d20h34m
m=172,024,311,840,777 (0.23%)  40.35 Gm/s  surv=491041623 trip=0 sol=0  1h11m03s elapsed, ETA 21d20h24m
m=174,485,730,754,569 (0.23%)  40.36 Gm/s  surv=497968977 trip=0 sol=0  1h12m03s elapsed, ETA 21d20h16m
m=176,958,826,610,697 (0.23%)  40.37 Gm/s  surv=504914210 trip=0 sol=0  1h13m03s elapsed, ETA 21d20h06m
m=179,429,909,200,905 (0.24%)  40.38 Gm/s  surv=511858433 trip=0 sol=0  1h14m03s elapsed, ETA 21d19h57m
m=181,892,133,421,065 (0.24%)  40.38 Gm/s  surv=518768422 trip=0 sol=0  1h15m03s elapsed, ETA 21d19h50m
m=184,357,981,519,881 (0.24%)  40.39 Gm/s  surv=525695116 trip=0 sol=0  1h16m04s elapsed, ETA 21d19h42m
m=186,825,037,578,249 (0.24%)  40.40 Gm/s  surv=532626654 trip=0 sol=0  1h17m04s elapsed, ETA 21d19h34m
m=189,294,509,555,721 (0.25%)  40.41 Gm/s  surv=539554060 trip=0 sol=0  1h18m04s elapsed, ETA 21d19h25m
m=191,741,030,301,705 (0.25%)  40.42 Gm/s  surv=546420737 trip=0 sol=0  1h19m04s elapsed, ETA 21d19h21m
m=194,208,891,666,441 (0.25%)  40.42 Gm/s  surv=553349484 trip=0 sol=0  1h20m04s elapsed, ETA 21d19h14m
m=196,675,545,071,625 (0.26%)  40.43 Gm/s  surv=560270320 trip=0 sol=0  1h21m04s elapsed, ETA 21d19h07m
m=199,143,406,436,361 (0.26%)  40.44 Gm/s  surv=567191462 trip=0 sol=0  1h22m04s elapsed, ETA 21d18h59m
m=201,609,657,188,361 (0.26%)  40.45 Gm/s  surv=574108087 trip=0 sol=0  1h23m04s elapsed, ETA 21d18h52m
m=204,067,854,876,681 (0.27%)  40.45 Gm/s  surv=581005757 trip=0 sol=0  1h24m04s elapsed, ETA 21d18h47m
m=206,542,561,345,545 (0.27%)  40.46 Gm/s  surv=587947201 trip=0 sol=0  1h25m04s elapsed, ETA 21d18h39m
m=209,012,435,976,201 (0.27%)  40.47 Gm/s  surv=594872892 trip=0 sol=0  1h26m04s elapsed, ETA 21d18h32m
m=211,475,465,502,729 (0.28%)  40.48 Gm/s  surv=601780063 trip=0 sol=0  1h27m04s elapsed, ETA 21d18h26m
m=213,937,287,069,705 (0.28%)  40.48 Gm/s  surv=608683343 trip=0 sol=0  1h28m04s elapsed, ETA 21d18h21m
m=216,380,586,590,217 (0.28%)  40.49 Gm/s  surv=615530297 trip=0 sol=0  1h29m04s elapsed, ETA 21d18h18m
m=218,848,850,608,137 (0.29%)  40.49 Gm/s  surv=622444515 trip=0 sol=0  1h30m04s elapsed, ETA 21d18h11m
m=221,314,698,706,953 (0.29%)  40.50 Gm/s  surv=629353100 trip=0 sol=0  1h31m04s elapsed, ETA 21d18h05m
m=223,777,728,233,481 (0.29%)  40.50 Gm/s  surv=636253969 trip=0 sol=0  1h32m04s elapsed, ETA 21d18h00m
m=226,242,368,372,745 (0.30%)  40.51 Gm/s  surv=643155491 trip=0 sol=0  1h33m04s elapsed, ETA 21d17h54m
m=228,711,840,350,217 (0.30%)  40.52 Gm/s  surv=650076298 trip=0 sol=0  1h34m04s elapsed, ETA 21d17h48m
m=231,184,130,899,977 (0.30%)  40.52 Gm/s  surv=657002223 trip=0 sol=0  1h35m04s elapsed, ETA 21d17h42m
m=233,656,421,449,737 (0.31%)  40.53 Gm/s  surv=663929889 trip=0 sol=0  1h36m05s elapsed, ETA 21d17h36m
m=236,124,282,814,473 (0.31%)  40.54 Gm/s  surv=670843047 trip=0 sol=0  1h37m05s elapsed, ETA 21d17h30m
m=238,593,352,138,761 (0.31%)  40.54 Gm/s  surv=677755849 trip=0 sol=0  1h38m05s elapsed, ETA 21d17h25m
m=241,043,496,763,401 (0.32%)  40.54 Gm/s  surv=684615857 trip=0 sol=0  1h39m05s elapsed, ETA 21d17h22m
m=243,508,942,209,033 (0.32%)  40.55 Gm/s  surv=691519664 trip=0 sol=0  1h40m05s elapsed, ETA 21d17h17m
m=245,978,816,839,689 (0.32%)  40.55 Gm/s  surv=698428855 trip=0 sol=0  1h41m05s elapsed, ETA 21d17h12m
m=248,438,625,140,745 (0.33%)  40.56 Gm/s  surv=705318118 trip=0 sol=0  1h42m05s elapsed, ETA 21d17h08m
m=250,911,720,996,873 (0.33%)  40.56 Gm/s  surv=712231768 trip=0 sol=0  1h43m05s elapsed, ETA 21d17h02m
m=253,370,723,991,561 (0.33%)  40.57 Gm/s  surv=719112717 trip=0 sol=0  1h44m05s elapsed, ETA 21d16h58m
m=255,844,222,500,873 (0.34%)  40.57 Gm/s  surv=726034983 trip=0 sol=0  1h45m05s elapsed, ETA 21d16h53m
m=258,309,265,293,321 (0.34%)  40.58 Gm/s  surv=732931615 trip=0 sol=0  1h46m05s elapsed, ETA 21d16h49m
m=260,786,387,681,289 (0.34%)  40.58 Gm/s  surv=739869430 trip=0 sol=0  1h47m05s elapsed, ETA 21d16h43m
m=263,242,169,450,505 (0.34%)  40.59 Gm/s  surv=746749444 trip=0 sol=0  1h48m05s elapsed, ETA 21d16h40m
m=265,686,274,277,385 (0.35%)  40.59 Gm/s  surv=753575278 trip=0 sol=0  1h49m05s elapsed, ETA 21d16h38m
m=268,145,679,925,257 (0.35%)  40.59 Gm/s  surv=760456616 trip=0 sol=0  1h50m05s elapsed, ETA 21d16h34m
m=270,615,957,209,097 (0.35%)  40.60 Gm/s  surv=767370443 trip=0 sol=0  1h51m06s elapsed, ETA 21d16h30m
m=273,084,623,880,201 (0.36%)  40.60 Gm/s  surv=774272625 trip=0 sol=0  1h52m06s elapsed, ETA 21d16h25m
m=275,557,317,083,145 (0.36%)  40.61 Gm/s  surv=781186511 trip=0 sol=0  1h53m06s elapsed, ETA 21d16h20m
m=278,024,373,141,513 (0.36%)  40.61 Gm/s  surv=788092542 trip=0 sol=0  1h54m06s elapsed, ETA 21d16h15m
m=280,499,482,263,561 (0.37%)  40.62 Gm/s  surv=795010005 trip=0 sol=0  1h55m06s elapsed, ETA 21d16h11m
m=282,972,175,466,505 (0.37%)  40.62 Gm/s  surv=801928830 trip=0 sol=0  1h56m06s elapsed, ETA 21d16h06m
m=285,439,231,524,873 (0.37%)  40.62 Gm/s  surv=808822832 trip=0 sol=0  1h57m06s elapsed, ETA 21d16h02m
m=287,908,703,502,345 (0.38%)  40.63 Gm/s  surv=815725006 trip=0 sol=0  1h58m06s elapsed, ETA 21d15h58m
m=290,353,613,635,593 (0.38%)  40.63 Gm/s  surv=822564629 trip=0 sol=0  1h59m06s elapsed, ETA 21d15h56m
m=292,821,072,347,145 (0.38%)  40.63 Gm/s  surv=829456508 trip=0 sol=0  2h00m06s elapsed, ETA 21d15h52m
m=295,289,739,018,249 (0.39%)  40.64 Gm/s  surv=836355944 trip=0 sol=0  2h01m06s elapsed, ETA 21d15h48m
m=297,757,197,729,801 (0.39%)  40.64 Gm/s  surv=843246419 trip=0 sol=0  2h02m06s elapsed, ETA 21d15h45m
m=300,219,421,949,961 (0.39%)  40.64 Gm/s  surv=850126964 trip=0 sol=0  2h03m06s elapsed, ETA 21d15h41m
m=302,687,283,314,697 (0.40%)  40.65 Gm/s  surv=857017892 trip=0 sol=0  2h04m06s elapsed, ETA 21d15h38m
m=305,151,118,147,593 (0.40%)  40.65 Gm/s  surv=863900001 trip=0 sol=0  2h05m06s elapsed, ETA 21d15h34m
m=307,611,731,755,017 (0.40%)  40.65 Gm/s  surv=870782328 trip=0 sol=0  2h06m06s elapsed, ETA 21d15h31m
m=310,074,761,281,545 (0.41%)  40.66 Gm/s  surv=877665765 trip=0 sol=0  2h07m06s elapsed, ETA 21d15h28m
m=312,532,153,663,497 (0.41%)  40.66 Gm/s  surv=884531901 trip=0 sol=0  2h08m06s elapsed, ETA 21d15h25m
m=314,981,492,981,769 (0.41%)  40.66 Gm/s  surv=891371156 trip=0 sol=0  2h09m07s elapsed, ETA 21d15h24m
m=317,446,133,121,033 (0.42%)  40.66 Gm/s  surv=898260740 trip=0 sol=0  2h10m07s elapsed, ETA 21d15h20m
m=319,911,578,566,665 (0.42%)  40.66 Gm/s  surv=905146164 trip=0 sol=0  2h11m07s elapsed, ETA 21d15h17m
m=322,379,842,584,585 (0.42%)  40.67 Gm/s  surv=912045336 trip=0 sol=0  2h12m07s elapsed, ETA 21d15h14m
m=324,850,119,868,425 (0.43%)  40.67 Gm/s  surv=918944035 trip=0 sol=0  2h13m07s elapsed, ETA 21d15h10m
m=327,319,994,499,081 (0.43%)  40.67 Gm/s  surv=925844195 trip=0 sol=0  2h14m07s elapsed, ETA 21d15h06m
m=329,784,634,638,345 (0.43%)  40.68 Gm/s  surv=932733267 trip=0 sol=0  2h15m07s elapsed, ETA 21d15h03m
m=333,483,809,439,753 (0.44%)  40.83 Gm/s  surv=943066328 trip=0 sol=0  2h16m07s elapsed, ETA 21d13h04m
m=336,390,965,428,233 (0.44%)  40.89 Gm/s  surv=951178964 trip=0 sol=0  2h17m07s elapsed, ETA 21d12h21m
m=339,010,627,043,337 (0.44%)  40.91 Gm/s  surv=958493767 trip=0 sol=0  2h18m07s elapsed, ETA 21d12h05m
m=341,611,766,611,977 (0.45%)  40.92 Gm/s  surv=965752300 trip=0 sol=0  2h19m07s elapsed, ETA 21d11h51m
m=344,232,636,186,633 (0.45%)  40.94 Gm/s  surv=973066047 trip=0 sol=0  2h20m07s elapsed, ETA 21d11h35m
m=346,853,103,108,105 (0.45%)  40.96 Gm/s  surv=980384616 trip=0 sol=0  2h21m07s elapsed, ETA 21d11h19m
m=349,476,388,601,865 (0.46%)  40.98 Gm/s  surv=987706301 trip=0 sol=0  2h22m07s elapsed, ETA 21d11h04m
m=352,098,063,482,889 (0.46%)  41.00 Gm/s  surv=995024651 trip=0 sol=0  2h23m07s elapsed, ETA 21d10h49m
m=354,706,853,462,025 (0.46%)  41.02 Gm/s  surv=1002300384 trip=0 sol=0  2h24m07s elapsed, ETA 21d10h35m
m=357,318,864,666,633 (0.47%)  41.03 Gm/s  surv=1009590120 trip=0 sol=0  2h25m07s elapsed, ETA 21d10h21m
m=359,927,654,645,769 (0.47%)  41.05 Gm/s  surv=1016876988 trip=0 sol=0  2h26m07s elapsed, ETA 21d10h07m
m=362,539,263,197,193 (0.47%)  41.07 Gm/s  surv=1024157541 trip=0 sol=0  2h27m07s elapsed, ETA 21d09h54m
m=365,141,610,725,385 (0.48%)  41.08 Gm/s  surv=1031426550 trip=0 sol=0  2h28m07s elapsed, ETA 21d09h41m
m=367,723,825,594,377 (0.48%)  41.10 Gm/s  surv=1038629481 trip=0 sol=0  2h29m07s elapsed, ETA 21d09h30m
m=370,321,341,284,361 (0.49%)  41.11 Gm/s  surv=1045878456 trip=0 sol=0  2h30m07s elapsed, ETA 21d09h19m
m=372,949,055,963,145 (0.49%)  41.13 Gm/s  surv=1053206487 trip=0 sol=0  2h31m07s elapsed, ETA 21d09h04m
m=375,573,549,416,457 (0.49%)  41.15 Gm/s  surv=1060523666 trip=0 sol=0  2h32m08s elapsed, ETA 21d08h51m
m=378,194,418,991,113 (0.50%)  41.16 Gm/s  surv=1067838304 trip=0 sol=0  2h33m08s elapsed, ETA 21d08h37m
m=380,813,275,299,849 (0.50%)  41.18 Gm/s  surv=1075150839 trip=0 sol=0  2h34m08s elapsed, ETA 21d08h24m
m=383,440,184,672,265 (0.50%)  41.19 Gm/s  surv=1082471081 trip=0 sol=0  2h35m08s elapsed, ETA 21d08h11m
m=386,071,925,882,889 (0.51%)  41.21 Gm/s  surv=1089814578 trip=0 sol=0  2h36m08s elapsed, ETA 21d07h57m
m=388,696,419,336,201 (0.51%)  41.23 Gm/s  surv=1097133015 trip=0 sol=0  2h37m08s elapsed, ETA 21d07h44m
m=391,319,704,829,961 (0.51%)  41.24 Gm/s  surv=1104444298 trip=0 sol=0  2h38m08s elapsed, ETA 21d07h32m
m=393,918,831,132,681 (0.52%)  41.26 Gm/s  surv=1111700411 trip=0 sol=0  2h39m08s elapsed, ETA 21d07h21m
m=396,546,143,158,281 (0.52%)  41.27 Gm/s  surv=1119026750 trip=0 sol=0  2h40m08s elapsed, ETA 21d07h08m
m=399,167,415,386,121 (0.52%)  41.29 Gm/s  surv=1126340599 trip=0 sol=0  2h41m08s elapsed, ETA 21d06h56m
m=401,792,311,492,617 (0.53%)  41.30 Gm/s  surv=1133656771 trip=0 sol=0  2h42m08s elapsed, ETA 21d06h44m
m=404,409,154,535,433 (0.53%)  41.31 Gm/s  surv=1140963383 trip=0 sol=0  2h43m08s elapsed, ETA 21d06h33m
m=407,026,400,231,433 (0.53%)  41.33 Gm/s  surv=1148253141 trip=0 sol=0  2h44m08s elapsed, ETA 21d06h21m
m=409,650,088,378,377 (0.54%)  41.34 Gm/s  surv=1155570485 trip=0 sol=0  2h45m08s elapsed, ETA 21d06h10m
m=412,270,555,299,849 (0.54%)  41.36 Gm/s  surv=1162875851 trip=0 sol=0  2h46m08s elapsed, ETA 21d05h58m
m=414,893,840,793,609 (0.54%)  41.37 Gm/s  surv=1170190185 trip=0 sol=0  2h47m08s elapsed, ETA 21d05h47m
m=417,517,528,940,553 (0.55%)  41.38 Gm/s  surv=1177506990 trip=0 sol=0  2h48m08s elapsed, ETA 21d05h35m
m=420,125,513,613,321 (0.55%)  41.40 Gm/s  surv=1184772300 trip=0 sol=0  2h49m08s elapsed, ETA 21d05h26m
m=422,748,396,453,897 (0.55%)  41.41 Gm/s  surv=1192086142 trip=0 sol=0  2h50m08s elapsed, ETA 21d05h15m
m=425,374,500,519,945 (0.56%)  41.42 Gm/s  surv=1199411467 trip=0 sol=0  2h51m08s elapsed, ETA 21d05h04m
m=427,998,993,973,257 (0.56%)  41.44 Gm/s  surv=1206728766 trip=0 sol=0  2h52m08s elapsed, ETA 21d04h53m
m=430,623,890,079,753 (0.56%)  41.45 Gm/s  surv=1214048038 trip=0 sol=0  2h53m09s elapsed, ETA 21d04h42m
m=433,242,343,735,305 (0.57%)  41.46 Gm/s  surv=1221348824 trip=0 sol=0  2h54m09s elapsed, ETA 21d04h32m
m=435,869,655,760,905 (0.57%)  41.48 Gm/s  surv=1228670922 trip=0 sol=0  2h55m09s elapsed, ETA 21d04h21m
m=438,488,914,722,825 (0.57%)  41.49 Gm/s  surv=1235971205 trip=0 sol=0  2h56m09s elapsed, ETA 21d04h11m
m=441,113,408,176,137 (0.58%)  41.50 Gm/s  surv=1243282038 trip=0 sol=0  2h57m09s elapsed, ETA 21d04h01m
m=443,733,472,444,425 (0.58%)  41.51 Gm/s  surv=1250588155 trip=0 sol=0  2h58m09s elapsed, ETA 21d03h51m
m=446,341,859,770,377 (0.58%)  41.52 Gm/s  surv=1257857110 trip=0 sol=0  2h59m09s elapsed, ETA 21d03h42m
m=448,957,494,853,641 (0.59%)  41.53 Gm/s  surv=1265145411 trip=0 sol=0  3h00m09s elapsed, ETA 21d03h33m
m=451,577,156,468,745 (0.59%)  41.55 Gm/s  surv=1272448017 trip=0 sol=0  3h01m09s elapsed, ETA 21d03h24m
m=454,200,441,962,505 (0.59%)  41.56 Gm/s  surv=1279757967 trip=0 sol=0  3h02m09s elapsed, ETA 21d03h14m
m=456,825,740,722,185 (0.60%)  41.57 Gm/s  surv=1287070946 trip=0 sol=0  3h03m09s elapsed, ETA 21d03h04m
m=459,448,220,909,577 (0.60%)  41.58 Gm/s  surv=1294380336 trip=0 sol=0  3h04m09s elapsed, ETA 21d02h55m
m=462,075,130,281,993 (0.61%)  41.59 Gm/s  surv=1301700869 trip=0 sol=0  3h05m09s elapsed, ETA 21d02h45m
m=464,703,650,267,145 (0.61%)  41.60 Gm/s  surv=1309028018 trip=0 sol=0  3h06m09s elapsed, ETA 21d02h35m
m=467,326,130,454,537 (0.61%)  41.62 Gm/s  surv=1316333927 trip=0 sol=0  3h07m09s elapsed, ETA 21d02h26m
m=469,952,637,173,769 (0.62%)  41.63 Gm/s  surv=1323646592 trip=0 sol=0  3h08m09s elapsed, ETA 21d02h17m
m=472,548,944,904,201 (0.62%)  41.63 Gm/s  surv=1330888918 trip=0 sol=0  3h09m09s elapsed, ETA 21d02h10m
m=475,176,256,929,801 (0.62%)  41.65 Gm/s  surv=1338209085 trip=0 sol=0  3h10m09s elapsed, ETA 21d02h01m
m=477,795,515,891,721 (0.63%)  41.66 Gm/s  surv=1345505107 trip=0 sol=0  3h11m09s elapsed, ETA 21d01h52m
m=480,419,204,038,665 (0.63%)  41.67 Gm/s  surv=1352818449 trip=0 sol=0  3h12m09s elapsed, ETA 21d01h43m
m=483,045,308,104,713 (0.63%)  41.68 Gm/s  surv=1360127607 trip=0 sol=0  3h13m10s elapsed, ETA 21d01h34m
m=485,663,359,107,081 (0.64%)  41.69 Gm/s  surv=1367424660 trip=0 sol=0  3h14m10s elapsed, ETA 21d01h26m
m=488,289,865,826,313 (0.64%)  41.70 Gm/s  surv=1374744641 trip=0 sol=0  3h15m10s elapsed, ETA 21d01h17m
m=490,905,098,256,393 (0.64%)  41.71 Gm/s  surv=1382029105 trip=0 sol=0  3h16m10s elapsed, ETA 21d01h09m
m=493,521,538,646,025 (0.65%)  41.72 Gm/s  surv=1389320251 trip=0 sol=0  3h17m10s elapsed, ETA 21d01h01m
m=496,137,173,729,289 (0.65%)  41.73 Gm/s  surv=1396602831 trip=0 sol=0  3h18m10s elapsed, ETA 21d00h54m
m=498,737,507,991,561 (0.65%)  41.73 Gm/s  surv=1403846675 trip=0 sol=0  3h19m10s elapsed, ETA 21d00h47m
m=501,357,169,606,665 (0.66%)  41.74 Gm/s  surv=1411143332 trip=0 sol=0  3h20m10s elapsed, ETA 21d00h39m
m=503,983,273,672,713 (0.66%)  41.75 Gm/s  surv=1418461493 trip=0 sol=0  3h21m10s elapsed, ETA 21d00h31m
m=506,600,922,021,897 (0.66%)  41.76 Gm/s  surv=1425754602 trip=0 sol=0  3h22m10s elapsed, ETA 21d00h23m
m=509,224,207,515,657 (0.67%)  41.77 Gm/s  surv=1433060994 trip=0 sol=0  3h23m10s elapsed, ETA 21d00h15m
m=511,845,077,090,313 (0.67%)  41.78 Gm/s  surv=1440367910 trip=0 sol=0  3h24m10s elapsed, ETA 21d00h07m
m=514,466,751,971,337 (0.67%)  41.79 Gm/s  surv=1447663057 trip=0 sol=0  3h25m10s elapsed, ETA 21d00h00m
m=517,086,010,933,257 (0.68%)  41.80 Gm/s  surv=1454961174 trip=0 sol=0  3h26m10s elapsed, ETA 20d23h52m
m=519,714,933,571,593 (0.68%)  41.81 Gm/s  surv=1462281796 trip=0 sol=0  3h27m10s elapsed, ETA 20d23h44m
m=522,340,232,331,273 (0.68%)  41.82 Gm/s  surv=1469586196 trip=0 sol=0  3h28m10s elapsed, ETA 20d23h37m
m=524,944,995,778,569 (0.69%)  41.83 Gm/s  surv=1476845827 trip=0 sol=0  3h29m10s elapsed, ETA 20d23h30m
m=527,568,281,272,329 (0.69%)  41.83 Gm/s  surv=1484147105 trip=0 sol=0  3h30m10s elapsed, ETA 20d23h23m
m=530,185,929,621,513 (0.69%)  41.84 Gm/s  surv=1491433730 trip=0 sol=0  3h31m10s elapsed, ETA 20d23h16m
m=532,813,644,300,297 (0.70%)  41.85 Gm/s  surv=1498754985 trip=0 sol=0  3h32m10s elapsed, ETA 20d23h08m
m=535,440,956,325,897 (0.70%)  41.86 Gm/s  surv=1506070734 trip=0 sol=0  3h33m10s elapsed, ETA 20d23h01m
m=538,062,631,206,921 (0.70%)  41.87 Gm/s  surv=1513369190 trip=0 sol=0  3h34m10s elapsed, ETA 20d22h53m
m=540,684,306,087,945 (0.71%)  41.88 Gm/s  surv=1520667627 trip=0 sol=0  3h35m11s elapsed, ETA 20d22h46m
m=543,307,591,581,705 (0.71%)  41.89 Gm/s  surv=1527975349 trip=0 sol=0  3h36m11s elapsed, ETA 20d22h39m
m=545,926,447,890,441 (0.72%)  41.89 Gm/s  surv=1535268115 trip=0 sol=0  3h37m11s elapsed, ETA 20d22h33m
m=548,550,136,037,385 (0.72%)  41.90 Gm/s  surv=1542571767 trip=0 sol=0  3h38m11s elapsed, ETA 20d22h26m
m=551,152,886,218,761 (0.72%)  41.91 Gm/s  surv=1549822405 trip=0 sol=0  3h39m11s elapsed, ETA 20d22h20m
m=553,780,600,897,545 (0.73%)  41.92 Gm/s  surv=1557137613 trip=0 sol=0  3h40m11s elapsed, ETA 20d22h13m
m=556,405,899,657,225 (0.73%)  41.93 Gm/s  surv=1564448910 trip=0 sol=0  3h41m11s elapsed, ETA 20d22h06m
m=559,034,016,989,193 (0.73%)  41.93 Gm/s  surv=1571766114 trip=0 sol=0  3h42m11s elapsed, ETA 20d21h59m
m=561,652,067,991,561 (0.74%)  41.94 Gm/s  surv=1579053589 trip=0 sol=0  3h43m11s elapsed, ETA 20d21h52m
m=564,266,495,115,273 (0.74%)  41.95 Gm/s  surv=1586332991 trip=0 sol=0  3h44m11s elapsed, ETA 20d21h46m
m=566,885,754,077,193 (0.74%)  41.96 Gm/s  surv=1593622796 trip=0 sol=0  3h45m11s elapsed, ETA 20d21h40m
m=569,511,455,490,057 (0.75%)  41.96 Gm/s  surv=1600936427 trip=0 sol=0  3h46m11s elapsed, ETA 20d21h33m
m=572,131,519,758,345 (0.75%)  41.97 Gm/s  surv=1608224887 trip=0 sol=0  3h47m11s elapsed, ETA 20d21h27m
m=574,758,429,130,761 (0.75%)  41.98 Gm/s  surv=1615540607 trip=0 sol=0  3h48m11s elapsed, ETA 20d21h20m
m=577,357,152,780,297 (0.76%)  41.98 Gm/s  surv=1622781207 trip=0 sol=0  3h49m11s elapsed, ETA 20d21h15m
m=579,987,686,031,369 (0.76%)  41.99 Gm/s  surv=1630096159 trip=0 sol=0  3h50m11s elapsed, ETA 20d21h08m
m=582,609,360,912,393 (0.76%)  42.00 Gm/s  surv=1637397799 trip=0 sol=0  3h51m11s elapsed, ETA 20d21h02m
m=585,235,464,978,441 (0.77%)  42.01 Gm/s  surv=1644702360 trip=0 sol=0  3h52m11s elapsed, ETA 20d20h56m
m=587,861,166,391,305 (0.77%)  42.01 Gm/s  surv=1652017447 trip=0 sol=0  3h53m11s elapsed, ETA 20d20h50m
m=590,484,451,885,065 (0.77%)  42.02 Gm/s  surv=1659319474 trip=0 sol=0  3h54m11s elapsed, ETA 20d20h44m
m=593,107,334,725,641 (0.78%)  42.03 Gm/s  surv=1666616167 trip=0 sol=0  3h55m12s elapsed, ETA 20d20h37m
m=595,721,761,849,353 (0.78%)  42.04 Gm/s  surv=1673901329 trip=0 sol=0  3h56m12s elapsed, ETA 20d20h32m
m=598,340,618,158,089 (0.78%)  42.04 Gm/s  surv=1681188954 trip=0 sol=0  3h57m12s elapsed, ETA 20d20h26m
m=600,958,669,160,457 (0.79%)  42.05 Gm/s  surv=1688475554 trip=0 sol=0  3h58m12s elapsed, ETA 20d20h20m
m=603,565,848,526,857 (0.79%)  42.05 Gm/s  surv=1695737918 trip=0 sol=0  3h59m12s elapsed, ETA 20d20h15m
m=606,188,328,714,249 (0.79%)  42.06 Gm/s  surv=1703033683 trip=0 sol=0  4h00m12s elapsed, ETA 20d20h09m
m=608,812,016,861,193 (0.80%)  42.07 Gm/s  surv=1710333799 trip=0 sol=0  4h01m12s elapsed, ETA 20d20h03m
m=611,434,497,048,585 (0.80%)  42.07 Gm/s  surv=1717635632 trip=0 sol=0  4h02m12s elapsed, ETA 20d19h58m
m=614,059,795,808,265 (0.80%)  42.08 Gm/s  surv=1724940731 trip=0 sol=0  4h03m12s elapsed, ETA 20d19h52m
m=616,688,315,793,417 (0.81%)  42.09 Gm/s  surv=1732259862 trip=0 sol=0  4h04m12s elapsed, ETA 20d19h46m
m=619,308,380,061,705 (0.81%)  42.09 Gm/s  surv=1739555998 trip=0 sol=0  4h05m12s elapsed, ETA 20d19h40m
m=621,933,678,821,385 (0.81%)  42.10 Gm/s  surv=1746857841 trip=0 sol=0  4h06m12s elapsed, ETA 20d19h34m
m=624,552,132,476,937 (0.82%)  42.11 Gm/s  surv=1754144188 trip=0 sol=0  4h07m12s elapsed, ETA 20d19h29m
m=627,175,417,970,697 (0.82%)  42.11 Gm/s  surv=1761447265 trip=0 sol=0  4h08m12s elapsed, ETA 20d19h23m
m=629,776,154,886,153 (0.82%)  42.12 Gm/s  surv=1768683684 trip=0 sol=0  4h09m12s elapsed, ETA 20d19h19m
m=632,400,648,339,465 (0.83%)  42.12 Gm/s  surv=1775987956 trip=0 sol=0  4h10m12s elapsed, ETA 20d19h13m
m=635,021,115,260,937 (0.83%)  42.13 Gm/s  surv=1783283271 trip=0 sol=0  4h11m12s elapsed, ETA 20d19h08m
m=637,637,958,303,753 (0.84%)  42.14 Gm/s  surv=1790568680 trip=0 sol=0  4h12m12s elapsed, ETA 20d19h03m
m=640,257,217,265,673 (0.84%)  42.14 Gm/s  surv=1797860125 trip=0 sol=0  4h13m12s elapsed, ETA 20d18h58m
m=642,881,710,718,985 (0.84%)  42.15 Gm/s  surv=1805164404 trip=0 sol=0  4h14m12s elapsed, ETA 20d18h52m
m=645,498,956,414,985 (0.85%)  42.15 Gm/s  surv=1812452841 trip=0 sol=0  4h15m12s elapsed, ETA 20d18h47m
m=648,122,241,908,745 (0.85%)  42.16 Gm/s  surv=1819750506 trip=0 sol=0  4h16m12s elapsed, ETA 20d18h42m
m=650,743,111,483,401 (0.85%)  42.17 Gm/s  surv=1827043403 trip=0 sol=0  4h17m12s elapsed, ETA 20d18h37m
m=653,365,591,670,793 (0.86%)  42.17 Gm/s  surv=1834335049 trip=0 sol=0  4h18m12s elapsed, ETA 20d18h31m
m=655,965,523,279,881 (0.86%)  42.18 Gm/s  surv=1841573812 trip=0 sol=0  4h19m12s elapsed, ETA 20d18h27m
m=658,589,614,080,009 (0.86%)  42.18 Gm/s  surv=1848873540 trip=0 sol=0  4h20m12s elapsed, ETA 20d18h22m
m=661,208,873,041,929 (0.87%)  42.19 Gm/s  surv=1856165757 trip=0 sol=0  4h21m13s elapsed, ETA 20d18h17m
m=663,826,118,737,929 (0.87%)  42.19 Gm/s  surv=1863452259 trip=0 sol=0  4h22m13s elapsed, ETA 20d18h12m
m=666,443,364,433,929 (0.87%)  42.20 Gm/s  surv=1870732523 trip=0 sol=0  4h23m13s elapsed, ETA 20d18h08m
m=669,066,247,274,505 (0.88%)  42.20 Gm/s  surv=1878033159 trip=0 sol=0  4h24m13s elapsed, ETA 20d18h03m
m=671,686,714,195,977 (0.88%)  42.21 Gm/s  surv=1885328963 trip=0 sol=0  4h25m13s elapsed, ETA 20d17h58m
m=674,304,362,545,161 (0.88%)  42.21 Gm/s  surv=1892614613 trip=0 sol=0  4h26m13s elapsed, ETA 20d17h53m
m=676,922,010,894,345 (0.89%)  42.22 Gm/s  surv=1899900058 trip=0 sol=0  4h27m13s elapsed, ETA 20d17h48m
m=679,539,659,243,529 (0.89%)  42.22 Gm/s  surv=1907185086 trip=0 sol=0  4h28m13s elapsed, ETA 20d17h44m
m=682,129,524,523,017 (0.89%)  42.23 Gm/s  surv=1914393246 trip=0 sol=0  4h29m13s elapsed, ETA 20d17h40m
m=684,742,341,033,993 (0.90%)  42.23 Gm/s  surv=1921664737 trip=0 sol=0  4h30m13s elapsed, ETA 20d17h36m
m=687,351,936,319,497 (0.90%)  42.24 Gm/s  surv=1928933400 trip=0 sol=0  4h31m13s elapsed, ETA 20d17h32m
m=689,969,987,321,865 (0.90%)  42.24 Gm/s  surv=1936217938 trip=0 sol=0  4h32m13s elapsed, ETA 20d17h27m
m=692,591,259,549,705 (0.91%)  42.25 Gm/s  surv=1943507188 trip=0 sol=0  4h33m13s elapsed, ETA 20d17h22m
m=695,206,894,632,969 (0.91%)  42.25 Gm/s  surv=1950783367 trip=0 sol=0  4h34m13s elapsed, ETA 20d17h18m
m=697,817,295,224,841 (0.91%)  42.26 Gm/s  surv=1958050250 trip=0 sol=0  4h35m13s elapsed, ETA 20d17h14m
m=700,438,567,452,681 (0.92%)  42.26 Gm/s  surv=1965340670 trip=0 sol=0  4h36m13s elapsed, ETA 20d17h09m
m=703,049,370,697,737 (0.92%)  42.27 Gm/s  surv=1972606220 trip=0 sol=0  4h37m13s elapsed, ETA 20d17h05m
m=705,669,837,619,209 (0.92%)  42.27 Gm/s  surv=1979893552 trip=0 sol=0  4h38m13s elapsed, ETA 20d17h00m
m=708,266,145,349,641 (0.93%)  42.28 Gm/s  surv=1987115497 trip=0 sol=0  4h39m13s elapsed, ETA 20d16h57m
m=710,886,612,271,113 (0.93%)  42.28 Gm/s  surv=1994407555 trip=0 sol=0  4h40m13s elapsed, ETA 20d16h52m
m=713,500,636,741,641 (0.93%)  42.28 Gm/s  surv=2001684308 trip=0 sol=0  4h41m13s elapsed, ETA 20d16h48m
m=716,110,634,680,329 (0.94%)  42.29 Gm/s  surv=2008944655 trip=0 sol=0  4h42m13s elapsed, ETA 20d16h44m
m=718,714,592,821,257 (0.94%)  42.29 Gm/s  surv=2016196960 trip=0 sol=0  4h43m13s elapsed, ETA 20d16h40m
m=721,314,927,083,529 (0.94%)  42.30 Gm/s  surv=2023427943 trip=0 sol=0  4h44m13s elapsed, ETA 20d16h37m
m=723,923,717,062,665 (0.95%)  42.30 Gm/s  surv=2030687474 trip=0 sol=0  4h45m14s elapsed, ETA 20d16h33m
m=726,529,688,469,513 (0.95%)  42.30 Gm/s  surv=2037938308 trip=0 sol=0  4h46m14s elapsed, ETA 20d16h29m
m=729,137,270,489,097 (0.96%)  42.31 Gm/s  surv=2045195495 trip=0 sol=0  4h47m14s elapsed, ETA 20d16h26m
m=731,746,463,121,417 (0.96%)  42.31 Gm/s  surv=2052454166 trip=0 sol=0  4h48m14s elapsed, ETA 20d16h22m
m=734,328,677,990,409 (0.96%)  42.31 Gm/s  surv=2059635077 trip=0 sol=0  4h49m14s elapsed, ETA 20d16h19m
m=736,933,441,437,705 (0.97%)  42.32 Gm/s  surv=2066880074 trip=0 sol=0  4h50m14s elapsed, ETA 20d16h16m
m=739,536,996,925,449 (0.97%)  42.32 Gm/s  surv=2074124808 trip=0 sol=0  4h51m14s elapsed, ETA 20d16h12m
m=742,148,605,476,873 (0.97%)  42.33 Gm/s  surv=2081388532 trip=0 sol=0  4h52m14s elapsed, ETA 20d16h08m
m=744,754,979,536,905 (0.98%)  42.33 Gm/s  surv=2088639214 trip=0 sol=0  4h53m14s elapsed, ETA 20d16h05m
m=747,364,574,822,409 (0.98%)  42.33 Gm/s  surv=2095900745 trip=0 sol=0  4h54m14s elapsed, ETA 20d16h01m
m=749,968,130,310,153 (0.98%)  42.34 Gm/s  surv=2103136143 trip=0 sol=0  4h55m14s elapsed, ETA 20d15h58m
m=752,576,920,289,289 (0.99%)  42.34 Gm/s  surv=2110398781 trip=0 sol=0  4h56m14s elapsed, ETA 20d15h54m
m=755,183,697,002,505 (0.99%)  42.34 Gm/s  surv=2117650900 trip=0 sol=0  4h57m14s elapsed, ETA 20d15h50m
m=757,791,681,675,273 (0.99%)  42.35 Gm/s  surv=2124908687 trip=0 sol=0  4h58m14s elapsed, ETA 20d15h47m
m=760,381,144,301,577 (1.00%)  42.35 Gm/s  surv=2132109287 trip=0 sol=0  4h59m14s elapsed, ETA 20d15h44m
m=762,986,310,402,057 (1.00%)  42.35 Gm/s  surv=2139358470 trip=0 sol=0  5h00m14s elapsed, ETA 20d15h41m
m=765,600,334,872,585 (1.00%)  42.36 Gm/s  surv=2146625891 trip=0 sol=0  5h01m15s elapsed, ETA 20d15h37m
m=768,213,554,036,745 (1.01%)  42.36 Gm/s  surv=2153895207 trip=0 sol=0  5h02m15s elapsed, ETA 20d15h33m
m=770,830,799,732,745 (1.01%)  42.36 Gm/s  surv=2161179088 trip=0 sol=0  5h03m15s elapsed, ETA 20d15h29m
m=773,446,837,469,193 (1.01%)  42.37 Gm/s  surv=2168461814 trip=0 sol=0  5h04m15s elapsed, ETA 20d15h25m
m=776,064,888,471,561 (1.02%)  42.37 Gm/s  surv=2175742195 trip=0 sol=0  5h05m15s elapsed, ETA 20d15h22m
m=778,672,067,837,961 (1.02%)  42.38 Gm/s  surv=2182997378 trip=0 sol=0  5h06m15s elapsed, ETA 20d15h18m
m=781,288,910,880,777 (1.02%)  42.38 Gm/s  surv=2190271946 trip=0 sol=0  5h07m15s elapsed, ETA 20d15h14m
m=783,899,714,125,833 (1.03%)  42.38 Gm/s  surv=2197536695 trip=0 sol=0  5h08m15s elapsed, ETA 20d15h11m
m=786,485,552,873,481 (1.03%)  42.39 Gm/s  surv=2204732392 trip=0 sol=0  5h09m15s elapsed, ETA 20d15h08m
m=789,097,564,078,089 (1.03%)  42.39 Gm/s  surv=2211996823 trip=0 sol=0  5h10m15s elapsed, ETA 20d15h05m
m=791,710,380,589,065 (1.04%)  42.39 Gm/s  surv=2219263527 trip=0 sol=0  5h11m15s elapsed, ETA 20d15h01m
m=794,324,405,059,593 (1.04%)  42.40 Gm/s  surv=2226535386 trip=0 sol=0  5h12m15s elapsed, ETA 20d14h58m
m=796,929,571,160,073 (1.04%)  42.40 Gm/s  surv=2233784693 trip=0 sol=0  5h13m15s elapsed, ETA 20d14h54m
m=799,545,608,896,521 (1.05%)  42.40 Gm/s  surv=2241062125 trip=0 sol=0  5h14m15s elapsed, ETA 20d14h51m
m=802,159,230,713,865 (1.05%)  42.41 Gm/s  surv=2248334525 trip=0 sol=0  5h15m15s elapsed, ETA 20d14h47m
m=804,769,228,652,553 (1.05%)  42.41 Gm/s  surv=2255592590 trip=0 sol=0  5h16m15s elapsed, ETA 20d14h44m
m=807,371,978,833,929 (1.06%)  42.41 Gm/s  surv=2262836556 trip=0 sol=0  5h17m15s elapsed, ETA 20d14h41m
m=809,985,197,998,089 (1.06%)  42.42 Gm/s  surv=2270096931 trip=0 sol=0  5h18m15s elapsed, ETA 20d14h37m
m=812,576,673,890,313 (1.06%)  42.42 Gm/s  surv=2277309845 trip=0 sol=0  5h19m15s elapsed, ETA 20d14h35m
m=815,193,114,279,945 (1.07%)  42.42 Gm/s  surv=2284588745 trip=0 sol=0  5h20m15s elapsed, ETA 20d14h31m
m=817,742,311,587,849 (1.07%)  42.42 Gm/s  surv=2291673368 trip=0 sol=0  5h21m16s elapsed, ETA 20d14h30m
m=820,181,181,923,337 (1.07%)  42.42 Gm/s  surv=2298463913 trip=0 sol=0  5h22m16s elapsed, ETA 20d14h33m
m=822,721,923,514,377 (1.08%)  42.42 Gm/s  surv=2305528932 trip=0 sol=0  5h23m16s elapsed, ETA 20d14h32m
m=825,327,492,268,041 (1.08%)  42.42 Gm/s  surv=2312780190 trip=0 sol=0  5h24m16s elapsed, ETA 20d14h29m
m=827,939,503,472,649 (1.08%)  42.42 Gm/s  surv=2320040033 trip=0 sol=0  5h25m16s elapsed, ETA 20d14h26m
m=830,541,851,000,841 (1.09%)  42.43 Gm/s  surv=2327279577 trip=0 sol=0  5h26m16s elapsed, ETA 20d14h23m
m=833,062,057,279,497 (1.09%)  42.42 Gm/s  surv=2334293087 trip=0 sol=0  5h27m16s elapsed, ETA 20d14h23m
m=835,596,759,072,777 (1.09%)  42.42 Gm/s  surv=2341343460 trip=0 sol=0  5h28m16s elapsed, ETA 20d14h22m
m=838,128,642,293,769 (1.10%)  42.42 Gm/s  surv=2348379323 trip=0 sol=0  5h29m16s elapsed, ETA 20d14h22m
m=840,739,042,885,641 (1.10%)  42.43 Gm/s  surv=2355643435 trip=0 sol=0  5h30m16s elapsed, ETA 20d14h18m
m=843,350,651,437,065 (1.10%)  42.43 Gm/s  surv=2362907209 trip=0 sol=0  5h31m16s elapsed, ETA 20d14h15m
m=845,965,078,560,777 (1.11%)  42.43 Gm/s  surv=2370177161 trip=0 sol=0  5h32m16s elapsed, ETA 20d14h12m
m=848,566,218,129,417 (1.11%)  42.44 Gm/s  surv=2377412621 trip=0 sol=0  5h33m16s elapsed, ETA 20d14h09m
m=851,170,981,576,713 (1.11%)  42.44 Gm/s  surv=2384658449 trip=0 sol=0  5h34m16s elapsed, ETA 20d14h06m
m=853,782,187,474,953 (1.12%)  42.44 Gm/s  surv=2391926817 trip=0 sol=0  5h35m16s elapsed, ETA 20d14h03m
m=856,347,088,257,033 (1.12%)  42.44 Gm/s  surv=2399063661 trip=0 sol=0  5h36m16s elapsed, ETA 20d14h01m
m=858,728,781,840,393 (1.12%)  42.43 Gm/s  surv=2405689370 trip=0 sol=0  5h37m16s elapsed, ETA 20d14h06m
m=861,109,267,464,201 (1.13%)  42.43 Gm/s  surv=2412312664 trip=0 sol=0  5h38m16s elapsed, ETA 20d14h11m
m=863,468,412,469,257 (1.13%)  42.42 Gm/s  surv=2418875823 trip=0 sol=0  5h39m16s elapsed, ETA 20d14h17m
m=865,865,004,220,425 (1.13%)  42.41 Gm/s  surv=2425543982 trip=0 sol=0  5h40m17s elapsed, ETA 20d14h21m
m=868,240,658,006,025 (1.14%)  42.40 Gm/s  surv=2432150528 trip=0 sol=0  5h41m17s elapsed, ETA 20d14h26m
m=870,627,586,080,777 (1.14%)  42.39 Gm/s  surv=2438788410 trip=0 sol=0  5h42m17s elapsed, ETA 20d14h30m
m=873,043,505,184,777 (1.14%)  42.39 Gm/s  surv=2445511937 trip=0 sol=0  5h43m17s elapsed, ETA 20d14h34m
m=875,425,601,421,321 (1.15%)  42.38 Gm/s  surv=2452137309 trip=0 sol=0  5h44m17s elapsed, ETA 20d14h38m
m=878,037,209,972,745 (1.15%)  42.38 Gm/s  surv=2459401943 trip=0 sol=0  5h45m17s elapsed, ETA 20d14h35m
m=880,656,871,587,849 (1.15%)  42.39 Gm/s  surv=2466690719 trip=0 sol=0  5h46m17s elapsed, ETA 20d14h31m
m=883,270,493,405,193 (1.16%)  42.39 Gm/s  surv=2473956054 trip=0 sol=0  5h47m17s elapsed, ETA 20d14h28m
m=885,897,402,777,609 (1.16%)  42.39 Gm/s  surv=2481259419 trip=0 sol=0  5h48m17s elapsed, ETA 20d14h24m
m=888,498,542,346,249 (1.16%)  42.40 Gm/s  surv=2488496192 trip=0 sol=0  5h49m17s elapsed, ETA 20d14h21m
m=891,106,527,019,017 (1.17%)  42.40 Gm/s  surv=2495754205 trip=0 sol=0  5h50m17s elapsed, ETA 20d14h18m
m=893,840,542,138,377 (1.17%)  42.41 Gm/s  surv=2503359068 trip=0 sol=0  5h51m17s elapsed, ETA 20d14h11m
m=897,332,350,550,025 (1.18%)  42.45 Gm/s  surv=2513067359 trip=0 sol=0  5h52m17s elapsed, ETA 20d13h38m
m=900,824,158,961,673 (1.18%)  42.50 Gm/s  surv=2522784646 trip=0 sol=0  5h53m17s elapsed, ETA 20d13h06m
m=904,315,162,066,953 (1.18%)  42.54 Gm/s  surv=2532491890 trip=0 sol=0  5h54m17s elapsed, ETA 20d12h34m
m=907,815,023,542,281 (1.19%)  42.59 Gm/s  surv=2542216441 trip=0 sol=0  5h55m17s elapsed, ETA 20d12h02m
m=911,493,663,031,305 (1.19%)  42.64 Gm/s  surv=2552452021 trip=0 sol=0  5h56m17s elapsed, ETA 20d11h24m
m=915,307,191,336,969 (1.20%)  42.70 Gm/s  surv=2563060942 trip=0 sol=0  5h57m17s elapsed, ETA 20d10h42m
m=918,672,969,302,025 (1.20%)  42.73 Gm/s  surv=2572425865 trip=0 sol=0  5h58m17s elapsed, ETA 20d10h15m
m=921,441,209,942,025 (1.21%)  42.74 Gm/s  surv=2580123757 trip=0 sol=0  5h59m17s elapsed, ETA 20d10h07m
m=924,242,065,489,929 (1.21%)  42.75 Gm/s  surv=2587920110 trip=0 sol=0  6h00m17s elapsed, ETA 20d09h59m
m=927,036,478,586,889 (1.21%)  42.76 Gm/s  surv=2595695772 trip=0 sol=0  6h01m17s elapsed, ETA 20d09h51m
m=929,837,334,134,793 (1.22%)  42.77 Gm/s  surv=2603479147 trip=0 sol=0  6h02m18s elapsed, ETA 20d09h42m
m=932,630,539,272,201 (1.22%)  42.78 Gm/s  surv=2611251530 trip=0 sol=0  6h03m18s elapsed, ETA 20d09h34m
m=935,425,757,675,529 (1.23%)  42.80 Gm/s  surv=2619018623 trip=0 sol=0  6h04m18s elapsed, ETA 20d09h26m
m=938,218,157,506,569 (1.23%)  42.81 Gm/s  surv=2626782296 trip=0 sol=0  6h05m18s elapsed, ETA 20d09h18m
m=941,016,999,788,553 (1.23%)  42.82 Gm/s  surv=2634566369 trip=0 sol=0  6h06m18s elapsed, ETA 20d09h10m
m=943,812,620,845,065 (1.24%)  42.83 Gm/s  surv=2642341873 trip=0 sol=0  6h07m18s elapsed, ETA 20d09h02m
m=946,588,914,548,745 (1.24%)  42.84 Gm/s  surv=2650067272 trip=0 sol=0  6h08m18s elapsed, ETA 20d08h54m
m=949,362,389,680,137 (1.24%)  42.84 Gm/s  surv=2657774293 trip=0 sol=0  6h09m18s elapsed, ETA 20d08h47m
m=952,160,426,655,753 (1.25%)  42.85 Gm/s  surv=2665553832 trip=0 sol=0  6h10m18s elapsed, ETA 20d08h39m
m=954,960,476,897,289 (1.25%)  42.86 Gm/s  surv=2673345027 trip=0 sol=0  6h11m18s elapsed, ETA 20d08h31m
m=957,762,540,404,745 (1.25%)  42.87 Gm/s  surv=2681136172 trip=0 sol=0  6h12m18s elapsed, ETA 20d08h23m
m=960,556,953,501,705 (1.26%)  42.88 Gm/s  surv=2688912233 trip=0 sol=0  6h13m18s elapsed, ETA 20d08h15m
m=963,356,198,436,873 (1.26%)  42.89 Gm/s  surv=2696699211 trip=0 sol=0  6h14m18s elapsed, ETA 20d08h07m
m=966,139,739,897,865 (1.27%)  42.90 Gm/s  surv=2704441131 trip=0 sol=0  6h15m18s elapsed, ETA 20d08h00m
m=968,933,750,341,641 (1.27%)  42.91 Gm/s  surv=2712208562 trip=0 sol=0  6h16m18s elapsed, ETA 20d07h52m
m=971,724,942,213,129 (1.27%)  42.92 Gm/s  surv=2719971990 trip=0 sol=0  6h17m18s elapsed, ETA 20d07h44m
m=974,526,200,414,217 (1.28%)  42.93 Gm/s  surv=2727760882 trip=0 sol=0  6h18m18s elapsed, ETA 20d07h37m
m=977,295,246,360,585 (1.28%)  42.94 Gm/s  surv=2735468277 trip=0 sol=0  6h19m18s elapsed, ETA 20d07h30m
m=980,089,659,457,545 (1.28%)  42.95 Gm/s  surv=2743231632 trip=0 sol=0  6h20m18s elapsed, ETA 20d07h22m
m=982,886,891,126,793 (1.29%)  42.96 Gm/s  surv=2751012285 trip=0 sol=0  6h21m18s elapsed, ETA 20d07h15m
m=985,683,720,142,857 (1.29%)  42.97 Gm/s  surv=2758791729 trip=0 sol=0  6h22m19s elapsed, ETA 20d07h07m
m=988,473,301,401,609 (1.29%)  42.98 Gm/s  surv=2766552988 trip=0 sol=0  6h23m19s elapsed, ETA 20d07h00m
m=991,266,909,192,201 (1.30%)  42.99 Gm/s  surv=2774318553 trip=0 sol=0  6h24m19s elapsed, ETA 20d06h53m
m=994,062,530,248,713 (1.30%)  43.00 Gm/s  surv=2782100400 trip=0 sol=0  6h25m19s elapsed, ETA 20d06h45m
m=996,866,204,368,905 (1.31%)  43.01 Gm/s  surv=2789893965 trip=0 sol=0  6h26m19s elapsed, ETA 20d06h38m
m=999,667,865,223,177 (1.31%)  43.02 Gm/s  surv=2797685067 trip=0 sol=0  6h27m19s elapsed, ETA 20d06h30m
m=1,002,473,552,609,289 (1.31%)  43.03 Gm/s  surv=2805485665 trip=0 sol=0  6h28m19s elapsed, ETA 20d06h23m
m=1,005,240,987,942,921 (1.32%)  43.03 Gm/s  surv=2813181647 trip=0 sol=0  6h29m19s elapsed, ETA 20d06h16m
m=1,008,030,166,548,489 (1.32%)  43.04 Gm/s  surv=2820936826 trip=0 sol=0  6h30m19s elapsed, ETA 20d06h09m
m=1,010,818,942,500,873 (1.32%)  43.05 Gm/s  surv=2828693634 trip=0 sol=0  6h31m19s elapsed, ETA 20d06h02m
m=1,013,610,537,025,545 (1.33%)  43.06 Gm/s  surv=2836463079 trip=0 sol=0  6h32m19s elapsed, ETA 20d05h55m
m=1,016,405,352,775,689 (1.33%)  43.07 Gm/s  surv=2844230300 trip=0 sol=0  6h33m19s elapsed, ETA 20d05h48m
m=1,019,202,181,791,753 (1.34%)  43.08 Gm/s  surv=2852008716 trip=0 sol=0  6h34m19s elapsed, ETA 20d05h41m
m=1,021,992,165,703,689 (1.34%)  43.09 Gm/s  surv=2859766738 trip=0 sol=0  6h35m19s elapsed, ETA 20d05h34m
m=1,024,788,994,719,753 (1.34%)  43.10 Gm/s  surv=2867552174 trip=0 sol=0  6h36m19s elapsed, ETA 20d05h27m
m=1,027,587,434,348,553 (1.35%)  43.10 Gm/s  surv=2875330356 trip=0 sol=0  6h37m19s elapsed, ETA 20d05h20m
m=1,030,388,692,549,641 (1.35%)  43.11 Gm/s  surv=2883127925 trip=0 sol=0  6h38m19s elapsed, ETA 20d05h13m
m=1,033,152,504,004,617 (1.35%)  43.12 Gm/s  surv=2890817235 trip=0 sol=0  6h39m19s elapsed, ETA 20d05h07m
m=1,035,947,722,407,945 (1.36%)  43.13 Gm/s  surv=2898591527 trip=0 sol=0  6h40m19s elapsed, ETA 20d05h00m
m=1,038,740,524,892,169 (1.36%)  43.14 Gm/s  surv=2906358761 trip=0 sol=0  6h41m19s elapsed, ETA 20d04h53m
m=1,041,536,548,601,865 (1.36%)  43.15 Gm/s  surv=2914131490 trip=0 sol=0  6h42m19s elapsed, ETA 20d04h46m
m=1,044,334,182,924,297 (1.37%)  43.15 Gm/s  surv=2921905524 trip=0 sol=0  6h43m19s elapsed, ETA 20d04h40m
m=1,047,127,790,714,889 (1.37%)  43.16 Gm/s  surv=2929676023 trip=0 sol=0  6h44m20s elapsed, ETA 20d04h33m
m=1,049,918,982,586,377 (1.38%)  43.17 Gm/s  surv=2937440558 trip=0 sol=0  6h45m20s elapsed, ETA 20d04h26m
m=1,052,712,187,723,785 (1.38%)  43.18 Gm/s  surv=2945201166 trip=0 sol=0  6h46m20s elapsed, ETA 20d04h20m
m=1,055,508,211,433,481 (1.38%)  43.19 Gm/s  surv=2952979323 trip=0 sol=0  6h47m20s elapsed, ETA 20d04h13m
m=1,058,313,898,819,593 (1.39%)  43.20 Gm/s  surv=2960781787 trip=0 sol=0  6h48m20s elapsed, ETA 20d04h06m
m=1,061,084,152,725,513 (1.39%)  43.20 Gm/s  surv=2968491505 trip=0 sol=0  6h49m20s elapsed, ETA 20d04h00m
m=1,063,883,397,660,681 (1.39%)  43.21 Gm/s  surv=2976271837 trip=0 sol=0  6h50m20s elapsed, ETA 20d03h54m
m=1,066,674,992,185,353 (1.40%)  43.22 Gm/s  surv=2984035520 trip=0 sol=0  6h51m20s elapsed, ETA 20d03h47m
m=1,069,472,223,854,601 (1.40%)  43.23 Gm/s  surv=2991814639 trip=0 sol=0  6h52m20s elapsed, ETA 20d03h40m
m=1,072,258,986,541,065 (1.40%)  43.24 Gm/s  surv=2999567506 trip=0 sol=0  6h53m20s elapsed, ETA 20d03h34m
m=1,075,051,789,025,289 (1.41%)  43.24 Gm/s  surv=3007336430 trip=0 sol=0  6h54m20s elapsed, ETA 20d03h28m
m=1,077,840,564,977,673 (1.41%)  43.25 Gm/s  surv=3015089781 trip=0 sol=0  6h55m20s elapsed, ETA 20d03h22m
m=1,080,626,522,357,769 (1.42%)  43.26 Gm/s  surv=3022834225 trip=0 sol=0  6h56m20s elapsed, ETA 20d03h15m
m=1,083,414,895,656,969 (1.42%)  43.27 Gm/s  surv=3030592337 trip=0 sol=0  6h57m20s elapsed, ETA 20d03h09m
m=1,086,206,892,834,825 (1.42%)  43.27 Gm/s  surv=3038352164 trip=0 sol=0  6h58m20s elapsed, ETA 20d03h03m
m=1,088,978,354,700,297 (1.43%)  43.28 Gm/s  surv=3046066048 trip=0 sol=0  6h59m20s elapsed, ETA 20d02h57m
m=1,091,771,157,184,521 (1.43%)  43.29 Gm/s  surv=3053834896 trip=0 sol=0  7h00m20s elapsed, ETA 20d02h51m
m=1,094,560,335,790,089 (1.43%)  43.30 Gm/s  surv=3061593773 trip=0 sol=0  7h01m20s elapsed, ETA 20d02h45m
m=1,097,353,540,927,497 (1.44%)  43.30 Gm/s  surv=3069357271 trip=0 sol=0  7h02m20s elapsed, ETA 20d02h39m
m=1,100,148,759,330,825 (1.44%)  43.31 Gm/s  surv=3077126789 trip=0 sol=0  7h03m20s elapsed, ETA 20d02h33m
m=1,102,948,406,919,177 (1.44%)  43.32 Gm/s  surv=3084916751 trip=0 sol=0  7h04m20s elapsed, ETA 20d02h26m
m=1,105,741,612,056,585 (1.45%)  43.33 Gm/s  surv=3092677546 trip=0 sol=0  7h05m20s elapsed, ETA 20d02h20m
m=1,108,539,246,379,017 (1.45%)  43.33 Gm/s  surv=3100456191 trip=0 sol=0  7h06m20s elapsed, ETA 20d02h14m
m=1,111,326,411,718,665 (1.46%)  43.34 Gm/s  surv=3108210699 trip=0 sol=0  7h07m20s elapsed, ETA 20d02h08m
m=1,114,120,422,162,441 (1.46%)  43.35 Gm/s  surv=3115985459 trip=0 sol=0  7h08m20s elapsed, ETA 20d02h02m
m=1,116,893,494,640,649 (1.46%)  43.36 Gm/s  surv=3123695601 trip=0 sol=0  7h09m21s elapsed, ETA 20d01h56m
m=1,119,692,336,922,633 (1.47%)  43.36 Gm/s  surv=3131472549 trip=0 sol=0  7h10m21s elapsed, ETA 20d01h50m
m=1,122,481,515,528,201 (1.47%)  43.37 Gm/s  surv=3139235275 trip=0 sol=0  7h11m21s elapsed, ETA 20d01h45m
m=1,125,276,331,278,345 (1.47%)  43.38 Gm/s  surv=3147003875 trip=0 sol=0  7h12m21s elapsed, ETA 20d01h39m
m=1,128,073,160,294,409 (1.48%)  43.39 Gm/s  surv=3154777875 trip=0 sol=0  7h13m21s elapsed, ETA 20d01h33m
m=1,130,864,352,165,897 (1.48%)  43.39 Gm/s  surv=3162545294 trip=0 sol=0  7h14m21s elapsed, ETA 20d01h27m
m=1,133,663,194,447,881 (1.49%)  43.40 Gm/s  surv=3170321107 trip=0 sol=0  7h15m21s elapsed, ETA 20d01h21m
m=1,136,462,036,729,865 (1.49%)  43.41 Gm/s  surv=3178108734 trip=0 sol=0  7h16m21s elapsed, ETA 20d01h15m
m=1,139,254,436,560,905 (1.49%)  43.41 Gm/s  surv=3185873059 trip=0 sol=0  7h17m21s elapsed, ETA 20d01h09m
m=1,142,049,252,311,049 (1.50%)  43.42 Gm/s  surv=3193645144 trip=0 sol=0  7h18m21s elapsed, ETA 20d01h03m
m=1,144,815,882,338,313 (1.50%)  43.43 Gm/s  surv=3201334013 trip=0 sol=0  7h19m21s elapsed, ETA 20d00h58m
m=1,147,610,698,088,457 (1.50%)  43.43 Gm/s  surv=3209103442 trip=0 sol=0  7h20m21s elapsed, ETA 20d00h52m
m=1,150,403,903,225,865 (1.51%)  43.44 Gm/s  surv=3216868634 trip=0 sol=0  7h21m21s elapsed, ETA 20d00h46m
m=1,153,193,887,137,801 (1.51%)  43.45 Gm/s  surv=3224626003 trip=0 sol=0  7h22m21s elapsed, ETA 20d00h41m
m=1,155,987,897,581,577 (1.51%)  43.46 Gm/s  surv=3232400572 trip=0 sol=0  7h23m21s elapsed, ETA 20d00h35m
m=1,158,777,076,187,145 (1.52%)  43.46 Gm/s  surv=3240153049 trip=0 sol=0  7h24m21s elapsed, ETA 20d00h30m
m=1,161,572,697,243,657 (1.52%)  43.47 Gm/s  surv=3247935630 trip=0 sol=0  7h25m21s elapsed, ETA 20d00h24m
m=1,164,368,318,300,169 (1.53%)  43.48 Gm/s  surv=3255705346 trip=0 sol=0  7h26m21s elapsed, ETA 20d00h18m
m=1,167,163,134,050,313 (1.53%)  43.48 Gm/s  surv=3263475677 trip=0 sol=0  7h27m21s elapsed, ETA 20d00h13m
m=1,169,965,197,557,769 (1.53%)  43.49 Gm/s  surv=3271269511 trip=0 sol=0  7h28m21s elapsed, ETA 20d00h07m
m=1,172,736,256,770,057 (1.54%)  43.50 Gm/s  surv=3278976735 trip=0 sol=0  7h29m21s elapsed, ETA 20d00h02m
m=1,175,529,059,254,281 (1.54%)  43.50 Gm/s  surv=3286745367 trip=0 sol=0  7h30m21s elapsed, ETA 19d23h56m
m=1,178,321,459,085,321 (1.54%)  43.51 Gm/s  surv=3294509164 trip=0 sol=0  7h31m22s elapsed, ETA 19d23h51m
m=1,181,117,482,795,017 (1.55%)  43.52 Gm/s  surv=3302286916 trip=0 sol=0  7h32m22s elapsed, ETA 19d23h45m
m=1,183,906,661,400,585 (1.55%)  43.52 Gm/s  surv=3310044536 trip=0 sol=0  7h33m22s elapsed, ETA 19d23h40m
m=1,186,696,645,312,521 (1.55%)  43.53 Gm/s  surv=3317802782 trip=0 sol=0  7h34m22s elapsed, ETA 19d23h35m
m=1,189,483,810,652,169 (1.56%)  43.54 Gm/s  surv=3325554106 trip=0 sol=0  7h35m22s elapsed, ETA 19d23h30m
m=1,192,273,391,910,921 (1.56%)  43.54 Gm/s  surv=3333316361 trip=0 sol=0  7h36m22s elapsed, ETA 19d23h24m
m=1,195,073,442,152,457 (1.57%)  43.55 Gm/s  surv=3341095191 trip=0 sol=0  7h37m22s elapsed, ETA 19d23h19m
m=1,197,868,660,555,785 (1.57%)  43.56 Gm/s  surv=3348872337 trip=0 sol=0  7h38m22s elapsed, ETA 19d23h13m
m=1,200,640,927,727,625 (1.57%)  43.56 Gm/s  surv=3356578844 trip=0 sol=0  7h39m22s elapsed, ETA 19d23h08m
m=1,203,437,354,090,505 (1.58%)  43.57 Gm/s  surv=3364355479 trip=0 sol=0  7h40m22s elapsed, ETA 19d23h03m
m=1,206,235,391,066,121 (1.58%)  43.57 Gm/s  surv=3372143511 trip=0 sol=0  7h41m22s elapsed, ETA 19d22h58m
m=1,209,032,220,082,185 (1.58%)  43.58 Gm/s  surv=3379916659 trip=0 sol=0  7h42m22s elapsed, ETA 19d22h52m
m=1,211,828,646,445,065 (1.59%)  43.59 Gm/s  surv=3387699400 trip=0 sol=0  7h43m22s elapsed, ETA 19d22h47m
m=1,214,616,617,091,081 (1.59%)  43.59 Gm/s  surv=3395449064 trip=0 sol=0  7h44m22s elapsed, ETA 19d22h42m
m=1,217,412,640,800,777 (1.59%)  43.60 Gm/s  surv=3403232165 trip=0 sol=0  7h45m22s elapsed, ETA 19d22h37m
m=1,220,207,456,550,921 (1.60%)  43.61 Gm/s  surv=3411005797 trip=0 sol=0  7h46m22s elapsed, ETA 19d22h31m
m=1,222,995,829,850,121 (1.60%)  43.61 Gm/s  surv=3418765233 trip=0 sol=0  7h47m22s elapsed, ETA 19d22h26m
m=1,225,789,840,293,897 (1.61%)  43.62 Gm/s  surv=3426530991 trip=0 sol=0  7h48m22s elapsed, ETA 19d22h21m
m=1,228,557,678,280,713 (1.61%)  43.62 Gm/s  surv=3434230933 trip=0 sol=0  7h49m22s elapsed, ETA 19d22h17m
m=1,231,353,701,990,409 (1.61%)  43.63 Gm/s  surv=3442008544 trip=0 sol=0  7h50m22s elapsed, ETA 19d22h11m
m=1,234,154,960,191,497 (1.62%)  43.64 Gm/s  surv=3449796887 trip=0 sol=0  7h51m23s elapsed, ETA 19d22h06m
m=1,236,952,594,513,929 (1.62%)  43.64 Gm/s  surv=3457579506 trip=0 sol=0  7h52m23s elapsed, ETA 19d22h01m
m=1,239,750,631,489,545 (1.62%)  43.65 Gm/s  surv=3465360398 trip=0 sol=0  7h53m23s elapsed, ETA 19d21h56m
m=1,242,539,810,095,113 (1.63%)  43.65 Gm/s  surv=3473117038 trip=0 sol=0  7h54m23s elapsed, ETA 19d21h51m
m=1,245,333,417,885,705 (1.63%)  43.66 Gm/s  surv=3480884970 trip=0 sol=0  7h55m23s elapsed, ETA 19d21h46m
m=1,248,017,504,010,249 (1.63%)  43.66 Gm/s  surv=3488350988 trip=0 sol=0  7h56m23s elapsed, ETA 19d21h43m
m=1,250,587,236,630,537 (1.64%)  43.66 Gm/s  surv=3495497106 trip=0 sol=0  7h57m23s elapsed, ETA 19d21h44m
m=1,253,146,902,921,225 (1.64%)  43.66 Gm/s  surv=3502614494 trip=0 sol=0  7h58m23s elapsed, ETA 19d21h44m
m=1,255,858,772,115,465 (1.65%)  43.66 Gm/s  surv=3510159123 trip=0 sol=0  7h59m23s elapsed, ETA 19d21h41m
m=1,258,661,640,929,289 (1.65%)  43.67 Gm/s  surv=3517951858 trip=0 sol=0  8h00m23s elapsed, ETA 19d21h36m
m=1,261,459,275,251,721 (1.65%)  43.67 Gm/s  surv=3525729839 trip=0 sol=0  8h01m23s elapsed, ETA 19d21h31m
m=1,264,255,701,614,601 (1.66%)  43.68 Gm/s  surv=3533509155 trip=0 sol=0  8h02m23s elapsed, ETA 19d21h26m
m=1,267,049,712,058,377 (1.66%)  43.69 Gm/s  surv=3541281948 trip=0 sol=0  8h03m23s elapsed, ETA 19d21h21m
m=1,269,848,151,687,177 (1.66%)  43.69 Gm/s  surv=3549065909 trip=0 sol=0  8h04m23s elapsed, ETA 19d21h16m
m=1,272,643,772,743,689 (1.67%)  43.70 Gm/s  surv=3556842550 trip=0 sol=0  8h05m23s elapsed, ETA 19d21h11m
m=1,275,433,354,002,441 (1.67%)  43.70 Gm/s  surv=3564602114 trip=0 sol=0  8h06m23s elapsed, ETA 19d21h06m
m=1,278,230,183,018,505 (1.67%)  43.71 Gm/s  surv=3572384877 trip=0 sol=0  8h07m23s elapsed, ETA 19d21h01m
m=1,281,036,675,710,985 (1.68%)  43.72 Gm/s  surv=3580184560 trip=0 sol=0  8h08m23s elapsed, ETA 19d20h56m
m=1,283,816,995,946,505 (1.68%)  43.72 Gm/s  surv=3587925057 trip=0 sol=0  8h09m23s elapsed, ETA 19d20h51m
m=1,286,611,811,696,649 (1.69%)  43.73 Gm/s  surv=3595695534 trip=0 sol=0  8h10m23s elapsed, ETA 19d20h47m
m=1,289,406,627,446,793 (1.69%)  43.73 Gm/s  surv=3603473623 trip=0 sol=0  8h11m24s elapsed, ETA 19d20h42m
m=1,292,206,677,688,329 (1.69%)  43.74 Gm/s  surv=3611257378 trip=0 sol=0  8h12m24s elapsed, ETA 19d20h37m
m=1,294,960,020,160,521 (1.70%)  43.74 Gm/s  surv=3618909376 trip=0 sol=0  8h13m24s elapsed, ETA 19d20h33m
m=1,297,718,597,124,105 (1.70%)  43.75 Gm/s  surv=3626583181 trip=0 sol=0  8h14m24s elapsed, ETA 19d20h29m
m=1,300,522,271,244,297 (1.70%)  43.75 Gm/s  surv=3634381801 trip=0 sol=0  8h15m24s elapsed, ETA 19d20h24m
m=1,303,324,334,751,753 (1.71%)  43.76 Gm/s  surv=3642171102 trip=0 sol=0  8h16m24s elapsed, ETA 19d20h19m
m=1,306,117,942,542,345 (1.71%)  43.76 Gm/s  surv=3649940000 trip=0 sol=0  8h17m24s elapsed, ETA 19d20h15m
m=1,308,911,550,332,937 (1.71%)  43.77 Gm/s  surv=3657710600 trip=0 sol=0  8h18m24s elapsed, ETA 19d20h10m
m=1,311,685,025,464,329 (1.72%)  43.77 Gm/s  surv=3665425330 trip=0 sol=0  8h19m24s elapsed, ETA 19d20h06m
m=1,314,479,438,561,289 (1.72%)  43.78 Gm/s  surv=3673195683 trip=0 sol=0  8h20m24s elapsed, ETA 19d20h01m
m=1,317,279,488,802,825 (1.73%)  43.79 Gm/s  surv=3680984725 trip=0 sol=0  8h21m24s elapsed, ETA 19d19h56m
m=1,320,068,264,755,209 (1.73%)  43.79 Gm/s  surv=3688740546 trip=0 sol=0  8h22m24s elapsed, ETA 19d19h52m
m=1,322,868,717,649,929 (1.73%)  43.80 Gm/s  surv=3696526356 trip=0 sol=0  8h23m24s elapsed, ETA 19d19h47m
m=1,325,659,909,521,417 (1.74%)  43.80 Gm/s  surv=3704292025 trip=0 sol=0  8h24m24s elapsed, ETA 19d19h42m
m=1,328,451,906,699,273 (1.74%)  43.81 Gm/s  surv=3712065207 trip=0 sol=0  8h25m24s elapsed, ETA 19d19h38m
m=1,331,206,859,784,201 (1.74%)  43.81 Gm/s  surv=3719729158 trip=0 sol=0  8h26m24s elapsed, ETA 19d19h34m
m=1,333,998,856,962,057 (1.75%)  43.82 Gm/s  surv=3727495108 trip=0 sol=0  8h27m24s elapsed, ETA 19d19h30m
m=1,336,802,531,082,249 (1.75%)  43.82 Gm/s  surv=3735287222 trip=0 sol=0  8h28m24s elapsed, ETA 19d19h25m
m=1,339,574,395,600,905 (1.75%)  43.83 Gm/s  surv=3743000982 trip=0 sol=0  8h29m25s elapsed, ETA 19d19h21m
m=1,342,368,406,044,681 (1.76%)  43.83 Gm/s  surv=3750776519 trip=0 sol=0  8h30m25s elapsed, ETA 19d19h16m
m=1,345,166,040,367,113 (1.76%)  43.84 Gm/s  surv=3758557137 trip=0 sol=0  8h31m25s elapsed, ETA 19d19h12m
m=1,347,966,493,261,833 (1.77%)  43.84 Gm/s  surv=3766348831 trip=0 sol=0  8h32m25s elapsed, ETA 19d19h07m
m=1,350,763,724,931,081 (1.77%)  43.85 Gm/s  surv=3774128973 trip=0 sol=0  8h33m25s elapsed, ETA 19d19h03m
m=1,353,562,969,866,249 (1.77%)  43.85 Gm/s  surv=3781911013 trip=0 sol=0  8h34m25s elapsed, ETA 19d18h58m
m=1,356,357,785,616,393 (1.78%)  43.86 Gm/s  surv=3789681976 trip=0 sol=0  8h35m25s elapsed, ETA 19d18h54m
m=1,359,156,225,245,193 (1.78%)  43.86 Gm/s  surv=3797460744 trip=0 sol=0  8h36m25s elapsed, ETA 19d18h49m
m=1,361,952,248,954,889 (1.78%)  43.87 Gm/s  surv=3805243793 trip=0 sol=0  8h37m25s elapsed, ETA 19d18h45m
m=1,364,748,675,317,769 (1.79%)  43.87 Gm/s  surv=3813017124 trip=0 sol=0  8h38m25s elapsed, ETA 19d18h40m
m=1,367,528,592,900,105 (1.79%)  43.88 Gm/s  surv=3820743875 trip=0 sol=0  8h39m25s elapsed, ETA 19d18h36m
m=1,370,329,045,794,825 (1.80%)  43.88 Gm/s  surv=3828535366 trip=0 sol=0  8h40m25s elapsed, ETA 19d18h32m
m=1,373,126,277,464,073 (1.80%)  43.89 Gm/s  surv=3836310981 trip=0 sol=0  8h41m25s elapsed, ETA 19d18h27m
m=1,375,922,301,173,769 (1.80%)  43.90 Gm/s  surv=3844089057 trip=0 sol=0  8h42m25s elapsed, ETA 19d18h23m
m=1,378,719,935,496,201 (1.81%)  43.90 Gm/s  surv=3851872277 trip=0 sol=0  8h43m25s elapsed, ETA 19d18h19m
m=1,381,508,308,795,401 (1.81%)  43.91 Gm/s  surv=3859629623 trip=0 sol=0  8h44m25s elapsed, ETA 19d18h14m
m=1,384,309,164,343,305 (1.81%)  43.91 Gm/s  surv=3867417840 trip=0 sol=0  8h45m25s elapsed, ETA 19d18h10m
m=1,387,104,785,399,817 (1.82%)  43.92 Gm/s  surv=3875193531 trip=0 sol=0  8h46m25s elapsed, ETA 19d18h05m
m=1,389,900,003,803,145 (1.82%)  43.92 Gm/s  surv=3882967854 trip=0 sol=0  8h47m25s elapsed, ETA 19d18h01m
m=1,392,699,651,391,497 (1.82%)  43.93 Gm/s  surv=3890760211 trip=0 sol=0  8h48m25s elapsed, ETA 19d17h57m
m=1,395,469,905,297,417 (1.83%)  43.93 Gm/s  surv=3898462104 trip=0 sol=0  8h49m25s elapsed, ETA 19d17h53m
m=1,398,264,721,047,561 (1.83%)  43.93 Gm/s  surv=3906238982 trip=0 sol=0  8h50m26s elapsed, ETA 19d17h49m
m=1,401,045,846,589,449 (1.84%)  43.94 Gm/s  surv=3913975177 trip=0 sol=0  8h51m26s elapsed, ETA 19d17h45m
m=1,403,838,649,073,673 (1.84%)  43.94 Gm/s  surv=3921741793 trip=0 sol=0  8h52m26s elapsed, ETA 19d17h41m
m=1,406,628,632,985,609 (1.84%)  43.95 Gm/s  surv=3929502456 trip=0 sol=0  8h53m26s elapsed, ETA 19d17h37m
m=1,409,423,448,735,753 (1.85%)  43.95 Gm/s  surv=3937269771 trip=0 sol=0  8h54m26s elapsed, ETA 19d17h32m
m=1,412,216,251,219,977 (1.85%)  43.96 Gm/s  surv=3945041883 trip=0 sol=0  8h55m26s elapsed, ETA 19d17h28m
m=1,414,985,699,819,529 (1.85%)  43.96 Gm/s  surv=3952751787 trip=0 sol=0  8h56m26s elapsed, ETA 19d17h25m
m=1,417,757,966,991,369 (1.86%)  43.97 Gm/s  surv=3960463380 trip=0 sol=0  8h57m26s elapsed, ETA 19d17h21m
m=1,420,533,455,388,681 (1.86%)  43.97 Gm/s  surv=3968183226 trip=0 sol=0  8h58m26s elapsed, ETA 19d17h17m
m=1,423,288,811,126,793 (1.86%)  43.97 Gm/s  surv=3975848936 trip=0 sol=0  8h59m26s elapsed, ETA 19d17h14m
m=1,426,058,259,726,345 (1.87%)  43.98 Gm/s  surv=3983553914 trip=0 sol=0  9h00m26s elapsed, ETA 19d17h10m
m=1,428,833,345,470,473 (1.87%)  43.98 Gm/s  surv=3991267952 trip=0 sol=0  9h01m26s elapsed, ETA 19d17h06m
m=1,431,599,170,191,369 (1.88%)  43.99 Gm/s  surv=3998966590 trip=0 sol=0  9h02m26s elapsed, ETA 19d17h03m
m=1,434,373,450,629,129 (1.88%)  43.99 Gm/s  surv=4006679589 trip=0 sol=0  9h03m26s elapsed, ETA 19d16h59m
m=1,437,140,885,962,761 (1.88%)  43.99 Gm/s  surv=4014379972 trip=0 sol=0  9h04m26s elapsed, ETA 19d16h56m
m=1,439,913,555,787,785 (1.89%)  44.00 Gm/s  surv=4022087563 trip=0 sol=0  9h05m26s elapsed, ETA 19d16h52m
m=1,443,371,138,678,793 (1.89%)  44.02 Gm/s  surv=4031702977 trip=0 sol=0  9h06m26s elapsed, ETA 19d16h35m
m=1,446,971,260,796,937 (1.90%)  44.05 Gm/s  surv=4041716056 trip=0 sol=0  9h07m26s elapsed, ETA 19d16h15m
m=1,449,825,669,218,313 (1.90%)  44.08 Gm/s  surv=4049646014 trip=0 sol=0  9h08m14s elapsed, ETA 19d15h59m
scanned m <= 1,449,825,669,218,307: 4049646014 survivors, 0 triples, 0 solutions
