L=14: d=2..200, 4 already done, 195 to run, 10 jobs x 1 threads
  [1/195     0.0s] d=6: 478424423430231975296 (bases 31,37) 0.0s
  [2/195     0.0s] d=7: 986525621503356266010 (bases 34,41) 0.0s
  [3/195     0.1s] d=14: 197766169061546926090512 (bases 47,61) 0.1s
  [4/195     0.1s] d=18: 1183662480594844908667440 (bases 53,71) 0.0s
  [5/195     0.1s] d=10: 21276740679206821644351 (bases 40,50) 0.1s
  [6/195     0.1s] d=8: 5852461120932413058720 (bases 39,47) 0.1s
  [7/195     0.2s] d=12: 176430115802608773654240 (bases 47,59) 0.2s
  [8/195     0.2s] d=9: 30043763040522880983060 (bases 44,53) 0.2s
  [9/195     0.2s] d=13: 275409453041791364041046 (bases 48,61) 0.2s
  [10/195     0.3s] d=16: 1625527889938235675280168 (bases 55,71) 0.2s
  [11/195     0.4s] d=11: 375740702248086810504480 (bases 50,61) 0.4s
  [12/195     0.4s] d=20: 12624306686711921192811625 (bases 64,84) 0.3s
  [13/195     0.5s] d=23: 37406953661804100839458176 (bases 68,91) 0.3s
  [14/195     0.8s] d=15: 4087184998390242501502792 (bases 58,73) 0.8s
  [15/195     0.8s] d=26: 118219604649749359233236200 (bases 73,99) 0.4s
  [16/195     0.9s] d=17: 9008181547525940849382224 (bases 61,78) 0.9s
  [17/195     1.4s] d=28: 327330110604735893213041010 (bases 81,109) 0.9s
  [18/195     1.4s] d=24: 140693002585207220677197942 (bases 77,101) 1.2s
  [19/195     1.5s] d=22: 60818814320127088044088416 (bases 73,95) 1.3s
  [20/195     1.7s] d=27: 356935136906537962913330784 (bases 80,107) 1.3s
  [21/195     2.4s] d=34: 1873428907166566832673312876 (bases 91,125) 0.9s
  [22/195     2.6s] d=29: 650003423442887721549962916 (bases 86,115) 1.8s
  [23/195     3.3s] d=30: 1357081909455509120585078280 (bases 89,119) 2.5s
  [24/195     3.4s] d=31: 1288977463782286731258161720 (bases 90,121) 2.5s
  [25/195     4.8s] d=19: 120507073362706169594389100 (bases 75,94) 4.7s
  [26/195     5.2s] d=32: 2826953999893430212439683200 (bases 95,127) 3.8s
  [27/195     5.5s] d=25: 730954367123977496274795790 (bases 84,109) 5.3s
  [28/195     5.7s] d=21: 277261635958174852736428872 (bases 82,103) 5.6s
  [29/195     6.4s] d=40: 12133093988000862241338112425 (bases 102,142) 1.6s
  [30/195     6.9s] d=33: 5402824203229185916435523040 (bases 98,131) 5.5s
  [31/195     9.1s] d=42: 26246664621453925577812357936 (bases 111,153) 3.6s
  [32/195    10.0s] d=36: 11302443793515062380770843552 (bases 107,143) 7.6s
  [33/195    12.6s] d=38: 25067155680852228284775753880 (bases 109,147) 9.4s
  [34/195    13.4s] d=39: 34823116024439037499193371350 (bases 110,149) 10.0s
  [35/195    13.9s] d=45: 79771487028596774423212321688 (bases 118,163) 7.0s
  [36/195    18.2s] d=50: 136559436649979602973045161375 (bases 124,174) 4.3s
  [37/195    18.8s] d=44: 112914440743929963539198580585 (bases 120,164) 12.5s
  [38/195    25.7s] d=41: 69371054005452325725992989488 (bases 122,163) 20.5s
  [39/195    30.6s] d=52: 316973484797888508305356615345 (bases 132,184) 11.8s
  [40/195    30.8s] d=48: 265983441899263534288919829060 (bases 131,179) 18.1s
  [41/195    41.3s] d=54: 493440895720935668294375138685 (bases 134,188) 10.6s
  [42/195    45.1s] d=35: 46197238565102798763189976000 (bases 124,159) 43.3s
  [43/195    45.5s] d=47: 383103732818738538317776782828 (bases 140,187) 35.5s
  [44/195    50.7s] d=56: 630047077691770045916567586894 (bases 137,193) 9.5s
  [45/195    53.1s] d=43: 277022271805777448674344029952 (bases 127,170) 47.4s
  [46/195    66.8s] d=58: 1156313874871162607513275353845 (bases 144,202) 21.3s
  [47/195    71.0s] d=37: 90936998107537664276514274920 (bases 130,167) 68.4s
  [48/195    89.1s] d=46: 823545635393413824762145376752 (bases 141,187) 80.0s
  [49/195    90.5s] d=57: 2094053435751794261252480092288 (bases 156,213) 45.5s
  [50/195    93.9s] d=51: 1019380991443243576153056375228 (bases 152,203) 75.7s
  [51/195    96.7s] d=63: 1594110530373632987049363825390 (bases 146,209) 7.6s
  [52/195    98.9s] d=53: 1482818636476760701300940659896 (bases 152,205) 73.2s
  [53/195    98.9s] d=66: 1823836966124446824671828853621 (bases 146,212) 2.2s
  [54/195    99.8s] d=62: 2886175902391447957670889146665 (bases 154,216) 28.8s
  [55/195    99.8s] d=60: 3775161276943541698174667598124 (bases 157,217) 46.7s
  [56/195   104.4s] d=55: 2695321848114911685585955379760 (bases 151,206) 73.7s
  [57/195   106.6s] d=65: 2560055619054322294202321665110 (bases 152,217) 12.7s
  [58/195   108.7s] d=72: 4487561912854529607799840963980 (bases 155,227) 2.1s
  [59/195   115.2s] d=69: 4960566779418100648312014723790 (bases 160,229) 15.4s
  [60/195   120.0s] d=68: 5480669165267883218276806822560 (bases 159,227) 21.1s
  [61/195   120.2s] d=49: 1890878520829604370476366131128 (bases 146,195) 106.7s
  [62/195   124.3s] d=74: 7943696709969826629206916603112 (bases 163,237) 9.1s
  [63/195   141.4s] d=64: 6157553685563834107429187324320 (bases 159,223) 50.9s
  [64/195   151.7s] d=78: 14944856705022372910862138824000 (bases 171,249) 10.2s
  [65/195   152.6s] d=71: 12949699093002054166142136417750 (bases 170,241) 48.2s
  [66/195   159.0s] d=75: 19159445823085684628430759972250 (bases 174,249) 39.0s
  [67/195   162.1s] d=81: 16307700539665923316827901467864 (bases 170,251) 3.1s
  [68/195   168.3s] d=70: 15400669906274360059314993387456 (bases 175,245) 68.4s
  [69/195   177.3s] d=76: 24609334841364683330098480780842 (bases 181,257) 57.1s
  [70/195   178.1s] d=61: 7640302063825701930442428870336 (bases 162,223) 111.3s
  [71/195   202.4s] d=85: 44136065014423812480272158732752 (bases 186,271) 24.2s
  [72/195   216.8s] d=84: 59129554144322684962791535158657 (bases 188,272) 39.5s
  [73/195   232.2s] d=79: 46004430052644565484259712088346 (bases 186,265) 80.6s
  [74/195   241.1s] d=77: 55709933206114808306242049346336 (bases 188,265) 116.9s
  [75/195   241.3s] d=59: 8738473479716012437748205821256 (bases 176,235) 190.6s
  [76/195   241.9s] d=80: 63980076326045072421159173670660 (bases 189,269) 89.3s
  [77/195   278.9s] d=82: 79569135227313054995272464689376 (bases 193,275) 116.8s
  [78/195   317.8s] d=90: 174540212288538070459732866106992 (bases 203,293) 76.5s
  [79/195   318.4s] d=87: 121419632671767972139488126613440 (bases 202,289) 101.6s
  [80/195   353.9s] d=93: 126292860983411547342573761726754 (bases 200,293) 36.1s
  [81/195   361.9s] d=92: 177395582282549197325768409848175 (bases 206,298) 83.0s
  [82/195   371.6s] d=86: 169338159320492030157302318594016 (bases 207,293) 169.2s
  [83/195   377.2s] d=96: 139175639366611502330300027435769 (bases 200,296) 15.3s
  [84/195   382.1s] d=98: 143742845707221255546315000320200 (bases 199,297) 4.9s
  [85/195   416.5s] d=88: 221611761785396355129174934889776 (bases 207,295) 184.3s
  [86/195   443.6s] d=94: 251631816892702784462231198563365 (bases 214,308) 125.3s
  [87/195   459.7s] d=95: 278050389741063319016371921778890 (bases 214,309) 105.8s
  [88/195   465.3s] d=67: 57281335766716563070796982768130 (bases 189,256) 366.4s
  [89/195   479.0s] d=100: 346491631015803405597111902559675 (bases 214,314) 62.5s
  [90/195   481.7s] d=104: 257824164060591479319972065984688 (bases 207,311) 2.7s
  [91/195   510.4s] d=99: 471795245033641829189001727405252 (bases 222,321) 128.3s
  [92/195   515.9s] d=106: 331179972281791756415568464319888 (bases 211,317) 5.6s
  [93/195   517.1s] d=91: 375127569059700037522992515102352 (bases 220,311) 275.2s
  [94/195   526.6s] d=108: 439259912300916859303079270954784 (bases 215,323) 9.4s
  [95/195   710.9s] d=83: 272407580107490279178717365846328 (bases 228,311) 542.6s
  [96/195   711.0s] d=102: 839668222361675227385764754718640 (bases 237,339) 251.3s
  [97/195   725.7s] d=107: 1251068668017530641628478601057290 (bases 234,341) 209.8s
  [98/195   795.5s] d=110: 1057974836793054662916762542992900 (bases 229,339) 84.6s
  [99/195   909.4s] d=113: 1454747700762535456998826798279650 (bases 236,349) 113.9s
  [100/195   924.7s] d=114: 907439711718723956499558944829564 (bases 227,341) 15.3s
  [101/195   931.7s] d=97: 1107740652630081442901840546310816 (bases 238,335) 560.1s
  [102/195   934.0s] d=112: 1951419903588789496232707549687536 (bases 243,355) 208.3s
  [103/195   954.2s] d=116: 1088690917492589054015244172043640 (bases 231,347) 22.5s
  [104/195   975.5s] d=73: 210434440231228140291796237194000 (bases 226,299) 866.8s
  [105/195   982.1s] d=118: 1322339739981029570718058238090148 (bases 235,353) 27.9s
  [106/195  1005.2s] d=115: 1468693143659279492710695190033668 (bases 238,353) 80.6s
  [107/195  1015.6s] d=120: 1797668699112475617534561995356800 (bases 239,359) 33.5s
  [108/195  1034.3s] d=119: 1883787270619712599361359941965388 (bases 242,361) 58.8s
  [109/195  1131.3s] d=117: 2808742921728531660766703492879560 (bases 246,363) 197.4s
  [110/195  1167.5s] d=105: 3435979967427908774129830571577500 (bases 249,354) 685.9s
  [111/195  1178.6s] d=124: 2595354158199903053698664590480272 (bases 247,371) 47.3s
  [112/195  1226.3s] d=111: 2917551783793739176069768808318440 (bases 258,369) 515.3s
  [113/195  1233.1s] d=126: 3397417946568340460072950654850580 (bases 251,377) 54.5s
  [114/195  1280.5s] d=122: 4875562660216038938959385141229312 (bases 255,377) 264.9s
  [115/195  1335.3s] d=128: 4860053695925141389173148607872512 (bases 255,383) 102.2s
  [116/195  1352.4s] d=101: 2747771281881316199155842937965380 (bases 253,354) 908.8s
  [117/195  1363.8s] d=123: 5956710881207530182791553901031040 (bases 260,383) 329.5s
  [118/195  1385.0s] d=132: 4487414913514157453352877548385792 (bases 255,387) 21.1s
  [119/195  1405.0s] d=130: 4763687140484752045612052830363020 (bases 259,389) 69.7s
  [120/195  1411.6s] d=127: 5105765061995283647456337083909850 (bases 262,389) 185.3s
  [121/195  1520.3s] d=134: 7889720673113835512039832700686540 (bases 267,401) 115.3s
  [122/195  1676.8s] d=125: 9559673441018351101686537881695600 (bases 274,399) 509.3s
  [123/195  1711.3s] d=136: 11344512469620566675656055637703488 (bases 271,407) 190.9s
  [124/195  1762.5s] d=135: 15815388856601927514309183824000400 (bases 278,413) 350.9s
  [125/195  1840.2s] d=138: 10569577718462270196571911096496380 (bases 275,413) 129.0s
  [126/195  1971.8s] d=131: 15130162761531285721607710118801500 (bases 286,417) 619.4s
  [127/195  2012.8s] d=140: 15281025820885552530829947141247320 (bases 279,419) 172.6s
  [128/195  2057.6s] d=121: 12737497955971955442681677246521910 (bases 273,394) 1052.4s
  [129/195  2094.2s] d=143: 11440285266636584592386810871472896 (bases 272,415) 36.6s
  [130/195  2188.0s] d=142: 15448907362926509016944572154790576 (bases 283,425) 175.2s
  [131/195  2225.2s] d=145: 13414747701424221729483633379830740 (bases 276,421) 37.2s
  [132/195  2261.5s] d=144: 18046122120891703552851563279966208 (bases 287,431) 167.3s
  [133/195  2267.9s] d=133: 20770561189453788298612074837805030 (bases 300,433) 882.9s
  [134/195  2335.1s] d=89: 3155013055665152360745443702707812 (bases 266,355) 2094.0s
  [135/195  2436.5s] d=146: 21293409781896858789637091562144744 (bases 291,437) 211.3s
  [136/195  2437.5s] d=147: 21848754041194776170554262841501402 (bases 290,437) 176.0s
  [137/195  2565.9s] d=148: 30801498685178269509539876550197640 (bases 295,443) 298.1s
  [138/195  2677.6s] d=150: 33792917175053934718498888792237825 (bases 298,448) 241.1s
  [139/195  2680.4s] d=129: 31008695478673768505137227600505398 (bases 308,437) 1399.9s
  [140/195  2738.3s] d=153: 26311027780379770117837256196054136 (bases 288,441) 60.7s
  [141/195  2880.1s] d=152: 40941782999671134100893056290054176 (bases 303,455) 314.1s
  [142/195  3013.1s] d=154: 49868993098748017079770755370734696 (bases 307,461) 332.6s
  [143/195  3069.2s] d=156: 42717837080516282266822514160481360 (bases 303,459) 189.2s
  [144/195  3151.8s] d=141: 48691142642059798318497951669985500 (bases 308,449) 1180.0s
  [145/195  3265.4s] d=158: 48363239511866311124153791051465375 (bases 304,462) 196.2s
  [146/195  3688.8s] d=160: 71920337699974602529556755367193600 (bases 319,479) 423.3s
  [147/195  3715.3s] d=109: 22095178194629621516145193152116820 (bases 304,413) 3188.7s
  [148/195  3844.3s] d=137: 67911699993545548838068293856613348 (bases 316,453) 2167.5s
  [149/195  4249.6s] d=139: 61078643383462788179766778320115310 (bases 330,469) 2487.1s
  [150/195  4267.0s] d=162: 102089281928833388192643819486931896 (bases 323,485) 551.8s
  [151/195  4591.7s] d=164: 92751799671223840216191413919498456 (bases 317,481) 342.1s
  [152/195  5022.5s] d=165: 145808813918399586825163969395826500 (bases 334,499) 755.4s
  [153/195  5692.4s] d=166: 182501599308014625469107369795827496 (bases 331,497) 1100.7s
  [154/195  5806.3s] d=168: 80037143629129352747486122902699795 (bases 314,482) 113.9s
  [155/195  6246.5s] d=155: 307851316810104802376063092622122600 (bases 364,519) 3508.2s
  [156/195  6352.5s] d=149: 173922096621474868026670564000962600 (bases 354,503) 4017.3s
  [157/195  6402.5s] d=157: 224328549964322047126989900882034320 (bases 352,509) 3389.5s
  [158/195  6450.6s] d=103: 29668947692020275169462707643282008 (bases 308,411) 5985.3s
  [159/195  6533.7s] d=172: 103295033098195715577852509034019311 (bases 318,490) 131.1s
  [160/195  7160.5s] d=170: 216017069862056022909256092796688340 (bases 339,509) 914.0s
  [161/195  7189.0s] d=173: 197447848358577854862356441296200192 (bases 338,511) 738.5s
  [162/195  7323.6s] d=174: 217790610652259321733525312100327104 (bases 347,521) 789.9s
  [163/195  7465.0s] d=167: 246758927626124391321335523401854704 (bases 360,527) 2442.6s
  [164/195  7476.2s] d=176: 167310464560787181507629302905728121 (bases 332,508) 287.1s
  [165/195  7641.9s] d=159: 473669869454314906510074538981493640 (bases 359,518) 4490.1s
  [166/195  7910.1s] d=161: 283176119293042268625557594206321036 (bases 370,531) 4221.4s
  [167/195  8026.0s] d=180: 241831199641101348100431530007444402 (bases 341,521) 384.2s
  [168/195  8093.9s] d=179: 260129831793613163300589216210945280 (bases 340,519) 617.7s
  [169/195  8587.5s] d=182: 312979022591000811375181936999758840 (bases 347,529) 561.4s
  [170/195  8751.7s] d=178: 323576106413492980575472910847149412 (bases 355,533) 1286.6s
  [171/195  9063.1s] d=184: 303760034366449076922604141161240672 (bases 343,527) 475.7s
  [172/195  9813.0s] d=177: 397237732149944098743448881829243086 (bases 368,545) 2489.5s
  [173/195 10247.2s] d=175: 561175277733762611281114944914641350 (bases 382,557) 3086.6s
  [174/195 10880.5s] d=186: 499472688342378257749682804458627884 (bases 371,557) 1817.4s
  [175/195 14627.6s] d=188: 482936480809722115627312299411717625 (bases 364,552) 4380.4s
  [176/195 14699.7s] d=169: 554300906280707756391196460228888856 (bases 382,551) 8893.5s
  [177/195 15260.4s] d=185: 877479096959166574380864809430871972 (bases 376,561) 6508.7s
  [178/195 15551.5s] d=190: 513688941752795681843073464719693501 (bases 360,550) 923.9s
  [179/195 15730.9s] d=192: 451833243144642472457142356171370666 (bases 353,545) 470.6s
  [180/195 16065.5s] d=183: 890031591148971914745138710281074690 (bases 386,569) 7971.7s
  [181/195 16197.6s] d=195: 397455944077544036823680416330196286 (bases 350,545) 132.0s
  [182/195 17352.6s] d=163: 473427226254344864576278832620136138 (bases 390,553) 13508.3s
  [183/195 18121.7s] d=194: 904127275140175136732031217545156900 (bases 387,581) 2390.8s
  [184/195 19032.2s] d=198: 621442977024727793087788058002327041 (bases 368,566) 910.5s
  [185/195 19168.5s] d=181: 1299707134651649363097042574122554952 (bases 382,563) 11258.4s
  [186/195 19323.3s] d=200: 530956102161547475789621486924345040 (bases 359,559) 154.8s
  [187/195 19336.7s] d=171: 1087654136674324368189791793766419360 (bases 398,569) 12984.2s
  [188/195 19893.5s] d=196: 1231039014286636718259488356391552496 (bases 391,587) 3695.9s
  [189/195 19944.6s] d=189: 1191532918448743334173116151564576680 (bases 404,593) 9064.1s
  [190/195 20386.7s] d=199: 1018706619874057254193548000636897292 (bases 378,577) 1354.5s
  [191/195 20693.4s] d=187: 1632057700941767586205106163381685088 (bases 420,607) 10880.4s
  [192/195 21681.0s] d=197: 1670373770470388072239681722101212890 (bases 404,601) 4328.4s
  [193/195 27653.6s] d=191: 5012880121078131840415308202680531470 (bases 421,612) 12953.8s
  [194/195 27842.9s] d=193: 4583336227996629578653224451569106800 (bases 424,617) 12291.4s
  d=151: NO RESULT (see logs/L14_d151.log)
L=14 summary: 198/199 terms for d=2..200; 4 checked against OEIS, 0 mismatches []; failures [151]; wall 47788.0s
