L=12: d=2..200, 7 already done, 192 to run, 10 jobs x 1 threads
  [1/192     0.0s] d=14: 9571701090245691960 (bases 39,53) 0.0s
  [2/192     0.0s] d=9: 593018939654134224 (bases 32,41) 0.0s
  [3/192     0.0s] d=10: 1670458470795180045 (bases 34,44) 0.0s
  [4/192     0.0s] d=20: 204575924075205482241 (bases 50,70) 0.0s
  [5/192     0.0s] d=18: 105118748408901972096 (bases 47,65) 0.0s
  [6/192     0.0s] d=12: 9783467193870524448 (bases 41,53) 0.0s
  [7/192     0.0s] d=11: 10408563238370601304 (bases 40,51) 0.0s
  [8/192     0.1s] d=17: 176586494738520530436 (bases 50,67) 0.1s
  [9/192     0.1s] d=15: 156168186795960422850 (bases 49,64) 0.1s
  [10/192     0.1s] d=16: 208996867782860216956 (bases 51,67) 0.1s
  [11/192     0.1s] d=21: 1020401574390370739360 (bases 58,79) 0.1s
  [12/192     0.1s] d=24: 2527722867009926439040 (bases 63,87) 0.1s
  [13/192     0.2s] d=27: 7540457177662123212576 (bases 68,95) 0.2s
  [14/192     0.2s] d=13: 600475210280746038700 (bases 54,67) 0.2s
  [15/192     0.3s] d=29: 12012962094526711289500 (bases 70,99) 0.2s
  [16/192     0.3s] d=30: 15056879462511157473247 (bases 72,102) 0.1s
  [17/192     0.4s] d=26: 10968828369944861921665 (bases 70,96) 0.3s
  [18/192     0.4s] d=32: 21921745630447555655076 (bases 75,107) 0.1s
  [19/192     0.4s] d=33: 33525231273953299087900 (bases 76,109) 0.2s
  [20/192     0.4s] d=23: 8229170562845718410190 (bases 69,92) 0.4s
  [21/192     0.6s] d=19: 7941176166050474489910 (bases 70,89) 0.6s
  [22/192     0.6s] d=22: 13785785445200151793320 (bases 71,93) 0.6s
  [23/192     0.8s] d=25: 27592334862735494685372 (bases 76,101) 0.7s
  [24/192     0.8s] d=40: 157888634072466635527552 (bases 87,127) 0.2s
  [25/192     0.9s] d=28: 47747289752195135456160 (bases 79,107) 0.8s
  [26/192     1.0s] d=34: 114231178464920170740905 (bases 84,118) 0.7s
  [27/192     1.1s] d=39: 221843179543320871695250 (bases 90,129) 0.5s
  [28/192     1.3s] d=31: 86695254875984294876154 (bases 82,113) 1.1s
  [29/192     1.4s] d=37: 195506276091457242084992 (bases 90,127) 1.0s
  [30/192     1.5s] d=38: 280362249035603974750105 (bases 94,132) 1.1s
  [31/192     1.5s] d=42: 427610184321446004965940 (bases 97,139) 0.7s
  [32/192     1.6s] d=36: 240896308364548242850752 (bases 95,131) 1.2s
  [33/192     1.6s] d=50: 838076398847221246167900 (bases 99,149) 0.0s
  [34/192     1.9s] d=44: 618777341990526191287815 (bases 98,142) 0.9s
  [35/192     2.1s] d=48: 985140704257629399630600 (bases 101,149) 0.6s
  [36/192     2.5s] d=35: 471824602455708063553334 (bases 97,132) 2.1s
  [37/192     2.7s] d=47: 1044713705814940522468500 (bases 102,149) 1.3s
  [38/192     3.3s] d=52: 2325588067326991207846050 (bases 109,161) 1.5s
  [39/192     4.1s] d=54: 3530783236174570136512480 (bases 115,169) 1.6s
  [40/192     4.2s] d=46: 1610678721828788888563365 (bases 108,154) 2.9s
  [41/192     4.6s] d=58: 4477318061851543535571876 (bases 115,173) 0.4s
  [42/192     4.7s] d=45: 1973838294919430429704110 (bases 116,161) 3.6s
  [43/192     5.1s] d=60: 6152438902474263943796833 (bases 118,178) 0.4s
  [44/192     6.6s] d=56: 7031545693660780972437780 (bases 123,179) 3.3s
  [45/192     6.8s] d=55: 6476574851113832507538000 (bases 124,179) 4.1s
  [46/192     6.8s] d=63: 8386964854910404065934312 (bases 120,183) 0.0s
  [47/192     7.5s] d=62: 9156016332672502401357516 (bases 123,185) 0.9s
  [48/192     7.9s] d=43: 3197421209364929756601588 (bases 115,158) 7.0s
  [49/192     8.8s] d=41: 2920672213788677345513292 (bases 122,163) 8.0s
  [50/192     9.9s] d=66: 18906302033912480308055352 (bases 131,197) 2.0s
  [51/192    11.1s] d=57: 13369661292329619950755416 (bases 128,185) 7.0s
  [52/192    14.1s] d=59: 18950643875061256168350736 (bases 136,195) 9.6s
  [53/192    14.2s] d=68: 30243852202243767272548896 (bases 135,203) 4.3s
  [54/192    14.3s] d=51: 14641874898737835824462976 (bases 140,191) 12.8s
  [55/192    16.9s] d=53: 17574636116593204191293400 (bases 134,187) 14.8s
  [56/192    16.9s] d=70: 33857775572155871990889060 (bases 139,209) 2.8s
  [57/192    17.2s] d=72: 44216839172300628102257349 (bases 140,212) 2.8s
  [58/192    19.7s] d=75: 55605704961929847168424420 (bases 144,219) 2.5s
  [59/192    23.1s] d=74: 67139648620772030683501980 (bases 147,221) 6.2s
  [60/192    23.6s] d=76: 68076036668149445402061056 (bases 147,223) 4.0s
  [61/192    23.7s] d=49: 29337841197020884950570360 (bases 138,187) 22.1s
  [62/192    26.6s] d=69: 86732730655291595322388600 (bases 150,219) 15.5s
  [63/192    30.3s] d=73: 86591086611336022188653100 (bases 154,227) 13.4s
  [64/192    30.4s] d=78: 103808730848618795991631560 (bases 151,229) 6.7s
  [65/192    32.5s] d=64: 96024859509830024205783222 (bases 157,221) 25.7s
  [66/192    34.0s] d=80: 149206541144598140792088475 (bases 154,234) 7.3s
  [67/192    35.2s] d=84: 146387992974355120402651006 (bases 153,237) 1.3s
  [68/192    43.0s] d=65: 199202169102646102861216650 (bases 164,229) 35.6s
  [69/192    45.9s] d=82: 236400518724832903826612480 (bases 159,241) 15.6s
  [70/192    48.5s] d=61: 143846646944000294713069200 (bases 157,218) 43.4s
  [71/192    49.7s] d=88: 209817750763326346469713600 (bases 159,247) 1.2s
  [72/192    55.3s] d=81: 317888424784043894009653452 (bases 170,251) 25.0s
  [73/192    60.3s] d=86: 330634863191514383162901900 (bases 171,257) 17.3s
  [74/192    66.0s] d=90: 418025891765779062923872520 (bases 169,259) 10.7s
  [75/192    67.7s] d=87: 445318690059637876205548968 (bases 176,263) 21.7s
  [76/192    72.7s] d=77: 556459941322916827338657240 (bases 186,263) 49.5s
  [77/192    83.6s] d=71: 560546994672214941601521960 (bases 186,257) 69.3s
  [78/192    86.9s] d=92: 651838461946433840983020688 (bases 175,267) 20.9s
  [79/192    88.5s] d=67: 467124257291701131224745720 (bases 196,263) 79.8s
  [80/192   101.5s] d=83: 1021094419549415382246513384 (bases 183,266) 68.9s
  [81/192   104.9s] d=89: 1136191810353150989742030272 (bases 181,270) 55.3s
  [82/192   112.6s] d=94: 1138328497615191700854344028 (bases 187,281) 39.9s
  [83/192   118.7s] d=85: 1658450216863989244936809252 (bases 190,275) 83.5s
  [84/192   124.4s] d=96: 1323747416885390881171577280 (bases 191,287) 37.5s
  [85/192   124.6s] d=102: 797081803517780978218404944 (bases 175,277) 0.1s
  [86/192   126.7s] d=93: 1556334784746456756618719574 (bases 185,278) 59.1s
  [87/192   135.9s] d=98: 1401427204867299632516316900 (bases 195,293) 34.4s
  [88/192   138.5s] d=79: 1748060333513649790816960800 (bases 188,267) 114.9s
  [89/192   138.6s] d=104: 1387721252349541385577934920 (bases 189,293) 11.9s
  [90/192   138.9s] d=100: 1366514453544250556927050032 (bases 183,283) 26.3s
  [91/192   143.8s] d=95: 1912781511903397100538817530 (bases 194,289) 60.3s
  [92/192   148.0s] d=105: 1603808847520186560355462626 (bases 188,293) 12.2s
  [93/192   150.7s] d=99: 2033623066013074753598870816 (bases 196,295) 45.7s
  [94/192   152.4s] d=91: 2340003392581980648556704636 (bases 202,293) 92.1s
  [95/192   155.1s] d=108: 2132002331647280650553342400 (bases 191,299) 16.1s
  [96/192   167.6s] d=106: 2111968498573024085405650500 (bases 193,299) 29.1s
  [97/192   167.6s] d=114: 2064664038352176840283766080 (bases 189,303) 0.0s
  [98/192   170.7s] d=97: 2572533826730206170606792792 (bases 193,290) 82.1s
  [99/192   172.8s] d=110: 2902842425748132657776589741 (bases 200,310) 24.7s
  [100/192   183.5s] d=112: 3518578953105410762705649791 (bases 198,310) 31.1s
  [101/192   201.2s] d=117: 4959708969763148487391631016 (bases 206,323) 28.4s
  [102/192   215.6s] d=101: 4024210901055302818226736996 (bases 201,302) 96.9s
  [103/192   215.8s] d=120: 3615098723687764965374761600 (bases 199,319) 0.1s
  [104/192   217.0s] d=107: 4493368452591251759608525240 (bases 202,309) 78.4s
  [105/192   242.9s] d=103: 5442114521951769801123975762 (bases 205,308) 118.3s
  [106/192   274.5s] d=109: 8462677774040221666480494314 (bases 213,322) 130.7s
  [107/192   278.9s] d=122: 9355636969377274206305444016 (bases 215,337) 61.9s
  [108/192   279.6s] d=116: 11428339192524660145647371424 (bases 231,347) 108.9s
  [109/192   282.8s] d=113: 9911932241585833506533067594 (bases 228,341) 127.7s
  [110/192   288.4s] d=111: 10975404966369934204466366634 (bases 221,332) 137.7s
  [111/192   289.0s] d=115: 11479532223676550065341852816 (bases 220,335) 121.4s
  [112/192   317.7s] d=128: 9046692707087271461358236400 (bases 219,347) 29.2s
  [113/192   333.6s] d=118: 12917006514097329461649934092 (bases 235,353) 150.1s
  [114/192   339.5s] d=124: 8850315334411722736163704721 (bases 216,340) 65.0s
  [115/192   351.9s] d=132: 11244441787561220075807400640 (bases 219,351) 12.4s
  [116/192   364.6s] d=130: 11861492380089380697616863300 (bases 219,349) 46.9s
  [117/192   388.4s] d=126: 14040547818574323133204025517 (bases 232,358) 108.8s
  [118/192   407.8s] d=135: 14886884267401202115312603600 (bases 224,359) 19.4s
  [119/192   408.6s] d=129: 17027761995610578859690873076 (bases 226,355) 119.6s
  [120/192   412.2s] d=136: 14252333285711046452525887680 (bases 223,359) 4.4s
  [121/192   419.9s] d=119: 23568579727866461804761474194 (bases 237,356) 218.7s
  [122/192   462.2s] d=131: 22103234893112723608414234518 (bases 242,373) 128.6s
  [123/192   485.3s] d=121: 29619232755873201278734656210 (bases 241,362) 269.5s
  [124/192   489.7s] d=139: 27442594939226294276092243860 (bases 240,379) 69.8s
  [125/192   526.9s] d=123: 35201145174604689638939422914 (bases 245,368) 284.1s
  [126/192   528.2s] d=140: 30906164208637147109558081665 (bases 244,384) 66.0s
  [127/192   548.2s] d=137: 34568951910625664726557183206 (bases 248,385) 139.6s
  [128/192   558.1s] d=125: 41789292948620899166990258250 (bases 249,374) 279.2s
  [129/192   571.0s] d=138: 45880786798927305475408583425 (bases 246,384) 158.7s
  [130/192   589.5s] d=134: 48946500472002060662021509704 (bases 267,401) 225.0s
  [131/192   591.0s] d=133: 50696199787968911270183716836 (bases 262,395) 239.0s
  [132/192   591.8s] d=142: 38124460929822346126126438320 (bases 247,389) 102.1s
  [133/192   639.3s] d=144: 50578491189284349424279223616 (bases 251,395) 111.1s
  [134/192   643.4s] d=150: 49024610702394426833371378000 (bases 249,399) 51.6s
  [135/192   648.5s] d=127: 53669608964967322434925349322 (bases 253,380) 365.7s
  [136/192   648.8s] d=153: 36795630548418522812447663016 (bases 242,395) 0.3s
  [137/192   717.8s] d=146: 60636744470509837202129964000 (bases 263,409) 159.7s
  [138/192   756.1s] d=151: 63617935524699487423983530248 (bases 252,403) 116.7s
  [139/192   779.3s] d=154: 86711723910207134099748000341 (bases 258,412) 130.5s
  [140/192   811.7s] d=147: 91866355120790121288913281240 (bases 272,419) 240.7s
  [141/192   828.2s] d=152: 92582682696105992547043074825 (bases 272,424) 184.8s
  [142/192   886.8s] d=143: 117657852944698518020516374900 (bases 274,417) 359.8s
  [143/192   901.8s] d=156: 101931578129902043150245234617 (bases 272,428) 145.7s
  [144/192   925.6s] d=160: 78943737919205083291734822000 (bases 259,419) 38.8s
  [145/192   926.4s] d=162: 72058330187969734513587997185 (bases 254,416) 0.8s
  [146/192   972.2s] d=159: 111493206179161899172091224480 (bases 264,423) 144.0s
  [147/192   980.9s] d=141: 156828625079642630335880534952 (bases 281,422) 495.6s
  [148/192   997.7s] d=148: 135261735592596785474422455096 (bases 295,443) 408.1s
  [149/192  1040.7s] d=155: 168682608847639693227116832066 (bases 278,433) 322.9s
  [150/192  1055.1s] d=164: 121321435252424159121380595648 (bases 267,431) 82.9s
  [151/192  1078.2s] d=157: 139262143699409007565060486560 (bases 286,443) 298.9s
  [152/192  1107.2s] d=168: 131649095707697647095871553600 (bases 271,439) 52.0s
  [153/192  1107.8s] d=170: 109083635160070012210198542616 (bases 265,435) 0.7s
  [154/192  1107.9s] d=145: 209500575178292925425378040150 (bases 304,449) 559.6s
  [155/192  1165.1s] d=165: 173622952196420606057118893292 (bases 278,443) 184.2s
  [156/192  1186.6s] d=163: 167215474592621198875504409856 (bases 282,445) 260.2s
  [157/192  1198.7s] d=171: 167548815405061379127676507950 (bases 278,449) 90.8s
  [158/192  1217.3s] d=166: 176050308817881180890779379424 (bases 277,443) 219.6s
  [159/192  1233.5s] d=174: 170270716023035826721526605500 (bases 275,449) 47.0s
  [160/192  1269.6s] d=149: 286840219114952623669534234704 (bases 297,446) 678.7s
  [161/192  1304.6s] d=172: 216981510697969372385977030176 (bases 283,455) 196.7s
  [162/192  1371.0s] d=161: 289482013632620802694360182656 (bases 286,447) 469.3s
  [163/192  1373.7s] d=178: 236509413771601712717659931021 (bases 282,460) 104.0s
  [164/192  1395.0s] d=176: 262521422976209547532422480804 (bases 291,467) 177.7s
  [165/192  1446.0s] d=158: 320005135257618932127593278440 (bases 315,473) 634.4s
  [166/192  1571.9s] d=180: 347085550489474558383045218400 (bases 299,479) 200.9s
  [167/192  1622.1s] d=182: 388985186613063476439047880648 (bases 305,487) 227.1s
  [168/192  1662.6s] d=183: 378499954310641315061413534280 (bases 304,487) 216.5s
  [169/192  1797.9s] d=177: 530665354017235125677428015680 (bases 302,479) 564.3s
  [170/192  1844.4s] d=167: 531807323510352396522942016776 (bases 308,475) 803.7s
  [171/192  1897.6s] d=185: 472320861355778796552992433430 (bases 304,489) 275.5s
  [172/192  1919.7s] d=189: 349757761887708318174311238276 (bases 296,485) 22.1s
  [173/192  1995.3s] d=175: 761269889835434916633107456500 (bases 324,499) 796.7s
  [174/192  2044.3s] d=173: 692240148081458100017007598470 (bases 309,482) 879.1s
  [175/192  2066.3s] d=169: 683665926528654578975103802080 (bases 334,503) 988.0s
  [176/192  2144.8s] d=184: 714701637421976567811862598691 (bases 322,506) 572.9s
  [177/192  2171.2s] d=188: 574394281399903626040223394144 (bases 315,503) 326.7s
  [178/192  2215.1s] d=192: 550026893102473988391592387440 (bases 311,503) 170.9s
  [179/192  2229.6s] d=190: 645157001868629062610067168405 (bases 316,506) 309.9s
  [180/192  2247.1s] d=187: 666192254287446165392098965270 (bases 322,509) 449.3s
  [181/192  2248.9s] d=198: 501271434218170692498412506501 (bases 302,500) 1.8s
  [182/192  2312.2s] d=196: 579778556699940515257077793440 (bases 307,503) 97.1s
  [183/192  2312.8s] d=200: 507798827487967244143478709000 (bases 299,499) 0.6s
  [184/192  2483.2s] d=186: 1191109633589735460827187200155 (bases 328,514) 820.6s
  [185/192  2529.4s] d=195: 915942342307867963674050101140 (bases 334,529) 358.2s
  [186/192  2534.0s] d=181: 1219181438133144792834153085892 (bases 360,541) 1160.4s
  [187/192  2735.5s] d=194: 1191866307793492714864789543884 (bases 347,541) 590.7s
  [188/192  2777.0s] d=191: 1321376755240396922085842650240 (bases 352,543) 781.7s
  [189/192  2860.5s] d=179: 2099085601949204130171585236994 (bases 357,536) 1555.9s
  [190/192  3277.9s] d=197: 2606450134270617050465136163830 (bases 344,541) 1048.3s
  [191/192  4111.7s] d=193: 5686694041003732361127591362346 (bases 385,578) 2045.4s
  [192/192  4352.3s] d=199: 7363580257730740621174228405386 (bases 397,596) 2103.4s
L=12 summary: 199/199 terms for d=2..200; 7 checked against OEIS, 0 mismatches []; failures []; wall 4352.3s
