L=15: d=1..200, 5 already done, 195 to run, 10 jobs x 1 threads
  [1/195     0.0s] d=8: 18930794032561159983664 (bases 31,39) 0.0s
  [2/195     0.0s] d=14: 7929748466760132250423201 (bases 46,60) 0.0s
  [3/195     0.1s] d=6: 1229462825498579445793 (bases 26,32) 0.1s
  [4/195     0.1s] d=7: 6742744364652302264221 (bases 29,36) 0.1s
  [5/195     0.1s] d=12: 1985874527816172779957047 (bases 42,54) 0.1s
  [6/195     0.1s] d=16: 39414111873262162540877742 (bases 51,67) 0.1s
  [7/195     0.2s] d=17: 87744517114621993184413398 (bases 54,71) 0.2s
  [8/195     0.2s] d=20: 536393445852681538543787437 (bases 61,81) 0.1s
  [9/195     0.3s] d=18: 190806586209524700455895376 (bases 57,75) 0.2s
  [10/195     0.4s] d=10: 326144484034703209092930 (bases 37,47) 0.4s
  [11/195     0.4s] d=19: 338899917582598229990085643 (bases 59,78) 0.4s
  [12/195     0.5s] d=9: 128329658678620357987381 (bases 35,44) 0.5s
  [13/195     0.5s] d=11: 929993027698165675314634 (bases 40,51) 0.5s
  [14/195     0.5s] d=25: 5749069625466878695055883361 (bases 71,96) 0.1s
  [15/195     0.6s] d=24: 4444358458485421664362735255 (bases 70,94) 0.3s
  [16/195     0.7s] d=30: 49409294032668911670529460849 (bases 82,112) 0.1s
  [17/195     0.8s] d=26: 10321551954434343541955210301 (bases 74,100) 0.4s
  [18/195     0.9s] d=28: 24003659227617105732107494289 (bases 78,106) 0.4s
  [19/195     0.9s] d=29: 34194427478775405663986142397 (bases 80,109) 0.3s
  [20/195     1.0s] d=34: 203670471238025477164809995969 (bases 90,124) 0.1s
  [21/195     1.0s] d=32: 103300674658394978954618643909 (bases 86,118) 0.2s
  [22/195     1.1s] d=13: 6055753073119450667241613 (bases 45,58) 1.1s
  [23/195     1.1s] d=33: 162401954399819397549372475341 (bases 89,122) 0.2s
  [24/195     1.2s] d=37: 542011526281250076814298339231 (bases 96,133) 0.1s
  [25/195     1.6s] d=38: 829915270915908912057213646334 (bases 99,137) 0.5s
  [26/195     2.1s] d=31: 82692410065977203734179917745 (bases 85,116) 1.4s
  [27/195     2.6s] d=40: 1522396036679439760246320331706 (bases 103,143) 1.0s
  [28/195     2.8s] d=39: 1144216255526398073418320303761 (bases 101,140) 1.6s
  [29/195     2.9s] d=15: 39572773152409410990362155 (bases 51,66) 2.9s
  [30/195     4.5s] d=36: 552623834683255068240304288457 (bases 97,133) 3.5s
  [31/195     5.1s] d=41: 2252969934995069388972098395255 (bases 106,147) 3.0s
  [32/195     5.8s] d=21: 1228004551958671959620048991 (bases 65,86) 5.7s
  [33/195     6.7s] d=42: 3032667151606949839711108268251 (bases 108,150) 4.1s
  [34/195     6.9s] d=35: 386144137847706871073400325285 (bases 94,129) 6.0s
  [35/195     7.6s] d=44: 5354002807604204240218270022173 (bases 112,156) 4.7s
  [36/195     8.4s] d=49: 17036044552484531861926358327341 (bases 121,170) 1.5s
  [37/195    12.5s] d=45: 7532018551577323310872069095521 (bases 115,160) 8.0s
  [38/195    13.5s] d=50: 23551570268218316009685631636291 (bases 124,174) 5.9s
  [39/195    13.6s] d=22: 2360768877815146768299783841 (bases 67,89) 13.4s
  [40/195    16.1s] d=43: 4419390737711811392606927607603 (bases 111,154) 13.3s
  [41/195    16.1s] d=48: 16072777347002425717269401652139 (bases 121,169) 9.4s
  [42/195    16.1s] d=27: 22741032696628917486429734401 (bases 78,105) 15.6s
  [43/195    16.4s] d=51: 30971043216657501373172099834059 (bases 126,177) 7.9s
  [44/195    18.0s] d=54: 56061039750948743326861442937906 (bases 131,185) 4.4s
  [45/195    18.4s] d=23: 4672595961780482892132037108 (bases 70,93) 18.2s
  [46/195    23.2s] d=52: 39910732245363771159760170793981 (bases 128,180) 10.6s
  [47/195    27.1s] d=55: 74741210711966398653527350898386 (bases 134,189) 11.0s
  [48/195    27.2s] d=53: 49284177998855378580770292139585 (bases 130,183) 13.7s
  [49/195    28.3s] d=56: 95619076011021452895677039985793 (bases 136,192) 12.2s
  [50/195    28.3s] d=58: 138746504873225082739150532240295 (bases 139,197) 11.9s
  [51/195    31.6s] d=60: 209062739478734883418593445678717 (bases 143,203) 13.2s
  [52/195    33.0s] d=64: 431339101551858681518212390044597 (bases 150,214) 4.7s
  [53/195    33.2s] d=57: 118927327453252212874557069769096 (bases 138,195) 17.1s
  [54/195    33.5s] d=47: 13366312764257319344169716161544 (bases 120,167) 27.7s
  [55/195    33.9s] d=46: 11583981970042180479777218456356 (bases 119,165) 28.8s
  [56/195    36.8s] d=69: 1040151007497158735803534741499821 (bases 159,228) 3.3s
  [57/195    40.6s] d=67: 755371742372452007263263557030321 (bases 156,223) 7.6s
  [58/195    42.9s] d=70: 1333367602505058561732649101736289 (bases 162,232) 9.0s
  [59/195    49.1s] d=63: 384699057588377305140145091600145 (bases 149,212) 21.9s
  [60/195    50.5s] d=59: 187434070271122709594705850833566 (bases 142,201) 32.6s
  [61/195    52.6s] d=71: 1521731869104281799329356611343231 (bases 163,234) 15.8s
  [62/195    59.7s] d=65: 571525649741942103343054143810235 (bases 153,218) 31.4s
  [63/195    62.0s] d=72: 1928327754381017414525546167628439 (bases 166,238) 21.4s
  [64/195    65.1s] d=61: 281702026922941728170759285644348 (bases 146,207) 41.9s
  [65/195    67.7s] d=75: 3106039638001795676745739585829215 (bases 171,246) 17.2s
  [66/195    68.7s] d=73: 2183153893518180139486825136200561 (bases 167,240) 25.8s
  [67/195    72.8s] d=78: 4741578340017858638062736085718877 (bases 176,254) 10.8s
  [68/195    74.9s] d=62: 356501189791931957268559111469522 (bases 149,211) 47.9s
  [69/195    81.1s] d=66: 767637929806888024473170871386599 (bases 156,222) 49.5s
  [70/195    91.5s] d=74: 2723380007135682580367946404870681 (bases 170,244) 42.4s
  [71/195   103.0s] d=82: 9039531292091145392761085217443329 (bases 184,266) 30.2s
  [72/195   105.6s] d=84: 11796235559461477585876740707104478 (bases 187,271) 24.5s
  [73/195   114.1s] d=86: 15170252942744784237884933574396949 (bases 190,276) 11.1s
  [74/195   126.0s] d=68: 1132909455485508333560932547128957 (bases 160,228) 92.8s
  [75/195   134.4s] d=87: 18565176567158810893452040233030201 (bases 193,280) 28.8s
  [76/195   134.9s] d=76: 4058819515102123340668227499487885 (bases 175,251) 82.3s
  [77/195   135.6s] d=83: 10763430122063477634248868872030173 (bases 186,269) 60.6s
  [78/195   137.2s] d=80: 7255266895200029894207076785058405 (bases 182,262) 69.5s
  [79/195   150.3s] d=79: 6114399302159018178813530940168703 (bases 180,259) 85.2s
  [80/195   153.7s] d=94: 43562719409958469515228078015510669 (bases 204,298) 3.4s
  [81/195   179.5s] d=81: 8584344144398196544603895961468313 (bases 183,264) 110.8s
  [82/195   199.6s] d=89: 24547453827207341195732430822003761 (bases 197,286) 73.6s
  [83/195   209.3s] d=91: 31948319321663526912999801035319994 (bases 200,291) 74.4s
  [84/195   235.7s] d=98: 73049540349532963126933674886001878 (bases 211,309) 26.4s
  [85/195   240.0s] d=88: 22373185062537712606319812594681929 (bases 196,284) 125.9s
  [86/195   254.5s] d=95: 53777173467441892031599884421666243 (bases 207,302) 100.8s
  [87/195   255.5s] d=100: 95602512067095804232029710596931296 (bases 215,315) 15.5s
  [88/195   261.7s] d=77: 5142518691021227588756923980986506 (bases 178,255) 202.0s
  [89/195   262.9s] d=102: 118229229974299848785822320016076801 (bases 218,320) 7.4s
  [90/195   270.0s] d=93: 43766232204801718535657163783650254 (bases 204,297) 132.8s
  [91/195   276.0s] d=96: 62198967525325914396621134530653371 (bases 209,305) 96.4s
  [92/195   300.0s] d=101: 109151298621516262332263693837902585 (bases 217,318) 45.5s
  [93/195   351.2s] d=106: 200769530830483818203487491922215325 (bases 226,332) 75.2s
  [94/195   351.6s] d=99: 89533658530026684206131172678596829 (bases 214,313) 116.0s
  [95/195   363.1s] d=104: 162355957057750572846812238279348670 (bases 223,327) 100.2s
  [96/195   377.9s] d=85: 16280411206521187834942160567297797 (bases 191,276) 286.4s
  [97/195   379.6s] d=107: 224475602715730877893363082799834626 (bases 228,335) 79.5s
  [98/195   392.6s] d=105: 191669436797084564267926711653535963 (bases 226,331) 122.6s
  [99/195   393.7s] d=97: 71877110431971035987875526149563169 (bases 211,308) 194.1s
  [100/195   415.2s] d=92: 40174868224315956837991813176499361 (bases 204,296) 279.6s
  [101/195   428.7s] d=110: 314793792573266188132517350136329929 (bases 233,343) 65.6s
  [102/195   458.4s] d=116: 591276668459355493490452824880407335 (bases 243,359) 29.6s
  [103/195   478.3s] d=109: 283985669274635986592627451779499401 (bases 231,340) 126.7s
  [104/195   494.6s] d=112: 403405559103581151295696226990147910 (bases 237,349) 115.1s
  [105/195   507.8s] d=118: 723956716813447708533058595755658565 (bases 246,364) 29.5s
  [106/195   568.5s] d=108: 271305955321836043457403890314437370 (bases 231,339) 217.3s
  [107/195   582.5s] d=119: 815485089829701013244991287590540300 (bases 248,367) 87.8s
  [108/195   596.8s] d=111: 369784844619853123613805150505522818 (bases 236,347) 218.9s
  [109/195   607.4s] d=117: 678134449459129847565977186088329331 (bases 245,362) 149.0s
  [110/195   664.4s] d=113: 464595113585336790974591733333552257 (bases 239,352) 271.8s
  [111/195   679.7s] d=124: 1374226365651831184064553245894856934 (bases 257,381) 72.4s
  [112/195   688.2s] d=103: 158797566734754595083977635333382265 (bases 223,326) 426.5s
  [113/195   698.3s] d=120: 970796424697998296367526170530597269 (bases 251,371) 190.5s
  [114/195   707.2s] d=114: 531279269800200018202840391276349666 (bases 241,355) 313.5s
  [115/195   714.6s] d=121: 1036665352286930028017827657101967340 (bases 252,373) 146.1s
  [116/195   735.7s] d=130: 2354245433494377185573225911598368069 (bases 266,396) 21.1s
  [117/195   739.7s] d=90: 37999057700396397077610480060181003 (bases 204,294) 605.3s
  [118/195   756.8s] d=126: 1723102141407414378581128598171366212 (bases 261,387) 77.1s
  [119/195   756.8s] d=129: 2196841224163781436928919013582393045 (bases 265,394) 49.7s
  [120/195   763.8s] d=122: 1177824009634068898732527669659603777 (bases 254,376) 181.3s
  [121/195   787.1s] d=128: 2058528043695464435190832964018351345 (bases 264,392) 88.8s
  [122/195   806.8s] d=133: 3196391081925848694603448937169619351 (bases 272,405) 50.0s
  [123/195   814.1s] d=125: 1558321124904368702112651600375746305 (bases 259,384) 149.8s
  [124/195   835.4s] d=115: 601326550246736124743632200649097709 (bases 243,358) 420.2s
  [125/195   846.5s] d=123: 1324043738842867990465691845264736511 (bases 256,379) 249.7s
  [126/195   868.5s] d=136: 4273113119825965376137897945567889225 (bases 277,413) 81.5s
  [127/195   877.0s] d=138: 5084830929880411942792067251186016839 (bases 280,418) 62.8s
  [128/195   896.6s] d=142: 6988917641914457853444336739813903761 (bases 286,428) 19.6s
  [129/195  1056.8s] d=139: 5632728214317521831895023268565893934 (bases 282,421) 221.3s
  [130/195  1097.6s] d=144: 8173174142375201096483821866166189474 (bases 289,433) 40.8s
  [131/195  1103.0s] d=134: 3790282482652754746415283468921255742 (bases 275,409) 346.2s
  [132/195  1165.0s] d=132: 3226013169722555987249696697911070489 (bases 272,404) 425.3s
  [133/195  1206.1s] d=137: 4846422429046623916628091665664356746 (bases 280,417) 399.3s
  [134/195  1238.1s] d=135: 4238414789692669705140925080577961097 (bases 277,412) 474.3s
  [135/195  1303.9s] d=147: 11045931617976661586277949875053676387 (bases 295,442) 138.9s
  [136/195  1322.1s] d=149: 13202454191578248646777114959336440705 (bases 299,448) 84.0s
  [137/195  1432.0s] d=145: 9781031769511005460284929974631483407 (bases 293,438) 334.4s
  [138/195  1449.6s] d=143: 8422180195458537164337217258457925281 (bases 291,434) 552.9s
  [139/195  1453.1s] d=127: 2044382786058623513992761878976849697 (bases 265,392) 764.9s
  [140/195  1471.1s] d=146: 10782506050489416249883955106696796255 (bases 295,441) 368.1s
  [141/195  1504.4s] d=151: 16007518296818519451767059182855931851 (bases 303,454) 182.3s
  [142/195  1504.5s] d=140: 6885111704648438766616299384553650000 (bases 287,427) 658.0s
  [143/195  1534.8s] d=153: 18001127487920900994877076308141178523 (bases 305,458) 85.2s
  [144/195  1591.5s] d=131: 3016972943896585741534361006956044072 (bases 272,403) 855.9s
  [145/195  1596.0s] d=156: 23095166146703852201627125352425479245 (bases 310,466) 91.6s
  [146/195  1596.7s] d=141: 7298991676715465558901971398568905221 (bases 287,428) 728.2s
  [147/195  1752.5s] d=148: 13023247117282495195517038143406372147 (bases 299,447) 546.4s
  [148/195  1767.9s] d=159: 28424831671916383216962821816071088363 (bases 314,473) 176.3s
  [149/195  1877.4s] d=158: 27296019492801817537981867508655563457 (bases 314,472) 342.7s
  [150/195  1895.8s] d=162: 35892171680104109477436661564224677595 (bases 319,481) 143.3s
  [151/195  1906.6s] d=164: 41206783017742329350467858075178961745 (bases 322,486) 29.2s
  [152/195  1926.7s] d=163: 39080352439529850957240214249624115953 (bases 321,484) 158.8s
  [153/195  1926.9s] d=165: 44834522150573146893312946051365672211 (bases 324,489) 31.1s
  [154/195  1938.0s] d=167: 51564419719279470131344909904201001493 (bases 327,494) 11.3s
  [155/195  1970.3s] d=169: 59527750121261527109626705996426645887 (bases 330,499) 32.3s
  [156/195  1983.0s] d=154: 21165673977537822552878461906142585110 (bases 309,463) 529.8s
  [157/195  1990.0s] d=170: 64680646750614131136875249104456583283 (bases 332,502) 19.7s
  [158/195  1996.8s] d=166: 48999861467914089967500109330197516421 (bases 326,492) 90.2s
  [159/195  1997.3s] d=150: 15751745174616486612792683685709981177 (bases 303,453) 693.4s
  [160/195  2001.3s] d=157: 26166464802305665877817652699138239131 (bases 313,470) 496.8s
  [161/195  2080.2s] d=173: 80970658447784621412597761967015296821 (bases 337,510) 83.4s
  [162/195  2117.7s] d=174: 88493900931745799353223757277908610828 (bases 339,513) 120.4s
  [163/195  2129.0s] d=176: 100412886484458099321008880826233173819 (bases 342,518) 48.8s
  [164/195  2179.7s] d=152: 18640715406464652887366628739756282879 (bases 306,458) 747.7s
  [165/195  2322.5s] d=161: 35918259033624484061059589043179851824 (bases 320,481) 725.8s
  [166/195  2339.5s] d=160: 34082462253923522038433316774873136801 (bases 319,479) 743.5s
  [167/195  2394.2s] d=180: 134713118321750810620000573649480487537 (bases 349,529) 71.6s
  [168/195  2469.5s] d=178: 120395187839556321867371184875605917409 (bases 346,524) 340.5s
  [169/195  2663.4s] d=171: 76136544426038129241991975407779698837 (bases 336,507) 680.4s
  [170/195  2689.8s] d=177: 115184602913026528825375301858313524935 (bases 345,522) 572.1s
  [171/195  2725.7s] d=185: 184445150186776500059584430321597784183 (bases 356,541) 35.9s
  [172/195  2747.5s] d=186: 194006035750321770796908755855964914905 (bases 357,543) 21.8s
  [173/195  2753.3s] d=183: 167999637497476449621352924022894255374 (bases 354,537) 283.7s
  [174/195  2772.8s] d=181: 147947465732805500625546144209142246181 (bases 351,532) 433.4s
  [175/195  2884.6s] d=155: 24712205062018021801193085580267864201 (bases 313,468) 1413.5s
  [176/195  2942.8s] d=172: 83386363025560394557962354825772033931 (bases 339,511) 952.8s
  [177/195  2957.9s] d=190: 257976198840925027224376710053503282915 (bases 364,554) 73.3s
  [178/195  2971.7s] d=189: 247158485064818036543997969681064902169 (bases 363,552) 198.8s
  [179/195  3129.3s] d=192: 294027013937086374103300741498685167278 (bases 367,559) 171.4s
  [180/195  3165.8s] d=184: 183557573007523993564091386846989882481 (bases 356,540) 502.4s
  [181/195  3209.7s] d=175: 105466478217649254032446497081564613636 (bases 344,519) 1208.4s
  [182/195  3213.8s] d=194: 332988625498656099454593205655918778709 (bases 370,564) 84.6s
  [183/195  3288.1s] d=179: 134737014898703193621730238593936598257 (bases 349,528) 1108.4s
  [184/195  3373.7s] d=168: 66930995640703318907276774925432834061 (bases 334,502) 1446.7s
  [185/195  3396.8s] d=195: 365500091312340200668126045349710009521 (bases 373,568) 231.0s
  [186/195  3551.7s] d=198: 437219274670442871836818647880652199651 (bases 377,575) 263.6s
  [187/195  3610.0s] d=200: 501025222963029383906647084594924114586 (bases 381,581) 213.2s
  [188/195  3856.4s] d=191: 293185133500717074585505808774460496033 (bases 367,558) 913.6s
  [189/195  3890.3s] d=188: 244448024364906754369243975063731649705 (bases 364,552) 1137.0s
  [190/195  4069.3s] d=197: 427914645127383085523248447628066729969 (bases 377,574) 855.5s
  [191/195  4128.1s] d=187: 233960714571805406064270885832676556706 (bases 362,549) 1380.6s
  [192/195  4420.5s] d=182: 176216322270725739538448035378147505151 (bases 356,538) 2026.3s
  [193/195  4468.7s] d=193: 342389512230237813308726071652625142756 (bases 372,565) 1497.0s
  [194/195  4875.1s] d=199: 501438534188826803731272191158313914881 (bases 381,580) 1501.4s
  [195/195  5144.0s] d=196: 434892465404991623095688401936168142839 (bases 377,573) 1934.3s
L=15 summary: 200/200 terms for d=1..200; 5 checked against OEIS, 0 mismatches []; failures []; wall 5144.0s
