L=13: d=1..200, 11 already done, 189 to run, 10 jobs x 1 threads
  [1/189     0.0s] d=16: 2199786831686071288801 (bases 44,60) 0.0s
  [2/189     0.0s] d=14: 839626119494885559376 (bases 41,55) 0.0s
  [3/189     0.0s] d=12: 229545216194809465980 (bases 37,49) 0.0s
  [4/189     0.0s] d=18: 8714427619845590130939 (bases 49,67) 0.0s
  [5/189     0.0s] d=22: 50979784612230785832301 (bases 56,78) 0.0s
  [6/189     0.0s] d=15: 1787089867414092935661 (bases 44,59) 0.0s
  [7/189     0.0s] d=13: 616890370241843890836 (bases 40,53) 0.0s
  [8/189     0.0s] d=23: 80423381321083732863331 (bases 58,81) 0.0s
  [9/189     0.0s] d=17: 5763145137252023399126 (bases 48,65) 0.0s
  [10/189     0.0s] d=19: 15533711021390820358661 (bases 51,70) 0.0s
  [11/189     0.0s] d=21: 40250554326838097194697 (bases 55,76) 0.0s
  [12/189     0.1s] d=29: 803354574697496761340549 (bases 69,98) 0.0s
  [13/189     0.1s] d=27: 440209640326807894047052 (bases 66,93) 0.0s
  [14/189     0.1s] d=28: 635501999032778270841121 (bases 68,96) 0.0s
  [15/189     0.1s] d=25: 226981461165049340976865 (bases 63,88) 0.1s
  [16/189     0.1s] d=26: 376717864631542355904697 (bases 66,92) 0.1s
  [17/189     0.1s] d=24: 166348279041345184717895 (bases 62,86) 0.1s
  [18/189     0.1s] d=31: 1878886100059479244768021 (bases 74,105) 0.1s
  [19/189     0.1s] d=20: 46992192233208458309185 (bases 56,76) 0.1s
  [20/189     0.1s] d=34: 4355158643882431852025294 (bases 79,113) 0.1s
  [21/189     0.1s] d=35: 5983285629912043494810801 (bases 81,116) 0.1s
  [22/189     0.2s] d=33: 3575458435443349574168548 (bases 78,111) 0.1s
  [23/189     0.2s] d=30: 1568419276621924146638130 (bases 73,103) 0.1s
  [24/189     0.2s] d=39: 16101771683308675658487649 (bases 87,126) 0.0s
  [25/189     0.2s] d=42: 33824104267312210455080783 (bases 92,134) 0.1s
  [26/189     0.2s] d=41: 28529881262821195978165897 (bases 91,132) 0.1s
  [27/189     0.3s] d=44: 57382300933585747206973341 (bases 96,140) 0.1s
  [28/189     0.3s] d=32: 3181802869068101488111128 (bases 77,109) 0.2s
  [29/189     0.3s] d=36: 9015498368741852876160121 (bases 84,120) 0.2s
  [30/189     0.4s] d=40: 26593529565852655667842026 (bases 91,131) 0.3s
  [31/189     0.5s] d=45: 81402092019653639134962097 (bases 99,144) 0.3s
  [32/189     0.5s] d=43: 50800082868472463513754289 (bases 95,138) 0.3s
  [33/189     0.5s] d=50: 211598800639367972023434697 (bases 106,156) 0.2s
  [34/189     0.5s] d=51: 267817214770755694352243746 (bases 108,159) 0.1s
  [35/189     0.6s] d=48: 155323431514865240439708681 (bases 104,152) 0.3s
  [36/189     0.7s] d=49: 192929974732811592234280201 (bases 106,155) 0.4s
  [37/189     0.7s] d=56: 673030474349508847498872305 (bases 116,172) 0.1s
  [38/189     0.7s] d=37: 14399690852904519729139189 (bases 87,124) 0.6s
  [39/189     0.8s] d=47: 131333350880970188151187651 (bases 103,150) 0.6s
  [40/189     1.0s] d=46: 112539428756079978690240967 (bases 101,147) 0.8s
  [41/189     1.2s] d=38: 22412044875297839416723969 (bases 90,128) 1.1s
  [42/189     1.3s] d=62: 1980822573109054979047475925 (bases 126,188) 0.1s
  [43/189     1.4s] d=57: 902845826513195382158134289 (bases 119,176) 0.8s
  [44/189     1.5s] d=58: 1046616568555051341173727237 (bases 120,178) 0.8s
  [45/189     1.5s] d=59: 1248178279868247167304873090 (bases 122,181) 0.8s
  [46/189     1.7s] d=52: 380799648620814010707283121 (bases 112,164) 1.2s
  [47/189     1.7s] d=60: 1616038420952360602305985236 (bases 125,185) 0.9s
  [48/189     1.8s] d=64: 2700273108691892888225317696 (bases 129,193) 0.4s
  [49/189     1.9s] d=54: 589153331233441011865520871 (bases 116,170) 1.4s
  [50/189     1.9s] d=53: 474212916446475378391592079 (bases 113,166) 1.4s
  [51/189     1.9s] d=61: 1798431960948231255032056123 (bases 125,186) 0.9s
  [52/189     1.9s] d=63: 2413902594235179206763606780 (bases 128,191) 0.6s
  [53/189     2.3s] d=66: 4193795617827917460862200801 (bases 134,200) 0.9s
  [54/189     2.4s] d=67: 4706492320592146974524541743 (bases 135,202) 0.7s
  [55/189     2.5s] d=55: 740898019517489726703480633 (bases 118,173) 1.9s
  [56/189     3.0s] d=75: 13617042833530505310109931491 (bases 146,221) 0.6s
  [57/189     3.1s] d=71: 8494933661419924706731756457 (bases 141,212) 1.2s
  [58/189     3.2s] d=65: 3810303534951659466749088919 (bases 133,198) 1.7s
  [59/189     3.7s] d=70: 7916890234434137998842818885 (bases 141,211) 1.8s
  [60/189     3.8s] d=73: 12144492915264148567304534715 (bases 145,218) 1.9s
  [61/189     3.9s] d=69: 7038551278351654807108626225 (bases 139,208) 2.1s
  [62/189     4.0s] d=72: 11127927310769646648686688708 (bases 145,217) 2.1s
  [63/189     4.2s] d=68: 6283264889887068607535405063 (bases 138,206) 2.5s
  [64/189     4.8s] d=78: 22485326303901975068552980451 (bases 152,230) 1.7s
  [65/189     4.9s] d=80: 29196056803521618010556607586 (bases 155,235) 1.2s
  [66/189     5.1s] d=84: 47153494643616301548648058446 (bases 161,245) 0.9s
  [67/189     5.3s] d=76: 19478737848619450071781526787 (bases 151,227) 2.9s
  [68/189     5.5s] d=74: 15344286972413850232411878779 (bases 149,223) 3.1s
  [69/189     5.8s] d=85: 51568771039885093913997511135 (bases 162,247) 1.0s
  [70/189     5.8s] d=81: 34217032391078191737385403157 (bases 157,238) 2.0s
  [71/189     7.2s] d=86: 61841368984284364091302814751 (bases 164,250) 2.3s
  [72/189     7.5s] d=77: 22072090658964239890754532969 (bases 152,229) 4.5s
  [73/189     7.6s] d=88: 77090048142621808436912553451 (bases 167,255) 2.3s
  [74/189     7.6s] d=83: 45970842511602828075921073357 (bases 161,244) 3.6s
  [75/189     8.1s] d=82: 41080369531822535918774219505 (bases 160,242) 4.2s
  [76/189     8.4s] d=91: 110855714586115276869865499025 (bases 172,263) 2.6s
  [77/189     8.7s] d=87: 73337439363542730816780024353 (bases 167,254) 3.6s
  [78/189     9.3s] d=89: 92561314613556368413788721348 (bases 170,259) 3.8s
  [79/189     9.9s] d=92: 123905959935357658604991940896 (bases 173,265) 2.7s
  [80/189    10.3s] d=94: 153558716825274257051532291421 (bases 176,270) 2.7s
  [81/189    10.9s] d=90: 110081960607037152702500749928 (bases 173,263) 5.1s
  [82/189    11.6s] d=97: 213877090456406571861842643431 (bases 181,278) 3.1s
  [83/189    11.6s] d=96: 196121248247756567122834182469 (bases 180,276) 3.5s
  [84/189    11.6s] d=79: 33053876077029106727754337005 (bases 157,236) 8.4s
  [85/189    11.8s] d=100: 290945083806834888108540667681 (bases 185,285) 1.9s
  [86/189    12.1s] d=95: 183003163730383933565494457449 (bases 179,274) 4.5s
  [87/189    12.5s] d=99: 268624713982003418408754640082 (bases 184,283) 3.2s
  [88/189    13.0s] d=102: 354381687800997116302539542401 (bases 188,290) 2.1s
  [89/189    13.8s] d=93: 150851185635332285444646605514 (bases 176,269) 6.3s
  [90/189    14.0s] d=107: 580926658952846216560730992497 (bases 195,302) 1.8s
  [91/189    14.0s] d=101: 334720583018858144041518940417 (bases 187,288) 3.7s
  [92/189    15.2s] d=104: 439414895733385180315638991486 (bases 191,295) 3.6s
  [93/189    15.6s] d=108: 657980156401888042625575256771 (bases 197,305) 3.1s
  [94/189    17.6s] d=109: 743727342223276546011009848793 (bases 199,308) 4.6s
  [95/189    17.7s] d=106: 560985098847441314494167847520 (bases 195,301) 5.9s
  [96/189    18.9s] d=105: 534432578548824698364680184270 (bases 194,299) 7.2s
  [97/189    19.1s] d=98: 280136923294294710251143326481 (bases 186,284) 10.4s
  [98/189    20.2s] d=114: 1163260618068689942576361267841 (bases 206,320) 4.5s
  [99/189    20.6s] d=103: 440044082198164783010289414511 (bases 192,295) 9.0s
  [100/189    21.8s] d=112: 1036215793107753602955190861768 (bases 205,317) 7.7s
  [101/189    21.8s] d=110: 875402504925746604704800623865 (bases 202,312) 8.0s
  [102/189    22.7s] d=113: 1103293855314732469678217227165 (bases 205,318) 7.5s
  [103/189    23.0s] d=120: 1931655133440026632795419034389 (bases 214,334) 2.5s
  [104/189    23.1s] d=115: 1314131574115517434396849623704 (bases 208,323) 5.5s
  [105/189    25.5s] d=123: 2476431010014212125170263612162 (bases 218,341) 2.8s
  [106/189    26.6s] d=117: 1571720290637039309443493079073 (bases 211,328) 7.8s
  [107/189    27.0s] d=118: 1729690209193007668224583898461 (bases 212,330) 8.0s
  [108/189    27.5s] d=121: 2174877358498402956305326174890 (bases 216,337) 5.7s
  [109/189    28.8s] d=124: 2801600037645738612827723798737 (bases 220,344) 5.8s
  [110/189    29.9s] d=125: 3143391941503904548505387075259 (bases 222,347) 6.8s
  [111/189    30.2s] d=116: 1578989515488811969456152822493 (bases 211,327) 12.5s
  [112/189    31.9s] d=111: 1055614403319251966226362547020 (bases 206,317) 18.0s
  [113/189    32.3s] d=126: 3506081022723319958429737663933 (bases 225,351) 6.8s
  [114/189    33.3s] d=128: 3961051441449425255599769186485 (bases 226,354) 6.3s
  [115/189    33.8s] d=132: 5481000461146407332011014793201 (bases 232,364) 3.7s
  [116/189    33.8s] d=129: 4188424617897524063094184845165 (bases 227,356) 6.3s
  [117/189    35.3s] d=130: 4604565663481292781460480592796 (bases 229,359) 6.5s
  [118/189    35.5s] d=119: 2008618152354773470854459854186 (bases 216,335) 15.4s
  [119/189    35.8s] d=134: 6239405422114681442214391102401 (bases 234,368) 3.5s
  [120/189    37.8s] d=122: 2592436875220876159784225923921 (bases 220,342) 15.9s
  [121/189    39.7s] d=140: 9734321657691058348617565903715 (bases 242,382) 3.9s
  [122/189    40.5s] d=135: 6868041395241446174551499624118 (bases 236,371) 7.2s
  [123/189    40.6s] d=138: 8584585403301349011137025392635 (bases 240,378) 5.3s
  [124/189    41.6s] d=136: 7421026872001701042606191635580 (bases 237,373) 7.8s
  [125/189    43.7s] d=133: 6124962254313173031490525548941 (bases 234,367) 11.8s
  [126/189    44.7s] d=131: 5405600548450138290274192974550 (bases 232,363) 14.8s
  [127/189    45.6s] d=141: 10749637165227682607547490551801 (bases 244,385) 7.8s
  [128/189    46.2s] d=137: 8249358728158879182883629671777 (bases 239,376) 12.4s
  [129/189    50.1s] d=147: 16814119374402509088792056160001 (bases 253,400) 5.4s
  [130/189    50.4s] d=127: 4162280088171930215261471563621 (bases 229,356) 23.8s
  [131/189    50.5s] d=143: 12866190140856056473715147571397 (bases 248,391) 10.0s
  [132/189    50.9s] d=149: 18977268587342900459599215493781 (bases 255,404) 4.6s
  [133/189    52.5s] d=146: 15417080986633608551419614008963 (bases 251,397) 8.7s
  [134/189    53.5s] d=144: 14018905692624612267465055512485 (bases 250,394) 12.9s
  [135/189    54.7s] d=150: 20108481926385452490086125063933 (bases 256,406) 4.6s
  [136/189    55.3s] d=139: 10222641412791229288915783434349 (bases 243,382) 19.8s
  [137/189    55.7s] d=152: 23472864784204713810888691550659 (bases 259,411) 5.2s
  [138/189    57.4s] d=154: 26955332459287877724516778279329 (bases 262,416) 5.0s
  [139/189    58.8s] d=142: 12652822559166673720856662261321 (bases 248,390) 19.1s
  [140/189    61.6s] d=156: 31308156163954901352854425206386 (bases 265,421) 6.9s
  [141/189    64.9s] d=155: 29710164501282711836430608080387 (bases 264,419) 11.3s
  [142/189    64.9s] d=148: 19135525300367499444195088107249 (bases 256,404) 19.3s
  [143/189    66.1s] d=160: 41128942671721115056466660797592 (bases 271,431) 7.3s
  [144/189    66.7s] d=151: 23134753659948507294353697353601 (bases 259,410) 16.3s
  [145/189    67.8s] d=161: 42509997572818376575941259690081 (bases 271,432) 6.2s
  [146/189    69.3s] d=153: 26955114400301311856681596514071 (bases 262,415) 18.4s
  [147/189    72.0s] d=164: 51262758574847230519777795393024 (bases 275,439) 5.9s
  [148/189    73.7s] d=157: 34778278769746618185000058765001 (bases 268,425) 18.4s
  [149/189    78.5s] d=145: 16954310777408286153679336789471 (bases 254,399) 36.8s
  [150/189    78.6s] d=168: 67353408143501195450821861999143 (bases 281,449) 6.6s
  [151/189    78.8s] d=163: 51128045870858489767584631644823 (bases 275,438) 13.9s
  [152/189    80.2s] d=158: 37804606954701749900442902133329 (bases 269,427) 24.5s
  [153/189    88.9s] d=159: 41135919716246316223309259540961 (bases 271,430) 31.5s
  [154/189    95.5s] d=172: 88999468060574215216543728388744 (bases 287,459) 16.8s
  [155/189    97.2s] d=166: 63839993594031429397059030719839 (bases 281,447) 29.4s
  [156/189    97.8s] d=169: 75547900362820309326996768198178 (bases 284,453) 24.1s
  [157/189    98.5s] d=170: 82377455255097843292301061352129 (bases 286,456) 20.0s
  [158/189    98.5s] d=167: 67894184954195106594830893158154 (bases 282,449) 29.3s
  [159/189   102.7s] d=171: 88548374405674404695411887817935 (bases 288,459) 24.2s
  [160/189   104.3s] d=176: 111337040053990685635051807319293 (bases 292,468) 7.1s
  [161/189   104.9s] d=162: 53011446482597969356386020763391 (bases 276,438) 40.1s
  [162/189   105.0s] d=165: 63501359867249505864896481369251 (bases 281,446) 38.3s
  [163/189   106.2s] d=173: 97132627166782638130634489257444 (bases 290,463) 26.1s
  [164/189   107.2s] d=174: 104355670904556817578720866683111 (bases 291,465) 18.3s
  [165/189   114.0s] d=178: 127567350746198049899203543017643 (bases 295,473) 15.5s
  [166/189   115.3s] d=175: 110090266754441257817374268987098 (bases 292,467) 19.8s
  [167/189   115.5s] d=185: 187348885427924192053163411571820 (bases 304,489) 8.3s
  [168/189   123.5s] d=180: 149108959217684976914755026193043 (bases 299,479) 20.8s
  [169/189   124.7s] d=184: 179991304347444392294343231893256 (bases 303,487) 18.4s
  [170/189   124.9s] d=188: 222541527999959442825339373362929 (bases 308,496) 9.4s
  [171/189   126.0s] d=187: 212465119700873973394930152229417 (bases 307,494) 10.7s
  [172/189   127.0s] d=182: 166826247509982381810772789133585 (bases 302,484) 22.1s
  [173/189   127.8s] d=186: 203423710983278244247894762928173 (bases 306,492) 13.9s
  [174/189   141.4s] d=189: 238795559865905900358754760432023 (bases 310,499) 17.9s
  [175/189   143.3s] d=183: 178640198894704710045765305365489 (bases 303,486) 38.3s
  [176/189   146.9s] d=191: 273961863357170036224783068593209 (bases 313,504) 21.9s
  [177/189   148.1s] d=179: 146784637011912999068203988812371 (bases 299,478) 49.5s
  [178/189   149.8s] d=194: 321154228722821219128968430219180 (bases 317,511) 22.0s
  [179/189   153.5s] d=181: 163508235525904222419332406267358 (bases 302,483) 49.2s
  [180/189   155.2s] d=190: 263517790557847801656868577232333 (bases 312,502) 30.5s
  [181/189   157.0s] d=197: 366976400860237408322463773829438 (bases 320,517) 10.2s
  [182/189   157.9s] d=177: 137762146302525257457225430902593 (bases 299,476) 60.1s
  [183/189   160.6s] d=195: 337942371889879046897131004905648 (bases 318,513) 19.1s
  [184/189   161.1s] d=193: 310297161663091951297790736150511 (bases 317,510) 34.1s
  [185/189   168.8s] d=192: 302864064710951576292226305596945 (bases 316,508) 42.9s
  [186/189   170.8s] d=199: 420985969600738104750325391640278 (bases 324,523) 20.9s
  [187/189   171.9s] d=196: 370934163204413807847965015115558 (bases 321,517) 28.5s
  [188/189   177.7s] d=198: 408578913927980362082483346431292 (bases 323,521) 29.6s
  [189/189   185.7s] d=200: 465406908392853317371906191287071 (bases 326,526) 32.2s
L=13 summary: 200/200 terms for d=1..200; 11 checked against OEIS, 0 mismatches []; failures []; wall 185.7s
