A171740 GPU search: n=32, device=Apple M4 Max, build threads=14, limit=2541936295477383247758340122710022036354548790
stage b2=29 vs b1={27}: values [2159424054808578564166497528588784562372597429, 2541936295477383247758340122710022036354548790) (GPU MITM)
  resuming partner b1=27 at +902138599808 of 2569741177322 yh (exact)
  MITM b1=27: s=10 t=6 j=6 je=8 Q=387420489 table=594823321 yh=2569741177322
  table built in 5.4s (14 threads)
[b2=29 b1=27 GPU] stage  35.1% (902407035264/2569741177322) | 795.6M/s | ETA 0:34:55 | best -
[b2=29 b1=27 GPU] stage  35.2% (904286083456/2569741177322) | 821.3M/s | ETA 0:33:47 | best -
[b2=29 b1=27 GPU] stage  35.3% (906165131648/2569741177322) | 830.2M/s | ETA 0:33:23 | best -
[b2=29 b1=27 GPU] stage  35.3% (908044179840/2569741177322) | 820.8M/s | ETA 0:33:44 | best -
[b2=29 b1=27 GPU] stage  35.4% (909923228032/2569741177322) | 819.0M/s | ETA 0:33:46 | best -
[b2=29 b1=27 GPU] stage  35.5% (911802276224/2569741177322) | 822.6M/s | ETA 0:33:35 | best -
[b2=29 b1=27 GPU] stage  35.6% (913681324416/2569741177322) | 828.0M/s | ETA 0:33:20 | best -
[b2=29 b1=27 GPU] stage  35.6% (915560372608/2569741177322) | 822.4M/s | ETA 0:33:31 | best -
[b2=29 b1=27 GPU] stage  35.7% (917439420800/2569741177322) | 820.0M/s | ETA 0:33:34 | best -
[b2=29 b1=27 GPU] stage  35.8% (919318468992/2569741177322) | 822.0M/s | ETA 0:33:27 | best -
[b2=29 b1=27 GPU] stage  35.8% (921197517184/2569741177322) | 826.7M/s | ETA 0:33:14 | best -
[b2=29 b1=27 GPU] stage  35.9% (923076565376/2569741177322) | 825.9M/s | ETA 0:33:13 | best -
[b2=29 b1=27 GPU] stage  36.0% (924955613568/2569741177322) | 818.9M/s | ETA 0:33:28 | best -
[b2=29 b1=27 GPU] stage  36.1% (926834661760/2569741177322) | 821.1M/s | ETA 0:33:20 | best -
[b2=29 b1=27 GPU] stage  36.1% (928713709952/2569741177322) | 826.3M/s | ETA 0:33:06 | best -
[b2=29 b1=27 GPU] stage  36.2% (930592758144/2569741177322) | 827.2M/s | ETA 0:33:01 | best -
[b2=29 b1=27 GPU] stage  36.3% (932471806336/2569741177322) | 819.5M/s | ETA 0:33:17 | best -
[b2=29 b1=27 GPU] stage  36.4% (934350854528/2569741177322) | 821.3M/s | ETA 0:33:11 | best -
[b2=29 b1=27 GPU] stage  36.4% (936229902720/2569741177322) | 825.0M/s | ETA 0:32:59 | best -
[b2=29 b1=27 GPU] stage  36.5% (938108950912/2569741177322) | 827.0M/s | ETA 0:32:53 | best -
[b2=29 b1=27 GPU] stage  36.6% (939987999104/2569741177322) | 818.8M/s | ETA 0:33:10 | best -
[b2=29 b1=27 GPU] stage  36.7% (941867047296/2569741177322) | 821.3M/s | ETA 0:33:02 | best -
[b2=29 b1=27 GPU] stage  36.7% (943746095488/2569741177322) | 820.5M/s | ETA 0:33:01 | best -
[b2=29 b1=27 GPU] stage  36.8% (945625143680/2569741177322) | 828.4M/s | ETA 0:32:40 | best -
[b2=29 b1=27 GPU] stage  36.9% (947504191872/2569741177322) | 820.3M/s | ETA 0:32:57 | best -
[b2=29 b1=27 GPU] stage  36.9% (949383240064/2569741177322) | 819.7M/s | ETA 0:32:56 | best -
[b2=29 b1=27 GPU] stage  37.0% (951262288256/2569741177322) | 822.5M/s | ETA 0:32:47 | best -
[b2=29 b1=27 GPU] stage  37.1% (953141336448/2569741177322) | 830.1M/s | ETA 0:32:27 | best -
[b2=29 b1=27 GPU] stage  37.2% (955020384640/2569741177322) | 822.5M/s | ETA 0:32:43 | best -
[b2=29 b1=27 GPU] stage  37.2% (956899432832/2569741177322) | 819.3M/s | ETA 0:32:48 | best -
[b2=29 b1=27 GPU] stage  37.3% (958778481024/2569741177322) | 821.7M/s | ETA 0:32:40 | best -
[b2=29 b1=27 GPU] stage  37.4% (960657529216/2569741177322) | 827.4M/s | ETA 0:32:24 | best -
[b2=29 b1=27 GPU] stage  37.5% (962536577408/2569741177322) | 824.5M/s | ETA 0:32:29 | best -
[b2=29 b1=27 GPU] stage  37.5% (964415625600/2569741177322) | 819.3M/s | ETA 0:32:39 | best -
[b2=29 b1=27 GPU] stage  37.6% (966294673792/2569741177322) | 821.0M/s | ETA 0:32:33 | best -
[b2=29 b1=27 GPU] stage  37.7% (968173721984/2569741177322) | 825.7M/s | ETA 0:32:19 | best -
[b2=29 b1=27 GPU] stage  37.7% (970052770176/2569741177322) | 827.0M/s | ETA 0:32:14 | best -
[b2=29 b1=27 GPU] stage  37.8% (971931818368/2569741177322) | 820.1M/s | ETA 0:32:28 | best -
[b2=29 b1=27 GPU] stage  37.9% (973810866560/2569741177322) | 821.3M/s | ETA 0:32:23 | best -
[b2=29 b1=27 GPU] stage  38.0% (975689914752/2569741177322) | 825.8M/s | ETA 0:32:10 | best -
[b2=29 b1=27 GPU] stage  38.0% (977568962944/2569741177322) | 828.3M/s | ETA 0:32:02 | best -
[b2=29 b1=27 GPU] stage  38.1% (979448011136/2569741177322) | 819.1M/s | ETA 0:32:21 | best -
[b2=29 b1=27 GPU] stage  38.2% (981327059328/2569741177322) | 821.3M/s | ETA 0:32:14 | best -
[b2=29 b1=27 GPU] stage  38.3% (983206107520/2569741177322) | 823.9M/s | ETA 0:32:05 | best -
[b2=29 b1=27 GPU] stage  38.3% (985085155712/2569741177322) | 829.3M/s | ETA 0:31:50 | best -
[b2=29 b1=27 GPU] stage  38.4% (986964203904/2569741177322) | 819.4M/s | ETA 0:32:11 | best -
[b2=29 b1=27 GPU] stage  38.5% (988843252096/2569741177322) | 819.3M/s | ETA 0:32:09 | best -
[b2=29 b1=27 GPU] stage  38.6% (990722300288/2569741177322) | 822.9M/s | ETA 0:31:58 | best -
[b2=29 b1=27 GPU] stage  38.6% (992601348480/2569741177322) | 825.5M/s | ETA 0:31:50 | best -
[b2=29 b1=27 GPU] stage  38.7% (994480396672/2569741177322) | 821.2M/s | ETA 0:31:58 | best -
[b2=29 b1=27 GPU] stage  38.8% (996359444864/2569741177322) | 819.9M/s | ETA 0:31:59 | best -
[b2=29 b1=27 GPU] stage  38.8% (998238493056/2569741177322) | 822.0M/s | ETA 0:31:51 | best -
[b2=29 b1=27 GPU] stage  38.9% (1000117541248/2569741177322) | 828.2M/s | ETA 0:31:35 | best -
[b2=29 b1=27 GPU] stage  39.0% (1001996589440/2569741177322) | 824.7M/s | ETA 0:31:41 | best -
[b2=29 b1=27 GPU] stage  39.1% (1003875637632/2569741177322) | 819.0M/s | ETA 0:31:51 | best -
[b2=29 b1=27 GPU] stage  39.1% (1005754685824/2569741177322) | 822.6M/s | ETA 0:31:41 | best -
[b2=29 b1=27 GPU] stage  39.2% (1007633734016/2569741177322) | 826.1M/s | ETA 0:31:31 | best -
[b2=29 b1=27 GPU] stage  39.3% (1009512782208/2569741177322) | 827.1M/s | ETA 0:31:26 | best -
[b2=29 b1=27 GPU] stage  39.4% (1011391830400/2569741177322) | 819.1M/s | ETA 0:31:42 | best -
[b2=29 b1=27 GPU] stage  39.4% (1013270878592/2569741177322) | 821.4M/s | ETA 0:31:34 | best -
[b2=29 b1=27 GPU] stage  39.5% (1015149926784/2569741177322) | 824.9M/s | ETA 0:31:24 | best -
[b2=29 b1=27 GPU] stage  39.6% (1017028974976/2569741177322) | 826.2M/s | ETA 0:31:19 | best -
[b2=29 b1=27 GPU] stage  39.7% (1018908023168/2569741177322) | 817.7M/s | ETA 0:31:36 | best -
[b2=29 b1=27 GPU] stage  39.7% (1020787071360/2569741177322) | 820.8M/s | ETA 0:31:27 | best -
[b2=29 b1=27 GPU] stage  39.8% (1022666119552/2569741177322) | 824.6M/s | ETA 0:31:16 | best -
[b2=29 b1=27 GPU] stage  39.9% (1024545167744/2569741177322) | 828.3M/s | ETA 0:31:05 | best -
[b2=29 b1=27 GPU] stage  39.9% (1026424215936/2569741177322) | 818.5M/s | ETA 0:31:25 | best -
[b2=29 b1=27 GPU] stage  40.0% (1028303264128/2569741177322) | 819.9M/s | ETA 0:31:20 | best -
[b2=29 b1=27 GPU] stage  40.1% (1030182312320/2569741177322) | 822.7M/s | ETA 0:31:11 | best -
[b2=29 b1=27 GPU] stage  40.2% (1032061360512/2569741177322) | 830.3M/s | ETA 0:30:51 | best -
[b2=29 b1=27 GPU] stage  40.2% (1033940408704/2569741177322) | 820.5M/s | ETA 0:31:11 | best -
[b2=29 b1=27 GPU] stage  40.3% (1035819456896/2569741177322) | 819.6M/s | ETA 0:31:11 | best -
[b2=29 b1=27 GPU] stage  40.4% (1037698505088/2569741177322) | 822.0M/s | ETA 0:31:03 | best -
[b2=29 b1=27 GPU] stage  40.5% (1039577553280/2569741177322) | 828.1M/s | ETA 0:30:47 | best -
[b2=29 b1=27 GPU] stage  40.5% (1041456601472/2569741177322) | 824.0M/s | ETA 0:30:54 | best -
[b2=29 b1=27 GPU] stage  40.6% (1043335649664/2569741177322) | 818.4M/s | ETA 0:31:05 | best -
[b2=29 b1=27 GPU] stage  40.7% (1045214697856/2569741177322) | 821.9M/s | ETA 0:30:54 | best -
[b2=29 b1=27 GPU] stage  40.7% (1047093746048/2569741177322) | 826.8M/s | ETA 0:30:41 | best -
[b2=29 b1=27 GPU] stage  40.8% (1048972794240/2569741177322) | 827.1M/s | ETA 0:30:38 | best -
[b2=29 b1=27 GPU] stage  40.9% (1050851842432/2569741177322) | 819.9M/s | ETA 0:30:52 | best -
[b2=29 b1=27 GPU] stage  41.0% (1052730890624/2569741177322) | 820.8M/s | ETA 0:30:48 | best -
[b2=29 b1=27 GPU] stage  41.0% (1054609938816/2569741177322) | 824.6M/s | ETA 0:30:37 | best -
[b2=29 b1=27 GPU] stage  41.1% (1056488987008/2569741177322) | 826.8M/s | ETA 0:30:30 | best -
[b2=29 b1=27 GPU] stage  41.2% (1058368035200/2569741177322) | 818.4M/s | ETA 0:30:46 | best -
[b2=29 b1=27 GPU] stage  41.3% (1060247083392/2569741177322) | 820.2M/s | ETA 0:30:40 | best -
[b2=29 b1=27 GPU] stage  41.3% (1062126131584/2569741177322) | 825.7M/s | ETA 0:30:25 | best -
[b2=29 b1=27 GPU] stage  41.4% (1064005179776/2569741177322) | 828.6M/s | ETA 0:30:17 | best -
[b2=29 b1=27 GPU] stage  41.5% (1065884227968/2569741177322) | 819.3M/s | ETA 0:30:35 | best -
[b2=29 b1=27 GPU] stage  41.6% (1067763276160/2569741177322) | 821.0M/s | ETA 0:30:29 | best -
[b2=29 b1=27 GPU] stage  41.6% (1069642324352/2569741177322) | 823.6M/s | ETA 0:30:21 | best -
[b2=29 b1=27 GPU] stage  41.7% (1071521372544/2569741177322) | 830.3M/s | ETA 0:30:04 | best -
[b2=29 b1=27 GPU] stage  41.8% (1073400420736/2569741177322) | 820.5M/s | ETA 0:30:23 | best -
[b2=29 b1=27 GPU] stage  41.8% (1075279468928/2569741177322) | 819.4M/s | ETA 0:30:23 | best -
[b2=29 b1=27 GPU] stage  41.9% (1077158517120/2569741177322) | 822.2M/s | ETA 0:30:15 | best -
[b2=29 b1=27 GPU] stage  42.0% (1079037565312/2569741177322) | 828.6M/s | ETA 0:29:58 | best -
[b2=29 b1=27 GPU] stage  42.1% (1080916613504/2569741177322) | 823.7M/s | ETA 0:30:07 | best -
[b2=29 b1=27 GPU] stage  42.1% (1082795661696/2569741177322) | 819.9M/s | ETA 0:30:13 | best -
[b2=29 b1=27 GPU] stage  42.2% (1084674709888/2569741177322) | 821.7M/s | ETA 0:30:07 | best -
[b2=29 b1=27 GPU] stage  42.3% (1086553758080/2569741177322) | 826.7M/s | ETA 0:29:54 | best -
[b2=29 b1=27 GPU] stage  42.4% (1088432806272/2569741177322) | 826.1M/s | ETA 0:29:53 | best -
[b2=29 b1=27 GPU] stage  42.4% (1090311854464/2569741177322) | 818.8M/s | ETA 0:30:06 | best -
[b2=29 b1=27 GPU] stage  42.5% (1092190902656/2569741177322) | 820.0M/s | ETA 0:30:01 | best -
[b2=29 b1=27 GPU] stage  42.6% (1094069950848/2569741177322) | 825.3M/s | ETA 0:29:48 | best -
[b2=29 b1=27 GPU] stage  42.6% (1095948999040/2569741177322) | 825.2M/s | ETA 0:29:45 | best -
[b2=29 b1=27 GPU] stage  42.7% (1097828047232/2569741177322) | 819.2M/s | ETA 0:29:56 | best -
[b2=29 b1=27 GPU] stage  42.8% (1099707095424/2569741177322) | 821.6M/s | ETA 0:29:49 | best -
[b2=29 b1=27 GPU] stage  42.9% (1101586143616/2569741177322) | 824.4M/s | ETA 0:29:40 | best -
[b2=29 b1=27 GPU] stage  42.9% (1103465191808/2569741177322) | 828.2M/s | ETA 0:29:30 | best -
[b2=29 b1=27 GPU] stage  43.0% (1105344240000/2569741177322) | 817.7M/s | ETA 0:29:50 | best -
[b2=29 b1=27 GPU] stage  43.1% (1107223288192/2569741177322) | 820.2M/s | ETA 0:29:43 | best -
[b2=29 b1=27 GPU] stage  43.2% (1109102336384/2569741177322) | 823.4M/s | ETA 0:29:33 | best -
[b2=29 b1=27 GPU] stage  43.2% (1110981384576/2569741177322) | 828.7M/s | ETA 0:29:20 | best -
[b2=29 b1=27 GPU] stage  43.3% (1112860432768/2569741177322) | 819.9M/s | ETA 0:29:36 | best -
[b2=29 b1=27 GPU] stage  43.4% (1114739480960/2569741177322) | 820.3M/s | ETA 0:29:33 | best -
[b2=29 b1=27 GPU] stage  43.5% (1116618529152/2569741177322) | 822.9M/s | ETA 0:29:25 | best -
[b2=29 b1=27 GPU] stage  43.5% (1118497577344/2569741177322) | 830.2M/s | ETA 0:29:08 | best -
[b2=29 b1=27 GPU] stage  43.6% (1120376625536/2569741177322) | 823.2M/s | ETA 0:29:20 | best -
[b2=29 b1=27 GPU] stage  43.7% (1122255673728/2569741177322) | 819.0M/s | ETA 0:29:27 | best -
[b2=29 b1=27 GPU] stage  43.7% (1124134721920/2569741177322) | 822.4M/s | ETA 0:29:17 | best -
[b2=29 b1=27 GPU] stage  43.8% (1126013770112/2569741177322) | 827.7M/s | ETA 0:29:04 | best -
[b2=29 b1=27 GPU] stage  43.9% (1127892818304/2569741177322) | 825.4M/s | ETA 0:29:06 | best -
[b2=29 b1=27 GPU] stage  44.0% (1129771866496/2569741177322) | 819.8M/s | ETA 0:29:16 | best -
[b2=29 b1=27 GPU] stage  44.0% (1131650914688/2569741177322) | 819.8M/s | ETA 0:29:14 | best -
[b2=29 b1=27 GPU] stage  44.1% (1133529962880/2569741177322) | 825.9M/s | ETA 0:28:58 | best -
[b2=29 b1=27 GPU] stage  44.2% (1135409011072/2569741177322) | 826.7M/s | ETA 0:28:54 | best -
[b2=29 b1=27 GPU] stage  44.3% (1137288059264/2569741177322) | 819.1M/s | ETA 0:29:08 | best -
[b2=29 b1=27 GPU] stage  44.3% (1139167107456/2569741177322) | 820.8M/s | ETA 0:29:02 | best -
[b2=29 b1=27 GPU] stage  44.4% (1141046155648/2569741177322) | 822.5M/s | ETA 0:28:57 | best -
[b2=29 b1=27 GPU] stage  44.5% (1142925203840/2569741177322) | 826.4M/s | ETA 0:28:46 | best -
[b2=29 b1=27 GPU] stage  44.5% (1144804252032/2569741177322) | 818.9M/s | ETA 0:29:00 | best -
[b2=29 b1=27 GPU] stage  44.6% (1146683300224/2569741177322) | 820.4M/s | ETA 0:28:54 | best -
[b2=29 b1=27 GPU] stage  44.7% (1148562348416/2569741177322) | 823.5M/s | ETA 0:28:45 | best -
[b2=29 b1=27 GPU] stage  44.8% (1150441396608/2569741177322) | 829.7M/s | ETA 0:28:30 | best -
[b2=29 b1=27 GPU] stage  44.8% (1152320444800/2569741177322) | 821.3M/s | ETA 0:28:45 | best -
[b2=29 b1=27 GPU] stage  44.9% (1154199492992/2569741177322) | 820.2M/s | ETA 0:28:45 | best -
[b2=29 b1=27 GPU] stage  45.0% (1156078541184/2569741177322) | 822.7M/s | ETA 0:28:38 | best -
[b2=29 b1=27 GPU] stage  45.1% (1157957589376/2569741177322) | 830.2M/s | ETA 0:28:20 | best -
[b2=29 b1=27 GPU] stage  45.1% (1159836637568/2569741177322) | 822.9M/s | ETA 0:28:33 | best -
[b2=29 b1=27 GPU] stage  45.2% (1161715685760/2569741177322) | 819.8M/s | ETA 0:28:37 | best -
[b2=29 b1=27 GPU] stage  45.3% (1163594733952/2569741177322) | 822.6M/s | ETA 0:28:29 | best -
[b2=29 b1=27 GPU] stage  45.4% (1165473782144/2569741177322) | 828.9M/s | ETA 0:28:14 | best -
[b2=29 b1=27 GPU] stage  45.4% (1167352830336/2569741177322) | 824.8M/s | ETA 0:28:20 | best -
[b2=29 b1=27 GPU] stage  45.5% (1169231878528/2569741177322) | 819.4M/s | ETA 0:28:29 | best -
[b2=29 b1=27 GPU] stage  45.6% (1171110926720/2569741177322) | 821.6M/s | ETA 0:28:22 | best -
[b2=29 b1=27 GPU] stage  45.6% (1172989974912/2569741177322) | 826.2M/s | ETA 0:28:10 | best -
[b2=29 b1=27 GPU] stage  45.7% (1174869023104/2569741177322) | 826.4M/s | ETA 0:28:07 | best -
[b2=29 b1=27 GPU] stage  45.8% (1176748071296/2569741177322) | 819.3M/s | ETA 0:28:20 | best -
[b2=29 b1=27 GPU] stage  45.9% (1178627119488/2569741177322) | 821.7M/s | ETA 0:28:13 | best -
[b2=29 b1=27 GPU] stage  45.9% (1180506167680/2569741177322) | 825.3M/s | ETA 0:28:03 | best -
[b2=29 b1=27 GPU] stage  46.0% (1182385215872/2569741177322) | 827.9M/s | ETA 0:27:55 | best -
[b2=29 b1=27 GPU] stage  46.1% (1184264264064/2569741177322) | 818.4M/s | ETA 0:28:12 | best -
[b2=29 b1=27 GPU] stage  46.2% (1186143312256/2569741177322) | 819.9M/s | ETA 0:28:07 | best -
[b2=29 b1=27 GPU] stage  46.2% (1188022360448/2569741177322) | 823.8M/s | ETA 0:27:57 | best -
[b2=29 b1=27 GPU] stage  46.3% (1189901408640/2569741177322) | 825.8M/s | ETA 0:27:50 | best -
[b2=29 b1=27 GPU] stage  46.4% (1191780456832/2569741177322) | 819.6M/s | ETA 0:28:01 | best -
[b2=29 b1=27 GPU] stage  46.5% (1193659505024/2569741177322) | 820.6M/s | ETA 0:27:56 | best -
[b2=29 b1=27 GPU] stage  46.5% (1195538553216/2569741177322) | 823.1M/s | ETA 0:27:49 | best -
[b2=29 b1=27 GPU] stage  46.6% (1197417601408/2569741177322) | 830.4M/s | ETA 0:27:32 | best -
[b2=29 b1=27 GPU] stage  46.7% (1199296649600/2569741177322) | 822.0M/s | ETA 0:27:47 | best -
[b2=29 b1=27 GPU] stage  46.7% (1201175697792/2569741177322) | 818.3M/s | ETA 0:27:52 | best -
[b2=29 b1=27 GPU] stage  46.8% (1203054745984/2569741177322) | 822.8M/s | ETA 0:27:41 | best -
[b2=29 b1=27 GPU] stage  46.9% (1204933794176/2569741177322) | 828.5M/s | ETA 0:27:27 | best -
[b2=29 b1=27 GPU] stage  47.0% (1206812842368/2569741177322) | 825.8M/s | ETA 0:27:30 | best -
[b2=29 b1=27 GPU] stage  47.0% (1208691890560/2569741177322) | 819.8M/s | ETA 0:27:40 | best -
[b2=29 b1=27 GPU] stage  47.1% (1210570938752/2569741177322) | 822.1M/s | ETA 0:27:33 | best -
[b2=29 b1=27 GPU] stage  47.2% (1212449986944/2569741177322) | 826.9M/s | ETA 0:27:21 | best -
[b2=29 b1=27 GPU] stage  47.3% (1214329035136/2569741177322) | 827.0M/s | ETA 0:27:18 | best -
[b2=29 b1=27 GPU] stage  47.3% (1216208083328/2569741177322) | 819.6M/s | ETA 0:27:31 | best -
[b2=29 b1=27 GPU] stage  47.4% (1218087131520/2569741177322) | 821.2M/s | ETA 0:27:26 | best -
[b2=29 b1=27 GPU] stage  47.5% (1219966179712/2569741177322) | 825.1M/s | ETA 0:27:15 | best -
[b2=29 b1=27 GPU] stage  47.5% (1221845227904/2569741177322) | 827.2M/s | ETA 0:27:09 | best -
[b2=29 b1=27 GPU] stage  47.6% (1223724276096/2569741177322) | 819.4M/s | ETA 0:27:22 | best -
[b2=29 b1=27 GPU] stage  47.7% (1225603324288/2569741177322) | 821.3M/s | ETA 0:27:16 | best -
[b2=29 b1=27 GPU] stage  47.8% (1227482372480/2569741177322) | 824.2M/s | ETA 0:27:08 | best -
[b2=29 b1=27 GPU] stage  47.8% (1229361420672/2569741177322) | 829.7M/s | ETA 0:26:55 | best -
[b2=29 b1=27 GPU] stage  47.9% (1231240468864/2569741177322) | 818.7M/s | ETA 0:27:14 | best -
[b2=29 b1=27 GPU] stage  48.0% (1233119517056/2569741177322) | 820.0M/s | ETA 0:27:10 | best -
[b2=29 b1=27 GPU] stage  48.1% (1234998565248/2569741177322) | 824.4M/s | ETA 0:26:59 | best -
[b2=29 b1=27 GPU] stage  48.1% (1236877613440/2569741177322) | 830.1M/s | ETA 0:26:45 | best -
[b2=29 b1=27 GPU] stage  48.2% (1238756661632/2569741177322) | 821.8M/s | ETA 0:26:59 | best -
[b2=29 b1=27 GPU] stage  48.3% (1240635709824/2569741177322) | 817.6M/s | ETA 0:27:05 | best -
[b2=29 b1=27 GPU] stage  48.4% (1242514758016/2569741177322) | 822.7M/s | ETA 0:26:53 | best -
[b2=29 b1=27 GPU] stage  48.4% (1244393806208/2569741177322) | 828.0M/s | ETA 0:26:40 | best -
[b2=29 b1=27 GPU] stage  48.5% (1246272854400/2569741177322) | 824.4M/s | ETA 0:26:45 | best -
[b2=29 b1=27 GPU] stage  48.6% (1248151902592/2569741177322) | 819.8M/s | ETA 0:26:52 | best -
[b2=29 b1=27 GPU] stage  48.6% (1250030950784/2569741177322) | 822.0M/s | ETA 0:26:45 | best -
[b2=29 b1=27 GPU] stage  48.7% (1251909998976/2569741177322) | 826.7M/s | ETA 0:26:34 | best -
[b2=29 b1=27 GPU] stage  48.8% (1253789047168/2569741177322) | 826.1M/s | ETA 0:26:32 | best -
[b2=29 b1=27 GPU] stage  48.9% (1255668095360/2569741177322) | 819.8M/s | ETA 0:26:42 | best -
[b2=29 b1=27 GPU] stage  48.9% (1257547143552/2569741177322) | 821.4M/s | ETA 0:26:37 | best -
[b2=29 b1=27 GPU] stage  49.0% (1259426191744/2569741177322) | 825.6M/s | ETA 0:26:27 | best -
[b2=29 b1=27 GPU] stage  49.1% (1261305239936/2569741177322) | 827.3M/s | ETA 0:26:21 | best -
[b2=29 b1=27 GPU] stage  49.2% (1263184288128/2569741177322) | 819.4M/s | ETA 0:26:34 | best -
[b2=29 b1=27 GPU] stage  49.2% (1265063336320/2569741177322) | 821.2M/s | ETA 0:26:28 | best -
[b2=29 b1=27 GPU] stage  49.3% (1266942384512/2569741177322) | 825.0M/s | ETA 0:26:19 | best -
[b2=29 b1=27 GPU] stage  49.4% (1268821432704/2569741177322) | 828.5M/s | ETA 0:26:10 | best -
[b2=29 b1=27 GPU] stage  49.4% (1270700480896/2569741177322) | 819.4M/s | ETA 0:26:25 | best -
[b2=29 b1=27 GPU] stage  49.5% (1272579529088/2569741177322) | 820.7M/s | ETA 0:26:20 | best -
[b2=29 b1=27 GPU] stage  49.6% (1274458577280/2569741177322) | 823.6M/s | ETA 0:26:12 | best -
[b2=29 b1=27 GPU] stage  49.7% (1276337625472/2569741177322) | 829.0M/s | ETA 0:26:00 | best -
[b2=29 b1=27 GPU] stage  49.7% (1278216673664/2569741177322) | 821.4M/s | ETA 0:26:12 | best -
[b2=29 b1=27 GPU] stage  49.8% (1280095721856/2569741177322) | 819.4M/s | ETA 0:26:13 | best -
[b2=29 b1=27 GPU] stage  49.9% (1281974770048/2569741177322) | 823.1M/s | ETA 0:26:04 | best -
[b2=29 b1=27 GPU] stage  50.0% (1283853818240/2569741177322) | 829.1M/s | ETA 0:25:50 | best -
[b2=29 b1=27 GPU] stage  50.0% (1285732866432/2569741177322) | 823.8M/s | ETA 0:25:58 | best -
[b2=29 b1=27 GPU] stage  50.1% (1287611914624/2569741177322) | 819.7M/s | ETA 0:26:04 | best -
[b2=29 b1=27 GPU] stage  50.2% (1289490962816/2569741177322) | 821.3M/s | ETA 0:25:58 | best -
[b2=29 b1=27 GPU] stage  50.3% (1291370011008/2569741177322) | 828.9M/s | ETA 0:25:42 | best -
[b2=29 b1=27 GPU] stage  50.3% (1293249059200/2569741177322) | 825.7M/s | ETA 0:25:45 | best -
[b2=29 b1=27 GPU] stage  50.4% (1295128107392/2569741177322) | 819.6M/s | ETA 0:25:55 | best -
[b2=29 b1=27 GPU] stage  50.5% (1297007155584/2569741177322) | 822.3M/s | ETA 0:25:47 | best -
[b2=29 b1=27 GPU] stage  50.5% (1298886203776/2569741177322) | 825.8M/s | ETA 0:25:38 | best -
[b2=29 b1=27 GPU] stage  50.6% (1300765251968/2569741177322) | 826.5M/s | ETA 0:25:35 | best -
[b2=29 b1=27 GPU] stage  50.7% (1302644300160/2569741177322) | 819.8M/s | ETA 0:25:45 | best -
[b2=29 b1=27 GPU] stage  50.8% (1304523348352/2569741177322) | 821.6M/s | ETA 0:25:39 | best -
[b2=29 b1=27 GPU] stage  50.8% (1306402396544/2569741177322) | 825.4M/s | ETA 0:25:30 | best -
[b2=29 b1=27 GPU] stage  50.9% (1308281444736/2569741177322) | 826.5M/s | ETA 0:25:26 | best -
[b2=29 b1=27 GPU] stage  51.0% (1310160492928/2569741177322) | 820.1M/s | ETA 0:25:35 | best -
[b2=29 b1=27 GPU] stage  51.1% (1312039541120/2569741177322) | 821.2M/s | ETA 0:25:31 | best -
[b2=29 b1=27 GPU] stage  51.1% (1313918589312/2569741177322) | 824.8M/s | ETA 0:25:22 | best -
[b2=29 b1=27 GPU] stage  51.2% (1315797637504/2569741177322) | 829.6M/s | ETA 0:25:11 | best -
[b2=29 b1=27 GPU] stage  51.3% (1317676685696/2569741177322) | 821.3M/s | ETA 0:25:24 | best -
[b2=29 b1=27 GPU] stage  51.3% (1319555733888/2569741177322) | 820.2M/s | ETA 0:25:24 | best -
[b2=29 b1=27 GPU] stage  51.4% (1321434782080/2569741177322) | 823.3M/s | ETA 0:25:16 | best -
[b2=29 b1=27 GPU] stage  51.5% (1323313830272/2569741177322) | 828.5M/s | ETA 0:25:04 | best -
[b2=29 b1=27 GPU] stage  51.6% (1326266620288/2569741177322) | 2192.9M/s | ETA 0:09:27 | best -
[b2=29 b1=27 GPU] stage  51.8% (1331098458496/2569741177322) | 2311.2M/s | ETA 0:08:55 | best -
[b2=29 b1=27 GPU] stage  52.0% (1335930296704/2569741177322) | 2322.7M/s | ETA 0:08:51 | best -
[b2=29 b1=27 GPU] stage  52.2% (1340762134912/2569741177322) | 2323.3M/s | ETA 0:08:48 | best -
[b2=29 b1=27 GPU] stage  52.4% (1345593973120/2569741177322) | 2313.6M/s | ETA 0:08:49 | best -
[b2=29 b1=27 GPU] stage  52.6% (1350425811328/2569741177322) | 2319.0M/s | ETA 0:08:45 | best -
[b2=29 b1=27 GPU] stage  52.7% (1355257649536/2569741177322) | 2333.3M/s | ETA 0:08:40 | best -
[b2=29 b1=27 GPU] stage  52.9% (1360089487744/2569741177322) | 2312.7M/s | ETA 0:08:43 | best -
[b2=29 b1=27 GPU] stage  53.1% (1364921325952/2569741177322) | 2305.1M/s | ETA 0:08:42 | best -
[b2=29 b1=27 GPU] stage  53.3% (1369753164160/2569741177322) | 2338.0M/s | ETA 0:08:33 | best -
[b2=29 b1=27 GPU] stage  53.5% (1374585002368/2569741177322) | 2312.0M/s | ETA 0:08:36 | best -
[b2=29 b1=27 GPU] stage  53.7% (1379416840576/2569741177322) | 2312.0M/s | ETA 0:08:34 | best -
[b2=29 b1=27 GPU] stage  53.9% (1384248678784/2569741177322) | 2331.5M/s | ETA 0:08:28 | best -
[b2=29 b1=27 GPU] stage  54.1% (1389080516992/2569741177322) | 2316.7M/s | ETA 0:08:29 | best -
[b2=29 b1=27 GPU] stage  54.2% (1393912355200/2569741177322) | 2317.8M/s | ETA 0:08:27 | best -
[b2=29 b1=27 GPU] stage  54.4% (1398744193408/2569741177322) | 2315.2M/s | ETA 0:08:25 | best -
[b2=29 b1=27 GPU] stage  54.6% (1403576031616/2569741177322) | 2328.0M/s | ETA 0:08:20 | best -
[b2=29 b1=27 GPU] stage  54.8% (1408407869824/2569741177322) | 2317.1M/s | ETA 0:08:21 | best -
[b2=29 b1=27 GPU] stage  55.0% (1413239708032/2569741177322) | 2313.8M/s | ETA 0:08:19 | best -
[b2=29 b1=27 GPU] stage  55.2% (1418071546240/2569741177322) | 2328.2M/s | ETA 0:08:14 | best -
[b2=29 b1=27 GPU] stage  55.4% (1422903384448/2569741177322) | 2311.7M/s | ETA 0:08:16 | best -
[b2=29 b1=27 GPU] stage  55.6% (1427735222656/2569741177322) | 2315.9M/s | ETA 0:08:13 | best -
[b2=29 b1=27 GPU] stage  55.7% (1432567060864/2569741177322) | 2333.4M/s | ETA 0:08:07 | best -
[b2=29 b1=27 GPU] stage  55.9% (1437398899072/2569741177322) | 2314.7M/s | ETA 0:08:09 | best -
[b2=29 b1=27 GPU] stage  56.1% (1442230737280/2569741177322) | 2314.3M/s | ETA 0:08:07 | best -
[b2=29 b1=27 GPU] stage  56.3% (1447062575488/2569741177322) | 2324.0M/s | ETA 0:08:03 | best -
[b2=29 b1=27 GPU] stage  56.5% (1451894413696/2569741177322) | 2325.5M/s | ETA 0:08:00 | best -
[b2=29 b1=27 GPU] stage  56.7% (1456726251904/2569741177322) | 2315.3M/s | ETA 0:08:00 | best -
[b2=29 b1=27 GPU] stage  56.9% (1461558090112/2569741177322) | 2311.9M/s | ETA 0:07:59 | best -
[b2=29 b1=27 GPU] stage  57.1% (1466389928320/2569741177322) | 2328.9M/s | ETA 0:07:53 | best -
[b2=29 b1=27 GPU] stage  57.3% (1471221766528/2569741177322) | 2310.3M/s | ETA 0:07:55 | best -
[b2=29 b1=27 GPU] stage  57.4% (1476053604736/2569741177322) | 2310.9M/s | ETA 0:07:53 | best -
[b2=29 b1=27 GPU] stage  57.6% (1480885442944/2569741177322) | 2336.8M/s | ETA 0:07:45 | best -
[b2=29 b1=27 GPU] stage  57.8% (1485717281152/2569741177322) | 2310.7M/s | ETA 0:07:49 | best -
[b2=29 b1=27 GPU] stage  58.0% (1490549119360/2569741177322) | 2314.3M/s | ETA 0:07:46 | best -
[b2=29 b1=27 GPU] stage  58.2% (1495380957568/2569741177322) | 2326.4M/s | ETA 0:07:41 | best -
[b2=29 b1=27 GPU] stage  58.4% (1500212795776/2569741177322) | 2316.7M/s | ETA 0:07:41 | best -
[b2=29 b1=27 GPU] stage  58.6% (1505044633984/2569741177322) | 2309.5M/s | ETA 0:07:41 | best -
[b2=29 b1=27 GPU] stage  58.8% (1509876472192/2569741177322) | 2323.6M/s | ETA 0:07:36 | best -
[b2=29 b1=27 GPU] stage  58.9% (1514708310400/2569741177322) | 2327.2M/s | ETA 0:07:33 | best -
[b2=29 b1=27 GPU] stage  59.1% (1519540148608/2569741177322) | 2310.2M/s | ETA 0:07:34 | best -
[b2=29 b1=27 GPU] stage  59.3% (1524371986816/2569741177322) | 2307.9M/s | ETA 0:07:32 | best -
[b2=29 b1=27 GPU] stage  59.5% (1529203825024/2569741177322) | 2330.4M/s | ETA 0:07:26 | best -
[b2=29 b1=27 GPU] stage  59.7% (1534035663232/2569741177322) | 2312.0M/s | ETA 0:07:27 | best -
[b2=29 b1=27 GPU] stage  59.9% (1538867501440/2569741177322) | 2309.6M/s | ETA 0:07:26 | best -
[b2=29 b1=27 GPU] stage  60.1% (1543699339648/2569741177322) | 2331.2M/s | ETA 0:07:20 | best -
[b2=29 b1=27 GPU] stage  60.3% (1548531177856/2569741177322) | 2314.2M/s | ETA 0:07:21 | best -
[b2=29 b1=27 GPU] stage  60.4% (1553363016064/2569741177322) | 2313.9M/s | ETA 0:07:19 | best -
[b2=29 b1=27 GPU] stage  60.6% (1558194854272/2569741177322) | 2321.9M/s | ETA 0:07:15 | best -
[b2=29 b1=27 GPU] stage  60.8% (1563026692480/2569741177322) | 2325.9M/s | ETA 0:07:12 | best -
[b2=29 b1=27 GPU] stage  61.0% (1567858530688/2569741177322) | 2307.7M/s | ETA 0:07:14 | best -
[b2=29 b1=27 GPU] stage  61.2% (1572690368896/2569741177322) | 2314.4M/s | ETA 0:07:10 | best -
[b2=29 b1=27 GPU] stage  61.4% (1577522207104/2569741177322) | 2329.3M/s | ETA 0:07:05 | best -
[b2=29 b1=27 GPU] stage  61.6% (1582354045312/2569741177322) | 2309.6M/s | ETA 0:07:07 | best -
[b2=29 b1=27 GPU] stage  61.8% (1587185883520/2569741177322) | 2313.4M/s | ETA 0:07:04 | best -
[b2=29 b1=27 GPU] stage  62.0% (1592017721728/2569741177322) | 2332.9M/s | ETA 0:06:59 | best -
[b2=29 b1=27 GPU] stage  62.1% (1596849559936/2569741177322) | 2309.4M/s | ETA 0:07:01 | best -
[b2=29 b1=27 GPU] stage  62.3% (1601681398144/2569741177322) | 2313.0M/s | ETA 0:06:58 | best -
[b2=29 b1=27 GPU] stage  62.5% (1606513236352/2569741177322) | 2329.8M/s | ETA 0:06:53 | best -
[b2=29 b1=27 GPU] stage  62.7% (1611345074560/2569741177322) | 2317.8M/s | ETA 0:06:53 | best -
[b2=29 b1=27 GPU] stage  62.9% (1616176912768/2569741177322) | 2309.7M/s | ETA 0:06:52 | best -
[b2=29 b1=27 GPU] stage  63.1% (1621008750976/2569741177322) | 2320.3M/s | ETA 0:06:48 | best -
[b2=29 b1=27 GPU] stage  63.3% (1625840589184/2569741177322) | 2329.6M/s | ETA 0:06:45 | best -
[b2=29 b1=27 GPU] stage  63.5% (1630672427392/2569741177322) | 2311.8M/s | ETA 0:06:46 | best -
[b2=29 b1=27 GPU] stage  63.6% (1635504265600/2569741177322) | 2310.3M/s | ETA 0:06:44 | best -
[b2=29 b1=27 GPU] stage  63.8% (1640336103808/2569741177322) | 2325.9M/s | ETA 0:06:39 | best -
[b2=29 b1=27 GPU] stage  64.0% (1645167942016/2569741177322) | 2309.2M/s | ETA 0:06:40 | best -
[b2=29 b1=27 GPU] stage  64.2% (1649999780224/2569741177322) | 2315.0M/s | ETA 0:06:37 | best -
[b2=29 b1=27 GPU] stage  64.4% (1654831618432/2569741177322) | 2334.6M/s | ETA 0:06:31 | best -
[b2=29 b1=27 GPU] stage  64.6% (1659663456640/2569741177322) | 2312.5M/s | ETA 0:06:33 | best -
[b2=29 b1=27 GPU] stage  64.8% (1664495294848/2569741177322) | 2313.9M/s | ETA 0:06:31 | best -
[b2=29 b1=27 GPU] stage  65.0% (1669327133056/2569741177322) | 2319.2M/s | ETA 0:06:28 | best -
[b2=29 b1=27 GPU] stage  65.1% (1674158971264/2569741177322) | 2326.4M/s | ETA 0:06:24 | best -
[b2=29 b1=27 GPU] stage  65.3% (1678990809472/2569741177322) | 2308.9M/s | ETA 0:06:25 | best -
[b2=29 b1=27 GPU] stage  65.5% (1683822647680/2569741177322) | 2314.7M/s | ETA 0:06:22 | best -
[b2=29 b1=27 GPU] stage  65.7% (1688654485888/2569741177322) | 2329.5M/s | ETA 0:06:18 | best -
[b2=29 b1=27 GPU] stage  65.9% (1693486324096/2569741177322) | 2314.2M/s | ETA 0:06:18 | best -
[b2=29 b1=27 GPU] stage  66.1% (1698318162304/2569741177322) | 2315.3M/s | ETA 0:06:16 | best -
[b2=29 b1=27 GPU] stage  66.3% (1703150000512/2569741177322) | 2336.7M/s | ETA 0:06:10 | best -
[b2=29 b1=27 GPU] stage  66.5% (1707981838720/2569741177322) | 2308.5M/s | ETA 0:06:13 | best -
[b2=29 b1=27 GPU] stage  66.7% (1712813676928/2569741177322) | 2312.0M/s | ETA 0:06:10 | best -
[b2=29 b1=27 GPU] stage  66.8% (1717645515136/2569741177322) | 2325.7M/s | ETA 0:06:06 | best -
[b2=29 b1=27 GPU] stage  67.0% (1722477353344/2569741177322) | 2319.6M/s | ETA 0:06:05 | best -
[b2=29 b1=27 GPU] stage  67.2% (1727309191552/2569741177322) | 2313.5M/s | ETA 0:06:04 | best -
[b2=29 b1=27 GPU] stage  67.4% (1732141029760/2569741177322) | 2317.2M/s | ETA 0:06:01 | best -
[b2=29 b1=27 GPU] stage  67.6% (1736972867968/2569741177322) | 2330.5M/s | ETA 0:05:57 | best -
[b2=29 b1=27 GPU] stage  67.8% (1741804706176/2569741177322) | 2310.9M/s | ETA 0:05:58 | best -
[b2=29 b1=27 GPU] stage  68.0% (1746636544384/2569741177322) | 2314.1M/s | ETA 0:05:55 | best -
[b2=29 b1=27 GPU] stage  68.2% (1751468382592/2569741177322) | 2336.4M/s | ETA 0:05:50 | best -
[b2=29 b1=27 GPU] stage  68.3% (1756300220800/2569741177322) | 2312.2M/s | ETA 0:05:51 | best -
[b2=29 b1=27 GPU] stage  68.5% (1761132059008/2569741177322) | 2313.8M/s | ETA 0:05:49 | best -
[b2=29 b1=27 GPU] stage  68.7% (1765963897216/2569741177322) | 2333.4M/s | ETA 0:05:44 | best -
[b2=29 b1=27 GPU] stage  68.9% (1770795735424/2569741177322) | 2312.4M/s | ETA 0:05:45 | best -
[b2=29 b1=27 GPU] stage  69.1% (1775627573632/2569741177322) | 2313.9M/s | ETA 0:05:43 | best -
[b2=29 b1=27 GPU] stage  69.3% (1780459411840/2569741177322) | 2313.7M/s | ETA 0:05:41 | best -
[b2=29 b1=27 GPU] stage  69.5% (1785291250048/2569741177322) | 2328.1M/s | ETA 0:05:36 | best -
[b2=29 b1=27 GPU] stage  69.7% (1790123088256/2569741177322) | 2312.2M/s | ETA 0:05:37 | best -
[b2=29 b1=27 GPU] stage  69.8% (1794954926464/2569741177322) | 2312.3M/s | ETA 0:05:35 | best -
[b2=29 b1=27 GPU] stage  70.0% (1799786764672/2569741177322) | 2327.6M/s | ETA 0:05:30 | best -
[b2=29 b1=27 GPU] stage  70.2% (1804618602880/2569741177322) | 2314.3M/s | ETA 0:05:30 | best -
[b2=29 b1=27 GPU] stage  70.4% (1809450441088/2569741177322) | 2314.1M/s | ETA 0:05:28 | best -
[b2=29 b1=27 GPU] stage  70.6% (1814282279296/2569741177322) | 2334.7M/s | ETA 0:05:23 | best -
[b2=29 b1=27 GPU] stage  70.8% (1819114117504/2569741177322) | 2308.8M/s | ETA 0:05:25 | best -
[b2=29 b1=27 GPU] stage  71.0% (1823945955712/2569741177322) | 2307.6M/s | ETA 0:05:23 | best -
[b2=29 b1=27 GPU] stage  71.2% (1828777793920/2569741177322) | 2327.6M/s | ETA 0:05:18 | best -
[b2=29 b1=27 GPU] stage  71.4% (1833609632128/2569741177322) | 2322.8M/s | ETA 0:05:16 | best -
[b2=29 b1=27 GPU] stage  71.5% (1838441470336/2569741177322) | 2310.0M/s | ETA 0:05:16 | best -
[b2=29 b1=27 GPU] stage  71.7% (1843273308544/2569741177322) | 2322.6M/s | ETA 0:05:12 | best -
[b2=29 b1=27 GPU] stage  71.9% (1848105146752/2569741177322) | 2332.0M/s | ETA 0:05:09 | best -
[b2=29 b1=27 GPU] stage  72.1% (1852936984960/2569741177322) | 2312.5M/s | ETA 0:05:09 | best -
[b2=29 b1=27 GPU] stage  72.3% (1857768823168/2569741177322) | 2312.2M/s | ETA 0:05:07 | best -
[b2=29 b1=27 GPU] stage  72.5% (1862600661376/2569741177322) | 2328.7M/s | ETA 0:05:03 | best -
[b2=29 b1=27 GPU] stage  72.7% (1867432499584/2569741177322) | 2307.9M/s | ETA 0:05:04 | best -
[b2=29 b1=27 GPU] stage  72.9% (1872264337792/2569741177322) | 2309.6M/s | ETA 0:05:01 | best -
[b2=29 b1=27 GPU] stage  73.0% (1877096176000/2569741177322) | 2332.6M/s | ETA 0:04:56 | best -
[b2=29 b1=27 GPU] stage  73.2% (1881928014208/2569741177322) | 2314.9M/s | ETA 0:04:57 | best -
[b2=29 b1=27 GPU] stage  73.4% (1886759852416/2569741177322) | 2307.9M/s | ETA 0:04:55 | best -
[b2=29 b1=27 GPU] stage  73.6% (1891591690624/2569741177322) | 2316.4M/s | ETA 0:04:52 | best -
[b2=29 b1=27 GPU] stage  73.8% (1896423528832/2569741177322) | 2326.0M/s | ETA 0:04:49 | best -
[b2=29 b1=27 GPU] stage  74.0% (1901255367040/2569741177322) | 2307.4M/s | ETA 0:04:49 | best -
[b2=29 b1=27 GPU] stage  74.2% (1906087205248/2569741177322) | 2319.0M/s | ETA 0:04:46 | best -
[b2=29 b1=27 GPU] stage  74.4% (1910919043456/2569741177322) | 2333.4M/s | ETA 0:04:42 | best -
[b2=29 b1=27 GPU] stage  74.6% (1915750881664/2569741177322) | 2313.3M/s | ETA 0:04:42 | best -
[b2=29 b1=27 GPU] stage  74.7% (1920582719872/2569741177322) | 2305.3M/s | ETA 0:04:41 | best -
[b2=29 b1=27 GPU] stage  74.9% (1925414558080/2569741177322) | 2338.9M/s | ETA 0:04:35 | best -
[b2=29 b1=27 GPU] stage  75.1% (1930246396288/2569741177322) | 2310.8M/s | ETA 0:04:36 | best -
[b2=29 b1=27 GPU] stage  75.3% (1935078234496/2569741177322) | 2310.0M/s | ETA 0:04:34 | best -
[b2=29 b1=27 GPU] stage  75.5% (1939910072704/2569741177322) | 2318.3M/s | ETA 0:04:31 | best -
[b2=29 b1=27 GPU] stage  75.7% (1944741910912/2569741177322) | 2321.9M/s | ETA 0:04:29 | best -
[b2=29 b1=27 GPU] stage  75.9% (1949573749120/2569741177322) | 2315.7M/s | ETA 0:04:27 | best -
[b2=29 b1=27 GPU] stage  76.1% (1954405587328/2569741177322) | 2315.7M/s | ETA 0:04:25 | best -
[b2=29 b1=27 GPU] stage  76.2% (1959237425536/2569741177322) | 2330.6M/s | ETA 0:04:21 | best -
[b2=29 b1=27 GPU] stage  76.4% (1964069263744/2569741177322) | 2312.4M/s | ETA 0:04:21 | best -
[b2=29 b1=27 GPU] stage  76.6% (1968901101952/2569741177322) | 2311.5M/s | ETA 0:04:19 | best -
[b2=29 b1=27 GPU] stage  76.8% (1973732940160/2569741177322) | 2331.7M/s | ETA 0:04:15 | best -
[b2=29 b1=27 GPU] stage  77.0% (1978564778368/2569741177322) | 2309.8M/s | ETA 0:04:15 | best -
[b2=29 b1=27 GPU] stage  77.2% (1983396616576/2569741177322) | 2306.2M/s | ETA 0:04:14 | best -
[b2=29 b1=27 GPU] stage  77.4% (1988228454784/2569741177322) | 2330.9M/s | ETA 0:04:09 | best -
[b2=29 b1=27 GPU] stage  77.6% (1993060292992/2569741177322) | 2317.8M/s | ETA 0:04:08 | best -
[b2=29 b1=27 GPU] stage  77.7% (1997892131200/2569741177322) | 2313.6M/s | ETA 0:04:07 | best -
[b2=29 b1=27 GPU] stage  77.9% (2002723969408/2569741177322) | 2319.6M/s | ETA 0:04:04 | best -
[b2=29 b1=27 GPU] stage  78.1% (2007555807616/2569741177322) | 2328.0M/s | ETA 0:04:01 | best -
[b2=29 b1=27 GPU] stage  78.3% (2012387645824/2569741177322) | 2308.3M/s | ETA 0:04:01 | best -
[b2=29 b1=27 GPU] stage  78.5% (2017219484032/2569741177322) | 2317.2M/s | ETA 0:03:58 | best -
[b2=29 b1=27 GPU] stage  78.7% (2022051322240/2569741177322) | 2333.8M/s | ETA 0:03:54 | best -
[b2=29 b1=27 GPU] stage  78.9% (2026883160448/2569741177322) | 2308.8M/s | ETA 0:03:55 | best -
[b2=29 b1=27 GPU] stage  79.1% (2031714998656/2569741177322) | 2316.3M/s | ETA 0:03:52 | best -
[b2=29 b1=27 GPU] stage  79.3% (2036546836864/2569741177322) | 2337.2M/s | ETA 0:03:48 | best -
[b2=29 b1=27 GPU] stage  79.4% (2041378675072/2569741177322) | 2309.3M/s | ETA 0:03:48 | best -
[b2=29 b1=27 GPU] stage  79.6% (2046210513280/2569741177322) | 2310.2M/s | ETA 0:03:46 | best -
[b2=29 b1=27 GPU] stage  79.8% (2051042351488/2569741177322) | 2324.5M/s | ETA 0:03:43 | best -
[b2=29 b1=27 GPU] stage  80.0% (2055874189696/2569741177322) | 2323.0M/s | ETA 0:03:41 | best -
[b2=29 b1=27 GPU] stage  80.2% (2060706027904/2569741177322) | 2311.8M/s | ETA 0:03:40 | best -
[b2=29 b1=27 GPU] stage  80.4% (2065537866112/2569741177322) | 2313.8M/s | ETA 0:03:37 | best -
[b2=29 b1=27 GPU] stage  80.6% (2070369704320/2569741177322) | 2331.0M/s | ETA 0:03:34 | best -
[b2=29 b1=27 GPU] stage  80.8% (2075201542528/2569741177322) | 2316.3M/s | ETA 0:03:33 | best -
[b2=29 b1=27 GPU] stage  80.9% (2080033380736/2569741177322) | 2311.0M/s | ETA 0:03:31 | best -
[b2=29 b1=27 GPU] stage  81.1% (2084865218944/2569741177322) | 2336.1M/s | ETA 0:03:27 | best -
[b2=29 b1=27 GPU] stage  81.3% (2089697057152/2569741177322) | 2310.3M/s | ETA 0:03:27 | best -
[b2=29 b1=27 GPU] stage  81.5% (2094528895360/2569741177322) | 2316.0M/s | ETA 0:03:25 | best -
[b2=29 b1=27 GPU] stage  81.7% (2099360733568/2569741177322) | 2329.6M/s | ETA 0:03:21 | best -
[b2=29 b1=27 GPU] stage  81.9% (2104192571776/2569741177322) | 2319.1M/s | ETA 0:03:20 | best -
[b2=29 b1=27 GPU] stage  82.1% (2109024409984/2569741177322) | 2317.1M/s | ETA 0:03:18 | best -
[b2=29 b1=27 GPU] stage  82.3% (2113856248192/2569741177322) | 2318.3M/s | ETA 0:03:16 | best -
[b2=29 b1=27 GPU] stage  82.4% (2118688086400/2569741177322) | 2326.5M/s | ETA 0:03:13 | best -
[b2=29 b1=27 GPU] stage  82.6% (2123519924608/2569741177322) | 2312.9M/s | ETA 0:03:12 | best -
[b2=29 b1=27 GPU] stage  82.8% (2128351762816/2569741177322) | 2316.6M/s | ETA 0:03:10 | best -
[b2=29 b1=27 GPU] stage  83.0% (2133183601024/2569741177322) | 2333.0M/s | ETA 0:03:07 | best -
[b2=29 b1=27 GPU] stage  83.2% (2138015439232/2569741177322) | 2305.6M/s | ETA 0:03:07 | best -
[b2=29 b1=27 GPU] stage  83.4% (2142847277440/2569741177322) | 2316.2M/s | ETA 0:03:04 | best -
[b2=29 b1=27 GPU] stage  83.6% (2147679115648/2569741177322) | 2335.4M/s | ETA 0:03:00 | best -
[b2=29 b1=27 GPU] stage  83.8% (2152510953856/2569741177322) | 2307.9M/s | ETA 0:03:00 | best -
[b2=29 b1=27 GPU] stage  84.0% (2157342792064/2569741177322) | 2311.8M/s | ETA 0:02:58 | best -
[b2=29 b1=27 GPU] stage  84.1% (2162174630272/2569741177322) | 2326.9M/s | ETA 0:02:55 | best -
[b2=29 b1=27 GPU] stage  84.3% (2167006468480/2569741177322) | 2324.9M/s | ETA 0:02:53 | best -
[b2=29 b1=27 GPU] stage  84.5% (2171838306688/2569741177322) | 2310.4M/s | ETA 0:02:52 | best -
[b2=29 b1=27 GPU] stage  84.7% (2176670144896/2569741177322) | 2312.5M/s | ETA 0:02:49 | best -
[b2=29 b1=27 GPU] stage  84.9% (2181501983104/2569741177322) | 2329.8M/s | ETA 0:02:46 | best -
[b2=29 b1=27 GPU] stage  85.1% (2186333821312/2569741177322) | 2307.9M/s | ETA 0:02:46 | best -
[b2=29 b1=27 GPU] stage  85.3% (2191165659520/2569741177322) | 2314.9M/s | ETA 0:02:43 | best -
[b2=29 b1=27 GPU] stage  85.5% (2195997497728/2569741177322) | 2330.8M/s | ETA 0:02:40 | best -
[b2=29 b1=27 GPU] stage  85.6% (2200829335936/2569741177322) | 2309.8M/s | ETA 0:02:39 | best -
[b2=29 b1=27 GPU] stage  85.8% (2205661174144/2569741177322) | 2315.0M/s | ETA 0:02:37 | best -
[b2=29 b1=27 GPU] stage  86.0% (2210493012352/2569741177322) | 2327.8M/s | ETA 0:02:34 | best -
[b2=29 b1=27 GPU] stage  86.2% (2215324850560/2569741177322) | 2316.8M/s | ETA 0:02:32 | best -
[b2=29 b1=27 GPU] stage  86.4% (2220156688768/2569741177322) | 2312.5M/s | ETA 0:02:31 | best -
[b2=29 b1=27 GPU] stage  86.6% (2224988526976/2569741177322) | 2320.8M/s | ETA 0:02:28 | best -
[b2=29 b1=27 GPU] stage  86.8% (2229820365184/2569741177322) | 2330.3M/s | ETA 0:02:25 | best -
[b2=29 b1=27 GPU] stage  87.0% (2234652203392/2569741177322) | 2309.3M/s | ETA 0:02:25 | best -
[b2=29 b1=27 GPU] stage  87.1% (2239484041600/2569741177322) | 2314.8M/s | ETA 0:02:22 | best -
[b2=29 b1=27 GPU] stage  87.3% (2244315879808/2569741177322) | 2334.5M/s | ETA 0:02:19 | best -
[b2=29 b1=27 GPU] stage  87.5% (2249147718016/2569741177322) | 2308.0M/s | ETA 0:02:18 | best -
[b2=29 b1=27 GPU] stage  87.7% (2253979556224/2569741177322) | 2314.2M/s | ETA 0:02:16 | best -
[b2=29 b1=27 GPU] stage  87.9% (2258811394432/2569741177322) | 2339.9M/s | ETA 0:02:12 | best -
[b2=29 b1=27 GPU] stage  88.1% (2263643232640/2569741177322) | 2306.2M/s | ETA 0:02:12 | best -
[b2=29 b1=27 GPU] stage  88.3% (2268475070848/2569741177322) | 2309.4M/s | ETA 0:02:10 | best -
[b2=29 b1=27 GPU] stage  88.5% (2273306909056/2569741177322) | 2317.6M/s | ETA 0:02:07 | best -
[b2=29 b1=27 GPU] stage  88.7% (2278138747264/2569741177322) | 2328.8M/s | ETA 0:02:05 | best -
[b2=29 b1=27 GPU] stage  88.8% (2282970585472/2569741177322) | 2303.4M/s | ETA 0:02:04 | best -
[b2=29 b1=27 GPU] stage  89.0% (2287802423680/2569741177322) | 2315.8M/s | ETA 0:02:01 | best -
[b2=29 b1=27 GPU] stage  89.2% (2292634261888/2569741177322) | 2327.9M/s | ETA 0:01:59 | best -
[b2=29 b1=27 GPU] stage  89.4% (2297466100096/2569741177322) | 2304.6M/s | ETA 0:01:58 | best -
[b2=29 b1=27 GPU] stage  89.6% (2302297938304/2569741177322) | 2305.7M/s | ETA 0:01:55 | best -
[b2=29 b1=27 GPU] stage  89.8% (2307129776512/2569741177322) | 2330.7M/s | ETA 0:01:52 | best -
[b2=29 b1=27 GPU] stage  90.0% (2311961614720/2569741177322) | 2309.8M/s | ETA 0:01:51 | best -
[b2=29 b1=27 GPU] stage  90.2% (2316793452928/2569741177322) | 2311.2M/s | ETA 0:01:49 | best -
[b2=29 b1=27 GPU] stage  90.3% (2321625291136/2569741177322) | 2327.3M/s | ETA 0:01:46 | best -
[b2=29 b1=27 GPU] stage  90.5% (2326457129344/2569741177322) | 2320.8M/s | ETA 0:01:44 | best -
[b2=29 b1=27 GPU] stage  90.7% (2331288967552/2569741177322) | 2306.5M/s | ETA 0:01:43 | best -
[b2=29 b1=27 GPU] stage  90.9% (2336120805760/2569741177322) | 2307.5M/s | ETA 0:01:41 | best -
[b2=29 b1=27 GPU] stage  91.1% (2340952643968/2569741177322) | 2333.6M/s | ETA 0:01:38 | best -
[b2=29 b1=27 GPU] stage  91.3% (2345784482176/2569741177322) | 2310.9M/s | ETA 0:01:36 | best -
[b2=29 b1=27 GPU] stage  91.5% (2350616320384/2569741177322) | 2312.3M/s | ETA 0:01:34 | best -
[b2=29 b1=27 GPU] stage  91.7% (2355448158592/2569741177322) | 2331.1M/s | ETA 0:01:31 | best -
[b2=29 b1=27 GPU] stage  91.8% (2360279996800/2569741177322) | 2313.1M/s | ETA 0:01:30 | best -
[b2=29 b1=27 GPU] stage  92.0% (2365111835008/2569741177322) | 2306.5M/s | ETA 0:01:28 | best -
[b2=29 b1=27 GPU] stage  92.2% (2369943673216/2569741177322) | 2334.2M/s | ETA 0:01:25 | best -
[b2=29 b1=27 GPU] stage  92.4% (2374775511424/2569741177322) | 2308.9M/s | ETA 0:01:24 | best -
[b2=29 b1=27 GPU] stage  92.6% (2379607349632/2569741177322) | 2307.4M/s | ETA 0:01:22 | best -
[b2=29 b1=27 GPU] stage  92.8% (2384439187840/2569741177322) | 2319.5M/s | ETA 0:01:19 | best -
[b2=29 b1=27 GPU] stage  93.0% (2389271026048/2569741177322) | 2323.6M/s | ETA 0:01:17 | best -
[b2=29 b1=27 GPU] stage  93.2% (2394102864256/2569741177322) | 2308.7M/s | ETA 0:01:16 | best -
[b2=29 b1=27 GPU] stage  93.4% (2398934702464/2569741177322) | 2316.2M/s | ETA 0:01:13 | best -
[b2=29 b1=27 GPU] stage  93.5% (2403766540672/2569741177322) | 2332.2M/s | ETA 0:01:11 | best -
[b2=29 b1=27 GPU] stage  93.7% (2408598378880/2569741177322) | 2305.4M/s | ETA 0:01:09 | best -
[b2=29 b1=27 GPU] stage  93.9% (2413430217088/2569741177322) | 2311.3M/s | ETA 0:01:07 | best -
[b2=29 b1=27 GPU] stage  94.1% (2418262055296/2569741177322) | 2334.7M/s | ETA 0:01:04 | best -
[b2=29 b1=27 GPU] stage  94.3% (2423093893504/2569741177322) | 2312.5M/s | ETA 0:01:03 | best -
[b2=29 b1=27 GPU] stage  94.5% (2427925731712/2569741177322) | 2306.8M/s | ETA 0:01:01 | best -
[b2=29 b1=27 GPU] stage  94.7% (2432757569920/2569741177322) | 2326.1M/s | ETA 0:00:58 | best -
[b2=29 b1=27 GPU] stage  94.9% (2437589408128/2569741177322) | 2325.0M/s | ETA 0:00:56 | best -
[b2=29 b1=27 GPU] stage  95.0% (2442421246336/2569741177322) | 2309.8M/s | ETA 0:00:55 | best -
[b2=29 b1=27 GPU] stage  95.2% (2447253084544/2569741177322) | 2310.9M/s | ETA 0:00:53 | best -
[b2=29 b1=27 GPU] stage  95.4% (2452084922752/2569741177322) | 2329.7M/s | ETA 0:00:50 | best -
[b2=29 b1=27 GPU] stage  95.6% (2456916760960/2569741177322) | 2314.9M/s | ETA 0:00:48 | best -
[b2=29 b1=27 GPU] stage  95.8% (2461748599168/2569741177322) | 2315.0M/s | ETA 0:00:46 | best -
[b2=29 b1=27 GPU] stage  96.0% (2466580437376/2569741177322) | 2334.2M/s | ETA 0:00:44 | best -
[b2=29 b1=27 GPU] stage  96.2% (2471412275584/2569741177322) | 2313.9M/s | ETA 0:00:42 | best -
[b2=29 b1=27 GPU] stage  96.4% (2476244113792/2569741177322) | 2309.4M/s | ETA 0:00:40 | best -
[b2=29 b1=27 GPU] stage  96.5% (2481075952000/2569741177322) | 2328.0M/s | ETA 0:00:38 | best -
[b2=29 b1=27 GPU] stage  96.7% (2485907790208/2569741177322) | 2314.2M/s | ETA 0:00:36 | best -
[b2=29 b1=27 GPU] stage  96.9% (2490739628416/2569741177322) | 2312.8M/s | ETA 0:00:34 | best -
[b2=29 b1=27 GPU] stage  97.1% (2495571466624/2569741177322) | 2315.5M/s | ETA 0:00:32 | best -
[b2=29 b1=27 GPU] stage  97.3% (2500403304832/2569741177322) | 2327.2M/s | ETA 0:00:29 | best -
[b2=29 b1=27 GPU] stage  97.5% (2505235143040/2569741177322) | 2313.4M/s | ETA 0:00:27 | best -
[b2=29 b1=27 GPU] stage  97.7% (2510066981248/2569741177322) | 2312.4M/s | ETA 0:00:25 | best -
[b2=29 b1=27 GPU] stage  97.9% (2514898819456/2569741177322) | 2329.7M/s | ETA 0:00:23 | best -
[b2=29 b1=27 GPU] stage  98.1% (2519730657664/2569741177322) | 2310.4M/s | ETA 0:00:21 | best -
[b2=29 b1=27 GPU] stage  98.2% (2524562495872/2569741177322) | 2307.6M/s | ETA 0:00:19 | best -
[b2=29 b1=27 GPU] stage  98.4% (2529394334080/2569741177322) | 2337.7M/s | ETA 0:00:17 | best -
[b2=29 b1=27 GPU] stage  98.6% (2534226172288/2569741177322) | 2309.4M/s | ETA 0:00:15 | best -
[b2=29 b1=27 GPU] stage  98.8% (2539058010496/2569741177322) | 2301.1M/s | ETA 0:00:13 | best -
[b2=29 b1=27 GPU] stage  99.0% (2543889848704/2569741177322) | 2325.6M/s | ETA 0:00:11 | best -
[b2=29 b1=27 GPU] stage  99.2% (2548721686912/2569741177322) | 2323.6M/s | ETA 0:00:09 | best -
[b2=29 b1=27 GPU] stage  99.4% (2553553525120/2569741177322) | 2308.7M/s | ETA 0:00:07 | best -
[b2=29 b1=27 GPU] stage  99.6% (2558385363328/2569741177322) | 2318.9M/s | ETA 0:00:04 | best -
[b2=29 b1=27 GPU] stage  99.7% (2563217201536/2569741177322) | 2330.5M/s | ETA 0:00:02 | best -
[b2=29 b1=27 GPU] stage  99.9% (2568049039744/2569741177322) | 2312.3M/s | ETA 0:00:00 | best -
reached -E 30: stopping before stage b2=30
done: 1057.89s, 1667602577514 yh swept
no doubly 32-digit palindrome found below 2541936295477383247758340122710022036354548790
