A171740 GPU search: n=36, device=Apple M4 Max, build threads=14, limit=2113046293514209073597593535452543071019314708480
stage b2=24 vs b1={22}: values [2029520581602966642312774964747922070981914394624, 2113046293514209073597593535452543071019314708480) (GPU MITM)
  resuming partner b1=22 at +59489197492224 of 62625381549332 yh (exact)
  MITM b1=22: s=12 t=6 j=6 je=8 Q=113379904 table=191102976 yh=62625381549332
  table built in 1.4s (14 threads)
[b2=24 b1=22 GPU] stage  95.0% (59489465927680/62625381549332) | 462.9M/s | ETA 1:52:54 | best -
[b2=24 b1=22 GPU] stage  95.0% (59490539669504/62625381549332) | 479.9M/s | ETA 1:48:51 | best -
[b2=24 b1=22 GPU] stage  95.0% (59491613411328/62625381549332) | 535.4M/s | ETA 1:37:33 | best -
[b2=24 b1=22 GPU] stage  95.0% (59492418717696/62625381549332) | 508.7M/s | ETA 1:42:39 | best -
[b2=24 b1=22 GPU] stage  95.0% (59494566201344/62625381549332) | 2373.7M/s | ETA 0:21:58 | best -
[b2=24 b1=22 GPU] stage  95.0% (59499934910464/62625381549332) | 2683.0M/s | ETA 0:19:24 | best -
[b2=24 b1=22 GPU] stage  95.0% (59501277087744/62625381549332) | 1195.8M/s | ETA 0:43:32 | best -
[b2=24 b1=22 GPU] stage  95.0% (59502082394112/62625381549332) | 662.6M/s | ETA 1:18:33 | best -
[b2=24 b1=22 GPU] stage  95.0% (59503156135936/62625381549332) | 931.3M/s | ETA 0:55:52 | best -
[b2=24 b1=22 GPU] stage  95.0% (59504229877760/62625381549332) | 588.5M/s | ETA 1:28:23 | best -
[b2=24 b1=22 GPU] stage  95.0% (59505035184128/62625381549332) | 883.6M/s | ETA 0:58:51 | best -
[b2=24 b1=22 GPU] stage  95.0% (59506108925952/62625381549332) | 595.3M/s | ETA 1:27:19 | best -
[b2=24 b1=22 GPU] stage  95.0% (59506914232320/62625381549332) | 567.5M/s | ETA 1:31:34 | best -
[b2=24 b1=22 GPU] stage  95.0% (59512014505984/62625381549332) | 2679.8M/s | ETA 0:19:21 | best -
[b2=24 b1=22 GPU] stage  95.0% (59514161989632/62625381549332) | 1497.6M/s | ETA 0:34:37 | best -
[b2=24 b1=22 GPU] stage  95.0% (59515235731456/62625381549332) | 1099.4M/s | ETA 0:47:09 | best -
[b2=24 b1=22 GPU] stage  95.0% (59516309473280/62625381549332) | 643.9M/s | ETA 1:20:28 | best -
[b2=24 b1=22 GPU] stage  95.0% (59517114779648/62625381549332) | 562.2M/s | ETA 1:32:08 | best -
[b2=24 b1=22 GPU] stage  95.0% (59518188521472/62625381549332) | 528.3M/s | ETA 1:38:01 | best -
[b2=24 b1=22 GPU] stage  95.0% (59518993827840/62625381549332) | 498.4M/s | ETA 1:43:52 | best -
[b2=24 b1=22 GPU] stage  95.0% (59520067569664/62625381549332) | 614.3M/s | ETA 1:24:14 | best -
[b2=24 b1=22 GPU] stage  95.0% (59523825666048/62625381549332) | 2662.2M/s | ETA 0:19:25 | best -
[b2=24 b1=22 GPU] stage  95.1% (59527852197888/62625381549332) | 1970.0M/s | ETA 0:26:12 | best -
[b2=24 b1=22 GPU] stage  95.1% (59528925939712/62625381549332) | 940.6M/s | ETA 0:54:51 | best -
[b2=24 b1=22 GPU] stage  95.1% (59529731246080/62625381549332) | 921.7M/s | ETA 0:55:58 | best -
[b2=24 b1=22 GPU] stage  95.1% (59530804987904/62625381549332) | 593.0M/s | ETA 1:26:58 | best -
[b2=24 b1=22 GPU] stage  95.1% (59531610294272/62625381549332) | 883.3M/s | ETA 0:58:22 | best -
[b2=24 b1=22 GPU] stage  95.1% (59532684036096/62625381549332) | 581.7M/s | ETA 1:28:36 | best -
[b2=24 b1=22 GPU] stage  95.1% (59533489342464/62625381549332) | 599.8M/s | ETA 1:25:54 | best -
[b2=24 b1=22 GPU] stage  95.1% (59535368390656/62625381549332) | 2184.1M/s | ETA 0:23:34 | best -
[b2=24 b1=22 GPU] stage  95.1% (59540737099776/62625381549332) | 2682.6M/s | ETA 0:19:09 | best -
[b2=24 b1=22 GPU] stage  95.1% (59541810841600/62625381549332) | 1385.7M/s | ETA 0:37:05 | best -
[b2=24 b1=22 GPU] stage  95.1% (59542884583424/62625381549332) | 695.7M/s | ETA 1:13:50 | best -
[b2=24 b1=22 GPU] stage  95.1% (59543689889792/62625381549332) | 600.4M/s | ETA 1:25:32 | best -
[b2=24 b1=22 GPU] stage  95.1% (59544763631616/62625381549332) | 564.6M/s | ETA 1:30:55 | best -
[b2=24 b1=22 GPU] stage  95.1% (59545568937984/62625381549332) | 508.2M/s | ETA 1:40:59 | best -
[b2=24 b1=22 GPU] stage  95.1% (59546642679808/62625381549332) | 568.6M/s | ETA 1:30:14 | best -
[b2=24 b1=22 GPU] stage  95.1% (59547447986176/62625381549332) | 454.4M/s | ETA 1:52:54 | best -
[b2=24 b1=22 GPU] stage  95.1% (59552816695296/62625381549332) | 2681.2M/s | ETA 0:19:05 | best -
[b2=24 b1=22 GPU] stage  95.1% (59558185404416/62625381549332) | 2686.1M/s | ETA 0:19:01 | best -
[b2=24 b1=22 GPU] stage  95.1% (59563554113536/62625381549332) | 2683.3M/s | ETA 0:19:01 | best -
[b2=24 b1=22 GPU] stage  95.1% (59568922822656/62625381549332) | 2680.5M/s | ETA 0:19:00 | best -
[b2=24 b1=22 GPU] stage  95.1% (59574291531776/62625381549332) | 2685.0M/s | ETA 0:18:56 | best -
[b2=24 b1=22 GPU] stage  95.1% (59579660240896/62625381549332) | 2685.3M/s | ETA 0:18:54 | best -
[b2=24 b1=22 GPU] stage  95.1% (59585028950016/62625381549332) | 2683.1M/s | ETA 0:18:53 | best -
[b2=24 b1=22 GPU] stage  95.2% (59590397659136/62625381549332) | 2687.3M/s | ETA 0:18:49 | best -
[b2=24 b1=22 GPU] stage  95.2% (59595766368256/62625381549332) | 2683.1M/s | ETA 0:18:49 | best -
[b2=24 b1=22 GPU] stage  95.2% (59601135077376/62625381549332) | 2690.6M/s | ETA 0:18:44 | best -
[b2=24 b1=22 GPU] stage  95.2% (59606503786496/62625381549332) | 2683.0M/s | ETA 0:18:45 | best -
[b2=24 b1=22 GPU] stage  95.2% (59611872495616/62625381549332) | 2691.2M/s | ETA 0:18:39 | best -
[b2=24 b1=22 GPU] stage  95.2% (59617241204736/62625381549332) | 2683.0M/s | ETA 0:18:41 | best -
[b2=24 b1=22 GPU] stage  95.2% (59622609913856/62625381549332) | 2690.9M/s | ETA 0:18:35 | best -
[b2=24 b1=22 GPU] stage  95.2% (59627978622976/62625381549332) | 2685.1M/s | ETA 0:18:36 | best -
[b2=24 b1=22 GPU] stage  95.2% (59633347332096/62625381549332) | 2641.2M/s | ETA 0:18:52 | best -
[b2=24 b1=22 GPU] stage  95.2% (59638716041216/62625381549332) | 2676.5M/s | ETA 0:18:35 | best -
[b2=24 b1=22 GPU] stage  95.2% (59644084750336/62625381549332) | 2682.9M/s | ETA 0:18:31 | best -
[b2=24 b1=22 GPU] stage  95.2% (59649453459456/62625381549332) | 2654.3M/s | ETA 0:18:41 | best -
[b2=24 b1=22 GPU] stage  95.3% (59654822168576/62625381549332) | 2658.0M/s | ETA 0:18:37 | best -
[b2=24 b1=22 GPU] stage  95.3% (59660190877696/62625381549332) | 2687.4M/s | ETA 0:18:23 | best -
[b2=24 b1=22 GPU] stage  95.3% (59665559586816/62625381549332) | 2683.1M/s | ETA 0:18:23 | best -
[b2=24 b1=22 GPU] stage  95.3% (59670928295936/62625381549332) | 2683.0M/s | ETA 0:18:21 | best -
[b2=24 b1=22 GPU] stage  95.3% (59676297005056/62625381549332) | 2682.9M/s | ETA 0:18:19 | best -
[b2=24 b1=22 GPU] stage  95.3% (59681665714176/62625381549332) | 2683.3M/s | ETA 0:18:17 | best -
[b2=24 b1=22 GPU] stage  95.3% (59687034423296/62625381549332) | 2686.1M/s | ETA 0:18:13 | best -
[b2=24 b1=22 GPU] stage  95.3% (59692403132416/62625381549332) | 2683.1M/s | ETA 0:18:13 | best -
[b2=24 b1=22 GPU] stage  95.3% (59697771841536/62625381549332) | 1997.5M/s | ETA 0:24:25 | best -
[b2=24 b1=22 GPU] stage  95.3% (59698577147904/62625381549332) | 949.7M/s | ETA 0:51:21 | best -
[b2=24 b1=22 GPU] stage  95.3% (59699650889728/62625381549332) | 783.2M/s | ETA 1:02:15 | best -
[b2=24 b1=22 GPU] stage  95.3% (59700456196096/62625381549332) | 516.9M/s | ETA 1:34:18 | best -
[b2=24 b1=22 GPU] stage  95.3% (59701529937920/62625381549332) | 696.0M/s | ETA 1:10:00 | best -
[b2=24 b1=22 GPU] stage  95.3% (59702335244288/62625381549332) | 495.8M/s | ETA 1:38:15 | best -
[b2=24 b1=22 GPU] stage  95.3% (59703408986112/62625381549332) | 622.9M/s | ETA 1:18:10 | best -
[b2=24 b1=22 GPU] stage  95.3% (59704751163392/62625381549332) | 1619.3M/s | ETA 0:30:03 | best -
[b2=24 b1=22 GPU] stage  95.3% (59710119872512/62625381549332) | 2686.5M/s | ETA 0:18:05 | best -
[b2=24 b1=22 GPU] stage  95.3% (59711730485248/62625381549332) | 1198.5M/s | ETA 0:40:31 | best -
[b2=24 b1=22 GPU] stage  95.3% (59712535791616/62625381549332) | 669.9M/s | ETA 1:12:28 | best -
[b2=24 b1=22 GPU] stage  95.4% (59713609533440/62625381549332) | 679.4M/s | ETA 1:11:25 | best -
[b2=24 b1=22 GPU] stage  95.4% (59714683275264/62625381549332) | 561.3M/s | ETA 1:26:26 | best -
[b2=24 b1=22 GPU] stage  95.4% (59715488581632/62625381549332) | 879.4M/s | ETA 0:55:08 | best -
[b2=24 b1=22 GPU] stage  95.4% (59716562323456/62625381549332) | 567.5M/s | ETA 1:25:26 | best -
[b2=24 b1=22 GPU] stage  95.4% (59717367629824/62625381549332) | 867.4M/s | ETA 0:55:52 | best -
[b2=24 b1=22 GPU] stage  95.4% (59722467903488/62625381549332) | 2680.2M/s | ETA 0:18:03 | best -
[b2=24 b1=22 GPU] stage  95.4% (59725152258048/62625381549332) | 1504.9M/s | ETA 0:32:07 | best -
[b2=24 b1=22 GPU] stage  95.4% (59726225999872/62625381549332) | 911.5M/s | ETA 0:53:00 | best -
[b2=24 b1=22 GPU] stage  95.4% (59727031306240/62625381549332) | 569.3M/s | ETA 1:24:51 | best -
[b2=24 b1=22 GPU] stage  95.4% (59728105048064/62625381549332) | 824.6M/s | ETA 0:58:33 | best -
[b2=24 b1=22 GPU] stage  95.4% (59728910354432/62625381549332) | 533.3M/s | ETA 1:30:31 | best -
[b2=24 b1=22 GPU] stage  95.4% (59729984096256/62625381549332) | 644.6M/s | ETA 1:14:51 | best -
[b2=24 b1=22 GPU] stage  95.4% (59731057838080/62625381549332) | 543.5M/s | ETA 1:28:45 | best -
[b2=24 b1=22 GPU] stage  95.4% (59734010628096/62625381549332) | 2600.3M/s | ETA 0:18:31 | best -
[b2=24 b1=22 GPU] stage  95.4% (59738305595392/62625381549332) | 1959.3M/s | ETA 0:24:33 | best -
[b2=24 b1=22 GPU] stage  95.4% (59739379337216/62625381549332) | 963.2M/s | ETA 0:49:56 | best -
[b2=24 b1=22 GPU] stage  95.4% (59740184643584/62625381549332) | 702.0M/s | ETA 1:08:30 | best -
[b2=24 b1=22 GPU] stage  95.4% (59741258385408/62625381549332) | 549.3M/s | ETA 1:27:30 | best -
[b2=24 b1=22 GPU] stage  95.4% (59742063691776/62625381549332) | 871.4M/s | ETA 0:55:08 | best -
[b2=24 b1=22 GPU] stage  95.4% (59743137433600/62625381549332) | 569.4M/s | ETA 1:24:21 | best -
[b2=24 b1=22 GPU] stage  95.4% (59743942739968/62625381549332) | 870.3M/s | ETA 0:55:10 | best -
[b2=24 b1=22 GPU] stage  95.4% (59745821788160/62625381549332) | 2195.7M/s | ETA 0:21:51 | best -
[b2=24 b1=22 GPU] stage  95.4% (59751190497280/62625381549332) | 2685.5M/s | ETA 0:17:50 | best -
[b2=24 b1=22 GPU] stage  95.4% (59752801110016/62625381549332) | 1197.5M/s | ETA 0:39:58 | best -
[b2=24 b1=22 GPU] stage  95.4% (59753606416384/62625381549332) | 679.2M/s | ETA 1:10:28 | best -
[b2=24 b1=22 GPU] stage  95.4% (59754680158208/62625381549332) | 835.3M/s | ETA 0:57:16 | best -
[b2=24 b1=22 GPU] stage  95.4% (59755485464576/62625381549332) | 539.5M/s | ETA 1:28:39 | best -
[b2=24 b1=22 GPU] stage  95.4% (59756559206400/62625381549332) | 665.6M/s | ETA 1:11:49 | best -
[b2=24 b1=22 GPU] stage  95.4% (59757632948224/62625381549332) | 538.4M/s | ETA 1:28:46 | best -
[b2=24 b1=22 GPU] stage  95.4% (59758438254592/62625381549332) | 869.3M/s | ETA 0:54:57 | best -
[b2=24 b1=22 GPU] stage  95.4% (59763001657344/62625381549332) | 2677.4M/s | ETA 0:17:49 | best -
[b2=24 b1=22 GPU] stage  95.4% (59765686011904/62625381549332) | 1508.5M/s | ETA 0:31:35 | best -
[b2=24 b1=22 GPU] stage  95.4% (59766759753728/62625381549332) | 884.8M/s | ETA 0:53:50 | best -
[b2=24 b1=22 GPU] stage  95.4% (59767833495552/62625381549332) | 589.1M/s | ETA 1:20:50 | best -
[b2=24 b1=22 GPU] stage  95.4% (59768638801920/62625381549332) | 885.8M/s | ETA 0:53:45 | best -
[b2=24 b1=22 GPU] stage  95.4% (59769712543744/62625381549332) | 602.6M/s | ETA 1:18:58 | best -
[b2=24 b1=22 GPU] stage  95.4% (59770517850112/62625381549332) | 881.7M/s | ETA 0:53:57 | best -
[b2=24 b1=22 GPU] stage  95.4% (59771591591936/62625381549332) | 560.5M/s | ETA 1:24:51 | best -
[b2=24 b1=22 GPU] stage  95.4% (59775081252864/62625381549332) | 2652.6M/s | ETA 0:17:54 | best -
[b2=24 b1=22 GPU] stage  95.5% (59779376220160/62625381549332) | 1988.5M/s | ETA 0:23:51 | best -
[b2=24 b1=22 GPU] stage  95.5% (59780181526528/62625381549332) | 952.4M/s | ETA 0:49:47 | best -
[b2=24 b1=22 GPU] stage  95.5% (59781255268352/62625381549332) | 865.3M/s | ETA 0:54:46 | best -
[b2=24 b1=22 GPU] stage  95.5% (59782060574720/62625381549332) | 549.5M/s | ETA 1:26:14 | best -
[b2=24 b1=22 GPU] stage  95.5% (59783134316544/62625381549332) | 677.5M/s | ETA 1:09:55 | best -
[b2=24 b1=22 GPU] stage  95.5% (59784208058368/62625381549332) | 549.1M/s | ETA 1:26:13 | best -
[b2=24 b1=22 GPU] stage  95.5% (59785013364736/62625381549332) | 872.2M/s | ETA 0:54:16 | best -
[b2=24 b1=22 GPU] stage  95.5% (59786355542016/62625381549332) | 1651.1M/s | ETA 0:28:39 | best -
[b2=24 b1=22 GPU] stage  95.5% (59791724251136/62625381549332) | 2685.9M/s | ETA 0:17:35 | best -
[b2=24 b1=22 GPU] stage  95.5% (59793334863872/62625381549332) | 1200.1M/s | ETA 0:39:19 | best -
[b2=24 b1=22 GPU] stage  95.5% (59794408605696/62625381549332) | 675.3M/s | ETA 1:09:52 | best -
[b2=24 b1=22 GPU] stage  95.5% (59795213912064/62625381549332) | 906.2M/s | ETA 0:52:03 | best -
[b2=24 b1=22 GPU] stage  95.5% (59796287653888/62625381549332) | 607.4M/s | ETA 1:17:37 | best -
[b2=24 b1=22 GPU] stage  95.5% (59797092960256/62625381549332) | 883.4M/s | ETA 0:53:21 | best -
[b2=24 b1=22 GPU] stage  95.5% (59798166702080/62625381549332) | 579.9M/s | ETA 1:21:14 | best -
[b2=24 b1=22 GPU] stage  95.5% (59798972008448/62625381549332) | 877.1M/s | ETA 0:53:42 | best -
[b2=24 b1=22 GPU] stage  95.5% (59804072282112/62625381549332) | 2637.6M/s | ETA 0:17:49 | best -
[b2=24 b1=22 GPU] stage  95.5% (59806756636672/62625381549332) | 1507.4M/s | ETA 0:31:09 | best -
[b2=24 b1=22 GPU] stage  95.5% (59807830378496/62625381549332) | 983.9M/s | ETA 0:47:43 | best -
[b2=24 b1=22 GPU] stage  95.5% (59808635684864/62625381549332) | 582.9M/s | ETA 1:20:32 | best -
[b2=24 b1=22 GPU] stage  95.5% (59809709426688/62625381549332) | 818.2M/s | ETA 0:57:21 | best -
[b2=24 b1=22 GPU] stage  95.5% (59810783168512/62625381549332) | 570.3M/s | ETA 1:22:14 | best -
[b2=24 b1=22 GPU] stage  95.5% (59811588474880/62625381549332) | 879.3M/s | ETA 0:53:19 | best -
[b2=24 b1=22 GPU] stage  95.5% (59812662216704/62625381549332) | 579.4M/s | ETA 1:20:54 | best -
[b2=24 b1=22 GPU] stage  95.5% (59815615006720/62625381549332) | 2621.1M/s | ETA 0:17:51 | best -
[b2=24 b1=22 GPU] stage  95.5% (59819909974016/62625381549332) | 1968.0M/s | ETA 0:23:45 | best -
[b2=24 b1=22 GPU] stage  95.5% (59820983715840/62625381549332) | 849.0M/s | ETA 0:55:03 | best -
[b2=24 b1=22 GPU] stage  95.5% (59821789022208/62625381549332) | 976.8M/s | ETA 0:47:50 | best -
[b2=24 b1=22 GPU] stage  95.5% (59822862764032/62625381549332) | 639.2M/s | ETA 1:13:04 | best -
[b2=24 b1=22 GPU] stage  95.5% (59823668070400/62625381549332) | 896.1M/s | ETA 0:52:06 | best -
[b2=24 b1=22 GPU] stage  95.5% (59824741812224/62625381549332) | 591.3M/s | ETA 1:18:56 | best -
[b2=24 b1=22 GPU] stage  95.5% (59825547118592/62625381549332) | 883.3M/s | ETA 0:52:49 | best -
[b2=24 b1=22 GPU] stage  95.5% (59827157731328/62625381549332) | 1993.0M/s | ETA 0:23:23 | best -
[b2=24 b1=22 GPU] stage  95.5% (59832526440448/62625381549332) | 2682.4M/s | ETA 0:17:21 | best -
[b2=24 b1=22 GPU] stage  95.5% (59834405488640/62625381549332) | 1220.1M/s | ETA 0:38:07 | best -
[b2=24 b1=22 GPU] stage  95.5% (59835210795008/62625381549332) | 665.0M/s | ETA 1:09:55 | best -
[b2=24 b1=22 GPU] stage  95.5% (59836284536832/62625381549332) | 813.5M/s | ETA 0:57:08 | best -
[b2=24 b1=22 GPU] stage  95.5% (59837089843200/62625381549332) | 534.2M/s | ETA 1:26:59 | best -
[b2=24 b1=22 GPU] stage  95.5% (59838163585024/62625381549332) | 891.1M/s | ETA 0:52:07 | best -
[b2=24 b1=22 GPU] stage  95.6% (59839237326848/62625381549332) | 590.8M/s | ETA 1:18:35 | best -
[b2=24 b1=22 GPU] stage  95.6% (59840042633216/62625381549332) | 876.8M/s | ETA 0:52:56 | best -
[b2=24 b1=22 GPU] stage  95.6% (59844874471424/62625381549332) | 2665.1M/s | ETA 0:17:23 | best -
[b2=24 b1=22 GPU] stage  95.6% (59850243180544/62625381549332) | 2681.4M/s | ETA 0:17:14 | best -
[b2=24 b1=22 GPU] stage  95.6% (59855611889664/62625381549332) | 2659.7M/s | ETA 0:17:21 | best -
[b2=24 b1=22 GPU] stage  95.6% (59860980598784/62625381549332) | 2665.7M/s | ETA 0:17:17 | best -
[b2=24 b1=22 GPU] stage  95.6% (59866349307904/62625381549332) | 2666.0M/s | ETA 0:17:14 | best -
[b2=24 b1=22 GPU] stage  95.6% (59871718017024/62625381549332) | 2665.5M/s | ETA 0:17:13 | best -
[b2=24 b1=22 GPU] stage  95.6% (59877086726144/62625381549332) | 2661.0M/s | ETA 0:17:12 | best -
[b2=24 b1=22 GPU] stage  95.6% (59882455435264/62625381549332) | 2677.7M/s | ETA 0:17:04 | best -
[b2=24 b1=22 GPU] stage  95.6% (59887824144384/62625381549332) | 2675.1M/s | ETA 0:17:03 | best -
[b2=24 b1=22 GPU] stage  95.6% (59893192853504/62625381549332) | 2682.9M/s | ETA 0:16:58 | best -
[b2=24 b1=22 GPU] stage  95.6% (59898561562624/62625381549332) | 2683.0M/s | ETA 0:16:56 | best -
[b2=24 b1=22 GPU] stage  95.7% (59903930271744/62625381549332) | 2683.5M/s | ETA 0:16:54 | best -
[b2=24 b1=22 GPU] stage  95.7% (59909298980864/62625381549332) | 2682.9M/s | ETA 0:16:52 | best -
[b2=24 b1=22 GPU] stage  95.7% (59914667689984/62625381549332) | 2668.2M/s | ETA 0:16:55 | best -
[b2=24 b1=22 GPU] stage  95.7% (59920036399104/62625381549332) | 2680.8M/s | ETA 0:16:49 | best -
[b2=24 b1=22 GPU] stage  95.7% (59925405108224/62625381549332) | 2682.9M/s | ETA 0:16:46 | best -
[b2=24 b1=22 GPU] stage  95.7% (59930773817344/62625381549332) | 2682.9M/s | ETA 0:16:44 | best -
[b2=24 b1=22 GPU] stage  95.7% (59936142526464/62625381549332) | 2683.0M/s | ETA 0:16:42 | best -
[b2=24 b1=22 GPU] stage  95.7% (59941511235584/62625381549332) | 2683.0M/s | ETA 0:16:40 | best -
[b2=24 b1=22 GPU] stage  95.7% (59946879944704/62625381549332) | 2679.0M/s | ETA 0:16:39 | best -
[b2=24 b1=22 GPU] stage  95.7% (59952248653824/62625381549332) | 2685.1M/s | ETA 0:16:35 | best -
[b2=24 b1=22 GPU] stage  95.7% (59957617362944/62625381549332) | 2683.6M/s | ETA 0:16:34 | best -
[b2=24 b1=22 GPU] stage  95.7% (59962986072064/62625381549332) | 2683.0M/s | ETA 0:16:32 | best -
[b2=24 b1=22 GPU] stage  95.8% (59968354781184/62625381549332) | 2683.8M/s | ETA 0:16:30 | best -
[b2=24 b1=22 GPU] stage  95.8% (59973723490304/62625381549332) | 2684.1M/s | ETA 0:16:27 | best -
[b2=24 b1=22 GPU] stage  95.8% (59979092199424/62625381549332) | 2683.0M/s | ETA 0:16:26 | best -
[b2=24 b1=22 GPU] stage  95.8% (59984460908544/62625381549332) | 2674.9M/s | ETA 0:16:27 | best -
[b2=24 b1=22 GPU] stage  95.8% (59989829617664/62625381549332) | 2682.8M/s | ETA 0:16:22 | best -
[b2=24 b1=22 GPU] stage  95.8% (59995198326784/62625381549332) | 2684.5M/s | ETA 0:16:19 | best -
[b2=24 b1=22 GPU] stage  95.8% (60000567035904/62625381549332) | 2683.0M/s | ETA 0:16:18 | best -
[b2=24 b1=22 GPU] stage  95.8% (60004056696832/62625381549332) | 1526.6M/s | ETA 0:28:37 | best -
[b2=24 b1=22 GPU] stage  95.8% (60005130438656/62625381549332) | 727.6M/s | ETA 1:00:01 | best -
[b2=24 b1=22 GPU] stage  95.8% (60006204180480/62625381549332) | 730.8M/s | ETA 0:59:43 | best -
[b2=24 b1=22 GPU] stage  95.8% (60007009486848/62625381549332) | 524.6M/s | ETA 1:23:11 | best -
[b2=24 b1=22 GPU] stage  95.8% (60008083228672/62625381549332) | 731.7M/s | ETA 0:59:36 | best -
[b2=24 b1=22 GPU] stage  95.8% (60008888535040/62625381549332) | 501.6M/s | ETA 1:26:56 | best -
[b2=24 b1=22 GPU] stage  95.8% (60009962276864/62625381549332) | 684.0M/s | ETA 1:03:43 | best -
[b2=24 b1=22 GPU] stage  95.8% (60014257244160/62625381549332) | 2637.8M/s | ETA 0:16:29 | best -
[b2=24 b1=22 GPU] stage  95.8% (60017210034176/62625381549332) | 1523.2M/s | ETA 0:28:32 | best -
[b2=24 b1=22 GPU] stage  95.8% (60018283776000/62625381549332) | 938.0M/s | ETA 0:46:19 | best -
[b2=24 b1=22 GPU] stage  95.8% (60019089082368/62625381549332) | 581.7M/s | ETA 1:14:40 | best -
[b2=24 b1=22 GPU] stage  95.8% (60020162824192/62625381549332) | 728.4M/s | ETA 0:59:36 | best -
[b2=24 b1=22 GPU] stage  95.8% (60020968130560/62625381549332) | 506.2M/s | ETA 1:25:44 | best -
[b2=24 b1=22 GPU] stage  95.8% (60022041872384/62625381549332) | 751.4M/s | ETA 0:57:44 | best -
[b2=24 b1=22 GPU] stage  95.8% (60023115614208/62625381549332) | 579.1M/s | ETA 1:14:53 | best -
[b2=24 b1=22 GPU] stage  95.8% (60026068404224/62625381549332) | 2620.5M/s | ETA 0:16:31 | best -
[b2=24 b1=22 GPU] stage  95.9% (60030900242432/62625381549332) | 2009.7M/s | ETA 0:21:30 | best -
[b2=24 b1=22 GPU] stage  95.9% (60031705548800/62625381549332) | 1004.8M/s | ETA 0:43:01 | best -
[b2=24 b1=22 GPU] stage  95.9% (60032779290624/62625381549332) | 788.1M/s | ETA 0:54:49 | best -
[b2=24 b1=22 GPU] stage  95.9% (60033584596992/62625381549332) | 541.0M/s | ETA 1:19:50 | best -
[b2=24 b1=22 GPU] stage  95.9% (60034658338816/62625381549332) | 745.7M/s | ETA 0:57:54 | best -
[b2=24 b1=22 GPU] stage  95.9% (60035463645184/62625381549332) | 506.8M/s | ETA 1:25:10 | best -
[b2=24 b1=22 GPU] stage  95.9% (60036537387008/62625381549332) | 682.9M/s | ETA 1:03:11 | best -
[b2=24 b1=22 GPU] stage  95.9% (60037342693376/62625381549332) | 501.0M/s | ETA 1:26:06 | best -
[b2=24 b1=22 GPU] stage  95.9% (60042711402496/62625381549332) | 2682.3M/s | ETA 0:16:02 | best -
[b2=24 b1=22 GPU] stage  95.9% (60044858886144/62625381549332) | 1244.3M/s | ETA 0:34:33 | best -
[b2=24 b1=22 GPU] stage  95.9% (60045664192512/62625381549332) | 676.0M/s | ETA 1:03:36 | best -
[b2=24 b1=22 GPU] stage  95.9% (60046737934336/62625381549332) | 717.2M/s | ETA 0:59:55 | best -
[b2=24 b1=22 GPU] stage  95.9% (60047811676160/62625381549332) | 675.1M/s | ETA 1:03:37 | best -
[b2=24 b1=22 GPU] stage  95.9% (60048616982528/62625381549332) | 806.2M/s | ETA 0:53:16 | best -
[b2=24 b1=22 GPU] stage  95.9% (60049690724352/62625381549332) | 625.0M/s | ETA 1:08:40 | best -
[b2=24 b1=22 GPU] stage  95.9% (60050496030720/62625381549332) | 882.1M/s | ETA 0:48:39 | best -
[b2=24 b1=22 GPU] stage  95.9% (60055327868928/62625381549332) | 2673.3M/s | ETA 0:16:01 | best -
[b2=24 b1=22 GPU] stage  95.9% (60058280658944/62625381549332) | 1594.5M/s | ETA 0:26:50 | best -
[b2=24 b1=22 GPU] stage  95.9% (60059354400768/62625381549332) | 895.0M/s | ETA 0:47:47 | best -
[b2=24 b1=22 GPU] stage  95.9% (60060159707136/62625381549332) | 602.0M/s | ETA 1:11:01 | best -
[b2=24 b1=22 GPU] stage  95.9% (60061233448960/62625381549332) | 727.6M/s | ETA 0:58:43 | best -
[b2=24 b1=22 GPU] stage  95.9% (60062038755328/62625381549332) | 506.7M/s | ETA 1:24:18 | best -
[b2=24 b1=22 GPU] stage  95.9% (60063112497152/62625381549332) | 698.2M/s | ETA 1:01:09 | best -
[b2=24 b1=22 GPU] stage  95.9% (60063917803520/62625381549332) | 503.9M/s | ETA 1:24:43 | best -
[b2=24 b1=22 GPU] stage  95.9% (60066065287168/62625381549332) | 2374.7M/s | ETA 0:17:57 | best -
[b2=24 b1=22 GPU] stage  95.9% (60071433996288/62625381549332) | 1991.6M/s | ETA 0:21:22 | best -
[b2=24 b1=22 GPU] stage  95.9% (60072239302656/62625381549332) | 935.3M/s | ETA 0:45:29 | best -
[b2=24 b1=22 GPU] stage  95.9% (60073313044480/62625381549332) | 791.9M/s | ETA 0:53:42 | best -
[b2=24 b1=22 GPU] stage  95.9% (60074386786304/62625381549332) | 680.5M/s | ETA 1:02:28 | best -
[b2=24 b1=22 GPU] stage  95.9% (60075192092672/62625381549332) | 687.4M/s | ETA 1:01:49 | best -
[b2=24 b1=22 GPU] stage  95.9% (60076265834496/62625381549332) | 620.7M/s | ETA 1:08:27 | best -
[b2=24 b1=22 GPU] stage  95.9% (60077071140864/62625381549332) | 888.4M/s | ETA 0:47:48 | best -
[b2=24 b1=22 GPU] stage  95.9% (60078413318144/62625381549332) | 1658.6M/s | ETA 0:25:35 | best -
[b2=24 b1=22 GPU] stage  95.9% (60083782027264/62625381549332) | 2655.8M/s | ETA 0:15:56 | best -
[b2=24 b1=22 GPU] stage  95.9% (60085929510912/62625381549332) | 1172.4M/s | ETA 0:36:06 | best -
[b2=24 b1=22 GPU] stage  95.9% (60086734817280/62625381549332) | 701.1M/s | ETA 1:00:21 | best -
[b2=24 b1=22 GPU] stage  95.9% (60087808559104/62625381549332) | 744.9M/s | ETA 0:56:46 | best -
[b2=24 b1=22 GPU] stage  95.9% (60088613865472/62625381549332) | 510.0M/s | ETA 1:22:53 | best -
[b2=24 b1=22 GPU] stage  96.0% (60089687607296/62625381549332) | 702.1M/s | ETA 1:00:11 | best -
[b2=24 b1=22 GPU] stage  96.0% (60090492913664/62625381549332) | 509.2M/s | ETA 1:22:58 | best -
[b2=24 b1=22 GPU] stage  96.0% (60091566655488/62625381549332) | 638.5M/s | ETA 1:06:08 | best -
[b2=24 b1=22 GPU] stage  96.0% (60095861622784/62625381549332) | 2673.1M/s | ETA 0:15:46 | best -
[b2=24 b1=22 GPU] stage  96.0% (60098814412800/62625381549332) | 1524.1M/s | ETA 0:27:37 | best -
[b2=24 b1=22 GPU] stage  96.0% (60099888154624/62625381549332) | 920.4M/s | ETA 0:45:43 | best -
[b2=24 b1=22 GPU] stage  96.0% (60100693460992/62625381549332) | 574.3M/s | ETA 1:13:16 | best -
[b2=24 b1=22 GPU] stage  96.0% (60101767202816/62625381549332) | 687.5M/s | ETA 1:01:10 | best -
[b2=24 b1=22 GPU] stage  96.0% (60102840944640/62625381549332) | 667.2M/s | ETA 1:03:00 | best -
[b2=24 b1=22 GPU] stage  96.0% (60103646251008/62625381549332) | 894.2M/s | ETA 0:47:00 | best -
[b2=24 b1=22 GPU] stage  96.0% (60104719992832/62625381549332) | 596.2M/s | ETA 1:10:27 | best -
[b2=24 b1=22 GPU] stage  96.0% (60107672782848/62625381549332) | 2598.3M/s | ETA 0:16:08 | best -
[b2=24 b1=22 GPU] stage  96.0% (60112504621056/62625381549332) | 2000.5M/s | ETA 0:20:56 | best -
[b2=24 b1=22 GPU] stage  96.0% (60113309927424/62625381549332) | 995.7M/s | ETA 0:42:02 | best -
[b2=24 b1=22 GPU] stage  96.0% (60114383669248/62625381549332) | 811.2M/s | ETA 0:51:35 | best -
[b2=24 b1=22 GPU] stage  96.0% (60115188975616/62625381549332) | 527.5M/s | ETA 1:19:18 | best -
[b2=24 b1=22 GPU] stage  96.0% (60116262717440/62625381549332) | 705.1M/s | ETA 0:59:18 | best -
[b2=24 b1=22 GPU] stage  96.0% (60117068023808/62625381549332) | 490.8M/s | ETA 1:25:10 | best -
[b2=24 b1=22 GPU] stage  96.0% (60118141765632/62625381549332) | 631.8M/s | ETA 1:06:08 | best -
[b2=24 b1=22 GPU] stage  96.0% (60118947072000/62625381549332) | 475.8M/s | ETA 1:27:47 | best -
[b2=24 b1=22 GPU] stage  96.0% (60124315781120/62625381549332) | 2681.3M/s | ETA 0:15:32 | best -
[b2=24 b1=22 GPU] stage  96.0% (60126463264768/62625381549332) | 1219.9M/s | ETA 0:34:08 | best -
[b2=24 b1=22 GPU] stage  96.0% (60127537006592/62625381549332) | 790.3M/s | ETA 0:52:40 | best -
[b2=24 b1=22 GPU] stage  96.0% (60128342312960/62625381549332) | 634.8M/s | ETA 1:05:33 | best -
[b2=24 b1=22 GPU] stage  96.0% (60129416054784/62625381549332) | 625.4M/s | ETA 1:06:31 | best -
[b2=24 b1=22 GPU] stage  96.0% (60130221361152/62625381549332) | 750.4M/s | ETA 0:55:24 | best -
[b2=24 b1=22 GPU] stage  96.0% (60131295102976/62625381549332) | 534.0M/s | ETA 1:17:50 | best -
[b2=24 b1=22 GPU] stage  96.0% (60132100409344/62625381549332) | 857.4M/s | ETA 0:48:28 | best -
[b2=24 b1=22 GPU] stage  96.0% (60136932247552/62625381549332) | 2678.1M/s | ETA 0:15:29 | best -
[b2=24 b1=22 GPU] stage  96.0% (60139885037568/62625381549332) | 1597.1M/s | ETA 0:25:56 | best -
[b2=24 b1=22 GPU] stage  96.0% (60140958779392/62625381549332) | 884.5M/s | ETA 0:46:48 | best -
[b2=24 b1=22 GPU] stage  96.0% (60141764085760/62625381549332) | 563.2M/s | ETA 1:13:29 | best -
[b2=24 b1=22 GPU] stage  96.0% (60142837827584/62625381549332) | 709.5M/s | ETA 0:58:18 | best -
[b2=24 b1=22 GPU] stage  96.0% (60143643133952/62625381549332) | 507.5M/s | ETA 1:21:29 | best -
[b2=24 b1=22 GPU] stage  96.0% (60144716875776/62625381549332) | 649.4M/s | ETA 1:03:40 | best -
[b2=24 b1=22 GPU] stage  96.0% (60145790617600/62625381549332) | 632.5M/s | ETA 1:05:20 | best -
[b2=24 b1=22 GPU] stage  96.0% (60148474972160/62625381549332) | 2576.5M/s | ETA 0:16:01 | best -
[b2=24 b1=22 GPU] stage  96.1% (60153843681280/62625381549332) | 2685.0M/s | ETA 0:15:20 | best -
[b2=24 b1=22 GPU] stage  96.1% (60159212390400/62625381549332) | 2686.1M/s | ETA 0:15:18 | best -
[b2=24 b1=22 GPU] stage  96.1% (60164581099520/62625381549332) | 2648.3M/s | ETA 0:15:29 | best -
[b2=24 b1=22 GPU] stage  96.1% (60169949808640/62625381549332) | 2664.1M/s | ETA 0:15:21 | best -
[b2=24 b1=22 GPU] stage  96.1% (60175318517760/62625381549332) | 2667.2M/s | ETA 0:15:18 | best -
[b2=24 b1=22 GPU] stage  96.1% (60180687226880/62625381549332) | 2670.4M/s | ETA 0:15:15 | best -
[b2=24 b1=22 GPU] stage  96.1% (60186055936000/62625381549332) | 2665.3M/s | ETA 0:15:15 | best -
[b2=24 b1=22 GPU] stage  96.1% (60191424645120/62625381549332) | 2665.5M/s | ETA 0:15:13 | best -
[b2=24 b1=22 GPU] stage  96.1% (60196793354240/62625381549332) | 2666.2M/s | ETA 0:15:10 | best -
[b2=24 b1=22 GPU] stage  96.1% (60202162063360/62625381549332) | 2668.2M/s | ETA 0:15:08 | best -
[b2=24 b1=22 GPU] stage  96.1% (60207530772480/62625381549332) | 2665.0M/s | ETA 0:15:07 | best -
[b2=24 b1=22 GPU] stage  96.1% (60212899481600/62625381549332) | 2642.8M/s | ETA 0:15:12 | best -
[b2=24 b1=22 GPU] stage  96.2% (60218268190720/62625381549332) | 2684.8M/s | ETA 0:14:56 | best -
[b2=24 b1=22 GPU] stage  96.2% (60223636899840/62625381549332) | 2683.4M/s | ETA 0:14:55 | best -
[b2=24 b1=22 GPU] stage  96.2% (60229005608960/62625381549332) | 2683.1M/s | ETA 0:14:53 | best -
[b2=24 b1=22 GPU] stage  96.2% (60234374318080/62625381549332) | 2649.4M/s | ETA 0:15:02 | best -
[b2=24 b1=22 GPU] stage  96.2% (60239743027200/62625381549332) | 2663.1M/s | ETA 0:14:55 | best -
[b2=24 b1=22 GPU] stage  96.2% (60245111736320/62625381549332) | 2637.9M/s | ETA 0:15:02 | best -
[b2=24 b1=22 GPU] stage  96.2% (60250480445440/62625381549332) | 2664.3M/s | ETA 0:14:51 | best -
[b2=24 b1=22 GPU] stage  96.2% (60255849154560/62625381549332) | 2665.6M/s | ETA 0:14:48 | best -
[b2=24 b1=22 GPU] stage  96.2% (60261217863680/62625381549332) | 2601.3M/s | ETA 0:15:08 | best -
[b2=24 b1=22 GPU] stage  96.2% (60266586572800/62625381549332) | 2664.9M/s | ETA 0:14:45 | best -
[b2=24 b1=22 GPU] stage  96.2% (60271955281920/62625381549332) | 2667.8M/s | ETA 0:14:42 | best -
[b2=24 b1=22 GPU] stage  96.3% (60277323991040/62625381549332) | 2644.9M/s | ETA 0:14:47 | best -
[b2=24 b1=22 GPU] stage  96.3% (60282692700160/62625381549332) | 2634.9M/s | ETA 0:14:49 | best -
[b2=24 b1=22 GPU] stage  96.3% (60288061409280/62625381549332) | 2671.4M/s | ETA 0:14:34 | best -
[b2=24 b1=22 GPU] stage  96.3% (60293430118400/62625381549332) | 2682.3M/s | ETA 0:14:29 | best -
[b2=24 b1=22 GPU] stage  96.3% (60296114472960/62625381549332) | 1514.0M/s | ETA 0:25:38 | best -
[b2=24 b1=22 GPU] stage  96.3% (60297188214784/62625381549332) | 743.4M/s | ETA 0:52:11 | best -
[b2=24 b1=22 GPU] stage  96.3% (60298261956608/62625381549332) | 623.3M/s | ETA 1:02:13 | best -
[b2=24 b1=22 GPU] stage  96.3% (60299067262976/62625381549332) | 473.3M/s | ETA 1:21:55 | best -
[b2=24 b1=22 GPU] stage  96.3% (60300141004800/62625381549332) | 677.6M/s | ETA 0:57:11 | best -
[b2=24 b1=22 GPU] stage  96.3% (60300946311168/62625381549332) | 489.1M/s | ETA 1:19:12 | best -
[b2=24 b1=22 GPU] stage  96.3% (60302020052992/62625381549332) | 691.6M/s | ETA 0:55:59 | best -
[b2=24 b1=22 GPU] stage  96.3% (60306315020288/62625381549332) | 2677.4M/s | ETA 0:14:26 | best -
[b2=24 b1=22 GPU] stage  96.3% (60309804681216/62625381549332) | 1958.8M/s | ETA 0:19:42 | best -
[b2=24 b1=22 GPU] stage  96.3% (60310878423040/62625381549332) | 842.1M/s | ETA 0:45:48 | best -
[b2=24 b1=22 GPU] stage  96.3% (60311683729408/62625381549332) | 719.0M/s | ETA 0:53:38 | best -
[b2=24 b1=22 GPU] stage  96.3% (60312757471232/62625381549332) | 582.1M/s | ETA 1:06:13 | best -
[b2=24 b1=22 GPU] stage  96.3% (60313562777600/62625381549332) | 522.1M/s | ETA 1:13:48 | best -
[b2=24 b1=22 GPU] stage  96.3% (60314636519424/62625381549332) | 553.9M/s | ETA 1:09:31 | best -
[b2=24 b1=22 GPU] stage  96.3% (60315441825792/62625381549332) | 458.0M/s | ETA 1:24:03 | best -
[b2=24 b1=22 GPU] stage  96.3% (60317589309440/62625381549332) | 2359.9M/s | ETA 0:16:17 | best -
[b2=24 b1=22 GPU] stage  96.3% (60322958018560/62625381549332) | 2010.3M/s | ETA 0:19:05 | best -
[b2=24 b1=22 GPU] stage  96.3% (60323763324928/62625381549332) | 1015.4M/s | ETA 0:37:46 | best -
[b2=24 b1=22 GPU] stage  96.3% (60324837066752/62625381549332) | 672.5M/s | ETA 0:57:00 | best -
[b2=24 b1=22 GPU] stage  96.3% (60325642373120/62625381549332) | 494.2M/s | ETA 1:17:33 | best -
[b2=24 b1=22 GPU] stage  96.3% (60326716114944/62625381549332) | 665.4M/s | ETA 0:57:34 | best -
[b2=24 b1=22 GPU] stage  96.3% (60327521421312/62625381549332) | 488.0M/s | ETA 1:18:28 | best -
[b2=24 b1=22 GPU] stage  96.3% (60328595163136/62625381549332) | 803.1M/s | ETA 0:47:39 | best -
[b2=24 b1=22 GPU] stage  96.3% (60329400469504/62625381549332) | 522.9M/s | ETA 1:13:10 | best -
[b2=24 b1=22 GPU] stage  96.3% (60334769178624/62625381549332) | 2681.3M/s | ETA 0:14:14 | best -
[b2=24 b1=22 GPU] stage  96.3% (60337185097728/62625381549332) | 1497.1M/s | ETA 0:25:28 | best -
[b2=24 b1=22 GPU] stage  96.3% (60338258839552/62625381549332) | 1028.1M/s | ETA 0:37:04 | best -
[b2=24 b1=22 GPU] stage  96.3% (60339332581376/62625381549332) | 622.8M/s | ETA 1:01:10 | best -
[b2=24 b1=22 GPU] stage  96.4% (60340137887744/62625381549332) | 567.9M/s | ETA 1:07:03 | best -
[b2=24 b1=22 GPU] stage  96.4% (60341211629568/62625381549332) | 571.9M/s | ETA 1:06:34 | best -
[b2=24 b1=22 GPU] stage  96.4% (60342016935936/62625381549332) | 458.6M/s | ETA 1:22:58 | best -
[b2=24 b1=22 GPU] stage  96.4% (60343090677760/62625381549332) | 669.8M/s | ETA 0:56:47 | best -
[b2=24 b1=22 GPU] stage  96.4% (60347117209600/62625381549332) | 2668.8M/s | ETA 0:14:13 | best -
[b2=24 b1=22 GPU] stage  96.4% (60350338435072/62625381549332) | 1600.4M/s | ETA 0:23:41 | best -
[b2=24 b1=22 GPU] stage  96.4% (60351412176896/62625381549332) | 821.5M/s | ETA 0:46:08 | best -
[b2=24 b1=22 GPU] stage  96.4% (60352217483264/62625381549332) | 543.6M/s | ETA 1:09:41 | best -
[b2=24 b1=22 GPU] stage  96.4% (60353291225088/62625381549332) | 674.6M/s | ETA 0:56:08 | best -
[b2=24 b1=22 GPU] stage  96.4% (60354096531456/62625381549332) | 486.2M/s | ETA 1:17:51 | best -
[b2=24 b1=22 GPU] stage  96.4% (60355170273280/62625381549332) | 781.7M/s | ETA 0:48:24 | best -
[b2=24 b1=22 GPU] stage  96.4% (60355975579648/62625381549332) | 517.9M/s | ETA 1:13:01 | best -
[b2=24 b1=22 GPU] stage  96.4% (60358123063296/62625381549332) | 2369.8M/s | ETA 0:15:56 | best -
[b2=24 b1=22 GPU] stage  96.4% (60363491772416/62625381549332) | 2682.3M/s | ETA 0:14:03 | best -
[b2=24 b1=22 GPU] stage  96.4% (60364833949696/62625381549332) | 1379.3M/s | ETA 0:27:18 | best -
[b2=24 b1=22 GPU] stage  96.4% (60365907691520/62625381549332) | 727.2M/s | ETA 0:51:47 | best -
[b2=24 b1=22 GPU] stage  96.4% (60366712997888/62625381549332) | 617.5M/s | ETA 1:00:57 | best -
[b2=24 b1=22 GPU] stage  96.4% (60367786739712/62625381549332) | 580.8M/s | ETA 1:04:46 | best -
[b2=24 b1=22 GPU] stage  96.4% (60368592046080/62625381549332) | 440.0M/s | ETA 1:25:29 | best -
[b2=24 b1=22 GPU] stage  96.4% (60369665787904/62625381549332) | 647.0M/s | ETA 0:58:06 | best -
[b2=24 b1=22 GPU] stage  96.4% (60370471094272/62625381549332) | 498.9M/s | ETA 1:15:19 | best -
[b2=24 b1=22 GPU] stage  96.4% (60375839803392/62625381549332) | 2682.6M/s | ETA 0:13:58 | best -
[b2=24 b1=22 GPU] stage  96.4% (60377987287040/62625381549332) | 1225.8M/s | ETA 0:30:33 | best -
[b2=24 b1=22 GPU] stage  96.4% (60378792593408/62625381549332) | 677.5M/s | ETA 0:55:15 | best -
[b2=24 b1=22 GPU] stage  96.4% (60379866335232/62625381549332) | 716.2M/s | ETA 0:52:15 | best -
[b2=24 b1=22 GPU] stage  96.4% (60380671641600/62625381549332) | 514.4M/s | ETA 1:12:43 | best -
[b2=24 b1=22 GPU] stage  96.4% (60381745383424/62625381549332) | 763.9M/s | ETA 0:48:57 | best -
[b2=24 b1=22 GPU] stage  96.4% (60382550689792/62625381549332) | 511.4M/s | ETA 1:13:05 | best -
[b2=24 b1=22 GPU] stage  96.4% (60383624431616/62625381549332) | 683.6M/s | ETA 0:54:39 | best -
[b2=24 b1=22 GPU] stage  96.4% (60387919398912/62625381549332) | 2654.7M/s | ETA 0:14:02 | best -
[b2=24 b1=22 GPU] stage  96.4% (60391409059840/62625381549332) | 1917.0M/s | ETA 0:19:25 | best -
[b2=24 b1=22 GPU] stage  96.4% (60392482801664/62625381549332) | 839.1M/s | ETA 0:44:21 | best -
[b2=24 b1=22 GPU] stage  96.4% (60393288108032/62625381549332) | 677.6M/s | ETA 0:54:53 | best -
[b2=24 b1=22 GPU] stage  96.4% (60394361849856/62625381549332) | 565.7M/s | ETA 1:05:43 | best -
[b2=24 b1=22 GPU] stage  96.4% (60395167156224/62625381549332) | 449.5M/s | ETA 1:22:41 | best -
[b2=24 b1=22 GPU] stage  96.4% (60396240898048/62625381549332) | 647.8M/s | ETA 0:57:20 | best -
[b2=24 b1=22 GPU] stage  96.4% (60397046204416/62625381549332) | 495.8M/s | ETA 1:14:54 | best -
[b2=24 b1=22 GPU] stage  96.4% (60399462123520/62625381549332) | 2469.3M/s | ETA 0:15:01 | best -
[b2=24 b1=22 GPU] stage  96.5% (60404562397184/62625381549332) | 2013.8M/s | ETA 0:18:22 | best -
[b2=24 b1=22 GPU] stage  96.5% (60405367703552/62625381549332) | 948.0M/s | ETA 0:39:01 | best -
[b2=24 b1=22 GPU] stage  96.5% (60406441445376/62625381549332) | 780.0M/s | ETA 0:47:24 | best -
[b2=24 b1=22 GPU] stage  96.5% (60407246751744/62625381549332) | 539.4M/s | ETA 1:08:32 | best -
[b2=24 b1=22 GPU] stage  96.5% (60408320493568/62625381549332) | 717.0M/s | ETA 0:51:31 | best -
[b2=24 b1=22 GPU] stage  96.5% (60409125799936/62625381549332) | 501.5M/s | ETA 1:13:39 | best -
[b2=24 b1=22 GPU] stage  96.5% (60410199541760/62625381549332) | 794.0M/s | ETA 0:46:29 | best -
[b2=24 b1=22 GPU] stage  96.5% (60411273283584/62625381549332) | 1184.8M/s | ETA 0:31:08 | best -
[b2=24 b1=22 GPU] stage  96.5% (60416641992704/62625381549332) | 2683.2M/s | ETA 0:13:43 | best -
[b2=24 b1=22 GPU] stage  96.5% (60418789476352/62625381549332) | 1508.8M/s | ETA 0:24:22 | best -
[b2=24 b1=22 GPU] stage  96.5% (60419863218176/62625381549332) | 882.8M/s | ETA 0:41:38 | best -
[b2=24 b1=22 GPU] stage  96.5% (60420936960000/62625381549332) | 604.7M/s | ETA 1:00:45 | best -
[b2=24 b1=22 GPU] stage  96.5% (60421742266368/62625381549332) | 455.5M/s | ETA 1:20:37 | best -
[b2=24 b1=22 GPU] stage  96.5% (60422816008192/62625381549332) | 658.1M/s | ETA 0:55:47 | best -
[b2=24 b1=22 GPU] stage  96.5% (60423621314560/62625381549332) | 507.1M/s | ETA 1:12:22 | best -
[b2=24 b1=22 GPU] stage  96.5% (60424695056384/62625381549332) | 685.6M/s | ETA 0:53:29 | best -
[b2=24 b1=22 GPU] stage  96.5% (60428453152768/62625381549332) | 2645.4M/s | ETA 0:13:50 | best -
[b2=24 b1=22 GPU] stage  96.5% (60431942813696/62625381549332) | 1532.2M/s | ETA 0:23:51 | best -
[b2=24 b1=22 GPU] stage  96.5% (60433016555520/62625381549332) | 912.1M/s | ETA 0:40:03 | best -
[b2=24 b1=22 GPU] stage  96.5% (60433821861888/62625381549332) | 569.2M/s | ETA 1:04:10 | best -
[b2=24 b1=22 GPU] stage  96.5% (60434895603712/62625381549332) | 721.1M/s | ETA 0:50:37 | best -
[b2=24 b1=22 GPU] stage  96.5% (60435700910080/62625381549332) | 495.7M/s | ETA 1:13:37 | best -
[b2=24 b1=22 GPU] stage  96.5% (60436774651904/62625381549332) | 774.4M/s | ETA 0:47:06 | best -
[b2=24 b1=22 GPU] stage  96.5% (60437579958272/62625381549332) | 518.7M/s | ETA 1:10:17 | best -
[b2=24 b1=22 GPU] stage  96.5% (60439727441920/62625381549332) | 2426.4M/s | ETA 0:15:00 | best -
[b2=24 b1=22 GPU] stage  96.5% (60445096151040/62625381549332) | 2678.1M/s | ETA 0:13:34 | best -
[b2=24 b1=22 GPU] stage  96.5% (60450464860160/62625381549332) | 2678.9M/s | ETA 0:13:31 | best -
[b2=24 b1=22 GPU] stage  96.5% (60455833569280/62625381549332) | 2681.0M/s | ETA 0:13:29 | best -
[b2=24 b1=22 GPU] stage  96.5% (60461202278400/62625381549332) | 2682.9M/s | ETA 0:13:26 | best -
[b2=24 b1=22 GPU] stage  96.6% (60466570987520/62625381549332) | 2676.8M/s | ETA 0:13:26 | best -
[b2=24 b1=22 GPU] stage  96.6% (60471939696640/62625381549332) | 2649.0M/s | ETA 0:13:32 | best -
[b2=24 b1=22 GPU] stage  96.6% (60477308405760/62625381549332) | 2665.4M/s | ETA 0:13:25 | best -
[b2=24 b1=22 GPU] stage  96.6% (60482677114880/62625381549332) | 2671.0M/s | ETA 0:13:22 | best -
[b2=24 b1=22 GPU] stage  96.6% (60488045824000/62625381549332) | 2687.2M/s | ETA 0:13:15 | best -
[b2=24 b1=22 GPU] stage  96.6% (60493414533120/62625381549332) | 2682.9M/s | ETA 0:13:14 | best -
[b2=24 b1=22 GPU] stage  96.6% (60498783242240/62625381549332) | 2687.8M/s | ETA 0:13:11 | best -
[b2=24 b1=22 GPU] stage  96.6% (60504151951360/62625381549332) | 2683.1M/s | ETA 0:13:10 | best -
[b2=24 b1=22 GPU] stage  96.6% (60509520660480/62625381549332) | 2682.9M/s | ETA 0:13:08 | best -
[b2=24 b1=22 GPU] stage  96.6% (60514889369600/62625381549332) | 2677.2M/s | ETA 0:13:08 | best -
[b2=24 b1=22 GPU] stage  96.6% (60520258078720/62625381549332) | 2678.8M/s | ETA 0:13:05 | best -
[b2=24 b1=22 GPU] stage  96.6% (60525626787840/62625381549332) | 2672.2M/s | ETA 0:13:05 | best -
[b2=24 b1=22 GPU] stage  96.7% (60530995496960/62625381549332) | 2662.3M/s | ETA 0:13:06 | best -
[b2=24 b1=22 GPU] stage  96.7% (60536364206080/62625381549332) | 2657.5M/s | ETA 0:13:06 | best -
[b2=24 b1=22 GPU] stage  96.7% (60541732915200/62625381549332) | 2690.3M/s | ETA 0:12:54 | best -
[b2=24 b1=22 GPU] stage  96.7% (60547101624320/62625381549332) | 2683.7M/s | ETA 0:12:54 | best -
[b2=24 b1=22 GPU] stage  96.7% (60552470333440/62625381549332) | 2675.9M/s | ETA 0:12:54 | best -
[b2=24 b1=22 GPU] stage  96.7% (60557839042560/62625381549332) | 2671.6M/s | ETA 0:12:53 | best -
[b2=24 b1=22 GPU] stage  96.7% (60563207751680/62625381549332) | 2678.4M/s | ETA 0:12:49 | best -
[b2=24 b1=22 GPU] stage  96.7% (60568576460800/62625381549332) | 2668.1M/s | ETA 0:12:50 | best -
[b2=24 b1=22 GPU] stage  96.7% (60573945169920/62625381549332) | 2665.9M/s | ETA 0:12:49 | best -
[b2=24 b1=22 GPU] stage  96.7% (60579313879040/62625381549332) | 2664.9M/s | ETA 0:12:47 | best -
[b2=24 b1=22 GPU] stage  96.7% (60584682588160/62625381549332) | 2664.5M/s | ETA 0:12:45 | best -
[b2=24 b1=22 GPU] stage  96.7% (60590051297280/62625381549332) | 2642.1M/s | ETA 0:12:50 | best -
[b2=24 b1=22 GPU] stage  96.8% (60595420006400/62625381549332) | 2680.9M/s | ETA 0:12:37 | best -
[b2=24 b1=22 GPU] stage  96.8% (60600788715520/62625381549332) | 2685.2M/s | ETA 0:12:33 | best -
[b2=24 b1=22 GPU] stage  96.8% (60602399328256/62625381549332) | 1234.5M/s | ETA 0:27:18 | best -
[b2=24 b1=22 GPU] stage  96.8% (60603204634624/62625381549332) | 681.6M/s | ETA 0:49:26 | best -
[b2=24 b1=22 GPU] stage  96.8% (60604278376448/62625381549332) | 756.4M/s | ETA 0:44:32 | best -
[b2=24 b1=22 GPU] stage  96.8% (60605083682816/62625381549332) | 516.5M/s | ETA 1:05:11 | best -
[b2=24 b1=22 GPU] stage  96.8% (60606157424640/62625381549332) | 894.6M/s | ETA 0:37:37 | best -
[b2=24 b1=22 GPU] stage  96.8% (60607231166464/62625381549332) | 604.5M/s | ETA 0:55:38 | best -
[b2=24 b1=22 GPU] stage  96.8% (60608036472832/62625381549332) | 881.9M/s | ETA 0:38:07 | best -
[b2=24 b1=22 GPU] stage  96.8% (60612868311040/62625381549332) | 2667.9M/s | ETA 0:12:34 | best -
[b2=24 b1=22 GPU] stage  96.8% (60615821101056/62625381549332) | 1579.7M/s | ETA 0:21:12 | best -
[b2=24 b1=22 GPU] stage  96.8% (60616894842880/62625381549332) | 931.5M/s | ETA 0:35:56 | best -
[b2=24 b1=22 GPU] stage  96.8% (60617700149248/62625381549332) | 602.1M/s | ETA 0:55:34 | best -
[b2=24 b1=22 GPU] stage  96.8% (60618773891072/62625381549332) | 722.3M/s | ETA 0:46:17 | best -
[b2=24 b1=22 GPU] stage  96.8% (60619579197440/62625381549332) | 500.4M/s | ETA 1:06:48 | best -
[b2=24 b1=22 GPU] stage  96.8% (60620652939264/62625381549332) | 704.0M/s | ETA 0:47:27 | best -
[b2=24 b1=22 GPU] stage  96.8% (60621726681088/62625381549332) | 633.3M/s | ETA 0:52:43 | best -
[b2=24 b1=22 GPU] stage  96.8% (60624411035648/62625381549332) | 2593.4M/s | ETA 0:12:51 | best -
[b2=24 b1=22 GPU] stage  96.8% (60628974438400/62625381549332) | 1989.1M/s | ETA 0:16:43 | best -
[b2=24 b1=22 GPU] stage  96.8% (60629779744768/62625381549332) | 946.8M/s | ETA 0:35:07 | best -
[b2=24 b1=22 GPU] stage  96.8% (60630853486592/62625381549332) | 788.5M/s | ETA 0:42:09 | best -
[b2=24 b1=22 GPU] stage  96.8% (60631927228416/62625381549332) | 646.7M/s | ETA 0:51:22 | best -
[b2=24 b1=22 GPU] stage  96.8% (60632732534784/62625381549332) | 910.2M/s | ETA 0:36:29 | best -
[b2=24 b1=22 GPU] stage  96.8% (60633806276608/62625381549332) | 631.5M/s | ETA 0:52:33 | best -
[b2=24 b1=22 GPU] stage  96.8% (60634611582976/62625381549332) | 889.3M/s | ETA 0:37:18 | best -
[b2=24 b1=22 GPU] stage  96.8% (60635953760256/62625381549332) | 1654.2M/s | ETA 0:20:02 | best -
[b2=24 b1=22 GPU] stage  96.8% (60641322469376/62625381549332) | 2682.2M/s | ETA 0:12:19 | best -
[b2=24 b1=22 GPU] stage  96.8% (60643469953024/62625381549332) | 1192.8M/s | ETA 0:27:41 | best -
[b2=24 b1=22 GPU] stage  96.8% (60644275259392/62625381549332) | 675.4M/s | ETA 0:48:53 | best -
[b2=24 b1=22 GPU] stage  96.8% (60645349001216/62625381549332) | 773.4M/s | ETA 0:42:40 | best -
[b2=24 b1=22 GPU] stage  96.8% (60646154307584/62625381549332) | 520.5M/s | ETA 1:03:22 | best -
[b2=24 b1=22 GPU] stage  96.8% (60647228049408/62625381549332) | 708.9M/s | ETA 0:46:30 | best -
[b2=24 b1=22 GPU] stage  96.8% (60648301791232/62625381549332) | 662.7M/s | ETA 0:49:43 | best -
[b2=24 b1=22 GPU] stage  96.8% (60649107097600/62625381549332) | 747.0M/s | ETA 0:44:05 | best -
[b2=24 b1=22 GPU] stage  96.9% (60653402064896/62625381549332) | 2674.3M/s | ETA 0:12:17 | best -
[b2=24 b1=22 GPU] stage  96.9% (60656354854912/62625381549332) | 1482.3M/s | ETA 0:22:08 | best -
[b2=24 b1=22 GPU] stage  96.9% (60657428596736/62625381549332) | 931.3M/s | ETA 0:35:13 | best -
[b2=24 b1=22 GPU] stage  96.9% (60658502338560/62625381549332) | 697.7M/s | ETA 0:46:59 | best -
[b2=24 b1=22 GPU] stage  96.9% (60659307644928/62625381549332) | 867.5M/s | ETA 0:37:46 | best -
[b2=24 b1=22 GPU] stage  96.9% (60660381386752/62625381549332) | 630.0M/s | ETA 0:51:58 | best -
[b2=24 b1=22 GPU] stage  96.9% (60661186693120/62625381549332) | 883.5M/s | ETA 0:37:03 | best -
[b2=24 b1=22 GPU] stage  96.9% (60662260434944/62625381549332) | 569.2M/s | ETA 0:57:28 | best -
[b2=24 b1=22 GPU] stage  96.9% (60665481660416/62625381549332) | 2639.4M/s | ETA 0:12:22 | best -
[b2=24 b1=22 GPU] stage  96.9% (60670045063168/62625381549332) | 1995.8M/s | ETA 0:16:19 | best -
[b2=24 b1=22 GPU] stage  96.9% (60670850369536/62625381549332) | 958.0M/s | ETA 0:34:00 | best -
[b2=24 b1=22 GPU] stage  96.9% (60671924111360/62625381549332) | 831.9M/s | ETA 0:39:08 | best -
[b2=24 b1=22 GPU] stage  96.9% (60672729417728/62625381549332) | 539.5M/s | ETA 1:00:19 | best -
[b2=24 b1=22 GPU] stage  96.9% (60673803159552/62625381549332) | 713.5M/s | ETA 0:45:35 | best -
[b2=24 b1=22 GPU] stage  96.9% (60674608465920/62625381549332) | 507.5M/s | ETA 1:04:03 | best -
[b2=24 b1=22 GPU] stage  96.9% (60675682207744/62625381549332) | 694.1M/s | ETA 0:46:49 | best -
[b2=24 b1=22 GPU] stage  96.9% (60676755949568/62625381549332) | 1154.6M/s | ETA 0:28:07 | best -
[b2=24 b1=22 GPU] stage  96.9% (60682124658688/62625381549332) | 2691.2M/s | ETA 0:12:02 | best -
[b2=24 b1=22 GPU] stage  96.9% (60684003706880/62625381549332) | 1221.7M/s | ETA 0:26:29 | best -
[b2=24 b1=22 GPU] stage  96.9% (60684809013248/62625381549332) | 674.5M/s | ETA 0:47:56 | best -
[b2=24 b1=22 GPU] stage  96.9% (60685882755072/62625381549332) | 760.2M/s | ETA 0:42:31 | best -
[b2=24 b1=22 GPU] stage  96.9% (60686956496896/62625381549332) | 635.9M/s | ETA 0:50:48 | best -
[b2=24 b1=22 GPU] stage  96.9% (60687761803264/62625381549332) | 895.7M/s | ETA 0:36:03 | best -
[b2=24 b1=22 GPU] stage  96.9% (60688835545088/62625381549332) | 573.0M/s | ETA 0:56:19 | best -
[b2=24 b1=22 GPU] stage  96.9% (60689640851456/62625381549332) | 877.7M/s | ETA 0:36:45 | best -
[b2=24 b1=22 GPU] stage  96.9% (60694472689664/62625381549332) | 2678.6M/s | ETA 0:12:00 | best -
[b2=24 b1=22 GPU] stage  96.9% (60697425479680/62625381549332) | 1574.7M/s | ETA 0:20:24 | best -
[b2=24 b1=22 GPU] stage  96.9% (60698499221504/62625381549332) | 945.2M/s | ETA 0:33:58 | best -
[b2=24 b1=22 GPU] stage  96.9% (60699304527872/62625381549332) | 576.7M/s | ETA 0:55:40 | best -
[b2=24 b1=22 GPU] stage  96.9% (60700378269696/62625381549332) | 727.8M/s | ETA 0:44:04 | best -
[b2=24 b1=22 GPU] stage  96.9% (60701183576064/62625381549332) | 509.2M/s | ETA 1:02:58 | best -
[b2=24 b1=22 GPU] stage  96.9% (60702257317888/62625381549332) | 651.7M/s | ETA 0:49:10 | best -
[b2=24 b1=22 GPU] stage  96.9% (60703062624256/62625381549332) | 480.2M/s | ETA 1:06:43 | best -
[b2=24 b1=22 GPU] stage  96.9% (60705210107904/62625381549332) | 2417.1M/s | ETA 0:13:14 | best -
[b2=24 b1=22 GPU] stage  96.9% (60710578817024/62625381549332) | 1974.6M/s | ETA 0:16:09 | best -
[b2=24 b1=22 GPU] stage  96.9% (60711384123392/62625381549332) | 946.3M/s | ETA 0:33:42 | best -
[b2=24 b1=22 GPU] stage  96.9% (60712457865216/62625381549332) | 790.3M/s | ETA 0:40:20 | best -
[b2=24 b1=22 GPU] stage  96.9% (60713263171584/62625381549332) | 523.3M/s | ETA 1:00:53 | best -
[b2=24 b1=22 GPU] stage  96.9% (60714336913408/62625381549332) | 911.9M/s | ETA 0:34:55 | best -
[b2=24 b1=22 GPU] stage  97.0% (60715410655232/62625381549332) | 589.9M/s | ETA 0:53:57 | best -
[b2=24 b1=22 GPU] stage  97.0% (60716215961600/62625381549332) | 884.5M/s | ETA 0:35:58 | best -
[b2=24 b1=22 GPU] stage  97.0% (60717826574336/62625381549332) | 1977.8M/s | ETA 0:16:04 | best -
[b2=24 b1=22 GPU] stage  97.0% (60723195283456/62625381549332) | 2681.3M/s | ETA 0:11:49 | best -
[b2=24 b1=22 GPU] stage  97.0% (60725074331648/62625381549332) | 1221.2M/s | ETA 0:25:56 | best -
[b2=24 b1=22 GPU] stage  97.0% (60725879638016/62625381549332) | 671.8M/s | ETA 0:47:07 | best -
[b2=24 b1=22 GPU] stage  97.0% (60726953379840/62625381549332) | 716.3M/s | ETA 0:44:10 | best -
[b2=24 b1=22 GPU] stage  97.0% (60728027121664/62625381549332) | 671.5M/s | ETA 0:47:05 | best -
[b2=24 b1=22 GPU] stage  97.0% (60728832428032/62625381549332) | 634.9M/s | ETA 0:49:47 | best -
[b2=24 b1=22 GPU] stage  97.0% (60729906169856/62625381549332) | 636.4M/s | ETA 0:49:38 | best -
[b2=24 b1=22 GPU] stage  97.0% (60730711476224/62625381549332) | 771.7M/s | ETA 0:40:55 | best -
[b2=24 b1=22 GPU] stage  97.0% (60735274878976/62625381549332) | 2660.3M/s | ETA 0:11:50 | best -
[b2=24 b1=22 GPU] stage  97.0% (60737959233536/62625381549332) | 1510.0M/s | ETA 0:20:49 | best -
[b2=24 b1=22 GPU] stage  97.0% (60739032975360/62625381549332) | 820.6M/s | ETA 0:38:18 | best -
[b2=24 b1=22 GPU] stage  97.0% (60740106717184/62625381549332) | 692.3M/s | ETA 0:45:23 | best -
[b2=24 b1=22 GPU] stage  97.0% (60740912023552/62625381549332) | 875.6M/s | ETA 0:35:52 | best -
[b2=24 b1=22 GPU] stage  97.0% (60741985765376/62625381549332) | 574.9M/s | ETA 0:54:36 | best -
[b2=24 b1=22 GPU] stage  97.0% (60742791071744/62625381549332) | 879.2M/s | ETA 0:35:41 | best -
[b2=24 b1=22 GPU] stage  97.0% (60743864813568/62625381549332) | 588.3M/s | ETA 0:53:17 | best -
[b2=24 b1=22 GPU] stage  97.0% (60747086039040/62625381549332) | 2621.6M/s | ETA 0:11:56 | best -
[b2=24 b1=22 GPU] stage  97.0% (60752454748160/62625381549332) | 2685.2M/s | ETA 0:11:37 | best -
[b2=24 b1=22 GPU] stage  97.0% (60757823457280/62625381549332) | 2683.2M/s | ETA 0:11:36 | best -
[b2=24 b1=22 GPU] stage  97.0% (60763192166400/62625381549332) | 2659.5M/s | ETA 0:11:40 | best -
[b2=24 b1=22 GPU] stage  97.0% (60768560875520/62625381549332) | 2657.2M/s | ETA 0:11:38 | best -
[b2=24 b1=22 GPU] stage  97.0% (60773929584640/62625381549332) | 2681.9M/s | ETA 0:11:30 | best -
[b2=24 b1=22 GPU] stage  97.1% (60779298293760/62625381549332) | 2687.3M/s | ETA 0:11:26 | best -
[b2=24 b1=22 GPU] stage  97.1% (60784667002880/62625381549332) | 2683.5M/s | ETA 0:11:25 | best -
[b2=24 b1=22 GPU] stage  97.1% (60790035712000/62625381549332) | 2683.0M/s | ETA 0:11:24 | best -
[b2=24 b1=22 GPU] stage  97.1% (60795404421120/62625381549332) | 2690.1M/s | ETA 0:11:20 | best -
[b2=24 b1=22 GPU] stage  97.1% (60800773130240/62625381549332) | 2661.5M/s | ETA 0:11:25 | best -
[b2=24 b1=22 GPU] stage  97.1% (60806141839360/62625381549332) | 2683.3M/s | ETA 0:11:17 | best -
[b2=24 b1=22 GPU] stage  97.1% (60811510548480/62625381549332) | 2686.4M/s | ETA 0:11:15 | best -
[b2=24 b1=22 GPU] stage  97.1% (60816879257600/62625381549332) | 2682.9M/s | ETA 0:11:14 | best -
[b2=24 b1=22 GPU] stage  97.1% (60822247966720/62625381549332) | 2690.1M/s | ETA 0:11:10 | best -
[b2=24 b1=22 GPU] stage  97.1% (60827616675840/62625381549332) | 2683.1M/s | ETA 0:11:10 | best -
[b2=24 b1=22 GPU] stage  97.1% (60832985384960/62625381549332) | 2687.1M/s | ETA 0:11:07 | best -
[b2=24 b1=22 GPU] stage  97.1% (60838354094080/62625381549332) | 2689.1M/s | ETA 0:11:04 | best -
[b2=24 b1=22 GPU] stage  97.2% (60843722803200/62625381549332) | 2683.0M/s | ETA 0:11:04 | best -
[b2=24 b1=22 GPU] stage  97.2% (60849091512320/62625381549332) | 2688.4M/s | ETA 0:11:00 | best -
[b2=24 b1=22 GPU] stage  97.2% (60854460221440/62625381549332) | 2683.0M/s | ETA 0:11:00 | best -
[b2=24 b1=22 GPU] stage  97.2% (60859828930560/62625381549332) | 2635.8M/s | ETA 0:11:09 | best -
[b2=24 b1=22 GPU] stage  97.2% (60865197639680/62625381549332) | 2661.4M/s | ETA 0:11:01 | best -
[b2=24 b1=22 GPU] stage  97.2% (60870566348800/62625381549332) | 2655.0M/s | ETA 0:11:00 | best -
[b2=24 b1=22 GPU] stage  97.2% (60875935057920/62625381549332) | 2683.1M/s | ETA 0:10:52 | best -
[b2=24 b1=22 GPU] stage  97.2% (60881303767040/62625381549332) | 2689.0M/s | ETA 0:10:48 | best -
[b2=24 b1=22 GPU] stage  97.2% (60886672476160/62625381549332) | 2684.8M/s | ETA 0:10:47 | best -
[b2=24 b1=22 GPU] stage  97.2% (60892041185280/62625381549332) | 2683.0M/s | ETA 0:10:46 | best -
[b2=24 b1=22 GPU] stage  97.2% (60894725539840/62625381549332) | 1520.5M/s | ETA 0:18:58 | best -
[b2=24 b1=22 GPU] stage  97.2% (60895799281664/62625381549332) | 771.8M/s | ETA 0:37:21 | best -
[b2=24 b1=22 GPU] stage  97.2% (60896873023488/62625381549332) | 606.9M/s | ETA 0:47:28 | best -
[b2=24 b1=22 GPU] stage  97.2% (60897678329856/62625381549332) | 523.8M/s | ETA 0:54:58 | best -
[b2=24 b1=22 GPU] stage  97.2% (60898752071680/62625381549332) | 527.5M/s | ETA 0:54:33 | best -
[b2=24 b1=22 GPU] stage  97.2% (60899557378048/62625381549332) | 449.4M/s | ETA 1:04:00 | best -
[b2=24 b1=22 GPU] stage  97.2% (60900631119872/62625381549332) | 660.0M/s | ETA 0:43:33 | best -
[b2=24 b1=22 GPU] stage  97.3% (60904657651712/62625381549332) | 2647.0M/s | ETA 0:10:50 | best -
[b2=24 b1=22 GPU] stage  97.3% (60907878877184/62625381549332) | 1580.0M/s | ETA 0:18:06 | best -
[b2=24 b1=22 GPU] stage  97.3% (60908952619008/62625381549332) | 858.0M/s | ETA 0:33:20 | best -
[b2=24 b1=22 GPU] stage  97.3% (60909757925376/62625381549332) | 557.2M/s | ETA 0:51:18 | best -
[b2=24 b1=22 GPU] stage  97.3% (60910831667200/62625381549332) | 696.3M/s | ETA 0:41:02 | best -
[b2=24 b1=22 GPU] stage  97.3% (60911636973568/62625381549332) | 495.9M/s | ETA 0:57:35 | best -
[b2=24 b1=22 GPU] stage  97.3% (60912710715392/62625381549332) | 686.9M/s | ETA 0:41:33 | best -
[b2=24 b1=22 GPU] stage  97.3% (60913516021760/62625381549332) | 490.8M/s | ETA 0:58:07 | best -
[b2=24 b1=22 GPU] stage  97.3% (60915663505408/62625381549332) | 2364.8M/s | ETA 0:12:02 | best -
[b2=24 b1=22 GPU] stage  97.3% (60921032214528/62625381549332) | 2688.8M/s | ETA 0:10:33 | best -
[b2=24 b1=22 GPU] stage  97.3% (60922374391808/62625381549332) | 1109.6M/s | ETA 0:25:34 | best -
[b2=24 b1=22 GPU] stage  97.3% (60923448133632/62625381549332) | 681.7M/s | ETA 0:41:36 | best -
[b2=24 b1=22 GPU] stage  97.3% (60924253440000/62625381549332) | 567.1M/s | ETA 0:49:59 | best -
[b2=24 b1=22 GPU] stage  97.3% (60925327181824/62625381549332) | 528.9M/s | ETA 0:53:34 | best -
[b2=24 b1=22 GPU] stage  97.3% (60926132488192/62625381549332) | 453.7M/s | ETA 1:02:25 | best -
[b2=24 b1=22 GPU] stage  97.3% (60927206230016/62625381549332) | 658.9M/s | ETA 0:42:57 | best -
[b2=24 b1=22 GPU] stage  97.3% (60928011536384/62625381549332) | 487.5M/s | ETA 0:58:01 | best -
[b2=24 b1=22 GPU] stage  97.3% (60933380245504/62625381549332) | 2672.9M/s | ETA 0:10:33 | best -
[b2=24 b1=22 GPU] stage  97.3% (60935527729152/62625381549332) | 1200.4M/s | ETA 0:23:27 | best -
[b2=24 b1=22 GPU] stage  97.3% (60936333035520/62625381549332) | 679.4M/s | ETA 0:41:26 | best -
[b2=24 b1=22 GPU] stage  97.3% (60937406777344/62625381549332) | 728.1M/s | ETA 0:38:38 | best -
[b2=24 b1=22 GPU] stage  97.3% (60938212083712/62625381549332) | 499.1M/s | ETA 0:56:20 | best -
[b2=24 b1=22 GPU] stage  97.3% (60939285825536/62625381549332) | 718.4M/s | ETA 0:39:06 | best -
[b2=24 b1=22 GPU] stage  97.3% (60940091131904/62625381549332) | 507.7M/s | ETA 0:55:19 | best -
[b2=24 b1=22 GPU] stage  97.3% (60941164873728/62625381549332) | 628.1M/s | ETA 0:44:41 | best -
[b2=24 b1=22 GPU] stage  97.3% (60945728276480/62625381549332) | 2678.2M/s | ETA 0:10:27 | best -
[b2=24 b1=22 GPU] stage  97.3% (60948949501952/62625381549332) | 1703.5M/s | ETA 0:16:24 | best -
[b2=24 b1=22 GPU] stage  97.3% (60950023243776/62625381549332) | 799.0M/s | ETA 0:34:56 | best -
[b2=24 b1=22 GPU] stage  97.3% (60950828550144/62625381549332) | 617.9M/s | ETA 0:45:10 | best -
[b2=24 b1=22 GPU] stage  97.3% (60951902291968/62625381549332) | 573.4M/s | ETA 0:48:38 | best -
[b2=24 b1=22 GPU] stage  97.3% (60952707598336/62625381549332) | 454.1M/s | ETA 1:01:23 | best -
[b2=24 b1=22 GPU] stage  97.3% (60953781340160/62625381549332) | 636.8M/s | ETA 0:43:44 | best -
[b2=24 b1=22 GPU] stage  97.3% (60954586646528/62625381549332) | 482.8M/s | ETA 0:57:40 | best -
[b2=24 b1=22 GPU] stage  97.3% (60957002565632/62625381549332) | 2454.1M/s | ETA 0:11:19 | best -
[b2=24 b1=22 GPU] stage  97.3% (60962102839296/62625381549332) | 2003.6M/s | ETA 0:13:50 | best -
[b2=24 b1=22 GPU] stage  97.3% (60962908145664/62625381549332) | 944.7M/s | ETA 0:29:19 | best -
[b2=24 b1=22 GPU] stage  97.3% (60963981887488/62625381549332) | 781.5M/s | ETA 0:35:25 | best -
[b2=24 b1=22 GPU] stage  97.3% (60964787193856/62625381549332) | 528.6M/s | ETA 0:52:21 | best -
[b2=24 b1=22 GPU] stage  97.4% (60965860935680/62625381549332) | 806.5M/s | ETA 0:34:17 | best -
[b2=24 b1=22 GPU] stage  97.4% (60966666242048/62625381549332) | 524.1M/s | ETA 0:52:45 | best -
[b2=24 b1=22 GPU] stage  97.4% (60967739983872/62625381549332) | 573.8M/s | ETA 0:48:08 | best -
[b2=24 b1=22 GPU] stage  97.4% (60968813725696/62625381549332) | 1134.4M/s | ETA 0:24:20 | best -
[b2=24 b1=22 GPU] stage  97.4% (60974182434816/62625381549332) | 2681.6M/s | ETA 0:10:15 | best -
[b2=24 b1=22 GPU] stage  97.4% (60976598353920/62625381549332) | 1193.5M/s | ETA 0:23:01 | best -
[b2=24 b1=22 GPU] stage  97.4% (60977403660288/62625381549332) | 769.2M/s | ETA 0:35:42 | best -
[b2=24 b1=22 GPU] stage  97.4% (60978477402112/62625381549332) | 622.6M/s | ETA 0:44:05 | best -
[b2=24 b1=22 GPU] stage  97.4% (60979282708480/62625381549332) | 488.5M/s | ETA 0:56:09 | best -
[b2=24 b1=22 GPU] stage  97.4% (60980356450304/62625381549332) | 654.9M/s | ETA 0:41:51 | best -
[b2=24 b1=22 GPU] stage  97.4% (60981161756672/62625381549332) | 491.7M/s | ETA 0:55:44 | best -
[b2=24 b1=22 GPU] stage  97.4% (60982235498496/62625381549332) | 723.5M/s | ETA 0:37:50 | best -
[b2=24 b1=22 GPU] stage  97.4% (60986262030336/62625381549332) | 2646.5M/s | ETA 0:10:19 | best -
[b2=24 b1=22 GPU] stage  97.4% (60989483255808/62625381549332) | 1538.1M/s | ETA 0:17:43 | best -
[b2=24 b1=22 GPU] stage  97.4% (60990556997632/62625381549332) | 922.2M/s | ETA 0:29:32 | best -
[b2=24 b1=22 GPU] stage  97.4% (60991362304000/62625381549332) | 582.7M/s | ETA 0:46:44 | best -
[b2=24 b1=22 GPU] stage  97.4% (60992436045824/62625381549332) | 790.2M/s | ETA 0:34:26 | best -
[b2=24 b1=22 GPU] stage  97.4% (60993241352192/62625381549332) | 520.9M/s | ETA 0:52:13 | best -
[b2=24 b1=22 GPU] stage  97.4% (60994315094016/62625381549332) | 662.0M/s | ETA 0:41:03 | best -
[b2=24 b1=22 GPU] stage  97.4% (60995388835840/62625381549332) | 564.8M/s | ETA 0:48:06 | best -
[b2=24 b1=22 GPU] stage  97.4% (60998341625856/62625381549332) | 2603.9M/s | ETA 0:10:24 | best -
[b2=24 b1=22 GPU] stage  97.4% (61003173464064/62625381549332) | 2009.0M/s | ETA 0:13:27 | best -
[b2=24 b1=22 GPU] stage  97.4% (61003978770432/62625381549332) | 1101.5M/s | ETA 0:24:32 | best -
[b2=24 b1=22 GPU] stage  97.4% (61005052512256/62625381549332) | 669.6M/s | ETA 0:40:19 | best -
[b2=24 b1=22 GPU] stage  97.4% (61005857818624/62625381549332) | 492.5M/s | ETA 0:54:48 | best -
[b2=24 b1=22 GPU] stage  97.4% (61006931560448/62625381549332) | 672.7M/s | ETA 0:40:05 | best -
[b2=24 b1=22 GPU] stage  97.4% (61007736866816/62625381549332) | 504.3M/s | ETA 0:53:27 | best -
[b2=24 b1=22 GPU] stage  97.4% (61008810608640/62625381549332) | 717.7M/s | ETA 0:37:32 | best -
[b2=24 b1=22 GPU] stage  97.4% (61009615915008/62625381549332) | 498.8M/s | ETA 0:53:59 | best -
[b2=24 b1=22 GPU] stage  97.4% (61014984624128/62625381549332) | 2641.1M/s | ETA 0:10:09 | best -
[b2=24 b1=22 GPU] stage  97.4% (61017132107776/62625381549332) | 1185.2M/s | ETA 0:22:37 | best -
[b2=24 b1=22 GPU] stage  97.4% (61017937414144/62625381549332) | 684.5M/s | ETA 0:39:08 | best -
[b2=24 b1=22 GPU] stage  97.4% (61019011155968/62625381549332) | 784.0M/s | ETA 0:34:08 | best -
[b2=24 b1=22 GPU] stage  97.4% (61019816462336/62625381549332) | 522.2M/s | ETA 0:51:14 | best -
[b2=24 b1=22 GPU] stage  97.4% (61020890204160/62625381549332) | 706.2M/s | ETA 0:37:51 | best -
[b2=24 b1=22 GPU] stage  97.4% (61021963945984/62625381549332) | 555.0M/s | ETA 0:48:08 | best -
[b2=24 b1=22 GPU] stage  97.4% (61022769252352/62625381549332) | 875.7M/s | ETA 0:30:30 | best -
[b2=24 b1=22 GPU] stage  97.4% (61027332655104/62625381549332) | 2677.0M/s | ETA 0:09:56 | best -
[b2=24 b1=22 GPU] stage  97.5% (61030553880576/62625381549332) | 1721.8M/s | ETA 0:15:26 | best -
[b2=24 b1=22 GPU] stage  97.5% (61031627622400/62625381549332) | 836.0M/s | ETA 0:31:46 | best -
[b2=24 b1=22 GPU] stage  97.5% (61032432928768/62625381549332) | 555.5M/s | ETA 0:47:47 | best -
[b2=24 b1=22 GPU] stage  97.5% (61033506670592/62625381549332) | 679.1M/s | ETA 0:39:04 | best -
[b2=24 b1=22 GPU] stage  97.5% (61034311976960/62625381549332) | 496.0M/s | ETA 0:53:27 | best -
[b2=24 b1=22 GPU] stage  97.5% (61035385718784/62625381549332) | 697.4M/s | ETA 0:37:59 | best -
[b2=24 b1=22 GPU] stage  97.5% (61036191025152/62625381549332) | 504.3M/s | ETA 0:52:31 | best -
[b2=24 b1=22 GPU] stage  97.5% (61038606944256/62625381549332) | 2487.9M/s | ETA 0:10:37 | best -
[b2=24 b1=22 GPU] stage  97.5% (61043975653376/62625381549332) | 2681.1M/s | ETA 0:09:49 | best -
[b2=24 b1=22 GPU] stage  97.5% (61049344362496/62625381549332) | 2676.6M/s | ETA 0:09:48 | best -
[b2=24 b1=22 GPU] stage  97.5% (61054713071616/62625381549332) | 2682.6M/s | ETA 0:09:45 | best -
[b2=24 b1=22 GPU] stage  97.5% (61060081780736/62625381549332) | 2663.8M/s | ETA 0:09:47 | best -
[b2=24 b1=22 GPU] stage  97.5% (61065450489856/62625381549332) | 2656.7M/s | ETA 0:09:47 | best -
[b2=24 b1=22 GPU] stage  97.5% (61070819198976/62625381549332) | 2681.7M/s | ETA 0:09:39 | best -
[b2=24 b1=22 GPU] stage  97.5% (61076187908096/62625381549332) | 2669.0M/s | ETA 0:09:40 | best -
[b2=24 b1=22 GPU] stage  97.5% (61081556617216/62625381549332) | 2680.2M/s | ETA 0:09:36 | best -
[b2=24 b1=22 GPU] stage  97.5% (61086925326336/62625381549332) | 2688.8M/s | ETA 0:09:32 | best -
[b2=24 b1=22 GPU] stage  97.6% (61092294035456/62625381549332) | 2679.7M/s | ETA 0:09:32 | best -
[b2=24 b1=22 GPU] stage  97.6% (61097662744576/62625381549332) | 2658.8M/s | ETA 0:09:34 | best -
[b2=24 b1=22 GPU] stage  97.6% (61103031453696/62625381549332) | 2676.3M/s | ETA 0:09:28 | best -
[b2=24 b1=22 GPU] stage  97.6% (61108400162816/62625381549332) | 2680.4M/s | ETA 0:09:25 | best -
[b2=24 b1=22 GPU] stage  97.6% (61113768871936/62625381549332) | 2683.0M/s | ETA 0:09:23 | best -
[b2=24 b1=22 GPU] stage  97.6% (61119137581056/62625381549332) | 2682.5M/s | ETA 0:09:21 | best -
[b2=24 b1=22 GPU] stage  97.6% (61124506290176/62625381549332) | 2617.4M/s | ETA 0:09:33 | best -
[b2=24 b1=22 GPU] stage  97.6% (61129874999296/62625381549332) | 2607.2M/s | ETA 0:09:33 | best -
[b2=24 b1=22 GPU] stage  97.6% (61135243708416/62625381549332) | 2661.1M/s | ETA 0:09:19 | best -
[b2=24 b1=22 GPU] stage  97.6% (61140612417536/62625381549332) | 2639.8M/s | ETA 0:09:22 | best -
[b2=24 b1=22 GPU] stage  97.6% (61145981126656/62625381549332) | 2641.0M/s | ETA 0:09:20 | best -
[b2=24 b1=22 GPU] stage  97.6% (61151349835776/62625381549332) | 2670.2M/s | ETA 0:09:12 | best -
[b2=24 b1=22 GPU] stage  97.7% (61156718544896/62625381549332) | 2643.7M/s | ETA 0:09:15 | best -
[b2=24 b1=22 GPU] stage  97.7% (61162087254016/62625381549332) | 2644.0M/s | ETA 0:09:13 | best -
[b2=24 b1=22 GPU] stage  97.7% (61167455963136/62625381549332) | 2662.2M/s | ETA 0:09:07 | best -
[b2=24 b1=22 GPU] stage  97.7% (61172824672256/62625381549332) | 2644.0M/s | ETA 0:09:09 | best -
[b2=24 b1=22 GPU] stage  97.7% (61178193381376/62625381549332) | 2645.3M/s | ETA 0:09:07 | best -
[b2=24 b1=22 GPU] stage  97.7% (61183562090496/62625381549332) | 2660.3M/s | ETA 0:09:01 | best -
[b2=24 b1=22 GPU] stage  97.7% (61188930799616/62625381549332) | 2644.1M/s | ETA 0:09:03 | best -
[b2=24 b1=22 GPU] stage  97.7% (61194299508736/62625381549332) | 2646.4M/s | ETA 0:09:00 | best -
[b2=24 b1=22 GPU] stage  97.7% (61199668217856/62625381549332) | 2662.9M/s | ETA 0:08:55 | best -
[b2=24 b1=22 GPU] stage  97.7% (61205036926976/62625381549332) | 2643.1M/s | ETA 0:08:57 | best -
[b2=24 b1=22 GPU] stage  97.7% (61210405636096/62625381549332) | 2641.9M/s | ETA 0:08:55 | best -
[b2=24 b1=22 GPU] stage  97.7% (61215774345216/62625381549332) | 2671.2M/s | ETA 0:08:47 | best -
[b2=24 b1=22 GPU] stage  97.8% (61221143054336/62625381549332) | 2639.0M/s | ETA 0:08:52 | best -
[b2=24 b1=22 GPU] stage  97.8% (61226511763456/62625381549332) | 2643.6M/s | ETA 0:08:49 | best -
[b2=24 b1=22 GPU] stage  97.8% (61231880472576/62625381549332) | 2665.2M/s | ETA 0:08:42 | best -
[b2=24 b1=22 GPU] stage  97.8% (61237249181696/62625381549332) | 2643.5M/s | ETA 0:08:45 | best -
[b2=24 b1=22 GPU] stage  97.8% (61242617890816/62625381549332) | 2645.0M/s | ETA 0:08:42 | best -
[b2=24 b1=22 GPU] stage  97.8% (61247986599936/62625381549332) | 2664.5M/s | ETA 0:08:36 | best -
[b2=24 b1=22 GPU] stage  97.8% (61253355309056/62625381549332) | 2642.1M/s | ETA 0:08:39 | best -
[b2=24 b1=22 GPU] stage  97.8% (61258724018176/62625381549332) | 2644.9M/s | ETA 0:08:36 | best -
[b2=24 b1=22 GPU] stage  97.8% (61264092727296/62625381549332) | 2650.1M/s | ETA 0:08:33 | best -
[b2=24 b1=22 GPU] stage  97.8% (61269461436416/62625381549332) | 2646.2M/s | ETA 0:08:32 | best -
[b2=24 b1=22 GPU] stage  97.8% (61274830145536/62625381549332) | 2644.8M/s | ETA 0:08:30 | best -
[b2=24 b1=22 GPU] stage  97.9% (61280198854656/62625381549332) | 2658.8M/s | ETA 0:08:25 | best -
[b2=24 b1=22 GPU] stage  97.9% (61285567563776/62625381549332) | 2656.1M/s | ETA 0:08:24 | best -
[b2=24 b1=22 GPU] stage  97.9% (61290936272896/62625381549332) | 2642.9M/s | ETA 0:08:24 | best -
[b2=24 b1=22 GPU] stage  97.9% (61296304982016/62625381549332) | 2653.2M/s | ETA 0:08:20 | best -
[b2=24 b1=22 GPU] stage  97.9% (61301673691136/62625381549332) | 2649.2M/s | ETA 0:08:19 | best -
[b2=24 b1=22 GPU] stage  97.9% (61307042400256/62625381549332) | 2642.7M/s | ETA 0:08:18 | best -
[b2=24 b1=22 GPU] stage  97.9% (61312411109376/62625381549332) | 2647.5M/s | ETA 0:08:15 | best -
[b2=24 b1=22 GPU] stage  97.9% (61317779818496/62625381549332) | 2669.9M/s | ETA 0:08:09 | best -
[b2=24 b1=22 GPU] stage  97.9% (61323148527616/62625381549332) | 2642.9M/s | ETA 0:08:12 | best -
[b2=24 b1=22 GPU] stage  97.9% (61328517236736/62625381549332) | 2646.5M/s | ETA 0:08:10 | best -
[b2=24 b1=22 GPU] stage  97.9% (61333885945856/62625381549332) | 2664.1M/s | ETA 0:08:04 | best -
[b2=24 b1=22 GPU] stage  97.9% (61339254654976/62625381549332) | 2641.8M/s | ETA 0:08:06 | best -
[b2=24 b1=22 GPU] stage  98.0% (61344623364096/62625381549332) | 2643.6M/s | ETA 0:08:04 | best -
[b2=24 b1=22 GPU] stage  98.0% (61349992073216/62625381549332) | 2658.9M/s | ETA 0:07:59 | best -
[b2=24 b1=22 GPU] stage  98.0% (61355360782336/62625381549332) | 2643.1M/s | ETA 0:08:00 | best -
[b2=24 b1=22 GPU] stage  98.0% (61360729491456/62625381549332) | 2647.8M/s | ETA 0:07:57 | best -
[b2=24 b1=22 GPU] stage  98.0% (61366098200576/62625381549332) | 2662.2M/s | ETA 0:07:53 | best -
[b2=24 b1=22 GPU] stage  98.0% (61371466909696/62625381549332) | 2642.9M/s | ETA 0:07:54 | best -
[b2=24 b1=22 GPU] stage  98.0% (61376835618816/62625381549332) | 2644.5M/s | ETA 0:07:52 | best -
[b2=24 b1=22 GPU] stage  98.0% (61382204327936/62625381549332) | 2655.7M/s | ETA 0:07:48 | best -
[b2=24 b1=22 GPU] stage  98.0% (61387573037056/62625381549332) | 2643.9M/s | ETA 0:07:48 | best -
[b2=24 b1=22 GPU] stage  98.0% (61392941746176/62625381549332) | 2645.2M/s | ETA 0:07:45 | best -
[b2=24 b1=22 GPU] stage  98.0% (61398310455296/62625381549332) | 2662.3M/s | ETA 0:07:40 | best -
[b2=24 b1=22 GPU] stage  98.0% (61403679164416/62625381549332) | 2644.6M/s | ETA 0:07:41 | best -
[b2=24 b1=22 GPU] stage  98.1% (61409047873536/62625381549332) | 2640.2M/s | ETA 0:07:40 | best -
[b2=24 b1=22 GPU] stage  98.1% (61414416582656/62625381549332) | 2665.1M/s | ETA 0:07:34 | best -
[b2=24 b1=22 GPU] stage  98.1% (61419785291776/62625381549332) | 2643.6M/s | ETA 0:07:36 | best -
[b2=24 b1=22 GPU] stage  98.1% (61425154000896/62625381549332) | 2644.9M/s | ETA 0:07:33 | best -
[b2=24 b1=22 GPU] stage  98.1% (61430522710016/62625381549332) | 2672.8M/s | ETA 0:07:27 | best -
[b2=24 b1=22 GPU] stage  98.1% (61435891419136/62625381549332) | 2643.0M/s | ETA 0:07:30 | best -
[b2=24 b1=22 GPU] stage  98.1% (61441260128256/62625381549332) | 2643.0M/s | ETA 0:07:28 | best -
[b2=24 b1=22 GPU] stage  98.1% (61446628837376/62625381549332) | 2658.7M/s | ETA 0:07:23 | best -
[b2=24 b1=22 GPU] stage  98.1% (61451997546496/62625381549332) | 2643.0M/s | ETA 0:07:23 | best -
[b2=24 b1=22 GPU] stage  98.1% (61457366255616/62625381549332) | 2643.5M/s | ETA 0:07:21 | best -
[b2=24 b1=22 GPU] stage  98.1% (61462734964736/62625381549332) | 2651.5M/s | ETA 0:07:18 | best -
[b2=24 b1=22 GPU] stage  98.2% (61468103673856/62625381549332) | 2647.0M/s | ETA 0:07:17 | best -
[b2=24 b1=22 GPU] stage  98.2% (61473472382976/62625381549332) | 2644.7M/s | ETA 0:07:15 | best -
[b2=24 b1=22 GPU] stage  98.2% (61478841092096/62625381549332) | 2649.7M/s | ETA 0:07:12 | best -
[b2=24 b1=22 GPU] stage  98.2% (61484209801216/62625381549332) | 2658.6M/s | ETA 0:07:09 | best -
[b2=24 b1=22 GPU] stage  98.2% (61489578510336/62625381549332) | 2642.9M/s | ETA 0:07:09 | best -
[b2=24 b1=22 GPU] stage  98.2% (61494947219456/62625381549332) | 2649.4M/s | ETA 0:07:06 | best -
[b2=24 b1=22 GPU] stage  98.2% (61500315928576/62625381549332) | 2666.9M/s | ETA 0:07:01 | best -
[b2=24 b1=22 GPU] stage  98.2% (61505684637696/62625381549332) | 2639.9M/s | ETA 0:07:04 | best -
[b2=24 b1=22 GPU] stage  98.2% (61511053346816/62625381549332) | 2645.9M/s | ETA 0:07:01 | best -
[b2=24 b1=22 GPU] stage  98.2% (61516422055936/62625381549332) | 2668.1M/s | ETA 0:06:55 | best -
[b2=24 b1=22 GPU] stage  98.2% (61521790765056/62625381549332) | 2643.8M/s | ETA 0:06:57 | best -
[b2=24 b1=22 GPU] stage  98.2% (61527159474176/62625381549332) | 2640.9M/s | ETA 0:06:55 | best -
[b2=24 b1=22 GPU] stage  98.3% (61532528183296/62625381549332) | 2673.0M/s | ETA 0:06:48 | best -
[b2=24 b1=22 GPU] stage  98.3% (61537896892416/62625381549332) | 2644.7M/s | ETA 0:06:51 | best -
[b2=24 b1=22 GPU] stage  98.3% (61543265601536/62625381549332) | 2643.5M/s | ETA 0:06:49 | best -
[b2=24 b1=22 GPU] stage  98.3% (61548634310656/62625381549332) | 2675.7M/s | ETA 0:06:42 | best -
[b2=24 b1=22 GPU] stage  98.3% (61554003019776/62625381549332) | 2644.4M/s | ETA 0:06:45 | best -
[b2=24 b1=22 GPU] stage  98.3% (61559371728896/62625381549332) | 2645.9M/s | ETA 0:06:42 | best -
[b2=24 b1=22 GPU] stage  98.3% (61564740438016/62625381549332) | 2662.8M/s | ETA 0:06:38 | best -
[b2=24 b1=22 GPU] stage  98.3% (61570109147136/62625381549332) | 2644.4M/s | ETA 0:06:39 | best -
[b2=24 b1=22 GPU] stage  98.3% (61575477856256/62625381549332) | 2645.1M/s | ETA 0:06:36 | best -
[b2=24 b1=22 GPU] stage  98.3% (61580846565376/62625381549332) | 2670.9M/s | ETA 0:06:31 | best -
[b2=24 b1=22 GPU] stage  98.3% (61586215274496/62625381549332) | 2642.8M/s | ETA 0:06:33 | best -
[b2=24 b1=22 GPU] stage  98.3% (61591583983616/62625381549332) | 2644.1M/s | ETA 0:06:30 | best -
[b2=24 b1=22 GPU] stage  98.4% (61596952692736/62625381549332) | 2660.0M/s | ETA 0:06:26 | best -
[b2=24 b1=22 GPU] stage  98.4% (61602321401856/62625381549332) | 2643.0M/s | ETA 0:06:27 | best -
[b2=24 b1=22 GPU] stage  98.4% (61607690110976/62625381549332) | 2643.8M/s | ETA 0:06:24 | best -
[b2=24 b1=22 GPU] stage  98.4% (61613058820096/62625381549332) | 2670.4M/s | ETA 0:06:19 | best -
[b2=24 b1=22 GPU] stage  98.4% (61618427529216/62625381549332) | 2640.8M/s | ETA 0:06:21 | best -
[b2=24 b1=22 GPU] stage  98.4% (61623796238336/62625381549332) | 2640.6M/s | ETA 0:06:19 | best -
[b2=24 b1=22 GPU] stage  98.4% (61629164947456/62625381549332) | 2657.7M/s | ETA 0:06:14 | best -
[b2=24 b1=22 GPU] stage  98.4% (61634533656576/62625381549332) | 2645.7M/s | ETA 0:06:14 | best -
[b2=24 b1=22 GPU] stage  98.4% (61639902365696/62625381549332) | 2643.6M/s | ETA 0:06:12 | best -
[b2=24 b1=22 GPU] stage  98.4% (61645271074816/62625381549332) | 2652.0M/s | ETA 0:06:09 | best -
[b2=24 b1=22 GPU] stage  98.4% (61650639783936/62625381549332) | 2656.9M/s | ETA 0:06:06 | best -
[b2=24 b1=22 GPU] stage  98.5% (61656008493056/62625381549332) | 2641.9M/s | ETA 0:06:06 | best -
[b2=24 b1=22 GPU] stage  98.5% (61661377202176/62625381549332) | 2649.7M/s | ETA 0:06:03 | best -
[b2=24 b1=22 GPU] stage  98.5% (61666745911296/62625381549332) | 2664.1M/s | ETA 0:05:59 | best -
[b2=24 b1=22 GPU] stage  98.5% (61672114620416/62625381549332) | 2643.5M/s | ETA 0:06:00 | best -
[b2=24 b1=22 GPU] stage  98.5% (61677483329536/62625381549332) | 2651.5M/s | ETA 0:05:57 | best -
[b2=24 b1=22 GPU] stage  98.5% (61682852038656/62625381549332) | 2656.1M/s | ETA 0:05:54 | best -
[b2=24 b1=22 GPU] stage  98.5% (61688220747776/62625381549332) | 2644.0M/s | ETA 0:05:54 | best -
[b2=24 b1=22 GPU] stage  98.5% (61693589456896/62625381549332) | 2648.8M/s | ETA 0:05:51 | best -
[b2=24 b1=22 GPU] stage  98.5% (61698958166016/62625381549332) | 2676.4M/s | ETA 0:05:46 | best -
[b2=24 b1=22 GPU] stage  98.5% (61704326875136/62625381549332) | 2644.3M/s | ETA 0:05:48 | best -
[b2=24 b1=22 GPU] stage  98.5% (61709695584256/62625381549332) | 2647.5M/s | ETA 0:05:45 | best -
[b2=24 b1=22 GPU] stage  98.5% (61715064293376/62625381549332) | 2674.3M/s | ETA 0:05:40 | best -
[b2=24 b1=22 GPU] stage  98.6% (61720433002496/62625381549332) | 2644.2M/s | ETA 0:05:42 | best -
[b2=24 b1=22 GPU] stage  98.6% (61725801711616/62625381549332) | 2641.3M/s | ETA 0:05:40 | best -
[b2=24 b1=22 GPU] stage  98.6% (61731170420736/62625381549332) | 2660.3M/s | ETA 0:05:36 | best -
[b2=24 b1=22 GPU] stage  98.6% (61736539129856/62625381549332) | 2644.1M/s | ETA 0:05:36 | best -
[b2=24 b1=22 GPU] stage  98.6% (61741907838976/62625381549332) | 2646.1M/s | ETA 0:05:33 | best -
[b2=24 b1=22 GPU] stage  98.6% (61747276548096/62625381549332) | 2679.0M/s | ETA 0:05:27 | best -
[b2=24 b1=22 GPU] stage  98.6% (61752645257216/62625381549332) | 2643.5M/s | ETA 0:05:30 | best -
[b2=24 b1=22 GPU] stage  98.6% (61758013966336/62625381549332) | 2644.6M/s | ETA 0:05:27 | best -
[b2=24 b1=22 GPU] stage  98.6% (61763382675456/62625381549332) | 2671.3M/s | ETA 0:05:22 | best -
[b2=24 b1=22 GPU] stage  98.6% (61768751384576/62625381549332) | 2641.4M/s | ETA 0:05:24 | best -
[b2=24 b1=22 GPU] stage  98.6% (61774120093696/62625381549332) | 2643.2M/s | ETA 0:05:22 | best -
[b2=24 b1=22 GPU] stage  98.6% (61779488802816/62625381549332) | 2667.6M/s | ETA 0:05:17 | best -
[b2=24 b1=22 GPU] stage  98.7% (61784857511936/62625381549332) | 2640.9M/s | ETA 0:05:18 | best -
[b2=24 b1=22 GPU] stage  98.7% (61790226221056/62625381549332) | 2642.2M/s | ETA 0:05:16 | best -
[b2=24 b1=22 GPU] stage  98.7% (61795594930176/62625381549332) | 2665.4M/s | ETA 0:05:11 | best -
[b2=24 b1=22 GPU] stage  98.7% (61800963639296/62625381549332) | 2637.7M/s | ETA 0:05:12 | best -
[b2=24 b1=22 GPU] stage  98.7% (61806332348416/62625381549332) | 2642.2M/s | ETA 0:05:09 | best -
[b2=24 b1=22 GPU] stage  98.7% (61811701057536/62625381549332) | 2659.4M/s | ETA 0:05:05 | best -
[b2=24 b1=22 GPU] stage  98.7% (61817069766656/62625381549332) | 2637.3M/s | ETA 0:05:06 | best -
[b2=24 b1=22 GPU] stage  98.7% (61822438475776/62625381549332) | 2645.5M/s | ETA 0:05:03 | best -
[b2=24 b1=22 GPU] stage  98.7% (61827807184896/62625381549332) | 2647.6M/s | ETA 0:05:01 | best -
[b2=24 b1=22 GPU] stage  98.7% (61833175894016/62625381549332) | 2655.5M/s | ETA 0:04:58 | best -
[b2=24 b1=22 GPU] stage  98.7% (61838544603136/62625381549332) | 2647.4M/s | ETA 0:04:57 | best -
[b2=24 b1=22 GPU] stage  98.8% (61843913312256/62625381549332) | 2650.7M/s | ETA 0:04:54 | best -
[b2=24 b1=22 GPU] stage  98.8% (61849282021376/62625381549332) | 2636.8M/s | ETA 0:04:54 | best -
[b2=24 b1=22 GPU] stage  98.8% (61854650730496/62625381549332) | 2642.5M/s | ETA 0:04:51 | best -
[b2=24 b1=22 GPU] stage  98.8% (61860019439616/62625381549332) | 2640.8M/s | ETA 0:04:49 | best -
[b2=24 b1=22 GPU] stage  98.8% (61865388148736/62625381549332) | 2669.7M/s | ETA 0:04:44 | best -
[b2=24 b1=22 GPU] stage  98.8% (61870756857856/62625381549332) | 2613.2M/s | ETA 0:04:48 | best -
[b2=24 b1=22 GPU] stage  98.8% (61876125566976/62625381549332) | 2644.0M/s | ETA 0:04:43 | best -
[b2=24 b1=22 GPU] stage  98.8% (61881494276096/62625381549332) | 2659.9M/s | ETA 0:04:39 | best -
[b2=24 b1=22 GPU] stage  98.8% (61886862985216/62625381549332) | 2645.0M/s | ETA 0:04:39 | best -
[b2=24 b1=22 GPU] stage  98.8% (61892231694336/62625381549332) | 2619.5M/s | ETA 0:04:39 | best -
[b2=24 b1=22 GPU] stage  98.8% (61897600403456/62625381549332) | 2656.9M/s | ETA 0:04:33 | best -
[b2=24 b1=22 GPU] stage  98.8% (61902969112576/62625381549332) | 2643.8M/s | ETA 0:04:33 | best -
[b2=24 b1=22 GPU] stage  98.9% (61908337821696/62625381549332) | 2606.5M/s | ETA 0:04:35 | best -
[b2=24 b1=22 GPU] stage  98.9% (61913706530816/62625381549332) | 2668.9M/s | ETA 0:04:26 | best -
[b2=24 b1=22 GPU] stage  98.9% (61919075239936/62625381549332) | 2642.5M/s | ETA 0:04:27 | best -
[b2=24 b1=22 GPU] stage  98.9% (61924443949056/62625381549332) | 2641.8M/s | ETA 0:04:25 | best -
[b2=24 b1=22 GPU] stage  98.9% (61929812658176/62625381549332) | 2672.0M/s | ETA 0:04:20 | best -
[b2=24 b1=22 GPU] stage  98.9% (61935181367296/62625381549332) | 2640.4M/s | ETA 0:04:21 | best -
[b2=24 b1=22 GPU] stage  98.9% (61940550076416/62625381549332) | 2641.1M/s | ETA 0:04:19 | best -
[b2=24 b1=22 GPU] stage  98.9% (61945918785536/62625381549332) | 2665.1M/s | ETA 0:04:14 | best -
[b2=24 b1=22 GPU] stage  98.9% (61951287494656/62625381549332) | 2614.2M/s | ETA 0:04:17 | best -
[b2=24 b1=22 GPU] stage  98.9% (61956656203776/62625381549332) | 2640.1M/s | ETA 0:04:13 | best -
[b2=24 b1=22 GPU] stage  98.9% (61962024912896/62625381549332) | 2655.9M/s | ETA 0:04:09 | best -
[b2=24 b1=22 GPU] stage  98.9% (61967393622016/62625381549332) | 2633.5M/s | ETA 0:04:09 | best -
[b2=24 b1=22 GPU] stage  99.0% (61972762331136/62625381549332) | 2644.6M/s | ETA 0:04:06 | best -
[b2=24 b1=22 GPU] stage  99.0% (61978131040256/62625381549332) | 2655.5M/s | ETA 0:04:03 | best -
[b2=24 b1=22 GPU] stage  99.0% (61983499749376/62625381549332) | 2651.7M/s | ETA 0:04:02 | best -
[b2=24 b1=22 GPU] stage  99.0% (61988868458496/62625381549332) | 2610.4M/s | ETA 0:04:03 | best -
[b2=24 b1=22 GPU] stage  99.0% (61994237167616/62625381549332) | 2659.5M/s | ETA 0:03:57 | best -
[b2=24 b1=22 GPU] stage  99.0% (61999605876736/62625381549332) | 2658.7M/s | ETA 0:03:55 | best -
[b2=24 b1=22 GPU] stage  99.0% (62004974585856/62625381549332) | 2645.3M/s | ETA 0:03:54 | best -
[b2=24 b1=22 GPU] stage  99.0% (62010343294976/62625381549332) | 2650.5M/s | ETA 0:03:52 | best -
[b2=24 b1=22 GPU] stage  99.0% (62015712004096/62625381549332) | 2654.0M/s | ETA 0:03:49 | best -
[b2=24 b1=22 GPU] stage  99.0% (62021080713216/62625381549332) | 2642.2M/s | ETA 0:03:48 | best -
[b2=24 b1=22 GPU] stage  99.0% (62026449422336/62625381549332) | 2647.7M/s | ETA 0:03:46 | best -
[b2=24 b1=22 GPU] stage  99.1% (62031818131456/62625381549332) | 2658.4M/s | ETA 0:03:43 | best -
[b2=24 b1=22 GPU] stage  99.1% (62037186840576/62625381549332) | 2642.3M/s | ETA 0:03:42 | best -
[b2=24 b1=22 GPU] stage  99.1% (62042555549696/62625381549332) | 2647.4M/s | ETA 0:03:40 | best -
[b2=24 b1=22 GPU] stage  99.1% (62047924258816/62625381549332) | 2665.3M/s | ETA 0:03:36 | best -
[b2=24 b1=22 GPU] stage  99.1% (62053292967936/62625381549332) | 2643.2M/s | ETA 0:03:36 | best -
[b2=24 b1=22 GPU] stage  99.1% (62058661677056/62625381549332) | 2645.2M/s | ETA 0:03:34 | best -
[b2=24 b1=22 GPU] stage  99.1% (62064030386176/62625381549332) | 2662.0M/s | ETA 0:03:30 | best -
[b2=24 b1=22 GPU] stage  99.1% (62069399095296/62625381549332) | 2641.6M/s | ETA 0:03:30 | best -
[b2=24 b1=22 GPU] stage  99.1% (62074767804416/62625381549332) | 2639.2M/s | ETA 0:03:28 | best -
[b2=24 b1=22 GPU] stage  99.1% (62080136513536/62625381549332) | 2660.2M/s | ETA 0:03:24 | best -
[b2=24 b1=22 GPU] stage  99.1% (62085505222656/62625381549332) | 2635.8M/s | ETA 0:03:24 | best -
[b2=24 b1=22 GPU] stage  99.1% (62090873931776/62625381549332) | 2642.7M/s | ETA 0:03:22 | best -
[b2=24 b1=22 GPU] stage  99.2% (62096242640896/62625381549332) | 2661.8M/s | ETA 0:03:18 | best -
[b2=24 b1=22 GPU] stage  99.2% (62101611350016/62625381549332) | 2638.0M/s | ETA 0:03:18 | best -
[b2=24 b1=22 GPU] stage  99.2% (62106980059136/62625381549332) | 2603.3M/s | ETA 0:03:19 | best -
[b2=24 b1=22 GPU] stage  99.2% (62112348768256/62625381549332) | 2665.3M/s | ETA 0:03:12 | best -
[b2=24 b1=22 GPU] stage  99.2% (62117717477376/62625381549332) | 2639.3M/s | ETA 0:03:12 | best -
[b2=24 b1=22 GPU] stage  99.2% (62123086186496/62625381549332) | 2634.8M/s | ETA 0:03:10 | best -
[b2=24 b1=22 GPU] stage  99.2% (62128454895616/62625381549332) | 2664.8M/s | ETA 0:03:06 | best -
[b2=24 b1=22 GPU] stage  99.2% (62133823604736/62625381549332) | 2636.0M/s | ETA 0:03:06 | best -
[b2=24 b1=22 GPU] stage  99.2% (62139192313856/62625381549332) | 2641.1M/s | ETA 0:03:04 | best -
[b2=24 b1=22 GPU] stage  99.2% (62144561022976/62625381549332) | 2658.8M/s | ETA 0:03:00 | best -
[b2=24 b1=22 GPU] stage  99.2% (62149929732096/62625381549332) | 2647.2M/s | ETA 0:02:59 | best -
[b2=24 b1=22 GPU] stage  99.2% (62155298441216/62625381549332) | 2641.9M/s | ETA 0:02:57 | best -
[b2=24 b1=22 GPU] stage  99.3% (62160667150336/62625381549332) | 2654.6M/s | ETA 0:02:55 | best -
[b2=24 b1=22 GPU] stage  99.3% (62166035859456/62625381549332) | 2646.3M/s | ETA 0:02:53 | best -
[b2=24 b1=22 GPU] stage  99.3% (62171404568576/62625381549332) | 2643.2M/s | ETA 0:02:51 | best -
[b2=24 b1=22 GPU] stage  99.3% (62176773277696/62625381549332) | 2652.3M/s | ETA 0:02:49 | best -
[b2=24 b1=22 GPU] stage  99.3% (62182141986816/62625381549332) | 2664.0M/s | ETA 0:02:46 | best -
[b2=24 b1=22 GPU] stage  99.3% (62187510695936/62625381549332) | 2643.4M/s | ETA 0:02:45 | best -
[b2=24 b1=22 GPU] stage  99.3% (62192879405056/62625381549332) | 2648.0M/s | ETA 0:02:43 | best -
[b2=24 b1=22 GPU] stage  99.3% (62198248114176/62625381549332) | 2667.0M/s | ETA 0:02:40 | best -
[b2=24 b1=22 GPU] stage  99.3% (62203616823296/62625381549332) | 2641.5M/s | ETA 0:02:39 | best -
[b2=24 b1=22 GPU] stage  99.3% (62208985532416/62625381549332) | 2647.3M/s | ETA 0:02:37 | best -
[b2=24 b1=22 GPU] stage  99.3% (62214354241536/62625381549332) | 2671.1M/s | ETA 0:02:33 | best -
[b2=24 b1=22 GPU] stage  99.4% (62219722950656/62625381549332) | 2641.8M/s | ETA 0:02:33 | best -
[b2=24 b1=22 GPU] stage  99.4% (62225091659776/62625381549332) | 2645.1M/s | ETA 0:02:31 | best -
[b2=24 b1=22 GPU] stage  99.4% (62230460368896/62625381549332) | 2669.9M/s | ETA 0:02:27 | best -
[b2=24 b1=22 GPU] stage  99.4% (62235829078016/62625381549332) | 2642.5M/s | ETA 0:02:27 | best -
[b2=24 b1=22 GPU] stage  99.4% (62241197787136/62625381549332) | 2647.8M/s | ETA 0:02:25 | best -
[b2=24 b1=22 GPU] stage  99.4% (62246566496256/62625381549332) | 2662.3M/s | ETA 0:02:22 | best -
[b2=24 b1=22 GPU] stage  99.4% (62251935205376/62625381549332) | 2639.4M/s | ETA 0:02:21 | best -
[b2=24 b1=22 GPU] stage  99.4% (62257303914496/62625381549332) | 2644.4M/s | ETA 0:02:19 | best -
[b2=24 b1=22 GPU] stage  99.4% (62262672623616/62625381549332) | 2668.4M/s | ETA 0:02:15 | best -
[b2=24 b1=22 GPU] stage  99.4% (62268041332736/62625381549332) | 2636.5M/s | ETA 0:02:15 | best -
[b2=24 b1=22 GPU] stage  99.4% (62273410041856/62625381549332) | 2639.2M/s | ETA 0:02:13 | best -
[b2=24 b1=22 GPU] stage  99.4% (62278778750976/62625381549332) | 2665.5M/s | ETA 0:02:10 | best -
[b2=24 b1=22 GPU] stage  99.5% (62284147460096/62625381549332) | 2632.8M/s | ETA 0:02:09 | best -
[b2=24 b1=22 GPU] stage  99.5% (62289516169216/62625381549332) | 2624.2M/s | ETA 0:02:07 | best -
[b2=24 b1=22 GPU] stage  99.5% (62294884878336/62625381549332) | 2666.3M/s | ETA 0:02:03 | best -
[b2=24 b1=22 GPU] stage  99.5% (62300253587456/62625381549332) | 2640.9M/s | ETA 0:02:03 | best -
[b2=24 b1=22 GPU] stage  99.5% (62305622296576/62625381549332) | 2640.5M/s | ETA 0:02:01 | best -
[b2=24 b1=22 GPU] stage  99.5% (62310991005696/62625381549332) | 2660.5M/s | ETA 0:01:58 | best -
[b2=24 b1=22 GPU] stage  99.5% (62316359714816/62625381549332) | 2642.3M/s | ETA 0:01:56 | best -
[b2=24 b1=22 GPU] stage  99.5% (62321728423936/62625381549332) | 2642.6M/s | ETA 0:01:54 | best -
[b2=24 b1=22 GPU] stage  99.5% (62327097133056/62625381549332) | 2659.4M/s | ETA 0:01:52 | best -
[b2=24 b1=22 GPU] stage  99.5% (62332465842176/62625381549332) | 2651.1M/s | ETA 0:01:50 | best -
[b2=24 b1=22 GPU] stage  99.5% (62337834551296/62625381549332) | 2643.9M/s | ETA 0:01:48 | best -
[b2=24 b1=22 GPU] stage  99.5% (62343203260416/62625381549332) | 2653.2M/s | ETA 0:01:46 | best -
[b2=24 b1=22 GPU] stage  99.6% (62348571969536/62625381549332) | 2657.3M/s | ETA 0:01:44 | best -
[b2=24 b1=22 GPU] stage  99.6% (62353940678656/62625381549332) | 2636.7M/s | ETA 0:01:42 | best -
[b2=24 b1=22 GPU] stage  99.6% (62359309387776/62625381549332) | 2647.7M/s | ETA 0:01:40 | best -
[b2=24 b1=22 GPU] stage  99.6% (62364678096896/62625381549332) | 2663.6M/s | ETA 0:01:37 | best -
[b2=24 b1=22 GPU] stage  99.6% (62370046806016/62625381549332) | 2643.2M/s | ETA 0:01:36 | best -
[b2=24 b1=22 GPU] stage  99.6% (62375415515136/62625381549332) | 2641.1M/s | ETA 0:01:34 | best -
[b2=24 b1=22 GPU] stage  99.6% (62380784224256/62625381549332) | 2658.4M/s | ETA 0:01:32 | best -
[b2=24 b1=22 GPU] stage  99.6% (62386152933376/62625381549332) | 2637.2M/s | ETA 0:01:30 | best -
[b2=24 b1=22 GPU] stage  99.6% (62391521642496/62625381549332) | 2646.4M/s | ETA 0:01:28 | best -
[b2=24 b1=22 GPU] stage  99.6% (62396890351616/62625381549332) | 2670.5M/s | ETA 0:01:25 | best -
[b2=24 b1=22 GPU] stage  99.6% (62402259060736/62625381549332) | 2643.7M/s | ETA 0:01:24 | best -
[b2=24 b1=22 GPU] stage  99.7% (62407627769856/62625381549332) | 2644.7M/s | ETA 0:01:22 | best -
[b2=24 b1=22 GPU] stage  99.7% (62412996478976/62625381549332) | 2655.0M/s | ETA 0:01:19 | best -
[b2=24 b1=22 GPU] stage  99.7% (62418365188096/62625381549332) | 2639.6M/s | ETA 0:01:18 | best -
[b2=24 b1=22 GPU] stage  99.7% (62423733897216/62625381549332) | 2640.4M/s | ETA 0:01:16 | best -
[b2=24 b1=22 GPU] stage  99.7% (62429102606336/62625381549332) | 2663.9M/s | ETA 0:01:13 | best -
[b2=24 b1=22 GPU] stage  99.7% (62434471315456/62625381549332) | 2640.6M/s | ETA 0:01:12 | best -
[b2=24 b1=22 GPU] stage  99.7% (62439840024576/62625381549332) | 2640.1M/s | ETA 0:01:10 | best -
[b2=24 b1=22 GPU] stage  99.7% (62445208733696/62625381549332) | 2668.2M/s | ETA 0:01:07 | best -
[b2=24 b1=22 GPU] stage  99.7% (62450577442816/62625381549332) | 2640.0M/s | ETA 0:01:06 | best -
[b2=24 b1=22 GPU] stage  99.7% (62455946151936/62625381549332) | 2641.3M/s | ETA 0:01:04 | best -
[b2=24 b1=22 GPU] stage  99.7% (62461314861056/62625381549332) | 2657.8M/s | ETA 0:01:01 | best -
[b2=24 b1=22 GPU] stage  99.7% (62466683570176/62625381549332) | 2643.5M/s | ETA 0:01:00 | best -
[b2=24 b1=22 GPU] stage  99.8% (62472052279296/62625381549332) | 2645.3M/s | ETA 0:00:57 | best -
[b2=24 b1=22 GPU] stage  99.8% (62477420988416/62625381549332) | 2664.6M/s | ETA 0:00:55 | best -
[b2=24 b1=22 GPU] stage  99.8% (62482789697536/62625381549332) | 2641.0M/s | ETA 0:00:53 | best -
[b2=24 b1=22 GPU] stage  99.8% (62488158406656/62625381549332) | 2642.8M/s | ETA 0:00:51 | best -
[b2=24 b1=22 GPU] stage  99.8% (62493527115776/62625381549332) | 2658.9M/s | ETA 0:00:49 | best -
[b2=24 b1=22 GPU] stage  99.8% (62498895824896/62625381549332) | 2644.8M/s | ETA 0:00:47 | best -
[b2=24 b1=22 GPU] stage  99.8% (62504264534016/62625381549332) | 2643.7M/s | ETA 0:00:45 | best -
[b2=24 b1=22 GPU] stage  99.8% (62509633243136/62625381549332) | 2653.1M/s | ETA 0:00:43 | best -
[b2=24 b1=22 GPU] stage  99.8% (62515001952256/62625381549332) | 2652.4M/s | ETA 0:00:41 | best -
[b2=24 b1=22 GPU] stage  99.8% (62520370661376/62625381549332) | 2643.0M/s | ETA 0:00:39 | best -
[b2=24 b1=22 GPU] stage  99.8% (62525739370496/62625381549332) | 2649.2M/s | ETA 0:00:37 | best -
[b2=24 b1=22 GPU] stage  99.8% (62531108079616/62625381549332) | 2659.3M/s | ETA 0:00:35 | best -
[b2=24 b1=22 GPU] stage  99.9% (62536476788736/62625381549332) | 2650.1M/s | ETA 0:00:33 | best -
[b2=24 b1=22 GPU] stage  99.9% (62541845497856/62625381549332) | 2644.6M/s | ETA 0:00:31 | best -
[b2=24 b1=22 GPU] stage  99.9% (62547214206976/62625381549332) | 2671.0M/s | ETA 0:00:29 | best -
[b2=24 b1=22 GPU] stage  99.9% (62552582916096/62625381549332) | 2642.3M/s | ETA 0:00:27 | best -
[b2=24 b1=22 GPU] stage  99.9% (62557951625216/62625381549332) | 2640.4M/s | ETA 0:00:25 | best -
[b2=24 b1=22 GPU] stage  99.9% (62563320334336/62625381549332) | 2665.7M/s | ETA 0:00:23 | best -
[b2=24 b1=22 GPU] stage  99.9% (62568689043456/62625381549332) | 2639.1M/s | ETA 0:00:21 | best -
[b2=24 b1=22 GPU] stage  99.9% (62574057752576/62625381549332) | 2646.8M/s | ETA 0:00:19 | best -
[b2=24 b1=22 GPU] stage  99.9% (62579426461696/62625381549332) | 2660.7M/s | ETA 0:00:17 | best -
[b2=24 b1=22 GPU] stage  99.9% (62584795170816/62625381549332) | 2633.4M/s | ETA 0:00:15 | best -
[b2=24 b1=22 GPU] stage  99.9% (62590163879936/62625381549332) | 2642.9M/s | ETA 0:00:13 | best -
[b2=24 b1=22 GPU] stage 100.0% (62595532589056/62625381549332) | 2665.3M/s | ETA 0:00:11 | best -
[b2=24 b1=22 GPU] stage 100.0% (62600901298176/62625381549332) | 2638.3M/s | ETA 0:00:09 | best -
[b2=24 b1=22 GPU] stage 100.0% (62606270007296/62625381549332) | 2638.9M/s | ETA 0:00:07 | best -
[b2=24 b1=22 GPU] stage 100.0% (62611638716416/62625381549332) | 2663.6M/s | ETA 0:00:05 | best -
[b2=24 b1=22 GPU] stage 100.0% (62617007425536/62625381549332) | 2643.4M/s | ETA 0:00:03 | best -
[b2=24 b1=22 GPU] stage 100.0% (62622376134656/62625381549332) | 2643.0M/s | ETA 0:00:01 | best -
reached -E 25: stopping before stage b2=25
done: 1987.80s, 3136184057108 yh swept
no doubly 36-digit palindrome found below 2113046293514209073597593535452543071019314708480
