A171740 GPU search: n=38, device=Apple M4 Max, build threads=14, limit=none
stage b2=25 vs b1={23}: values [5293955920339377119177015629247762262821197509765625, 5567468501746134532846058029734065138452687762629169) (GPU MITM)
  MITM b1=23: s=13 t=6 j=6 je=8 Q=148035889 table=244140625 yh=3079477899261538
  table built in 2.0s (14 threads)
[b2=25 b1=23 GPU] stage   0.0% (268435456/3079477899261538) | 1201.2M/s | ETA 712:06:23 | best -
[b2=25 b1=23 GPU] stage   0.0% (2952790016/3079477899261538) | 1248.2M/s | ETA 685:20:23 | best -
[b2=25 b1=23 GPU] stage   0.0% (5637144576/3079477899261538) | 1252.8M/s | ETA 682:47:05 | best -
[b2=25 b1=23 GPU] stage   0.0% (8321499136/3079477899261538) | 1263.7M/s | ETA 676:54:14 | best -
[b2=25 b1=23 GPU] stage   0.0% (11005853696/3079477899261538) | 1244.4M/s | ETA 687:24:39 | best -
[b2=25 b1=23 GPU] stage   0.0% (13690208256/3079477899261538) | 1260.8M/s | ETA 678:26:56 | best -
[b2=25 b1=23 GPU] stage   0.0% (16374562816/3079477899261538) | 1252.7M/s | ETA 682:49:48 | best -
[b2=25 b1=23 GPU] stage   0.0% (19058917376/3079477899261538) | 1253.9M/s | ETA 682:11:44 | best -
[b2=25 b1=23 GPU] stage   0.0% (21743271936/3079477899261538) | 1243.3M/s | ETA 687:59:57 | best -
[b2=25 b1=23 GPU] stage   0.0% (24427626496/3079477899261538) | 1241.1M/s | ETA 689:12:30 | best -
[b2=25 b1=23 GPU] stage   0.0% (27111981056/3079477899261538) | 1252.2M/s | ETA 683:05:56 | best -
[b2=25 b1=23 GPU] stage   0.0% (29796335616/3079477899261538) | 1238.8M/s | ETA 690:30:18 | best -
[b2=25 b1=23 GPU] stage   0.0% (32480690176/3079477899261538) | 1250.9M/s | ETA 683:51:09 | best -
[b2=25 b1=23 GPU] stage   0.0% (35165044736/3079477899261538) | 1248.4M/s | ETA 685:10:48 | best -
[b2=25 b1=23 GPU] stage   0.0% (37849399296/3079477899261538) | 1254.3M/s | ETA 681:57:42 | best -
[b2=25 b1=23 GPU] stage   0.0% (40533753856/3079477899261538) | 1222.1M/s | ETA 699:55:13 | best -
[b2=25 b1=23 GPU] stage   0.0% (43218108416/3079477899261538) | 1256.4M/s | ETA 680:50:27 | best -
[b2=25 b1=23 GPU] stage   0.0% (45902462976/3079477899261538) | 1254.5M/s | ETA 681:52:51 | best -
[b2=25 b1=23 GPU] stage   0.0% (48586817536/3079477899261538) | 1256.6M/s | ETA 680:43:48 | best -
[b2=25 b1=23 GPU] stage   0.0% (51271172096/3079477899261538) | 1254.8M/s | ETA 681:42:28 | best -
